2025-08-13 11:08:32,797 - INFO - 
================= Seed: 1254 =================

2025-08-13 11:08:32,797 - INFO - problem name = alfred

types = [ReceptacleType, ObjectType, Checkable, Agent - Checkable, Location - Checkable, Receptacle - Checkable, Obj - Checkable]

fluents = [
  bool atLocation[a=Agent - Checkable, l=Location - Checkable]
  bool receptacleAtLocation[r=Receptacle - Checkable, l=Location - Checkable]
  bool objectAtLocation[o=Obj - Checkable, l=Location - Checkable]
  bool openable[r=Receptacle - Checkable]
  bool opened[r=Receptacle - Checkable]
  bool inReceptacle[o=Obj - Checkable, r=Receptacle - Checkable]
  bool isReceptacleObject[o=Obj - Checkable]
  bool inReceptacleObject[innerObject=Obj - Checkable, outObject=Obj - Checkable]
  bool isReceptacleObjectFull[o=Obj - Checkable]
  bool wasInReceptacle[o=Obj - Checkable, r=Receptacle - Checkable]
  bool checked[c=Checkable]
  bool examined[l=Location - Checkable]
  bool receptacleType[r=Receptacle - Checkable, rt=ReceptacleType]
  bool canContain[rt=ReceptacleType, ot=ObjectType]
  bool objectType[o=Obj - Checkable, t=ObjectType]
  bool holds[a=Agent - Checkable, o=Obj - Checkable]
  bool holdsAny[a=Agent - Checkable]
  bool holdsAnyReceptacleObject[a=Agent - Checkable]
  bool full[r=Receptacle - Checkable]
  bool isClean[o=Obj - Checkable]
  bool cleanable[o=Obj - Checkable]
  bool isHot[o=Obj - Checkable]
  bool heatable[o=Obj - Checkable]
  bool isCool[o=Obj - Checkable]
  bool coolable[o=Obj - Checkable]
  bool pickupable[o=Obj - Checkable]
  bool moveable[o=Obj - Checkable]
  bool toggleable[o=Obj - Checkable]
  bool isOn[o=Obj - Checkable]
  bool isToggled[o=Obj - Checkable]
  bool sliceable[o=Obj - Checkable]
  bool isSliced[o=Obj - Checkable]
]

actions = [
  action look(Agent - Checkable a, Location - Checkable l) {
    preconditions = [
      atLocation(a, l)
    ]
    effects = [
      checked(l) := true
    ]
  }
  action inventory(Agent - Checkable a) {
    preconditions = [
    ]
    effects = [
      checked(a) := true
    ]
  }
  action examineReceptacle(Agent - Checkable a, Receptacle - Checkable r) {
    preconditions = [
      Exists (Location - Checkable l) (atLocation(a, l) and receptacleAtLocation(r, l))
    ]
    effects = [
      checked(r) := true
    ]
  }
  action examineObject(Agent - Checkable a, Obj - Checkable o) {
    preconditions = [
      (Exists (Location - Checkable l) Exists (Receptacle - Checkable r) (atLocation(a, l) and receptacleAtLocation(r, l) and inReceptacle(o, r) and ((not openable(r)) or opened(r))) or holds(a, o))
    ]
    effects = [
      checked(o) := true
    ]
  }
  action goToLocation(Agent - Checkable a, Location - Checkable lstart, Location - Checkable lend) {
    preconditions = [
      atLocation(a, lstart)
    ]
    effects = [
      atLocation(a, lstart) := false
      atLocation(a, lend) := true
    ]
  }
  action openObject(Agent - Checkable a, Location - Checkable l, Receptacle - Checkable r) {
    preconditions = [
      (openable(r) and atLocation(a, l) and receptacleAtLocation(r, l) and (not opened(r)))
    ]
    effects = [
      opened(r) := true
      checked(r) := true
    ]
  }
  action closeObject(Agent - Checkable a, Location - Checkable l, Receptacle - Checkable r) {
    preconditions = [
      (openable(r) and atLocation(a, l) and receptacleAtLocation(r, l) and opened(r))
    ]
    effects = [
      opened(r) := false
    ]
  }
  action pickupObject(Agent - Checkable a, Location - Checkable l, Obj - Checkable o, Receptacle - Checkable r) {
    preconditions = [
      (pickupable(o) and atLocation(a, l) and receptacleAtLocation(r, l) and inReceptacle(o, r) and (not holdsAny(a)) and ((not openable(r)) or opened(r)))
    ]
    effects = [
      inReceptacle(o, r) := false
      holds(a, o) := true
      holdsAny(a) := true
      objectAtLocation(o, l) := false
    ]
  }
  action putObject(Agent - Checkable a, Location - Checkable l, Obj - Checkable o, Receptacle - Checkable r, ObjectType ot, ReceptacleType rt) {
    preconditions = [
      (holds(a, o) and atLocation(a, l) and receptacleAtLocation(r, l) and ((not openable(r)) or opened(r)) and objectType(o, ot) and receptacleType(r, rt) and canContain(rt, ot))
    ]
    effects = [
      inReceptacle(o, r) := true
      objectAtLocation(o, l) := true
      holds(a, o) := false
      holdsAny(a) := false
    ]
  }
  action cleanObject(Agent - Checkable a, Location - Checkable l, Receptacle - Checkable r, Obj - Checkable o) {
    preconditions = [
      (cleanable(o) and receptacleType(r, sinkBasinType) and atLocation(a, l) and receptacleAtLocation(r, l) and holds(a, o))
    ]
    effects = [
      isClean(o) := true
    ]
  }
  action heatObject(Agent - Checkable a, Location - Checkable l, Receptacle - Checkable r, Obj - Checkable o) {
    preconditions = [
      (heatable(o) and receptacleType(r, microwaveType) and atLocation(a, l) and receptacleAtLocation(r, l) and holds(a, o))
    ]
    effects = [
      isHot(o) := true
      isCool(o) := false
    ]
  }
  action coolObject(Agent - Checkable a, Location - Checkable l, Receptacle - Checkable r, Obj - Checkable o) {
    preconditions = [
      (coolable(o) and receptacleType(r, fridgeType) and atLocation(a, l) and receptacleAtLocation(r, l) and holds(a, o))
    ]
    effects = [
      isCool(o) := true
      isHot(o) := false
    ]
  }
  action toggleObject(Agent - Checkable a, Location - Checkable l, Obj - Checkable o, Receptacle - Checkable r) {
    preconditions = [
      (toggleable(o) and atLocation(a, l) and receptacleAtLocation(r, l) and inReceptacle(o, r))
    ]
    effects = [
      if isOn(o) then isOn(o) := false
      if (not isOn(o)) then isOn(o) := true
      isToggled(o) := true
    ]
  }
  action sliceObject(Agent - Checkable a, Location - Checkable l, Obj - Checkable co, Obj - Checkable ko) {
    preconditions = [
      (sliceable(co) and (objectType(ko, knifeType) or objectType(ko, butterKnifeType)) and atLocation(a, l) and objectAtLocation(co, l) and holds(a, ko))
    ]
    effects = [
      isSliced(co) := true
    ]
  }
  action help(Agent - Checkable a) {
    preconditions = [
    ]
    effects = [
      checked(a) := true
    ]
  }
]

objects = [
  ReceptacleType: [sinkBasinType, microwaveType, fridgeType, coffeeTableType, garbageCanType, tvStandType, towelHolderType]
  ObjectType: [knifeType, butterKnifeType, sprayBottleType, breadType, handTowelType, boxType]
  Checkable: [agent1, location1, location2, location3, location4, location5, coffeeTable_1, fridge_2, garbageCan_3, tvStand_4, towelHolder_5, microwave_6, fridge_7, sprayBottle_1, bread_2, handTowel_3, bread_4, box_5]
  Agent - Checkable: [agent1]
  Location - Checkable: [location1, location2, location3, location4, location5]
  Receptacle - Checkable: [coffeeTable_1, fridge_2, garbageCan_3, tvStand_4, towelHolder_5, microwave_6, fridge_7]
  Obj - Checkable: [sprayBottle_1, bread_2, handTowel_3, bread_4, box_5]
]

initial fluents default = [
  bool atLocation[a=Agent - Checkable, l=Location - Checkable] := false
  bool receptacleAtLocation[r=Receptacle - Checkable, l=Location - Checkable] := false
  bool objectAtLocation[o=Obj - Checkable, l=Location - Checkable] := false
  bool openable[r=Receptacle - Checkable] := false
  bool opened[r=Receptacle - Checkable] := false
  bool inReceptacle[o=Obj - Checkable, r=Receptacle - Checkable] := false
  bool isReceptacleObject[o=Obj - Checkable] := false
  bool inReceptacleObject[innerObject=Obj - Checkable, outObject=Obj - Checkable] := false
  bool isReceptacleObjectFull[o=Obj - Checkable] := false
  bool wasInReceptacle[o=Obj - Checkable, r=Receptacle - Checkable] := false
  bool checked[c=Checkable] := false
  bool examined[l=Location - Checkable] := false
  bool receptacleType[r=Receptacle - Checkable, rt=ReceptacleType] := false
  bool canContain[rt=ReceptacleType, ot=ObjectType] := false
  bool objectType[o=Obj - Checkable, t=ObjectType] := false
  bool holds[a=Agent - Checkable, o=Obj - Checkable] := false
  bool holdsAny[a=Agent - Checkable] := false
  bool holdsAnyReceptacleObject[a=Agent - Checkable] := false
  bool full[r=Receptacle - Checkable] := false
  bool isClean[o=Obj - Checkable] := false
  bool cleanable[o=Obj - Checkable] := false
  bool isHot[o=Obj - Checkable] := false
  bool heatable[o=Obj - Checkable] := false
  bool isCool[o=Obj - Checkable] := false
  bool coolable[o=Obj - Checkable] := false
  bool pickupable[o=Obj - Checkable] := false
  bool moveable[o=Obj - Checkable] := false
  bool toggleable[o=Obj - Checkable] := false
  bool isOn[o=Obj - Checkable] := false
  bool isToggled[o=Obj - Checkable] := false
  bool sliceable[o=Obj - Checkable] := false
  bool isSliced[o=Obj - Checkable] := false
]

initial values = [
  receptacleType(coffeeTable_1, coffeeTableType) := true
  receptacleType(fridge_2, fridgeType) := true
  receptacleType(garbageCan_3, garbageCanType) := true
  receptacleType(tvStand_4, tvStandType) := true
  receptacleType(towelHolder_5, towelHolderType) := true
  receptacleType(microwave_6, microwaveType) := true
  receptacleType(fridge_7, fridgeType) := true
  objectType(sprayBottle_1, sprayBottleType) := true
  objectType(bread_2, breadType) := true
  objectType(handTowel_3, handTowelType) := true
  objectType(bread_4, breadType) := true
  objectType(box_5, boxType) := true
  canContain(coffeeTableType, sprayBottleType) := true
  canContain(coffeeTableType, breadType) := true
  canContain(coffeeTableType, handTowelType) := true
  canContain(coffeeTableType, boxType) := true
  canContain(fridgeType, breadType) := true
  canContain(garbageCanType, sprayBottleType) := true
  canContain(garbageCanType, breadType) := true
  canContain(garbageCanType, handTowelType) := true
  canContain(microwaveType, breadType) := true
  pickupable(sprayBottle_1) := true
  pickupable(bread_2) := true
  heatable(bread_2) := true
  coolable(bread_2) := true
  sliceable(bread_2) := true
  pickupable(handTowel_3) := true
  pickupable(bread_4) := true
  heatable(bread_4) := true
  coolable(bread_4) := true
  sliceable(bread_4) := true
  pickupable(box_5) := true
  isReceptacleObject(box_5) := true
  receptacleAtLocation(coffeeTable_1, location3) := true
  receptacleAtLocation(fridge_2, location5) := true
  receptacleAtLocation(garbageCan_3, location3) := true
  receptacleAtLocation(tvStand_4, location4) := true
  receptacleAtLocation(towelHolder_5, location4) := true
  receptacleAtLocation(microwave_6, location3) := true
  receptacleAtLocation(fridge_7, location5) := true
  inReceptacle(sprayBottle_1, coffeeTable_1) := true
  inReceptacle(bread_2, fridge_2) := true
  inReceptacle(handTowel_3, garbageCan_3) := true
  inReceptacle(bread_4, garbageCan_3) := true
  inReceptacle(box_5, coffeeTable_1) := true
  objectAtLocation(sprayBottle_1, location3) := true
  objectAtLocation(bread_2, location5) := true
  objectAtLocation(handTowel_3, location3) := true
  objectAtLocation(bread_4, location3) := true
  objectAtLocation(box_5, location3) := true
  atLocation(agent1, location1) := true
]

goals = [
  Exists (Receptacle - Checkable r) Exists (Obj - Checkable o) (inReceptacle(o, r) and objectType(o, handTowelType) and receptacleType(r, coffeeTableType))
]

quality metrics = [
  minimize sequential-plan-length
]


2025-08-13 11:08:32,798 - INFO - Generating plan for unconstrained problem

2025-08-13 11:08:33,205 - INFO - Unconstrained plan generation time: 0.4065818786621094

2025-08-13 11:08:33,205 - INFO - Unconstrained plan and cost: 
2025-08-13 11:08:33,205 - INFO - SequentialPlan:
    goToLocation(agent1, location1, location3)
    pickupObject(agent1, location3, handTowel_3, garbageCan_3)
    putObject(agent1, location3, handTowel_3, coffeeTable_1, handTowelType, coffeeTableType)
2025-08-13 11:08:33,205 - INFO - 3
2025-08-13 11:08:34,259 - INFO - Sampled constraints:

2025-08-13 11:08:34,259 - INFO - Sometime(holds(agent1, handTowel_3))
2025-08-13 11:08:34,259 - INFO - Sometime-Before(holds(agent1, handTowel_3), (holds(agent1, bread_2) or atLocation(agent1, location2)))
2025-08-13 11:08:34,259 - INFO - Sometime(atLocation(agent1, location3))
2025-08-13 11:08:34,259 - INFO - Sometime-Before(atLocation(agent1, location3), objectAtLocation(handTowel_3, location4))
2025-08-13 11:08:34,259 - INFO - Sometime((checked(agent1) or objectAtLocation(handTowel_3, location4)))
2025-08-13 11:08:34,259 - INFO - Sometime(holds(agent1, bread_2))
2025-08-13 11:08:34,259 - INFO - Sometime(objectAtLocation(bread_2, location2))
2025-08-13 11:08:34,259 - INFO - Sometime((checked(sprayBottle_1) or checked(fridge_7)))
2025-08-13 11:08:34,259 - INFO - Sometime(checked(location3))
2025-08-13 11:08:34,259 - INFO - 
2025-08-13 11:08:34,259 - INFO - Generation time: 1.0532712936401367

2025-08-13 11:08:34,260 - INFO - Generating plan for constrained problem (with LiftedTCORE).

2025-08-13 11:08:34,316 - INFO - LiftedTCORE compilation time: 0.056154489517211914

2025-08-13 11:08:34,756 - INFO - Planning Time with LiftedTCORE's file: 0.439561128616333

