2025-08-13 11:15:42,179 - INFO - 
================= Seed: 2008 =================

2025-08-13 11:15:42,179 - INFO - problem name = alfred

types = [ReceptacleType, ObjectType, Checkable, Agent - Checkable, Location - Checkable, Receptacle - Checkable, Obj - Checkable]

fluents = [
  bool atLocation[a=Agent - Checkable, l=Location - Checkable]
  bool receptacleAtLocation[r=Receptacle - Checkable, l=Location - Checkable]
  bool objectAtLocation[o=Obj - Checkable, l=Location - Checkable]
  bool openable[r=Receptacle - Checkable]
  bool opened[r=Receptacle - Checkable]
  bool inReceptacle[o=Obj - Checkable, r=Receptacle - Checkable]
  bool isReceptacleObject[o=Obj - Checkable]
  bool inReceptacleObject[innerObject=Obj - Checkable, outObject=Obj - Checkable]
  bool isReceptacleObjectFull[o=Obj - Checkable]
  bool wasInReceptacle[o=Obj - Checkable, r=Receptacle - Checkable]
  bool checked[c=Checkable]
  bool examined[l=Location - Checkable]
  bool receptacleType[r=Receptacle - Checkable, rt=ReceptacleType]
  bool canContain[rt=ReceptacleType, ot=ObjectType]
  bool objectType[o=Obj - Checkable, t=ObjectType]
  bool holds[a=Agent - Checkable, o=Obj - Checkable]
  bool holdsAny[a=Agent - Checkable]
  bool holdsAnyReceptacleObject[a=Agent - Checkable]
  bool full[r=Receptacle - Checkable]
  bool isClean[o=Obj - Checkable]
  bool cleanable[o=Obj - Checkable]
  bool isHot[o=Obj - Checkable]
  bool heatable[o=Obj - Checkable]
  bool isCool[o=Obj - Checkable]
  bool coolable[o=Obj - Checkable]
  bool pickupable[o=Obj - Checkable]
  bool moveable[o=Obj - Checkable]
  bool toggleable[o=Obj - Checkable]
  bool isOn[o=Obj - Checkable]
  bool isToggled[o=Obj - Checkable]
  bool sliceable[o=Obj - Checkable]
  bool isSliced[o=Obj - Checkable]
]

actions = [
  action look(Agent - Checkable a, Location - Checkable l) {
    preconditions = [
      atLocation(a, l)
    ]
    effects = [
      checked(l) := true
    ]
  }
  action inventory(Agent - Checkable a) {
    preconditions = [
    ]
    effects = [
      checked(a) := true
    ]
  }
  action examineReceptacle(Agent - Checkable a, Receptacle - Checkable r) {
    preconditions = [
      Exists (Location - Checkable l) (atLocation(a, l) and receptacleAtLocation(r, l))
    ]
    effects = [
      checked(r) := true
    ]
  }
  action examineObject(Agent - Checkable a, Obj - Checkable o) {
    preconditions = [
      (Exists (Location - Checkable l) Exists (Receptacle - Checkable r) (atLocation(a, l) and receptacleAtLocation(r, l) and inReceptacle(o, r) and ((not openable(r)) or opened(r))) or holds(a, o))
    ]
    effects = [
      checked(o) := true
    ]
  }
  action goToLocation(Agent - Checkable a, Location - Checkable lstart, Location - Checkable lend) {
    preconditions = [
      atLocation(a, lstart)
    ]
    effects = [
      atLocation(a, lstart) := false
      atLocation(a, lend) := true
    ]
  }
  action openObject(Agent - Checkable a, Location - Checkable l, Receptacle - Checkable r) {
    preconditions = [
      (openable(r) and atLocation(a, l) and receptacleAtLocation(r, l) and (not opened(r)))
    ]
    effects = [
      opened(r) := true
      checked(r) := true
    ]
  }
  action closeObject(Agent - Checkable a, Location - Checkable l, Receptacle - Checkable r) {
    preconditions = [
      (openable(r) and atLocation(a, l) and receptacleAtLocation(r, l) and opened(r))
    ]
    effects = [
      opened(r) := false
    ]
  }
  action pickupObject(Agent - Checkable a, Location - Checkable l, Obj - Checkable o, Receptacle - Checkable r) {
    preconditions = [
      (pickupable(o) and atLocation(a, l) and receptacleAtLocation(r, l) and inReceptacle(o, r) and (not holdsAny(a)) and ((not openable(r)) or opened(r)))
    ]
    effects = [
      inReceptacle(o, r) := false
      holds(a, o) := true
      holdsAny(a) := true
      objectAtLocation(o, l) := false
    ]
  }
  action putObject(Agent - Checkable a, Location - Checkable l, Obj - Checkable o, Receptacle - Checkable r, ObjectType ot, ReceptacleType rt) {
    preconditions = [
      (holds(a, o) and atLocation(a, l) and receptacleAtLocation(r, l) and ((not openable(r)) or opened(r)) and objectType(o, ot) and receptacleType(r, rt) and canContain(rt, ot))
    ]
    effects = [
      inReceptacle(o, r) := true
      objectAtLocation(o, l) := true
      holds(a, o) := false
      holdsAny(a) := false
    ]
  }
  action cleanObject(Agent - Checkable a, Location - Checkable l, Receptacle - Checkable r, Obj - Checkable o) {
    preconditions = [
      (cleanable(o) and receptacleType(r, sinkBasinType) and atLocation(a, l) and receptacleAtLocation(r, l) and holds(a, o))
    ]
    effects = [
      isClean(o) := true
    ]
  }
  action heatObject(Agent - Checkable a, Location - Checkable l, Receptacle - Checkable r, Obj - Checkable o) {
    preconditions = [
      (heatable(o) and receptacleType(r, microwaveType) and atLocation(a, l) and receptacleAtLocation(r, l) and holds(a, o))
    ]
    effects = [
      isHot(o) := true
      isCool(o) := false
    ]
  }
  action coolObject(Agent - Checkable a, Location - Checkable l, Receptacle - Checkable r, Obj - Checkable o) {
    preconditions = [
      (coolable(o) and receptacleType(r, fridgeType) and atLocation(a, l) and receptacleAtLocation(r, l) and holds(a, o))
    ]
    effects = [
      isCool(o) := true
      isHot(o) := false
    ]
  }
  action toggleObject(Agent - Checkable a, Location - Checkable l, Obj - Checkable o, Receptacle - Checkable r) {
    preconditions = [
      (toggleable(o) and atLocation(a, l) and receptacleAtLocation(r, l) and inReceptacle(o, r))
    ]
    effects = [
      if isOn(o) then isOn(o) := false
      if (not isOn(o)) then isOn(o) := true
      isToggled(o) := true
    ]
  }
  action sliceObject(Agent - Checkable a, Location - Checkable l, Obj - Checkable co, Obj - Checkable ko) {
    preconditions = [
      (sliceable(co) and (objectType(ko, knifeType) or objectType(ko, butterKnifeType)) and atLocation(a, l) and objectAtLocation(co, l) and holds(a, ko))
    ]
    effects = [
      isSliced(co) := true
    ]
  }
  action help(Agent - Checkable a) {
    preconditions = [
    ]
    effects = [
      checked(a) := true
    ]
  }
]

objects = [
  ReceptacleType: [sinkBasinType, microwaveType, fridgeType, tvStandType, cabinetType, safeType, cartType, diningTableType]
  ObjectType: [knifeType, butterKnifeType, toiletPaperType, kettleType, boxType, dishSpongeType, potType]
  Checkable: [agent1, location1, location2, location3, location4, location5, tvStand_1, cabinet_2, safe_3, cart_4, diningTable_5, microwave_6, fridge_7, toiletPaper_1, kettle_2, box_3, dishSponge_4, pot_5]
  Agent - Checkable: [agent1]
  Location - Checkable: [location1, location2, location3, location4, location5]
  Receptacle - Checkable: [tvStand_1, cabinet_2, safe_3, cart_4, diningTable_5, microwave_6, fridge_7]
  Obj - Checkable: [toiletPaper_1, kettle_2, box_3, dishSponge_4, pot_5]
]

initial fluents default = [
  bool atLocation[a=Agent - Checkable, l=Location - Checkable] := false
  bool receptacleAtLocation[r=Receptacle - Checkable, l=Location - Checkable] := false
  bool objectAtLocation[o=Obj - Checkable, l=Location - Checkable] := false
  bool openable[r=Receptacle - Checkable] := false
  bool opened[r=Receptacle - Checkable] := false
  bool inReceptacle[o=Obj - Checkable, r=Receptacle - Checkable] := false
  bool isReceptacleObject[o=Obj - Checkable] := false
  bool inReceptacleObject[innerObject=Obj - Checkable, outObject=Obj - Checkable] := false
  bool isReceptacleObjectFull[o=Obj - Checkable] := false
  bool wasInReceptacle[o=Obj - Checkable, r=Receptacle - Checkable] := false
  bool checked[c=Checkable] := false
  bool examined[l=Location - Checkable] := false
  bool receptacleType[r=Receptacle - Checkable, rt=ReceptacleType] := false
  bool canContain[rt=ReceptacleType, ot=ObjectType] := false
  bool objectType[o=Obj - Checkable, t=ObjectType] := false
  bool holds[a=Agent - Checkable, o=Obj - Checkable] := false
  bool holdsAny[a=Agent - Checkable] := false
  bool holdsAnyReceptacleObject[a=Agent - Checkable] := false
  bool full[r=Receptacle - Checkable] := false
  bool isClean[o=Obj - Checkable] := false
  bool cleanable[o=Obj - Checkable] := false
  bool isHot[o=Obj - Checkable] := false
  bool heatable[o=Obj - Checkable] := false
  bool isCool[o=Obj - Checkable] := false
  bool coolable[o=Obj - Checkable] := false
  bool pickupable[o=Obj - Checkable] := false
  bool moveable[o=Obj - Checkable] := false
  bool toggleable[o=Obj - Checkable] := false
  bool isOn[o=Obj - Checkable] := false
  bool isToggled[o=Obj - Checkable] := false
  bool sliceable[o=Obj - Checkable] := false
  bool isSliced[o=Obj - Checkable] := false
]

initial values = [
  receptacleType(tvStand_1, tvStandType) := true
  receptacleType(cabinet_2, cabinetType) := true
  receptacleType(safe_3, safeType) := true
  receptacleType(cart_4, cartType) := true
  receptacleType(diningTable_5, diningTableType) := true
  receptacleType(microwave_6, microwaveType) := true
  receptacleType(fridge_7, fridgeType) := true
  objectType(toiletPaper_1, toiletPaperType) := true
  objectType(kettle_2, kettleType) := true
  objectType(box_3, boxType) := true
  objectType(dishSponge_4, dishSpongeType) := true
  objectType(pot_5, potType) := true
  canContain(cabinetType, toiletPaperType) := true
  canContain(cabinetType, kettleType) := true
  canContain(cabinetType, boxType) := true
  canContain(cabinetType, dishSpongeType) := true
  canContain(cabinetType, potType) := true
  canContain(cartType, toiletPaperType) := true
  canContain(cartType, dishSpongeType) := true
  canContain(diningTableType, toiletPaperType) := true
  canContain(diningTableType, kettleType) := true
  canContain(diningTableType, boxType) := true
  canContain(diningTableType, dishSpongeType) := true
  canContain(diningTableType, potType) := true
  canContain(fridgeType, potType) := true
  pickupable(toiletPaper_1) := true
  pickupable(kettle_2) := true
  cleanable(kettle_2) := true
  pickupable(box_3) := true
  isReceptacleObject(box_3) := true
  pickupable(dishSponge_4) := true
  cleanable(dishSponge_4) := true
  pickupable(pot_5) := true
  isReceptacleObject(pot_5) := true
  cleanable(pot_5) := true
  coolable(pot_5) := true
  receptacleAtLocation(tvStand_1, location2) := true
  receptacleAtLocation(cabinet_2, location3) := true
  receptacleAtLocation(safe_3, location4) := true
  receptacleAtLocation(cart_4, location2) := true
  receptacleAtLocation(diningTable_5, location2) := true
  receptacleAtLocation(microwave_6, location5) := true
  receptacleAtLocation(fridge_7, location3) := true
  inReceptacle(toiletPaper_1, diningTable_5) := true
  inReceptacle(kettle_2, diningTable_5) := true
  inReceptacle(box_3, cabinet_2) := true
  inReceptacle(dishSponge_4, cabinet_2) := true
  inReceptacle(pot_5, cabinet_2) := true
  objectAtLocation(toiletPaper_1, location2) := true
  objectAtLocation(kettle_2, location2) := true
  objectAtLocation(box_3, location3) := true
  objectAtLocation(dishSponge_4, location3) := true
  objectAtLocation(pot_5, location3) := true
  atLocation(agent1, location5) := true
]

goals = [
  Exists (Receptacle - Checkable r) Exists (Obj - Checkable o) (inReceptacle(o, r) and objectType(o, dishSpongeType) and receptacleType(r, diningTableType))
]

quality metrics = [
  minimize sequential-plan-length
]


2025-08-13 11:15:42,181 - INFO - Generating plan for unconstrained problem

2025-08-13 11:15:42,604 - INFO - Unconstrained plan generation time: 0.4235203266143799

2025-08-13 11:15:42,604 - INFO - Unconstrained plan and cost: 
2025-08-13 11:15:42,604 - INFO - SequentialPlan:
    goToLocation(agent1, location5, location3)
    pickupObject(agent1, location3, dishSponge_4, cabinet_2)
    goToLocation(agent1, location3, location2)
    putObject(agent1, location2, dishSponge_4, diningTable_5, dishSpongeType, diningTableType)
2025-08-13 11:15:42,605 - INFO - 4
2025-08-13 11:15:43,665 - INFO - Sampled constraints:

2025-08-13 11:15:43,665 - INFO - Sometime(atLocation(agent1, location4))
2025-08-13 11:15:43,665 - INFO - Sometime(holds(agent1, dishSponge_4))
2025-08-13 11:15:43,665 - INFO - Sometime-Before(holds(agent1, dishSponge_4), objectAtLocation(box_3, location2))
2025-08-13 11:15:43,665 - INFO - Sometime(holds(agent1, toiletPaper_1))
2025-08-13 11:15:43,665 - INFO - Sometime(atLocation(agent1, location3))
2025-08-13 11:15:43,665 - INFO - Sometime-After(atLocation(agent1, location3), atLocation(agent1, location4))
2025-08-13 11:15:43,666 - INFO - Sometime(objectAtLocation(dishSponge_4, location2))
2025-08-13 11:15:43,666 - INFO - Sometime-Before(objectAtLocation(dishSponge_4, location2), checked(location3))
2025-08-13 11:15:43,666 - INFO - Sometime((checked(fridge_7) or holds(agent1, box_3)))
2025-08-13 11:15:43,666 - INFO - Sometime((checked(fridge_7) or objectAtLocation(dishSponge_4, location1)))
2025-08-13 11:15:43,666 - INFO - 
2025-08-13 11:15:43,666 - INFO - Generation time: 1.0604212284088135

2025-08-13 11:15:43,666 - INFO - Generating plan for constrained problem (with LiftedTCORE).

2025-08-13 11:15:43,732 - INFO - LiftedTCORE compilation time: 0.06504297256469727

2025-08-13 11:15:44,397 - INFO - Planning Time with LiftedTCORE's file: 0.6648240089416504

2025-08-13 11:15:44,397 - INFO - Plan found with LiftedTCORE + sym_bd: SequentialPlan:
    goToLocation(agent1, location5, location3)
    pickupObject(agent1, location3, box_3, cabinet_2)
    goToLocation(agent1, location3, location2)
    putObject(agent1, location2, box_3, diningTable_5, boxType, diningTableType)
    goToLocation(agent1, location2, location3)
    pickupObject(agent1, location3, dishSponge_4, cabinet_2)
    look(agent1, location3)
    examineReceptacle(agent1, fridge_7)
    goToLocation(agent1, location3, location4)
    goToLocation(agent1, location4, location2)
    putObject(agent1, location2, dishSponge_4, diningTable_5, dishSpongeType, diningTableType)
    pickupObject(agent1, location2, toiletPaper_1, diningTable_5)

2025-08-13 11:15:44,397 - INFO - Seed: 2008 is solvable

2025-08-13 11:15:44,397 - INFO - Unconstrained cost: 4
2025-08-13 11:15:44,397 - INFO - Constrained cost: 12
2025-08-13 11:15:44,397 - INFO - Seed: 2008 Plan simulation is feasible
2025-08-13 11:15:44,397 - INFO - 
Seed: 2008 
 Plan: [goToLocation(agent1, location5, location3), pickupObject(agent1, location3, box_3, cabinet_2), goToLocation(agent1, location3, location2), putObject(agent1, location2, box_3, diningTable_5, boxType, diningTableType), goToLocation(agent1, location2, location3), pickupObject(agent1, location3, dishSponge_4, cabinet_2), look(agent1, location3), examineReceptacle(agent1, fridge_7), goToLocation(agent1, location3, location4), goToLocation(agent1, location4, location2), putObject(agent1, location2, dishSponge_4, diningTable_5, dishSpongeType, diningTableType), pickupObject(agent1, location2, toiletPaper_1, diningTable_5)]  
 Cost: 12

2025-08-13 11:15:44,527 - INFO - Time for Translating the Constrained Problem into NL: 7.152557373046875e-07

