2025-08-13 11:07:58,178 - INFO - 
================= Seed: 1243 =================

2025-08-13 11:07:58,179 - INFO - problem name = alfred

types = [ReceptacleType, ObjectType, Checkable, Agent - Checkable, Location - Checkable, Receptacle - Checkable, Obj - Checkable]

fluents = [
  bool atLocation[a=Agent - Checkable, l=Location - Checkable]
  bool receptacleAtLocation[r=Receptacle - Checkable, l=Location - Checkable]
  bool objectAtLocation[o=Obj - Checkable, l=Location - Checkable]
  bool openable[r=Receptacle - Checkable]
  bool opened[r=Receptacle - Checkable]
  bool inReceptacle[o=Obj - Checkable, r=Receptacle - Checkable]
  bool isReceptacleObject[o=Obj - Checkable]
  bool inReceptacleObject[innerObject=Obj - Checkable, outObject=Obj - Checkable]
  bool isReceptacleObjectFull[o=Obj - Checkable]
  bool wasInReceptacle[o=Obj - Checkable, r=Receptacle - Checkable]
  bool checked[c=Checkable]
  bool examined[l=Location - Checkable]
  bool receptacleType[r=Receptacle - Checkable, rt=ReceptacleType]
  bool canContain[rt=ReceptacleType, ot=ObjectType]
  bool objectType[o=Obj - Checkable, t=ObjectType]
  bool holds[a=Agent - Checkable, o=Obj - Checkable]
  bool holdsAny[a=Agent - Checkable]
  bool holdsAnyReceptacleObject[a=Agent - Checkable]
  bool full[r=Receptacle - Checkable]
  bool isClean[o=Obj - Checkable]
  bool cleanable[o=Obj - Checkable]
  bool isHot[o=Obj - Checkable]
  bool heatable[o=Obj - Checkable]
  bool isCool[o=Obj - Checkable]
  bool coolable[o=Obj - Checkable]
  bool pickupable[o=Obj - Checkable]
  bool moveable[o=Obj - Checkable]
  bool toggleable[o=Obj - Checkable]
  bool isOn[o=Obj - Checkable]
  bool isToggled[o=Obj - Checkable]
  bool sliceable[o=Obj - Checkable]
  bool isSliced[o=Obj - Checkable]
]

actions = [
  action look(Agent - Checkable a, Location - Checkable l) {
    preconditions = [
      atLocation(a, l)
    ]
    effects = [
      checked(l) := true
    ]
  }
  action inventory(Agent - Checkable a) {
    preconditions = [
    ]
    effects = [
      checked(a) := true
    ]
  }
  action examineReceptacle(Agent - Checkable a, Receptacle - Checkable r) {
    preconditions = [
      Exists (Location - Checkable l) (atLocation(a, l) and receptacleAtLocation(r, l))
    ]
    effects = [
      checked(r) := true
    ]
  }
  action examineObject(Agent - Checkable a, Obj - Checkable o) {
    preconditions = [
      (Exists (Location - Checkable l) Exists (Receptacle - Checkable r) (atLocation(a, l) and receptacleAtLocation(r, l) and inReceptacle(o, r) and ((not openable(r)) or opened(r))) or holds(a, o))
    ]
    effects = [
      checked(o) := true
    ]
  }
  action goToLocation(Agent - Checkable a, Location - Checkable lstart, Location - Checkable lend) {
    preconditions = [
      atLocation(a, lstart)
    ]
    effects = [
      atLocation(a, lstart) := false
      atLocation(a, lend) := true
    ]
  }
  action openObject(Agent - Checkable a, Location - Checkable l, Receptacle - Checkable r) {
    preconditions = [
      (openable(r) and atLocation(a, l) and receptacleAtLocation(r, l) and (not opened(r)))
    ]
    effects = [
      opened(r) := true
      checked(r) := true
    ]
  }
  action closeObject(Agent - Checkable a, Location - Checkable l, Receptacle - Checkable r) {
    preconditions = [
      (openable(r) and atLocation(a, l) and receptacleAtLocation(r, l) and opened(r))
    ]
    effects = [
      opened(r) := false
    ]
  }
  action pickupObject(Agent - Checkable a, Location - Checkable l, Obj - Checkable o, Receptacle - Checkable r) {
    preconditions = [
      (pickupable(o) and atLocation(a, l) and receptacleAtLocation(r, l) and inReceptacle(o, r) and (not holdsAny(a)) and ((not openable(r)) or opened(r)))
    ]
    effects = [
      inReceptacle(o, r) := false
      holds(a, o) := true
      holdsAny(a) := true
      objectAtLocation(o, l) := false
    ]
  }
  action putObject(Agent - Checkable a, Location - Checkable l, Obj - Checkable o, Receptacle - Checkable r, ObjectType ot, ReceptacleType rt) {
    preconditions = [
      (holds(a, o) and atLocation(a, l) and receptacleAtLocation(r, l) and ((not openable(r)) or opened(r)) and objectType(o, ot) and receptacleType(r, rt) and canContain(rt, ot))
    ]
    effects = [
      inReceptacle(o, r) := true
      objectAtLocation(o, l) := true
      holds(a, o) := false
      holdsAny(a) := false
    ]
  }
  action cleanObject(Agent - Checkable a, Location - Checkable l, Receptacle - Checkable r, Obj - Checkable o) {
    preconditions = [
      (cleanable(o) and receptacleType(r, sinkBasinType) and atLocation(a, l) and receptacleAtLocation(r, l) and holds(a, o))
    ]
    effects = [
      isClean(o) := true
    ]
  }
  action heatObject(Agent - Checkable a, Location - Checkable l, Receptacle - Checkable r, Obj - Checkable o) {
    preconditions = [
      (heatable(o) and receptacleType(r, microwaveType) and atLocation(a, l) and receptacleAtLocation(r, l) and holds(a, o))
    ]
    effects = [
      isHot(o) := true
      isCool(o) := false
    ]
  }
  action coolObject(Agent - Checkable a, Location - Checkable l, Receptacle - Checkable r, Obj - Checkable o) {
    preconditions = [
      (coolable(o) and receptacleType(r, fridgeType) and atLocation(a, l) and receptacleAtLocation(r, l) and holds(a, o))
    ]
    effects = [
      isCool(o) := true
      isHot(o) := false
    ]
  }
  action toggleObject(Agent - Checkable a, Location - Checkable l, Obj - Checkable o, Receptacle - Checkable r) {
    preconditions = [
      (toggleable(o) and atLocation(a, l) and receptacleAtLocation(r, l) and inReceptacle(o, r))
    ]
    effects = [
      if isOn(o) then isOn(o) := false
      if (not isOn(o)) then isOn(o) := true
      isToggled(o) := true
    ]
  }
  action sliceObject(Agent - Checkable a, Location - Checkable l, Obj - Checkable co, Obj - Checkable ko) {
    preconditions = [
      (sliceable(co) and (objectType(ko, knifeType) or objectType(ko, butterKnifeType)) and atLocation(a, l) and objectAtLocation(co, l) and holds(a, ko))
    ]
    effects = [
      isSliced(co) := true
    ]
  }
  action help(Agent - Checkable a) {
    preconditions = [
    ]
    effects = [
      checked(a) := true
    ]
  }
]

objects = [
  ReceptacleType: [sinkBasinType, microwaveType, fridgeType, dresserType, towelHolderType, stoveBurnerType, bathtubBasinType]
  ObjectType: [knifeType, butterKnifeType, glassbottleType, basketBallType, wateringCanType, breadType, panType]
  Checkable: [agent1, location1, location2, location3, location4, location5, dresser_1, towelHolder_2, stoveBurner_3, bathtubBasin_4, bathtubBasin_5, microwave_6, fridge_7, glassbottle_1, basketBall_2, wateringCan_3, bread_4, pan_5]
  Agent - Checkable: [agent1]
  Location - Checkable: [location1, location2, location3, location4, location5]
  Receptacle - Checkable: [dresser_1, towelHolder_2, stoveBurner_3, bathtubBasin_4, bathtubBasin_5, microwave_6, fridge_7]
  Obj - Checkable: [glassbottle_1, basketBall_2, wateringCan_3, bread_4, pan_5]
]

initial fluents default = [
  bool atLocation[a=Agent - Checkable, l=Location - Checkable] := false
  bool receptacleAtLocation[r=Receptacle - Checkable, l=Location - Checkable] := false
  bool objectAtLocation[o=Obj - Checkable, l=Location - Checkable] := false
  bool openable[r=Receptacle - Checkable] := false
  bool opened[r=Receptacle - Checkable] := false
  bool inReceptacle[o=Obj - Checkable, r=Receptacle - Checkable] := false
  bool isReceptacleObject[o=Obj - Checkable] := false
  bool inReceptacleObject[innerObject=Obj - Checkable, outObject=Obj - Checkable] := false
  bool isReceptacleObjectFull[o=Obj - Checkable] := false
  bool wasInReceptacle[o=Obj - Checkable, r=Receptacle - Checkable] := false
  bool checked[c=Checkable] := false
  bool examined[l=Location - Checkable] := false
  bool receptacleType[r=Receptacle - Checkable, rt=ReceptacleType] := false
  bool canContain[rt=ReceptacleType, ot=ObjectType] := false
  bool objectType[o=Obj - Checkable, t=ObjectType] := false
  bool holds[a=Agent - Checkable, o=Obj - Checkable] := false
  bool holdsAny[a=Agent - Checkable] := false
  bool holdsAnyReceptacleObject[a=Agent - Checkable] := false
  bool full[r=Receptacle - Checkable] := false
  bool isClean[o=Obj - Checkable] := false
  bool cleanable[o=Obj - Checkable] := false
  bool isHot[o=Obj - Checkable] := false
  bool heatable[o=Obj - Checkable] := false
  bool isCool[o=Obj - Checkable] := false
  bool coolable[o=Obj - Checkable] := false
  bool pickupable[o=Obj - Checkable] := false
  bool moveable[o=Obj - Checkable] := false
  bool toggleable[o=Obj - Checkable] := false
  bool isOn[o=Obj - Checkable] := false
  bool isToggled[o=Obj - Checkable] := false
  bool sliceable[o=Obj - Checkable] := false
  bool isSliced[o=Obj - Checkable] := false
]

initial values = [
  receptacleType(dresser_1, dresserType) := true
  receptacleType(towelHolder_2, towelHolderType) := true
  receptacleType(stoveBurner_3, stoveBurnerType) := true
  receptacleType(bathtubBasin_4, bathtubBasinType) := true
  receptacleType(bathtubBasin_5, bathtubBasinType) := true
  receptacleType(microwave_6, microwaveType) := true
  receptacleType(fridge_7, fridgeType) := true
  objectType(glassbottle_1, glassbottleType) := true
  objectType(basketBall_2, basketBallType) := true
  objectType(wateringCan_3, wateringCanType) := true
  objectType(bread_4, breadType) := true
  objectType(pan_5, panType) := true
  canContain(dresserType, glassbottleType) := true
  canContain(dresserType, basketBallType) := true
  canContain(dresserType, wateringCanType) := true
  canContain(stoveBurnerType, panType) := true
  canContain(microwaveType, glassbottleType) := true
  canContain(microwaveType, breadType) := true
  canContain(fridgeType, glassbottleType) := true
  canContain(fridgeType, breadType) := true
  canContain(fridgeType, panType) := true
  pickupable(glassbottle_1) := true
  pickupable(basketBall_2) := true
  pickupable(wateringCan_3) := true
  pickupable(bread_4) := true
  heatable(bread_4) := true
  coolable(bread_4) := true
  sliceable(bread_4) := true
  pickupable(pan_5) := true
  isReceptacleObject(pan_5) := true
  cleanable(pan_5) := true
  coolable(pan_5) := true
  receptacleAtLocation(dresser_1, location5) := true
  receptacleAtLocation(towelHolder_2, location5) := true
  receptacleAtLocation(stoveBurner_3, location1) := true
  receptacleAtLocation(bathtubBasin_4, location1) := true
  receptacleAtLocation(bathtubBasin_5, location1) := true
  receptacleAtLocation(microwave_6, location3) := true
  receptacleAtLocation(fridge_7, location3) := true
  inReceptacle(glassbottle_1, fridge_7) := true
  inReceptacle(basketBall_2, dresser_1) := true
  inReceptacle(wateringCan_3, dresser_1) := true
  inReceptacle(bread_4, microwave_6) := true
  inReceptacle(pan_5, stoveBurner_3) := true
  objectAtLocation(glassbottle_1, location3) := true
  objectAtLocation(basketBall_2, location5) := true
  objectAtLocation(wateringCan_3, location5) := true
  objectAtLocation(bread_4, location3) := true
  objectAtLocation(pan_5, location1) := true
  atLocation(agent1, location3) := true
]

goals = [
  Exists (Receptacle - Checkable r) Exists (Obj - Checkable o) (coolable(o) and objectType(o, breadType) and receptacleType(r, fridgeType) and isCool(o) and inReceptacle(o, r))
]

quality metrics = [
  minimize sequential-plan-length
]


2025-08-13 11:07:58,195 - INFO - Generating plan for unconstrained problem

2025-08-13 11:08:01,375 - INFO - Unconstrained plan generation time: 3.1795170307159424

2025-08-13 11:08:01,376 - INFO - Unconstrained plan and cost: 
2025-08-13 11:08:01,376 - INFO - SequentialPlan:
    pickupObject(agent1, location3, bread_4, microwave_6)
    coolObject(agent1, location3, fridge_7, bread_4)
    putObject(agent1, location3, bread_4, fridge_7, breadType, fridgeType)
2025-08-13 11:08:01,377 - INFO - 3
2025-08-13 11:08:02,407 - INFO - Sampled constraints:

2025-08-13 11:08:02,407 - INFO - Sometime(holds(agent1, bread_4))
2025-08-13 11:08:02,407 - INFO - Sometime-After(holds(agent1, bread_4), atLocation(agent1, location5))
2025-08-13 11:08:02,407 - INFO - Sometime(checked(stoveBurner_3))
2025-08-13 11:08:02,407 - INFO - Sometime(atLocation(agent1, location1))
2025-08-13 11:08:02,407 - INFO - Sometime((checked(glassbottle_1) or objectAtLocation(glassbottle_1, location1)))
2025-08-13 11:08:02,407 - INFO - Sometime(holds(agent1, basketBall_2))
2025-08-13 11:08:02,407 - INFO - Sometime(holds(agent1, pan_5))
2025-08-13 11:08:02,408 - INFO - Sometime(checked(location5))
2025-08-13 11:08:02,408 - INFO - 
2025-08-13 11:08:02,408 - INFO - Generation time: 1.0296084880828857

2025-08-13 11:08:02,408 - INFO - Generating plan for constrained problem (with LiftedTCORE).

2025-08-13 11:08:02,461 - INFO - LiftedTCORE compilation time: 0.052581787109375

2025-08-13 11:08:02,968 - INFO - Planning Time with LiftedTCORE's file: 0.5069420337677002

2025-08-13 11:08:02,968 - INFO - Plan found with LiftedTCORE + sym_bd: SequentialPlan:
    pickupObject(agent1, location3, bread_4, microwave_6)
    coolObject(agent1, location3, fridge_7, bread_4)
    putObject(agent1, location3, bread_4, fridge_7, breadType, fridgeType)
    examineObject(agent1, glassbottle_1)
    goToLocation(agent1, location3, location1)
    pickupObject(agent1, location1, pan_5, stoveBurner_3)
    examineReceptacle(agent1, stoveBurner_3)
    putObject(agent1, location1, pan_5, stoveBurner_3, panType, stoveBurnerType)
    goToLocation(agent1, location1, location5)
    look(agent1, location5)
    pickupObject(agent1, location5, basketBall_2, dresser_1)

2025-08-13 11:08:02,968 - INFO - Seed: 1243 is solvable

2025-08-13 11:08:02,968 - INFO - Unconstrained cost: 3
2025-08-13 11:08:02,969 - INFO - Constrained cost: 11
2025-08-13 11:08:02,969 - INFO - Seed: 1243 Plan simulation is feasible
2025-08-13 11:08:02,969 - INFO - 
Seed: 1243 
 Plan: [pickupObject(agent1, location3, bread_4, microwave_6), coolObject(agent1, location3, fridge_7, bread_4), putObject(agent1, location3, bread_4, fridge_7, breadType, fridgeType), examineObject(agent1, glassbottle_1), goToLocation(agent1, location3, location1), pickupObject(agent1, location1, pan_5, stoveBurner_3), examineReceptacle(agent1, stoveBurner_3), putObject(agent1, location1, pan_5, stoveBurner_3, panType, stoveBurnerType), goToLocation(agent1, location1, location5), look(agent1, location5), pickupObject(agent1, location5, basketBall_2, dresser_1)]  
 Cost: 11

2025-08-13 11:08:03,103 - INFO - Time for Translating the Constrained Problem into NL: 4.76837158203125e-07

