2025-08-13 11:09:07,743 - INFO - 
================= Seed: 1266 =================

2025-08-13 11:09:07,743 - INFO - problem name = alfred

types = [ReceptacleType, ObjectType, Checkable, Agent - Checkable, Location - Checkable, Receptacle - Checkable, Obj - Checkable]

fluents = [
  bool atLocation[a=Agent - Checkable, l=Location - Checkable]
  bool receptacleAtLocation[r=Receptacle - Checkable, l=Location - Checkable]
  bool objectAtLocation[o=Obj - Checkable, l=Location - Checkable]
  bool openable[r=Receptacle - Checkable]
  bool opened[r=Receptacle - Checkable]
  bool inReceptacle[o=Obj - Checkable, r=Receptacle - Checkable]
  bool isReceptacleObject[o=Obj - Checkable]
  bool inReceptacleObject[innerObject=Obj - Checkable, outObject=Obj - Checkable]
  bool isReceptacleObjectFull[o=Obj - Checkable]
  bool wasInReceptacle[o=Obj - Checkable, r=Receptacle - Checkable]
  bool checked[c=Checkable]
  bool examined[l=Location - Checkable]
  bool receptacleType[r=Receptacle - Checkable, rt=ReceptacleType]
  bool canContain[rt=ReceptacleType, ot=ObjectType]
  bool objectType[o=Obj - Checkable, t=ObjectType]
  bool holds[a=Agent - Checkable, o=Obj - Checkable]
  bool holdsAny[a=Agent - Checkable]
  bool holdsAnyReceptacleObject[a=Agent - Checkable]
  bool full[r=Receptacle - Checkable]
  bool isClean[o=Obj - Checkable]
  bool cleanable[o=Obj - Checkable]
  bool isHot[o=Obj - Checkable]
  bool heatable[o=Obj - Checkable]
  bool isCool[o=Obj - Checkable]
  bool coolable[o=Obj - Checkable]
  bool pickupable[o=Obj - Checkable]
  bool moveable[o=Obj - Checkable]
  bool toggleable[o=Obj - Checkable]
  bool isOn[o=Obj - Checkable]
  bool isToggled[o=Obj - Checkable]
  bool sliceable[o=Obj - Checkable]
  bool isSliced[o=Obj - Checkable]
]

actions = [
  action look(Agent - Checkable a, Location - Checkable l) {
    preconditions = [
      atLocation(a, l)
    ]
    effects = [
      checked(l) := true
    ]
  }
  action inventory(Agent - Checkable a) {
    preconditions = [
    ]
    effects = [
      checked(a) := true
    ]
  }
  action examineReceptacle(Agent - Checkable a, Receptacle - Checkable r) {
    preconditions = [
      Exists (Location - Checkable l) (atLocation(a, l) and receptacleAtLocation(r, l))
    ]
    effects = [
      checked(r) := true
    ]
  }
  action examineObject(Agent - Checkable a, Obj - Checkable o) {
    preconditions = [
      (Exists (Location - Checkable l) Exists (Receptacle - Checkable r) (atLocation(a, l) and receptacleAtLocation(r, l) and inReceptacle(o, r) and ((not openable(r)) or opened(r))) or holds(a, o))
    ]
    effects = [
      checked(o) := true
    ]
  }
  action goToLocation(Agent - Checkable a, Location - Checkable lstart, Location - Checkable lend) {
    preconditions = [
      atLocation(a, lstart)
    ]
    effects = [
      atLocation(a, lstart) := false
      atLocation(a, lend) := true
    ]
  }
  action openObject(Agent - Checkable a, Location - Checkable l, Receptacle - Checkable r) {
    preconditions = [
      (openable(r) and atLocation(a, l) and receptacleAtLocation(r, l) and (not opened(r)))
    ]
    effects = [
      opened(r) := true
      checked(r) := true
    ]
  }
  action closeObject(Agent - Checkable a, Location - Checkable l, Receptacle - Checkable r) {
    preconditions = [
      (openable(r) and atLocation(a, l) and receptacleAtLocation(r, l) and opened(r))
    ]
    effects = [
      opened(r) := false
    ]
  }
  action pickupObject(Agent - Checkable a, Location - Checkable l, Obj - Checkable o, Receptacle - Checkable r) {
    preconditions = [
      (pickupable(o) and atLocation(a, l) and receptacleAtLocation(r, l) and inReceptacle(o, r) and (not holdsAny(a)) and ((not openable(r)) or opened(r)))
    ]
    effects = [
      inReceptacle(o, r) := false
      holds(a, o) := true
      holdsAny(a) := true
      objectAtLocation(o, l) := false
    ]
  }
  action putObject(Agent - Checkable a, Location - Checkable l, Obj - Checkable o, Receptacle - Checkable r, ObjectType ot, ReceptacleType rt) {
    preconditions = [
      (holds(a, o) and atLocation(a, l) and receptacleAtLocation(r, l) and ((not openable(r)) or opened(r)) and objectType(o, ot) and receptacleType(r, rt) and canContain(rt, ot))
    ]
    effects = [
      inReceptacle(o, r) := true
      objectAtLocation(o, l) := true
      holds(a, o) := false
      holdsAny(a) := false
    ]
  }
  action cleanObject(Agent - Checkable a, Location - Checkable l, Receptacle - Checkable r, Obj - Checkable o) {
    preconditions = [
      (cleanable(o) and receptacleType(r, sinkBasinType) and atLocation(a, l) and receptacleAtLocation(r, l) and holds(a, o))
    ]
    effects = [
      isClean(o) := true
    ]
  }
  action heatObject(Agent - Checkable a, Location - Checkable l, Receptacle - Checkable r, Obj - Checkable o) {
    preconditions = [
      (heatable(o) and receptacleType(r, microwaveType) and atLocation(a, l) and receptacleAtLocation(r, l) and holds(a, o))
    ]
    effects = [
      isHot(o) := true
      isCool(o) := false
    ]
  }
  action coolObject(Agent - Checkable a, Location - Checkable l, Receptacle - Checkable r, Obj - Checkable o) {
    preconditions = [
      (coolable(o) and receptacleType(r, fridgeType) and atLocation(a, l) and receptacleAtLocation(r, l) and holds(a, o))
    ]
    effects = [
      isCool(o) := true
      isHot(o) := false
    ]
  }
  action toggleObject(Agent - Checkable a, Location - Checkable l, Obj - Checkable o, Receptacle - Checkable r) {
    preconditions = [
      (toggleable(o) and atLocation(a, l) and receptacleAtLocation(r, l) and inReceptacle(o, r))
    ]
    effects = [
      if isOn(o) then isOn(o) := false
      if (not isOn(o)) then isOn(o) := true
      isToggled(o) := true
    ]
  }
  action sliceObject(Agent - Checkable a, Location - Checkable l, Obj - Checkable co, Obj - Checkable ko) {
    preconditions = [
      (sliceable(co) and (objectType(ko, knifeType) or objectType(ko, butterKnifeType)) and atLocation(a, l) and objectAtLocation(co, l) and holds(a, ko))
    ]
    effects = [
      isSliced(co) := true
    ]
  }
  action help(Agent - Checkable a) {
    preconditions = [
    ]
    effects = [
      checked(a) := true
    ]
  }
]

objects = [
  ReceptacleType: [sinkBasinType, microwaveType, fridgeType, ottomanType, counterTopType, tvStandType, dresserType, toasterType]
  ObjectType: [knifeType, butterKnifeType, plateType, keyChainType, pillowType, pepperShakerType, mugType]
  Checkable: [agent1, location1, location2, location3, location4, location5, ottoman_1, counterTop_2, tvStand_3, dresser_4, toaster_5, microwave_6, fridge_7, plate_1, keyChain_2, pillow_3, pepperShaker_4, mug_5]
  Agent - Checkable: [agent1]
  Location - Checkable: [location1, location2, location3, location4, location5]
  Receptacle - Checkable: [ottoman_1, counterTop_2, tvStand_3, dresser_4, toaster_5, microwave_6, fridge_7]
  Obj - Checkable: [plate_1, keyChain_2, pillow_3, pepperShaker_4, mug_5]
]

initial fluents default = [
  bool atLocation[a=Agent - Checkable, l=Location - Checkable] := false
  bool receptacleAtLocation[r=Receptacle - Checkable, l=Location - Checkable] := false
  bool objectAtLocation[o=Obj - Checkable, l=Location - Checkable] := false
  bool openable[r=Receptacle - Checkable] := false
  bool opened[r=Receptacle - Checkable] := false
  bool inReceptacle[o=Obj - Checkable, r=Receptacle - Checkable] := false
  bool isReceptacleObject[o=Obj - Checkable] := false
  bool inReceptacleObject[innerObject=Obj - Checkable, outObject=Obj - Checkable] := false
  bool isReceptacleObjectFull[o=Obj - Checkable] := false
  bool wasInReceptacle[o=Obj - Checkable, r=Receptacle - Checkable] := false
  bool checked[c=Checkable] := false
  bool examined[l=Location - Checkable] := false
  bool receptacleType[r=Receptacle - Checkable, rt=ReceptacleType] := false
  bool canContain[rt=ReceptacleType, ot=ObjectType] := false
  bool objectType[o=Obj - Checkable, t=ObjectType] := false
  bool holds[a=Agent - Checkable, o=Obj - Checkable] := false
  bool holdsAny[a=Agent - Checkable] := false
  bool holdsAnyReceptacleObject[a=Agent - Checkable] := false
  bool full[r=Receptacle - Checkable] := false
  bool isClean[o=Obj - Checkable] := false
  bool cleanable[o=Obj - Checkable] := false
  bool isHot[o=Obj - Checkable] := false
  bool heatable[o=Obj - Checkable] := false
  bool isCool[o=Obj - Checkable] := false
  bool coolable[o=Obj - Checkable] := false
  bool pickupable[o=Obj - Checkable] := false
  bool moveable[o=Obj - Checkable] := false
  bool toggleable[o=Obj - Checkable] := false
  bool isOn[o=Obj - Checkable] := false
  bool isToggled[o=Obj - Checkable] := false
  bool sliceable[o=Obj - Checkable] := false
  bool isSliced[o=Obj - Checkable] := false
]

initial values = [
  receptacleType(ottoman_1, ottomanType) := true
  receptacleType(counterTop_2, counterTopType) := true
  receptacleType(tvStand_3, tvStandType) := true
  receptacleType(dresser_4, dresserType) := true
  receptacleType(toaster_5, toasterType) := true
  receptacleType(microwave_6, microwaveType) := true
  receptacleType(fridge_7, fridgeType) := true
  objectType(plate_1, plateType) := true
  objectType(keyChain_2, keyChainType) := true
  objectType(pillow_3, pillowType) := true
  objectType(pepperShaker_4, pepperShakerType) := true
  objectType(mug_5, mugType) := true
  canContain(ottomanType, keyChainType) := true
  canContain(ottomanType, pillowType) := true
  canContain(counterTopType, plateType) := true
  canContain(counterTopType, keyChainType) := true
  canContain(counterTopType, pepperShakerType) := true
  canContain(counterTopType, mugType) := true
  canContain(dresserType, plateType) := true
  canContain(dresserType, keyChainType) := true
  canContain(dresserType, mugType) := true
  canContain(microwaveType, plateType) := true
  canContain(microwaveType, mugType) := true
  canContain(fridgeType, plateType) := true
  canContain(fridgeType, mugType) := true
  pickupable(plate_1) := true
  isReceptacleObject(plate_1) := true
  cleanable(plate_1) := true
  heatable(plate_1) := true
  coolable(plate_1) := true
  pickupable(keyChain_2) := true
  pickupable(pillow_3) := true
  pickupable(pepperShaker_4) := true
  pickupable(mug_5) := true
  isReceptacleObject(mug_5) := true
  cleanable(mug_5) := true
  heatable(mug_5) := true
  coolable(mug_5) := true
  receptacleAtLocation(ottoman_1, location5) := true
  receptacleAtLocation(counterTop_2, location1) := true
  receptacleAtLocation(tvStand_3, location2) := true
  receptacleAtLocation(dresser_4, location2) := true
  receptacleAtLocation(toaster_5, location1) := true
  receptacleAtLocation(microwave_6, location1) := true
  receptacleAtLocation(fridge_7, location4) := true
  inReceptacle(plate_1, fridge_7) := true
  inReceptacle(keyChain_2, dresser_4) := true
  inReceptacle(pillow_3, ottoman_1) := true
  inReceptacle(pepperShaker_4, counterTop_2) := true
  inReceptacle(mug_5, counterTop_2) := true
  objectAtLocation(plate_1, location4) := true
  objectAtLocation(keyChain_2, location2) := true
  objectAtLocation(pillow_3, location5) := true
  objectAtLocation(pepperShaker_4, location1) := true
  objectAtLocation(mug_5, location1) := true
  atLocation(agent1, location3) := true
]

goals = [
  Exists (Receptacle - Checkable r) Exists (Obj - Checkable o) (inReceptacle(o, r) and objectType(o, plateType) and receptacleType(r, microwaveType))
]

quality metrics = [
  minimize sequential-plan-length
]


2025-08-13 11:09:07,745 - INFO - Generating plan for unconstrained problem

2025-08-13 11:09:08,179 - INFO - Unconstrained plan generation time: 0.4338257312774658

2025-08-13 11:09:08,179 - INFO - Unconstrained plan and cost: 
2025-08-13 11:09:08,179 - INFO - SequentialPlan:
    goToLocation(agent1, location3, location4)
    pickupObject(agent1, location4, plate_1, fridge_7)
    goToLocation(agent1, location4, location1)
    putObject(agent1, location1, plate_1, microwave_6, plateType, microwaveType)
2025-08-13 11:09:08,180 - INFO - 4
2025-08-13 11:09:08,575 - INFO - Sampled constraints:

2025-08-13 11:09:08,575 - INFO - Sometime(atLocation(agent1, location4))
2025-08-13 11:09:08,575 - INFO - Sometime-After(atLocation(agent1, location4), (checked(location2) or objectAtLocation(pillow_3, location2)))
2025-08-13 11:09:08,575 - INFO - Sometime((checked(pillow_3) or holds(agent1, mug_5)))
2025-08-13 11:09:08,575 - INFO - Sometime(holds(agent1, plate_1))
2025-08-13 11:09:08,575 - INFO - Sometime-Before(holds(agent1, plate_1), (objectAtLocation(keyChain_2, location4) or objectAtLocation(plate_1, location3)))
2025-08-13 11:09:08,575 - INFO - Sometime(holds(agent1, mug_5))
2025-08-13 11:09:08,575 - INFO - Sometime((holds(agent1, keyChain_2) or checked(pillow_3)))
2025-08-13 11:09:08,575 - INFO - Sometime((checked(location3) or atLocation(agent1, location2)))
2025-08-13 11:09:08,575 - INFO - Sometime((holds(agent1, mug_5) or holds(agent1, pepperShaker_4)))
2025-08-13 11:09:08,575 - INFO - 
2025-08-13 11:09:08,575 - INFO - Generation time: 0.3948078155517578

2025-08-13 11:09:08,576 - INFO - Generating plan for constrained problem (with LiftedTCORE).

2025-08-13 11:09:08,642 - INFO - LiftedTCORE compilation time: 0.06617212295532227

2025-08-13 11:09:09,239 - INFO - Planning Time with LiftedTCORE's file: 0.5965437889099121

