2025-08-13 11:06:45,846 - INFO - 
================= Seed: 1221 =================

2025-08-13 11:06:45,846 - INFO - problem name = alfred

types = [ReceptacleType, ObjectType, Checkable, Agent - Checkable, Location - Checkable, Receptacle - Checkable, Obj - Checkable]

fluents = [
  bool atLocation[a=Agent - Checkable, l=Location - Checkable]
  bool receptacleAtLocation[r=Receptacle - Checkable, l=Location - Checkable]
  bool objectAtLocation[o=Obj - Checkable, l=Location - Checkable]
  bool openable[r=Receptacle - Checkable]
  bool opened[r=Receptacle - Checkable]
  bool inReceptacle[o=Obj - Checkable, r=Receptacle - Checkable]
  bool isReceptacleObject[o=Obj - Checkable]
  bool inReceptacleObject[innerObject=Obj - Checkable, outObject=Obj - Checkable]
  bool isReceptacleObjectFull[o=Obj - Checkable]
  bool wasInReceptacle[o=Obj - Checkable, r=Receptacle - Checkable]
  bool checked[c=Checkable]
  bool examined[l=Location - Checkable]
  bool receptacleType[r=Receptacle - Checkable, rt=ReceptacleType]
  bool canContain[rt=ReceptacleType, ot=ObjectType]
  bool objectType[o=Obj - Checkable, t=ObjectType]
  bool holds[a=Agent - Checkable, o=Obj - Checkable]
  bool holdsAny[a=Agent - Checkable]
  bool holdsAnyReceptacleObject[a=Agent - Checkable]
  bool full[r=Receptacle - Checkable]
  bool isClean[o=Obj - Checkable]
  bool cleanable[o=Obj - Checkable]
  bool isHot[o=Obj - Checkable]
  bool heatable[o=Obj - Checkable]
  bool isCool[o=Obj - Checkable]
  bool coolable[o=Obj - Checkable]
  bool pickupable[o=Obj - Checkable]
  bool moveable[o=Obj - Checkable]
  bool toggleable[o=Obj - Checkable]
  bool isOn[o=Obj - Checkable]
  bool isToggled[o=Obj - Checkable]
  bool sliceable[o=Obj - Checkable]
  bool isSliced[o=Obj - Checkable]
]

actions = [
  action look(Agent - Checkable a, Location - Checkable l) {
    preconditions = [
      atLocation(a, l)
    ]
    effects = [
      checked(l) := true
    ]
  }
  action inventory(Agent - Checkable a) {
    preconditions = [
    ]
    effects = [
      checked(a) := true
    ]
  }
  action examineReceptacle(Agent - Checkable a, Receptacle - Checkable r) {
    preconditions = [
      Exists (Location - Checkable l) (atLocation(a, l) and receptacleAtLocation(r, l))
    ]
    effects = [
      checked(r) := true
    ]
  }
  action examineObject(Agent - Checkable a, Obj - Checkable o) {
    preconditions = [
      (Exists (Location - Checkable l) Exists (Receptacle - Checkable r) (atLocation(a, l) and receptacleAtLocation(r, l) and inReceptacle(o, r) and ((not openable(r)) or opened(r))) or holds(a, o))
    ]
    effects = [
      checked(o) := true
    ]
  }
  action goToLocation(Agent - Checkable a, Location - Checkable lstart, Location - Checkable lend) {
    preconditions = [
      atLocation(a, lstart)
    ]
    effects = [
      atLocation(a, lstart) := false
      atLocation(a, lend) := true
    ]
  }
  action openObject(Agent - Checkable a, Location - Checkable l, Receptacle - Checkable r) {
    preconditions = [
      (openable(r) and atLocation(a, l) and receptacleAtLocation(r, l) and (not opened(r)))
    ]
    effects = [
      opened(r) := true
      checked(r) := true
    ]
  }
  action closeObject(Agent - Checkable a, Location - Checkable l, Receptacle - Checkable r) {
    preconditions = [
      (openable(r) and atLocation(a, l) and receptacleAtLocation(r, l) and opened(r))
    ]
    effects = [
      opened(r) := false
    ]
  }
  action pickupObject(Agent - Checkable a, Location - Checkable l, Obj - Checkable o, Receptacle - Checkable r) {
    preconditions = [
      (pickupable(o) and atLocation(a, l) and receptacleAtLocation(r, l) and inReceptacle(o, r) and (not holdsAny(a)) and ((not openable(r)) or opened(r)))
    ]
    effects = [
      inReceptacle(o, r) := false
      holds(a, o) := true
      holdsAny(a) := true
      objectAtLocation(o, l) := false
    ]
  }
  action putObject(Agent - Checkable a, Location - Checkable l, Obj - Checkable o, Receptacle - Checkable r, ObjectType ot, ReceptacleType rt) {
    preconditions = [
      (holds(a, o) and atLocation(a, l) and receptacleAtLocation(r, l) and ((not openable(r)) or opened(r)) and objectType(o, ot) and receptacleType(r, rt) and canContain(rt, ot))
    ]
    effects = [
      inReceptacle(o, r) := true
      objectAtLocation(o, l) := true
      holds(a, o) := false
      holdsAny(a) := false
    ]
  }
  action cleanObject(Agent - Checkable a, Location - Checkable l, Receptacle - Checkable r, Obj - Checkable o) {
    preconditions = [
      (cleanable(o) and receptacleType(r, sinkBasinType) and atLocation(a, l) and receptacleAtLocation(r, l) and holds(a, o))
    ]
    effects = [
      isClean(o) := true
    ]
  }
  action heatObject(Agent - Checkable a, Location - Checkable l, Receptacle - Checkable r, Obj - Checkable o) {
    preconditions = [
      (heatable(o) and receptacleType(r, microwaveType) and atLocation(a, l) and receptacleAtLocation(r, l) and holds(a, o))
    ]
    effects = [
      isHot(o) := true
      isCool(o) := false
    ]
  }
  action coolObject(Agent - Checkable a, Location - Checkable l, Receptacle - Checkable r, Obj - Checkable o) {
    preconditions = [
      (coolable(o) and receptacleType(r, fridgeType) and atLocation(a, l) and receptacleAtLocation(r, l) and holds(a, o))
    ]
    effects = [
      isCool(o) := true
      isHot(o) := false
    ]
  }
  action toggleObject(Agent - Checkable a, Location - Checkable l, Obj - Checkable o, Receptacle - Checkable r) {
    preconditions = [
      (toggleable(o) and atLocation(a, l) and receptacleAtLocation(r, l) and inReceptacle(o, r))
    ]
    effects = [
      if isOn(o) then isOn(o) := false
      if (not isOn(o)) then isOn(o) := true
      isToggled(o) := true
    ]
  }
  action sliceObject(Agent - Checkable a, Location - Checkable l, Obj - Checkable co, Obj - Checkable ko) {
    preconditions = [
      (sliceable(co) and (objectType(ko, knifeType) or objectType(ko, butterKnifeType)) and atLocation(a, l) and objectAtLocation(co, l) and holds(a, ko))
    ]
    effects = [
      isSliced(co) := true
    ]
  }
  action help(Agent - Checkable a) {
    preconditions = [
    ]
    effects = [
      checked(a) := true
    ]
  }
]

objects = [
  ReceptacleType: [sinkBasinType, microwaveType, fridgeType, drawerType, coffeeTableType, bedType, garbageCanType, armChairType]
  ObjectType: [knifeType, butterKnifeType, newspaperType, penType, toiletPaperRollType, appleType, plateType]
  Checkable: [agent1, location1, location2, location3, location4, location5, drawer_1, coffeeTable_2, bed_3, garbageCan_4, armChair_5, microwave_6, fridge_7, newspaper_1, pen_2, toiletPaperRoll_3, apple_4, plate_5]
  Agent - Checkable: [agent1]
  Location - Checkable: [location1, location2, location3, location4, location5]
  Receptacle - Checkable: [drawer_1, coffeeTable_2, bed_3, garbageCan_4, armChair_5, microwave_6, fridge_7]
  Obj - Checkable: [newspaper_1, pen_2, toiletPaperRoll_3, apple_4, plate_5]
]

initial fluents default = [
  bool atLocation[a=Agent - Checkable, l=Location - Checkable] := false
  bool receptacleAtLocation[r=Receptacle - Checkable, l=Location - Checkable] := false
  bool objectAtLocation[o=Obj - Checkable, l=Location - Checkable] := false
  bool openable[r=Receptacle - Checkable] := false
  bool opened[r=Receptacle - Checkable] := false
  bool inReceptacle[o=Obj - Checkable, r=Receptacle - Checkable] := false
  bool isReceptacleObject[o=Obj - Checkable] := false
  bool inReceptacleObject[innerObject=Obj - Checkable, outObject=Obj - Checkable] := false
  bool isReceptacleObjectFull[o=Obj - Checkable] := false
  bool wasInReceptacle[o=Obj - Checkable, r=Receptacle - Checkable] := false
  bool checked[c=Checkable] := false
  bool examined[l=Location - Checkable] := false
  bool receptacleType[r=Receptacle - Checkable, rt=ReceptacleType] := false
  bool canContain[rt=ReceptacleType, ot=ObjectType] := false
  bool objectType[o=Obj - Checkable, t=ObjectType] := false
  bool holds[a=Agent - Checkable, o=Obj - Checkable] := false
  bool holdsAny[a=Agent - Checkable] := false
  bool holdsAnyReceptacleObject[a=Agent - Checkable] := false
  bool full[r=Receptacle - Checkable] := false
  bool isClean[o=Obj - Checkable] := false
  bool cleanable[o=Obj - Checkable] := false
  bool isHot[o=Obj - Checkable] := false
  bool heatable[o=Obj - Checkable] := false
  bool isCool[o=Obj - Checkable] := false
  bool coolable[o=Obj - Checkable] := false
  bool pickupable[o=Obj - Checkable] := false
  bool moveable[o=Obj - Checkable] := false
  bool toggleable[o=Obj - Checkable] := false
  bool isOn[o=Obj - Checkable] := false
  bool isToggled[o=Obj - Checkable] := false
  bool sliceable[o=Obj - Checkable] := false
  bool isSliced[o=Obj - Checkable] := false
]

initial values = [
  receptacleType(drawer_1, drawerType) := true
  receptacleType(coffeeTable_2, coffeeTableType) := true
  receptacleType(bed_3, bedType) := true
  receptacleType(garbageCan_4, garbageCanType) := true
  receptacleType(armChair_5, armChairType) := true
  receptacleType(microwave_6, microwaveType) := true
  receptacleType(fridge_7, fridgeType) := true
  objectType(newspaper_1, newspaperType) := true
  objectType(pen_2, penType) := true
  objectType(toiletPaperRoll_3, toiletPaperRollType) := true
  objectType(apple_4, appleType) := true
  objectType(plate_5, plateType) := true
  canContain(drawerType, newspaperType) := true
  canContain(drawerType, penType) := true
  canContain(drawerType, toiletPaperRollType) := true
  canContain(coffeeTableType, newspaperType) := true
  canContain(coffeeTableType, penType) := true
  canContain(coffeeTableType, toiletPaperRollType) := true
  canContain(coffeeTableType, appleType) := true
  canContain(coffeeTableType, plateType) := true
  canContain(bedType, newspaperType) := true
  canContain(garbageCanType, newspaperType) := true
  canContain(garbageCanType, penType) := true
  canContain(garbageCanType, toiletPaperRollType) := true
  canContain(garbageCanType, appleType) := true
  canContain(armChairType, newspaperType) := true
  canContain(microwaveType, appleType) := true
  canContain(microwaveType, plateType) := true
  canContain(fridgeType, appleType) := true
  canContain(fridgeType, plateType) := true
  pickupable(newspaper_1) := true
  pickupable(pen_2) := true
  pickupable(toiletPaperRoll_3) := true
  pickupable(apple_4) := true
  cleanable(apple_4) := true
  heatable(apple_4) := true
  coolable(apple_4) := true
  sliceable(apple_4) := true
  pickupable(plate_5) := true
  isReceptacleObject(plate_5) := true
  cleanable(plate_5) := true
  heatable(plate_5) := true
  coolable(plate_5) := true
  receptacleAtLocation(drawer_1, location2) := true
  receptacleAtLocation(coffeeTable_2, location5) := true
  receptacleAtLocation(bed_3, location5) := true
  receptacleAtLocation(garbageCan_4, location2) := true
  receptacleAtLocation(armChair_5, location5) := true
  receptacleAtLocation(microwave_6, location4) := true
  receptacleAtLocation(fridge_7, location5) := true
  inReceptacle(newspaper_1, drawer_1) := true
  inReceptacle(pen_2, coffeeTable_2) := true
  inReceptacle(toiletPaperRoll_3, garbageCan_4) := true
  inReceptacle(apple_4, fridge_7) := true
  inReceptacle(plate_5, fridge_7) := true
  objectAtLocation(newspaper_1, location2) := true
  objectAtLocation(pen_2, location5) := true
  objectAtLocation(toiletPaperRoll_3, location2) := true
  objectAtLocation(apple_4, location5) := true
  objectAtLocation(plate_5, location5) := true
  atLocation(agent1, location2) := true
]

goals = [
  Exists (Receptacle - Checkable r) Exists (Obj - Checkable o) (inReceptacle(o, r) and objectType(o, newspaperType) and receptacleType(r, bedType))
]

quality metrics = [
  minimize sequential-plan-length
]


2025-08-13 11:06:45,848 - INFO - Generating plan for unconstrained problem

2025-08-13 11:06:46,236 - INFO - Unconstrained plan generation time: 0.38863611221313477

2025-08-13 11:06:46,237 - INFO - Unconstrained plan and cost: 
2025-08-13 11:06:46,237 - INFO - SequentialPlan:
    pickupObject(agent1, location2, newspaper_1, drawer_1)
    goToLocation(agent1, location2, location5)
    putObject(agent1, location5, newspaper_1, bed_3, newspaperType, bedType)
2025-08-13 11:06:46,237 - INFO - 3
2025-08-13 11:06:46,679 - INFO - Sampled constraints:

2025-08-13 11:06:46,679 - INFO - Sometime((holds(agent1, plate_5) or checked(apple_4)))
2025-08-13 11:06:46,679 - INFO - Sometime(holds(agent1, newspaper_1))
2025-08-13 11:06:46,679 - INFO - Sometime-Before(holds(agent1, newspaper_1), atLocation(agent1, location3))
2025-08-13 11:06:46,679 - INFO - Sometime(objectAtLocation(newspaper_1, location4))
2025-08-13 11:06:46,679 - INFO - Sometime(checked(coffeeTable_2))
2025-08-13 11:06:46,679 - INFO - Sometime((objectAtLocation(pen_2, location4) or objectAtLocation(pen_2, location4)))
2025-08-13 11:06:46,679 - INFO - Sometime((objectAtLocation(toiletPaperRoll_3, location3) or checked(location4)))
2025-08-13 11:06:46,679 - INFO - Sometime(holds(agent1, toiletPaperRoll_3))
2025-08-13 11:06:46,679 - INFO - 
2025-08-13 11:06:46,679 - INFO - Generation time: 0.44216108322143555

2025-08-13 11:06:46,680 - INFO - Generating plan for constrained problem (with LiftedTCORE).

2025-08-13 11:06:46,729 - INFO - LiftedTCORE compilation time: 0.04894089698791504

2025-08-13 11:06:47,173 - INFO - Planning Time with LiftedTCORE's file: 0.44406628608703613

