2025-08-13 11:08:57,944 - INFO - 
================= Seed: 1262 =================

2025-08-13 11:08:57,945 - INFO - problem name = alfred

types = [ReceptacleType, ObjectType, Checkable, Agent - Checkable, Location - Checkable, Receptacle - Checkable, Obj - Checkable]

fluents = [
  bool atLocation[a=Agent - Checkable, l=Location - Checkable]
  bool receptacleAtLocation[r=Receptacle - Checkable, l=Location - Checkable]
  bool objectAtLocation[o=Obj - Checkable, l=Location - Checkable]
  bool openable[r=Receptacle - Checkable]
  bool opened[r=Receptacle - Checkable]
  bool inReceptacle[o=Obj - Checkable, r=Receptacle - Checkable]
  bool isReceptacleObject[o=Obj - Checkable]
  bool inReceptacleObject[innerObject=Obj - Checkable, outObject=Obj - Checkable]
  bool isReceptacleObjectFull[o=Obj - Checkable]
  bool wasInReceptacle[o=Obj - Checkable, r=Receptacle - Checkable]
  bool checked[c=Checkable]
  bool examined[l=Location - Checkable]
  bool receptacleType[r=Receptacle - Checkable, rt=ReceptacleType]
  bool canContain[rt=ReceptacleType, ot=ObjectType]
  bool objectType[o=Obj - Checkable, t=ObjectType]
  bool holds[a=Agent - Checkable, o=Obj - Checkable]
  bool holdsAny[a=Agent - Checkable]
  bool holdsAnyReceptacleObject[a=Agent - Checkable]
  bool full[r=Receptacle - Checkable]
  bool isClean[o=Obj - Checkable]
  bool cleanable[o=Obj - Checkable]
  bool isHot[o=Obj - Checkable]
  bool heatable[o=Obj - Checkable]
  bool isCool[o=Obj - Checkable]
  bool coolable[o=Obj - Checkable]
  bool pickupable[o=Obj - Checkable]
  bool moveable[o=Obj - Checkable]
  bool toggleable[o=Obj - Checkable]
  bool isOn[o=Obj - Checkable]
  bool isToggled[o=Obj - Checkable]
  bool sliceable[o=Obj - Checkable]
  bool isSliced[o=Obj - Checkable]
]

actions = [
  action look(Agent - Checkable a, Location - Checkable l) {
    preconditions = [
      atLocation(a, l)
    ]
    effects = [
      checked(l) := true
    ]
  }
  action inventory(Agent - Checkable a) {
    preconditions = [
    ]
    effects = [
      checked(a) := true
    ]
  }
  action examineReceptacle(Agent - Checkable a, Receptacle - Checkable r) {
    preconditions = [
      Exists (Location - Checkable l) (atLocation(a, l) and receptacleAtLocation(r, l))
    ]
    effects = [
      checked(r) := true
    ]
  }
  action examineObject(Agent - Checkable a, Obj - Checkable o) {
    preconditions = [
      (Exists (Location - Checkable l) Exists (Receptacle - Checkable r) (atLocation(a, l) and receptacleAtLocation(r, l) and inReceptacle(o, r) and ((not openable(r)) or opened(r))) or holds(a, o))
    ]
    effects = [
      checked(o) := true
    ]
  }
  action goToLocation(Agent - Checkable a, Location - Checkable lstart, Location - Checkable lend) {
    preconditions = [
      atLocation(a, lstart)
    ]
    effects = [
      atLocation(a, lstart) := false
      atLocation(a, lend) := true
    ]
  }
  action openObject(Agent - Checkable a, Location - Checkable l, Receptacle - Checkable r) {
    preconditions = [
      (openable(r) and atLocation(a, l) and receptacleAtLocation(r, l) and (not opened(r)))
    ]
    effects = [
      opened(r) := true
      checked(r) := true
    ]
  }
  action closeObject(Agent - Checkable a, Location - Checkable l, Receptacle - Checkable r) {
    preconditions = [
      (openable(r) and atLocation(a, l) and receptacleAtLocation(r, l) and opened(r))
    ]
    effects = [
      opened(r) := false
    ]
  }
  action pickupObject(Agent - Checkable a, Location - Checkable l, Obj - Checkable o, Receptacle - Checkable r) {
    preconditions = [
      (pickupable(o) and atLocation(a, l) and receptacleAtLocation(r, l) and inReceptacle(o, r) and (not holdsAny(a)) and ((not openable(r)) or opened(r)))
    ]
    effects = [
      inReceptacle(o, r) := false
      holds(a, o) := true
      holdsAny(a) := true
      objectAtLocation(o, l) := false
    ]
  }
  action putObject(Agent - Checkable a, Location - Checkable l, Obj - Checkable o, Receptacle - Checkable r, ObjectType ot, ReceptacleType rt) {
    preconditions = [
      (holds(a, o) and atLocation(a, l) and receptacleAtLocation(r, l) and ((not openable(r)) or opened(r)) and objectType(o, ot) and receptacleType(r, rt) and canContain(rt, ot))
    ]
    effects = [
      inReceptacle(o, r) := true
      objectAtLocation(o, l) := true
      holds(a, o) := false
      holdsAny(a) := false
    ]
  }
  action cleanObject(Agent - Checkable a, Location - Checkable l, Receptacle - Checkable r, Obj - Checkable o) {
    preconditions = [
      (cleanable(o) and receptacleType(r, sinkBasinType) and atLocation(a, l) and receptacleAtLocation(r, l) and holds(a, o))
    ]
    effects = [
      isClean(o) := true
    ]
  }
  action heatObject(Agent - Checkable a, Location - Checkable l, Receptacle - Checkable r, Obj - Checkable o) {
    preconditions = [
      (heatable(o) and receptacleType(r, microwaveType) and atLocation(a, l) and receptacleAtLocation(r, l) and holds(a, o))
    ]
    effects = [
      isHot(o) := true
      isCool(o) := false
    ]
  }
  action coolObject(Agent - Checkable a, Location - Checkable l, Receptacle - Checkable r, Obj - Checkable o) {
    preconditions = [
      (coolable(o) and receptacleType(r, fridgeType) and atLocation(a, l) and receptacleAtLocation(r, l) and holds(a, o))
    ]
    effects = [
      isCool(o) := true
      isHot(o) := false
    ]
  }
  action toggleObject(Agent - Checkable a, Location - Checkable l, Obj - Checkable o, Receptacle - Checkable r) {
    preconditions = [
      (toggleable(o) and atLocation(a, l) and receptacleAtLocation(r, l) and inReceptacle(o, r))
    ]
    effects = [
      if isOn(o) then isOn(o) := false
      if (not isOn(o)) then isOn(o) := true
      isToggled(o) := true
    ]
  }
  action sliceObject(Agent - Checkable a, Location - Checkable l, Obj - Checkable co, Obj - Checkable ko) {
    preconditions = [
      (sliceable(co) and (objectType(ko, knifeType) or objectType(ko, butterKnifeType)) and atLocation(a, l) and objectAtLocation(co, l) and holds(a, ko))
    ]
    effects = [
      isSliced(co) := true
    ]
  }
  action help(Agent - Checkable a) {
    preconditions = [
    ]
    effects = [
      checked(a) := true
    ]
  }
]

objects = [
  ReceptacleType: [sinkBasinType, microwaveType, fridgeType, counterTopType, diningTableType, bathtubBasinType]
  ObjectType: [knifeType, butterKnifeType, remoteControlType, toiletPaperType, spoonType, toiletPaperRollType, cupType]
  Checkable: [agent1, location1, location2, location3, location4, location5, counterTop_1, microwave_2, counterTop_3, diningTable_4, bathtubBasin_5, microwave_6, fridge_7, remoteControl_1, toiletPaper_2, spoon_3, toiletPaperRoll_4, cup_5]
  Agent - Checkable: [agent1]
  Location - Checkable: [location1, location2, location3, location4, location5]
  Receptacle - Checkable: [counterTop_1, microwave_2, counterTop_3, diningTable_4, bathtubBasin_5, microwave_6, fridge_7]
  Obj - Checkable: [remoteControl_1, toiletPaper_2, spoon_3, toiletPaperRoll_4, cup_5]
]

initial fluents default = [
  bool atLocation[a=Agent - Checkable, l=Location - Checkable] := false
  bool receptacleAtLocation[r=Receptacle - Checkable, l=Location - Checkable] := false
  bool objectAtLocation[o=Obj - Checkable, l=Location - Checkable] := false
  bool openable[r=Receptacle - Checkable] := false
  bool opened[r=Receptacle - Checkable] := false
  bool inReceptacle[o=Obj - Checkable, r=Receptacle - Checkable] := false
  bool isReceptacleObject[o=Obj - Checkable] := false
  bool inReceptacleObject[innerObject=Obj - Checkable, outObject=Obj - Checkable] := false
  bool isReceptacleObjectFull[o=Obj - Checkable] := false
  bool wasInReceptacle[o=Obj - Checkable, r=Receptacle - Checkable] := false
  bool checked[c=Checkable] := false
  bool examined[l=Location - Checkable] := false
  bool receptacleType[r=Receptacle - Checkable, rt=ReceptacleType] := false
  bool canContain[rt=ReceptacleType, ot=ObjectType] := false
  bool objectType[o=Obj - Checkable, t=ObjectType] := false
  bool holds[a=Agent - Checkable, o=Obj - Checkable] := false
  bool holdsAny[a=Agent - Checkable] := false
  bool holdsAnyReceptacleObject[a=Agent - Checkable] := false
  bool full[r=Receptacle - Checkable] := false
  bool isClean[o=Obj - Checkable] := false
  bool cleanable[o=Obj - Checkable] := false
  bool isHot[o=Obj - Checkable] := false
  bool heatable[o=Obj - Checkable] := false
  bool isCool[o=Obj - Checkable] := false
  bool coolable[o=Obj - Checkable] := false
  bool pickupable[o=Obj - Checkable] := false
  bool moveable[o=Obj - Checkable] := false
  bool toggleable[o=Obj - Checkable] := false
  bool isOn[o=Obj - Checkable] := false
  bool isToggled[o=Obj - Checkable] := false
  bool sliceable[o=Obj - Checkable] := false
  bool isSliced[o=Obj - Checkable] := false
]

initial values = [
  receptacleType(counterTop_1, counterTopType) := true
  receptacleType(microwave_2, microwaveType) := true
  receptacleType(counterTop_3, counterTopType) := true
  receptacleType(diningTable_4, diningTableType) := true
  receptacleType(bathtubBasin_5, bathtubBasinType) := true
  receptacleType(microwave_6, microwaveType) := true
  receptacleType(fridge_7, fridgeType) := true
  objectType(remoteControl_1, remoteControlType) := true
  objectType(toiletPaper_2, toiletPaperType) := true
  objectType(spoon_3, spoonType) := true
  objectType(toiletPaperRoll_4, toiletPaperRollType) := true
  objectType(cup_5, cupType) := true
  canContain(counterTopType, remoteControlType) := true
  canContain(counterTopType, toiletPaperType) := true
  canContain(counterTopType, spoonType) := true
  canContain(counterTopType, toiletPaperRollType) := true
  canContain(counterTopType, cupType) := true
  canContain(microwaveType, cupType) := true
  canContain(diningTableType, remoteControlType) := true
  canContain(diningTableType, toiletPaperType) := true
  canContain(diningTableType, spoonType) := true
  canContain(diningTableType, toiletPaperRollType) := true
  canContain(diningTableType, cupType) := true
  canContain(fridgeType, cupType) := true
  pickupable(remoteControl_1) := true
  pickupable(toiletPaper_2) := true
  pickupable(spoon_3) := true
  cleanable(spoon_3) := true
  pickupable(toiletPaperRoll_4) := true
  pickupable(cup_5) := true
  isReceptacleObject(cup_5) := true
  cleanable(cup_5) := true
  heatable(cup_5) := true
  coolable(cup_5) := true
  receptacleAtLocation(counterTop_1, location5) := true
  receptacleAtLocation(microwave_2, location5) := true
  receptacleAtLocation(counterTop_3, location5) := true
  receptacleAtLocation(diningTable_4, location4) := true
  receptacleAtLocation(bathtubBasin_5, location4) := true
  receptacleAtLocation(microwave_6, location4) := true
  receptacleAtLocation(fridge_7, location1) := true
  inReceptacle(remoteControl_1, counterTop_3) := true
  inReceptacle(toiletPaper_2, counterTop_1) := true
  inReceptacle(spoon_3, counterTop_3) := true
  inReceptacle(toiletPaperRoll_4, diningTable_4) := true
  inReceptacle(cup_5, counterTop_3) := true
  objectAtLocation(remoteControl_1, location5) := true
  objectAtLocation(toiletPaper_2, location5) := true
  objectAtLocation(spoon_3, location5) := true
  objectAtLocation(toiletPaperRoll_4, location4) := true
  objectAtLocation(cup_5, location5) := true
  atLocation(agent1, location5) := true
]

goals = [
  Exists (Receptacle - Checkable r) Exists (Obj - Checkable o) (inReceptacle(o, r) and objectType(o, spoonType) and receptacleType(r, diningTableType))
]

quality metrics = [
  minimize sequential-plan-length
]


2025-08-13 11:08:57,948 - INFO - Generating plan for unconstrained problem

2025-08-13 11:08:58,370 - INFO - Unconstrained plan generation time: 0.4219796657562256

2025-08-13 11:08:58,371 - INFO - Unconstrained plan and cost: 
2025-08-13 11:08:58,371 - INFO - SequentialPlan:
    pickupObject(agent1, location5, spoon_3, counterTop_3)
    goToLocation(agent1, location5, location4)
    putObject(agent1, location4, spoon_3, diningTable_4, spoonType, diningTableType)
2025-08-13 11:08:58,371 - INFO - 3
2025-08-13 11:08:59,436 - INFO - Sampled constraints:

2025-08-13 11:08:59,436 - INFO - Sometime(checked(agent1))
2025-08-13 11:08:59,436 - INFO - Sometime(holds(agent1, spoon_3))
2025-08-13 11:08:59,436 - INFO - Sometime-Before(holds(agent1, spoon_3), atLocation(agent1, location4))
2025-08-13 11:08:59,436 - INFO - Sometime(atLocation(agent1, location4))
2025-08-13 11:08:59,436 - INFO - Sometime-Before(atLocation(agent1, location4), (objectAtLocation(spoon_3, location3) or checked(cup_5)))
2025-08-13 11:08:59,437 - INFO - Sometime((checked(cup_5) or objectAtLocation(toiletPaper_2, location3)))
2025-08-13 11:08:59,437 - INFO - Sometime(objectAtLocation(spoon_3, location4))
2025-08-13 11:08:59,437 - INFO - Sometime-Before(objectAtLocation(spoon_3, location4), holds(agent1, toiletPaper_2))
2025-08-13 11:08:59,437 - INFO - Sometime(holds(agent1, toiletPaper_2))
2025-08-13 11:08:59,437 - INFO - Sometime((objectAtLocation(remoteControl_1, location1) or checked(fridge_7)))
2025-08-13 11:08:59,437 - INFO - 
2025-08-13 11:08:59,437 - INFO - Generation time: 1.0651798248291016

2025-08-13 11:08:59,438 - INFO - Generating plan for constrained problem (with LiftedTCORE).

2025-08-13 11:08:59,507 - INFO - LiftedTCORE compilation time: 0.06885027885437012

2025-08-13 11:09:00,274 - INFO - Planning Time with LiftedTCORE's file: 0.767404317855835

2025-08-13 11:09:00,275 - INFO - Plan found with LiftedTCORE + sym_bd: SequentialPlan:
    pickupObject(agent1, location5, toiletPaper_2, counterTop_1)
    putObject(agent1, location5, toiletPaper_2, counterTop_1, toiletPaperType, counterTopType)
    examineObject(agent1, cup_5)
    goToLocation(agent1, location5, location4)
    goToLocation(agent1, location4, location5)
    pickupObject(agent1, location5, spoon_3, counterTop_3)
    help(agent1)
    goToLocation(agent1, location5, location1)
    examineReceptacle(agent1, fridge_7)
    goToLocation(agent1, location1, location4)
    putObject(agent1, location4, spoon_3, diningTable_4, spoonType, diningTableType)

2025-08-13 11:09:00,275 - INFO - Seed: 1262 is solvable

2025-08-13 11:09:00,275 - INFO - Unconstrained cost: 3
2025-08-13 11:09:00,275 - INFO - Constrained cost: 11
2025-08-13 11:09:00,275 - INFO - Seed: 1262 Plan simulation is feasible
2025-08-13 11:09:00,276 - INFO - 
Seed: 1262 
 Plan: [pickupObject(agent1, location5, toiletPaper_2, counterTop_1), putObject(agent1, location5, toiletPaper_2, counterTop_1, toiletPaperType, counterTopType), examineObject(agent1, cup_5), goToLocation(agent1, location5, location4), goToLocation(agent1, location4, location5), pickupObject(agent1, location5, spoon_3, counterTop_3), help(agent1), goToLocation(agent1, location5, location1), examineReceptacle(agent1, fridge_7), goToLocation(agent1, location1, location4), putObject(agent1, location4, spoon_3, diningTable_4, spoonType, diningTableType)]  
 Cost: 11

2025-08-13 11:09:00,457 - INFO - Time for Translating the Constrained Problem into NL: 4.76837158203125e-07

