2025-06-17 09:57:46,615 - INFO - 
================= Seed: 628 =================

2025-06-17 09:57:46,621 - INFO - problem name = alfred

types = [ReceptacleType, ObjectType, Checkable, Agent - Checkable, Location - Checkable, Receptacle - Checkable, Obj - Checkable]

fluents = [
  bool atLocation[a=Agent - Checkable, l=Location - Checkable]
  bool receptacleAtLocation[r=Receptacle - Checkable, l=Location - Checkable]
  bool objectAtLocation[o=Obj - Checkable, l=Location - Checkable]
  bool openable[r=Receptacle - Checkable]
  bool opened[r=Receptacle - Checkable]
  bool inReceptacle[o=Obj - Checkable, r=Receptacle - Checkable]
  bool isReceptacleObject[o=Obj - Checkable]
  bool inReceptacleObject[innerObject=Obj - Checkable, outObject=Obj - Checkable]
  bool isReceptacleObjectFull[o=Obj - Checkable]
  bool wasInReceptacle[o=Obj - Checkable, r=Receptacle - Checkable]
  bool checked[c=Checkable]
  bool examined[l=Location - Checkable]
  bool receptacleType[r=Receptacle - Checkable, rt=ReceptacleType]
  bool canContain[rt=ReceptacleType, ot=ObjectType]
  bool objectType[o=Obj - Checkable, t=ObjectType]
  bool holds[a=Agent - Checkable, o=Obj - Checkable]
  bool holdsAny[a=Agent - Checkable]
  bool holdsAnyReceptacleObject[a=Agent - Checkable]
  bool full[r=Receptacle - Checkable]
  bool isClean[o=Obj - Checkable]
  bool cleanable[o=Obj - Checkable]
  bool isHot[o=Obj - Checkable]
  bool heatable[o=Obj - Checkable]
  bool isCool[o=Obj - Checkable]
  bool coolable[o=Obj - Checkable]
  bool pickupable[o=Obj - Checkable]
  bool moveable[o=Obj - Checkable]
  bool toggleable[o=Obj - Checkable]
  bool isOn[o=Obj - Checkable]
  bool isToggled[o=Obj - Checkable]
  bool sliceable[o=Obj - Checkable]
  bool isSliced[o=Obj - Checkable]
]

actions = [
  action look(Agent - Checkable a, Location - Checkable l) {
    preconditions = [
      atLocation(a, l)
    ]
    effects = [
      checked(l) := true
    ]
  }
  action inventory(Agent - Checkable a) {
    preconditions = [
    ]
    effects = [
      checked(a) := true
    ]
  }
  action examineReceptacle(Agent - Checkable a, Receptacle - Checkable r) {
    preconditions = [
      Exists (Location - Checkable l) (atLocation(a, l) and receptacleAtLocation(r, l))
    ]
    effects = [
      checked(r) := true
    ]
  }
  action examineObject(Agent - Checkable a, Obj - Checkable o) {
    preconditions = [
      (Exists (Location - Checkable l) Exists (Receptacle - Checkable r) (atLocation(a, l) and receptacleAtLocation(r, l) and inReceptacle(o, r) and ((not openable(r)) or opened(r))) or holds(a, o))
    ]
    effects = [
      checked(o) := true
    ]
  }
  action goToLocation(Agent - Checkable a, Location - Checkable lstart, Location - Checkable lend) {
    preconditions = [
      atLocation(a, lstart)
    ]
    effects = [
      atLocation(a, lstart) := false
      atLocation(a, lend) := true
    ]
  }
  action openObject(Agent - Checkable a, Location - Checkable l, Receptacle - Checkable r) {
    preconditions = [
      (openable(r) and atLocation(a, l) and receptacleAtLocation(r, l) and (not opened(r)))
    ]
    effects = [
      opened(r) := true
      checked(r) := true
    ]
  }
  action closeObject(Agent - Checkable a, Location - Checkable l, Receptacle - Checkable r) {
    preconditions = [
      (openable(r) and atLocation(a, l) and receptacleAtLocation(r, l) and opened(r))
    ]
    effects = [
      opened(r) := false
    ]
  }
  action pickupObject(Agent - Checkable a, Location - Checkable l, Obj - Checkable o, Receptacle - Checkable r) {
    preconditions = [
      (pickupable(o) and atLocation(a, l) and receptacleAtLocation(r, l) and inReceptacle(o, r) and (not holdsAny(a)) and ((not openable(r)) or opened(r)))
    ]
    effects = [
      inReceptacle(o, r) := false
      holds(a, o) := true
      holdsAny(a) := true
      objectAtLocation(o, l) := false
    ]
  }
  action putObject(Agent - Checkable a, Location - Checkable l, Obj - Checkable o, Receptacle - Checkable r, ObjectType ot, ReceptacleType rt) {
    preconditions = [
      (holds(a, o) and atLocation(a, l) and receptacleAtLocation(r, l) and ((not openable(r)) or opened(r)) and objectType(o, ot) and receptacleType(r, rt) and canContain(rt, ot))
    ]
    effects = [
      inReceptacle(o, r) := true
      objectAtLocation(o, l) := true
      holds(a, o) := false
      holdsAny(a) := false
    ]
  }
  action cleanObject(Agent - Checkable a, Location - Checkable l, Receptacle - Checkable r, Obj - Checkable o) {
    preconditions = [
      (cleanable(o) and receptacleType(r, sinkBasinType) and atLocation(a, l) and receptacleAtLocation(r, l) and holds(a, o))
    ]
    effects = [
      isClean(o) := true
    ]
  }
  action heatObject(Agent - Checkable a, Location - Checkable l, Receptacle - Checkable r, Obj - Checkable o) {
    preconditions = [
      (heatable(o) and receptacleType(r, microwaveType) and atLocation(a, l) and receptacleAtLocation(r, l) and holds(a, o))
    ]
    effects = [
      isHot(o) := true
      isCool(o) := false
    ]
  }
  action coolObject(Agent - Checkable a, Location - Checkable l, Receptacle - Checkable r, Obj - Checkable o) {
    preconditions = [
      (coolable(o) and receptacleType(r, fridgeType) and atLocation(a, l) and receptacleAtLocation(r, l) and holds(a, o))
    ]
    effects = [
      isCool(o) := true
      isHot(o) := false
    ]
  }
  action toggleObject(Agent - Checkable a, Location - Checkable l, Obj - Checkable o, Receptacle - Checkable r) {
    preconditions = [
      (toggleable(o) and atLocation(a, l) and receptacleAtLocation(r, l) and inReceptacle(o, r))
    ]
    effects = [
      if isOn(o) then isOn(o) := false
      if (not isOn(o)) then isOn(o) := true
      isToggled(o) := true
    ]
  }
  action sliceObject(Agent - Checkable a, Location - Checkable l, Obj - Checkable co, Obj - Checkable ko) {
    preconditions = [
      (sliceable(co) and (objectType(ko, knifeType) or objectType(ko, butterKnifeType)) and atLocation(a, l) and objectAtLocation(co, l) and holds(a, ko))
    ]
    effects = [
      isSliced(co) := true
    ]
  }
  action help(Agent - Checkable a) {
    preconditions = [
    ]
    effects = [
      checked(a) := true
    ]
  }
]

objects = [
  ReceptacleType: [sinkBasinType, microwaveType, fridgeType, tvStandType, diningTableType, shelfType, safeType, dresserType, sideTableType, toasterType, cabinetType]
  ObjectType: [knifeType, butterKnifeType, toiletPaperRollType, laptopType, candleType, spatulaType, penType, potatoType, lettuceType, vaseType, cupType]
  Checkable: [agent1, location1, location2, location3, location4, location5, location6, location7, location8, location9, location10, tvStand_1, diningTable_2, shelf_3, safe_4, safe_5, dresser_6, sinkBasin_7, sideTable_8, toaster_9, cabinet_10, toiletPaperRoll_1, laptop_2, laptop_3, candle_4, spatula_5, pen_6, potato_7, lettuce_8, vase_9, cup_10]
  Agent - Checkable: [agent1]
  Location - Checkable: [location1, location2, location3, location4, location5, location6, location7, location8, location9, location10]
  Receptacle - Checkable: [tvStand_1, diningTable_2, shelf_3, safe_4, safe_5, dresser_6, sinkBasin_7, sideTable_8, toaster_9, cabinet_10]
  Obj - Checkable: [toiletPaperRoll_1, laptop_2, laptop_3, candle_4, spatula_5, pen_6, potato_7, lettuce_8, vase_9, cup_10]
]

initial fluents default = [
  bool atLocation[a=Agent - Checkable, l=Location - Checkable] := false
  bool receptacleAtLocation[r=Receptacle - Checkable, l=Location - Checkable] := false
  bool objectAtLocation[o=Obj - Checkable, l=Location - Checkable] := false
  bool openable[r=Receptacle - Checkable] := false
  bool opened[r=Receptacle - Checkable] := false
  bool inReceptacle[o=Obj - Checkable, r=Receptacle - Checkable] := false
  bool isReceptacleObject[o=Obj - Checkable] := false
  bool inReceptacleObject[innerObject=Obj - Checkable, outObject=Obj - Checkable] := false
  bool isReceptacleObjectFull[o=Obj - Checkable] := false
  bool wasInReceptacle[o=Obj - Checkable, r=Receptacle - Checkable] := false
  bool checked[c=Checkable] := false
  bool examined[l=Location - Checkable] := false
  bool receptacleType[r=Receptacle - Checkable, rt=ReceptacleType] := false
  bool canContain[rt=ReceptacleType, ot=ObjectType] := false
  bool objectType[o=Obj - Checkable, t=ObjectType] := false
  bool holds[a=Agent - Checkable, o=Obj - Checkable] := false
  bool holdsAny[a=Agent - Checkable] := false
  bool holdsAnyReceptacleObject[a=Agent - Checkable] := false
  bool full[r=Receptacle - Checkable] := false
  bool isClean[o=Obj - Checkable] := false
  bool cleanable[o=Obj - Checkable] := false
  bool isHot[o=Obj - Checkable] := false
  bool heatable[o=Obj - Checkable] := false
  bool isCool[o=Obj - Checkable] := false
  bool coolable[o=Obj - Checkable] := false
  bool pickupable[o=Obj - Checkable] := false
  bool moveable[o=Obj - Checkable] := false
  bool toggleable[o=Obj - Checkable] := false
  bool isOn[o=Obj - Checkable] := false
  bool isToggled[o=Obj - Checkable] := false
  bool sliceable[o=Obj - Checkable] := false
  bool isSliced[o=Obj - Checkable] := false
]

initial values = [
  receptacleType(tvStand_1, tvStandType) := true
  receptacleType(diningTable_2, diningTableType) := true
  receptacleType(shelf_3, shelfType) := true
  receptacleType(safe_4, safeType) := true
  receptacleType(safe_5, safeType) := true
  receptacleType(dresser_6, dresserType) := true
  receptacleType(sinkBasin_7, sinkBasinType) := true
  receptacleType(sideTable_8, sideTableType) := true
  receptacleType(toaster_9, toasterType) := true
  receptacleType(cabinet_10, cabinetType) := true
  objectType(toiletPaperRoll_1, toiletPaperRollType) := true
  objectType(laptop_2, laptopType) := true
  objectType(laptop_3, laptopType) := true
  objectType(candle_4, candleType) := true
  objectType(spatula_5, spatulaType) := true
  objectType(pen_6, penType) := true
  objectType(potato_7, potatoType) := true
  objectType(lettuce_8, lettuceType) := true
  objectType(vase_9, vaseType) := true
  objectType(cup_10, cupType) := true
  canContain(diningTableType, toiletPaperRollType) := true
  canContain(diningTableType, laptopType) := true
  canContain(diningTableType, candleType) := true
  canContain(diningTableType, spatulaType) := true
  canContain(diningTableType, penType) := true
  canContain(diningTableType, potatoType) := true
  canContain(diningTableType, lettuceType) := true
  canContain(diningTableType, vaseType) := true
  canContain(diningTableType, cupType) := true
  canContain(shelfType, toiletPaperRollType) := true
  canContain(shelfType, candleType) := true
  canContain(shelfType, penType) := true
  canContain(shelfType, vaseType) := true
  canContain(shelfType, cupType) := true
  canContain(safeType, vaseType) := true
  canContain(dresserType, toiletPaperRollType) := true
  canContain(dresserType, laptopType) := true
  canContain(dresserType, candleType) := true
  canContain(dresserType, penType) := true
  canContain(dresserType, vaseType) := true
  canContain(dresserType, cupType) := true
  canContain(sinkBasinType, spatulaType) := true
  canContain(sinkBasinType, potatoType) := true
  canContain(sinkBasinType, lettuceType) := true
  canContain(sinkBasinType, cupType) := true
  canContain(sideTableType, toiletPaperRollType) := true
  canContain(sideTableType, laptopType) := true
  canContain(sideTableType, candleType) := true
  canContain(sideTableType, spatulaType) := true
  canContain(sideTableType, penType) := true
  canContain(sideTableType, potatoType) := true
  canContain(sideTableType, lettuceType) := true
  canContain(sideTableType, vaseType) := true
  canContain(sideTableType, cupType) := true
  canContain(cabinetType, toiletPaperRollType) := true
  canContain(cabinetType, candleType) := true
  canContain(cabinetType, vaseType) := true
  canContain(cabinetType, cupType) := true
  pickupable(toiletPaperRoll_1) := true
  pickupable(laptop_2) := true
  pickupable(laptop_3) := true
  pickupable(candle_4) := true
  pickupable(spatula_5) := true
  cleanable(spatula_5) := true
  pickupable(pen_6) := true
  pickupable(potato_7) := true
  cleanable(potato_7) := true
  heatable(potato_7) := true
  coolable(potato_7) := true
  sliceable(potato_7) := true
  pickupable(lettuce_8) := true
  cleanable(lettuce_8) := true
  coolable(lettuce_8) := true
  sliceable(lettuce_8) := true
  pickupable(vase_9) := true
  pickupable(cup_10) := true
  isReceptacleObject(cup_10) := true
  cleanable(cup_10) := true
  heatable(cup_10) := true
  coolable(cup_10) := true
  receptacleAtLocation(tvStand_1, location5) := true
  receptacleAtLocation(diningTable_2, location7) := true
  receptacleAtLocation(shelf_3, location1) := true
  receptacleAtLocation(safe_4, location4) := true
  receptacleAtLocation(safe_5, location8) := true
  receptacleAtLocation(dresser_6, location6) := true
  receptacleAtLocation(sinkBasin_7, location1) := true
  receptacleAtLocation(sideTable_8, location7) := true
  receptacleAtLocation(toaster_9, location9) := true
  receptacleAtLocation(cabinet_10, location9) := true
  inReceptacle(laptop_3, diningTable_2) := true
  inReceptacle(candle_4, cabinet_10) := true
  inReceptacle(vase_9, safe_4) := true
  inReceptacle(cup_10, dresser_6) := true
  objectAtLocation(toiletPaperRoll_1, location5) := true
  objectAtLocation(laptop_2, location5) := true
  objectAtLocation(laptop_3, location7) := true
  objectAtLocation(candle_4, location9) := true
  objectAtLocation(spatula_5, location4) := true
  objectAtLocation(pen_6, location6) := true
  objectAtLocation(potato_7, location6) := true
  objectAtLocation(lettuce_8, location4) := true
  objectAtLocation(vase_9, location4) := true
  objectAtLocation(cup_10, location6) := true
  atLocation(agent1, location8) := true
]

goals = [
  Exists (Receptacle - Checkable r) Exists (Obj - Checkable o1) (inReceptacle(o1, r) and objectType(o1, candleType) and receptacleType(r, sideTableType) and Exists (Obj - Checkable o2) ((not (o1 == o2)) and objectType(o2, vaseType) and receptacleType(r, sideTableType) and inReceptacle(o2, r)))
]

quality metrics = [
  minimize sequential-plan-length
]


2025-06-17 09:57:46,623 - INFO - Generating plan for unconstrained problem

2025-06-17 09:57:47,070 - INFO - Unconstrained plan generation time: 0.44757843017578125

2025-06-17 09:57:47,071 - INFO - Unconstrained plan and cost: 
2025-06-17 09:57:47,071 - INFO - SequentialPlan:
    goToLocation(agent1, location8, location9)
    pickupObject(agent1, location9, candle_4, cabinet_10)
    goToLocation(agent1, location9, location7)
    putObject(agent1, location7, candle_4, sideTable_8, candleType, sideTableType)
    goToLocation(agent1, location7, location4)
    pickupObject(agent1, location4, vase_9, safe_4)
    goToLocation(agent1, location4, location7)
    putObject(agent1, location7, vase_9, sideTable_8, vaseType, sideTableType)
2025-06-17 09:57:47,071 - INFO - 8
2025-06-17 09:57:47,539 - INFO - Sampled constraints:

2025-06-17 09:57:47,539 - INFO - Sometime(atLocation(agent1, location9))
2025-06-17 09:57:47,539 - INFO - Sometime-Before(atLocation(agent1, location9), checked(spatula_5))
2025-06-17 09:57:47,540 - INFO - 
2025-06-17 09:57:47,540 - INFO - Generation time: 0.46796512603759766

2025-06-17 09:57:47,548 - INFO - Generating plan for constrained problem (with LiftedTCORE).

2025-06-17 09:57:47,597 - INFO - LiftedTCORE compilation time: 0.04898858070373535

2025-06-17 09:57:48,102 - INFO - Planning Time with LiftedTCORE's file: 0.49731945991516113

