2025-06-17 11:16:32,309 - INFO - 
================= Seed: 68 =================

2025-06-17 11:16:32,309 - INFO - problem name = alfred

types = [ReceptacleType, ObjectType, Checkable, Agent - Checkable, Location - Checkable, Receptacle - Checkable, Obj - Checkable]

fluents = [
  bool atLocation[a=Agent - Checkable, l=Location - Checkable]
  bool receptacleAtLocation[r=Receptacle - Checkable, l=Location - Checkable]
  bool objectAtLocation[o=Obj - Checkable, l=Location - Checkable]
  bool openable[r=Receptacle - Checkable]
  bool opened[r=Receptacle - Checkable]
  bool inReceptacle[o=Obj - Checkable, r=Receptacle - Checkable]
  bool isReceptacleObject[o=Obj - Checkable]
  bool inReceptacleObject[innerObject=Obj - Checkable, outObject=Obj - Checkable]
  bool isReceptacleObjectFull[o=Obj - Checkable]
  bool wasInReceptacle[o=Obj - Checkable, r=Receptacle - Checkable]
  bool checked[c=Checkable]
  bool examined[l=Location - Checkable]
  bool receptacleType[r=Receptacle - Checkable, rt=ReceptacleType]
  bool canContain[rt=ReceptacleType, ot=ObjectType]
  bool objectType[o=Obj - Checkable, t=ObjectType]
  bool holds[a=Agent - Checkable, o=Obj - Checkable]
  bool holdsAny[a=Agent - Checkable]
  bool holdsAnyReceptacleObject[a=Agent - Checkable]
  bool full[r=Receptacle - Checkable]
  bool isClean[o=Obj - Checkable]
  bool cleanable[o=Obj - Checkable]
  bool isHot[o=Obj - Checkable]
  bool heatable[o=Obj - Checkable]
  bool isCool[o=Obj - Checkable]
  bool coolable[o=Obj - Checkable]
  bool pickupable[o=Obj - Checkable]
  bool moveable[o=Obj - Checkable]
  bool toggleable[o=Obj - Checkable]
  bool isOn[o=Obj - Checkable]
  bool isToggled[o=Obj - Checkable]
  bool sliceable[o=Obj - Checkable]
  bool isSliced[o=Obj - Checkable]
]

actions = [
  action look(Agent - Checkable a, Location - Checkable l) {
    preconditions = [
      atLocation(a, l)
    ]
    effects = [
      checked(l) := true
    ]
  }
  action inventory(Agent - Checkable a) {
    preconditions = [
    ]
    effects = [
      checked(a) := true
    ]
  }
  action examineReceptacle(Agent - Checkable a, Receptacle - Checkable r) {
    preconditions = [
      Exists (Location - Checkable l) (atLocation(a, l) and receptacleAtLocation(r, l))
    ]
    effects = [
      checked(r) := true
    ]
  }
  action examineObject(Agent - Checkable a, Obj - Checkable o) {
    preconditions = [
      (Exists (Location - Checkable l) Exists (Receptacle - Checkable r) (atLocation(a, l) and receptacleAtLocation(r, l) and inReceptacle(o, r) and ((not openable(r)) or opened(r))) or holds(a, o))
    ]
    effects = [
      checked(o) := true
    ]
  }
  action goToLocation(Agent - Checkable a, Location - Checkable lstart, Location - Checkable lend) {
    preconditions = [
      atLocation(a, lstart)
    ]
    effects = [
      atLocation(a, lstart) := false
      atLocation(a, lend) := true
    ]
  }
  action openObject(Agent - Checkable a, Location - Checkable l, Receptacle - Checkable r) {
    preconditions = [
      (openable(r) and atLocation(a, l) and receptacleAtLocation(r, l) and (not opened(r)))
    ]
    effects = [
      opened(r) := true
      checked(r) := true
    ]
  }
  action closeObject(Agent - Checkable a, Location - Checkable l, Receptacle - Checkable r) {
    preconditions = [
      (openable(r) and atLocation(a, l) and receptacleAtLocation(r, l) and opened(r))
    ]
    effects = [
      opened(r) := false
    ]
  }
  action pickupObject(Agent - Checkable a, Location - Checkable l, Obj - Checkable o, Receptacle - Checkable r) {
    preconditions = [
      (pickupable(o) and atLocation(a, l) and receptacleAtLocation(r, l) and inReceptacle(o, r) and (not holdsAny(a)) and ((not openable(r)) or opened(r)))
    ]
    effects = [
      inReceptacle(o, r) := false
      holds(a, o) := true
      holdsAny(a) := true
      objectAtLocation(o, l) := false
    ]
  }
  action putObject(Agent - Checkable a, Location - Checkable l, Obj - Checkable o, Receptacle - Checkable r, ObjectType ot, ReceptacleType rt) {
    preconditions = [
      (holds(a, o) and atLocation(a, l) and receptacleAtLocation(r, l) and ((not openable(r)) or opened(r)) and objectType(o, ot) and receptacleType(r, rt) and canContain(rt, ot))
    ]
    effects = [
      inReceptacle(o, r) := true
      objectAtLocation(o, l) := true
      holds(a, o) := false
      holdsAny(a) := false
    ]
  }
  action cleanObject(Agent - Checkable a, Location - Checkable l, Receptacle - Checkable r, Obj - Checkable o) {
    preconditions = [
      (cleanable(o) and receptacleType(r, sinkBasinType) and atLocation(a, l) and receptacleAtLocation(r, l) and holds(a, o))
    ]
    effects = [
      isClean(o) := true
    ]
  }
  action heatObject(Agent - Checkable a, Location - Checkable l, Receptacle - Checkable r, Obj - Checkable o) {
    preconditions = [
      (heatable(o) and receptacleType(r, microwaveType) and atLocation(a, l) and receptacleAtLocation(r, l) and holds(a, o))
    ]
    effects = [
      isHot(o) := true
      isCool(o) := false
    ]
  }
  action coolObject(Agent - Checkable a, Location - Checkable l, Receptacle - Checkable r, Obj - Checkable o) {
    preconditions = [
      (coolable(o) and receptacleType(r, fridgeType) and atLocation(a, l) and receptacleAtLocation(r, l) and holds(a, o))
    ]
    effects = [
      isCool(o) := true
      isHot(o) := false
    ]
  }
  action toggleObject(Agent - Checkable a, Location - Checkable l, Obj - Checkable o, Receptacle - Checkable r) {
    preconditions = [
      (toggleable(o) and atLocation(a, l) and receptacleAtLocation(r, l) and inReceptacle(o, r))
    ]
    effects = [
      if isOn(o) then isOn(o) := false
      if (not isOn(o)) then isOn(o) := true
      isToggled(o) := true
    ]
  }
  action sliceObject(Agent - Checkable a, Location - Checkable l, Obj - Checkable co, Obj - Checkable ko) {
    preconditions = [
      (sliceable(co) and (objectType(ko, knifeType) or objectType(ko, butterKnifeType)) and atLocation(a, l) and objectAtLocation(co, l) and holds(a, ko))
    ]
    effects = [
      isSliced(co) := true
    ]
  }
  action help(Agent - Checkable a) {
    preconditions = [
    ]
    effects = [
      checked(a) := true
    ]
  }
]

objects = [
  ReceptacleType: [sinkBasinType, microwaveType, fridgeType, dresserType, sideTableType, ottomanType, bedType, toasterType, towelHolderType, armChairType, bathtubBasinType]
  ObjectType: [knifeType, butterKnifeType, soapBottleType, pillowType, saltShakerType, appleType, newspaperType, tissueBoxType, handTowelType, bowlType]
  Checkable: [agent1, location1, location2, location3, location4, location5, location6, location7, location8, location9, location10, dresser_1, sideTable_2, ottoman_3, dresser_4, bed_5, toaster_6, towelHolder_7, sinkBasin_8, armChair_9, bathtubBasin_10, microwave_11, fridge_12, soapBottle_1, pillow_2, saltShaker_3, apple_4, butterKnife_5, newspaper_6, tissueBox_7, butterKnife_8, handTowel_9, bowl_10]
  Agent - Checkable: [agent1]
  Location - Checkable: [location1, location2, location3, location4, location5, location6, location7, location8, location9, location10]
  Receptacle - Checkable: [dresser_1, sideTable_2, ottoman_3, dresser_4, bed_5, toaster_6, towelHolder_7, sinkBasin_8, armChair_9, bathtubBasin_10, microwave_11, fridge_12]
  Obj - Checkable: [soapBottle_1, pillow_2, saltShaker_3, apple_4, butterKnife_5, newspaper_6, tissueBox_7, butterKnife_8, handTowel_9, bowl_10]
]

initial fluents default = [
  bool atLocation[a=Agent - Checkable, l=Location - Checkable] := false
  bool receptacleAtLocation[r=Receptacle - Checkable, l=Location - Checkable] := false
  bool objectAtLocation[o=Obj - Checkable, l=Location - Checkable] := false
  bool openable[r=Receptacle - Checkable] := false
  bool opened[r=Receptacle - Checkable] := false
  bool inReceptacle[o=Obj - Checkable, r=Receptacle - Checkable] := false
  bool isReceptacleObject[o=Obj - Checkable] := false
  bool inReceptacleObject[innerObject=Obj - Checkable, outObject=Obj - Checkable] := false
  bool isReceptacleObjectFull[o=Obj - Checkable] := false
  bool wasInReceptacle[o=Obj - Checkable, r=Receptacle - Checkable] := false
  bool checked[c=Checkable] := false
  bool examined[l=Location - Checkable] := false
  bool receptacleType[r=Receptacle - Checkable, rt=ReceptacleType] := false
  bool canContain[rt=ReceptacleType, ot=ObjectType] := false
  bool objectType[o=Obj - Checkable, t=ObjectType] := false
  bool holds[a=Agent - Checkable, o=Obj - Checkable] := false
  bool holdsAny[a=Agent - Checkable] := false
  bool holdsAnyReceptacleObject[a=Agent - Checkable] := false
  bool full[r=Receptacle - Checkable] := false
  bool isClean[o=Obj - Checkable] := false
  bool cleanable[o=Obj - Checkable] := false
  bool isHot[o=Obj - Checkable] := false
  bool heatable[o=Obj - Checkable] := false
  bool isCool[o=Obj - Checkable] := false
  bool coolable[o=Obj - Checkable] := false
  bool pickupable[o=Obj - Checkable] := false
  bool moveable[o=Obj - Checkable] := false
  bool toggleable[o=Obj - Checkable] := false
  bool isOn[o=Obj - Checkable] := false
  bool isToggled[o=Obj - Checkable] := false
  bool sliceable[o=Obj - Checkable] := false
  bool isSliced[o=Obj - Checkable] := false
]

initial values = [
  receptacleType(dresser_1, dresserType) := true
  receptacleType(sideTable_2, sideTableType) := true
  receptacleType(ottoman_3, ottomanType) := true
  receptacleType(dresser_4, dresserType) := true
  receptacleType(bed_5, bedType) := true
  receptacleType(toaster_6, toasterType) := true
  receptacleType(towelHolder_7, towelHolderType) := true
  receptacleType(sinkBasin_8, sinkBasinType) := true
  receptacleType(armChair_9, armChairType) := true
  receptacleType(bathtubBasin_10, bathtubBasinType) := true
  receptacleType(microwave_11, microwaveType) := true
  receptacleType(fridge_12, fridgeType) := true
  objectType(soapBottle_1, soapBottleType) := true
  objectType(pillow_2, pillowType) := true
  objectType(saltShaker_3, saltShakerType) := true
  objectType(apple_4, appleType) := true
  objectType(butterKnife_5, butterKnifeType) := true
  objectType(newspaper_6, newspaperType) := true
  objectType(tissueBox_7, tissueBoxType) := true
  objectType(butterKnife_8, butterKnifeType) := true
  objectType(handTowel_9, handTowelType) := true
  objectType(bowl_10, bowlType) := true
  canContain(dresserType, newspaperType) := true
  canContain(dresserType, tissueBoxType) := true
  canContain(dresserType, bowlType) := true
  canContain(sideTableType, soapBottleType) := true
  canContain(sideTableType, saltShakerType) := true
  canContain(sideTableType, appleType) := true
  canContain(sideTableType, butterKnifeType) := true
  canContain(sideTableType, newspaperType) := true
  canContain(sideTableType, tissueBoxType) := true
  canContain(sideTableType, handTowelType) := true
  canContain(sideTableType, bowlType) := true
  canContain(ottomanType, pillowType) := true
  canContain(ottomanType, newspaperType) := true
  canContain(bedType, pillowType) := true
  canContain(bedType, newspaperType) := true
  canContain(sinkBasinType, appleType) := true
  canContain(sinkBasinType, butterKnifeType) := true
  canContain(sinkBasinType, handTowelType) := true
  canContain(sinkBasinType, bowlType) := true
  canContain(armChairType, pillowType) := true
  canContain(armChairType, newspaperType) := true
  canContain(bathtubBasinType, handTowelType) := true
  canContain(microwaveType, appleType) := true
  canContain(microwaveType, bowlType) := true
  canContain(fridgeType, appleType) := true
  canContain(fridgeType, bowlType) := true
  pickupable(soapBottle_1) := true
  pickupable(pillow_2) := true
  pickupable(saltShaker_3) := true
  pickupable(apple_4) := true
  cleanable(apple_4) := true
  heatable(apple_4) := true
  coolable(apple_4) := true
  sliceable(apple_4) := true
  pickupable(butterKnife_5) := true
  cleanable(butterKnife_5) := true
  pickupable(newspaper_6) := true
  pickupable(tissueBox_7) := true
  pickupable(butterKnife_8) := true
  cleanable(butterKnife_8) := true
  pickupable(handTowel_9) := true
  pickupable(bowl_10) := true
  isReceptacleObject(bowl_10) := true
  cleanable(bowl_10) := true
  coolable(bowl_10) := true
  receptacleAtLocation(dresser_1, location6) := true
  receptacleAtLocation(sideTable_2, location1) := true
  receptacleAtLocation(ottoman_3, location2) := true
  receptacleAtLocation(dresser_4, location10) := true
  receptacleAtLocation(bed_5, location3) := true
  receptacleAtLocation(toaster_6, location4) := true
  receptacleAtLocation(towelHolder_7, location4) := true
  receptacleAtLocation(sinkBasin_8, location1) := true
  receptacleAtLocation(armChair_9, location9) := true
  receptacleAtLocation(bathtubBasin_10, location7) := true
  receptacleAtLocation(microwave_11, location8) := true
  receptacleAtLocation(fridge_12, location9) := true
  inReceptacle(soapBottle_1, sideTable_2) := true
  inReceptacle(pillow_2, bed_5) := true
  inReceptacle(saltShaker_3, sideTable_2) := true
  inReceptacle(apple_4, sideTable_2) := true
  inReceptacle(butterKnife_5, sideTable_2) := true
  inReceptacle(newspaper_6, bed_5) := true
  inReceptacle(tissueBox_7, dresser_4) := true
  inReceptacle(butterKnife_8, sinkBasin_8) := true
  inReceptacle(handTowel_9, sinkBasin_8) := true
  inReceptacle(bowl_10, sinkBasin_8) := true
  objectAtLocation(soapBottle_1, location1) := true
  objectAtLocation(pillow_2, location3) := true
  objectAtLocation(saltShaker_3, location1) := true
  objectAtLocation(apple_4, location1) := true
  objectAtLocation(butterKnife_5, location1) := true
  objectAtLocation(newspaper_6, location3) := true
  objectAtLocation(tissueBox_7, location10) := true
  objectAtLocation(butterKnife_8, location1) := true
  objectAtLocation(handTowel_9, location1) := true
  objectAtLocation(bowl_10, location1) := true
  atLocation(agent1, location9) := true
]

goals = [
  Exists (Receptacle - Checkable r) Exists (Obj - Checkable o) (inReceptacle(o, r) and objectType(o, bowlType) and receptacleType(r, sideTableType))
]

quality metrics = [
  minimize sequential-plan-length
]


2025-06-17 11:16:32,311 - INFO - Generating plan for unconstrained problem

2025-06-17 11:16:32,743 - INFO - Unconstrained plan generation time: 0.43233704566955566

2025-06-17 11:16:32,744 - INFO - Unconstrained plan and cost: 
2025-06-17 11:16:32,744 - INFO - SequentialPlan:
    goToLocation(agent1, location9, location1)
    pickupObject(agent1, location1, bowl_10, sinkBasin_8)
    putObject(agent1, location1, bowl_10, sideTable_2, bowlType, sideTableType)
2025-06-17 11:16:32,744 - INFO - 3
2025-06-17 11:16:33,040 - INFO - Sampled constraints:

2025-06-17 11:16:33,040 - INFO - Sometime(atLocation(agent1, location1))
2025-06-17 11:16:33,040 - INFO - Sometime-Before(atLocation(agent1, location1), checked(location6))
2025-06-17 11:16:33,040 - INFO - 
2025-06-17 11:16:33,040 - INFO - Generation time: 0.29578256607055664

2025-06-17 11:16:33,040 - INFO - Generating plan for constrained problem (with LiftedTCORE).

2025-06-17 11:16:33,091 - INFO - LiftedTCORE compilation time: 0.05059957504272461

2025-06-17 11:16:33,579 - INFO - Planning Time with LiftedTCORE's file: 0.48783326148986816

2025-06-17 11:16:33,580 - INFO - Plan found with LiftedTCORE + sym_bd: SequentialPlan:
    goToLocation(agent1, location9, location6)
    look(agent1, location6)
    goToLocation(agent1, location6, location1)
    pickupObject(agent1, location1, bowl_10, sinkBasin_8)
    putObject(agent1, location1, bowl_10, sideTable_2, bowlType, sideTableType)
2025-06-17 11:16:33,580 - INFO - Seed: 68 is solvable

2025-06-17 11:16:33,580 - INFO - Unconstrained cost: 3
2025-06-17 11:16:33,580 - INFO - Constrained cost: 5
2025-06-17 11:16:33,580 - INFO - Seed: 68 Plan simulation is feasible
2025-06-17 11:16:33,580 - INFO - 
Seed: 68 
 Plan: [goToLocation(agent1, location9, location6), look(agent1, location6), goToLocation(agent1, location6, location1), pickupObject(agent1, location1, bowl_10, sinkBasin_8), putObject(agent1, location1, bowl_10, sideTable_2, bowlType, sideTableType)]  
 Cost: 5

