2025-06-17 11:16:59,648 - INFO - 
================= Seed: 86 =================

2025-06-17 11:16:59,648 - INFO - problem name = alfred

types = [ReceptacleType, ObjectType, Checkable, Agent - Checkable, Location - Checkable, Receptacle - Checkable, Obj - Checkable]

fluents = [
  bool atLocation[a=Agent - Checkable, l=Location - Checkable]
  bool receptacleAtLocation[r=Receptacle - Checkable, l=Location - Checkable]
  bool objectAtLocation[o=Obj - Checkable, l=Location - Checkable]
  bool openable[r=Receptacle - Checkable]
  bool opened[r=Receptacle - Checkable]
  bool inReceptacle[o=Obj - Checkable, r=Receptacle - Checkable]
  bool isReceptacleObject[o=Obj - Checkable]
  bool inReceptacleObject[innerObject=Obj - Checkable, outObject=Obj - Checkable]
  bool isReceptacleObjectFull[o=Obj - Checkable]
  bool wasInReceptacle[o=Obj - Checkable, r=Receptacle - Checkable]
  bool checked[c=Checkable]
  bool examined[l=Location - Checkable]
  bool receptacleType[r=Receptacle - Checkable, rt=ReceptacleType]
  bool canContain[rt=ReceptacleType, ot=ObjectType]
  bool objectType[o=Obj - Checkable, t=ObjectType]
  bool holds[a=Agent - Checkable, o=Obj - Checkable]
  bool holdsAny[a=Agent - Checkable]
  bool holdsAnyReceptacleObject[a=Agent - Checkable]
  bool full[r=Receptacle - Checkable]
  bool isClean[o=Obj - Checkable]
  bool cleanable[o=Obj - Checkable]
  bool isHot[o=Obj - Checkable]
  bool heatable[o=Obj - Checkable]
  bool isCool[o=Obj - Checkable]
  bool coolable[o=Obj - Checkable]
  bool pickupable[o=Obj - Checkable]
  bool moveable[o=Obj - Checkable]
  bool toggleable[o=Obj - Checkable]
  bool isOn[o=Obj - Checkable]
  bool isToggled[o=Obj - Checkable]
  bool sliceable[o=Obj - Checkable]
  bool isSliced[o=Obj - Checkable]
]

actions = [
  action look(Agent - Checkable a, Location - Checkable l) {
    preconditions = [
      atLocation(a, l)
    ]
    effects = [
      checked(l) := true
    ]
  }
  action inventory(Agent - Checkable a) {
    preconditions = [
    ]
    effects = [
      checked(a) := true
    ]
  }
  action examineReceptacle(Agent - Checkable a, Receptacle - Checkable r) {
    preconditions = [
      Exists (Location - Checkable l) (atLocation(a, l) and receptacleAtLocation(r, l))
    ]
    effects = [
      checked(r) := true
    ]
  }
  action examineObject(Agent - Checkable a, Obj - Checkable o) {
    preconditions = [
      (Exists (Location - Checkable l) Exists (Receptacle - Checkable r) (atLocation(a, l) and receptacleAtLocation(r, l) and inReceptacle(o, r) and ((not openable(r)) or opened(r))) or holds(a, o))
    ]
    effects = [
      checked(o) := true
    ]
  }
  action goToLocation(Agent - Checkable a, Location - Checkable lstart, Location - Checkable lend) {
    preconditions = [
      atLocation(a, lstart)
    ]
    effects = [
      atLocation(a, lstart) := false
      atLocation(a, lend) := true
    ]
  }
  action openObject(Agent - Checkable a, Location - Checkable l, Receptacle - Checkable r) {
    preconditions = [
      (openable(r) and atLocation(a, l) and receptacleAtLocation(r, l) and (not opened(r)))
    ]
    effects = [
      opened(r) := true
      checked(r) := true
    ]
  }
  action closeObject(Agent - Checkable a, Location - Checkable l, Receptacle - Checkable r) {
    preconditions = [
      (openable(r) and atLocation(a, l) and receptacleAtLocation(r, l) and opened(r))
    ]
    effects = [
      opened(r) := false
    ]
  }
  action pickupObject(Agent - Checkable a, Location - Checkable l, Obj - Checkable o, Receptacle - Checkable r) {
    preconditions = [
      (pickupable(o) and atLocation(a, l) and receptacleAtLocation(r, l) and inReceptacle(o, r) and (not holdsAny(a)) and ((not openable(r)) or opened(r)))
    ]
    effects = [
      inReceptacle(o, r) := false
      holds(a, o) := true
      holdsAny(a) := true
      objectAtLocation(o, l) := false
    ]
  }
  action putObject(Agent - Checkable a, Location - Checkable l, Obj - Checkable o, Receptacle - Checkable r, ObjectType ot, ReceptacleType rt) {
    preconditions = [
      (holds(a, o) and atLocation(a, l) and receptacleAtLocation(r, l) and ((not openable(r)) or opened(r)) and objectType(o, ot) and receptacleType(r, rt) and canContain(rt, ot))
    ]
    effects = [
      inReceptacle(o, r) := true
      objectAtLocation(o, l) := true
      holds(a, o) := false
      holdsAny(a) := false
    ]
  }
  action cleanObject(Agent - Checkable a, Location - Checkable l, Receptacle - Checkable r, Obj - Checkable o) {
    preconditions = [
      (cleanable(o) and receptacleType(r, sinkBasinType) and atLocation(a, l) and receptacleAtLocation(r, l) and holds(a, o))
    ]
    effects = [
      isClean(o) := true
    ]
  }
  action heatObject(Agent - Checkable a, Location - Checkable l, Receptacle - Checkable r, Obj - Checkable o) {
    preconditions = [
      (heatable(o) and receptacleType(r, microwaveType) and atLocation(a, l) and receptacleAtLocation(r, l) and holds(a, o))
    ]
    effects = [
      isHot(o) := true
      isCool(o) := false
    ]
  }
  action coolObject(Agent - Checkable a, Location - Checkable l, Receptacle - Checkable r, Obj - Checkable o) {
    preconditions = [
      (coolable(o) and receptacleType(r, fridgeType) and atLocation(a, l) and receptacleAtLocation(r, l) and holds(a, o))
    ]
    effects = [
      isCool(o) := true
      isHot(o) := false
    ]
  }
  action toggleObject(Agent - Checkable a, Location - Checkable l, Obj - Checkable o, Receptacle - Checkable r) {
    preconditions = [
      (toggleable(o) and atLocation(a, l) and receptacleAtLocation(r, l) and inReceptacle(o, r))
    ]
    effects = [
      if isOn(o) then isOn(o) := false
      if (not isOn(o)) then isOn(o) := true
      isToggled(o) := true
    ]
  }
  action sliceObject(Agent - Checkable a, Location - Checkable l, Obj - Checkable co, Obj - Checkable ko) {
    preconditions = [
      (sliceable(co) and (objectType(ko, knifeType) or objectType(ko, butterKnifeType)) and atLocation(a, l) and objectAtLocation(co, l) and holds(a, ko))
    ]
    effects = [
      isSliced(co) := true
    ]
  }
  action help(Agent - Checkable a) {
    preconditions = [
    ]
    effects = [
      checked(a) := true
    ]
  }
]

objects = [
  ReceptacleType: [sinkBasinType, microwaveType, fridgeType, deskType, laundryHamperType, bathtubBasinType, safeType, bedType, dresserType, shelfType]
  ObjectType: [knifeType, butterKnifeType, potatoType, penType, glassbottleType, alarmClockType, baseballBatType, laptopType, pepperShakerType, newspaperType, cupType, potType]
  Checkable: [agent1, location1, location2, location3, location4, location5, location6, location7, location8, location9, location10, desk_1, laundryHamper_2, bathtubBasin_3, safe_4, bed_5, microwave_6, dresser_7, bathtubBasin_8, laundryHamper_9, shelf_10, microwave_11, fridge_12, potato_1, pen_2, glassbottle_3, alarmClock_4, baseballBat_5, laptop_6, pepperShaker_7, newspaper_8, cup_9, pot_10]
  Agent - Checkable: [agent1]
  Location - Checkable: [location1, location2, location3, location4, location5, location6, location7, location8, location9, location10]
  Receptacle - Checkable: [desk_1, laundryHamper_2, bathtubBasin_3, safe_4, bed_5, microwave_6, dresser_7, bathtubBasin_8, laundryHamper_9, shelf_10, microwave_11, fridge_12]
  Obj - Checkable: [potato_1, pen_2, glassbottle_3, alarmClock_4, baseballBat_5, laptop_6, pepperShaker_7, newspaper_8, cup_9, pot_10]
]

initial fluents default = [
  bool atLocation[a=Agent - Checkable, l=Location - Checkable] := false
  bool receptacleAtLocation[r=Receptacle - Checkable, l=Location - Checkable] := false
  bool objectAtLocation[o=Obj - Checkable, l=Location - Checkable] := false
  bool openable[r=Receptacle - Checkable] := false
  bool opened[r=Receptacle - Checkable] := false
  bool inReceptacle[o=Obj - Checkable, r=Receptacle - Checkable] := false
  bool isReceptacleObject[o=Obj - Checkable] := false
  bool inReceptacleObject[innerObject=Obj - Checkable, outObject=Obj - Checkable] := false
  bool isReceptacleObjectFull[o=Obj - Checkable] := false
  bool wasInReceptacle[o=Obj - Checkable, r=Receptacle - Checkable] := false
  bool checked[c=Checkable] := false
  bool examined[l=Location - Checkable] := false
  bool receptacleType[r=Receptacle - Checkable, rt=ReceptacleType] := false
  bool canContain[rt=ReceptacleType, ot=ObjectType] := false
  bool objectType[o=Obj - Checkable, t=ObjectType] := false
  bool holds[a=Agent - Checkable, o=Obj - Checkable] := false
  bool holdsAny[a=Agent - Checkable] := false
  bool holdsAnyReceptacleObject[a=Agent - Checkable] := false
  bool full[r=Receptacle - Checkable] := false
  bool isClean[o=Obj - Checkable] := false
  bool cleanable[o=Obj - Checkable] := false
  bool isHot[o=Obj - Checkable] := false
  bool heatable[o=Obj - Checkable] := false
  bool isCool[o=Obj - Checkable] := false
  bool coolable[o=Obj - Checkable] := false
  bool pickupable[o=Obj - Checkable] := false
  bool moveable[o=Obj - Checkable] := false
  bool toggleable[o=Obj - Checkable] := false
  bool isOn[o=Obj - Checkable] := false
  bool isToggled[o=Obj - Checkable] := false
  bool sliceable[o=Obj - Checkable] := false
  bool isSliced[o=Obj - Checkable] := false
]

initial values = [
  receptacleType(desk_1, deskType) := true
  receptacleType(laundryHamper_2, laundryHamperType) := true
  receptacleType(bathtubBasin_3, bathtubBasinType) := true
  receptacleType(safe_4, safeType) := true
  receptacleType(bed_5, bedType) := true
  receptacleType(microwave_6, microwaveType) := true
  receptacleType(dresser_7, dresserType) := true
  receptacleType(bathtubBasin_8, bathtubBasinType) := true
  receptacleType(laundryHamper_9, laundryHamperType) := true
  receptacleType(shelf_10, shelfType) := true
  receptacleType(microwave_11, microwaveType) := true
  receptacleType(fridge_12, fridgeType) := true
  objectType(potato_1, potatoType) := true
  objectType(pen_2, penType) := true
  objectType(glassbottle_3, glassbottleType) := true
  objectType(alarmClock_4, alarmClockType) := true
  objectType(baseballBat_5, baseballBatType) := true
  objectType(laptop_6, laptopType) := true
  objectType(pepperShaker_7, pepperShakerType) := true
  objectType(newspaper_8, newspaperType) := true
  objectType(cup_9, cupType) := true
  objectType(pot_10, potType) := true
  canContain(deskType, penType) := true
  canContain(deskType, glassbottleType) := true
  canContain(deskType, alarmClockType) := true
  canContain(deskType, laptopType) := true
  canContain(deskType, newspaperType) := true
  canContain(deskType, cupType) := true
  canContain(bedType, baseballBatType) := true
  canContain(bedType, laptopType) := true
  canContain(bedType, newspaperType) := true
  canContain(microwaveType, potatoType) := true
  canContain(microwaveType, glassbottleType) := true
  canContain(microwaveType, cupType) := true
  canContain(dresserType, penType) := true
  canContain(dresserType, glassbottleType) := true
  canContain(dresserType, alarmClockType) := true
  canContain(dresserType, laptopType) := true
  canContain(dresserType, newspaperType) := true
  canContain(dresserType, cupType) := true
  canContain(shelfType, penType) := true
  canContain(shelfType, glassbottleType) := true
  canContain(shelfType, alarmClockType) := true
  canContain(shelfType, pepperShakerType) := true
  canContain(shelfType, newspaperType) := true
  canContain(shelfType, cupType) := true
  canContain(shelfType, potType) := true
  canContain(fridgeType, potatoType) := true
  canContain(fridgeType, glassbottleType) := true
  canContain(fridgeType, cupType) := true
  canContain(fridgeType, potType) := true
  pickupable(potato_1) := true
  cleanable(potato_1) := true
  heatable(potato_1) := true
  coolable(potato_1) := true
  sliceable(potato_1) := true
  pickupable(pen_2) := true
  pickupable(glassbottle_3) := true
  pickupable(alarmClock_4) := true
  pickupable(baseballBat_5) := true
  pickupable(laptop_6) := true
  pickupable(pepperShaker_7) := true
  pickupable(newspaper_8) := true
  pickupable(cup_9) := true
  isReceptacleObject(cup_9) := true
  cleanable(cup_9) := true
  heatable(cup_9) := true
  coolable(cup_9) := true
  pickupable(pot_10) := true
  isReceptacleObject(pot_10) := true
  cleanable(pot_10) := true
  coolable(pot_10) := true
  receptacleAtLocation(desk_1, location3) := true
  receptacleAtLocation(laundryHamper_2, location7) := true
  receptacleAtLocation(bathtubBasin_3, location5) := true
  receptacleAtLocation(safe_4, location2) := true
  receptacleAtLocation(bed_5, location8) := true
  receptacleAtLocation(microwave_6, location7) := true
  receptacleAtLocation(dresser_7, location2) := true
  receptacleAtLocation(bathtubBasin_8, location5) := true
  receptacleAtLocation(laundryHamper_9, location8) := true
  receptacleAtLocation(shelf_10, location3) := true
  receptacleAtLocation(microwave_11, location8) := true
  receptacleAtLocation(fridge_12, location6) := true
  inReceptacle(potato_1, fridge_12) := true
  inReceptacle(pen_2, desk_1) := true
  inReceptacle(glassbottle_3, dresser_7) := true
  inReceptacle(alarmClock_4, dresser_7) := true
  inReceptacle(baseballBat_5, bed_5) := true
  inReceptacle(laptop_6, dresser_7) := true
  inReceptacle(pepperShaker_7, shelf_10) := true
  inReceptacle(newspaper_8, dresser_7) := true
  inReceptacle(cup_9, fridge_12) := true
  inReceptacle(pot_10, fridge_12) := true
  objectAtLocation(potato_1, location6) := true
  objectAtLocation(pen_2, location3) := true
  objectAtLocation(glassbottle_3, location2) := true
  objectAtLocation(alarmClock_4, location2) := true
  objectAtLocation(baseballBat_5, location8) := true
  objectAtLocation(laptop_6, location2) := true
  objectAtLocation(pepperShaker_7, location3) := true
  objectAtLocation(newspaper_8, location2) := true
  objectAtLocation(cup_9, location6) := true
  objectAtLocation(pot_10, location6) := true
  atLocation(agent1, location3) := true
]

goals = [
  Exists (Receptacle - Checkable r) Exists (Obj - Checkable o) (inReceptacle(o, r) and objectType(o, baseballBatType) and receptacleType(r, bedType))
]

quality metrics = [
  minimize sequential-plan-length
]


2025-06-17 11:16:59,650 - INFO - Generating plan for unconstrained problem

2025-06-17 11:17:00,082 - INFO - Unconstrained plan generation time: 0.4323005676269531

2025-06-17 11:17:00,082 - INFO - Unconstrained plan and cost: 
2025-06-17 11:17:00,083 - INFO - SequentialPlan:
2025-06-17 11:17:00,083 - INFO - 0
2025-06-17 11:17:00,786 - INFO - Sampled constraints:

2025-06-17 11:17:00,786 - INFO - Sometime(checked(desk_1))
2025-06-17 11:17:00,786 - INFO - 
2025-06-17 11:17:00,786 - INFO - Generation time: 0.703132152557373

2025-06-17 11:17:00,787 - INFO - Generating plan for constrained problem (with LiftedTCORE).

2025-06-17 11:17:00,827 - INFO - LiftedTCORE compilation time: 0.040738582611083984

2025-06-17 11:17:01,272 - INFO - Planning Time with LiftedTCORE's file: 0.44449567794799805

2025-06-17 11:17:01,272 - INFO - Plan found with LiftedTCORE + sym_bd: SequentialPlan:
    examineReceptacle(agent1, desk_1)
2025-06-17 11:17:01,272 - INFO - Seed: 86 is solvable

2025-06-17 11:17:01,272 - INFO - Unconstrained cost: 0
2025-06-17 11:17:01,272 - INFO - Constrained cost: 1
2025-06-17 11:17:01,272 - INFO - Seed: 86 Plan simulation is feasible
2025-06-17 11:17:01,273 - INFO - 
Seed: 86 
 Plan: [examineReceptacle(agent1, desk_1)]  
 Cost: 1

