2025-06-17 10:22:35,253 - INFO - 
================= Seed: 810 =================

2025-06-17 10:22:35,258 - INFO - problem name = alfred

types = [ReceptacleType, ObjectType, Checkable, Agent - Checkable, Location - Checkable, Receptacle - Checkable, Obj - Checkable]

fluents = [
  bool atLocation[a=Agent - Checkable, l=Location - Checkable]
  bool receptacleAtLocation[r=Receptacle - Checkable, l=Location - Checkable]
  bool objectAtLocation[o=Obj - Checkable, l=Location - Checkable]
  bool openable[r=Receptacle - Checkable]
  bool opened[r=Receptacle - Checkable]
  bool inReceptacle[o=Obj - Checkable, r=Receptacle - Checkable]
  bool isReceptacleObject[o=Obj - Checkable]
  bool inReceptacleObject[innerObject=Obj - Checkable, outObject=Obj - Checkable]
  bool isReceptacleObjectFull[o=Obj - Checkable]
  bool wasInReceptacle[o=Obj - Checkable, r=Receptacle - Checkable]
  bool checked[c=Checkable]
  bool examined[l=Location - Checkable]
  bool receptacleType[r=Receptacle - Checkable, rt=ReceptacleType]
  bool canContain[rt=ReceptacleType, ot=ObjectType]
  bool objectType[o=Obj - Checkable, t=ObjectType]
  bool holds[a=Agent - Checkable, o=Obj - Checkable]
  bool holdsAny[a=Agent - Checkable]
  bool holdsAnyReceptacleObject[a=Agent - Checkable]
  bool full[r=Receptacle - Checkable]
  bool isClean[o=Obj - Checkable]
  bool cleanable[o=Obj - Checkable]
  bool isHot[o=Obj - Checkable]
  bool heatable[o=Obj - Checkable]
  bool isCool[o=Obj - Checkable]
  bool coolable[o=Obj - Checkable]
  bool pickupable[o=Obj - Checkable]
  bool moveable[o=Obj - Checkable]
  bool toggleable[o=Obj - Checkable]
  bool isOn[o=Obj - Checkable]
  bool isToggled[o=Obj - Checkable]
  bool sliceable[o=Obj - Checkable]
  bool isSliced[o=Obj - Checkable]
]

actions = [
  action look(Agent - Checkable a, Location - Checkable l) {
    preconditions = [
      atLocation(a, l)
    ]
    effects = [
      checked(l) := true
    ]
  }
  action inventory(Agent - Checkable a) {
    preconditions = [
    ]
    effects = [
      checked(a) := true
    ]
  }
  action examineReceptacle(Agent - Checkable a, Receptacle - Checkable r) {
    preconditions = [
      Exists (Location - Checkable l) (atLocation(a, l) and receptacleAtLocation(r, l))
    ]
    effects = [
      checked(r) := true
    ]
  }
  action examineObject(Agent - Checkable a, Obj - Checkable o) {
    preconditions = [
      (Exists (Location - Checkable l) Exists (Receptacle - Checkable r) (atLocation(a, l) and receptacleAtLocation(r, l) and inReceptacle(o, r) and ((not openable(r)) or opened(r))) or holds(a, o))
    ]
    effects = [
      checked(o) := true
    ]
  }
  action goToLocation(Agent - Checkable a, Location - Checkable lstart, Location - Checkable lend) {
    preconditions = [
      atLocation(a, lstart)
    ]
    effects = [
      atLocation(a, lstart) := false
      atLocation(a, lend) := true
    ]
  }
  action openObject(Agent - Checkable a, Location - Checkable l, Receptacle - Checkable r) {
    preconditions = [
      (openable(r) and atLocation(a, l) and receptacleAtLocation(r, l) and (not opened(r)))
    ]
    effects = [
      opened(r) := true
      checked(r) := true
    ]
  }
  action closeObject(Agent - Checkable a, Location - Checkable l, Receptacle - Checkable r) {
    preconditions = [
      (openable(r) and atLocation(a, l) and receptacleAtLocation(r, l) and opened(r))
    ]
    effects = [
      opened(r) := false
    ]
  }
  action pickupObject(Agent - Checkable a, Location - Checkable l, Obj - Checkable o, Receptacle - Checkable r) {
    preconditions = [
      (pickupable(o) and atLocation(a, l) and receptacleAtLocation(r, l) and inReceptacle(o, r) and (not holdsAny(a)) and ((not openable(r)) or opened(r)))
    ]
    effects = [
      inReceptacle(o, r) := false
      holds(a, o) := true
      holdsAny(a) := true
      objectAtLocation(o, l) := false
    ]
  }
  action putObject(Agent - Checkable a, Location - Checkable l, Obj - Checkable o, Receptacle - Checkable r, ObjectType ot, ReceptacleType rt) {
    preconditions = [
      (holds(a, o) and atLocation(a, l) and receptacleAtLocation(r, l) and ((not openable(r)) or opened(r)) and objectType(o, ot) and receptacleType(r, rt) and canContain(rt, ot))
    ]
    effects = [
      inReceptacle(o, r) := true
      objectAtLocation(o, l) := true
      holds(a, o) := false
      holdsAny(a) := false
    ]
  }
  action cleanObject(Agent - Checkable a, Location - Checkable l, Receptacle - Checkable r, Obj - Checkable o) {
    preconditions = [
      (cleanable(o) and receptacleType(r, sinkBasinType) and atLocation(a, l) and receptacleAtLocation(r, l) and holds(a, o))
    ]
    effects = [
      isClean(o) := true
    ]
  }
  action heatObject(Agent - Checkable a, Location - Checkable l, Receptacle - Checkable r, Obj - Checkable o) {
    preconditions = [
      (heatable(o) and receptacleType(r, microwaveType) and atLocation(a, l) and receptacleAtLocation(r, l) and holds(a, o))
    ]
    effects = [
      isHot(o) := true
      isCool(o) := false
    ]
  }
  action coolObject(Agent - Checkable a, Location - Checkable l, Receptacle - Checkable r, Obj - Checkable o) {
    preconditions = [
      (coolable(o) and receptacleType(r, fridgeType) and atLocation(a, l) and receptacleAtLocation(r, l) and holds(a, o))
    ]
    effects = [
      isCool(o) := true
      isHot(o) := false
    ]
  }
  action toggleObject(Agent - Checkable a, Location - Checkable l, Obj - Checkable o, Receptacle - Checkable r) {
    preconditions = [
      (toggleable(o) and atLocation(a, l) and receptacleAtLocation(r, l) and inReceptacle(o, r))
    ]
    effects = [
      if isOn(o) then isOn(o) := false
      if (not isOn(o)) then isOn(o) := true
      isToggled(o) := true
    ]
  }
  action sliceObject(Agent - Checkable a, Location - Checkable l, Obj - Checkable co, Obj - Checkable ko) {
    preconditions = [
      (sliceable(co) and (objectType(ko, knifeType) or objectType(ko, butterKnifeType)) and atLocation(a, l) and objectAtLocation(co, l) and holds(a, ko))
    ]
    effects = [
      isSliced(co) := true
    ]
  }
  action help(Agent - Checkable a) {
    preconditions = [
    ]
    effects = [
      checked(a) := true
    ]
  }
]

objects = [
  ReceptacleType: [sinkBasinType, microwaveType, fridgeType, ottomanType, cartType, bathtubBasinType, sideTableType, tvStandType, drawerType, coffeeMachineType, bedType, toiletType]
  ObjectType: [knifeType, butterKnifeType, penType, spoonType, spatulaType, kettleType, tissueBoxType, ladleType, laptopType, alarmClockType, cellPhoneType, potType]
  Checkable: [agent1, location1, location2, location3, location4, location5, location6, location7, location8, location9, location10, ottoman_1, cart_2, bathtubBasin_3, sideTable_4, tvStand_5, drawer_6, coffeeMachine_7, bed_8, toilet_9, tvStand_10, pen_1, spoon_2, spatula_3, kettle_4, tissueBox_5, ladle_6, laptop_7, alarmClock_8, cellPhone_9, pot_10]
  Agent - Checkable: [agent1]
  Location - Checkable: [location1, location2, location3, location4, location5, location6, location7, location8, location9, location10]
  Receptacle - Checkable: [ottoman_1, cart_2, bathtubBasin_3, sideTable_4, tvStand_5, drawer_6, coffeeMachine_7, bed_8, toilet_9, tvStand_10]
  Obj - Checkable: [pen_1, spoon_2, spatula_3, kettle_4, tissueBox_5, ladle_6, laptop_7, alarmClock_8, cellPhone_9, pot_10]
]

initial fluents default = [
  bool atLocation[a=Agent - Checkable, l=Location - Checkable] := false
  bool receptacleAtLocation[r=Receptacle - Checkable, l=Location - Checkable] := false
  bool objectAtLocation[o=Obj - Checkable, l=Location - Checkable] := false
  bool openable[r=Receptacle - Checkable] := false
  bool opened[r=Receptacle - Checkable] := false
  bool inReceptacle[o=Obj - Checkable, r=Receptacle - Checkable] := false
  bool isReceptacleObject[o=Obj - Checkable] := false
  bool inReceptacleObject[innerObject=Obj - Checkable, outObject=Obj - Checkable] := false
  bool isReceptacleObjectFull[o=Obj - Checkable] := false
  bool wasInReceptacle[o=Obj - Checkable, r=Receptacle - Checkable] := false
  bool checked[c=Checkable] := false
  bool examined[l=Location - Checkable] := false
  bool receptacleType[r=Receptacle - Checkable, rt=ReceptacleType] := false
  bool canContain[rt=ReceptacleType, ot=ObjectType] := false
  bool objectType[o=Obj - Checkable, t=ObjectType] := false
  bool holds[a=Agent - Checkable, o=Obj - Checkable] := false
  bool holdsAny[a=Agent - Checkable] := false
  bool holdsAnyReceptacleObject[a=Agent - Checkable] := false
  bool full[r=Receptacle - Checkable] := false
  bool isClean[o=Obj - Checkable] := false
  bool cleanable[o=Obj - Checkable] := false
  bool isHot[o=Obj - Checkable] := false
  bool heatable[o=Obj - Checkable] := false
  bool isCool[o=Obj - Checkable] := false
  bool coolable[o=Obj - Checkable] := false
  bool pickupable[o=Obj - Checkable] := false
  bool moveable[o=Obj - Checkable] := false
  bool toggleable[o=Obj - Checkable] := false
  bool isOn[o=Obj - Checkable] := false
  bool isToggled[o=Obj - Checkable] := false
  bool sliceable[o=Obj - Checkable] := false
  bool isSliced[o=Obj - Checkable] := false
]

initial values = [
  receptacleType(ottoman_1, ottomanType) := true
  receptacleType(cart_2, cartType) := true
  receptacleType(bathtubBasin_3, bathtubBasinType) := true
  receptacleType(sideTable_4, sideTableType) := true
  receptacleType(tvStand_5, tvStandType) := true
  receptacleType(drawer_6, drawerType) := true
  receptacleType(coffeeMachine_7, coffeeMachineType) := true
  receptacleType(bed_8, bedType) := true
  receptacleType(toilet_9, toiletType) := true
  receptacleType(tvStand_10, tvStandType) := true
  objectType(pen_1, penType) := true
  objectType(spoon_2, spoonType) := true
  objectType(spatula_3, spatulaType) := true
  objectType(kettle_4, kettleType) := true
  objectType(tissueBox_5, tissueBoxType) := true
  objectType(ladle_6, ladleType) := true
  objectType(laptop_7, laptopType) := true
  objectType(alarmClock_8, alarmClockType) := true
  objectType(cellPhone_9, cellPhoneType) := true
  objectType(pot_10, potType) := true
  canContain(ottomanType, laptopType) := true
  canContain(ottomanType, cellPhoneType) := true
  canContain(cartType, tissueBoxType) := true
  canContain(sideTableType, penType) := true
  canContain(sideTableType, spoonType) := true
  canContain(sideTableType, spatulaType) := true
  canContain(sideTableType, kettleType) := true
  canContain(sideTableType, tissueBoxType) := true
  canContain(sideTableType, ladleType) := true
  canContain(sideTableType, laptopType) := true
  canContain(sideTableType, alarmClockType) := true
  canContain(sideTableType, cellPhoneType) := true
  canContain(sideTableType, potType) := true
  canContain(tvStandType, tissueBoxType) := true
  canContain(drawerType, penType) := true
  canContain(drawerType, spoonType) := true
  canContain(drawerType, spatulaType) := true
  canContain(drawerType, tissueBoxType) := true
  canContain(drawerType, ladleType) := true
  canContain(drawerType, cellPhoneType) := true
  canContain(bedType, laptopType) := true
  canContain(bedType, cellPhoneType) := true
  canContain(toiletType, tissueBoxType) := true
  pickupable(pen_1) := true
  pickupable(spoon_2) := true
  cleanable(spoon_2) := true
  pickupable(spatula_3) := true
  cleanable(spatula_3) := true
  pickupable(kettle_4) := true
  cleanable(kettle_4) := true
  pickupable(tissueBox_5) := true
  pickupable(ladle_6) := true
  cleanable(ladle_6) := true
  pickupable(laptop_7) := true
  pickupable(alarmClock_8) := true
  pickupable(cellPhone_9) := true
  pickupable(pot_10) := true
  isReceptacleObject(pot_10) := true
  cleanable(pot_10) := true
  coolable(pot_10) := true
  receptacleAtLocation(ottoman_1, location1) := true
  receptacleAtLocation(cart_2, location3) := true
  receptacleAtLocation(bathtubBasin_3, location8) := true
  receptacleAtLocation(sideTable_4, location4) := true
  receptacleAtLocation(tvStand_5, location10) := true
  receptacleAtLocation(drawer_6, location5) := true
  receptacleAtLocation(coffeeMachine_7, location2) := true
  receptacleAtLocation(bed_8, location1) := true
  receptacleAtLocation(toilet_9, location7) := true
  receptacleAtLocation(tvStand_10, location4) := true
  inReceptacle(pen_1, sideTable_4) := true
  inReceptacle(tissueBox_5, tvStand_10) := true
  inReceptacle(laptop_7, bed_8) := true
  objectAtLocation(pen_1, location4) := true
  objectAtLocation(spoon_2, location4) := true
  objectAtLocation(spatula_3, location4) := true
  objectAtLocation(kettle_4, location4) := true
  objectAtLocation(tissueBox_5, location4) := true
  objectAtLocation(ladle_6, location7) := true
  objectAtLocation(laptop_7, location1) := true
  objectAtLocation(alarmClock_8, location7) := true
  objectAtLocation(cellPhone_9, location1) := true
  objectAtLocation(pot_10, location6) := true
  atLocation(agent1, location1) := true
]

goals = [
  Exists (Receptacle - Checkable r) Exists (Obj - Checkable o1) (inReceptacle(o1, r) and objectType(o1, spatulaType) and receptacleType(r, drawerType) and Exists (Obj - Checkable o2) ((not (o1 == o2)) and objectType(o2, tissueBoxType) and receptacleType(r, drawerType) and inReceptacle(o2, r)))
]

quality metrics = [
  minimize sequential-plan-length
]


2025-06-17 10:22:35,260 - INFO - Generating plan for unconstrained problem

2025-06-17 10:22:35,624 - INFO - Unconstrained plan generation time: 0.3636784553527832

