2025-06-17 10:22:33,870 - INFO - 
================= Seed: 809 =================

2025-06-17 10:22:33,876 - INFO - problem name = alfred

types = [ReceptacleType, ObjectType, Checkable, Agent - Checkable, Location - Checkable, Receptacle - Checkable, Obj - Checkable]

fluents = [
  bool atLocation[a=Agent - Checkable, l=Location - Checkable]
  bool receptacleAtLocation[r=Receptacle - Checkable, l=Location - Checkable]
  bool objectAtLocation[o=Obj - Checkable, l=Location - Checkable]
  bool openable[r=Receptacle - Checkable]
  bool opened[r=Receptacle - Checkable]
  bool inReceptacle[o=Obj - Checkable, r=Receptacle - Checkable]
  bool isReceptacleObject[o=Obj - Checkable]
  bool inReceptacleObject[innerObject=Obj - Checkable, outObject=Obj - Checkable]
  bool isReceptacleObjectFull[o=Obj - Checkable]
  bool wasInReceptacle[o=Obj - Checkable, r=Receptacle - Checkable]
  bool checked[c=Checkable]
  bool examined[l=Location - Checkable]
  bool receptacleType[r=Receptacle - Checkable, rt=ReceptacleType]
  bool canContain[rt=ReceptacleType, ot=ObjectType]
  bool objectType[o=Obj - Checkable, t=ObjectType]
  bool holds[a=Agent - Checkable, o=Obj - Checkable]
  bool holdsAny[a=Agent - Checkable]
  bool holdsAnyReceptacleObject[a=Agent - Checkable]
  bool full[r=Receptacle - Checkable]
  bool isClean[o=Obj - Checkable]
  bool cleanable[o=Obj - Checkable]
  bool isHot[o=Obj - Checkable]
  bool heatable[o=Obj - Checkable]
  bool isCool[o=Obj - Checkable]
  bool coolable[o=Obj - Checkable]
  bool pickupable[o=Obj - Checkable]
  bool moveable[o=Obj - Checkable]
  bool toggleable[o=Obj - Checkable]
  bool isOn[o=Obj - Checkable]
  bool isToggled[o=Obj - Checkable]
  bool sliceable[o=Obj - Checkable]
  bool isSliced[o=Obj - Checkable]
]

actions = [
  action look(Agent - Checkable a, Location - Checkable l) {
    preconditions = [
      atLocation(a, l)
    ]
    effects = [
      checked(l) := true
    ]
  }
  action inventory(Agent - Checkable a) {
    preconditions = [
    ]
    effects = [
      checked(a) := true
    ]
  }
  action examineReceptacle(Agent - Checkable a, Receptacle - Checkable r) {
    preconditions = [
      Exists (Location - Checkable l) (atLocation(a, l) and receptacleAtLocation(r, l))
    ]
    effects = [
      checked(r) := true
    ]
  }
  action examineObject(Agent - Checkable a, Obj - Checkable o) {
    preconditions = [
      (Exists (Location - Checkable l) Exists (Receptacle - Checkable r) (atLocation(a, l) and receptacleAtLocation(r, l) and inReceptacle(o, r) and ((not openable(r)) or opened(r))) or holds(a, o))
    ]
    effects = [
      checked(o) := true
    ]
  }
  action goToLocation(Agent - Checkable a, Location - Checkable lstart, Location - Checkable lend) {
    preconditions = [
      atLocation(a, lstart)
    ]
    effects = [
      atLocation(a, lstart) := false
      atLocation(a, lend) := true
    ]
  }
  action openObject(Agent - Checkable a, Location - Checkable l, Receptacle - Checkable r) {
    preconditions = [
      (openable(r) and atLocation(a, l) and receptacleAtLocation(r, l) and (not opened(r)))
    ]
    effects = [
      opened(r) := true
      checked(r) := true
    ]
  }
  action closeObject(Agent - Checkable a, Location - Checkable l, Receptacle - Checkable r) {
    preconditions = [
      (openable(r) and atLocation(a, l) and receptacleAtLocation(r, l) and opened(r))
    ]
    effects = [
      opened(r) := false
    ]
  }
  action pickupObject(Agent - Checkable a, Location - Checkable l, Obj - Checkable o, Receptacle - Checkable r) {
    preconditions = [
      (pickupable(o) and atLocation(a, l) and receptacleAtLocation(r, l) and inReceptacle(o, r) and (not holdsAny(a)) and ((not openable(r)) or opened(r)))
    ]
    effects = [
      inReceptacle(o, r) := false
      holds(a, o) := true
      holdsAny(a) := true
      objectAtLocation(o, l) := false
    ]
  }
  action putObject(Agent - Checkable a, Location - Checkable l, Obj - Checkable o, Receptacle - Checkable r, ObjectType ot, ReceptacleType rt) {
    preconditions = [
      (holds(a, o) and atLocation(a, l) and receptacleAtLocation(r, l) and ((not openable(r)) or opened(r)) and objectType(o, ot) and receptacleType(r, rt) and canContain(rt, ot))
    ]
    effects = [
      inReceptacle(o, r) := true
      objectAtLocation(o, l) := true
      holds(a, o) := false
      holdsAny(a) := false
    ]
  }
  action cleanObject(Agent - Checkable a, Location - Checkable l, Receptacle - Checkable r, Obj - Checkable o) {
    preconditions = [
      (cleanable(o) and receptacleType(r, sinkBasinType) and atLocation(a, l) and receptacleAtLocation(r, l) and holds(a, o))
    ]
    effects = [
      isClean(o) := true
    ]
  }
  action heatObject(Agent - Checkable a, Location - Checkable l, Receptacle - Checkable r, Obj - Checkable o) {
    preconditions = [
      (heatable(o) and receptacleType(r, microwaveType) and atLocation(a, l) and receptacleAtLocation(r, l) and holds(a, o))
    ]
    effects = [
      isHot(o) := true
      isCool(o) := false
    ]
  }
  action coolObject(Agent - Checkable a, Location - Checkable l, Receptacle - Checkable r, Obj - Checkable o) {
    preconditions = [
      (coolable(o) and receptacleType(r, fridgeType) and atLocation(a, l) and receptacleAtLocation(r, l) and holds(a, o))
    ]
    effects = [
      isCool(o) := true
      isHot(o) := false
    ]
  }
  action toggleObject(Agent - Checkable a, Location - Checkable l, Obj - Checkable o, Receptacle - Checkable r) {
    preconditions = [
      (toggleable(o) and atLocation(a, l) and receptacleAtLocation(r, l) and inReceptacle(o, r))
    ]
    effects = [
      if isOn(o) then isOn(o) := false
      if (not isOn(o)) then isOn(o) := true
      isToggled(o) := true
    ]
  }
  action sliceObject(Agent - Checkable a, Location - Checkable l, Obj - Checkable co, Obj - Checkable ko) {
    preconditions = [
      (sliceable(co) and (objectType(ko, knifeType) or objectType(ko, butterKnifeType)) and atLocation(a, l) and objectAtLocation(co, l) and holds(a, ko))
    ]
    effects = [
      isSliced(co) := true
    ]
  }
  action help(Agent - Checkable a) {
    preconditions = [
    ]
    effects = [
      checked(a) := true
    ]
  }
]

objects = [
  ReceptacleType: [sinkBasinType, microwaveType, fridgeType, drawerType, toasterType, diningTableType, coffeeMachineType, deskType, bedType, armChairType, handTowelHolderType, toiletType]
  ObjectType: [knifeType, butterKnifeType, breadType, creditCardType, cellPhoneType, newspaperType, potType, kettleType, dishSpongeType, bookType, keyChainType, bowlType]
  Checkable: [agent1, location1, location2, location3, location4, location5, location6, location7, location8, location9, location10, drawer_1, toaster_2, diningTable_3, coffeeMachine_4, desk_5, desk_6, bed_7, armChair_8, handTowelHolder_9, toilet_10, bread_1, creditCard_2, cellPhone_3, newspaper_4, pot_5, kettle_6, dishSponge_7, book_8, keyChain_9, bowl_10]
  Agent - Checkable: [agent1]
  Location - Checkable: [location1, location2, location3, location4, location5, location6, location7, location8, location9, location10]
  Receptacle - Checkable: [drawer_1, toaster_2, diningTable_3, coffeeMachine_4, desk_5, desk_6, bed_7, armChair_8, handTowelHolder_9, toilet_10]
  Obj - Checkable: [bread_1, creditCard_2, cellPhone_3, newspaper_4, pot_5, kettle_6, dishSponge_7, book_8, keyChain_9, bowl_10]
]

initial fluents default = [
  bool atLocation[a=Agent - Checkable, l=Location - Checkable] := false
  bool receptacleAtLocation[r=Receptacle - Checkable, l=Location - Checkable] := false
  bool objectAtLocation[o=Obj - Checkable, l=Location - Checkable] := false
  bool openable[r=Receptacle - Checkable] := false
  bool opened[r=Receptacle - Checkable] := false
  bool inReceptacle[o=Obj - Checkable, r=Receptacle - Checkable] := false
  bool isReceptacleObject[o=Obj - Checkable] := false
  bool inReceptacleObject[innerObject=Obj - Checkable, outObject=Obj - Checkable] := false
  bool isReceptacleObjectFull[o=Obj - Checkable] := false
  bool wasInReceptacle[o=Obj - Checkable, r=Receptacle - Checkable] := false
  bool checked[c=Checkable] := false
  bool examined[l=Location - Checkable] := false
  bool receptacleType[r=Receptacle - Checkable, rt=ReceptacleType] := false
  bool canContain[rt=ReceptacleType, ot=ObjectType] := false
  bool objectType[o=Obj - Checkable, t=ObjectType] := false
  bool holds[a=Agent - Checkable, o=Obj - Checkable] := false
  bool holdsAny[a=Agent - Checkable] := false
  bool holdsAnyReceptacleObject[a=Agent - Checkable] := false
  bool full[r=Receptacle - Checkable] := false
  bool isClean[o=Obj - Checkable] := false
  bool cleanable[o=Obj - Checkable] := false
  bool isHot[o=Obj - Checkable] := false
  bool heatable[o=Obj - Checkable] := false
  bool isCool[o=Obj - Checkable] := false
  bool coolable[o=Obj - Checkable] := false
  bool pickupable[o=Obj - Checkable] := false
  bool moveable[o=Obj - Checkable] := false
  bool toggleable[o=Obj - Checkable] := false
  bool isOn[o=Obj - Checkable] := false
  bool isToggled[o=Obj - Checkable] := false
  bool sliceable[o=Obj - Checkable] := false
  bool isSliced[o=Obj - Checkable] := false
]

initial values = [
  receptacleType(drawer_1, drawerType) := true
  receptacleType(toaster_2, toasterType) := true
  receptacleType(diningTable_3, diningTableType) := true
  receptacleType(coffeeMachine_4, coffeeMachineType) := true
  receptacleType(desk_5, deskType) := true
  receptacleType(desk_6, deskType) := true
  receptacleType(bed_7, bedType) := true
  receptacleType(armChair_8, armChairType) := true
  receptacleType(handTowelHolder_9, handTowelHolderType) := true
  receptacleType(toilet_10, toiletType) := true
  objectType(bread_1, breadType) := true
  objectType(creditCard_2, creditCardType) := true
  objectType(cellPhone_3, cellPhoneType) := true
  objectType(newspaper_4, newspaperType) := true
  objectType(pot_5, potType) := true
  objectType(kettle_6, kettleType) := true
  objectType(dishSponge_7, dishSpongeType) := true
  objectType(book_8, bookType) := true
  objectType(keyChain_9, keyChainType) := true
  objectType(bowl_10, bowlType) := true
  canContain(drawerType, creditCardType) := true
  canContain(drawerType, cellPhoneType) := true
  canContain(drawerType, newspaperType) := true
  canContain(drawerType, dishSpongeType) := true
  canContain(drawerType, bookType) := true
  canContain(drawerType, keyChainType) := true
  canContain(diningTableType, breadType) := true
  canContain(diningTableType, creditCardType) := true
  canContain(diningTableType, cellPhoneType) := true
  canContain(diningTableType, newspaperType) := true
  canContain(diningTableType, potType) := true
  canContain(diningTableType, kettleType) := true
  canContain(diningTableType, dishSpongeType) := true
  canContain(diningTableType, bookType) := true
  canContain(diningTableType, keyChainType) := true
  canContain(diningTableType, bowlType) := true
  canContain(deskType, creditCardType) := true
  canContain(deskType, cellPhoneType) := true
  canContain(deskType, newspaperType) := true
  canContain(deskType, bookType) := true
  canContain(deskType, keyChainType) := true
  canContain(deskType, bowlType) := true
  canContain(bedType, cellPhoneType) := true
  canContain(bedType, newspaperType) := true
  canContain(bedType, bookType) := true
  canContain(armChairType, creditCardType) := true
  canContain(armChairType, cellPhoneType) := true
  canContain(armChairType, newspaperType) := true
  canContain(armChairType, bookType) := true
  canContain(armChairType, keyChainType) := true
  canContain(toiletType, newspaperType) := true
  canContain(toiletType, dishSpongeType) := true
  pickupable(bread_1) := true
  heatable(bread_1) := true
  coolable(bread_1) := true
  sliceable(bread_1) := true
  pickupable(creditCard_2) := true
  pickupable(cellPhone_3) := true
  pickupable(newspaper_4) := true
  pickupable(pot_5) := true
  isReceptacleObject(pot_5) := true
  cleanable(pot_5) := true
  coolable(pot_5) := true
  pickupable(kettle_6) := true
  cleanable(kettle_6) := true
  pickupable(dishSponge_7) := true
  cleanable(dishSponge_7) := true
  pickupable(book_8) := true
  pickupable(keyChain_9) := true
  pickupable(bowl_10) := true
  isReceptacleObject(bowl_10) := true
  cleanable(bowl_10) := true
  coolable(bowl_10) := true
  receptacleAtLocation(drawer_1, location10) := true
  receptacleAtLocation(toaster_2, location3) := true
  receptacleAtLocation(diningTable_3, location1) := true
  receptacleAtLocation(coffeeMachine_4, location9) := true
  receptacleAtLocation(desk_5, location1) := true
  receptacleAtLocation(desk_6, location6) := true
  receptacleAtLocation(bed_7, location9) := true
  receptacleAtLocation(armChair_8, location7) := true
  receptacleAtLocation(handTowelHolder_9, location10) := true
  receptacleAtLocation(toilet_10, location5) := true
  inReceptacle(cellPhone_3, desk_5) := true
  inReceptacle(newspaper_4, bed_7) := true
  inReceptacle(book_8, diningTable_3) := true
  inReceptacle(keyChain_9, desk_5) := true
  objectAtLocation(bread_1, location4) := true
  objectAtLocation(creditCard_2, location7) := true
  objectAtLocation(cellPhone_3, location1) := true
  objectAtLocation(newspaper_4, location9) := true
  objectAtLocation(pot_5, location2) := true
  objectAtLocation(kettle_6, location6) := true
  objectAtLocation(dishSponge_7, location3) := true
  objectAtLocation(book_8, location1) := true
  objectAtLocation(keyChain_9, location1) := true
  objectAtLocation(bowl_10, location4) := true
  atLocation(agent1, location8) := true
]

goals = [
  Exists (Receptacle - Checkable r) Exists (Obj - Checkable o) (inReceptacle(o, r) and objectType(o, newspaperType) and receptacleType(r, armChairType))
]

quality metrics = [
  minimize sequential-plan-length
]


2025-06-17 10:22:33,878 - INFO - Generating plan for unconstrained problem

2025-06-17 10:22:34,271 - INFO - Unconstrained plan generation time: 0.39300084114074707

2025-06-17 10:22:34,271 - INFO - Unconstrained plan and cost: 
2025-06-17 10:22:34,271 - INFO - SequentialPlan:
    goToLocation(agent1, location8, location9)
    pickupObject(agent1, location9, newspaper_4, bed_7)
    goToLocation(agent1, location9, location7)
    putObject(agent1, location7, newspaper_4, armChair_8, newspaperType, armChairType)
2025-06-17 10:22:34,271 - INFO - 4
2025-06-17 10:22:34,585 - INFO - Sampled constraints:

2025-06-17 10:22:34,586 - INFO - Sometime((checked(cellPhone_3) or checked(desk_6)))
2025-06-17 10:22:34,586 - INFO - 
2025-06-17 10:22:34,586 - INFO - Generation time: 0.3142073154449463

2025-06-17 10:22:34,594 - INFO - Generating plan for constrained problem (with LiftedTCORE).

2025-06-17 10:22:34,632 - INFO - LiftedTCORE compilation time: 0.037607431411743164

2025-06-17 10:22:35,065 - INFO - Planning Time with LiftedTCORE's file: 0.42653393745422363

2025-06-17 10:22:35,066 - INFO - Plan found with LiftedTCORE + sym_bd: SequentialPlan:
    goToLocation(agent1, location8, location9)
    pickupObject(agent1, location9, newspaper_4, bed_7)
    goToLocation(agent1, location9, location1)
    examineObject(agent1, cellPhone_3)
    goToLocation(agent1, location1, location7)
    putObject(agent1, location7, newspaper_4, armChair_8, newspaperType, armChairType)
2025-06-17 10:22:35,066 - INFO - Seed: 809 is solvable

2025-06-17 10:22:35,066 - INFO - Unconstrained cost: 4
2025-06-17 10:22:35,066 - INFO - Constrained cost: 6
2025-06-17 10:22:35,066 - INFO - Seed: 809 Plan simulation is feasible
2025-06-17 10:22:35,066 - INFO - 
Seed: 809 
 Plan: [goToLocation(agent1, location8, location9), pickupObject(agent1, location9, newspaper_4, bed_7), goToLocation(agent1, location9, location1), examineObject(agent1, cellPhone_3), goToLocation(agent1, location1, location7), putObject(agent1, location7, newspaper_4, armChair_8, newspaperType, armChairType)]  
 Cost: 6

