2025-06-17 09:57:44,510 - INFO - 
================= Seed: 626 =================

2025-06-17 09:57:44,515 - INFO - problem name = alfred

types = [ReceptacleType, ObjectType, Checkable, Agent - Checkable, Location - Checkable, Receptacle - Checkable, Obj - Checkable]

fluents = [
  bool atLocation[a=Agent - Checkable, l=Location - Checkable]
  bool receptacleAtLocation[r=Receptacle - Checkable, l=Location - Checkable]
  bool objectAtLocation[o=Obj - Checkable, l=Location - Checkable]
  bool openable[r=Receptacle - Checkable]
  bool opened[r=Receptacle - Checkable]
  bool inReceptacle[o=Obj - Checkable, r=Receptacle - Checkable]
  bool isReceptacleObject[o=Obj - Checkable]
  bool inReceptacleObject[innerObject=Obj - Checkable, outObject=Obj - Checkable]
  bool isReceptacleObjectFull[o=Obj - Checkable]
  bool wasInReceptacle[o=Obj - Checkable, r=Receptacle - Checkable]
  bool checked[c=Checkable]
  bool examined[l=Location - Checkable]
  bool receptacleType[r=Receptacle - Checkable, rt=ReceptacleType]
  bool canContain[rt=ReceptacleType, ot=ObjectType]
  bool objectType[o=Obj - Checkable, t=ObjectType]
  bool holds[a=Agent - Checkable, o=Obj - Checkable]
  bool holdsAny[a=Agent - Checkable]
  bool holdsAnyReceptacleObject[a=Agent - Checkable]
  bool full[r=Receptacle - Checkable]
  bool isClean[o=Obj - Checkable]
  bool cleanable[o=Obj - Checkable]
  bool isHot[o=Obj - Checkable]
  bool heatable[o=Obj - Checkable]
  bool isCool[o=Obj - Checkable]
  bool coolable[o=Obj - Checkable]
  bool pickupable[o=Obj - Checkable]
  bool moveable[o=Obj - Checkable]
  bool toggleable[o=Obj - Checkable]
  bool isOn[o=Obj - Checkable]
  bool isToggled[o=Obj - Checkable]
  bool sliceable[o=Obj - Checkable]
  bool isSliced[o=Obj - Checkable]
]

actions = [
  action look(Agent - Checkable a, Location - Checkable l) {
    preconditions = [
      atLocation(a, l)
    ]
    effects = [
      checked(l) := true
    ]
  }
  action inventory(Agent - Checkable a) {
    preconditions = [
    ]
    effects = [
      checked(a) := true
    ]
  }
  action examineReceptacle(Agent - Checkable a, Receptacle - Checkable r) {
    preconditions = [
      Exists (Location - Checkable l) (atLocation(a, l) and receptacleAtLocation(r, l))
    ]
    effects = [
      checked(r) := true
    ]
  }
  action examineObject(Agent - Checkable a, Obj - Checkable o) {
    preconditions = [
      (Exists (Location - Checkable l) Exists (Receptacle - Checkable r) (atLocation(a, l) and receptacleAtLocation(r, l) and inReceptacle(o, r) and ((not openable(r)) or opened(r))) or holds(a, o))
    ]
    effects = [
      checked(o) := true
    ]
  }
  action goToLocation(Agent - Checkable a, Location - Checkable lstart, Location - Checkable lend) {
    preconditions = [
      atLocation(a, lstart)
    ]
    effects = [
      atLocation(a, lstart) := false
      atLocation(a, lend) := true
    ]
  }
  action openObject(Agent - Checkable a, Location - Checkable l, Receptacle - Checkable r) {
    preconditions = [
      (openable(r) and atLocation(a, l) and receptacleAtLocation(r, l) and (not opened(r)))
    ]
    effects = [
      opened(r) := true
      checked(r) := true
    ]
  }
  action closeObject(Agent - Checkable a, Location - Checkable l, Receptacle - Checkable r) {
    preconditions = [
      (openable(r) and atLocation(a, l) and receptacleAtLocation(r, l) and opened(r))
    ]
    effects = [
      opened(r) := false
    ]
  }
  action pickupObject(Agent - Checkable a, Location - Checkable l, Obj - Checkable o, Receptacle - Checkable r) {
    preconditions = [
      (pickupable(o) and atLocation(a, l) and receptacleAtLocation(r, l) and inReceptacle(o, r) and (not holdsAny(a)) and ((not openable(r)) or opened(r)))
    ]
    effects = [
      inReceptacle(o, r) := false
      holds(a, o) := true
      holdsAny(a) := true
      objectAtLocation(o, l) := false
    ]
  }
  action putObject(Agent - Checkable a, Location - Checkable l, Obj - Checkable o, Receptacle - Checkable r, ObjectType ot, ReceptacleType rt) {
    preconditions = [
      (holds(a, o) and atLocation(a, l) and receptacleAtLocation(r, l) and ((not openable(r)) or opened(r)) and objectType(o, ot) and receptacleType(r, rt) and canContain(rt, ot))
    ]
    effects = [
      inReceptacle(o, r) := true
      objectAtLocation(o, l) := true
      holds(a, o) := false
      holdsAny(a) := false
    ]
  }
  action cleanObject(Agent - Checkable a, Location - Checkable l, Receptacle - Checkable r, Obj - Checkable o) {
    preconditions = [
      (cleanable(o) and receptacleType(r, sinkBasinType) and atLocation(a, l) and receptacleAtLocation(r, l) and holds(a, o))
    ]
    effects = [
      isClean(o) := true
    ]
  }
  action heatObject(Agent - Checkable a, Location - Checkable l, Receptacle - Checkable r, Obj - Checkable o) {
    preconditions = [
      (heatable(o) and receptacleType(r, microwaveType) and atLocation(a, l) and receptacleAtLocation(r, l) and holds(a, o))
    ]
    effects = [
      isHot(o) := true
      isCool(o) := false
    ]
  }
  action coolObject(Agent - Checkable a, Location - Checkable l, Receptacle - Checkable r, Obj - Checkable o) {
    preconditions = [
      (coolable(o) and receptacleType(r, fridgeType) and atLocation(a, l) and receptacleAtLocation(r, l) and holds(a, o))
    ]
    effects = [
      isCool(o) := true
      isHot(o) := false
    ]
  }
  action toggleObject(Agent - Checkable a, Location - Checkable l, Obj - Checkable o, Receptacle - Checkable r) {
    preconditions = [
      (toggleable(o) and atLocation(a, l) and receptacleAtLocation(r, l) and inReceptacle(o, r))
    ]
    effects = [
      if isOn(o) then isOn(o) := false
      if (not isOn(o)) then isOn(o) := true
      isToggled(o) := true
    ]
  }
  action sliceObject(Agent - Checkable a, Location - Checkable l, Obj - Checkable co, Obj - Checkable ko) {
    preconditions = [
      (sliceable(co) and (objectType(ko, knifeType) or objectType(ko, butterKnifeType)) and atLocation(a, l) and objectAtLocation(co, l) and holds(a, ko))
    ]
    effects = [
      isSliced(co) := true
    ]
  }
  action help(Agent - Checkable a) {
    preconditions = [
    ]
    effects = [
      checked(a) := true
    ]
  }
]

objects = [
  ReceptacleType: [sinkBasinType, microwaveType, fridgeType, stoveBurnerType, laundryHamperType, bathtubBasinType, sofaType, cabinetType, toiletType]
  ObjectType: [knifeType, butterKnifeType, toiletPaperType, newspaperType, handTowelType, mugType, pepperShakerType, kettleType, wineBottleType, cupType]
  Checkable: [agent1, location1, location2, location3, location4, location5, location6, location7, location8, location9, location10, stoveBurner_1, laundryHamper_2, sinkBasin_3, fridge_4, bathtubBasin_5, sofa_6, cabinet_7, toilet_8, laundryHamper_9, microwave_10, toiletPaper_1, newspaper_2, handTowel_3, mug_4, toiletPaper_5, pepperShaker_6, kettle_7, wineBottle_8, cup_9, mug_10]
  Agent - Checkable: [agent1]
  Location - Checkable: [location1, location2, location3, location4, location5, location6, location7, location8, location9, location10]
  Receptacle - Checkable: [stoveBurner_1, laundryHamper_2, sinkBasin_3, fridge_4, bathtubBasin_5, sofa_6, cabinet_7, toilet_8, laundryHamper_9, microwave_10]
  Obj - Checkable: [toiletPaper_1, newspaper_2, handTowel_3, mug_4, toiletPaper_5, pepperShaker_6, kettle_7, wineBottle_8, cup_9, mug_10]
]

initial fluents default = [
  bool atLocation[a=Agent - Checkable, l=Location - Checkable] := false
  bool receptacleAtLocation[r=Receptacle - Checkable, l=Location - Checkable] := false
  bool objectAtLocation[o=Obj - Checkable, l=Location - Checkable] := false
  bool openable[r=Receptacle - Checkable] := false
  bool opened[r=Receptacle - Checkable] := false
  bool inReceptacle[o=Obj - Checkable, r=Receptacle - Checkable] := false
  bool isReceptacleObject[o=Obj - Checkable] := false
  bool inReceptacleObject[innerObject=Obj - Checkable, outObject=Obj - Checkable] := false
  bool isReceptacleObjectFull[o=Obj - Checkable] := false
  bool wasInReceptacle[o=Obj - Checkable, r=Receptacle - Checkable] := false
  bool checked[c=Checkable] := false
  bool examined[l=Location - Checkable] := false
  bool receptacleType[r=Receptacle - Checkable, rt=ReceptacleType] := false
  bool canContain[rt=ReceptacleType, ot=ObjectType] := false
  bool objectType[o=Obj - Checkable, t=ObjectType] := false
  bool holds[a=Agent - Checkable, o=Obj - Checkable] := false
  bool holdsAny[a=Agent - Checkable] := false
  bool holdsAnyReceptacleObject[a=Agent - Checkable] := false
  bool full[r=Receptacle - Checkable] := false
  bool isClean[o=Obj - Checkable] := false
  bool cleanable[o=Obj - Checkable] := false
  bool isHot[o=Obj - Checkable] := false
  bool heatable[o=Obj - Checkable] := false
  bool isCool[o=Obj - Checkable] := false
  bool coolable[o=Obj - Checkable] := false
  bool pickupable[o=Obj - Checkable] := false
  bool moveable[o=Obj - Checkable] := false
  bool toggleable[o=Obj - Checkable] := false
  bool isOn[o=Obj - Checkable] := false
  bool isToggled[o=Obj - Checkable] := false
  bool sliceable[o=Obj - Checkable] := false
  bool isSliced[o=Obj - Checkable] := false
]

initial values = [
  receptacleType(stoveBurner_1, stoveBurnerType) := true
  receptacleType(laundryHamper_2, laundryHamperType) := true
  receptacleType(sinkBasin_3, sinkBasinType) := true
  receptacleType(fridge_4, fridgeType) := true
  receptacleType(bathtubBasin_5, bathtubBasinType) := true
  receptacleType(sofa_6, sofaType) := true
  receptacleType(cabinet_7, cabinetType) := true
  receptacleType(toilet_8, toiletType) := true
  receptacleType(laundryHamper_9, laundryHamperType) := true
  receptacleType(microwave_10, microwaveType) := true
  objectType(toiletPaper_1, toiletPaperType) := true
  objectType(newspaper_2, newspaperType) := true
  objectType(handTowel_3, handTowelType) := true
  objectType(mug_4, mugType) := true
  objectType(toiletPaper_5, toiletPaperType) := true
  objectType(pepperShaker_6, pepperShakerType) := true
  objectType(kettle_7, kettleType) := true
  objectType(wineBottle_8, wineBottleType) := true
  objectType(cup_9, cupType) := true
  objectType(mug_10, mugType) := true
  canContain(stoveBurnerType, kettleType) := true
  canContain(sinkBasinType, handTowelType) := true
  canContain(sinkBasinType, mugType) := true
  canContain(sinkBasinType, kettleType) := true
  canContain(sinkBasinType, cupType) := true
  canContain(fridgeType, mugType) := true
  canContain(fridgeType, wineBottleType) := true
  canContain(fridgeType, cupType) := true
  canContain(bathtubBasinType, handTowelType) := true
  canContain(sofaType, newspaperType) := true
  canContain(cabinetType, toiletPaperType) := true
  canContain(cabinetType, newspaperType) := true
  canContain(cabinetType, handTowelType) := true
  canContain(cabinetType, mugType) := true
  canContain(cabinetType, pepperShakerType) := true
  canContain(cabinetType, kettleType) := true
  canContain(cabinetType, wineBottleType) := true
  canContain(cabinetType, cupType) := true
  canContain(toiletType, toiletPaperType) := true
  canContain(toiletType, newspaperType) := true
  canContain(toiletType, handTowelType) := true
  canContain(microwaveType, mugType) := true
  canContain(microwaveType, cupType) := true
  pickupable(toiletPaper_1) := true
  pickupable(newspaper_2) := true
  pickupable(handTowel_3) := true
  pickupable(mug_4) := true
  isReceptacleObject(mug_4) := true
  cleanable(mug_4) := true
  heatable(mug_4) := true
  coolable(mug_4) := true
  pickupable(toiletPaper_5) := true
  pickupable(pepperShaker_6) := true
  pickupable(kettle_7) := true
  cleanable(kettle_7) := true
  pickupable(wineBottle_8) := true
  pickupable(cup_9) := true
  isReceptacleObject(cup_9) := true
  cleanable(cup_9) := true
  heatable(cup_9) := true
  coolable(cup_9) := true
  pickupable(mug_10) := true
  isReceptacleObject(mug_10) := true
  cleanable(mug_10) := true
  heatable(mug_10) := true
  coolable(mug_10) := true
  receptacleAtLocation(stoveBurner_1, location6) := true
  receptacleAtLocation(laundryHamper_2, location5) := true
  receptacleAtLocation(sinkBasin_3, location8) := true
  receptacleAtLocation(fridge_4, location5) := true
  receptacleAtLocation(bathtubBasin_5, location4) := true
  receptacleAtLocation(sofa_6, location3) := true
  receptacleAtLocation(cabinet_7, location9) := true
  receptacleAtLocation(toilet_8, location1) := true
  receptacleAtLocation(laundryHamper_9, location9) := true
  receptacleAtLocation(microwave_10, location1) := true
  inReceptacle(newspaper_2, toilet_8) := true
  inReceptacle(cup_9, cabinet_7) := true
  inReceptacle(mug_10, microwave_10) := true
  objectAtLocation(toiletPaper_1, location9) := true
  objectAtLocation(newspaper_2, location1) := true
  objectAtLocation(handTowel_3, location5) := true
  objectAtLocation(mug_4, location9) := true
  objectAtLocation(toiletPaper_5, location5) := true
  objectAtLocation(pepperShaker_6, location6) := true
  objectAtLocation(kettle_7, location4) := true
  objectAtLocation(wineBottle_8, location5) := true
  objectAtLocation(cup_9, location9) := true
  objectAtLocation(mug_10, location1) := true
  atLocation(agent1, location2) := true
]

goals = [
  Exists (Receptacle - Checkable r) Exists (Obj - Checkable o) (inReceptacle(o, r) and objectType(o, kettleType) and receptacleType(r, stoveBurnerType))
]

quality metrics = [
  minimize sequential-plan-length
]


2025-06-17 09:57:44,517 - INFO - Generating plan for unconstrained problem

2025-06-17 09:57:44,926 - INFO - Unconstrained plan generation time: 0.40886640548706055

