2025-06-17 09:53:57,433 - INFO - 
================= Seed: 309 =================

2025-06-17 09:53:57,447 - INFO - problem name = alfred

types = [ReceptacleType, ObjectType, Checkable, Agent - Checkable, Location - Checkable, Receptacle - Checkable, Obj - Checkable]

fluents = [
  bool atLocation[a=Agent - Checkable, l=Location - Checkable]
  bool receptacleAtLocation[r=Receptacle - Checkable, l=Location - Checkable]
  bool objectAtLocation[o=Obj - Checkable, l=Location - Checkable]
  bool openable[r=Receptacle - Checkable]
  bool opened[r=Receptacle - Checkable]
  bool inReceptacle[o=Obj - Checkable, r=Receptacle - Checkable]
  bool isReceptacleObject[o=Obj - Checkable]
  bool inReceptacleObject[innerObject=Obj - Checkable, outObject=Obj - Checkable]
  bool isReceptacleObjectFull[o=Obj - Checkable]
  bool wasInReceptacle[o=Obj - Checkable, r=Receptacle - Checkable]
  bool checked[c=Checkable]
  bool examined[l=Location - Checkable]
  bool receptacleType[r=Receptacle - Checkable, rt=ReceptacleType]
  bool canContain[rt=ReceptacleType, ot=ObjectType]
  bool objectType[o=Obj - Checkable, t=ObjectType]
  bool holds[a=Agent - Checkable, o=Obj - Checkable]
  bool holdsAny[a=Agent - Checkable]
  bool holdsAnyReceptacleObject[a=Agent - Checkable]
  bool full[r=Receptacle - Checkable]
  bool isClean[o=Obj - Checkable]
  bool cleanable[o=Obj - Checkable]
  bool isHot[o=Obj - Checkable]
  bool heatable[o=Obj - Checkable]
  bool isCool[o=Obj - Checkable]
  bool coolable[o=Obj - Checkable]
  bool pickupable[o=Obj - Checkable]
  bool moveable[o=Obj - Checkable]
  bool toggleable[o=Obj - Checkable]
  bool isOn[o=Obj - Checkable]
  bool isToggled[o=Obj - Checkable]
  bool sliceable[o=Obj - Checkable]
  bool isSliced[o=Obj - Checkable]
]

actions = [
  action look(Agent - Checkable a, Location - Checkable l) {
    preconditions = [
      atLocation(a, l)
    ]
    effects = [
      checked(l) := true
    ]
  }
  action inventory(Agent - Checkable a) {
    preconditions = [
    ]
    effects = [
      checked(a) := true
    ]
  }
  action examineReceptacle(Agent - Checkable a, Receptacle - Checkable r) {
    preconditions = [
      Exists (Location - Checkable l) (atLocation(a, l) and receptacleAtLocation(r, l))
    ]
    effects = [
      checked(r) := true
    ]
  }
  action examineObject(Agent - Checkable a, Obj - Checkable o) {
    preconditions = [
      (Exists (Location - Checkable l) Exists (Receptacle - Checkable r) (atLocation(a, l) and receptacleAtLocation(r, l) and inReceptacle(o, r) and ((not openable(r)) or opened(r))) or holds(a, o))
    ]
    effects = [
      checked(o) := true
    ]
  }
  action goToLocation(Agent - Checkable a, Location - Checkable lstart, Location - Checkable lend) {
    preconditions = [
      atLocation(a, lstart)
    ]
    effects = [
      atLocation(a, lstart) := false
      atLocation(a, lend) := true
    ]
  }
  action openObject(Agent - Checkable a, Location - Checkable l, Receptacle - Checkable r) {
    preconditions = [
      (openable(r) and atLocation(a, l) and receptacleAtLocation(r, l) and (not opened(r)))
    ]
    effects = [
      opened(r) := true
      checked(r) := true
    ]
  }
  action closeObject(Agent - Checkable a, Location - Checkable l, Receptacle - Checkable r) {
    preconditions = [
      (openable(r) and atLocation(a, l) and receptacleAtLocation(r, l) and opened(r))
    ]
    effects = [
      opened(r) := false
    ]
  }
  action pickupObject(Agent - Checkable a, Location - Checkable l, Obj - Checkable o, Receptacle - Checkable r) {
    preconditions = [
      (pickupable(o) and atLocation(a, l) and receptacleAtLocation(r, l) and inReceptacle(o, r) and (not holdsAny(a)) and ((not openable(r)) or opened(r)))
    ]
    effects = [
      inReceptacle(o, r) := false
      holds(a, o) := true
      holdsAny(a) := true
      objectAtLocation(o, l) := false
    ]
  }
  action putObject(Agent - Checkable a, Location - Checkable l, Obj - Checkable o, Receptacle - Checkable r, ObjectType ot, ReceptacleType rt) {
    preconditions = [
      (holds(a, o) and atLocation(a, l) and receptacleAtLocation(r, l) and ((not openable(r)) or opened(r)) and objectType(o, ot) and receptacleType(r, rt) and canContain(rt, ot))
    ]
    effects = [
      inReceptacle(o, r) := true
      objectAtLocation(o, l) := true
      holds(a, o) := false
      holdsAny(a) := false
    ]
  }
  action cleanObject(Agent - Checkable a, Location - Checkable l, Receptacle - Checkable r, Obj - Checkable o) {
    preconditions = [
      (cleanable(o) and receptacleType(r, sinkBasinType) and atLocation(a, l) and receptacleAtLocation(r, l) and holds(a, o))
    ]
    effects = [
      isClean(o) := true
    ]
  }
  action heatObject(Agent - Checkable a, Location - Checkable l, Receptacle - Checkable r, Obj - Checkable o) {
    preconditions = [
      (heatable(o) and receptacleType(r, microwaveType) and atLocation(a, l) and receptacleAtLocation(r, l) and holds(a, o))
    ]
    effects = [
      isHot(o) := true
      isCool(o) := false
    ]
  }
  action coolObject(Agent - Checkable a, Location - Checkable l, Receptacle - Checkable r, Obj - Checkable o) {
    preconditions = [
      (coolable(o) and receptacleType(r, fridgeType) and atLocation(a, l) and receptacleAtLocation(r, l) and holds(a, o))
    ]
    effects = [
      isCool(o) := true
      isHot(o) := false
    ]
  }
  action toggleObject(Agent - Checkable a, Location - Checkable l, Obj - Checkable o, Receptacle - Checkable r) {
    preconditions = [
      (toggleable(o) and atLocation(a, l) and receptacleAtLocation(r, l) and inReceptacle(o, r))
    ]
    effects = [
      if isOn(o) then isOn(o) := false
      if (not isOn(o)) then isOn(o) := true
      isToggled(o) := true
    ]
  }
  action sliceObject(Agent - Checkable a, Location - Checkable l, Obj - Checkable co, Obj - Checkable ko) {
    preconditions = [
      (sliceable(co) and (objectType(ko, knifeType) or objectType(ko, butterKnifeType)) and atLocation(a, l) and objectAtLocation(co, l) and holds(a, ko))
    ]
    effects = [
      isSliced(co) := true
    ]
  }
  action help(Agent - Checkable a) {
    preconditions = [
    ]
    effects = [
      checked(a) := true
    ]
  }
]

objects = [
  ReceptacleType: [sinkBasinType, microwaveType, fridgeType, shelfType, handTowelHolderType, bathtubBasinType, cabinetType, counterTopType, tvStandType]
  ObjectType: [knifeType, butterKnifeType, newspaperType, candleType, penType, soapBarType, toiletPaperType, statueType, plungerType, wineBottleType, watchType, plateType]
  Checkable: [agent1, location1, location2, location3, location4, location5, location6, location7, location8, location9, location10, shelf_1, handTowelHolder_2, bathtubBasin_3, cabinet_4, counterTop_5, tvStand_6, tvStand_7, fridge_8, counterTop_9, fridge_10, newspaper_1, candle_2, pen_3, soapBar_4, toiletPaper_5, statue_6, plunger_7, wineBottle_8, watch_9, plate_10]
  Agent - Checkable: [agent1]
  Location - Checkable: [location1, location2, location3, location4, location5, location6, location7, location8, location9, location10]
  Receptacle - Checkable: [shelf_1, handTowelHolder_2, bathtubBasin_3, cabinet_4, counterTop_5, tvStand_6, tvStand_7, fridge_8, counterTop_9, fridge_10]
  Obj - Checkable: [newspaper_1, candle_2, pen_3, soapBar_4, toiletPaper_5, statue_6, plunger_7, wineBottle_8, watch_9, plate_10]
]

initial fluents default = [
  bool atLocation[a=Agent - Checkable, l=Location - Checkable] := false
  bool receptacleAtLocation[r=Receptacle - Checkable, l=Location - Checkable] := false
  bool objectAtLocation[o=Obj - Checkable, l=Location - Checkable] := false
  bool openable[r=Receptacle - Checkable] := false
  bool opened[r=Receptacle - Checkable] := false
  bool inReceptacle[o=Obj - Checkable, r=Receptacle - Checkable] := false
  bool isReceptacleObject[o=Obj - Checkable] := false
  bool inReceptacleObject[innerObject=Obj - Checkable, outObject=Obj - Checkable] := false
  bool isReceptacleObjectFull[o=Obj - Checkable] := false
  bool wasInReceptacle[o=Obj - Checkable, r=Receptacle - Checkable] := false
  bool checked[c=Checkable] := false
  bool examined[l=Location - Checkable] := false
  bool receptacleType[r=Receptacle - Checkable, rt=ReceptacleType] := false
  bool canContain[rt=ReceptacleType, ot=ObjectType] := false
  bool objectType[o=Obj - Checkable, t=ObjectType] := false
  bool holds[a=Agent - Checkable, o=Obj - Checkable] := false
  bool holdsAny[a=Agent - Checkable] := false
  bool holdsAnyReceptacleObject[a=Agent - Checkable] := false
  bool full[r=Receptacle - Checkable] := false
  bool isClean[o=Obj - Checkable] := false
  bool cleanable[o=Obj - Checkable] := false
  bool isHot[o=Obj - Checkable] := false
  bool heatable[o=Obj - Checkable] := false
  bool isCool[o=Obj - Checkable] := false
  bool coolable[o=Obj - Checkable] := false
  bool pickupable[o=Obj - Checkable] := false
  bool moveable[o=Obj - Checkable] := false
  bool toggleable[o=Obj - Checkable] := false
  bool isOn[o=Obj - Checkable] := false
  bool isToggled[o=Obj - Checkable] := false
  bool sliceable[o=Obj - Checkable] := false
  bool isSliced[o=Obj - Checkable] := false
]

initial values = [
  receptacleType(shelf_1, shelfType) := true
  receptacleType(handTowelHolder_2, handTowelHolderType) := true
  receptacleType(bathtubBasin_3, bathtubBasinType) := true
  receptacleType(cabinet_4, cabinetType) := true
  receptacleType(counterTop_5, counterTopType) := true
  receptacleType(tvStand_6, tvStandType) := true
  receptacleType(tvStand_7, tvStandType) := true
  receptacleType(fridge_8, fridgeType) := true
  receptacleType(counterTop_9, counterTopType) := true
  receptacleType(fridge_10, fridgeType) := true
  objectType(newspaper_1, newspaperType) := true
  objectType(candle_2, candleType) := true
  objectType(pen_3, penType) := true
  objectType(soapBar_4, soapBarType) := true
  objectType(toiletPaper_5, toiletPaperType) := true
  objectType(statue_6, statueType) := true
  objectType(plunger_7, plungerType) := true
  objectType(wineBottle_8, wineBottleType) := true
  objectType(watch_9, watchType) := true
  objectType(plate_10, plateType) := true
  canContain(shelfType, newspaperType) := true
  canContain(shelfType, candleType) := true
  canContain(shelfType, penType) := true
  canContain(shelfType, soapBarType) := true
  canContain(shelfType, toiletPaperType) := true
  canContain(shelfType, statueType) := true
  canContain(shelfType, wineBottleType) := true
  canContain(shelfType, watchType) := true
  canContain(shelfType, plateType) := true
  canContain(bathtubBasinType, soapBarType) := true
  canContain(cabinetType, newspaperType) := true
  canContain(cabinetType, candleType) := true
  canContain(cabinetType, soapBarType) := true
  canContain(cabinetType, toiletPaperType) := true
  canContain(cabinetType, plungerType) := true
  canContain(cabinetType, wineBottleType) := true
  canContain(cabinetType, plateType) := true
  canContain(counterTopType, newspaperType) := true
  canContain(counterTopType, candleType) := true
  canContain(counterTopType, penType) := true
  canContain(counterTopType, soapBarType) := true
  canContain(counterTopType, toiletPaperType) := true
  canContain(counterTopType, statueType) := true
  canContain(counterTopType, wineBottleType) := true
  canContain(counterTopType, watchType) := true
  canContain(counterTopType, plateType) := true
  canContain(fridgeType, wineBottleType) := true
  canContain(fridgeType, plateType) := true
  pickupable(newspaper_1) := true
  pickupable(candle_2) := true
  pickupable(pen_3) := true
  pickupable(soapBar_4) := true
  cleanable(soapBar_4) := true
  pickupable(toiletPaper_5) := true
  pickupable(statue_6) := true
  pickupable(plunger_7) := true
  pickupable(wineBottle_8) := true
  pickupable(watch_9) := true
  pickupable(plate_10) := true
  isReceptacleObject(plate_10) := true
  cleanable(plate_10) := true
  heatable(plate_10) := true
  coolable(plate_10) := true
  receptacleAtLocation(shelf_1, location10) := true
  receptacleAtLocation(handTowelHolder_2, location2) := true
  receptacleAtLocation(bathtubBasin_3, location6) := true
  receptacleAtLocation(cabinet_4, location1) := true
  receptacleAtLocation(counterTop_5, location5) := true
  receptacleAtLocation(tvStand_6, location1) := true
  receptacleAtLocation(tvStand_7, location4) := true
  receptacleAtLocation(fridge_8, location9) := true
  receptacleAtLocation(counterTop_9, location3) := true
  receptacleAtLocation(fridge_10, location3) := true
  inReceptacle(wineBottle_8, counterTop_9) := true
  objectAtLocation(newspaper_1, location6) := true
  objectAtLocation(candle_2, location7) := true
  objectAtLocation(pen_3, location4) := true
  objectAtLocation(soapBar_4, location6) := true
  objectAtLocation(toiletPaper_5, location1) := true
  objectAtLocation(statue_6, location9) := true
  objectAtLocation(plunger_7, location3) := true
  objectAtLocation(wineBottle_8, location3) := true
  objectAtLocation(watch_9, location9) := true
  objectAtLocation(plate_10, location6) := true
  atLocation(agent1, location8) := true
]

goals = [
  Exists (Receptacle - Checkable r) Exists (Obj - Checkable o) (inReceptacle(o, r) and objectType(o, newspaperType) and receptacleType(r, shelfType))
]

quality metrics = [
  minimize sequential-plan-length
]


2025-06-17 09:53:57,451 - INFO - Generating plan for unconstrained problem

2025-06-17 09:53:57,876 - INFO - Unconstrained plan generation time: 0.4251866340637207

