2025-06-17 09:57:32,737 - INFO - 
================= Seed: 606 =================

2025-06-17 09:57:32,749 - INFO - problem name = alfred

types = [ReceptacleType, ObjectType, Checkable, Agent - Checkable, Location - Checkable, Receptacle - Checkable, Obj - Checkable]

fluents = [
  bool atLocation[a=Agent - Checkable, l=Location - Checkable]
  bool receptacleAtLocation[r=Receptacle - Checkable, l=Location - Checkable]
  bool objectAtLocation[o=Obj - Checkable, l=Location - Checkable]
  bool openable[r=Receptacle - Checkable]
  bool opened[r=Receptacle - Checkable]
  bool inReceptacle[o=Obj - Checkable, r=Receptacle - Checkable]
  bool isReceptacleObject[o=Obj - Checkable]
  bool inReceptacleObject[innerObject=Obj - Checkable, outObject=Obj - Checkable]
  bool isReceptacleObjectFull[o=Obj - Checkable]
  bool wasInReceptacle[o=Obj - Checkable, r=Receptacle - Checkable]
  bool checked[c=Checkable]
  bool examined[l=Location - Checkable]
  bool receptacleType[r=Receptacle - Checkable, rt=ReceptacleType]
  bool canContain[rt=ReceptacleType, ot=ObjectType]
  bool objectType[o=Obj - Checkable, t=ObjectType]
  bool holds[a=Agent - Checkable, o=Obj - Checkable]
  bool holdsAny[a=Agent - Checkable]
  bool holdsAnyReceptacleObject[a=Agent - Checkable]
  bool full[r=Receptacle - Checkable]
  bool isClean[o=Obj - Checkable]
  bool cleanable[o=Obj - Checkable]
  bool isHot[o=Obj - Checkable]
  bool heatable[o=Obj - Checkable]
  bool isCool[o=Obj - Checkable]
  bool coolable[o=Obj - Checkable]
  bool pickupable[o=Obj - Checkable]
  bool moveable[o=Obj - Checkable]
  bool toggleable[o=Obj - Checkable]
  bool isOn[o=Obj - Checkable]
  bool isToggled[o=Obj - Checkable]
  bool sliceable[o=Obj - Checkable]
  bool isSliced[o=Obj - Checkable]
]

actions = [
  action look(Agent - Checkable a, Location - Checkable l) {
    preconditions = [
      atLocation(a, l)
    ]
    effects = [
      checked(l) := true
    ]
  }
  action inventory(Agent - Checkable a) {
    preconditions = [
    ]
    effects = [
      checked(a) := true
    ]
  }
  action examineReceptacle(Agent - Checkable a, Receptacle - Checkable r) {
    preconditions = [
      Exists (Location - Checkable l) (atLocation(a, l) and receptacleAtLocation(r, l))
    ]
    effects = [
      checked(r) := true
    ]
  }
  action examineObject(Agent - Checkable a, Obj - Checkable o) {
    preconditions = [
      (Exists (Location - Checkable l) Exists (Receptacle - Checkable r) (atLocation(a, l) and receptacleAtLocation(r, l) and inReceptacle(o, r) and ((not openable(r)) or opened(r))) or holds(a, o))
    ]
    effects = [
      checked(o) := true
    ]
  }
  action goToLocation(Agent - Checkable a, Location - Checkable lstart, Location - Checkable lend) {
    preconditions = [
      atLocation(a, lstart)
    ]
    effects = [
      atLocation(a, lstart) := false
      atLocation(a, lend) := true
    ]
  }
  action openObject(Agent - Checkable a, Location - Checkable l, Receptacle - Checkable r) {
    preconditions = [
      (openable(r) and atLocation(a, l) and receptacleAtLocation(r, l) and (not opened(r)))
    ]
    effects = [
      opened(r) := true
      checked(r) := true
    ]
  }
  action closeObject(Agent - Checkable a, Location - Checkable l, Receptacle - Checkable r) {
    preconditions = [
      (openable(r) and atLocation(a, l) and receptacleAtLocation(r, l) and opened(r))
    ]
    effects = [
      opened(r) := false
    ]
  }
  action pickupObject(Agent - Checkable a, Location - Checkable l, Obj - Checkable o, Receptacle - Checkable r) {
    preconditions = [
      (pickupable(o) and atLocation(a, l) and receptacleAtLocation(r, l) and inReceptacle(o, r) and (not holdsAny(a)) and ((not openable(r)) or opened(r)))
    ]
    effects = [
      inReceptacle(o, r) := false
      holds(a, o) := true
      holdsAny(a) := true
      objectAtLocation(o, l) := false
    ]
  }
  action putObject(Agent - Checkable a, Location - Checkable l, Obj - Checkable o, Receptacle - Checkable r, ObjectType ot, ReceptacleType rt) {
    preconditions = [
      (holds(a, o) and atLocation(a, l) and receptacleAtLocation(r, l) and ((not openable(r)) or opened(r)) and objectType(o, ot) and receptacleType(r, rt) and canContain(rt, ot))
    ]
    effects = [
      inReceptacle(o, r) := true
      objectAtLocation(o, l) := true
      holds(a, o) := false
      holdsAny(a) := false
    ]
  }
  action cleanObject(Agent - Checkable a, Location - Checkable l, Receptacle - Checkable r, Obj - Checkable o) {
    preconditions = [
      (cleanable(o) and receptacleType(r, sinkBasinType) and atLocation(a, l) and receptacleAtLocation(r, l) and holds(a, o))
    ]
    effects = [
      isClean(o) := true
    ]
  }
  action heatObject(Agent - Checkable a, Location - Checkable l, Receptacle - Checkable r, Obj - Checkable o) {
    preconditions = [
      (heatable(o) and receptacleType(r, microwaveType) and atLocation(a, l) and receptacleAtLocation(r, l) and holds(a, o))
    ]
    effects = [
      isHot(o) := true
      isCool(o) := false
    ]
  }
  action coolObject(Agent - Checkable a, Location - Checkable l, Receptacle - Checkable r, Obj - Checkable o) {
    preconditions = [
      (coolable(o) and receptacleType(r, fridgeType) and atLocation(a, l) and receptacleAtLocation(r, l) and holds(a, o))
    ]
    effects = [
      isCool(o) := true
      isHot(o) := false
    ]
  }
  action toggleObject(Agent - Checkable a, Location - Checkable l, Obj - Checkable o, Receptacle - Checkable r) {
    preconditions = [
      (toggleable(o) and atLocation(a, l) and receptacleAtLocation(r, l) and inReceptacle(o, r))
    ]
    effects = [
      if isOn(o) then isOn(o) := false
      if (not isOn(o)) then isOn(o) := true
      isToggled(o) := true
    ]
  }
  action sliceObject(Agent - Checkable a, Location - Checkable l, Obj - Checkable co, Obj - Checkable ko) {
    preconditions = [
      (sliceable(co) and (objectType(ko, knifeType) or objectType(ko, butterKnifeType)) and atLocation(a, l) and objectAtLocation(co, l) and holds(a, ko))
    ]
    effects = [
      isSliced(co) := true
    ]
  }
  action help(Agent - Checkable a) {
    preconditions = [
    ]
    effects = [
      checked(a) := true
    ]
  }
]

objects = [
  ReceptacleType: [sinkBasinType, microwaveType, fridgeType, dresserType, tvStandType, drawerType, stoveBurnerType, sofaType, coffeeTableType, cabinetType, sideTableType]
  ObjectType: [knifeType, butterKnifeType, laptopType, tomatoType, candleType, forkType, paperTowelType, soapBarType, eggType, alarmClockType, potType]
  Checkable: [agent1, location1, location2, location3, location4, location5, location6, location7, location8, location9, location10, dresser_1, tvStand_2, drawer_3, stoveBurner_4, sofa_5, coffeeTable_6, sofa_7, stoveBurner_8, cabinet_9, sideTable_10, laptop_1, tomato_2, candle_3, fork_4, paperTowel_5, soapBar_6, egg_7, alarmClock_8, butterKnife_9, pot_10]
  Agent - Checkable: [agent1]
  Location - Checkable: [location1, location2, location3, location4, location5, location6, location7, location8, location9, location10]
  Receptacle - Checkable: [dresser_1, tvStand_2, drawer_3, stoveBurner_4, sofa_5, coffeeTable_6, sofa_7, stoveBurner_8, cabinet_9, sideTable_10]
  Obj - Checkable: [laptop_1, tomato_2, candle_3, fork_4, paperTowel_5, soapBar_6, egg_7, alarmClock_8, butterKnife_9, pot_10]
]

initial fluents default = [
  bool atLocation[a=Agent - Checkable, l=Location - Checkable] := false
  bool receptacleAtLocation[r=Receptacle - Checkable, l=Location - Checkable] := false
  bool objectAtLocation[o=Obj - Checkable, l=Location - Checkable] := false
  bool openable[r=Receptacle - Checkable] := false
  bool opened[r=Receptacle - Checkable] := false
  bool inReceptacle[o=Obj - Checkable, r=Receptacle - Checkable] := false
  bool isReceptacleObject[o=Obj - Checkable] := false
  bool inReceptacleObject[innerObject=Obj - Checkable, outObject=Obj - Checkable] := false
  bool isReceptacleObjectFull[o=Obj - Checkable] := false
  bool wasInReceptacle[o=Obj - Checkable, r=Receptacle - Checkable] := false
  bool checked[c=Checkable] := false
  bool examined[l=Location - Checkable] := false
  bool receptacleType[r=Receptacle - Checkable, rt=ReceptacleType] := false
  bool canContain[rt=ReceptacleType, ot=ObjectType] := false
  bool objectType[o=Obj - Checkable, t=ObjectType] := false
  bool holds[a=Agent - Checkable, o=Obj - Checkable] := false
  bool holdsAny[a=Agent - Checkable] := false
  bool holdsAnyReceptacleObject[a=Agent - Checkable] := false
  bool full[r=Receptacle - Checkable] := false
  bool isClean[o=Obj - Checkable] := false
  bool cleanable[o=Obj - Checkable] := false
  bool isHot[o=Obj - Checkable] := false
  bool heatable[o=Obj - Checkable] := false
  bool isCool[o=Obj - Checkable] := false
  bool coolable[o=Obj - Checkable] := false
  bool pickupable[o=Obj - Checkable] := false
  bool moveable[o=Obj - Checkable] := false
  bool toggleable[o=Obj - Checkable] := false
  bool isOn[o=Obj - Checkable] := false
  bool isToggled[o=Obj - Checkable] := false
  bool sliceable[o=Obj - Checkable] := false
  bool isSliced[o=Obj - Checkable] := false
]

initial values = [
  receptacleType(dresser_1, dresserType) := true
  receptacleType(tvStand_2, tvStandType) := true
  receptacleType(drawer_3, drawerType) := true
  receptacleType(stoveBurner_4, stoveBurnerType) := true
  receptacleType(sofa_5, sofaType) := true
  receptacleType(coffeeTable_6, coffeeTableType) := true
  receptacleType(sofa_7, sofaType) := true
  receptacleType(stoveBurner_8, stoveBurnerType) := true
  receptacleType(cabinet_9, cabinetType) := true
  receptacleType(sideTable_10, sideTableType) := true
  objectType(laptop_1, laptopType) := true
  objectType(tomato_2, tomatoType) := true
  objectType(candle_3, candleType) := true
  objectType(fork_4, forkType) := true
  objectType(paperTowel_5, paperTowelType) := true
  objectType(soapBar_6, soapBarType) := true
  objectType(egg_7, eggType) := true
  objectType(alarmClock_8, alarmClockType) := true
  objectType(butterKnife_9, butterKnifeType) := true
  objectType(pot_10, potType) := true
  canContain(dresserType, laptopType) := true
  canContain(dresserType, candleType) := true
  canContain(dresserType, alarmClockType) := true
  canContain(drawerType, candleType) := true
  canContain(drawerType, forkType) := true
  canContain(drawerType, soapBarType) := true
  canContain(drawerType, butterKnifeType) := true
  canContain(stoveBurnerType, potType) := true
  canContain(sofaType, laptopType) := true
  canContain(coffeeTableType, laptopType) := true
  canContain(coffeeTableType, tomatoType) := true
  canContain(coffeeTableType, candleType) := true
  canContain(coffeeTableType, forkType) := true
  canContain(coffeeTableType, paperTowelType) := true
  canContain(coffeeTableType, soapBarType) := true
  canContain(coffeeTableType, eggType) := true
  canContain(coffeeTableType, alarmClockType) := true
  canContain(coffeeTableType, butterKnifeType) := true
  canContain(coffeeTableType, potType) := true
  canContain(cabinetType, candleType) := true
  canContain(cabinetType, soapBarType) := true
  canContain(cabinetType, potType) := true
  canContain(sideTableType, laptopType) := true
  canContain(sideTableType, tomatoType) := true
  canContain(sideTableType, candleType) := true
  canContain(sideTableType, forkType) := true
  canContain(sideTableType, paperTowelType) := true
  canContain(sideTableType, soapBarType) := true
  canContain(sideTableType, eggType) := true
  canContain(sideTableType, alarmClockType) := true
  canContain(sideTableType, butterKnifeType) := true
  canContain(sideTableType, potType) := true
  pickupable(laptop_1) := true
  pickupable(tomato_2) := true
  cleanable(tomato_2) := true
  heatable(tomato_2) := true
  coolable(tomato_2) := true
  sliceable(tomato_2) := true
  pickupable(candle_3) := true
  pickupable(fork_4) := true
  cleanable(fork_4) := true
  pickupable(paperTowel_5) := true
  pickupable(soapBar_6) := true
  cleanable(soapBar_6) := true
  pickupable(egg_7) := true
  cleanable(egg_7) := true
  heatable(egg_7) := true
  coolable(egg_7) := true
  sliceable(egg_7) := true
  pickupable(alarmClock_8) := true
  pickupable(butterKnife_9) := true
  cleanable(butterKnife_9) := true
  pickupable(pot_10) := true
  isReceptacleObject(pot_10) := true
  cleanable(pot_10) := true
  coolable(pot_10) := true
  receptacleAtLocation(dresser_1, location2) := true
  receptacleAtLocation(tvStand_2, location8) := true
  receptacleAtLocation(drawer_3, location4) := true
  receptacleAtLocation(stoveBurner_4, location9) := true
  receptacleAtLocation(sofa_5, location1) := true
  receptacleAtLocation(coffeeTable_6, location9) := true
  receptacleAtLocation(sofa_7, location4) := true
  receptacleAtLocation(stoveBurner_8, location3) := true
  receptacleAtLocation(cabinet_9, location7) := true
  receptacleAtLocation(sideTable_10, location7) := true
  inReceptacle(laptop_1, sideTable_10) := true
  inReceptacle(tomato_2, coffeeTable_6) := true
  inReceptacle(candle_3, drawer_3) := true
  inReceptacle(paperTowel_5, sideTable_10) := true
  objectAtLocation(laptop_1, location7) := true
  objectAtLocation(tomato_2, location9) := true
  objectAtLocation(candle_3, location4) := true
  objectAtLocation(fork_4, location2) := true
  objectAtLocation(paperTowel_5, location7) := true
  objectAtLocation(soapBar_6, location6) := true
  objectAtLocation(egg_7, location6) := true
  objectAtLocation(alarmClock_8, location2) := true
  objectAtLocation(butterKnife_9, location6) := true
  objectAtLocation(pot_10, location2) := true
  atLocation(agent1, location1) := true
]

goals = [
  Exists (Receptacle - Checkable r) Exists (Obj - Checkable o1) (inReceptacle(o1, r) and objectType(o1, soapBarType) and receptacleType(r, sideTableType) and Exists (Obj - Checkable o2) ((not (o1 == o2)) and objectType(o2, tomatoType) and receptacleType(r, sideTableType) and inReceptacle(o2, r)))
]

quality metrics = [
  minimize sequential-plan-length
]


2025-06-17 09:57:32,753 - INFO - Generating plan for unconstrained problem

2025-06-17 09:57:33,099 - INFO - Unconstrained plan generation time: 0.34576988220214844

