2025-06-17 11:20:09,864 - INFO - 
================= Seed: 208 =================

2025-06-17 11:20:09,865 - INFO - problem name = alfred

types = [ReceptacleType, ObjectType, Checkable, Agent - Checkable, Location - Checkable, Receptacle - Checkable, Obj - Checkable]

fluents = [
  bool atLocation[a=Agent - Checkable, l=Location - Checkable]
  bool receptacleAtLocation[r=Receptacle - Checkable, l=Location - Checkable]
  bool objectAtLocation[o=Obj - Checkable, l=Location - Checkable]
  bool openable[r=Receptacle - Checkable]
  bool opened[r=Receptacle - Checkable]
  bool inReceptacle[o=Obj - Checkable, r=Receptacle - Checkable]
  bool isReceptacleObject[o=Obj - Checkable]
  bool inReceptacleObject[innerObject=Obj - Checkable, outObject=Obj - Checkable]
  bool isReceptacleObjectFull[o=Obj - Checkable]
  bool wasInReceptacle[o=Obj - Checkable, r=Receptacle - Checkable]
  bool checked[c=Checkable]
  bool examined[l=Location - Checkable]
  bool receptacleType[r=Receptacle - Checkable, rt=ReceptacleType]
  bool canContain[rt=ReceptacleType, ot=ObjectType]
  bool objectType[o=Obj - Checkable, t=ObjectType]
  bool holds[a=Agent - Checkable, o=Obj - Checkable]
  bool holdsAny[a=Agent - Checkable]
  bool holdsAnyReceptacleObject[a=Agent - Checkable]
  bool full[r=Receptacle - Checkable]
  bool isClean[o=Obj - Checkable]
  bool cleanable[o=Obj - Checkable]
  bool isHot[o=Obj - Checkable]
  bool heatable[o=Obj - Checkable]
  bool isCool[o=Obj - Checkable]
  bool coolable[o=Obj - Checkable]
  bool pickupable[o=Obj - Checkable]
  bool moveable[o=Obj - Checkable]
  bool toggleable[o=Obj - Checkable]
  bool isOn[o=Obj - Checkable]
  bool isToggled[o=Obj - Checkable]
  bool sliceable[o=Obj - Checkable]
  bool isSliced[o=Obj - Checkable]
]

actions = [
  action look(Agent - Checkable a, Location - Checkable l) {
    preconditions = [
      atLocation(a, l)
    ]
    effects = [
      checked(l) := true
    ]
  }
  action inventory(Agent - Checkable a) {
    preconditions = [
    ]
    effects = [
      checked(a) := true
    ]
  }
  action examineReceptacle(Agent - Checkable a, Receptacle - Checkable r) {
    preconditions = [
      Exists (Location - Checkable l) (atLocation(a, l) and receptacleAtLocation(r, l))
    ]
    effects = [
      checked(r) := true
    ]
  }
  action examineObject(Agent - Checkable a, Obj - Checkable o) {
    preconditions = [
      (Exists (Location - Checkable l) Exists (Receptacle - Checkable r) (atLocation(a, l) and receptacleAtLocation(r, l) and inReceptacle(o, r) and ((not openable(r)) or opened(r))) or holds(a, o))
    ]
    effects = [
      checked(o) := true
    ]
  }
  action goToLocation(Agent - Checkable a, Location - Checkable lstart, Location - Checkable lend) {
    preconditions = [
      atLocation(a, lstart)
    ]
    effects = [
      atLocation(a, lstart) := false
      atLocation(a, lend) := true
    ]
  }
  action openObject(Agent - Checkable a, Location - Checkable l, Receptacle - Checkable r) {
    preconditions = [
      (openable(r) and atLocation(a, l) and receptacleAtLocation(r, l) and (not opened(r)))
    ]
    effects = [
      opened(r) := true
      checked(r) := true
    ]
  }
  action closeObject(Agent - Checkable a, Location - Checkable l, Receptacle - Checkable r) {
    preconditions = [
      (openable(r) and atLocation(a, l) and receptacleAtLocation(r, l) and opened(r))
    ]
    effects = [
      opened(r) := false
    ]
  }
  action pickupObject(Agent - Checkable a, Location - Checkable l, Obj - Checkable o, Receptacle - Checkable r) {
    preconditions = [
      (pickupable(o) and atLocation(a, l) and receptacleAtLocation(r, l) and inReceptacle(o, r) and (not holdsAny(a)) and ((not openable(r)) or opened(r)))
    ]
    effects = [
      inReceptacle(o, r) := false
      holds(a, o) := true
      holdsAny(a) := true
      objectAtLocation(o, l) := false
    ]
  }
  action putObject(Agent - Checkable a, Location - Checkable l, Obj - Checkable o, Receptacle - Checkable r, ObjectType ot, ReceptacleType rt) {
    preconditions = [
      (holds(a, o) and atLocation(a, l) and receptacleAtLocation(r, l) and ((not openable(r)) or opened(r)) and objectType(o, ot) and receptacleType(r, rt) and canContain(rt, ot))
    ]
    effects = [
      inReceptacle(o, r) := true
      objectAtLocation(o, l) := true
      holds(a, o) := false
      holdsAny(a) := false
    ]
  }
  action cleanObject(Agent - Checkable a, Location - Checkable l, Receptacle - Checkable r, Obj - Checkable o) {
    preconditions = [
      (cleanable(o) and receptacleType(r, sinkBasinType) and atLocation(a, l) and receptacleAtLocation(r, l) and holds(a, o))
    ]
    effects = [
      isClean(o) := true
    ]
  }
  action heatObject(Agent - Checkable a, Location - Checkable l, Receptacle - Checkable r, Obj - Checkable o) {
    preconditions = [
      (heatable(o) and receptacleType(r, microwaveType) and atLocation(a, l) and receptacleAtLocation(r, l) and holds(a, o))
    ]
    effects = [
      isHot(o) := true
      isCool(o) := false
    ]
  }
  action coolObject(Agent - Checkable a, Location - Checkable l, Receptacle - Checkable r, Obj - Checkable o) {
    preconditions = [
      (coolable(o) and receptacleType(r, fridgeType) and atLocation(a, l) and receptacleAtLocation(r, l) and holds(a, o))
    ]
    effects = [
      isCool(o) := true
      isHot(o) := false
    ]
  }
  action toggleObject(Agent - Checkable a, Location - Checkable l, Obj - Checkable o, Receptacle - Checkable r) {
    preconditions = [
      (toggleable(o) and atLocation(a, l) and receptacleAtLocation(r, l) and inReceptacle(o, r))
    ]
    effects = [
      if isOn(o) then isOn(o) := false
      if (not isOn(o)) then isOn(o) := true
      isToggled(o) := true
    ]
  }
  action sliceObject(Agent - Checkable a, Location - Checkable l, Obj - Checkable co, Obj - Checkable ko) {
    preconditions = [
      (sliceable(co) and (objectType(ko, knifeType) or objectType(ko, butterKnifeType)) and atLocation(a, l) and objectAtLocation(co, l) and holds(a, ko))
    ]
    effects = [
      isSliced(co) := true
    ]
  }
  action help(Agent - Checkable a) {
    preconditions = [
    ]
    effects = [
      checked(a) := true
    ]
  }
]

objects = [
  ReceptacleType: [sinkBasinType, microwaveType, fridgeType, garbageCanType, towelHolderType, laundryHamperType, counterTopType, drawerType, bathtubBasinType, deskType, cartType]
  ObjectType: [knifeType, butterKnifeType, ladleType, baseballBatType, clothType, boxType, bowlType, wineBottleType, potatoType]
  Checkable: [agent1, location1, location2, location3, location4, location5, location6, location7, location8, location9, location10, garbageCan_1, towelHolder_2, laundryHamper_3, counterTop_4, drawer_5, bathtubBasin_6, desk_7, bathtubBasin_8, garbageCan_9, cart_10, microwave_11, fridge_12, ladle_1, baseballBat_2, cloth_3, baseballBat_4, box_5, bowl_6, wineBottle_7, potato_8, butterKnife_9, box_10]
  Agent - Checkable: [agent1]
  Location - Checkable: [location1, location2, location3, location4, location5, location6, location7, location8, location9, location10]
  Receptacle - Checkable: [garbageCan_1, towelHolder_2, laundryHamper_3, counterTop_4, drawer_5, bathtubBasin_6, desk_7, bathtubBasin_8, garbageCan_9, cart_10, microwave_11, fridge_12]
  Obj - Checkable: [ladle_1, baseballBat_2, cloth_3, baseballBat_4, box_5, bowl_6, wineBottle_7, potato_8, butterKnife_9, box_10]
]

initial fluents default = [
  bool atLocation[a=Agent - Checkable, l=Location - Checkable] := false
  bool receptacleAtLocation[r=Receptacle - Checkable, l=Location - Checkable] := false
  bool objectAtLocation[o=Obj - Checkable, l=Location - Checkable] := false
  bool openable[r=Receptacle - Checkable] := false
  bool opened[r=Receptacle - Checkable] := false
  bool inReceptacle[o=Obj - Checkable, r=Receptacle - Checkable] := false
  bool isReceptacleObject[o=Obj - Checkable] := false
  bool inReceptacleObject[innerObject=Obj - Checkable, outObject=Obj - Checkable] := false
  bool isReceptacleObjectFull[o=Obj - Checkable] := false
  bool wasInReceptacle[o=Obj - Checkable, r=Receptacle - Checkable] := false
  bool checked[c=Checkable] := false
  bool examined[l=Location - Checkable] := false
  bool receptacleType[r=Receptacle - Checkable, rt=ReceptacleType] := false
  bool canContain[rt=ReceptacleType, ot=ObjectType] := false
  bool objectType[o=Obj - Checkable, t=ObjectType] := false
  bool holds[a=Agent - Checkable, o=Obj - Checkable] := false
  bool holdsAny[a=Agent - Checkable] := false
  bool holdsAnyReceptacleObject[a=Agent - Checkable] := false
  bool full[r=Receptacle - Checkable] := false
  bool isClean[o=Obj - Checkable] := false
  bool cleanable[o=Obj - Checkable] := false
  bool isHot[o=Obj - Checkable] := false
  bool heatable[o=Obj - Checkable] := false
  bool isCool[o=Obj - Checkable] := false
  bool coolable[o=Obj - Checkable] := false
  bool pickupable[o=Obj - Checkable] := false
  bool moveable[o=Obj - Checkable] := false
  bool toggleable[o=Obj - Checkable] := false
  bool isOn[o=Obj - Checkable] := false
  bool isToggled[o=Obj - Checkable] := false
  bool sliceable[o=Obj - Checkable] := false
  bool isSliced[o=Obj - Checkable] := false
]

initial values = [
  receptacleType(garbageCan_1, garbageCanType) := true
  receptacleType(towelHolder_2, towelHolderType) := true
  receptacleType(laundryHamper_3, laundryHamperType) := true
  receptacleType(counterTop_4, counterTopType) := true
  receptacleType(drawer_5, drawerType) := true
  receptacleType(bathtubBasin_6, bathtubBasinType) := true
  receptacleType(desk_7, deskType) := true
  receptacleType(bathtubBasin_8, bathtubBasinType) := true
  receptacleType(garbageCan_9, garbageCanType) := true
  receptacleType(cart_10, cartType) := true
  receptacleType(microwave_11, microwaveType) := true
  receptacleType(fridge_12, fridgeType) := true
  objectType(ladle_1, ladleType) := true
  objectType(baseballBat_2, baseballBatType) := true
  objectType(cloth_3, clothType) := true
  objectType(baseballBat_4, baseballBatType) := true
  objectType(box_5, boxType) := true
  objectType(bowl_6, bowlType) := true
  objectType(wineBottle_7, wineBottleType) := true
  objectType(potato_8, potatoType) := true
  objectType(butterKnife_9, butterKnifeType) := true
  objectType(box_10, boxType) := true
  canContain(garbageCanType, clothType) := true
  canContain(garbageCanType, wineBottleType) := true
  canContain(garbageCanType, potatoType) := true
  canContain(laundryHamperType, clothType) := true
  canContain(counterTopType, ladleType) := true
  canContain(counterTopType, baseballBatType) := true
  canContain(counterTopType, clothType) := true
  canContain(counterTopType, boxType) := true
  canContain(counterTopType, bowlType) := true
  canContain(counterTopType, wineBottleType) := true
  canContain(counterTopType, potatoType) := true
  canContain(counterTopType, butterKnifeType) := true
  canContain(drawerType, ladleType) := true
  canContain(drawerType, clothType) := true
  canContain(drawerType, butterKnifeType) := true
  canContain(bathtubBasinType, clothType) := true
  canContain(deskType, clothType) := true
  canContain(deskType, boxType) := true
  canContain(deskType, bowlType) := true
  canContain(deskType, wineBottleType) := true
  canContain(cartType, clothType) := true
  canContain(microwaveType, bowlType) := true
  canContain(microwaveType, potatoType) := true
  canContain(fridgeType, bowlType) := true
  canContain(fridgeType, wineBottleType) := true
  canContain(fridgeType, potatoType) := true
  pickupable(ladle_1) := true
  cleanable(ladle_1) := true
  pickupable(baseballBat_2) := true
  pickupable(cloth_3) := true
  cleanable(cloth_3) := true
  pickupable(baseballBat_4) := true
  pickupable(box_5) := true
  isReceptacleObject(box_5) := true
  pickupable(bowl_6) := true
  isReceptacleObject(bowl_6) := true
  cleanable(bowl_6) := true
  coolable(bowl_6) := true
  pickupable(wineBottle_7) := true
  pickupable(potato_8) := true
  cleanable(potato_8) := true
  heatable(potato_8) := true
  coolable(potato_8) := true
  sliceable(potato_8) := true
  pickupable(butterKnife_9) := true
  cleanable(butterKnife_9) := true
  pickupable(box_10) := true
  isReceptacleObject(box_10) := true
  receptacleAtLocation(garbageCan_1, location7) := true
  receptacleAtLocation(towelHolder_2, location5) := true
  receptacleAtLocation(laundryHamper_3, location7) := true
  receptacleAtLocation(counterTop_4, location5) := true
  receptacleAtLocation(drawer_5, location10) := true
  receptacleAtLocation(bathtubBasin_6, location4) := true
  receptacleAtLocation(desk_7, location4) := true
  receptacleAtLocation(bathtubBasin_8, location10) := true
  receptacleAtLocation(garbageCan_9, location9) := true
  receptacleAtLocation(cart_10, location3) := true
  receptacleAtLocation(microwave_11, location9) := true
  receptacleAtLocation(fridge_12, location7) := true
  inReceptacle(ladle_1, counterTop_4) := true
  inReceptacle(baseballBat_2, counterTop_4) := true
  inReceptacle(cloth_3, garbageCan_9) := true
  inReceptacle(baseballBat_4, counterTop_4) := true
  inReceptacle(box_5, counterTop_4) := true
  inReceptacle(bowl_6, fridge_12) := true
  inReceptacle(wineBottle_7, garbageCan_9) := true
  inReceptacle(potato_8, microwave_11) := true
  inReceptacle(butterKnife_9, counterTop_4) := true
  inReceptacle(box_10, desk_7) := true
  objectAtLocation(ladle_1, location5) := true
  objectAtLocation(baseballBat_2, location5) := true
  objectAtLocation(cloth_3, location9) := true
  objectAtLocation(baseballBat_4, location5) := true
  objectAtLocation(box_5, location5) := true
  objectAtLocation(bowl_6, location7) := true
  objectAtLocation(wineBottle_7, location9) := true
  objectAtLocation(potato_8, location9) := true
  objectAtLocation(butterKnife_9, location5) := true
  objectAtLocation(box_10, location4) := true
  atLocation(agent1, location3) := true
]

goals = [
  Exists (Receptacle - Checkable r) Exists (Obj - Checkable o) (inReceptacle(o, r) and objectType(o, potatoType) and receptacleType(r, garbageCanType))
]

quality metrics = [
  minimize sequential-plan-length
]


2025-06-17 11:20:09,867 - INFO - Generating plan for unconstrained problem

2025-06-17 11:20:10,352 - INFO - Unconstrained plan generation time: 0.48564791679382324

2025-06-17 11:20:10,352 - INFO - Unconstrained plan and cost: 
2025-06-17 11:20:10,353 - INFO - SequentialPlan:
    goToLocation(agent1, location3, location9)
    pickupObject(agent1, location9, potato_8, microwave_11)
    putObject(agent1, location9, potato_8, garbageCan_9, potatoType, garbageCanType)
2025-06-17 11:20:10,353 - INFO - 3
2025-06-17 11:20:10,665 - INFO - Sampled constraints:

2025-06-17 11:20:10,665 - INFO - Sometime((checked(baseballBat_2) or atLocation(agent1, location5)))
2025-06-17 11:20:10,665 - INFO - 
2025-06-17 11:20:10,665 - INFO - Generation time: 0.3121027946472168

2025-06-17 11:20:10,666 - INFO - Generating plan for constrained problem (with LiftedTCORE).

2025-06-17 11:20:10,706 - INFO - LiftedTCORE compilation time: 0.04032444953918457

2025-06-17 11:20:11,121 - INFO - Planning Time with LiftedTCORE's file: 0.4148375988006592

2025-06-17 11:20:11,121 - INFO - Plan found with LiftedTCORE + sym_bd: SequentialPlan:
    goToLocation(agent1, location3, location5)
    goToLocation(agent1, location5, location9)
    pickupObject(agent1, location9, potato_8, microwave_11)
    putObject(agent1, location9, potato_8, garbageCan_9, potatoType, garbageCanType)
2025-06-17 11:20:11,121 - INFO - Seed: 208 is solvable

2025-06-17 11:20:11,121 - INFO - Unconstrained cost: 3
2025-06-17 11:20:11,121 - INFO - Constrained cost: 4
2025-06-17 11:20:11,121 - INFO - Seed: 208 Plan simulation is feasible
2025-06-17 11:20:11,121 - INFO - 
Seed: 208 
 Plan: [goToLocation(agent1, location3, location5), goToLocation(agent1, location5, location9), pickupObject(agent1, location9, potato_8, microwave_11), putObject(agent1, location9, potato_8, garbageCan_9, potatoType, garbageCanType)]  
 Cost: 4

