2025-06-17 10:22:06,461 - INFO - 
================= Seed: 770 =================

2025-06-17 10:22:06,465 - INFO - problem name = alfred

types = [ReceptacleType, ObjectType, Checkable, Agent - Checkable, Location - Checkable, Receptacle - Checkable, Obj - Checkable]

fluents = [
  bool atLocation[a=Agent - Checkable, l=Location - Checkable]
  bool receptacleAtLocation[r=Receptacle - Checkable, l=Location - Checkable]
  bool objectAtLocation[o=Obj - Checkable, l=Location - Checkable]
  bool openable[r=Receptacle - Checkable]
  bool opened[r=Receptacle - Checkable]
  bool inReceptacle[o=Obj - Checkable, r=Receptacle - Checkable]
  bool isReceptacleObject[o=Obj - Checkable]
  bool inReceptacleObject[innerObject=Obj - Checkable, outObject=Obj - Checkable]
  bool isReceptacleObjectFull[o=Obj - Checkable]
  bool wasInReceptacle[o=Obj - Checkable, r=Receptacle - Checkable]
  bool checked[c=Checkable]
  bool examined[l=Location - Checkable]
  bool receptacleType[r=Receptacle - Checkable, rt=ReceptacleType]
  bool canContain[rt=ReceptacleType, ot=ObjectType]
  bool objectType[o=Obj - Checkable, t=ObjectType]
  bool holds[a=Agent - Checkable, o=Obj - Checkable]
  bool holdsAny[a=Agent - Checkable]
  bool holdsAnyReceptacleObject[a=Agent - Checkable]
  bool full[r=Receptacle - Checkable]
  bool isClean[o=Obj - Checkable]
  bool cleanable[o=Obj - Checkable]
  bool isHot[o=Obj - Checkable]
  bool heatable[o=Obj - Checkable]
  bool isCool[o=Obj - Checkable]
  bool coolable[o=Obj - Checkable]
  bool pickupable[o=Obj - Checkable]
  bool moveable[o=Obj - Checkable]
  bool toggleable[o=Obj - Checkable]
  bool isOn[o=Obj - Checkable]
  bool isToggled[o=Obj - Checkable]
  bool sliceable[o=Obj - Checkable]
  bool isSliced[o=Obj - Checkable]
]

actions = [
  action look(Agent - Checkable a, Location - Checkable l) {
    preconditions = [
      atLocation(a, l)
    ]
    effects = [
      checked(l) := true
    ]
  }
  action inventory(Agent - Checkable a) {
    preconditions = [
    ]
    effects = [
      checked(a) := true
    ]
  }
  action examineReceptacle(Agent - Checkable a, Receptacle - Checkable r) {
    preconditions = [
      Exists (Location - Checkable l) (atLocation(a, l) and receptacleAtLocation(r, l))
    ]
    effects = [
      checked(r) := true
    ]
  }
  action examineObject(Agent - Checkable a, Obj - Checkable o) {
    preconditions = [
      (Exists (Location - Checkable l) Exists (Receptacle - Checkable r) (atLocation(a, l) and receptacleAtLocation(r, l) and inReceptacle(o, r) and ((not openable(r)) or opened(r))) or holds(a, o))
    ]
    effects = [
      checked(o) := true
    ]
  }
  action goToLocation(Agent - Checkable a, Location - Checkable lstart, Location - Checkable lend) {
    preconditions = [
      atLocation(a, lstart)
    ]
    effects = [
      atLocation(a, lstart) := false
      atLocation(a, lend) := true
    ]
  }
  action openObject(Agent - Checkable a, Location - Checkable l, Receptacle - Checkable r) {
    preconditions = [
      (openable(r) and atLocation(a, l) and receptacleAtLocation(r, l) and (not opened(r)))
    ]
    effects = [
      opened(r) := true
      checked(r) := true
    ]
  }
  action closeObject(Agent - Checkable a, Location - Checkable l, Receptacle - Checkable r) {
    preconditions = [
      (openable(r) and atLocation(a, l) and receptacleAtLocation(r, l) and opened(r))
    ]
    effects = [
      opened(r) := false
    ]
  }
  action pickupObject(Agent - Checkable a, Location - Checkable l, Obj - Checkable o, Receptacle - Checkable r) {
    preconditions = [
      (pickupable(o) and atLocation(a, l) and receptacleAtLocation(r, l) and inReceptacle(o, r) and (not holdsAny(a)) and ((not openable(r)) or opened(r)))
    ]
    effects = [
      inReceptacle(o, r) := false
      holds(a, o) := true
      holdsAny(a) := true
      objectAtLocation(o, l) := false
    ]
  }
  action putObject(Agent - Checkable a, Location - Checkable l, Obj - Checkable o, Receptacle - Checkable r, ObjectType ot, ReceptacleType rt) {
    preconditions = [
      (holds(a, o) and atLocation(a, l) and receptacleAtLocation(r, l) and ((not openable(r)) or opened(r)) and objectType(o, ot) and receptacleType(r, rt) and canContain(rt, ot))
    ]
    effects = [
      inReceptacle(o, r) := true
      objectAtLocation(o, l) := true
      holds(a, o) := false
      holdsAny(a) := false
    ]
  }
  action cleanObject(Agent - Checkable a, Location - Checkable l, Receptacle - Checkable r, Obj - Checkable o) {
    preconditions = [
      (cleanable(o) and receptacleType(r, sinkBasinType) and atLocation(a, l) and receptacleAtLocation(r, l) and holds(a, o))
    ]
    effects = [
      isClean(o) := true
    ]
  }
  action heatObject(Agent - Checkable a, Location - Checkable l, Receptacle - Checkable r, Obj - Checkable o) {
    preconditions = [
      (heatable(o) and receptacleType(r, microwaveType) and atLocation(a, l) and receptacleAtLocation(r, l) and holds(a, o))
    ]
    effects = [
      isHot(o) := true
      isCool(o) := false
    ]
  }
  action coolObject(Agent - Checkable a, Location - Checkable l, Receptacle - Checkable r, Obj - Checkable o) {
    preconditions = [
      (coolable(o) and receptacleType(r, fridgeType) and atLocation(a, l) and receptacleAtLocation(r, l) and holds(a, o))
    ]
    effects = [
      isCool(o) := true
      isHot(o) := false
    ]
  }
  action toggleObject(Agent - Checkable a, Location - Checkable l, Obj - Checkable o, Receptacle - Checkable r) {
    preconditions = [
      (toggleable(o) and atLocation(a, l) and receptacleAtLocation(r, l) and inReceptacle(o, r))
    ]
    effects = [
      if isOn(o) then isOn(o) := false
      if (not isOn(o)) then isOn(o) := true
      isToggled(o) := true
    ]
  }
  action sliceObject(Agent - Checkable a, Location - Checkable l, Obj - Checkable co, Obj - Checkable ko) {
    preconditions = [
      (sliceable(co) and (objectType(ko, knifeType) or objectType(ko, butterKnifeType)) and atLocation(a, l) and objectAtLocation(co, l) and holds(a, ko))
    ]
    effects = [
      isSliced(co) := true
    ]
  }
  action help(Agent - Checkable a) {
    preconditions = [
    ]
    effects = [
      checked(a) := true
    ]
  }
]

objects = [
  ReceptacleType: [sinkBasinType, microwaveType, fridgeType, diningTableType, coffeeMachineType, toasterType, laundryHamperType, sideTableType, bedType, tvStandType, cabinetType, dresserType]
  ObjectType: [knifeType, butterKnifeType, paperTowelType, appleType, vaseType, pencilType, pillowType, alarmClockType, clothType, keyChainType, saltShakerType, panType]
  Checkable: [agent1, location1, location2, location3, location4, location5, location6, location7, location8, location9, location10, diningTable_1, coffeeMachine_2, toaster_3, laundryHamper_4, sideTable_5, bed_6, tvStand_7, laundryHamper_8, cabinet_9, dresser_10, paperTowel_1, apple_2, vase_3, pencil_4, pillow_5, alarmClock_6, cloth_7, keyChain_8, saltShaker_9, pan_10]
  Agent - Checkable: [agent1]
  Location - Checkable: [location1, location2, location3, location4, location5, location6, location7, location8, location9, location10]
  Receptacle - Checkable: [diningTable_1, coffeeMachine_2, toaster_3, laundryHamper_4, sideTable_5, bed_6, tvStand_7, laundryHamper_8, cabinet_9, dresser_10]
  Obj - Checkable: [paperTowel_1, apple_2, vase_3, pencil_4, pillow_5, alarmClock_6, cloth_7, keyChain_8, saltShaker_9, pan_10]
]

initial fluents default = [
  bool atLocation[a=Agent - Checkable, l=Location - Checkable] := false
  bool receptacleAtLocation[r=Receptacle - Checkable, l=Location - Checkable] := false
  bool objectAtLocation[o=Obj - Checkable, l=Location - Checkable] := false
  bool openable[r=Receptacle - Checkable] := false
  bool opened[r=Receptacle - Checkable] := false
  bool inReceptacle[o=Obj - Checkable, r=Receptacle - Checkable] := false
  bool isReceptacleObject[o=Obj - Checkable] := false
  bool inReceptacleObject[innerObject=Obj - Checkable, outObject=Obj - Checkable] := false
  bool isReceptacleObjectFull[o=Obj - Checkable] := false
  bool wasInReceptacle[o=Obj - Checkable, r=Receptacle - Checkable] := false
  bool checked[c=Checkable] := false
  bool examined[l=Location - Checkable] := false
  bool receptacleType[r=Receptacle - Checkable, rt=ReceptacleType] := false
  bool canContain[rt=ReceptacleType, ot=ObjectType] := false
  bool objectType[o=Obj - Checkable, t=ObjectType] := false
  bool holds[a=Agent - Checkable, o=Obj - Checkable] := false
  bool holdsAny[a=Agent - Checkable] := false
  bool holdsAnyReceptacleObject[a=Agent - Checkable] := false
  bool full[r=Receptacle - Checkable] := false
  bool isClean[o=Obj - Checkable] := false
  bool cleanable[o=Obj - Checkable] := false
  bool isHot[o=Obj - Checkable] := false
  bool heatable[o=Obj - Checkable] := false
  bool isCool[o=Obj - Checkable] := false
  bool coolable[o=Obj - Checkable] := false
  bool pickupable[o=Obj - Checkable] := false
  bool moveable[o=Obj - Checkable] := false
  bool toggleable[o=Obj - Checkable] := false
  bool isOn[o=Obj - Checkable] := false
  bool isToggled[o=Obj - Checkable] := false
  bool sliceable[o=Obj - Checkable] := false
  bool isSliced[o=Obj - Checkable] := false
]

initial values = [
  receptacleType(diningTable_1, diningTableType) := true
  receptacleType(coffeeMachine_2, coffeeMachineType) := true
  receptacleType(toaster_3, toasterType) := true
  receptacleType(laundryHamper_4, laundryHamperType) := true
  receptacleType(sideTable_5, sideTableType) := true
  receptacleType(bed_6, bedType) := true
  receptacleType(tvStand_7, tvStandType) := true
  receptacleType(laundryHamper_8, laundryHamperType) := true
  receptacleType(cabinet_9, cabinetType) := true
  receptacleType(dresser_10, dresserType) := true
  objectType(paperTowel_1, paperTowelType) := true
  objectType(apple_2, appleType) := true
  objectType(vase_3, vaseType) := true
  objectType(pencil_4, pencilType) := true
  objectType(pillow_5, pillowType) := true
  objectType(alarmClock_6, alarmClockType) := true
  objectType(cloth_7, clothType) := true
  objectType(keyChain_8, keyChainType) := true
  objectType(saltShaker_9, saltShakerType) := true
  objectType(pan_10, panType) := true
  canContain(diningTableType, paperTowelType) := true
  canContain(diningTableType, appleType) := true
  canContain(diningTableType, vaseType) := true
  canContain(diningTableType, pencilType) := true
  canContain(diningTableType, alarmClockType) := true
  canContain(diningTableType, clothType) := true
  canContain(diningTableType, keyChainType) := true
  canContain(diningTableType, saltShakerType) := true
  canContain(diningTableType, panType) := true
  canContain(laundryHamperType, clothType) := true
  canContain(sideTableType, paperTowelType) := true
  canContain(sideTableType, appleType) := true
  canContain(sideTableType, vaseType) := true
  canContain(sideTableType, pencilType) := true
  canContain(sideTableType, alarmClockType) := true
  canContain(sideTableType, clothType) := true
  canContain(sideTableType, keyChainType) := true
  canContain(sideTableType, saltShakerType) := true
  canContain(sideTableType, panType) := true
  canContain(bedType, pillowType) := true
  canContain(cabinetType, vaseType) := true
  canContain(cabinetType, clothType) := true
  canContain(cabinetType, saltShakerType) := true
  canContain(cabinetType, panType) := true
  canContain(dresserType, vaseType) := true
  canContain(dresserType, pencilType) := true
  canContain(dresserType, alarmClockType) := true
  canContain(dresserType, clothType) := true
  canContain(dresserType, keyChainType) := true
  pickupable(paperTowel_1) := true
  pickupable(apple_2) := true
  cleanable(apple_2) := true
  heatable(apple_2) := true
  coolable(apple_2) := true
  sliceable(apple_2) := true
  pickupable(vase_3) := true
  pickupable(pencil_4) := true
  pickupable(pillow_5) := true
  pickupable(alarmClock_6) := true
  pickupable(cloth_7) := true
  cleanable(cloth_7) := true
  pickupable(keyChain_8) := true
  pickupable(saltShaker_9) := true
  pickupable(pan_10) := true
  isReceptacleObject(pan_10) := true
  cleanable(pan_10) := true
  coolable(pan_10) := true
  receptacleAtLocation(diningTable_1, location9) := true
  receptacleAtLocation(coffeeMachine_2, location1) := true
  receptacleAtLocation(toaster_3, location1) := true
  receptacleAtLocation(laundryHamper_4, location8) := true
  receptacleAtLocation(sideTable_5, location3) := true
  receptacleAtLocation(bed_6, location10) := true
  receptacleAtLocation(tvStand_7, location8) := true
  receptacleAtLocation(laundryHamper_8, location8) := true
  receptacleAtLocation(cabinet_9, location4) := true
  receptacleAtLocation(dresser_10, location9) := true
  inReceptacle(paperTowel_1, sideTable_5) := true
  inReceptacle(vase_3, dresser_10) := true
  inReceptacle(pencil_4, sideTable_5) := true
  inReceptacle(cloth_7, dresser_10) := true
  objectAtLocation(paperTowel_1, location3) := true
  objectAtLocation(apple_2, location5) := true
  objectAtLocation(vase_3, location9) := true
  objectAtLocation(pencil_4, location3) := true
  objectAtLocation(pillow_5, location5) := true
  objectAtLocation(alarmClock_6, location5) := true
  objectAtLocation(cloth_7, location9) := true
  objectAtLocation(keyChain_8, location1) := true
  objectAtLocation(saltShaker_9, location9) := true
  objectAtLocation(pan_10, location5) := true
  atLocation(agent1, location6) := true
]

goals = [
  Exists (Receptacle - Checkable r) Exists (Obj - Checkable o) (inReceptacle(o, r) and objectType(o, saltShakerType) and receptacleType(r, diningTableType))
]

quality metrics = [
  minimize sequential-plan-length
]


2025-06-17 10:22:06,467 - INFO - Generating plan for unconstrained problem

2025-06-17 10:22:06,785 - INFO - Unconstrained plan generation time: 0.31748151779174805

