2025-06-17 10:24:33,026 - INFO - 
================= Seed: 985 =================

2025-06-17 10:24:33,031 - INFO - problem name = alfred

types = [ReceptacleType, ObjectType, Checkable, Agent - Checkable, Location - Checkable, Receptacle - Checkable, Obj - Checkable]

fluents = [
  bool atLocation[a=Agent - Checkable, l=Location - Checkable]
  bool receptacleAtLocation[r=Receptacle - Checkable, l=Location - Checkable]
  bool objectAtLocation[o=Obj - Checkable, l=Location - Checkable]
  bool openable[r=Receptacle - Checkable]
  bool opened[r=Receptacle - Checkable]
  bool inReceptacle[o=Obj - Checkable, r=Receptacle - Checkable]
  bool isReceptacleObject[o=Obj - Checkable]
  bool inReceptacleObject[innerObject=Obj - Checkable, outObject=Obj - Checkable]
  bool isReceptacleObjectFull[o=Obj - Checkable]
  bool wasInReceptacle[o=Obj - Checkable, r=Receptacle - Checkable]
  bool checked[c=Checkable]
  bool examined[l=Location - Checkable]
  bool receptacleType[r=Receptacle - Checkable, rt=ReceptacleType]
  bool canContain[rt=ReceptacleType, ot=ObjectType]
  bool objectType[o=Obj - Checkable, t=ObjectType]
  bool holds[a=Agent - Checkable, o=Obj - Checkable]
  bool holdsAny[a=Agent - Checkable]
  bool holdsAnyReceptacleObject[a=Agent - Checkable]
  bool full[r=Receptacle - Checkable]
  bool isClean[o=Obj - Checkable]
  bool cleanable[o=Obj - Checkable]
  bool isHot[o=Obj - Checkable]
  bool heatable[o=Obj - Checkable]
  bool isCool[o=Obj - Checkable]
  bool coolable[o=Obj - Checkable]
  bool pickupable[o=Obj - Checkable]
  bool moveable[o=Obj - Checkable]
  bool toggleable[o=Obj - Checkable]
  bool isOn[o=Obj - Checkable]
  bool isToggled[o=Obj - Checkable]
  bool sliceable[o=Obj - Checkable]
  bool isSliced[o=Obj - Checkable]
]

actions = [
  action look(Agent - Checkable a, Location - Checkable l) {
    preconditions = [
      atLocation(a, l)
    ]
    effects = [
      checked(l) := true
    ]
  }
  action inventory(Agent - Checkable a) {
    preconditions = [
    ]
    effects = [
      checked(a) := true
    ]
  }
  action examineReceptacle(Agent - Checkable a, Receptacle - Checkable r) {
    preconditions = [
      Exists (Location - Checkable l) (atLocation(a, l) and receptacleAtLocation(r, l))
    ]
    effects = [
      checked(r) := true
    ]
  }
  action examineObject(Agent - Checkable a, Obj - Checkable o) {
    preconditions = [
      (Exists (Location - Checkable l) Exists (Receptacle - Checkable r) (atLocation(a, l) and receptacleAtLocation(r, l) and inReceptacle(o, r) and ((not openable(r)) or opened(r))) or holds(a, o))
    ]
    effects = [
      checked(o) := true
    ]
  }
  action goToLocation(Agent - Checkable a, Location - Checkable lstart, Location - Checkable lend) {
    preconditions = [
      atLocation(a, lstart)
    ]
    effects = [
      atLocation(a, lstart) := false
      atLocation(a, lend) := true
    ]
  }
  action openObject(Agent - Checkable a, Location - Checkable l, Receptacle - Checkable r) {
    preconditions = [
      (openable(r) and atLocation(a, l) and receptacleAtLocation(r, l) and (not opened(r)))
    ]
    effects = [
      opened(r) := true
      checked(r) := true
    ]
  }
  action closeObject(Agent - Checkable a, Location - Checkable l, Receptacle - Checkable r) {
    preconditions = [
      (openable(r) and atLocation(a, l) and receptacleAtLocation(r, l) and opened(r))
    ]
    effects = [
      opened(r) := false
    ]
  }
  action pickupObject(Agent - Checkable a, Location - Checkable l, Obj - Checkable o, Receptacle - Checkable r) {
    preconditions = [
      (pickupable(o) and atLocation(a, l) and receptacleAtLocation(r, l) and inReceptacle(o, r) and (not holdsAny(a)) and ((not openable(r)) or opened(r)))
    ]
    effects = [
      inReceptacle(o, r) := false
      holds(a, o) := true
      holdsAny(a) := true
      objectAtLocation(o, l) := false
    ]
  }
  action putObject(Agent - Checkable a, Location - Checkable l, Obj - Checkable o, Receptacle - Checkable r, ObjectType ot, ReceptacleType rt) {
    preconditions = [
      (holds(a, o) and atLocation(a, l) and receptacleAtLocation(r, l) and ((not openable(r)) or opened(r)) and objectType(o, ot) and receptacleType(r, rt) and canContain(rt, ot))
    ]
    effects = [
      inReceptacle(o, r) := true
      objectAtLocation(o, l) := true
      holds(a, o) := false
      holdsAny(a) := false
    ]
  }
  action cleanObject(Agent - Checkable a, Location - Checkable l, Receptacle - Checkable r, Obj - Checkable o) {
    preconditions = [
      (cleanable(o) and receptacleType(r, sinkBasinType) and atLocation(a, l) and receptacleAtLocation(r, l) and holds(a, o))
    ]
    effects = [
      isClean(o) := true
    ]
  }
  action heatObject(Agent - Checkable a, Location - Checkable l, Receptacle - Checkable r, Obj - Checkable o) {
    preconditions = [
      (heatable(o) and receptacleType(r, microwaveType) and atLocation(a, l) and receptacleAtLocation(r, l) and holds(a, o))
    ]
    effects = [
      isHot(o) := true
      isCool(o) := false
    ]
  }
  action coolObject(Agent - Checkable a, Location - Checkable l, Receptacle - Checkable r, Obj - Checkable o) {
    preconditions = [
      (coolable(o) and receptacleType(r, fridgeType) and atLocation(a, l) and receptacleAtLocation(r, l) and holds(a, o))
    ]
    effects = [
      isCool(o) := true
      isHot(o) := false
    ]
  }
  action toggleObject(Agent - Checkable a, Location - Checkable l, Obj - Checkable o, Receptacle - Checkable r) {
    preconditions = [
      (toggleable(o) and atLocation(a, l) and receptacleAtLocation(r, l) and inReceptacle(o, r))
    ]
    effects = [
      if isOn(o) then isOn(o) := false
      if (not isOn(o)) then isOn(o) := true
      isToggled(o) := true
    ]
  }
  action sliceObject(Agent - Checkable a, Location - Checkable l, Obj - Checkable co, Obj - Checkable ko) {
    preconditions = [
      (sliceable(co) and (objectType(ko, knifeType) or objectType(ko, butterKnifeType)) and atLocation(a, l) and objectAtLocation(co, l) and holds(a, ko))
    ]
    effects = [
      isSliced(co) := true
    ]
  }
  action help(Agent - Checkable a) {
    preconditions = [
    ]
    effects = [
      checked(a) := true
    ]
  }
]

objects = [
  ReceptacleType: [sinkBasinType, microwaveType, fridgeType, counterTopType, stoveBurnerType, bathtubBasinType, tvStandType, toiletPaperHangerType, coffeeTableType, coffeeMachineType, handTowelHolderType]
  ObjectType: [knifeType, butterKnifeType, mugType, sprayBottleType, glassbottleType, forkType, baseballBatType, remoteControlType, statueType, lettuceType, eggType, potType]
  Checkable: [agent1, location1, location2, location3, location4, location5, location6, location7, location8, location9, location10, microwave_1, counterTop_2, stoveBurner_3, bathtubBasin_4, tvStand_5, toiletPaperHanger_6, coffeeTable_7, bathtubBasin_8, coffeeMachine_9, handTowelHolder_10, mug_1, sprayBottle_2, glassbottle_3, fork_4, baseballBat_5, remoteControl_6, statue_7, lettuce_8, egg_9, pot_10]
  Agent - Checkable: [agent1]
  Location - Checkable: [location1, location2, location3, location4, location5, location6, location7, location8, location9, location10]
  Receptacle - Checkable: [microwave_1, counterTop_2, stoveBurner_3, bathtubBasin_4, tvStand_5, toiletPaperHanger_6, coffeeTable_7, bathtubBasin_8, coffeeMachine_9, handTowelHolder_10]
  Obj - Checkable: [mug_1, sprayBottle_2, glassbottle_3, fork_4, baseballBat_5, remoteControl_6, statue_7, lettuce_8, egg_9, pot_10]
]

initial fluents default = [
  bool atLocation[a=Agent - Checkable, l=Location - Checkable] := false
  bool receptacleAtLocation[r=Receptacle - Checkable, l=Location - Checkable] := false
  bool objectAtLocation[o=Obj - Checkable, l=Location - Checkable] := false
  bool openable[r=Receptacle - Checkable] := false
  bool opened[r=Receptacle - Checkable] := false
  bool inReceptacle[o=Obj - Checkable, r=Receptacle - Checkable] := false
  bool isReceptacleObject[o=Obj - Checkable] := false
  bool inReceptacleObject[innerObject=Obj - Checkable, outObject=Obj - Checkable] := false
  bool isReceptacleObjectFull[o=Obj - Checkable] := false
  bool wasInReceptacle[o=Obj - Checkable, r=Receptacle - Checkable] := false
  bool checked[c=Checkable] := false
  bool examined[l=Location - Checkable] := false
  bool receptacleType[r=Receptacle - Checkable, rt=ReceptacleType] := false
  bool canContain[rt=ReceptacleType, ot=ObjectType] := false
  bool objectType[o=Obj - Checkable, t=ObjectType] := false
  bool holds[a=Agent - Checkable, o=Obj - Checkable] := false
  bool holdsAny[a=Agent - Checkable] := false
  bool holdsAnyReceptacleObject[a=Agent - Checkable] := false
  bool full[r=Receptacle - Checkable] := false
  bool isClean[o=Obj - Checkable] := false
  bool cleanable[o=Obj - Checkable] := false
  bool isHot[o=Obj - Checkable] := false
  bool heatable[o=Obj - Checkable] := false
  bool isCool[o=Obj - Checkable] := false
  bool coolable[o=Obj - Checkable] := false
  bool pickupable[o=Obj - Checkable] := false
  bool moveable[o=Obj - Checkable] := false
  bool toggleable[o=Obj - Checkable] := false
  bool isOn[o=Obj - Checkable] := false
  bool isToggled[o=Obj - Checkable] := false
  bool sliceable[o=Obj - Checkable] := false
  bool isSliced[o=Obj - Checkable] := false
]

initial values = [
  receptacleType(microwave_1, microwaveType) := true
  receptacleType(counterTop_2, counterTopType) := true
  receptacleType(stoveBurner_3, stoveBurnerType) := true
  receptacleType(bathtubBasin_4, bathtubBasinType) := true
  receptacleType(tvStand_5, tvStandType) := true
  receptacleType(toiletPaperHanger_6, toiletPaperHangerType) := true
  receptacleType(coffeeTable_7, coffeeTableType) := true
  receptacleType(bathtubBasin_8, bathtubBasinType) := true
  receptacleType(coffeeMachine_9, coffeeMachineType) := true
  receptacleType(handTowelHolder_10, handTowelHolderType) := true
  objectType(mug_1, mugType) := true
  objectType(sprayBottle_2, sprayBottleType) := true
  objectType(glassbottle_3, glassbottleType) := true
  objectType(fork_4, forkType) := true
  objectType(baseballBat_5, baseballBatType) := true
  objectType(remoteControl_6, remoteControlType) := true
  objectType(statue_7, statueType) := true
  objectType(lettuce_8, lettuceType) := true
  objectType(egg_9, eggType) := true
  objectType(pot_10, potType) := true
  canContain(microwaveType, mugType) := true
  canContain(microwaveType, glassbottleType) := true
  canContain(microwaveType, eggType) := true
  canContain(counterTopType, mugType) := true
  canContain(counterTopType, sprayBottleType) := true
  canContain(counterTopType, glassbottleType) := true
  canContain(counterTopType, forkType) := true
  canContain(counterTopType, baseballBatType) := true
  canContain(counterTopType, remoteControlType) := true
  canContain(counterTopType, statueType) := true
  canContain(counterTopType, lettuceType) := true
  canContain(counterTopType, eggType) := true
  canContain(counterTopType, potType) := true
  canContain(stoveBurnerType, potType) := true
  canContain(coffeeTableType, mugType) := true
  canContain(coffeeTableType, sprayBottleType) := true
  canContain(coffeeTableType, glassbottleType) := true
  canContain(coffeeTableType, forkType) := true
  canContain(coffeeTableType, baseballBatType) := true
  canContain(coffeeTableType, remoteControlType) := true
  canContain(coffeeTableType, statueType) := true
  canContain(coffeeTableType, lettuceType) := true
  canContain(coffeeTableType, eggType) := true
  canContain(coffeeTableType, potType) := true
  canContain(coffeeMachineType, mugType) := true
  pickupable(mug_1) := true
  isReceptacleObject(mug_1) := true
  cleanable(mug_1) := true
  heatable(mug_1) := true
  coolable(mug_1) := true
  pickupable(sprayBottle_2) := true
  pickupable(glassbottle_3) := true
  pickupable(fork_4) := true
  cleanable(fork_4) := true
  pickupable(baseballBat_5) := true
  pickupable(remoteControl_6) := true
  pickupable(statue_7) := true
  pickupable(lettuce_8) := true
  cleanable(lettuce_8) := true
  coolable(lettuce_8) := true
  sliceable(lettuce_8) := true
  pickupable(egg_9) := true
  cleanable(egg_9) := true
  heatable(egg_9) := true
  coolable(egg_9) := true
  sliceable(egg_9) := true
  pickupable(pot_10) := true
  isReceptacleObject(pot_10) := true
  cleanable(pot_10) := true
  coolable(pot_10) := true
  receptacleAtLocation(microwave_1, location8) := true
  receptacleAtLocation(counterTop_2, location9) := true
  receptacleAtLocation(stoveBurner_3, location5) := true
  receptacleAtLocation(bathtubBasin_4, location6) := true
  receptacleAtLocation(tvStand_5, location7) := true
  receptacleAtLocation(toiletPaperHanger_6, location2) := true
  receptacleAtLocation(coffeeTable_7, location8) := true
  receptacleAtLocation(bathtubBasin_8, location6) := true
  receptacleAtLocation(coffeeMachine_9, location1) := true
  receptacleAtLocation(handTowelHolder_10, location7) := true
  inReceptacle(mug_1, coffeeMachine_9) := true
  inReceptacle(sprayBottle_2, coffeeTable_7) := true
  inReceptacle(glassbottle_3, counterTop_2) := true
  inReceptacle(baseballBat_5, coffeeTable_7) := true
  inReceptacle(lettuce_8, coffeeTable_7) := true
  inReceptacle(egg_9, coffeeTable_7) := true
  objectAtLocation(mug_1, location1) := true
  objectAtLocation(sprayBottle_2, location8) := true
  objectAtLocation(glassbottle_3, location9) := true
  objectAtLocation(fork_4, location9) := true
  objectAtLocation(baseballBat_5, location8) := true
  objectAtLocation(remoteControl_6, location1) := true
  objectAtLocation(statue_7, location10) := true
  objectAtLocation(lettuce_8, location8) := true
  objectAtLocation(egg_9, location8) := true
  objectAtLocation(pot_10, location2) := true
  atLocation(agent1, location1) := true
]

goals = [
  Exists (Receptacle - Checkable r) Exists (Obj - Checkable o) (inReceptacle(o, r) and objectType(o, glassbottleType) and receptacleType(r, counterTopType))
]

quality metrics = [
  minimize sequential-plan-length
]


2025-06-17 10:24:33,033 - INFO - Generating plan for unconstrained problem

2025-06-17 10:24:33,436 - INFO - Unconstrained plan generation time: 0.40378379821777344

2025-06-17 10:24:33,437 - INFO - Unconstrained plan and cost: 
2025-06-17 10:24:33,437 - INFO - SequentialPlan:
2025-06-17 10:24:33,437 - INFO - 0
2025-06-17 10:24:33,648 - INFO - Sampled constraints:

2025-06-17 10:24:33,648 - INFO - Sometime(atLocation(agent1, location3))
2025-06-17 10:24:33,648 - INFO - 
2025-06-17 10:24:33,648 - INFO - Generation time: 0.21135592460632324

2025-06-17 10:24:33,656 - INFO - Generating plan for constrained problem (with LiftedTCORE).

2025-06-17 10:24:33,692 - INFO - LiftedTCORE compilation time: 0.03614544868469238

2025-06-17 10:24:34,113 - INFO - Planning Time with LiftedTCORE's file: 0.4139895439147949

2025-06-17 10:24:34,113 - INFO - Plan found with LiftedTCORE + sym_bd: SequentialPlan:
    goToLocation(agent1, location1, location3)
2025-06-17 10:24:34,113 - INFO - Seed: 985 is solvable

2025-06-17 10:24:34,113 - INFO - Unconstrained cost: 0
2025-06-17 10:24:34,113 - INFO - Constrained cost: 1
2025-06-17 10:24:34,113 - INFO - Seed: 985 Plan simulation is feasible
2025-06-17 10:24:34,113 - INFO - 
Seed: 985 
 Plan: [goToLocation(agent1, location1, location3)]  
 Cost: 1

