2025-06-17 11:19:04,753 - INFO - 
================= Seed: 166 =================

2025-06-17 11:19:04,753 - INFO - problem name = alfred

types = [ReceptacleType, ObjectType, Checkable, Agent - Checkable, Location - Checkable, Receptacle - Checkable, Obj - Checkable]

fluents = [
  bool atLocation[a=Agent - Checkable, l=Location - Checkable]
  bool receptacleAtLocation[r=Receptacle - Checkable, l=Location - Checkable]
  bool objectAtLocation[o=Obj - Checkable, l=Location - Checkable]
  bool openable[r=Receptacle - Checkable]
  bool opened[r=Receptacle - Checkable]
  bool inReceptacle[o=Obj - Checkable, r=Receptacle - Checkable]
  bool isReceptacleObject[o=Obj - Checkable]
  bool inReceptacleObject[innerObject=Obj - Checkable, outObject=Obj - Checkable]
  bool isReceptacleObjectFull[o=Obj - Checkable]
  bool wasInReceptacle[o=Obj - Checkable, r=Receptacle - Checkable]
  bool checked[c=Checkable]
  bool examined[l=Location - Checkable]
  bool receptacleType[r=Receptacle - Checkable, rt=ReceptacleType]
  bool canContain[rt=ReceptacleType, ot=ObjectType]
  bool objectType[o=Obj - Checkable, t=ObjectType]
  bool holds[a=Agent - Checkable, o=Obj - Checkable]
  bool holdsAny[a=Agent - Checkable]
  bool holdsAnyReceptacleObject[a=Agent - Checkable]
  bool full[r=Receptacle - Checkable]
  bool isClean[o=Obj - Checkable]
  bool cleanable[o=Obj - Checkable]
  bool isHot[o=Obj - Checkable]
  bool heatable[o=Obj - Checkable]
  bool isCool[o=Obj - Checkable]
  bool coolable[o=Obj - Checkable]
  bool pickupable[o=Obj - Checkable]
  bool moveable[o=Obj - Checkable]
  bool toggleable[o=Obj - Checkable]
  bool isOn[o=Obj - Checkable]
  bool isToggled[o=Obj - Checkable]
  bool sliceable[o=Obj - Checkable]
  bool isSliced[o=Obj - Checkable]
]

actions = [
  action look(Agent - Checkable a, Location - Checkable l) {
    preconditions = [
      atLocation(a, l)
    ]
    effects = [
      checked(l) := true
    ]
  }
  action inventory(Agent - Checkable a) {
    preconditions = [
    ]
    effects = [
      checked(a) := true
    ]
  }
  action examineReceptacle(Agent - Checkable a, Receptacle - Checkable r) {
    preconditions = [
      Exists (Location - Checkable l) (atLocation(a, l) and receptacleAtLocation(r, l))
    ]
    effects = [
      checked(r) := true
    ]
  }
  action examineObject(Agent - Checkable a, Obj - Checkable o) {
    preconditions = [
      (Exists (Location - Checkable l) Exists (Receptacle - Checkable r) (atLocation(a, l) and receptacleAtLocation(r, l) and inReceptacle(o, r) and ((not openable(r)) or opened(r))) or holds(a, o))
    ]
    effects = [
      checked(o) := true
    ]
  }
  action goToLocation(Agent - Checkable a, Location - Checkable lstart, Location - Checkable lend) {
    preconditions = [
      atLocation(a, lstart)
    ]
    effects = [
      atLocation(a, lstart) := false
      atLocation(a, lend) := true
    ]
  }
  action openObject(Agent - Checkable a, Location - Checkable l, Receptacle - Checkable r) {
    preconditions = [
      (openable(r) and atLocation(a, l) and receptacleAtLocation(r, l) and (not opened(r)))
    ]
    effects = [
      opened(r) := true
      checked(r) := true
    ]
  }
  action closeObject(Agent - Checkable a, Location - Checkable l, Receptacle - Checkable r) {
    preconditions = [
      (openable(r) and atLocation(a, l) and receptacleAtLocation(r, l) and opened(r))
    ]
    effects = [
      opened(r) := false
    ]
  }
  action pickupObject(Agent - Checkable a, Location - Checkable l, Obj - Checkable o, Receptacle - Checkable r) {
    preconditions = [
      (pickupable(o) and atLocation(a, l) and receptacleAtLocation(r, l) and inReceptacle(o, r) and (not holdsAny(a)) and ((not openable(r)) or opened(r)))
    ]
    effects = [
      inReceptacle(o, r) := false
      holds(a, o) := true
      holdsAny(a) := true
      objectAtLocation(o, l) := false
    ]
  }
  action putObject(Agent - Checkable a, Location - Checkable l, Obj - Checkable o, Receptacle - Checkable r, ObjectType ot, ReceptacleType rt) {
    preconditions = [
      (holds(a, o) and atLocation(a, l) and receptacleAtLocation(r, l) and ((not openable(r)) or opened(r)) and objectType(o, ot) and receptacleType(r, rt) and canContain(rt, ot))
    ]
    effects = [
      inReceptacle(o, r) := true
      objectAtLocation(o, l) := true
      holds(a, o) := false
      holdsAny(a) := false
    ]
  }
  action cleanObject(Agent - Checkable a, Location - Checkable l, Receptacle - Checkable r, Obj - Checkable o) {
    preconditions = [
      (cleanable(o) and receptacleType(r, sinkBasinType) and atLocation(a, l) and receptacleAtLocation(r, l) and holds(a, o))
    ]
    effects = [
      isClean(o) := true
    ]
  }
  action heatObject(Agent - Checkable a, Location - Checkable l, Receptacle - Checkable r, Obj - Checkable o) {
    preconditions = [
      (heatable(o) and receptacleType(r, microwaveType) and atLocation(a, l) and receptacleAtLocation(r, l) and holds(a, o))
    ]
    effects = [
      isHot(o) := true
      isCool(o) := false
    ]
  }
  action coolObject(Agent - Checkable a, Location - Checkable l, Receptacle - Checkable r, Obj - Checkable o) {
    preconditions = [
      (coolable(o) and receptacleType(r, fridgeType) and atLocation(a, l) and receptacleAtLocation(r, l) and holds(a, o))
    ]
    effects = [
      isCool(o) := true
      isHot(o) := false
    ]
  }
  action toggleObject(Agent - Checkable a, Location - Checkable l, Obj - Checkable o, Receptacle - Checkable r) {
    preconditions = [
      (toggleable(o) and atLocation(a, l) and receptacleAtLocation(r, l) and inReceptacle(o, r))
    ]
    effects = [
      if isOn(o) then isOn(o) := false
      if (not isOn(o)) then isOn(o) := true
      isToggled(o) := true
    ]
  }
  action sliceObject(Agent - Checkable a, Location - Checkable l, Obj - Checkable co, Obj - Checkable ko) {
    preconditions = [
      (sliceable(co) and (objectType(ko, knifeType) or objectType(ko, butterKnifeType)) and atLocation(a, l) and objectAtLocation(co, l) and holds(a, ko))
    ]
    effects = [
      isSliced(co) := true
    ]
  }
  action help(Agent - Checkable a) {
    preconditions = [
    ]
    effects = [
      checked(a) := true
    ]
  }
]

objects = [
  ReceptacleType: [sinkBasinType, microwaveType, fridgeType, coffeeMachineType, toiletType, armChairType, coffeeTableType, bathtubBasinType, cartType, drawerType, toiletPaperHangerType]
  ObjectType: [knifeType, butterKnifeType, ladleType, keyChainType, plateType, spoonType, tissueBoxType, watchType, alarmClockType, laptopType, soapBarType]
  Checkable: [agent1, location1, location2, location3, location4, location5, location6, location7, location8, location9, location10, coffeeMachine_1, toilet_2, armChair_3, coffeeTable_4, coffeeTable_5, bathtubBasin_6, microwave_7, cart_8, drawer_9, toiletPaperHanger_10, microwave_11, fridge_12, ladle_1, keyChain_2, plate_3, spoon_4, tissueBox_5, watch_6, alarmClock_7, laptop_8, soapBar_9, plate_10]
  Agent - Checkable: [agent1]
  Location - Checkable: [location1, location2, location3, location4, location5, location6, location7, location8, location9, location10]
  Receptacle - Checkable: [coffeeMachine_1, toilet_2, armChair_3, coffeeTable_4, coffeeTable_5, bathtubBasin_6, microwave_7, cart_8, drawer_9, toiletPaperHanger_10, microwave_11, fridge_12]
  Obj - Checkable: [ladle_1, keyChain_2, plate_3, spoon_4, tissueBox_5, watch_6, alarmClock_7, laptop_8, soapBar_9, plate_10]
]

initial fluents default = [
  bool atLocation[a=Agent - Checkable, l=Location - Checkable] := false
  bool receptacleAtLocation[r=Receptacle - Checkable, l=Location - Checkable] := false
  bool objectAtLocation[o=Obj - Checkable, l=Location - Checkable] := false
  bool openable[r=Receptacle - Checkable] := false
  bool opened[r=Receptacle - Checkable] := false
  bool inReceptacle[o=Obj - Checkable, r=Receptacle - Checkable] := false
  bool isReceptacleObject[o=Obj - Checkable] := false
  bool inReceptacleObject[innerObject=Obj - Checkable, outObject=Obj - Checkable] := false
  bool isReceptacleObjectFull[o=Obj - Checkable] := false
  bool wasInReceptacle[o=Obj - Checkable, r=Receptacle - Checkable] := false
  bool checked[c=Checkable] := false
  bool examined[l=Location - Checkable] := false
  bool receptacleType[r=Receptacle - Checkable, rt=ReceptacleType] := false
  bool canContain[rt=ReceptacleType, ot=ObjectType] := false
  bool objectType[o=Obj - Checkable, t=ObjectType] := false
  bool holds[a=Agent - Checkable, o=Obj - Checkable] := false
  bool holdsAny[a=Agent - Checkable] := false
  bool holdsAnyReceptacleObject[a=Agent - Checkable] := false
  bool full[r=Receptacle - Checkable] := false
  bool isClean[o=Obj - Checkable] := false
  bool cleanable[o=Obj - Checkable] := false
  bool isHot[o=Obj - Checkable] := false
  bool heatable[o=Obj - Checkable] := false
  bool isCool[o=Obj - Checkable] := false
  bool coolable[o=Obj - Checkable] := false
  bool pickupable[o=Obj - Checkable] := false
  bool moveable[o=Obj - Checkable] := false
  bool toggleable[o=Obj - Checkable] := false
  bool isOn[o=Obj - Checkable] := false
  bool isToggled[o=Obj - Checkable] := false
  bool sliceable[o=Obj - Checkable] := false
  bool isSliced[o=Obj - Checkable] := false
]

initial values = [
  receptacleType(coffeeMachine_1, coffeeMachineType) := true
  receptacleType(toilet_2, toiletType) := true
  receptacleType(armChair_3, armChairType) := true
  receptacleType(coffeeTable_4, coffeeTableType) := true
  receptacleType(coffeeTable_5, coffeeTableType) := true
  receptacleType(bathtubBasin_6, bathtubBasinType) := true
  receptacleType(microwave_7, microwaveType) := true
  receptacleType(cart_8, cartType) := true
  receptacleType(drawer_9, drawerType) := true
  receptacleType(toiletPaperHanger_10, toiletPaperHangerType) := true
  receptacleType(microwave_11, microwaveType) := true
  receptacleType(fridge_12, fridgeType) := true
  objectType(ladle_1, ladleType) := true
  objectType(keyChain_2, keyChainType) := true
  objectType(plate_3, plateType) := true
  objectType(spoon_4, spoonType) := true
  objectType(tissueBox_5, tissueBoxType) := true
  objectType(watch_6, watchType) := true
  objectType(alarmClock_7, alarmClockType) := true
  objectType(laptop_8, laptopType) := true
  objectType(soapBar_9, soapBarType) := true
  objectType(plate_10, plateType) := true
  canContain(toiletType, tissueBoxType) := true
  canContain(toiletType, soapBarType) := true
  canContain(armChairType, keyChainType) := true
  canContain(armChairType, laptopType) := true
  canContain(coffeeTableType, ladleType) := true
  canContain(coffeeTableType, keyChainType) := true
  canContain(coffeeTableType, plateType) := true
  canContain(coffeeTableType, spoonType) := true
  canContain(coffeeTableType, tissueBoxType) := true
  canContain(coffeeTableType, watchType) := true
  canContain(coffeeTableType, alarmClockType) := true
  canContain(coffeeTableType, laptopType) := true
  canContain(coffeeTableType, soapBarType) := true
  canContain(bathtubBasinType, soapBarType) := true
  canContain(microwaveType, plateType) := true
  canContain(cartType, tissueBoxType) := true
  canContain(cartType, soapBarType) := true
  canContain(drawerType, ladleType) := true
  canContain(drawerType, keyChainType) := true
  canContain(drawerType, spoonType) := true
  canContain(drawerType, tissueBoxType) := true
  canContain(drawerType, watchType) := true
  canContain(drawerType, soapBarType) := true
  canContain(fridgeType, plateType) := true
  pickupable(ladle_1) := true
  cleanable(ladle_1) := true
  pickupable(keyChain_2) := true
  pickupable(plate_3) := true
  isReceptacleObject(plate_3) := true
  cleanable(plate_3) := true
  heatable(plate_3) := true
  coolable(plate_3) := true
  pickupable(spoon_4) := true
  cleanable(spoon_4) := true
  pickupable(tissueBox_5) := true
  pickupable(watch_6) := true
  pickupable(alarmClock_7) := true
  pickupable(laptop_8) := true
  pickupable(soapBar_9) := true
  cleanable(soapBar_9) := true
  pickupable(plate_10) := true
  isReceptacleObject(plate_10) := true
  cleanable(plate_10) := true
  heatable(plate_10) := true
  coolable(plate_10) := true
  receptacleAtLocation(coffeeMachine_1, location4) := true
  receptacleAtLocation(toilet_2, location8) := true
  receptacleAtLocation(armChair_3, location10) := true
  receptacleAtLocation(coffeeTable_4, location9) := true
  receptacleAtLocation(coffeeTable_5, location3) := true
  receptacleAtLocation(bathtubBasin_6, location6) := true
  receptacleAtLocation(microwave_7, location8) := true
  receptacleAtLocation(cart_8, location5) := true
  receptacleAtLocation(drawer_9, location4) := true
  receptacleAtLocation(toiletPaperHanger_10, location9) := true
  receptacleAtLocation(microwave_11, location3) := true
  receptacleAtLocation(fridge_12, location4) := true
  inReceptacle(ladle_1, drawer_9) := true
  inReceptacle(keyChain_2, coffeeTable_5) := true
  inReceptacle(plate_3, coffeeTable_5) := true
  inReceptacle(spoon_4, coffeeTable_5) := true
  inReceptacle(tissueBox_5, toilet_2) := true
  inReceptacle(watch_6, coffeeTable_4) := true
  inReceptacle(alarmClock_7, coffeeTable_5) := true
  inReceptacle(laptop_8, coffeeTable_4) := true
  inReceptacle(soapBar_9, drawer_9) := true
  inReceptacle(plate_10, coffeeTable_5) := true
  objectAtLocation(ladle_1, location4) := true
  objectAtLocation(keyChain_2, location3) := true
  objectAtLocation(plate_3, location3) := true
  objectAtLocation(spoon_4, location3) := true
  objectAtLocation(tissueBox_5, location8) := true
  objectAtLocation(watch_6, location9) := true
  objectAtLocation(alarmClock_7, location3) := true
  objectAtLocation(laptop_8, location9) := true
  objectAtLocation(soapBar_9, location4) := true
  objectAtLocation(plate_10, location3) := true
  atLocation(agent1, location8) := true
]

goals = [
  Exists (Receptacle - Checkable r) Exists (Obj - Checkable o) (inReceptacle(o, r) and objectType(o, watchType) and receptacleType(r, drawerType))
]

quality metrics = [
  minimize sequential-plan-length
]


2025-06-17 11:19:04,755 - INFO - Generating plan for unconstrained problem

2025-06-17 11:19:05,180 - INFO - Unconstrained plan generation time: 0.42563652992248535

2025-06-17 11:19:05,181 - INFO - Unconstrained plan and cost: 
2025-06-17 11:19:05,181 - INFO - SequentialPlan:
    goToLocation(agent1, location8, location9)
    pickupObject(agent1, location9, watch_6, coffeeTable_4)
    goToLocation(agent1, location9, location4)
    putObject(agent1, location4, watch_6, drawer_9, watchType, drawerType)
2025-06-17 11:19:05,181 - INFO - 4
2025-06-17 11:19:05,401 - INFO - Sampled constraints:

2025-06-17 11:19:05,401 - INFO - Sometime((atLocation(agent1, location6) and checked(cart_8)))
2025-06-17 11:19:05,401 - INFO - 
2025-06-17 11:19:05,401 - INFO - Generation time: 0.22005510330200195

2025-06-17 11:19:05,402 - INFO - Generating plan for constrained problem (with LiftedTCORE).

2025-06-17 11:19:05,444 - INFO - LiftedTCORE compilation time: 0.04218459129333496

2025-06-17 11:19:05,865 - INFO - Planning Time with LiftedTCORE's file: 0.42025160789489746

2025-06-17 11:19:05,865 - INFO - Plan found with LiftedTCORE + sym_bd: SequentialPlan:
    goToLocation(agent1, location8, location9)
    pickupObject(agent1, location9, watch_6, coffeeTable_4)
    goToLocation(agent1, location9, location5)
    examineReceptacle(agent1, cart_8)
    goToLocation(agent1, location5, location4)
    putObject(agent1, location4, watch_6, drawer_9, watchType, drawerType)
    goToLocation(agent1, location4, location6)
2025-06-17 11:19:05,865 - INFO - Seed: 166 is solvable

2025-06-17 11:19:05,865 - INFO - Unconstrained cost: 4
2025-06-17 11:19:05,865 - INFO - Constrained cost: 7
2025-06-17 11:19:05,865 - INFO - Seed: 166 Plan simulation is feasible
2025-06-17 11:19:05,865 - INFO - 
Seed: 166 
 Plan: [goToLocation(agent1, location8, location9), pickupObject(agent1, location9, watch_6, coffeeTable_4), goToLocation(agent1, location9, location5), examineReceptacle(agent1, cart_8), goToLocation(agent1, location5, location4), putObject(agent1, location4, watch_6, drawer_9, watchType, drawerType), goToLocation(agent1, location4, location6)]  
 Cost: 7

