2025-06-17 09:55:21,371 - INFO - 
================= Seed: 436 =================

2025-06-17 09:55:21,383 - INFO - problem name = alfred

types = [ReceptacleType, ObjectType, Checkable, Agent - Checkable, Location - Checkable, Receptacle - Checkable, Obj - Checkable]

fluents = [
  bool atLocation[a=Agent - Checkable, l=Location - Checkable]
  bool receptacleAtLocation[r=Receptacle - Checkable, l=Location - Checkable]
  bool objectAtLocation[o=Obj - Checkable, l=Location - Checkable]
  bool openable[r=Receptacle - Checkable]
  bool opened[r=Receptacle - Checkable]
  bool inReceptacle[o=Obj - Checkable, r=Receptacle - Checkable]
  bool isReceptacleObject[o=Obj - Checkable]
  bool inReceptacleObject[innerObject=Obj - Checkable, outObject=Obj - Checkable]
  bool isReceptacleObjectFull[o=Obj - Checkable]
  bool wasInReceptacle[o=Obj - Checkable, r=Receptacle - Checkable]
  bool checked[c=Checkable]
  bool examined[l=Location - Checkable]
  bool receptacleType[r=Receptacle - Checkable, rt=ReceptacleType]
  bool canContain[rt=ReceptacleType, ot=ObjectType]
  bool objectType[o=Obj - Checkable, t=ObjectType]
  bool holds[a=Agent - Checkable, o=Obj - Checkable]
  bool holdsAny[a=Agent - Checkable]
  bool holdsAnyReceptacleObject[a=Agent - Checkable]
  bool full[r=Receptacle - Checkable]
  bool isClean[o=Obj - Checkable]
  bool cleanable[o=Obj - Checkable]
  bool isHot[o=Obj - Checkable]
  bool heatable[o=Obj - Checkable]
  bool isCool[o=Obj - Checkable]
  bool coolable[o=Obj - Checkable]
  bool pickupable[o=Obj - Checkable]
  bool moveable[o=Obj - Checkable]
  bool toggleable[o=Obj - Checkable]
  bool isOn[o=Obj - Checkable]
  bool isToggled[o=Obj - Checkable]
  bool sliceable[o=Obj - Checkable]
  bool isSliced[o=Obj - Checkable]
]

actions = [
  action look(Agent - Checkable a, Location - Checkable l) {
    preconditions = [
      atLocation(a, l)
    ]
    effects = [
      checked(l) := true
    ]
  }
  action inventory(Agent - Checkable a) {
    preconditions = [
    ]
    effects = [
      checked(a) := true
    ]
  }
  action examineReceptacle(Agent - Checkable a, Receptacle - Checkable r) {
    preconditions = [
      Exists (Location - Checkable l) (atLocation(a, l) and receptacleAtLocation(r, l))
    ]
    effects = [
      checked(r) := true
    ]
  }
  action examineObject(Agent - Checkable a, Obj - Checkable o) {
    preconditions = [
      (Exists (Location - Checkable l) Exists (Receptacle - Checkable r) (atLocation(a, l) and receptacleAtLocation(r, l) and inReceptacle(o, r) and ((not openable(r)) or opened(r))) or holds(a, o))
    ]
    effects = [
      checked(o) := true
    ]
  }
  action goToLocation(Agent - Checkable a, Location - Checkable lstart, Location - Checkable lend) {
    preconditions = [
      atLocation(a, lstart)
    ]
    effects = [
      atLocation(a, lstart) := false
      atLocation(a, lend) := true
    ]
  }
  action openObject(Agent - Checkable a, Location - Checkable l, Receptacle - Checkable r) {
    preconditions = [
      (openable(r) and atLocation(a, l) and receptacleAtLocation(r, l) and (not opened(r)))
    ]
    effects = [
      opened(r) := true
      checked(r) := true
    ]
  }
  action closeObject(Agent - Checkable a, Location - Checkable l, Receptacle - Checkable r) {
    preconditions = [
      (openable(r) and atLocation(a, l) and receptacleAtLocation(r, l) and opened(r))
    ]
    effects = [
      opened(r) := false
    ]
  }
  action pickupObject(Agent - Checkable a, Location - Checkable l, Obj - Checkable o, Receptacle - Checkable r) {
    preconditions = [
      (pickupable(o) and atLocation(a, l) and receptacleAtLocation(r, l) and inReceptacle(o, r) and (not holdsAny(a)) and ((not openable(r)) or opened(r)))
    ]
    effects = [
      inReceptacle(o, r) := false
      holds(a, o) := true
      holdsAny(a) := true
      objectAtLocation(o, l) := false
    ]
  }
  action putObject(Agent - Checkable a, Location - Checkable l, Obj - Checkable o, Receptacle - Checkable r, ObjectType ot, ReceptacleType rt) {
    preconditions = [
      (holds(a, o) and atLocation(a, l) and receptacleAtLocation(r, l) and ((not openable(r)) or opened(r)) and objectType(o, ot) and receptacleType(r, rt) and canContain(rt, ot))
    ]
    effects = [
      inReceptacle(o, r) := true
      objectAtLocation(o, l) := true
      holds(a, o) := false
      holdsAny(a) := false
    ]
  }
  action cleanObject(Agent - Checkable a, Location - Checkable l, Receptacle - Checkable r, Obj - Checkable o) {
    preconditions = [
      (cleanable(o) and receptacleType(r, sinkBasinType) and atLocation(a, l) and receptacleAtLocation(r, l) and holds(a, o))
    ]
    effects = [
      isClean(o) := true
    ]
  }
  action heatObject(Agent - Checkable a, Location - Checkable l, Receptacle - Checkable r, Obj - Checkable o) {
    preconditions = [
      (heatable(o) and receptacleType(r, microwaveType) and atLocation(a, l) and receptacleAtLocation(r, l) and holds(a, o))
    ]
    effects = [
      isHot(o) := true
      isCool(o) := false
    ]
  }
  action coolObject(Agent - Checkable a, Location - Checkable l, Receptacle - Checkable r, Obj - Checkable o) {
    preconditions = [
      (coolable(o) and receptacleType(r, fridgeType) and atLocation(a, l) and receptacleAtLocation(r, l) and holds(a, o))
    ]
    effects = [
      isCool(o) := true
      isHot(o) := false
    ]
  }
  action toggleObject(Agent - Checkable a, Location - Checkable l, Obj - Checkable o, Receptacle - Checkable r) {
    preconditions = [
      (toggleable(o) and atLocation(a, l) and receptacleAtLocation(r, l) and inReceptacle(o, r))
    ]
    effects = [
      if isOn(o) then isOn(o) := false
      if (not isOn(o)) then isOn(o) := true
      isToggled(o) := true
    ]
  }
  action sliceObject(Agent - Checkable a, Location - Checkable l, Obj - Checkable co, Obj - Checkable ko) {
    preconditions = [
      (sliceable(co) and (objectType(ko, knifeType) or objectType(ko, butterKnifeType)) and atLocation(a, l) and objectAtLocation(co, l) and holds(a, ko))
    ]
    effects = [
      isSliced(co) := true
    ]
  }
  action help(Agent - Checkable a) {
    preconditions = [
    ]
    effects = [
      checked(a) := true
    ]
  }
]

objects = [
  ReceptacleType: [sinkBasinType, microwaveType, fridgeType, diningTableType, toiletPaperHangerType, laundryHamperType, coffeeMachineType, bedType, stoveBurnerType, safeType]
  ObjectType: [knifeType, butterKnifeType, clothType, plateType, bowlType, tomatoType, vaseType, toiletPaperType, cupType, potatoType, boxType]
  Checkable: [agent1, location1, location2, location3, location4, location5, location6, location7, location8, location9, location10, diningTable_1, toiletPaperHanger_2, laundryHamper_3, diningTable_4, fridge_5, coffeeMachine_6, bed_7, stoveBurner_8, fridge_9, safe_10, cloth_1, plate_2, bowl_3, tomato_4, bowl_5, vase_6, toiletPaper_7, cup_8, potato_9, box_10]
  Agent - Checkable: [agent1]
  Location - Checkable: [location1, location2, location3, location4, location5, location6, location7, location8, location9, location10]
  Receptacle - Checkable: [diningTable_1, toiletPaperHanger_2, laundryHamper_3, diningTable_4, fridge_5, coffeeMachine_6, bed_7, stoveBurner_8, fridge_9, safe_10]
  Obj - Checkable: [cloth_1, plate_2, bowl_3, tomato_4, bowl_5, vase_6, toiletPaper_7, cup_8, potato_9, box_10]
]

initial fluents default = [
  bool atLocation[a=Agent - Checkable, l=Location - Checkable] := false
  bool receptacleAtLocation[r=Receptacle - Checkable, l=Location - Checkable] := false
  bool objectAtLocation[o=Obj - Checkable, l=Location - Checkable] := false
  bool openable[r=Receptacle - Checkable] := false
  bool opened[r=Receptacle - Checkable] := false
  bool inReceptacle[o=Obj - Checkable, r=Receptacle - Checkable] := false
  bool isReceptacleObject[o=Obj - Checkable] := false
  bool inReceptacleObject[innerObject=Obj - Checkable, outObject=Obj - Checkable] := false
  bool isReceptacleObjectFull[o=Obj - Checkable] := false
  bool wasInReceptacle[o=Obj - Checkable, r=Receptacle - Checkable] := false
  bool checked[c=Checkable] := false
  bool examined[l=Location - Checkable] := false
  bool receptacleType[r=Receptacle - Checkable, rt=ReceptacleType] := false
  bool canContain[rt=ReceptacleType, ot=ObjectType] := false
  bool objectType[o=Obj - Checkable, t=ObjectType] := false
  bool holds[a=Agent - Checkable, o=Obj - Checkable] := false
  bool holdsAny[a=Agent - Checkable] := false
  bool holdsAnyReceptacleObject[a=Agent - Checkable] := false
  bool full[r=Receptacle - Checkable] := false
  bool isClean[o=Obj - Checkable] := false
  bool cleanable[o=Obj - Checkable] := false
  bool isHot[o=Obj - Checkable] := false
  bool heatable[o=Obj - Checkable] := false
  bool isCool[o=Obj - Checkable] := false
  bool coolable[o=Obj - Checkable] := false
  bool pickupable[o=Obj - Checkable] := false
  bool moveable[o=Obj - Checkable] := false
  bool toggleable[o=Obj - Checkable] := false
  bool isOn[o=Obj - Checkable] := false
  bool isToggled[o=Obj - Checkable] := false
  bool sliceable[o=Obj - Checkable] := false
  bool isSliced[o=Obj - Checkable] := false
]

initial values = [
  receptacleType(diningTable_1, diningTableType) := true
  receptacleType(toiletPaperHanger_2, toiletPaperHangerType) := true
  receptacleType(laundryHamper_3, laundryHamperType) := true
  receptacleType(diningTable_4, diningTableType) := true
  receptacleType(fridge_5, fridgeType) := true
  receptacleType(coffeeMachine_6, coffeeMachineType) := true
  receptacleType(bed_7, bedType) := true
  receptacleType(stoveBurner_8, stoveBurnerType) := true
  receptacleType(fridge_9, fridgeType) := true
  receptacleType(safe_10, safeType) := true
  objectType(cloth_1, clothType) := true
  objectType(plate_2, plateType) := true
  objectType(bowl_3, bowlType) := true
  objectType(tomato_4, tomatoType) := true
  objectType(bowl_5, bowlType) := true
  objectType(vase_6, vaseType) := true
  objectType(toiletPaper_7, toiletPaperType) := true
  objectType(cup_8, cupType) := true
  objectType(potato_9, potatoType) := true
  objectType(box_10, boxType) := true
  canContain(diningTableType, clothType) := true
  canContain(diningTableType, plateType) := true
  canContain(diningTableType, bowlType) := true
  canContain(diningTableType, tomatoType) := true
  canContain(diningTableType, vaseType) := true
  canContain(diningTableType, toiletPaperType) := true
  canContain(diningTableType, cupType) := true
  canContain(diningTableType, potatoType) := true
  canContain(diningTableType, boxType) := true
  canContain(toiletPaperHangerType, toiletPaperType) := true
  canContain(laundryHamperType, clothType) := true
  canContain(fridgeType, plateType) := true
  canContain(fridgeType, bowlType) := true
  canContain(fridgeType, tomatoType) := true
  canContain(fridgeType, cupType) := true
  canContain(fridgeType, potatoType) := true
  canContain(safeType, vaseType) := true
  pickupable(cloth_1) := true
  cleanable(cloth_1) := true
  pickupable(plate_2) := true
  isReceptacleObject(plate_2) := true
  cleanable(plate_2) := true
  heatable(plate_2) := true
  coolable(plate_2) := true
  pickupable(bowl_3) := true
  isReceptacleObject(bowl_3) := true
  cleanable(bowl_3) := true
  coolable(bowl_3) := true
  pickupable(tomato_4) := true
  cleanable(tomato_4) := true
  heatable(tomato_4) := true
  coolable(tomato_4) := true
  sliceable(tomato_4) := true
  pickupable(bowl_5) := true
  isReceptacleObject(bowl_5) := true
  cleanable(bowl_5) := true
  coolable(bowl_5) := true
  pickupable(vase_6) := true
  pickupable(toiletPaper_7) := true
  pickupable(cup_8) := true
  isReceptacleObject(cup_8) := true
  cleanable(cup_8) := true
  heatable(cup_8) := true
  coolable(cup_8) := true
  pickupable(potato_9) := true
  cleanable(potato_9) := true
  heatable(potato_9) := true
  coolable(potato_9) := true
  sliceable(potato_9) := true
  pickupable(box_10) := true
  isReceptacleObject(box_10) := true
  receptacleAtLocation(diningTable_1, location5) := true
  receptacleAtLocation(toiletPaperHanger_2, location7) := true
  receptacleAtLocation(laundryHamper_3, location8) := true
  receptacleAtLocation(diningTable_4, location10) := true
  receptacleAtLocation(fridge_5, location6) := true
  receptacleAtLocation(coffeeMachine_6, location7) := true
  receptacleAtLocation(bed_7, location2) := true
  receptacleAtLocation(stoveBurner_8, location3) := true
  receptacleAtLocation(fridge_9, location5) := true
  receptacleAtLocation(safe_10, location2) := true
  inReceptacle(tomato_4, fridge_9) := true
  inReceptacle(potato_9, fridge_5) := true
  objectAtLocation(cloth_1, location4) := true
  objectAtLocation(plate_2, location7) := true
  objectAtLocation(bowl_3, location5) := true
  objectAtLocation(tomato_4, location5) := true
  objectAtLocation(bowl_5, location7) := true
  objectAtLocation(vase_6, location4) := true
  objectAtLocation(toiletPaper_7, location8) := true
  objectAtLocation(cup_8, location9) := true
  objectAtLocation(potato_9, location6) := true
  objectAtLocation(box_10, location3) := true
  atLocation(agent1, location2) := true
]

goals = [
  Exists (Receptacle - Checkable r) Exists (Obj - Checkable o) (inReceptacle(o, r) and objectType(o, potatoType) and receptacleType(r, diningTableType))
]

quality metrics = [
  minimize sequential-plan-length
]


2025-06-17 09:55:21,387 - INFO - Generating plan for unconstrained problem

2025-06-17 09:55:21,840 - INFO - Unconstrained plan generation time: 0.45382046699523926

2025-06-17 09:55:21,841 - INFO - Unconstrained plan and cost: 
2025-06-17 09:55:21,841 - INFO - SequentialPlan:
    goToLocation(agent1, location2, location6)
    pickupObject(agent1, location6, potato_9, fridge_5)
    goToLocation(agent1, location6, location10)
    putObject(agent1, location10, potato_9, diningTable_4, potatoType, diningTableType)
2025-06-17 09:55:21,841 - INFO - 4
2025-06-17 09:55:22,099 - INFO - Sampled constraints:

2025-06-17 09:55:22,100 - INFO - Sometime(atLocation(agent1, location6))
2025-06-17 09:55:22,100 - INFO - Sometime-Before(atLocation(agent1, location6), (atLocation(agent1, location1) or checked(fridge_9)))
2025-06-17 09:55:22,100 - INFO - 
2025-06-17 09:55:22,100 - INFO - Generation time: 0.2583034038543701

2025-06-17 09:55:22,107 - INFO - Generating plan for constrained problem (with LiftedTCORE).

2025-06-17 09:55:22,158 - INFO - LiftedTCORE compilation time: 0.05134749412536621

2025-06-17 09:55:22,655 - INFO - Planning Time with LiftedTCORE's file: 0.4870893955230713

2025-06-17 09:55:22,655 - INFO - Plan found with LiftedTCORE + sym_bd: SequentialPlan:
    goToLocation(agent1, location2, location1)
    goToLocation(agent1, location1, location6)
    pickupObject(agent1, location6, potato_9, fridge_5)
    goToLocation(agent1, location6, location10)
    putObject(agent1, location10, potato_9, diningTable_4, potatoType, diningTableType)
2025-06-17 09:55:22,655 - INFO - Seed: 436 is solvable

2025-06-17 09:55:22,655 - INFO - Unconstrained cost: 4
2025-06-17 09:55:22,655 - INFO - Constrained cost: 5
2025-06-17 09:55:22,655 - INFO - Seed: 436 Plan simulation is feasible
2025-06-17 09:55:22,656 - INFO - 
Seed: 436 
 Plan: [goToLocation(agent1, location2, location1), goToLocation(agent1, location1, location6), pickupObject(agent1, location6, potato_9, fridge_5), goToLocation(agent1, location6, location10), putObject(agent1, location10, potato_9, diningTable_4, potatoType, diningTableType)]  
 Cost: 5

