2025-06-17 09:53:53,968 - INFO - 
================= Seed: 305 =================

2025-06-17 09:53:53,974 - INFO - problem name = alfred

types = [ReceptacleType, ObjectType, Checkable, Agent - Checkable, Location - Checkable, Receptacle - Checkable, Obj - Checkable]

fluents = [
  bool atLocation[a=Agent - Checkable, l=Location - Checkable]
  bool receptacleAtLocation[r=Receptacle - Checkable, l=Location - Checkable]
  bool objectAtLocation[o=Obj - Checkable, l=Location - Checkable]
  bool openable[r=Receptacle - Checkable]
  bool opened[r=Receptacle - Checkable]
  bool inReceptacle[o=Obj - Checkable, r=Receptacle - Checkable]
  bool isReceptacleObject[o=Obj - Checkable]
  bool inReceptacleObject[innerObject=Obj - Checkable, outObject=Obj - Checkable]
  bool isReceptacleObjectFull[o=Obj - Checkable]
  bool wasInReceptacle[o=Obj - Checkable, r=Receptacle - Checkable]
  bool checked[c=Checkable]
  bool examined[l=Location - Checkable]
  bool receptacleType[r=Receptacle - Checkable, rt=ReceptacleType]
  bool canContain[rt=ReceptacleType, ot=ObjectType]
  bool objectType[o=Obj - Checkable, t=ObjectType]
  bool holds[a=Agent - Checkable, o=Obj - Checkable]
  bool holdsAny[a=Agent - Checkable]
  bool holdsAnyReceptacleObject[a=Agent - Checkable]
  bool full[r=Receptacle - Checkable]
  bool isClean[o=Obj - Checkable]
  bool cleanable[o=Obj - Checkable]
  bool isHot[o=Obj - Checkable]
  bool heatable[o=Obj - Checkable]
  bool isCool[o=Obj - Checkable]
  bool coolable[o=Obj - Checkable]
  bool pickupable[o=Obj - Checkable]
  bool moveable[o=Obj - Checkable]
  bool toggleable[o=Obj - Checkable]
  bool isOn[o=Obj - Checkable]
  bool isToggled[o=Obj - Checkable]
  bool sliceable[o=Obj - Checkable]
  bool isSliced[o=Obj - Checkable]
]

actions = [
  action look(Agent - Checkable a, Location - Checkable l) {
    preconditions = [
      atLocation(a, l)
    ]
    effects = [
      checked(l) := true
    ]
  }
  action inventory(Agent - Checkable a) {
    preconditions = [
    ]
    effects = [
      checked(a) := true
    ]
  }
  action examineReceptacle(Agent - Checkable a, Receptacle - Checkable r) {
    preconditions = [
      Exists (Location - Checkable l) (atLocation(a, l) and receptacleAtLocation(r, l))
    ]
    effects = [
      checked(r) := true
    ]
  }
  action examineObject(Agent - Checkable a, Obj - Checkable o) {
    preconditions = [
      (Exists (Location - Checkable l) Exists (Receptacle - Checkable r) (atLocation(a, l) and receptacleAtLocation(r, l) and inReceptacle(o, r) and ((not openable(r)) or opened(r))) or holds(a, o))
    ]
    effects = [
      checked(o) := true
    ]
  }
  action goToLocation(Agent - Checkable a, Location - Checkable lstart, Location - Checkable lend) {
    preconditions = [
      atLocation(a, lstart)
    ]
    effects = [
      atLocation(a, lstart) := false
      atLocation(a, lend) := true
    ]
  }
  action openObject(Agent - Checkable a, Location - Checkable l, Receptacle - Checkable r) {
    preconditions = [
      (openable(r) and atLocation(a, l) and receptacleAtLocation(r, l) and (not opened(r)))
    ]
    effects = [
      opened(r) := true
      checked(r) := true
    ]
  }
  action closeObject(Agent - Checkable a, Location - Checkable l, Receptacle - Checkable r) {
    preconditions = [
      (openable(r) and atLocation(a, l) and receptacleAtLocation(r, l) and opened(r))
    ]
    effects = [
      opened(r) := false
    ]
  }
  action pickupObject(Agent - Checkable a, Location - Checkable l, Obj - Checkable o, Receptacle - Checkable r) {
    preconditions = [
      (pickupable(o) and atLocation(a, l) and receptacleAtLocation(r, l) and inReceptacle(o, r) and (not holdsAny(a)) and ((not openable(r)) or opened(r)))
    ]
    effects = [
      inReceptacle(o, r) := false
      holds(a, o) := true
      holdsAny(a) := true
      objectAtLocation(o, l) := false
    ]
  }
  action putObject(Agent - Checkable a, Location - Checkable l, Obj - Checkable o, Receptacle - Checkable r, ObjectType ot, ReceptacleType rt) {
    preconditions = [
      (holds(a, o) and atLocation(a, l) and receptacleAtLocation(r, l) and ((not openable(r)) or opened(r)) and objectType(o, ot) and receptacleType(r, rt) and canContain(rt, ot))
    ]
    effects = [
      inReceptacle(o, r) := true
      objectAtLocation(o, l) := true
      holds(a, o) := false
      holdsAny(a) := false
    ]
  }
  action cleanObject(Agent - Checkable a, Location - Checkable l, Receptacle - Checkable r, Obj - Checkable o) {
    preconditions = [
      (cleanable(o) and receptacleType(r, sinkBasinType) and atLocation(a, l) and receptacleAtLocation(r, l) and holds(a, o))
    ]
    effects = [
      isClean(o) := true
    ]
  }
  action heatObject(Agent - Checkable a, Location - Checkable l, Receptacle - Checkable r, Obj - Checkable o) {
    preconditions = [
      (heatable(o) and receptacleType(r, microwaveType) and atLocation(a, l) and receptacleAtLocation(r, l) and holds(a, o))
    ]
    effects = [
      isHot(o) := true
      isCool(o) := false
    ]
  }
  action coolObject(Agent - Checkable a, Location - Checkable l, Receptacle - Checkable r, Obj - Checkable o) {
    preconditions = [
      (coolable(o) and receptacleType(r, fridgeType) and atLocation(a, l) and receptacleAtLocation(r, l) and holds(a, o))
    ]
    effects = [
      isCool(o) := true
      isHot(o) := false
    ]
  }
  action toggleObject(Agent - Checkable a, Location - Checkable l, Obj - Checkable o, Receptacle - Checkable r) {
    preconditions = [
      (toggleable(o) and atLocation(a, l) and receptacleAtLocation(r, l) and inReceptacle(o, r))
    ]
    effects = [
      if isOn(o) then isOn(o) := false
      if (not isOn(o)) then isOn(o) := true
      isToggled(o) := true
    ]
  }
  action sliceObject(Agent - Checkable a, Location - Checkable l, Obj - Checkable co, Obj - Checkable ko) {
    preconditions = [
      (sliceable(co) and (objectType(ko, knifeType) or objectType(ko, butterKnifeType)) and atLocation(a, l) and objectAtLocation(co, l) and holds(a, ko))
    ]
    effects = [
      isSliced(co) := true
    ]
  }
  action help(Agent - Checkable a) {
    preconditions = [
    ]
    effects = [
      checked(a) := true
    ]
  }
]

objects = [
  ReceptacleType: [sinkBasinType, microwaveType, fridgeType, coffeeMachineType, bathtubBasinType, diningTableType, toiletType, sofaType, handTowelHolderType, towelHolderType, ottomanType]
  ObjectType: [knifeType, butterKnifeType, candleType, laptopType, forkType, towelType, handTowelType, newspaperType, penType, bookType, boxType]
  Checkable: [agent1, location1, location2, location3, location4, location5, location6, location7, location8, location9, location10, coffeeMachine_1, bathtubBasin_2, bathtubBasin_3, diningTable_4, toilet_5, sofa_6, handTowelHolder_7, towelHolder_8, coffeeMachine_9, ottoman_10, candle_1, laptop_2, fork_3, candle_4, towel_5, handTowel_6, newspaper_7, pen_8, book_9, box_10]
  Agent - Checkable: [agent1]
  Location - Checkable: [location1, location2, location3, location4, location5, location6, location7, location8, location9, location10]
  Receptacle - Checkable: [coffeeMachine_1, bathtubBasin_2, bathtubBasin_3, diningTable_4, toilet_5, sofa_6, handTowelHolder_7, towelHolder_8, coffeeMachine_9, ottoman_10]
  Obj - Checkable: [candle_1, laptop_2, fork_3, candle_4, towel_5, handTowel_6, newspaper_7, pen_8, book_9, box_10]
]

initial fluents default = [
  bool atLocation[a=Agent - Checkable, l=Location - Checkable] := false
  bool receptacleAtLocation[r=Receptacle - Checkable, l=Location - Checkable] := false
  bool objectAtLocation[o=Obj - Checkable, l=Location - Checkable] := false
  bool openable[r=Receptacle - Checkable] := false
  bool opened[r=Receptacle - Checkable] := false
  bool inReceptacle[o=Obj - Checkable, r=Receptacle - Checkable] := false
  bool isReceptacleObject[o=Obj - Checkable] := false
  bool inReceptacleObject[innerObject=Obj - Checkable, outObject=Obj - Checkable] := false
  bool isReceptacleObjectFull[o=Obj - Checkable] := false
  bool wasInReceptacle[o=Obj - Checkable, r=Receptacle - Checkable] := false
  bool checked[c=Checkable] := false
  bool examined[l=Location - Checkable] := false
  bool receptacleType[r=Receptacle - Checkable, rt=ReceptacleType] := false
  bool canContain[rt=ReceptacleType, ot=ObjectType] := false
  bool objectType[o=Obj - Checkable, t=ObjectType] := false
  bool holds[a=Agent - Checkable, o=Obj - Checkable] := false
  bool holdsAny[a=Agent - Checkable] := false
  bool holdsAnyReceptacleObject[a=Agent - Checkable] := false
  bool full[r=Receptacle - Checkable] := false
  bool isClean[o=Obj - Checkable] := false
  bool cleanable[o=Obj - Checkable] := false
  bool isHot[o=Obj - Checkable] := false
  bool heatable[o=Obj - Checkable] := false
  bool isCool[o=Obj - Checkable] := false
  bool coolable[o=Obj - Checkable] := false
  bool pickupable[o=Obj - Checkable] := false
  bool moveable[o=Obj - Checkable] := false
  bool toggleable[o=Obj - Checkable] := false
  bool isOn[o=Obj - Checkable] := false
  bool isToggled[o=Obj - Checkable] := false
  bool sliceable[o=Obj - Checkable] := false
  bool isSliced[o=Obj - Checkable] := false
]

initial values = [
  receptacleType(coffeeMachine_1, coffeeMachineType) := true
  receptacleType(bathtubBasin_2, bathtubBasinType) := true
  receptacleType(bathtubBasin_3, bathtubBasinType) := true
  receptacleType(diningTable_4, diningTableType) := true
  receptacleType(toilet_5, toiletType) := true
  receptacleType(sofa_6, sofaType) := true
  receptacleType(handTowelHolder_7, handTowelHolderType) := true
  receptacleType(towelHolder_8, towelHolderType) := true
  receptacleType(coffeeMachine_9, coffeeMachineType) := true
  receptacleType(ottoman_10, ottomanType) := true
  objectType(candle_1, candleType) := true
  objectType(laptop_2, laptopType) := true
  objectType(fork_3, forkType) := true
  objectType(candle_4, candleType) := true
  objectType(towel_5, towelType) := true
  objectType(handTowel_6, handTowelType) := true
  objectType(newspaper_7, newspaperType) := true
  objectType(pen_8, penType) := true
  objectType(book_9, bookType) := true
  objectType(box_10, boxType) := true
  canContain(bathtubBasinType, handTowelType) := true
  canContain(diningTableType, candleType) := true
  canContain(diningTableType, laptopType) := true
  canContain(diningTableType, forkType) := true
  canContain(diningTableType, handTowelType) := true
  canContain(diningTableType, newspaperType) := true
  canContain(diningTableType, penType) := true
  canContain(diningTableType, bookType) := true
  canContain(diningTableType, boxType) := true
  canContain(toiletType, candleType) := true
  canContain(toiletType, handTowelType) := true
  canContain(toiletType, newspaperType) := true
  canContain(sofaType, laptopType) := true
  canContain(sofaType, newspaperType) := true
  canContain(sofaType, bookType) := true
  canContain(sofaType, boxType) := true
  canContain(handTowelHolderType, handTowelType) := true
  canContain(towelHolderType, towelType) := true
  canContain(ottomanType, laptopType) := true
  canContain(ottomanType, newspaperType) := true
  canContain(ottomanType, bookType) := true
  canContain(ottomanType, boxType) := true
  pickupable(candle_1) := true
  pickupable(laptop_2) := true
  pickupable(fork_3) := true
  cleanable(fork_3) := true
  pickupable(candle_4) := true
  pickupable(towel_5) := true
  pickupable(handTowel_6) := true
  pickupable(newspaper_7) := true
  pickupable(pen_8) := true
  pickupable(book_9) := true
  pickupable(box_10) := true
  isReceptacleObject(box_10) := true
  receptacleAtLocation(coffeeMachine_1, location3) := true
  receptacleAtLocation(bathtubBasin_2, location10) := true
  receptacleAtLocation(bathtubBasin_3, location9) := true
  receptacleAtLocation(diningTable_4, location1) := true
  receptacleAtLocation(toilet_5, location6) := true
  receptacleAtLocation(sofa_6, location8) := true
  receptacleAtLocation(handTowelHolder_7, location5) := true
  receptacleAtLocation(towelHolder_8, location4) := true
  receptacleAtLocation(coffeeMachine_9, location8) := true
  receptacleAtLocation(ottoman_10, location8) := true
  inReceptacle(laptop_2, ottoman_10) := true
  inReceptacle(handTowel_6, bathtubBasin_3) := true
  inReceptacle(newspaper_7, sofa_6) := true
  objectAtLocation(candle_1, location2) := true
  objectAtLocation(laptop_2, location8) := true
  objectAtLocation(fork_3, location5) := true
  objectAtLocation(candle_4, location9) := true
  objectAtLocation(towel_5, location10) := true
  objectAtLocation(handTowel_6, location9) := true
  objectAtLocation(newspaper_7, location8) := true
  objectAtLocation(pen_8, location2) := true
  objectAtLocation(book_9, location4) := true
  objectAtLocation(box_10, location3) := true
  atLocation(agent1, location2) := true
]

goals = [
  Exists (Receptacle - Checkable r) Exists (Obj - Checkable o1) (inReceptacle(o1, r) and objectType(o1, boxType) and receptacleType(r, sofaType) and Exists (Obj - Checkable o2) ((not (o1 == o2)) and objectType(o2, newspaperType) and receptacleType(r, sofaType) and inReceptacle(o2, r)))
]

quality metrics = [
  minimize sequential-plan-length
]


2025-06-17 09:53:53,976 - INFO - Generating plan for unconstrained problem

2025-06-17 09:53:54,354 - INFO - Unconstrained plan generation time: 0.3784449100494385

