2025-06-17 09:53:16,556 - INFO - 
================= Seed: 260 =================

2025-06-17 09:53:16,561 - INFO - problem name = alfred

types = [ReceptacleType, ObjectType, Checkable, Agent - Checkable, Location - Checkable, Receptacle - Checkable, Obj - Checkable]

fluents = [
  bool atLocation[a=Agent - Checkable, l=Location - Checkable]
  bool receptacleAtLocation[r=Receptacle - Checkable, l=Location - Checkable]
  bool objectAtLocation[o=Obj - Checkable, l=Location - Checkable]
  bool openable[r=Receptacle - Checkable]
  bool opened[r=Receptacle - Checkable]
  bool inReceptacle[o=Obj - Checkable, r=Receptacle - Checkable]
  bool isReceptacleObject[o=Obj - Checkable]
  bool inReceptacleObject[innerObject=Obj - Checkable, outObject=Obj - Checkable]
  bool isReceptacleObjectFull[o=Obj - Checkable]
  bool wasInReceptacle[o=Obj - Checkable, r=Receptacle - Checkable]
  bool checked[c=Checkable]
  bool examined[l=Location - Checkable]
  bool receptacleType[r=Receptacle - Checkable, rt=ReceptacleType]
  bool canContain[rt=ReceptacleType, ot=ObjectType]
  bool objectType[o=Obj - Checkable, t=ObjectType]
  bool holds[a=Agent - Checkable, o=Obj - Checkable]
  bool holdsAny[a=Agent - Checkable]
  bool holdsAnyReceptacleObject[a=Agent - Checkable]
  bool full[r=Receptacle - Checkable]
  bool isClean[o=Obj - Checkable]
  bool cleanable[o=Obj - Checkable]
  bool isHot[o=Obj - Checkable]
  bool heatable[o=Obj - Checkable]
  bool isCool[o=Obj - Checkable]
  bool coolable[o=Obj - Checkable]
  bool pickupable[o=Obj - Checkable]
  bool moveable[o=Obj - Checkable]
  bool toggleable[o=Obj - Checkable]
  bool isOn[o=Obj - Checkable]
  bool isToggled[o=Obj - Checkable]
  bool sliceable[o=Obj - Checkable]
  bool isSliced[o=Obj - Checkable]
]

actions = [
  action look(Agent - Checkable a, Location - Checkable l) {
    preconditions = [
      atLocation(a, l)
    ]
    effects = [
      checked(l) := true
    ]
  }
  action inventory(Agent - Checkable a) {
    preconditions = [
    ]
    effects = [
      checked(a) := true
    ]
  }
  action examineReceptacle(Agent - Checkable a, Receptacle - Checkable r) {
    preconditions = [
      Exists (Location - Checkable l) (atLocation(a, l) and receptacleAtLocation(r, l))
    ]
    effects = [
      checked(r) := true
    ]
  }
  action examineObject(Agent - Checkable a, Obj - Checkable o) {
    preconditions = [
      (Exists (Location - Checkable l) Exists (Receptacle - Checkable r) (atLocation(a, l) and receptacleAtLocation(r, l) and inReceptacle(o, r) and ((not openable(r)) or opened(r))) or holds(a, o))
    ]
    effects = [
      checked(o) := true
    ]
  }
  action goToLocation(Agent - Checkable a, Location - Checkable lstart, Location - Checkable lend) {
    preconditions = [
      atLocation(a, lstart)
    ]
    effects = [
      atLocation(a, lstart) := false
      atLocation(a, lend) := true
    ]
  }
  action openObject(Agent - Checkable a, Location - Checkable l, Receptacle - Checkable r) {
    preconditions = [
      (openable(r) and atLocation(a, l) and receptacleAtLocation(r, l) and (not opened(r)))
    ]
    effects = [
      opened(r) := true
      checked(r) := true
    ]
  }
  action closeObject(Agent - Checkable a, Location - Checkable l, Receptacle - Checkable r) {
    preconditions = [
      (openable(r) and atLocation(a, l) and receptacleAtLocation(r, l) and opened(r))
    ]
    effects = [
      opened(r) := false
    ]
  }
  action pickupObject(Agent - Checkable a, Location - Checkable l, Obj - Checkable o, Receptacle - Checkable r) {
    preconditions = [
      (pickupable(o) and atLocation(a, l) and receptacleAtLocation(r, l) and inReceptacle(o, r) and (not holdsAny(a)) and ((not openable(r)) or opened(r)))
    ]
    effects = [
      inReceptacle(o, r) := false
      holds(a, o) := true
      holdsAny(a) := true
      objectAtLocation(o, l) := false
    ]
  }
  action putObject(Agent - Checkable a, Location - Checkable l, Obj - Checkable o, Receptacle - Checkable r, ObjectType ot, ReceptacleType rt) {
    preconditions = [
      (holds(a, o) and atLocation(a, l) and receptacleAtLocation(r, l) and ((not openable(r)) or opened(r)) and objectType(o, ot) and receptacleType(r, rt) and canContain(rt, ot))
    ]
    effects = [
      inReceptacle(o, r) := true
      objectAtLocation(o, l) := true
      holds(a, o) := false
      holdsAny(a) := false
    ]
  }
  action cleanObject(Agent - Checkable a, Location - Checkable l, Receptacle - Checkable r, Obj - Checkable o) {
    preconditions = [
      (cleanable(o) and receptacleType(r, sinkBasinType) and atLocation(a, l) and receptacleAtLocation(r, l) and holds(a, o))
    ]
    effects = [
      isClean(o) := true
    ]
  }
  action heatObject(Agent - Checkable a, Location - Checkable l, Receptacle - Checkable r, Obj - Checkable o) {
    preconditions = [
      (heatable(o) and receptacleType(r, microwaveType) and atLocation(a, l) and receptacleAtLocation(r, l) and holds(a, o))
    ]
    effects = [
      isHot(o) := true
      isCool(o) := false
    ]
  }
  action coolObject(Agent - Checkable a, Location - Checkable l, Receptacle - Checkable r, Obj - Checkable o) {
    preconditions = [
      (coolable(o) and receptacleType(r, fridgeType) and atLocation(a, l) and receptacleAtLocation(r, l) and holds(a, o))
    ]
    effects = [
      isCool(o) := true
      isHot(o) := false
    ]
  }
  action toggleObject(Agent - Checkable a, Location - Checkable l, Obj - Checkable o, Receptacle - Checkable r) {
    preconditions = [
      (toggleable(o) and atLocation(a, l) and receptacleAtLocation(r, l) and inReceptacle(o, r))
    ]
    effects = [
      if isOn(o) then isOn(o) := false
      if (not isOn(o)) then isOn(o) := true
      isToggled(o) := true
    ]
  }
  action sliceObject(Agent - Checkable a, Location - Checkable l, Obj - Checkable co, Obj - Checkable ko) {
    preconditions = [
      (sliceable(co) and (objectType(ko, knifeType) or objectType(ko, butterKnifeType)) and atLocation(a, l) and objectAtLocation(co, l) and holds(a, ko))
    ]
    effects = [
      isSliced(co) := true
    ]
  }
  action help(Agent - Checkable a) {
    preconditions = [
    ]
    effects = [
      checked(a) := true
    ]
  }
]

objects = [
  ReceptacleType: [sinkBasinType, microwaveType, fridgeType, counterTopType, shelfType, coffeeTableType, bathtubBasinType, toiletPaperHangerType, ottomanType, drawerType, armChairType]
  ObjectType: [knifeType, butterKnifeType, glassbottleType, alarmClockType, kettleType, penType, remoteControlType, tissueBoxType, bowlType, plateType]
  Checkable: [agent1, location1, location2, location3, location4, location5, location6, location7, location8, location9, location10, counterTop_1, shelf_2, coffeeTable_3, bathtubBasin_4, bathtubBasin_5, toiletPaperHanger_6, counterTop_7, ottoman_8, drawer_9, armChair_10, glassbottle_1, alarmClock_2, kettle_3, pen_4, remoteControl_5, tissueBox_6, bowl_7, plate_8, glassbottle_9, plate_10]
  Agent - Checkable: [agent1]
  Location - Checkable: [location1, location2, location3, location4, location5, location6, location7, location8, location9, location10]
  Receptacle - Checkable: [counterTop_1, shelf_2, coffeeTable_3, bathtubBasin_4, bathtubBasin_5, toiletPaperHanger_6, counterTop_7, ottoman_8, drawer_9, armChair_10]
  Obj - Checkable: [glassbottle_1, alarmClock_2, kettle_3, pen_4, remoteControl_5, tissueBox_6, bowl_7, plate_8, glassbottle_9, plate_10]
]

initial fluents default = [
  bool atLocation[a=Agent - Checkable, l=Location - Checkable] := false
  bool receptacleAtLocation[r=Receptacle - Checkable, l=Location - Checkable] := false
  bool objectAtLocation[o=Obj - Checkable, l=Location - Checkable] := false
  bool openable[r=Receptacle - Checkable] := false
  bool opened[r=Receptacle - Checkable] := false
  bool inReceptacle[o=Obj - Checkable, r=Receptacle - Checkable] := false
  bool isReceptacleObject[o=Obj - Checkable] := false
  bool inReceptacleObject[innerObject=Obj - Checkable, outObject=Obj - Checkable] := false
  bool isReceptacleObjectFull[o=Obj - Checkable] := false
  bool wasInReceptacle[o=Obj - Checkable, r=Receptacle - Checkable] := false
  bool checked[c=Checkable] := false
  bool examined[l=Location - Checkable] := false
  bool receptacleType[r=Receptacle - Checkable, rt=ReceptacleType] := false
  bool canContain[rt=ReceptacleType, ot=ObjectType] := false
  bool objectType[o=Obj - Checkable, t=ObjectType] := false
  bool holds[a=Agent - Checkable, o=Obj - Checkable] := false
  bool holdsAny[a=Agent - Checkable] := false
  bool holdsAnyReceptacleObject[a=Agent - Checkable] := false
  bool full[r=Receptacle - Checkable] := false
  bool isClean[o=Obj - Checkable] := false
  bool cleanable[o=Obj - Checkable] := false
  bool isHot[o=Obj - Checkable] := false
  bool heatable[o=Obj - Checkable] := false
  bool isCool[o=Obj - Checkable] := false
  bool coolable[o=Obj - Checkable] := false
  bool pickupable[o=Obj - Checkable] := false
  bool moveable[o=Obj - Checkable] := false
  bool toggleable[o=Obj - Checkable] := false
  bool isOn[o=Obj - Checkable] := false
  bool isToggled[o=Obj - Checkable] := false
  bool sliceable[o=Obj - Checkable] := false
  bool isSliced[o=Obj - Checkable] := false
]

initial values = [
  receptacleType(counterTop_1, counterTopType) := true
  receptacleType(shelf_2, shelfType) := true
  receptacleType(coffeeTable_3, coffeeTableType) := true
  receptacleType(bathtubBasin_4, bathtubBasinType) := true
  receptacleType(bathtubBasin_5, bathtubBasinType) := true
  receptacleType(toiletPaperHanger_6, toiletPaperHangerType) := true
  receptacleType(counterTop_7, counterTopType) := true
  receptacleType(ottoman_8, ottomanType) := true
  receptacleType(drawer_9, drawerType) := true
  receptacleType(armChair_10, armChairType) := true
  objectType(glassbottle_1, glassbottleType) := true
  objectType(alarmClock_2, alarmClockType) := true
  objectType(kettle_3, kettleType) := true
  objectType(pen_4, penType) := true
  objectType(remoteControl_5, remoteControlType) := true
  objectType(tissueBox_6, tissueBoxType) := true
  objectType(bowl_7, bowlType) := true
  objectType(plate_8, plateType) := true
  objectType(glassbottle_9, glassbottleType) := true
  objectType(plate_10, plateType) := true
  canContain(counterTopType, glassbottleType) := true
  canContain(counterTopType, alarmClockType) := true
  canContain(counterTopType, kettleType) := true
  canContain(counterTopType, penType) := true
  canContain(counterTopType, remoteControlType) := true
  canContain(counterTopType, tissueBoxType) := true
  canContain(counterTopType, bowlType) := true
  canContain(counterTopType, plateType) := true
  canContain(shelfType, glassbottleType) := true
  canContain(shelfType, alarmClockType) := true
  canContain(shelfType, kettleType) := true
  canContain(shelfType, penType) := true
  canContain(shelfType, remoteControlType) := true
  canContain(shelfType, tissueBoxType) := true
  canContain(shelfType, bowlType) := true
  canContain(shelfType, plateType) := true
  canContain(coffeeTableType, glassbottleType) := true
  canContain(coffeeTableType, alarmClockType) := true
  canContain(coffeeTableType, kettleType) := true
  canContain(coffeeTableType, penType) := true
  canContain(coffeeTableType, remoteControlType) := true
  canContain(coffeeTableType, tissueBoxType) := true
  canContain(coffeeTableType, bowlType) := true
  canContain(coffeeTableType, plateType) := true
  canContain(ottomanType, remoteControlType) := true
  canContain(drawerType, penType) := true
  canContain(drawerType, remoteControlType) := true
  canContain(drawerType, tissueBoxType) := true
  canContain(armChairType, remoteControlType) := true
  pickupable(glassbottle_1) := true
  pickupable(alarmClock_2) := true
  pickupable(kettle_3) := true
  cleanable(kettle_3) := true
  pickupable(pen_4) := true
  pickupable(remoteControl_5) := true
  pickupable(tissueBox_6) := true
  pickupable(bowl_7) := true
  isReceptacleObject(bowl_7) := true
  cleanable(bowl_7) := true
  coolable(bowl_7) := true
  pickupable(plate_8) := true
  isReceptacleObject(plate_8) := true
  cleanable(plate_8) := true
  heatable(plate_8) := true
  coolable(plate_8) := true
  pickupable(glassbottle_9) := true
  pickupable(plate_10) := true
  isReceptacleObject(plate_10) := true
  cleanable(plate_10) := true
  heatable(plate_10) := true
  coolable(plate_10) := true
  receptacleAtLocation(counterTop_1, location10) := true
  receptacleAtLocation(shelf_2, location10) := true
  receptacleAtLocation(coffeeTable_3, location10) := true
  receptacleAtLocation(bathtubBasin_4, location9) := true
  receptacleAtLocation(bathtubBasin_5, location6) := true
  receptacleAtLocation(toiletPaperHanger_6, location7) := true
  receptacleAtLocation(counterTop_7, location7) := true
  receptacleAtLocation(ottoman_8, location6) := true
  receptacleAtLocation(drawer_9, location7) := true
  receptacleAtLocation(armChair_10, location6) := true
  inReceptacle(glassbottle_1, counterTop_1) := true
  inReceptacle(pen_4, counterTop_1) := true
  inReceptacle(bowl_7, coffeeTable_3) := true
  inReceptacle(plate_8, coffeeTable_3) := true
  inReceptacle(glassbottle_9, counterTop_1) := true
  objectAtLocation(glassbottle_1, location10) := true
  objectAtLocation(alarmClock_2, location8) := true
  objectAtLocation(kettle_3, location9) := true
  objectAtLocation(pen_4, location10) := true
  objectAtLocation(remoteControl_5, location10) := true
  objectAtLocation(tissueBox_6, location1) := true
  objectAtLocation(bowl_7, location10) := true
  objectAtLocation(plate_8, location10) := true
  objectAtLocation(glassbottle_9, location10) := true
  objectAtLocation(plate_10, location7) := true
  atLocation(agent1, location8) := true
]

goals = [
  Exists (Receptacle - Checkable r) Exists (Obj - Checkable o) (coolable(o) and objectType(o, plateType) and receptacleType(r, shelfType) and isCool(o) and inReceptacle(o, r))
]

quality metrics = [
  minimize sequential-plan-length
]


2025-06-17 09:53:16,563 - INFO - Generating plan for unconstrained problem

2025-06-17 09:53:16,937 - INFO - Unconstrained plan generation time: 0.37409305572509766

