2025-06-17 11:18:44,815 - INFO - 
================= Seed: 152 =================

2025-06-17 11:18:44,815 - INFO - problem name = alfred

types = [ReceptacleType, ObjectType, Checkable, Agent - Checkable, Location - Checkable, Receptacle - Checkable, Obj - Checkable]

fluents = [
  bool atLocation[a=Agent - Checkable, l=Location - Checkable]
  bool receptacleAtLocation[r=Receptacle - Checkable, l=Location - Checkable]
  bool objectAtLocation[o=Obj - Checkable, l=Location - Checkable]
  bool openable[r=Receptacle - Checkable]
  bool opened[r=Receptacle - Checkable]
  bool inReceptacle[o=Obj - Checkable, r=Receptacle - Checkable]
  bool isReceptacleObject[o=Obj - Checkable]
  bool inReceptacleObject[innerObject=Obj - Checkable, outObject=Obj - Checkable]
  bool isReceptacleObjectFull[o=Obj - Checkable]
  bool wasInReceptacle[o=Obj - Checkable, r=Receptacle - Checkable]
  bool checked[c=Checkable]
  bool examined[l=Location - Checkable]
  bool receptacleType[r=Receptacle - Checkable, rt=ReceptacleType]
  bool canContain[rt=ReceptacleType, ot=ObjectType]
  bool objectType[o=Obj - Checkable, t=ObjectType]
  bool holds[a=Agent - Checkable, o=Obj - Checkable]
  bool holdsAny[a=Agent - Checkable]
  bool holdsAnyReceptacleObject[a=Agent - Checkable]
  bool full[r=Receptacle - Checkable]
  bool isClean[o=Obj - Checkable]
  bool cleanable[o=Obj - Checkable]
  bool isHot[o=Obj - Checkable]
  bool heatable[o=Obj - Checkable]
  bool isCool[o=Obj - Checkable]
  bool coolable[o=Obj - Checkable]
  bool pickupable[o=Obj - Checkable]
  bool moveable[o=Obj - Checkable]
  bool toggleable[o=Obj - Checkable]
  bool isOn[o=Obj - Checkable]
  bool isToggled[o=Obj - Checkable]
  bool sliceable[o=Obj - Checkable]
  bool isSliced[o=Obj - Checkable]
]

actions = [
  action look(Agent - Checkable a, Location - Checkable l) {
    preconditions = [
      atLocation(a, l)
    ]
    effects = [
      checked(l) := true
    ]
  }
  action inventory(Agent - Checkable a) {
    preconditions = [
    ]
    effects = [
      checked(a) := true
    ]
  }
  action examineReceptacle(Agent - Checkable a, Receptacle - Checkable r) {
    preconditions = [
      Exists (Location - Checkable l) (atLocation(a, l) and receptacleAtLocation(r, l))
    ]
    effects = [
      checked(r) := true
    ]
  }
  action examineObject(Agent - Checkable a, Obj - Checkable o) {
    preconditions = [
      (Exists (Location - Checkable l) Exists (Receptacle - Checkable r) (atLocation(a, l) and receptacleAtLocation(r, l) and inReceptacle(o, r) and ((not openable(r)) or opened(r))) or holds(a, o))
    ]
    effects = [
      checked(o) := true
    ]
  }
  action goToLocation(Agent - Checkable a, Location - Checkable lstart, Location - Checkable lend) {
    preconditions = [
      atLocation(a, lstart)
    ]
    effects = [
      atLocation(a, lstart) := false
      atLocation(a, lend) := true
    ]
  }
  action openObject(Agent - Checkable a, Location - Checkable l, Receptacle - Checkable r) {
    preconditions = [
      (openable(r) and atLocation(a, l) and receptacleAtLocation(r, l) and (not opened(r)))
    ]
    effects = [
      opened(r) := true
      checked(r) := true
    ]
  }
  action closeObject(Agent - Checkable a, Location - Checkable l, Receptacle - Checkable r) {
    preconditions = [
      (openable(r) and atLocation(a, l) and receptacleAtLocation(r, l) and opened(r))
    ]
    effects = [
      opened(r) := false
    ]
  }
  action pickupObject(Agent - Checkable a, Location - Checkable l, Obj - Checkable o, Receptacle - Checkable r) {
    preconditions = [
      (pickupable(o) and atLocation(a, l) and receptacleAtLocation(r, l) and inReceptacle(o, r) and (not holdsAny(a)) and ((not openable(r)) or opened(r)))
    ]
    effects = [
      inReceptacle(o, r) := false
      holds(a, o) := true
      holdsAny(a) := true
      objectAtLocation(o, l) := false
    ]
  }
  action putObject(Agent - Checkable a, Location - Checkable l, Obj - Checkable o, Receptacle - Checkable r, ObjectType ot, ReceptacleType rt) {
    preconditions = [
      (holds(a, o) and atLocation(a, l) and receptacleAtLocation(r, l) and ((not openable(r)) or opened(r)) and objectType(o, ot) and receptacleType(r, rt) and canContain(rt, ot))
    ]
    effects = [
      inReceptacle(o, r) := true
      objectAtLocation(o, l) := true
      holds(a, o) := false
      holdsAny(a) := false
    ]
  }
  action cleanObject(Agent - Checkable a, Location - Checkable l, Receptacle - Checkable r, Obj - Checkable o) {
    preconditions = [
      (cleanable(o) and receptacleType(r, sinkBasinType) and atLocation(a, l) and receptacleAtLocation(r, l) and holds(a, o))
    ]
    effects = [
      isClean(o) := true
    ]
  }
  action heatObject(Agent - Checkable a, Location - Checkable l, Receptacle - Checkable r, Obj - Checkable o) {
    preconditions = [
      (heatable(o) and receptacleType(r, microwaveType) and atLocation(a, l) and receptacleAtLocation(r, l) and holds(a, o))
    ]
    effects = [
      isHot(o) := true
      isCool(o) := false
    ]
  }
  action coolObject(Agent - Checkable a, Location - Checkable l, Receptacle - Checkable r, Obj - Checkable o) {
    preconditions = [
      (coolable(o) and receptacleType(r, fridgeType) and atLocation(a, l) and receptacleAtLocation(r, l) and holds(a, o))
    ]
    effects = [
      isCool(o) := true
      isHot(o) := false
    ]
  }
  action toggleObject(Agent - Checkable a, Location - Checkable l, Obj - Checkable o, Receptacle - Checkable r) {
    preconditions = [
      (toggleable(o) and atLocation(a, l) and receptacleAtLocation(r, l) and inReceptacle(o, r))
    ]
    effects = [
      if isOn(o) then isOn(o) := false
      if (not isOn(o)) then isOn(o) := true
      isToggled(o) := true
    ]
  }
  action sliceObject(Agent - Checkable a, Location - Checkable l, Obj - Checkable co, Obj - Checkable ko) {
    preconditions = [
      (sliceable(co) and (objectType(ko, knifeType) or objectType(ko, butterKnifeType)) and atLocation(a, l) and objectAtLocation(co, l) and holds(a, ko))
    ]
    effects = [
      isSliced(co) := true
    ]
  }
  action help(Agent - Checkable a) {
    preconditions = [
    ]
    effects = [
      checked(a) := true
    ]
  }
]

objects = [
  ReceptacleType: [sinkBasinType, microwaveType, fridgeType, laundryHamperType, diningTableType, toiletType, cabinetType, counterTopType, deskType, shelfType, armChairType, bathtubBasinType]
  ObjectType: [knifeType, butterKnifeType, vaseType, bookType, baseballBatType, soapBottleType, pencilType, remoteControlType, plateType, eggType, toiletPaperType]
  Checkable: [agent1, location1, location2, location3, location4, location5, location6, location7, location8, location9, location10, laundryHamper_1, diningTable_2, toilet_3, cabinet_4, diningTable_5, counterTop_6, desk_7, shelf_8, armChair_9, bathtubBasin_10, microwave_11, fridge_12, vase_1, book_2, baseballBat_3, soapBottle_4, pencil_5, remoteControl_6, plate_7, egg_8, toiletPaper_9, plate_10]
  Agent - Checkable: [agent1]
  Location - Checkable: [location1, location2, location3, location4, location5, location6, location7, location8, location9, location10]
  Receptacle - Checkable: [laundryHamper_1, diningTable_2, toilet_3, cabinet_4, diningTable_5, counterTop_6, desk_7, shelf_8, armChair_9, bathtubBasin_10, microwave_11, fridge_12]
  Obj - Checkable: [vase_1, book_2, baseballBat_3, soapBottle_4, pencil_5, remoteControl_6, plate_7, egg_8, toiletPaper_9, plate_10]
]

initial fluents default = [
  bool atLocation[a=Agent - Checkable, l=Location - Checkable] := false
  bool receptacleAtLocation[r=Receptacle - Checkable, l=Location - Checkable] := false
  bool objectAtLocation[o=Obj - Checkable, l=Location - Checkable] := false
  bool openable[r=Receptacle - Checkable] := false
  bool opened[r=Receptacle - Checkable] := false
  bool inReceptacle[o=Obj - Checkable, r=Receptacle - Checkable] := false
  bool isReceptacleObject[o=Obj - Checkable] := false
  bool inReceptacleObject[innerObject=Obj - Checkable, outObject=Obj - Checkable] := false
  bool isReceptacleObjectFull[o=Obj - Checkable] := false
  bool wasInReceptacle[o=Obj - Checkable, r=Receptacle - Checkable] := false
  bool checked[c=Checkable] := false
  bool examined[l=Location - Checkable] := false
  bool receptacleType[r=Receptacle - Checkable, rt=ReceptacleType] := false
  bool canContain[rt=ReceptacleType, ot=ObjectType] := false
  bool objectType[o=Obj - Checkable, t=ObjectType] := false
  bool holds[a=Agent - Checkable, o=Obj - Checkable] := false
  bool holdsAny[a=Agent - Checkable] := false
  bool holdsAnyReceptacleObject[a=Agent - Checkable] := false
  bool full[r=Receptacle - Checkable] := false
  bool isClean[o=Obj - Checkable] := false
  bool cleanable[o=Obj - Checkable] := false
  bool isHot[o=Obj - Checkable] := false
  bool heatable[o=Obj - Checkable] := false
  bool isCool[o=Obj - Checkable] := false
  bool coolable[o=Obj - Checkable] := false
  bool pickupable[o=Obj - Checkable] := false
  bool moveable[o=Obj - Checkable] := false
  bool toggleable[o=Obj - Checkable] := false
  bool isOn[o=Obj - Checkable] := false
  bool isToggled[o=Obj - Checkable] := false
  bool sliceable[o=Obj - Checkable] := false
  bool isSliced[o=Obj - Checkable] := false
]

initial values = [
  receptacleType(laundryHamper_1, laundryHamperType) := true
  receptacleType(diningTable_2, diningTableType) := true
  receptacleType(toilet_3, toiletType) := true
  receptacleType(cabinet_4, cabinetType) := true
  receptacleType(diningTable_5, diningTableType) := true
  receptacleType(counterTop_6, counterTopType) := true
  receptacleType(desk_7, deskType) := true
  receptacleType(shelf_8, shelfType) := true
  receptacleType(armChair_9, armChairType) := true
  receptacleType(bathtubBasin_10, bathtubBasinType) := true
  receptacleType(microwave_11, microwaveType) := true
  receptacleType(fridge_12, fridgeType) := true
  objectType(vase_1, vaseType) := true
  objectType(book_2, bookType) := true
  objectType(baseballBat_3, baseballBatType) := true
  objectType(soapBottle_4, soapBottleType) := true
  objectType(pencil_5, pencilType) := true
  objectType(remoteControl_6, remoteControlType) := true
  objectType(plate_7, plateType) := true
  objectType(egg_8, eggType) := true
  objectType(toiletPaper_9, toiletPaperType) := true
  objectType(plate_10, plateType) := true
  canContain(diningTableType, vaseType) := true
  canContain(diningTableType, bookType) := true
  canContain(diningTableType, baseballBatType) := true
  canContain(diningTableType, soapBottleType) := true
  canContain(diningTableType, pencilType) := true
  canContain(diningTableType, remoteControlType) := true
  canContain(diningTableType, plateType) := true
  canContain(diningTableType, eggType) := true
  canContain(diningTableType, toiletPaperType) := true
  canContain(toiletType, soapBottleType) := true
  canContain(toiletType, toiletPaperType) := true
  canContain(cabinetType, vaseType) := true
  canContain(cabinetType, bookType) := true
  canContain(cabinetType, soapBottleType) := true
  canContain(cabinetType, plateType) := true
  canContain(cabinetType, toiletPaperType) := true
  canContain(counterTopType, vaseType) := true
  canContain(counterTopType, bookType) := true
  canContain(counterTopType, baseballBatType) := true
  canContain(counterTopType, soapBottleType) := true
  canContain(counterTopType, pencilType) := true
  canContain(counterTopType, remoteControlType) := true
  canContain(counterTopType, plateType) := true
  canContain(counterTopType, eggType) := true
  canContain(counterTopType, toiletPaperType) := true
  canContain(deskType, vaseType) := true
  canContain(deskType, bookType) := true
  canContain(deskType, soapBottleType) := true
  canContain(deskType, pencilType) := true
  canContain(deskType, remoteControlType) := true
  canContain(deskType, plateType) := true
  canContain(deskType, toiletPaperType) := true
  canContain(shelfType, vaseType) := true
  canContain(shelfType, bookType) := true
  canContain(shelfType, soapBottleType) := true
  canContain(shelfType, pencilType) := true
  canContain(shelfType, remoteControlType) := true
  canContain(shelfType, plateType) := true
  canContain(shelfType, toiletPaperType) := true
  canContain(armChairType, bookType) := true
  canContain(armChairType, remoteControlType) := true
  canContain(microwaveType, plateType) := true
  canContain(microwaveType, eggType) := true
  canContain(fridgeType, plateType) := true
  canContain(fridgeType, eggType) := true
  pickupable(vase_1) := true
  pickupable(book_2) := true
  pickupable(baseballBat_3) := true
  pickupable(soapBottle_4) := true
  pickupable(pencil_5) := true
  pickupable(remoteControl_6) := true
  pickupable(plate_7) := true
  isReceptacleObject(plate_7) := true
  cleanable(plate_7) := true
  heatable(plate_7) := true
  coolable(plate_7) := true
  pickupable(egg_8) := true
  cleanable(egg_8) := true
  heatable(egg_8) := true
  coolable(egg_8) := true
  sliceable(egg_8) := true
  pickupable(toiletPaper_9) := true
  pickupable(plate_10) := true
  isReceptacleObject(plate_10) := true
  cleanable(plate_10) := true
  heatable(plate_10) := true
  coolable(plate_10) := true
  receptacleAtLocation(laundryHamper_1, location5) := true
  receptacleAtLocation(diningTable_2, location10) := true
  receptacleAtLocation(toilet_3, location6) := true
  receptacleAtLocation(cabinet_4, location8) := true
  receptacleAtLocation(diningTable_5, location6) := true
  receptacleAtLocation(counterTop_6, location5) := true
  receptacleAtLocation(desk_7, location4) := true
  receptacleAtLocation(shelf_8, location9) := true
  receptacleAtLocation(armChair_9, location7) := true
  receptacleAtLocation(bathtubBasin_10, location1) := true
  receptacleAtLocation(microwave_11, location2) := true
  receptacleAtLocation(fridge_12, location2) := true
  inReceptacle(vase_1, diningTable_2) := true
  inReceptacle(book_2, diningTable_2) := true
  inReceptacle(baseballBat_3, diningTable_2) := true
  inReceptacle(soapBottle_4, toilet_3) := true
  inReceptacle(pencil_5, desk_7) := true
  inReceptacle(remoteControl_6, desk_7) := true
  inReceptacle(plate_7, counterTop_6) := true
  inReceptacle(egg_8, diningTable_2) := true
  inReceptacle(toiletPaper_9, cabinet_4) := true
  inReceptacle(plate_10, cabinet_4) := true
  objectAtLocation(vase_1, location10) := true
  objectAtLocation(book_2, location10) := true
  objectAtLocation(baseballBat_3, location10) := true
  objectAtLocation(soapBottle_4, location6) := true
  objectAtLocation(pencil_5, location4) := true
  objectAtLocation(remoteControl_6, location4) := true
  objectAtLocation(plate_7, location5) := true
  objectAtLocation(egg_8, location10) := true
  objectAtLocation(toiletPaper_9, location8) := true
  objectAtLocation(plate_10, location8) := true
  atLocation(agent1, location6) := true
]

goals = [
  Exists (Receptacle - Checkable r) Exists (Obj - Checkable o) (coolable(o) and objectType(o, eggType) and receptacleType(r, fridgeType) and isCool(o) and inReceptacle(o, r))
]

quality metrics = [
  minimize sequential-plan-length
]


2025-06-17 11:18:44,817 - INFO - Generating plan for unconstrained problem

2025-06-17 11:18:45,257 - INFO - Unconstrained plan generation time: 0.44019246101379395

2025-06-17 11:18:45,257 - INFO - Unconstrained plan and cost: 
2025-06-17 11:18:45,258 - INFO - SequentialPlan:
    goToLocation(agent1, location6, location10)
    pickupObject(agent1, location10, egg_8, diningTable_2)
    goToLocation(agent1, location10, location2)
    coolObject(agent1, location2, fridge_12, egg_8)
    putObject(agent1, location2, egg_8, fridge_12, eggType, fridgeType)
2025-06-17 11:18:45,258 - INFO - 5
2025-06-17 11:18:45,564 - INFO - Sampled constraints:

2025-06-17 11:18:45,564 - INFO - Sometime(atLocation(agent1, location2))
2025-06-17 11:18:45,564 - INFO - Sometime-Before(atLocation(agent1, location2), (atLocation(agent1, location1) or checked(toiletPaper_9)))
2025-06-17 11:18:45,564 - INFO - 
2025-06-17 11:18:45,564 - INFO - Generation time: 0.3059806823730469

2025-06-17 11:18:45,565 - INFO - Generating plan for constrained problem (with LiftedTCORE).

2025-06-17 11:18:45,623 - INFO - LiftedTCORE compilation time: 0.05772566795349121

2025-06-17 11:18:46,157 - INFO - Planning Time with LiftedTCORE's file: 0.5341184139251709

2025-06-17 11:18:46,157 - INFO - Plan found with LiftedTCORE + sym_bd: SequentialPlan:
    goToLocation(agent1, location6, location10)
    pickupObject(agent1, location10, egg_8, diningTable_2)
    goToLocation(agent1, location10, location1)
    goToLocation(agent1, location1, location2)
    coolObject(agent1, location2, fridge_12, egg_8)
    putObject(agent1, location2, egg_8, fridge_12, eggType, fridgeType)
2025-06-17 11:18:46,158 - INFO - Seed: 152 is solvable

2025-06-17 11:18:46,158 - INFO - Unconstrained cost: 5
2025-06-17 11:18:46,158 - INFO - Constrained cost: 6
2025-06-17 11:18:46,158 - INFO - Seed: 152 Plan simulation is feasible
2025-06-17 11:18:46,158 - INFO - 
Seed: 152 
 Plan: [goToLocation(agent1, location6, location10), pickupObject(agent1, location10, egg_8, diningTable_2), goToLocation(agent1, location10, location1), goToLocation(agent1, location1, location2), coolObject(agent1, location2, fridge_12, egg_8), putObject(agent1, location2, egg_8, fridge_12, eggType, fridgeType)]  
 Cost: 6

