2025-06-17 09:53:11,347 - INFO - 
================= Seed: 254 =================

2025-06-17 09:53:11,359 - INFO - problem name = alfred

types = [ReceptacleType, ObjectType, Checkable, Agent - Checkable, Location - Checkable, Receptacle - Checkable, Obj - Checkable]

fluents = [
  bool atLocation[a=Agent - Checkable, l=Location - Checkable]
  bool receptacleAtLocation[r=Receptacle - Checkable, l=Location - Checkable]
  bool objectAtLocation[o=Obj - Checkable, l=Location - Checkable]
  bool openable[r=Receptacle - Checkable]
  bool opened[r=Receptacle - Checkable]
  bool inReceptacle[o=Obj - Checkable, r=Receptacle - Checkable]
  bool isReceptacleObject[o=Obj - Checkable]
  bool inReceptacleObject[innerObject=Obj - Checkable, outObject=Obj - Checkable]
  bool isReceptacleObjectFull[o=Obj - Checkable]
  bool wasInReceptacle[o=Obj - Checkable, r=Receptacle - Checkable]
  bool checked[c=Checkable]
  bool examined[l=Location - Checkable]
  bool receptacleType[r=Receptacle - Checkable, rt=ReceptacleType]
  bool canContain[rt=ReceptacleType, ot=ObjectType]
  bool objectType[o=Obj - Checkable, t=ObjectType]
  bool holds[a=Agent - Checkable, o=Obj - Checkable]
  bool holdsAny[a=Agent - Checkable]
  bool holdsAnyReceptacleObject[a=Agent - Checkable]
  bool full[r=Receptacle - Checkable]
  bool isClean[o=Obj - Checkable]
  bool cleanable[o=Obj - Checkable]
  bool isHot[o=Obj - Checkable]
  bool heatable[o=Obj - Checkable]
  bool isCool[o=Obj - Checkable]
  bool coolable[o=Obj - Checkable]
  bool pickupable[o=Obj - Checkable]
  bool moveable[o=Obj - Checkable]
  bool toggleable[o=Obj - Checkable]
  bool isOn[o=Obj - Checkable]
  bool isToggled[o=Obj - Checkable]
  bool sliceable[o=Obj - Checkable]
  bool isSliced[o=Obj - Checkable]
]

actions = [
  action look(Agent - Checkable a, Location - Checkable l) {
    preconditions = [
      atLocation(a, l)
    ]
    effects = [
      checked(l) := true
    ]
  }
  action inventory(Agent - Checkable a) {
    preconditions = [
    ]
    effects = [
      checked(a) := true
    ]
  }
  action examineReceptacle(Agent - Checkable a, Receptacle - Checkable r) {
    preconditions = [
      Exists (Location - Checkable l) (atLocation(a, l) and receptacleAtLocation(r, l))
    ]
    effects = [
      checked(r) := true
    ]
  }
  action examineObject(Agent - Checkable a, Obj - Checkable o) {
    preconditions = [
      (Exists (Location - Checkable l) Exists (Receptacle - Checkable r) (atLocation(a, l) and receptacleAtLocation(r, l) and inReceptacle(o, r) and ((not openable(r)) or opened(r))) or holds(a, o))
    ]
    effects = [
      checked(o) := true
    ]
  }
  action goToLocation(Agent - Checkable a, Location - Checkable lstart, Location - Checkable lend) {
    preconditions = [
      atLocation(a, lstart)
    ]
    effects = [
      atLocation(a, lstart) := false
      atLocation(a, lend) := true
    ]
  }
  action openObject(Agent - Checkable a, Location - Checkable l, Receptacle - Checkable r) {
    preconditions = [
      (openable(r) and atLocation(a, l) and receptacleAtLocation(r, l) and (not opened(r)))
    ]
    effects = [
      opened(r) := true
      checked(r) := true
    ]
  }
  action closeObject(Agent - Checkable a, Location - Checkable l, Receptacle - Checkable r) {
    preconditions = [
      (openable(r) and atLocation(a, l) and receptacleAtLocation(r, l) and opened(r))
    ]
    effects = [
      opened(r) := false
    ]
  }
  action pickupObject(Agent - Checkable a, Location - Checkable l, Obj - Checkable o, Receptacle - Checkable r) {
    preconditions = [
      (pickupable(o) and atLocation(a, l) and receptacleAtLocation(r, l) and inReceptacle(o, r) and (not holdsAny(a)) and ((not openable(r)) or opened(r)))
    ]
    effects = [
      inReceptacle(o, r) := false
      holds(a, o) := true
      holdsAny(a) := true
      objectAtLocation(o, l) := false
    ]
  }
  action putObject(Agent - Checkable a, Location - Checkable l, Obj - Checkable o, Receptacle - Checkable r, ObjectType ot, ReceptacleType rt) {
    preconditions = [
      (holds(a, o) and atLocation(a, l) and receptacleAtLocation(r, l) and ((not openable(r)) or opened(r)) and objectType(o, ot) and receptacleType(r, rt) and canContain(rt, ot))
    ]
    effects = [
      inReceptacle(o, r) := true
      objectAtLocation(o, l) := true
      holds(a, o) := false
      holdsAny(a) := false
    ]
  }
  action cleanObject(Agent - Checkable a, Location - Checkable l, Receptacle - Checkable r, Obj - Checkable o) {
    preconditions = [
      (cleanable(o) and receptacleType(r, sinkBasinType) and atLocation(a, l) and receptacleAtLocation(r, l) and holds(a, o))
    ]
    effects = [
      isClean(o) := true
    ]
  }
  action heatObject(Agent - Checkable a, Location - Checkable l, Receptacle - Checkable r, Obj - Checkable o) {
    preconditions = [
      (heatable(o) and receptacleType(r, microwaveType) and atLocation(a, l) and receptacleAtLocation(r, l) and holds(a, o))
    ]
    effects = [
      isHot(o) := true
      isCool(o) := false
    ]
  }
  action coolObject(Agent - Checkable a, Location - Checkable l, Receptacle - Checkable r, Obj - Checkable o) {
    preconditions = [
      (coolable(o) and receptacleType(r, fridgeType) and atLocation(a, l) and receptacleAtLocation(r, l) and holds(a, o))
    ]
    effects = [
      isCool(o) := true
      isHot(o) := false
    ]
  }
  action toggleObject(Agent - Checkable a, Location - Checkable l, Obj - Checkable o, Receptacle - Checkable r) {
    preconditions = [
      (toggleable(o) and atLocation(a, l) and receptacleAtLocation(r, l) and inReceptacle(o, r))
    ]
    effects = [
      if isOn(o) then isOn(o) := false
      if (not isOn(o)) then isOn(o) := true
      isToggled(o) := true
    ]
  }
  action sliceObject(Agent - Checkable a, Location - Checkable l, Obj - Checkable co, Obj - Checkable ko) {
    preconditions = [
      (sliceable(co) and (objectType(ko, knifeType) or objectType(ko, butterKnifeType)) and atLocation(a, l) and objectAtLocation(co, l) and holds(a, ko))
    ]
    effects = [
      isSliced(co) := true
    ]
  }
  action help(Agent - Checkable a) {
    preconditions = [
    ]
    effects = [
      checked(a) := true
    ]
  }
]

objects = [
  ReceptacleType: [sinkBasinType, microwaveType, fridgeType, stoveBurnerType, towelHolderType, garbageCanType, coffeeTableType, sofaType, counterTopType, bathtubBasinType, ottomanType]
  ObjectType: [knifeType, butterKnifeType, potType, cupType, potatoType, creditCardType, tomatoType, kettleType, pencilType, breadType, soapBottleType, bowlType]
  Checkable: [agent1, location1, location2, location3, location4, location5, location6, location7, location8, location9, location10, stoveBurner_1, towelHolder_2, garbageCan_3, coffeeTable_4, sofa_5, microwave_6, counterTop_7, bathtubBasin_8, ottoman_9, towelHolder_10, pot_1, cup_2, potato_3, creditCard_4, tomato_5, kettle_6, pencil_7, bread_8, soapBottle_9, bowl_10]
  Agent - Checkable: [agent1]
  Location - Checkable: [location1, location2, location3, location4, location5, location6, location7, location8, location9, location10]
  Receptacle - Checkable: [stoveBurner_1, towelHolder_2, garbageCan_3, coffeeTable_4, sofa_5, microwave_6, counterTop_7, bathtubBasin_8, ottoman_9, towelHolder_10]
  Obj - Checkable: [pot_1, cup_2, potato_3, creditCard_4, tomato_5, kettle_6, pencil_7, bread_8, soapBottle_9, bowl_10]
]

initial fluents default = [
  bool atLocation[a=Agent - Checkable, l=Location - Checkable] := false
  bool receptacleAtLocation[r=Receptacle - Checkable, l=Location - Checkable] := false
  bool objectAtLocation[o=Obj - Checkable, l=Location - Checkable] := false
  bool openable[r=Receptacle - Checkable] := false
  bool opened[r=Receptacle - Checkable] := false
  bool inReceptacle[o=Obj - Checkable, r=Receptacle - Checkable] := false
  bool isReceptacleObject[o=Obj - Checkable] := false
  bool inReceptacleObject[innerObject=Obj - Checkable, outObject=Obj - Checkable] := false
  bool isReceptacleObjectFull[o=Obj - Checkable] := false
  bool wasInReceptacle[o=Obj - Checkable, r=Receptacle - Checkable] := false
  bool checked[c=Checkable] := false
  bool examined[l=Location - Checkable] := false
  bool receptacleType[r=Receptacle - Checkable, rt=ReceptacleType] := false
  bool canContain[rt=ReceptacleType, ot=ObjectType] := false
  bool objectType[o=Obj - Checkable, t=ObjectType] := false
  bool holds[a=Agent - Checkable, o=Obj - Checkable] := false
  bool holdsAny[a=Agent - Checkable] := false
  bool holdsAnyReceptacleObject[a=Agent - Checkable] := false
  bool full[r=Receptacle - Checkable] := false
  bool isClean[o=Obj - Checkable] := false
  bool cleanable[o=Obj - Checkable] := false
  bool isHot[o=Obj - Checkable] := false
  bool heatable[o=Obj - Checkable] := false
  bool isCool[o=Obj - Checkable] := false
  bool coolable[o=Obj - Checkable] := false
  bool pickupable[o=Obj - Checkable] := false
  bool moveable[o=Obj - Checkable] := false
  bool toggleable[o=Obj - Checkable] := false
  bool isOn[o=Obj - Checkable] := false
  bool isToggled[o=Obj - Checkable] := false
  bool sliceable[o=Obj - Checkable] := false
  bool isSliced[o=Obj - Checkable] := false
]

initial values = [
  receptacleType(stoveBurner_1, stoveBurnerType) := true
  receptacleType(towelHolder_2, towelHolderType) := true
  receptacleType(garbageCan_3, garbageCanType) := true
  receptacleType(coffeeTable_4, coffeeTableType) := true
  receptacleType(sofa_5, sofaType) := true
  receptacleType(microwave_6, microwaveType) := true
  receptacleType(counterTop_7, counterTopType) := true
  receptacleType(bathtubBasin_8, bathtubBasinType) := true
  receptacleType(ottoman_9, ottomanType) := true
  receptacleType(towelHolder_10, towelHolderType) := true
  objectType(pot_1, potType) := true
  objectType(cup_2, cupType) := true
  objectType(potato_3, potatoType) := true
  objectType(creditCard_4, creditCardType) := true
  objectType(tomato_5, tomatoType) := true
  objectType(kettle_6, kettleType) := true
  objectType(pencil_7, pencilType) := true
  objectType(bread_8, breadType) := true
  objectType(soapBottle_9, soapBottleType) := true
  objectType(bowl_10, bowlType) := true
  canContain(stoveBurnerType, potType) := true
  canContain(stoveBurnerType, kettleType) := true
  canContain(garbageCanType, potatoType) := true
  canContain(garbageCanType, tomatoType) := true
  canContain(garbageCanType, pencilType) := true
  canContain(garbageCanType, breadType) := true
  canContain(garbageCanType, soapBottleType) := true
  canContain(coffeeTableType, potType) := true
  canContain(coffeeTableType, cupType) := true
  canContain(coffeeTableType, potatoType) := true
  canContain(coffeeTableType, creditCardType) := true
  canContain(coffeeTableType, tomatoType) := true
  canContain(coffeeTableType, kettleType) := true
  canContain(coffeeTableType, pencilType) := true
  canContain(coffeeTableType, breadType) := true
  canContain(coffeeTableType, soapBottleType) := true
  canContain(coffeeTableType, bowlType) := true
  canContain(sofaType, creditCardType) := true
  canContain(microwaveType, cupType) := true
  canContain(microwaveType, potatoType) := true
  canContain(microwaveType, tomatoType) := true
  canContain(microwaveType, breadType) := true
  canContain(microwaveType, bowlType) := true
  canContain(counterTopType, potType) := true
  canContain(counterTopType, cupType) := true
  canContain(counterTopType, potatoType) := true
  canContain(counterTopType, creditCardType) := true
  canContain(counterTopType, tomatoType) := true
  canContain(counterTopType, kettleType) := true
  canContain(counterTopType, pencilType) := true
  canContain(counterTopType, breadType) := true
  canContain(counterTopType, soapBottleType) := true
  canContain(counterTopType, bowlType) := true
  canContain(ottomanType, creditCardType) := true
  pickupable(pot_1) := true
  isReceptacleObject(pot_1) := true
  cleanable(pot_1) := true
  coolable(pot_1) := true
  pickupable(cup_2) := true
  isReceptacleObject(cup_2) := true
  cleanable(cup_2) := true
  heatable(cup_2) := true
  coolable(cup_2) := true
  pickupable(potato_3) := true
  cleanable(potato_3) := true
  heatable(potato_3) := true
  coolable(potato_3) := true
  sliceable(potato_3) := true
  pickupable(creditCard_4) := true
  pickupable(tomato_5) := true
  cleanable(tomato_5) := true
  heatable(tomato_5) := true
  coolable(tomato_5) := true
  sliceable(tomato_5) := true
  pickupable(kettle_6) := true
  cleanable(kettle_6) := true
  pickupable(pencil_7) := true
  pickupable(bread_8) := true
  heatable(bread_8) := true
  coolable(bread_8) := true
  sliceable(bread_8) := true
  pickupable(soapBottle_9) := true
  pickupable(bowl_10) := true
  isReceptacleObject(bowl_10) := true
  cleanable(bowl_10) := true
  coolable(bowl_10) := true
  receptacleAtLocation(stoveBurner_1, location6) := true
  receptacleAtLocation(towelHolder_2, location9) := true
  receptacleAtLocation(garbageCan_3, location1) := true
  receptacleAtLocation(coffeeTable_4, location1) := true
  receptacleAtLocation(sofa_5, location7) := true
  receptacleAtLocation(microwave_6, location2) := true
  receptacleAtLocation(counterTop_7, location7) := true
  receptacleAtLocation(bathtubBasin_8, location2) := true
  receptacleAtLocation(ottoman_9, location6) := true
  receptacleAtLocation(towelHolder_10, location5) := true
  inReceptacle(pot_1, counterTop_7) := true
  inReceptacle(cup_2, coffeeTable_4) := true
  inReceptacle(potato_3, microwave_6) := true
  inReceptacle(creditCard_4, ottoman_9) := true
  inReceptacle(bread_8, garbageCan_3) := true
  inReceptacle(soapBottle_9, garbageCan_3) := true
  inReceptacle(bowl_10, microwave_6) := true
  objectAtLocation(pot_1, location7) := true
  objectAtLocation(cup_2, location1) := true
  objectAtLocation(potato_3, location2) := true
  objectAtLocation(creditCard_4, location6) := true
  objectAtLocation(tomato_5, location9) := true
  objectAtLocation(kettle_6, location10) := true
  objectAtLocation(pencil_7, location9) := true
  objectAtLocation(bread_8, location1) := true
  objectAtLocation(soapBottle_9, location1) := true
  objectAtLocation(bowl_10, location2) := true
  atLocation(agent1, location8) := true
]

goals = [
  Exists (Receptacle - Checkable r) Exists (Obj - Checkable o) (inReceptacle(o, r) and objectType(o, potType) and receptacleType(r, stoveBurnerType))
]

quality metrics = [
  minimize sequential-plan-length
]


2025-06-17 09:53:11,363 - INFO - Generating plan for unconstrained problem

2025-06-17 09:53:11,853 - INFO - Unconstrained plan generation time: 0.4903678894042969

2025-06-17 09:53:11,854 - INFO - Unconstrained plan and cost: 
2025-06-17 09:53:11,854 - INFO - SequentialPlan:
    goToLocation(agent1, location8, location7)
    pickupObject(agent1, location7, pot_1, counterTop_7)
    goToLocation(agent1, location7, location6)
    putObject(agent1, location6, pot_1, stoveBurner_1, potType, stoveBurnerType)
2025-06-17 09:53:11,854 - INFO - 4
2025-06-17 09:53:12,205 - INFO - Sampled constraints:

2025-06-17 09:53:12,206 - INFO - Sometime(atLocation(agent1, location9))
2025-06-17 09:53:12,206 - INFO - 
2025-06-17 09:53:12,206 - INFO - Generation time: 0.35144472122192383

2025-06-17 09:53:12,214 - INFO - Generating plan for constrained problem (with LiftedTCORE).

2025-06-17 09:53:12,253 - INFO - LiftedTCORE compilation time: 0.03939962387084961

2025-06-17 09:53:12,752 - INFO - Planning Time with LiftedTCORE's file: 0.49074792861938477

2025-06-17 09:53:12,752 - INFO - Plan found with LiftedTCORE + sym_bd: SequentialPlan:
    goToLocation(agent1, location8, location7)
    pickupObject(agent1, location7, pot_1, counterTop_7)
    goToLocation(agent1, location7, location6)
    putObject(agent1, location6, pot_1, stoveBurner_1, potType, stoveBurnerType)
    goToLocation(agent1, location6, location9)
2025-06-17 09:53:12,752 - INFO - Seed: 254 is solvable

2025-06-17 09:53:12,752 - INFO - Unconstrained cost: 4
2025-06-17 09:53:12,752 - INFO - Constrained cost: 5
2025-06-17 09:53:12,752 - INFO - Seed: 254 Plan simulation is feasible
2025-06-17 09:53:12,753 - INFO - 
Seed: 254 
 Plan: [goToLocation(agent1, location8, location7), pickupObject(agent1, location7, pot_1, counterTop_7), goToLocation(agent1, location7, location6), putObject(agent1, location6, pot_1, stoveBurner_1, potType, stoveBurnerType), goToLocation(agent1, location6, location9)]  
 Cost: 5

