2025-06-17 10:24:07,364 - INFO - 
================= Seed: 946 =================

2025-06-17 10:24:07,369 - INFO - problem name = alfred

types = [ReceptacleType, ObjectType, Checkable, Agent - Checkable, Location - Checkable, Receptacle - Checkable, Obj - Checkable]

fluents = [
  bool atLocation[a=Agent - Checkable, l=Location - Checkable]
  bool receptacleAtLocation[r=Receptacle - Checkable, l=Location - Checkable]
  bool objectAtLocation[o=Obj - Checkable, l=Location - Checkable]
  bool openable[r=Receptacle - Checkable]
  bool opened[r=Receptacle - Checkable]
  bool inReceptacle[o=Obj - Checkable, r=Receptacle - Checkable]
  bool isReceptacleObject[o=Obj - Checkable]
  bool inReceptacleObject[innerObject=Obj - Checkable, outObject=Obj - Checkable]
  bool isReceptacleObjectFull[o=Obj - Checkable]
  bool wasInReceptacle[o=Obj - Checkable, r=Receptacle - Checkable]
  bool checked[c=Checkable]
  bool examined[l=Location - Checkable]
  bool receptacleType[r=Receptacle - Checkable, rt=ReceptacleType]
  bool canContain[rt=ReceptacleType, ot=ObjectType]
  bool objectType[o=Obj - Checkable, t=ObjectType]
  bool holds[a=Agent - Checkable, o=Obj - Checkable]
  bool holdsAny[a=Agent - Checkable]
  bool holdsAnyReceptacleObject[a=Agent - Checkable]
  bool full[r=Receptacle - Checkable]
  bool isClean[o=Obj - Checkable]
  bool cleanable[o=Obj - Checkable]
  bool isHot[o=Obj - Checkable]
  bool heatable[o=Obj - Checkable]
  bool isCool[o=Obj - Checkable]
  bool coolable[o=Obj - Checkable]
  bool pickupable[o=Obj - Checkable]
  bool moveable[o=Obj - Checkable]
  bool toggleable[o=Obj - Checkable]
  bool isOn[o=Obj - Checkable]
  bool isToggled[o=Obj - Checkable]
  bool sliceable[o=Obj - Checkable]
  bool isSliced[o=Obj - Checkable]
]

actions = [
  action look(Agent - Checkable a, Location - Checkable l) {
    preconditions = [
      atLocation(a, l)
    ]
    effects = [
      checked(l) := true
    ]
  }
  action inventory(Agent - Checkable a) {
    preconditions = [
    ]
    effects = [
      checked(a) := true
    ]
  }
  action examineReceptacle(Agent - Checkable a, Receptacle - Checkable r) {
    preconditions = [
      Exists (Location - Checkable l) (atLocation(a, l) and receptacleAtLocation(r, l))
    ]
    effects = [
      checked(r) := true
    ]
  }
  action examineObject(Agent - Checkable a, Obj - Checkable o) {
    preconditions = [
      (Exists (Location - Checkable l) Exists (Receptacle - Checkable r) (atLocation(a, l) and receptacleAtLocation(r, l) and inReceptacle(o, r) and ((not openable(r)) or opened(r))) or holds(a, o))
    ]
    effects = [
      checked(o) := true
    ]
  }
  action goToLocation(Agent - Checkable a, Location - Checkable lstart, Location - Checkable lend) {
    preconditions = [
      atLocation(a, lstart)
    ]
    effects = [
      atLocation(a, lstart) := false
      atLocation(a, lend) := true
    ]
  }
  action openObject(Agent - Checkable a, Location - Checkable l, Receptacle - Checkable r) {
    preconditions = [
      (openable(r) and atLocation(a, l) and receptacleAtLocation(r, l) and (not opened(r)))
    ]
    effects = [
      opened(r) := true
      checked(r) := true
    ]
  }
  action closeObject(Agent - Checkable a, Location - Checkable l, Receptacle - Checkable r) {
    preconditions = [
      (openable(r) and atLocation(a, l) and receptacleAtLocation(r, l) and opened(r))
    ]
    effects = [
      opened(r) := false
    ]
  }
  action pickupObject(Agent - Checkable a, Location - Checkable l, Obj - Checkable o, Receptacle - Checkable r) {
    preconditions = [
      (pickupable(o) and atLocation(a, l) and receptacleAtLocation(r, l) and inReceptacle(o, r) and (not holdsAny(a)) and ((not openable(r)) or opened(r)))
    ]
    effects = [
      inReceptacle(o, r) := false
      holds(a, o) := true
      holdsAny(a) := true
      objectAtLocation(o, l) := false
    ]
  }
  action putObject(Agent - Checkable a, Location - Checkable l, Obj - Checkable o, Receptacle - Checkable r, ObjectType ot, ReceptacleType rt) {
    preconditions = [
      (holds(a, o) and atLocation(a, l) and receptacleAtLocation(r, l) and ((not openable(r)) or opened(r)) and objectType(o, ot) and receptacleType(r, rt) and canContain(rt, ot))
    ]
    effects = [
      inReceptacle(o, r) := true
      objectAtLocation(o, l) := true
      holds(a, o) := false
      holdsAny(a) := false
    ]
  }
  action cleanObject(Agent - Checkable a, Location - Checkable l, Receptacle - Checkable r, Obj - Checkable o) {
    preconditions = [
      (cleanable(o) and receptacleType(r, sinkBasinType) and atLocation(a, l) and receptacleAtLocation(r, l) and holds(a, o))
    ]
    effects = [
      isClean(o) := true
    ]
  }
  action heatObject(Agent - Checkable a, Location - Checkable l, Receptacle - Checkable r, Obj - Checkable o) {
    preconditions = [
      (heatable(o) and receptacleType(r, microwaveType) and atLocation(a, l) and receptacleAtLocation(r, l) and holds(a, o))
    ]
    effects = [
      isHot(o) := true
      isCool(o) := false
    ]
  }
  action coolObject(Agent - Checkable a, Location - Checkable l, Receptacle - Checkable r, Obj - Checkable o) {
    preconditions = [
      (coolable(o) and receptacleType(r, fridgeType) and atLocation(a, l) and receptacleAtLocation(r, l) and holds(a, o))
    ]
    effects = [
      isCool(o) := true
      isHot(o) := false
    ]
  }
  action toggleObject(Agent - Checkable a, Location - Checkable l, Obj - Checkable o, Receptacle - Checkable r) {
    preconditions = [
      (toggleable(o) and atLocation(a, l) and receptacleAtLocation(r, l) and inReceptacle(o, r))
    ]
    effects = [
      if isOn(o) then isOn(o) := false
      if (not isOn(o)) then isOn(o) := true
      isToggled(o) := true
    ]
  }
  action sliceObject(Agent - Checkable a, Location - Checkable l, Obj - Checkable co, Obj - Checkable ko) {
    preconditions = [
      (sliceable(co) and (objectType(ko, knifeType) or objectType(ko, butterKnifeType)) and atLocation(a, l) and objectAtLocation(co, l) and holds(a, ko))
    ]
    effects = [
      isSliced(co) := true
    ]
  }
  action help(Agent - Checkable a) {
    preconditions = [
    ]
    effects = [
      checked(a) := true
    ]
  }
]

objects = [
  ReceptacleType: [sinkBasinType, microwaveType, fridgeType, drawerType, ottomanType, toiletType, laundryHamperType, garbageCanType, toiletPaperHangerType, handTowelHolderType, coffeeMachineType, cartType]
  ObjectType: [knifeType, butterKnifeType, pepperShakerType, candleType, plungerType, eggType, ladleType, watchType, bookType, bowlType]
  Checkable: [agent1, location1, location2, location3, location4, location5, location6, location7, location8, location9, location10, drawer_1, ottoman_2, toilet_3, laundryHamper_4, garbageCan_5, toiletPaperHanger_6, handTowelHolder_7, microwave_8, coffeeMachine_9, cart_10, pepperShaker_1, candle_2, knife_3, plunger_4, egg_5, ladle_6, watch_7, book_8, bowl_9, bowl_10]
  Agent - Checkable: [agent1]
  Location - Checkable: [location1, location2, location3, location4, location5, location6, location7, location8, location9, location10]
  Receptacle - Checkable: [drawer_1, ottoman_2, toilet_3, laundryHamper_4, garbageCan_5, toiletPaperHanger_6, handTowelHolder_7, microwave_8, coffeeMachine_9, cart_10]
  Obj - Checkable: [pepperShaker_1, candle_2, knife_3, plunger_4, egg_5, ladle_6, watch_7, book_8, bowl_9, bowl_10]
]

initial fluents default = [
  bool atLocation[a=Agent - Checkable, l=Location - Checkable] := false
  bool receptacleAtLocation[r=Receptacle - Checkable, l=Location - Checkable] := false
  bool objectAtLocation[o=Obj - Checkable, l=Location - Checkable] := false
  bool openable[r=Receptacle - Checkable] := false
  bool opened[r=Receptacle - Checkable] := false
  bool inReceptacle[o=Obj - Checkable, r=Receptacle - Checkable] := false
  bool isReceptacleObject[o=Obj - Checkable] := false
  bool inReceptacleObject[innerObject=Obj - Checkable, outObject=Obj - Checkable] := false
  bool isReceptacleObjectFull[o=Obj - Checkable] := false
  bool wasInReceptacle[o=Obj - Checkable, r=Receptacle - Checkable] := false
  bool checked[c=Checkable] := false
  bool examined[l=Location - Checkable] := false
  bool receptacleType[r=Receptacle - Checkable, rt=ReceptacleType] := false
  bool canContain[rt=ReceptacleType, ot=ObjectType] := false
  bool objectType[o=Obj - Checkable, t=ObjectType] := false
  bool holds[a=Agent - Checkable, o=Obj - Checkable] := false
  bool holdsAny[a=Agent - Checkable] := false
  bool holdsAnyReceptacleObject[a=Agent - Checkable] := false
  bool full[r=Receptacle - Checkable] := false
  bool isClean[o=Obj - Checkable] := false
  bool cleanable[o=Obj - Checkable] := false
  bool isHot[o=Obj - Checkable] := false
  bool heatable[o=Obj - Checkable] := false
  bool isCool[o=Obj - Checkable] := false
  bool coolable[o=Obj - Checkable] := false
  bool pickupable[o=Obj - Checkable] := false
  bool moveable[o=Obj - Checkable] := false
  bool toggleable[o=Obj - Checkable] := false
  bool isOn[o=Obj - Checkable] := false
  bool isToggled[o=Obj - Checkable] := false
  bool sliceable[o=Obj - Checkable] := false
  bool isSliced[o=Obj - Checkable] := false
]

initial values = [
  receptacleType(drawer_1, drawerType) := true
  receptacleType(ottoman_2, ottomanType) := true
  receptacleType(toilet_3, toiletType) := true
  receptacleType(laundryHamper_4, laundryHamperType) := true
  receptacleType(garbageCan_5, garbageCanType) := true
  receptacleType(toiletPaperHanger_6, toiletPaperHangerType) := true
  receptacleType(handTowelHolder_7, handTowelHolderType) := true
  receptacleType(microwave_8, microwaveType) := true
  receptacleType(coffeeMachine_9, coffeeMachineType) := true
  receptacleType(cart_10, cartType) := true
  objectType(pepperShaker_1, pepperShakerType) := true
  objectType(candle_2, candleType) := true
  objectType(knife_3, knifeType) := true
  objectType(plunger_4, plungerType) := true
  objectType(egg_5, eggType) := true
  objectType(ladle_6, ladleType) := true
  objectType(watch_7, watchType) := true
  objectType(book_8, bookType) := true
  objectType(bowl_9, bowlType) := true
  objectType(bowl_10, bowlType) := true
  canContain(drawerType, pepperShakerType) := true
  canContain(drawerType, candleType) := true
  canContain(drawerType, knifeType) := true
  canContain(drawerType, ladleType) := true
  canContain(drawerType, watchType) := true
  canContain(drawerType, bookType) := true
  canContain(ottomanType, bookType) := true
  canContain(toiletType, candleType) := true
  canContain(garbageCanType, eggType) := true
  canContain(microwaveType, eggType) := true
  canContain(microwaveType, bowlType) := true
  canContain(cartType, candleType) := true
  canContain(cartType, plungerType) := true
  pickupable(pepperShaker_1) := true
  pickupable(candle_2) := true
  pickupable(knife_3) := true
  cleanable(knife_3) := true
  pickupable(plunger_4) := true
  pickupable(egg_5) := true
  cleanable(egg_5) := true
  heatable(egg_5) := true
  coolable(egg_5) := true
  sliceable(egg_5) := true
  pickupable(ladle_6) := true
  cleanable(ladle_6) := true
  pickupable(watch_7) := true
  pickupable(book_8) := true
  pickupable(bowl_9) := true
  isReceptacleObject(bowl_9) := true
  cleanable(bowl_9) := true
  coolable(bowl_9) := true
  pickupable(bowl_10) := true
  isReceptacleObject(bowl_10) := true
  cleanable(bowl_10) := true
  coolable(bowl_10) := true
  receptacleAtLocation(drawer_1, location10) := true
  receptacleAtLocation(ottoman_2, location9) := true
  receptacleAtLocation(toilet_3, location4) := true
  receptacleAtLocation(laundryHamper_4, location8) := true
  receptacleAtLocation(garbageCan_5, location5) := true
  receptacleAtLocation(toiletPaperHanger_6, location9) := true
  receptacleAtLocation(handTowelHolder_7, location3) := true
  receptacleAtLocation(microwave_8, location6) := true
  receptacleAtLocation(coffeeMachine_9, location7) := true
  receptacleAtLocation(cart_10, location6) := true
  inReceptacle(book_8, ottoman_2) := true
  inReceptacle(bowl_9, microwave_8) := true
  objectAtLocation(pepperShaker_1, location7) := true
  objectAtLocation(candle_2, location10) := true
  objectAtLocation(knife_3, location3) := true
  objectAtLocation(plunger_4, location2) := true
  objectAtLocation(egg_5, location1) := true
  objectAtLocation(ladle_6, location9) := true
  objectAtLocation(watch_7, location1) := true
  objectAtLocation(book_8, location9) := true
  objectAtLocation(bowl_9, location6) := true
  objectAtLocation(bowl_10, location5) := true
  atLocation(agent1, location5) := true
]

goals = [
  Exists (Receptacle - Checkable r) Exists (Obj - Checkable o) (coolable(o) and objectType(o, eggType) and receptacleType(r, garbageCanType) and isCool(o) and inReceptacle(o, r))
]

quality metrics = [
  minimize sequential-plan-length
]


2025-06-17 10:24:07,371 - INFO - Generating plan for unconstrained problem

2025-06-17 10:24:07,679 - INFO - Unconstrained plan generation time: 0.30797553062438965

