2025-06-17 09:53:04,900 - INFO - 
================= Seed: 245 =================

2025-06-17 09:53:04,905 - INFO - problem name = alfred

types = [ReceptacleType, ObjectType, Checkable, Agent - Checkable, Location - Checkable, Receptacle - Checkable, Obj - Checkable]

fluents = [
  bool atLocation[a=Agent - Checkable, l=Location - Checkable]
  bool receptacleAtLocation[r=Receptacle - Checkable, l=Location - Checkable]
  bool objectAtLocation[o=Obj - Checkable, l=Location - Checkable]
  bool openable[r=Receptacle - Checkable]
  bool opened[r=Receptacle - Checkable]
  bool inReceptacle[o=Obj - Checkable, r=Receptacle - Checkable]
  bool isReceptacleObject[o=Obj - Checkable]
  bool inReceptacleObject[innerObject=Obj - Checkable, outObject=Obj - Checkable]
  bool isReceptacleObjectFull[o=Obj - Checkable]
  bool wasInReceptacle[o=Obj - Checkable, r=Receptacle - Checkable]
  bool checked[c=Checkable]
  bool examined[l=Location - Checkable]
  bool receptacleType[r=Receptacle - Checkable, rt=ReceptacleType]
  bool canContain[rt=ReceptacleType, ot=ObjectType]
  bool objectType[o=Obj - Checkable, t=ObjectType]
  bool holds[a=Agent - Checkable, o=Obj - Checkable]
  bool holdsAny[a=Agent - Checkable]
  bool holdsAnyReceptacleObject[a=Agent - Checkable]
  bool full[r=Receptacle - Checkable]
  bool isClean[o=Obj - Checkable]
  bool cleanable[o=Obj - Checkable]
  bool isHot[o=Obj - Checkable]
  bool heatable[o=Obj - Checkable]
  bool isCool[o=Obj - Checkable]
  bool coolable[o=Obj - Checkable]
  bool pickupable[o=Obj - Checkable]
  bool moveable[o=Obj - Checkable]
  bool toggleable[o=Obj - Checkable]
  bool isOn[o=Obj - Checkable]
  bool isToggled[o=Obj - Checkable]
  bool sliceable[o=Obj - Checkable]
  bool isSliced[o=Obj - Checkable]
]

actions = [
  action look(Agent - Checkable a, Location - Checkable l) {
    preconditions = [
      atLocation(a, l)
    ]
    effects = [
      checked(l) := true
    ]
  }
  action inventory(Agent - Checkable a) {
    preconditions = [
    ]
    effects = [
      checked(a) := true
    ]
  }
  action examineReceptacle(Agent - Checkable a, Receptacle - Checkable r) {
    preconditions = [
      Exists (Location - Checkable l) (atLocation(a, l) and receptacleAtLocation(r, l))
    ]
    effects = [
      checked(r) := true
    ]
  }
  action examineObject(Agent - Checkable a, Obj - Checkable o) {
    preconditions = [
      (Exists (Location - Checkable l) Exists (Receptacle - Checkable r) (atLocation(a, l) and receptacleAtLocation(r, l) and inReceptacle(o, r) and ((not openable(r)) or opened(r))) or holds(a, o))
    ]
    effects = [
      checked(o) := true
    ]
  }
  action goToLocation(Agent - Checkable a, Location - Checkable lstart, Location - Checkable lend) {
    preconditions = [
      atLocation(a, lstart)
    ]
    effects = [
      atLocation(a, lstart) := false
      atLocation(a, lend) := true
    ]
  }
  action openObject(Agent - Checkable a, Location - Checkable l, Receptacle - Checkable r) {
    preconditions = [
      (openable(r) and atLocation(a, l) and receptacleAtLocation(r, l) and (not opened(r)))
    ]
    effects = [
      opened(r) := true
      checked(r) := true
    ]
  }
  action closeObject(Agent - Checkable a, Location - Checkable l, Receptacle - Checkable r) {
    preconditions = [
      (openable(r) and atLocation(a, l) and receptacleAtLocation(r, l) and opened(r))
    ]
    effects = [
      opened(r) := false
    ]
  }
  action pickupObject(Agent - Checkable a, Location - Checkable l, Obj - Checkable o, Receptacle - Checkable r) {
    preconditions = [
      (pickupable(o) and atLocation(a, l) and receptacleAtLocation(r, l) and inReceptacle(o, r) and (not holdsAny(a)) and ((not openable(r)) or opened(r)))
    ]
    effects = [
      inReceptacle(o, r) := false
      holds(a, o) := true
      holdsAny(a) := true
      objectAtLocation(o, l) := false
    ]
  }
  action putObject(Agent - Checkable a, Location - Checkable l, Obj - Checkable o, Receptacle - Checkable r, ObjectType ot, ReceptacleType rt) {
    preconditions = [
      (holds(a, o) and atLocation(a, l) and receptacleAtLocation(r, l) and ((not openable(r)) or opened(r)) and objectType(o, ot) and receptacleType(r, rt) and canContain(rt, ot))
    ]
    effects = [
      inReceptacle(o, r) := true
      objectAtLocation(o, l) := true
      holds(a, o) := false
      holdsAny(a) := false
    ]
  }
  action cleanObject(Agent - Checkable a, Location - Checkable l, Receptacle - Checkable r, Obj - Checkable o) {
    preconditions = [
      (cleanable(o) and receptacleType(r, sinkBasinType) and atLocation(a, l) and receptacleAtLocation(r, l) and holds(a, o))
    ]
    effects = [
      isClean(o) := true
    ]
  }
  action heatObject(Agent - Checkable a, Location - Checkable l, Receptacle - Checkable r, Obj - Checkable o) {
    preconditions = [
      (heatable(o) and receptacleType(r, microwaveType) and atLocation(a, l) and receptacleAtLocation(r, l) and holds(a, o))
    ]
    effects = [
      isHot(o) := true
      isCool(o) := false
    ]
  }
  action coolObject(Agent - Checkable a, Location - Checkable l, Receptacle - Checkable r, Obj - Checkable o) {
    preconditions = [
      (coolable(o) and receptacleType(r, fridgeType) and atLocation(a, l) and receptacleAtLocation(r, l) and holds(a, o))
    ]
    effects = [
      isCool(o) := true
      isHot(o) := false
    ]
  }
  action toggleObject(Agent - Checkable a, Location - Checkable l, Obj - Checkable o, Receptacle - Checkable r) {
    preconditions = [
      (toggleable(o) and atLocation(a, l) and receptacleAtLocation(r, l) and inReceptacle(o, r))
    ]
    effects = [
      if isOn(o) then isOn(o) := false
      if (not isOn(o)) then isOn(o) := true
      isToggled(o) := true
    ]
  }
  action sliceObject(Agent - Checkable a, Location - Checkable l, Obj - Checkable co, Obj - Checkable ko) {
    preconditions = [
      (sliceable(co) and (objectType(ko, knifeType) or objectType(ko, butterKnifeType)) and atLocation(a, l) and objectAtLocation(co, l) and holds(a, ko))
    ]
    effects = [
      isSliced(co) := true
    ]
  }
  action help(Agent - Checkable a) {
    preconditions = [
    ]
    effects = [
      checked(a) := true
    ]
  }
]

objects = [
  ReceptacleType: [sinkBasinType, microwaveType, fridgeType, cabinetType, handTowelHolderType, toiletPaperHangerType, shelfType, sideTableType, deskType, dresserType, armChairType, toiletType]
  ObjectType: [knifeType, butterKnifeType, appleType, pencilType, saltShakerType, cupType, newspaperType, pillowType, basketBallType, glassbottleType, candleType, plateType]
  Checkable: [agent1, location1, location2, location3, location4, location5, location6, location7, location8, location9, location10, cabinet_1, handTowelHolder_2, toiletPaperHanger_3, shelf_4, sideTable_5, microwave_6, desk_7, dresser_8, armChair_9, toilet_10, apple_1, pencil_2, saltShaker_3, cup_4, newspaper_5, pillow_6, basketBall_7, glassbottle_8, candle_9, plate_10]
  Agent - Checkable: [agent1]
  Location - Checkable: [location1, location2, location3, location4, location5, location6, location7, location8, location9, location10]
  Receptacle - Checkable: [cabinet_1, handTowelHolder_2, toiletPaperHanger_3, shelf_4, sideTable_5, microwave_6, desk_7, dresser_8, armChair_9, toilet_10]
  Obj - Checkable: [apple_1, pencil_2, saltShaker_3, cup_4, newspaper_5, pillow_6, basketBall_7, glassbottle_8, candle_9, plate_10]
]

initial fluents default = [
  bool atLocation[a=Agent - Checkable, l=Location - Checkable] := false
  bool receptacleAtLocation[r=Receptacle - Checkable, l=Location - Checkable] := false
  bool objectAtLocation[o=Obj - Checkable, l=Location - Checkable] := false
  bool openable[r=Receptacle - Checkable] := false
  bool opened[r=Receptacle - Checkable] := false
  bool inReceptacle[o=Obj - Checkable, r=Receptacle - Checkable] := false
  bool isReceptacleObject[o=Obj - Checkable] := false
  bool inReceptacleObject[innerObject=Obj - Checkable, outObject=Obj - Checkable] := false
  bool isReceptacleObjectFull[o=Obj - Checkable] := false
  bool wasInReceptacle[o=Obj - Checkable, r=Receptacle - Checkable] := false
  bool checked[c=Checkable] := false
  bool examined[l=Location - Checkable] := false
  bool receptacleType[r=Receptacle - Checkable, rt=ReceptacleType] := false
  bool canContain[rt=ReceptacleType, ot=ObjectType] := false
  bool objectType[o=Obj - Checkable, t=ObjectType] := false
  bool holds[a=Agent - Checkable, o=Obj - Checkable] := false
  bool holdsAny[a=Agent - Checkable] := false
  bool holdsAnyReceptacleObject[a=Agent - Checkable] := false
  bool full[r=Receptacle - Checkable] := false
  bool isClean[o=Obj - Checkable] := false
  bool cleanable[o=Obj - Checkable] := false
  bool isHot[o=Obj - Checkable] := false
  bool heatable[o=Obj - Checkable] := false
  bool isCool[o=Obj - Checkable] := false
  bool coolable[o=Obj - Checkable] := false
  bool pickupable[o=Obj - Checkable] := false
  bool moveable[o=Obj - Checkable] := false
  bool toggleable[o=Obj - Checkable] := false
  bool isOn[o=Obj - Checkable] := false
  bool isToggled[o=Obj - Checkable] := false
  bool sliceable[o=Obj - Checkable] := false
  bool isSliced[o=Obj - Checkable] := false
]

initial values = [
  receptacleType(cabinet_1, cabinetType) := true
  receptacleType(handTowelHolder_2, handTowelHolderType) := true
  receptacleType(toiletPaperHanger_3, toiletPaperHangerType) := true
  receptacleType(shelf_4, shelfType) := true
  receptacleType(sideTable_5, sideTableType) := true
  receptacleType(microwave_6, microwaveType) := true
  receptacleType(desk_7, deskType) := true
  receptacleType(dresser_8, dresserType) := true
  receptacleType(armChair_9, armChairType) := true
  receptacleType(toilet_10, toiletType) := true
  objectType(apple_1, appleType) := true
  objectType(pencil_2, pencilType) := true
  objectType(saltShaker_3, saltShakerType) := true
  objectType(cup_4, cupType) := true
  objectType(newspaper_5, newspaperType) := true
  objectType(pillow_6, pillowType) := true
  objectType(basketBall_7, basketBallType) := true
  objectType(glassbottle_8, glassbottleType) := true
  objectType(candle_9, candleType) := true
  objectType(plate_10, plateType) := true
  canContain(cabinetType, saltShakerType) := true
  canContain(cabinetType, cupType) := true
  canContain(cabinetType, newspaperType) := true
  canContain(cabinetType, glassbottleType) := true
  canContain(cabinetType, candleType) := true
  canContain(cabinetType, plateType) := true
  canContain(shelfType, pencilType) := true
  canContain(shelfType, saltShakerType) := true
  canContain(shelfType, cupType) := true
  canContain(shelfType, newspaperType) := true
  canContain(shelfType, glassbottleType) := true
  canContain(shelfType, candleType) := true
  canContain(shelfType, plateType) := true
  canContain(sideTableType, appleType) := true
  canContain(sideTableType, pencilType) := true
  canContain(sideTableType, saltShakerType) := true
  canContain(sideTableType, cupType) := true
  canContain(sideTableType, newspaperType) := true
  canContain(sideTableType, basketBallType) := true
  canContain(sideTableType, glassbottleType) := true
  canContain(sideTableType, candleType) := true
  canContain(sideTableType, plateType) := true
  canContain(microwaveType, appleType) := true
  canContain(microwaveType, cupType) := true
  canContain(microwaveType, glassbottleType) := true
  canContain(microwaveType, plateType) := true
  canContain(deskType, pencilType) := true
  canContain(deskType, cupType) := true
  canContain(deskType, newspaperType) := true
  canContain(deskType, basketBallType) := true
  canContain(deskType, glassbottleType) := true
  canContain(deskType, candleType) := true
  canContain(deskType, plateType) := true
  canContain(dresserType, pencilType) := true
  canContain(dresserType, cupType) := true
  canContain(dresserType, newspaperType) := true
  canContain(dresserType, basketBallType) := true
  canContain(dresserType, glassbottleType) := true
  canContain(dresserType, candleType) := true
  canContain(dresserType, plateType) := true
  canContain(armChairType, newspaperType) := true
  canContain(armChairType, pillowType) := true
  canContain(armChairType, basketBallType) := true
  canContain(toiletType, newspaperType) := true
  canContain(toiletType, candleType) := true
  pickupable(apple_1) := true
  cleanable(apple_1) := true
  heatable(apple_1) := true
  coolable(apple_1) := true
  sliceable(apple_1) := true
  pickupable(pencil_2) := true
  pickupable(saltShaker_3) := true
  pickupable(cup_4) := true
  isReceptacleObject(cup_4) := true
  cleanable(cup_4) := true
  heatable(cup_4) := true
  coolable(cup_4) := true
  pickupable(newspaper_5) := true
  pickupable(pillow_6) := true
  pickupable(basketBall_7) := true
  pickupable(glassbottle_8) := true
  pickupable(candle_9) := true
  pickupable(plate_10) := true
  isReceptacleObject(plate_10) := true
  cleanable(plate_10) := true
  heatable(plate_10) := true
  coolable(plate_10) := true
  receptacleAtLocation(cabinet_1, location5) := true
  receptacleAtLocation(handTowelHolder_2, location3) := true
  receptacleAtLocation(toiletPaperHanger_3, location8) := true
  receptacleAtLocation(shelf_4, location9) := true
  receptacleAtLocation(sideTable_5, location1) := true
  receptacleAtLocation(microwave_6, location10) := true
  receptacleAtLocation(desk_7, location8) := true
  receptacleAtLocation(dresser_8, location4) := true
  receptacleAtLocation(armChair_9, location10) := true
  receptacleAtLocation(toilet_10, location2) := true
  inReceptacle(cup_4, cabinet_1) := true
  inReceptacle(newspaper_5, cabinet_1) := true
  inReceptacle(glassbottle_8, cabinet_1) := true
  inReceptacle(candle_9, desk_7) := true
  inReceptacle(plate_10, desk_7) := true
  objectAtLocation(apple_1, location6) := true
  objectAtLocation(pencil_2, location6) := true
  objectAtLocation(saltShaker_3, location10) := true
  objectAtLocation(cup_4, location5) := true
  objectAtLocation(newspaper_5, location5) := true
  objectAtLocation(pillow_6, location4) := true
  objectAtLocation(basketBall_7, location9) := true
  objectAtLocation(glassbottle_8, location5) := true
  objectAtLocation(candle_9, location8) := true
  objectAtLocation(plate_10, location8) := true
  atLocation(agent1, location1) := true
]

goals = [
  Exists (Receptacle - Checkable r) Exists (Obj - Checkable o) (inReceptacle(o, r) and objectType(o, plateType) and receptacleType(r, cabinetType))
]

quality metrics = [
  minimize sequential-plan-length
]


2025-06-17 09:53:04,907 - INFO - Generating plan for unconstrained problem

2025-06-17 09:53:05,360 - INFO - Unconstrained plan generation time: 0.4531593322753906

2025-06-17 09:53:05,361 - INFO - Unconstrained plan and cost: 
2025-06-17 09:53:05,361 - INFO - SequentialPlan:
    goToLocation(agent1, location1, location8)
    pickupObject(agent1, location8, plate_10, desk_7)
    goToLocation(agent1, location8, location5)
    putObject(agent1, location5, plate_10, cabinet_1, plateType, cabinetType)
2025-06-17 09:53:05,361 - INFO - 4
2025-06-17 09:53:05,586 - INFO - Sampled constraints:

2025-06-17 09:53:05,586 - INFO - Sometime((checked(newspaper_5) and checked(location1)))
2025-06-17 09:53:05,586 - INFO - 
2025-06-17 09:53:05,586 - INFO - Generation time: 0.2247006893157959

2025-06-17 09:53:05,594 - INFO - Generating plan for constrained problem (with LiftedTCORE).

2025-06-17 09:53:05,633 - INFO - LiftedTCORE compilation time: 0.039580345153808594

2025-06-17 09:53:06,141 - INFO - Planning Time with LiftedTCORE's file: 0.5000882148742676

2025-06-17 09:53:06,141 - INFO - Plan found with LiftedTCORE + sym_bd: SequentialPlan:
    look(agent1, location1)
    goToLocation(agent1, location1, location8)
    pickupObject(agent1, location8, plate_10, desk_7)
    goToLocation(agent1, location8, location5)
    examineObject(agent1, newspaper_5)
    putObject(agent1, location5, plate_10, cabinet_1, plateType, cabinetType)
2025-06-17 09:53:06,141 - INFO - Seed: 245 is solvable

2025-06-17 09:53:06,141 - INFO - Unconstrained cost: 4
2025-06-17 09:53:06,141 - INFO - Constrained cost: 6
2025-06-17 09:53:06,141 - INFO - Seed: 245 Plan simulation is feasible
2025-06-17 09:53:06,141 - INFO - 
Seed: 245 
 Plan: [look(agent1, location1), goToLocation(agent1, location1, location8), pickupObject(agent1, location8, plate_10, desk_7), goToLocation(agent1, location8, location5), examineObject(agent1, newspaper_5), putObject(agent1, location5, plate_10, cabinet_1, plateType, cabinetType)]  
 Cost: 6

