2025-06-17 09:56:27,814 - INFO - 
================= Seed: 509 =================

2025-06-17 09:56:27,819 - INFO - problem name = alfred

types = [ReceptacleType, ObjectType, Checkable, Agent - Checkable, Location - Checkable, Receptacle - Checkable, Obj - Checkable]

fluents = [
  bool atLocation[a=Agent - Checkable, l=Location - Checkable]
  bool receptacleAtLocation[r=Receptacle - Checkable, l=Location - Checkable]
  bool objectAtLocation[o=Obj - Checkable, l=Location - Checkable]
  bool openable[r=Receptacle - Checkable]
  bool opened[r=Receptacle - Checkable]
  bool inReceptacle[o=Obj - Checkable, r=Receptacle - Checkable]
  bool isReceptacleObject[o=Obj - Checkable]
  bool inReceptacleObject[innerObject=Obj - Checkable, outObject=Obj - Checkable]
  bool isReceptacleObjectFull[o=Obj - Checkable]
  bool wasInReceptacle[o=Obj - Checkable, r=Receptacle - Checkable]
  bool checked[c=Checkable]
  bool examined[l=Location - Checkable]
  bool receptacleType[r=Receptacle - Checkable, rt=ReceptacleType]
  bool canContain[rt=ReceptacleType, ot=ObjectType]
  bool objectType[o=Obj - Checkable, t=ObjectType]
  bool holds[a=Agent - Checkable, o=Obj - Checkable]
  bool holdsAny[a=Agent - Checkable]
  bool holdsAnyReceptacleObject[a=Agent - Checkable]
  bool full[r=Receptacle - Checkable]
  bool isClean[o=Obj - Checkable]
  bool cleanable[o=Obj - Checkable]
  bool isHot[o=Obj - Checkable]
  bool heatable[o=Obj - Checkable]
  bool isCool[o=Obj - Checkable]
  bool coolable[o=Obj - Checkable]
  bool pickupable[o=Obj - Checkable]
  bool moveable[o=Obj - Checkable]
  bool toggleable[o=Obj - Checkable]
  bool isOn[o=Obj - Checkable]
  bool isToggled[o=Obj - Checkable]
  bool sliceable[o=Obj - Checkable]
  bool isSliced[o=Obj - Checkable]
]

actions = [
  action look(Agent - Checkable a, Location - Checkable l) {
    preconditions = [
      atLocation(a, l)
    ]
    effects = [
      checked(l) := true
    ]
  }
  action inventory(Agent - Checkable a) {
    preconditions = [
    ]
    effects = [
      checked(a) := true
    ]
  }
  action examineReceptacle(Agent - Checkable a, Receptacle - Checkable r) {
    preconditions = [
      Exists (Location - Checkable l) (atLocation(a, l) and receptacleAtLocation(r, l))
    ]
    effects = [
      checked(r) := true
    ]
  }
  action examineObject(Agent - Checkable a, Obj - Checkable o) {
    preconditions = [
      (Exists (Location - Checkable l) Exists (Receptacle - Checkable r) (atLocation(a, l) and receptacleAtLocation(r, l) and inReceptacle(o, r) and ((not openable(r)) or opened(r))) or holds(a, o))
    ]
    effects = [
      checked(o) := true
    ]
  }
  action goToLocation(Agent - Checkable a, Location - Checkable lstart, Location - Checkable lend) {
    preconditions = [
      atLocation(a, lstart)
    ]
    effects = [
      atLocation(a, lstart) := false
      atLocation(a, lend) := true
    ]
  }
  action openObject(Agent - Checkable a, Location - Checkable l, Receptacle - Checkable r) {
    preconditions = [
      (openable(r) and atLocation(a, l) and receptacleAtLocation(r, l) and (not opened(r)))
    ]
    effects = [
      opened(r) := true
      checked(r) := true
    ]
  }
  action closeObject(Agent - Checkable a, Location - Checkable l, Receptacle - Checkable r) {
    preconditions = [
      (openable(r) and atLocation(a, l) and receptacleAtLocation(r, l) and opened(r))
    ]
    effects = [
      opened(r) := false
    ]
  }
  action pickupObject(Agent - Checkable a, Location - Checkable l, Obj - Checkable o, Receptacle - Checkable r) {
    preconditions = [
      (pickupable(o) and atLocation(a, l) and receptacleAtLocation(r, l) and inReceptacle(o, r) and (not holdsAny(a)) and ((not openable(r)) or opened(r)))
    ]
    effects = [
      inReceptacle(o, r) := false
      holds(a, o) := true
      holdsAny(a) := true
      objectAtLocation(o, l) := false
    ]
  }
  action putObject(Agent - Checkable a, Location - Checkable l, Obj - Checkable o, Receptacle - Checkable r, ObjectType ot, ReceptacleType rt) {
    preconditions = [
      (holds(a, o) and atLocation(a, l) and receptacleAtLocation(r, l) and ((not openable(r)) or opened(r)) and objectType(o, ot) and receptacleType(r, rt) and canContain(rt, ot))
    ]
    effects = [
      inReceptacle(o, r) := true
      objectAtLocation(o, l) := true
      holds(a, o) := false
      holdsAny(a) := false
    ]
  }
  action cleanObject(Agent - Checkable a, Location - Checkable l, Receptacle - Checkable r, Obj - Checkable o) {
    preconditions = [
      (cleanable(o) and receptacleType(r, sinkBasinType) and atLocation(a, l) and receptacleAtLocation(r, l) and holds(a, o))
    ]
    effects = [
      isClean(o) := true
    ]
  }
  action heatObject(Agent - Checkable a, Location - Checkable l, Receptacle - Checkable r, Obj - Checkable o) {
    preconditions = [
      (heatable(o) and receptacleType(r, microwaveType) and atLocation(a, l) and receptacleAtLocation(r, l) and holds(a, o))
    ]
    effects = [
      isHot(o) := true
      isCool(o) := false
    ]
  }
  action coolObject(Agent - Checkable a, Location - Checkable l, Receptacle - Checkable r, Obj - Checkable o) {
    preconditions = [
      (coolable(o) and receptacleType(r, fridgeType) and atLocation(a, l) and receptacleAtLocation(r, l) and holds(a, o))
    ]
    effects = [
      isCool(o) := true
      isHot(o) := false
    ]
  }
  action toggleObject(Agent - Checkable a, Location - Checkable l, Obj - Checkable o, Receptacle - Checkable r) {
    preconditions = [
      (toggleable(o) and atLocation(a, l) and receptacleAtLocation(r, l) and inReceptacle(o, r))
    ]
    effects = [
      if isOn(o) then isOn(o) := false
      if (not isOn(o)) then isOn(o) := true
      isToggled(o) := true
    ]
  }
  action sliceObject(Agent - Checkable a, Location - Checkable l, Obj - Checkable co, Obj - Checkable ko) {
    preconditions = [
      (sliceable(co) and (objectType(ko, knifeType) or objectType(ko, butterKnifeType)) and atLocation(a, l) and objectAtLocation(co, l) and holds(a, ko))
    ]
    effects = [
      isSliced(co) := true
    ]
  }
  action help(Agent - Checkable a) {
    preconditions = [
    ]
    effects = [
      checked(a) := true
    ]
  }
]

objects = [
  ReceptacleType: [sinkBasinType, microwaveType, fridgeType, ottomanType, laundryHamperType, toasterType, coffeeTableType, counterTopType, coffeeMachineType, cabinetType]
  ObjectType: [knifeType, butterKnifeType, potatoType, bowlType, glassbottleType, boxType, mugType, plungerType, baseballBatType, basketBallType, cupType]
  Checkable: [agent1, location1, location2, location3, location4, location5, location6, location7, location8, location9, location10, ottoman_1, laundryHamper_2, toaster_3, coffeeTable_4, counterTop_5, toaster_6, coffeeMachine_7, ottoman_8, cabinet_9, sinkBasin_10, potato_1, bowl_2, glassbottle_3, box_4, knife_5, mug_6, plunger_7, baseballBat_8, basketBall_9, cup_10]
  Agent - Checkable: [agent1]
  Location - Checkable: [location1, location2, location3, location4, location5, location6, location7, location8, location9, location10]
  Receptacle - Checkable: [ottoman_1, laundryHamper_2, toaster_3, coffeeTable_4, counterTop_5, toaster_6, coffeeMachine_7, ottoman_8, cabinet_9, sinkBasin_10]
  Obj - Checkable: [potato_1, bowl_2, glassbottle_3, box_4, knife_5, mug_6, plunger_7, baseballBat_8, basketBall_9, cup_10]
]

initial fluents default = [
  bool atLocation[a=Agent - Checkable, l=Location - Checkable] := false
  bool receptacleAtLocation[r=Receptacle - Checkable, l=Location - Checkable] := false
  bool objectAtLocation[o=Obj - Checkable, l=Location - Checkable] := false
  bool openable[r=Receptacle - Checkable] := false
  bool opened[r=Receptacle - Checkable] := false
  bool inReceptacle[o=Obj - Checkable, r=Receptacle - Checkable] := false
  bool isReceptacleObject[o=Obj - Checkable] := false
  bool inReceptacleObject[innerObject=Obj - Checkable, outObject=Obj - Checkable] := false
  bool isReceptacleObjectFull[o=Obj - Checkable] := false
  bool wasInReceptacle[o=Obj - Checkable, r=Receptacle - Checkable] := false
  bool checked[c=Checkable] := false
  bool examined[l=Location - Checkable] := false
  bool receptacleType[r=Receptacle - Checkable, rt=ReceptacleType] := false
  bool canContain[rt=ReceptacleType, ot=ObjectType] := false
  bool objectType[o=Obj - Checkable, t=ObjectType] := false
  bool holds[a=Agent - Checkable, o=Obj - Checkable] := false
  bool holdsAny[a=Agent - Checkable] := false
  bool holdsAnyReceptacleObject[a=Agent - Checkable] := false
  bool full[r=Receptacle - Checkable] := false
  bool isClean[o=Obj - Checkable] := false
  bool cleanable[o=Obj - Checkable] := false
  bool isHot[o=Obj - Checkable] := false
  bool heatable[o=Obj - Checkable] := false
  bool isCool[o=Obj - Checkable] := false
  bool coolable[o=Obj - Checkable] := false
  bool pickupable[o=Obj - Checkable] := false
  bool moveable[o=Obj - Checkable] := false
  bool toggleable[o=Obj - Checkable] := false
  bool isOn[o=Obj - Checkable] := false
  bool isToggled[o=Obj - Checkable] := false
  bool sliceable[o=Obj - Checkable] := false
  bool isSliced[o=Obj - Checkable] := false
]

initial values = [
  receptacleType(ottoman_1, ottomanType) := true
  receptacleType(laundryHamper_2, laundryHamperType) := true
  receptacleType(toaster_3, toasterType) := true
  receptacleType(coffeeTable_4, coffeeTableType) := true
  receptacleType(counterTop_5, counterTopType) := true
  receptacleType(toaster_6, toasterType) := true
  receptacleType(coffeeMachine_7, coffeeMachineType) := true
  receptacleType(ottoman_8, ottomanType) := true
  receptacleType(cabinet_9, cabinetType) := true
  receptacleType(sinkBasin_10, sinkBasinType) := true
  objectType(potato_1, potatoType) := true
  objectType(bowl_2, bowlType) := true
  objectType(glassbottle_3, glassbottleType) := true
  objectType(box_4, boxType) := true
  objectType(knife_5, knifeType) := true
  objectType(mug_6, mugType) := true
  objectType(plunger_7, plungerType) := true
  objectType(baseballBat_8, baseballBatType) := true
  objectType(basketBall_9, basketBallType) := true
  objectType(cup_10, cupType) := true
  canContain(ottomanType, boxType) := true
  canContain(ottomanType, basketBallType) := true
  canContain(coffeeTableType, potatoType) := true
  canContain(coffeeTableType, bowlType) := true
  canContain(coffeeTableType, glassbottleType) := true
  canContain(coffeeTableType, boxType) := true
  canContain(coffeeTableType, knifeType) := true
  canContain(coffeeTableType, mugType) := true
  canContain(coffeeTableType, baseballBatType) := true
  canContain(coffeeTableType, basketBallType) := true
  canContain(coffeeTableType, cupType) := true
  canContain(counterTopType, potatoType) := true
  canContain(counterTopType, bowlType) := true
  canContain(counterTopType, glassbottleType) := true
  canContain(counterTopType, boxType) := true
  canContain(counterTopType, knifeType) := true
  canContain(counterTopType, mugType) := true
  canContain(counterTopType, baseballBatType) := true
  canContain(counterTopType, basketBallType) := true
  canContain(counterTopType, cupType) := true
  canContain(coffeeMachineType, mugType) := true
  canContain(cabinetType, bowlType) := true
  canContain(cabinetType, glassbottleType) := true
  canContain(cabinetType, boxType) := true
  canContain(cabinetType, mugType) := true
  canContain(cabinetType, plungerType) := true
  canContain(cabinetType, cupType) := true
  canContain(sinkBasinType, potatoType) := true
  canContain(sinkBasinType, bowlType) := true
  canContain(sinkBasinType, glassbottleType) := true
  canContain(sinkBasinType, knifeType) := true
  canContain(sinkBasinType, mugType) := true
  canContain(sinkBasinType, cupType) := true
  pickupable(potato_1) := true
  cleanable(potato_1) := true
  heatable(potato_1) := true
  coolable(potato_1) := true
  sliceable(potato_1) := true
  pickupable(bowl_2) := true
  isReceptacleObject(bowl_2) := true
  cleanable(bowl_2) := true
  coolable(bowl_2) := true
  pickupable(glassbottle_3) := true
  pickupable(box_4) := true
  isReceptacleObject(box_4) := true
  pickupable(knife_5) := true
  cleanable(knife_5) := true
  pickupable(mug_6) := true
  isReceptacleObject(mug_6) := true
  cleanable(mug_6) := true
  heatable(mug_6) := true
  coolable(mug_6) := true
  pickupable(plunger_7) := true
  pickupable(baseballBat_8) := true
  pickupable(basketBall_9) := true
  pickupable(cup_10) := true
  isReceptacleObject(cup_10) := true
  cleanable(cup_10) := true
  heatable(cup_10) := true
  coolable(cup_10) := true
  receptacleAtLocation(ottoman_1, location2) := true
  receptacleAtLocation(laundryHamper_2, location1) := true
  receptacleAtLocation(toaster_3, location3) := true
  receptacleAtLocation(coffeeTable_4, location3) := true
  receptacleAtLocation(counterTop_5, location8) := true
  receptacleAtLocation(toaster_6, location7) := true
  receptacleAtLocation(coffeeMachine_7, location9) := true
  receptacleAtLocation(ottoman_8, location8) := true
  receptacleAtLocation(cabinet_9, location8) := true
  receptacleAtLocation(sinkBasin_10, location8) := true
  inReceptacle(potato_1, sinkBasin_10) := true
  inReceptacle(bowl_2, sinkBasin_10) := true
  inReceptacle(glassbottle_3, cabinet_9) := true
  inReceptacle(box_4, coffeeTable_4) := true
  inReceptacle(cup_10, coffeeTable_4) := true
  objectAtLocation(potato_1, location8) := true
  objectAtLocation(bowl_2, location8) := true
  objectAtLocation(glassbottle_3, location8) := true
  objectAtLocation(box_4, location3) := true
  objectAtLocation(knife_5, location6) := true
  objectAtLocation(mug_6, location5) := true
  objectAtLocation(plunger_7, location8) := true
  objectAtLocation(baseballBat_8, location7) := true
  objectAtLocation(basketBall_9, location8) := true
  objectAtLocation(cup_10, location3) := true
  atLocation(agent1, location6) := true
]

goals = [
  Exists (Receptacle - Checkable r) Exists (Obj - Checkable o) (inReceptacle(o, r) and objectType(o, boxType) and receptacleType(r, coffeeTableType))
]

quality metrics = [
  minimize sequential-plan-length
]


2025-06-17 09:56:27,821 - INFO - Generating plan for unconstrained problem

2025-06-17 09:56:28,276 - INFO - Unconstrained plan generation time: 0.45470309257507324

2025-06-17 09:56:28,276 - INFO - Unconstrained plan and cost: 
2025-06-17 09:56:28,276 - INFO - SequentialPlan:
2025-06-17 09:56:28,276 - INFO - 0
2025-06-17 09:56:28,930 - INFO - Sampled constraints:

2025-06-17 09:56:28,930 - INFO - Sometime((atLocation(agent1, location7) and atLocation(agent1, location8)))
2025-06-17 09:56:28,930 - INFO - 
2025-06-17 09:56:28,930 - INFO - Generation time: 0.6535801887512207

2025-06-17 09:56:28,937 - INFO - Generating plan for constrained problem (with LiftedTCORE).

2025-06-17 09:56:28,972 - INFO - LiftedTCORE compilation time: 0.035376787185668945

2025-06-17 09:56:29,371 - INFO - Planning Time with LiftedTCORE's file: 0.3917105197906494

