2025-06-17 10:24:45,313 - INFO - 
================= Seed: 1005 =================

2025-06-17 10:24:45,318 - INFO - problem name = alfred

types = [ReceptacleType, ObjectType, Checkable, Agent - Checkable, Location - Checkable, Receptacle - Checkable, Obj - Checkable]

fluents = [
  bool atLocation[a=Agent - Checkable, l=Location - Checkable]
  bool receptacleAtLocation[r=Receptacle - Checkable, l=Location - Checkable]
  bool objectAtLocation[o=Obj - Checkable, l=Location - Checkable]
  bool openable[r=Receptacle - Checkable]
  bool opened[r=Receptacle - Checkable]
  bool inReceptacle[o=Obj - Checkable, r=Receptacle - Checkable]
  bool isReceptacleObject[o=Obj - Checkable]
  bool inReceptacleObject[innerObject=Obj - Checkable, outObject=Obj - Checkable]
  bool isReceptacleObjectFull[o=Obj - Checkable]
  bool wasInReceptacle[o=Obj - Checkable, r=Receptacle - Checkable]
  bool checked[c=Checkable]
  bool examined[l=Location - Checkable]
  bool receptacleType[r=Receptacle - Checkable, rt=ReceptacleType]
  bool canContain[rt=ReceptacleType, ot=ObjectType]
  bool objectType[o=Obj - Checkable, t=ObjectType]
  bool holds[a=Agent - Checkable, o=Obj - Checkable]
  bool holdsAny[a=Agent - Checkable]
  bool holdsAnyReceptacleObject[a=Agent - Checkable]
  bool full[r=Receptacle - Checkable]
  bool isClean[o=Obj - Checkable]
  bool cleanable[o=Obj - Checkable]
  bool isHot[o=Obj - Checkable]
  bool heatable[o=Obj - Checkable]
  bool isCool[o=Obj - Checkable]
  bool coolable[o=Obj - Checkable]
  bool pickupable[o=Obj - Checkable]
  bool moveable[o=Obj - Checkable]
  bool toggleable[o=Obj - Checkable]
  bool isOn[o=Obj - Checkable]
  bool isToggled[o=Obj - Checkable]
  bool sliceable[o=Obj - Checkable]
  bool isSliced[o=Obj - Checkable]
]

actions = [
  action look(Agent - Checkable a, Location - Checkable l) {
    preconditions = [
      atLocation(a, l)
    ]
    effects = [
      checked(l) := true
    ]
  }
  action inventory(Agent - Checkable a) {
    preconditions = [
    ]
    effects = [
      checked(a) := true
    ]
  }
  action examineReceptacle(Agent - Checkable a, Receptacle - Checkable r) {
    preconditions = [
      Exists (Location - Checkable l) (atLocation(a, l) and receptacleAtLocation(r, l))
    ]
    effects = [
      checked(r) := true
    ]
  }
  action examineObject(Agent - Checkable a, Obj - Checkable o) {
    preconditions = [
      (Exists (Location - Checkable l) Exists (Receptacle - Checkable r) (atLocation(a, l) and receptacleAtLocation(r, l) and inReceptacle(o, r) and ((not openable(r)) or opened(r))) or holds(a, o))
    ]
    effects = [
      checked(o) := true
    ]
  }
  action goToLocation(Agent - Checkable a, Location - Checkable lstart, Location - Checkable lend) {
    preconditions = [
      atLocation(a, lstart)
    ]
    effects = [
      atLocation(a, lstart) := false
      atLocation(a, lend) := true
    ]
  }
  action openObject(Agent - Checkable a, Location - Checkable l, Receptacle - Checkable r) {
    preconditions = [
      (openable(r) and atLocation(a, l) and receptacleAtLocation(r, l) and (not opened(r)))
    ]
    effects = [
      opened(r) := true
      checked(r) := true
    ]
  }
  action closeObject(Agent - Checkable a, Location - Checkable l, Receptacle - Checkable r) {
    preconditions = [
      (openable(r) and atLocation(a, l) and receptacleAtLocation(r, l) and opened(r))
    ]
    effects = [
      opened(r) := false
    ]
  }
  action pickupObject(Agent - Checkable a, Location - Checkable l, Obj - Checkable o, Receptacle - Checkable r) {
    preconditions = [
      (pickupable(o) and atLocation(a, l) and receptacleAtLocation(r, l) and inReceptacle(o, r) and (not holdsAny(a)) and ((not openable(r)) or opened(r)))
    ]
    effects = [
      inReceptacle(o, r) := false
      holds(a, o) := true
      holdsAny(a) := true
      objectAtLocation(o, l) := false
    ]
  }
  action putObject(Agent - Checkable a, Location - Checkable l, Obj - Checkable o, Receptacle - Checkable r, ObjectType ot, ReceptacleType rt) {
    preconditions = [
      (holds(a, o) and atLocation(a, l) and receptacleAtLocation(r, l) and ((not openable(r)) or opened(r)) and objectType(o, ot) and receptacleType(r, rt) and canContain(rt, ot))
    ]
    effects = [
      inReceptacle(o, r) := true
      objectAtLocation(o, l) := true
      holds(a, o) := false
      holdsAny(a) := false
    ]
  }
  action cleanObject(Agent - Checkable a, Location - Checkable l, Receptacle - Checkable r, Obj - Checkable o) {
    preconditions = [
      (cleanable(o) and receptacleType(r, sinkBasinType) and atLocation(a, l) and receptacleAtLocation(r, l) and holds(a, o))
    ]
    effects = [
      isClean(o) := true
    ]
  }
  action heatObject(Agent - Checkable a, Location - Checkable l, Receptacle - Checkable r, Obj - Checkable o) {
    preconditions = [
      (heatable(o) and receptacleType(r, microwaveType) and atLocation(a, l) and receptacleAtLocation(r, l) and holds(a, o))
    ]
    effects = [
      isHot(o) := true
      isCool(o) := false
    ]
  }
  action coolObject(Agent - Checkable a, Location - Checkable l, Receptacle - Checkable r, Obj - Checkable o) {
    preconditions = [
      (coolable(o) and receptacleType(r, fridgeType) and atLocation(a, l) and receptacleAtLocation(r, l) and holds(a, o))
    ]
    effects = [
      isCool(o) := true
      isHot(o) := false
    ]
  }
  action toggleObject(Agent - Checkable a, Location - Checkable l, Obj - Checkable o, Receptacle - Checkable r) {
    preconditions = [
      (toggleable(o) and atLocation(a, l) and receptacleAtLocation(r, l) and inReceptacle(o, r))
    ]
    effects = [
      if isOn(o) then isOn(o) := false
      if (not isOn(o)) then isOn(o) := true
      isToggled(o) := true
    ]
  }
  action sliceObject(Agent - Checkable a, Location - Checkable l, Obj - Checkable co, Obj - Checkable ko) {
    preconditions = [
      (sliceable(co) and (objectType(ko, knifeType) or objectType(ko, butterKnifeType)) and atLocation(a, l) and objectAtLocation(co, l) and holds(a, ko))
    ]
    effects = [
      isSliced(co) := true
    ]
  }
  action help(Agent - Checkable a) {
    preconditions = [
    ]
    effects = [
      checked(a) := true
    ]
  }
]

objects = [
  ReceptacleType: [sinkBasinType, microwaveType, fridgeType, toiletPaperHangerType, deskType, tvStandType, diningTableType, safeType, coffeeTableType, bathtubBasinType, toiletType, handTowelHolderType]
  ObjectType: [knifeType, butterKnifeType, clothType, creditCardType, tennisRacketType, wineBottleType, dishSpongeType, potType, spoonType, potatoType, appleType, cupType]
  Checkable: [agent1, location1, location2, location3, location4, location5, location6, location7, location8, location9, location10, toiletPaperHanger_1, desk_2, tvStand_3, diningTable_4, safe_5, coffeeTable_6, tvStand_7, bathtubBasin_8, toilet_9, handTowelHolder_10, cloth_1, creditCard_2, tennisRacket_3, wineBottle_4, dishSponge_5, pot_6, spoon_7, potato_8, apple_9, cup_10]
  Agent - Checkable: [agent1]
  Location - Checkable: [location1, location2, location3, location4, location5, location6, location7, location8, location9, location10]
  Receptacle - Checkable: [toiletPaperHanger_1, desk_2, tvStand_3, diningTable_4, safe_5, coffeeTable_6, tvStand_7, bathtubBasin_8, toilet_9, handTowelHolder_10]
  Obj - Checkable: [cloth_1, creditCard_2, tennisRacket_3, wineBottle_4, dishSponge_5, pot_6, spoon_7, potato_8, apple_9, cup_10]
]

initial fluents default = [
  bool atLocation[a=Agent - Checkable, l=Location - Checkable] := false
  bool receptacleAtLocation[r=Receptacle - Checkable, l=Location - Checkable] := false
  bool objectAtLocation[o=Obj - Checkable, l=Location - Checkable] := false
  bool openable[r=Receptacle - Checkable] := false
  bool opened[r=Receptacle - Checkable] := false
  bool inReceptacle[o=Obj - Checkable, r=Receptacle - Checkable] := false
  bool isReceptacleObject[o=Obj - Checkable] := false
  bool inReceptacleObject[innerObject=Obj - Checkable, outObject=Obj - Checkable] := false
  bool isReceptacleObjectFull[o=Obj - Checkable] := false
  bool wasInReceptacle[o=Obj - Checkable, r=Receptacle - Checkable] := false
  bool checked[c=Checkable] := false
  bool examined[l=Location - Checkable] := false
  bool receptacleType[r=Receptacle - Checkable, rt=ReceptacleType] := false
  bool canContain[rt=ReceptacleType, ot=ObjectType] := false
  bool objectType[o=Obj - Checkable, t=ObjectType] := false
  bool holds[a=Agent - Checkable, o=Obj - Checkable] := false
  bool holdsAny[a=Agent - Checkable] := false
  bool holdsAnyReceptacleObject[a=Agent - Checkable] := false
  bool full[r=Receptacle - Checkable] := false
  bool isClean[o=Obj - Checkable] := false
  bool cleanable[o=Obj - Checkable] := false
  bool isHot[o=Obj - Checkable] := false
  bool heatable[o=Obj - Checkable] := false
  bool isCool[o=Obj - Checkable] := false
  bool coolable[o=Obj - Checkable] := false
  bool pickupable[o=Obj - Checkable] := false
  bool moveable[o=Obj - Checkable] := false
  bool toggleable[o=Obj - Checkable] := false
  bool isOn[o=Obj - Checkable] := false
  bool isToggled[o=Obj - Checkable] := false
  bool sliceable[o=Obj - Checkable] := false
  bool isSliced[o=Obj - Checkable] := false
]

initial values = [
  receptacleType(toiletPaperHanger_1, toiletPaperHangerType) := true
  receptacleType(desk_2, deskType) := true
  receptacleType(tvStand_3, tvStandType) := true
  receptacleType(diningTable_4, diningTableType) := true
  receptacleType(safe_5, safeType) := true
  receptacleType(coffeeTable_6, coffeeTableType) := true
  receptacleType(tvStand_7, tvStandType) := true
  receptacleType(bathtubBasin_8, bathtubBasinType) := true
  receptacleType(toilet_9, toiletType) := true
  receptacleType(handTowelHolder_10, handTowelHolderType) := true
  objectType(cloth_1, clothType) := true
  objectType(creditCard_2, creditCardType) := true
  objectType(tennisRacket_3, tennisRacketType) := true
  objectType(wineBottle_4, wineBottleType) := true
  objectType(dishSponge_5, dishSpongeType) := true
  objectType(pot_6, potType) := true
  objectType(spoon_7, spoonType) := true
  objectType(potato_8, potatoType) := true
  objectType(apple_9, appleType) := true
  objectType(cup_10, cupType) := true
  canContain(deskType, clothType) := true
  canContain(deskType, creditCardType) := true
  canContain(deskType, tennisRacketType) := true
  canContain(deskType, wineBottleType) := true
  canContain(deskType, cupType) := true
  canContain(diningTableType, clothType) := true
  canContain(diningTableType, creditCardType) := true
  canContain(diningTableType, tennisRacketType) := true
  canContain(diningTableType, wineBottleType) := true
  canContain(diningTableType, dishSpongeType) := true
  canContain(diningTableType, potType) := true
  canContain(diningTableType, spoonType) := true
  canContain(diningTableType, potatoType) := true
  canContain(diningTableType, appleType) := true
  canContain(diningTableType, cupType) := true
  canContain(safeType, creditCardType) := true
  canContain(coffeeTableType, clothType) := true
  canContain(coffeeTableType, creditCardType) := true
  canContain(coffeeTableType, tennisRacketType) := true
  canContain(coffeeTableType, wineBottleType) := true
  canContain(coffeeTableType, dishSpongeType) := true
  canContain(coffeeTableType, potType) := true
  canContain(coffeeTableType, spoonType) := true
  canContain(coffeeTableType, potatoType) := true
  canContain(coffeeTableType, appleType) := true
  canContain(coffeeTableType, cupType) := true
  canContain(bathtubBasinType, clothType) := true
  canContain(bathtubBasinType, dishSpongeType) := true
  canContain(toiletType, clothType) := true
  canContain(toiletType, dishSpongeType) := true
  pickupable(cloth_1) := true
  cleanable(cloth_1) := true
  pickupable(creditCard_2) := true
  pickupable(tennisRacket_3) := true
  pickupable(wineBottle_4) := true
  pickupable(dishSponge_5) := true
  cleanable(dishSponge_5) := true
  pickupable(pot_6) := true
  isReceptacleObject(pot_6) := true
  cleanable(pot_6) := true
  coolable(pot_6) := true
  pickupable(spoon_7) := true
  cleanable(spoon_7) := true
  pickupable(potato_8) := true
  cleanable(potato_8) := true
  heatable(potato_8) := true
  coolable(potato_8) := true
  sliceable(potato_8) := true
  pickupable(apple_9) := true
  cleanable(apple_9) := true
  heatable(apple_9) := true
  coolable(apple_9) := true
  sliceable(apple_9) := true
  pickupable(cup_10) := true
  isReceptacleObject(cup_10) := true
  cleanable(cup_10) := true
  heatable(cup_10) := true
  coolable(cup_10) := true
  receptacleAtLocation(toiletPaperHanger_1, location1) := true
  receptacleAtLocation(desk_2, location6) := true
  receptacleAtLocation(tvStand_3, location8) := true
  receptacleAtLocation(diningTable_4, location2) := true
  receptacleAtLocation(safe_5, location5) := true
  receptacleAtLocation(coffeeTable_6, location4) := true
  receptacleAtLocation(tvStand_7, location2) := true
  receptacleAtLocation(bathtubBasin_8, location5) := true
  receptacleAtLocation(toilet_9, location2) := true
  receptacleAtLocation(handTowelHolder_10, location8) := true
  inReceptacle(cloth_1, diningTable_4) := true
  inReceptacle(wineBottle_4, coffeeTable_6) := true
  inReceptacle(dishSponge_5, toilet_9) := true
  objectAtLocation(cloth_1, location2) := true
  objectAtLocation(creditCard_2, location10) := true
  objectAtLocation(tennisRacket_3, location8) := true
  objectAtLocation(wineBottle_4, location4) := true
  objectAtLocation(dishSponge_5, location2) := true
  objectAtLocation(pot_6, location8) := true
  objectAtLocation(spoon_7, location8) := true
  objectAtLocation(potato_8, location6) := true
  objectAtLocation(apple_9, location9) := true
  objectAtLocation(cup_10, location5) := true
  atLocation(agent1, location10) := true
]

goals = [
  Exists (Receptacle - Checkable r) Exists (Obj - Checkable o) (inReceptacle(o, r) and objectType(o, clothType) and receptacleType(r, coffeeTableType))
]

quality metrics = [
  minimize sequential-plan-length
]


2025-06-17 10:24:45,320 - INFO - Generating plan for unconstrained problem

2025-06-17 10:24:45,740 - INFO - Unconstrained plan generation time: 0.41944122314453125

2025-06-17 10:24:45,740 - INFO - Unconstrained plan and cost: 
2025-06-17 10:24:45,740 - INFO - SequentialPlan:
    goToLocation(agent1, location10, location2)
    pickupObject(agent1, location2, cloth_1, diningTable_4)
    goToLocation(agent1, location2, location4)
    putObject(agent1, location4, cloth_1, coffeeTable_6, clothType, coffeeTableType)
2025-06-17 10:24:45,740 - INFO - 4
2025-06-17 10:24:46,516 - INFO - Sampled constraints:

2025-06-17 10:24:46,516 - INFO - Sometime(checked(agent1))
2025-06-17 10:24:46,516 - INFO - 
2025-06-17 10:24:46,516 - INFO - Generation time: 0.7755093574523926

2025-06-17 10:24:46,523 - INFO - Generating plan for constrained problem (with LiftedTCORE).

2025-06-17 10:24:46,562 - INFO - LiftedTCORE compilation time: 0.03765511512756348

2025-06-17 10:24:46,958 - INFO - Planning Time with LiftedTCORE's file: 0.38883352279663086

2025-06-17 10:24:46,958 - INFO - Plan found with LiftedTCORE + sym_bd: SequentialPlan:
    help(agent1)
    goToLocation(agent1, location10, location2)
    pickupObject(agent1, location2, cloth_1, diningTable_4)
    goToLocation(agent1, location2, location4)
    putObject(agent1, location4, cloth_1, coffeeTable_6, clothType, coffeeTableType)
2025-06-17 10:24:46,958 - INFO - Seed: 1005 is solvable

2025-06-17 10:24:46,958 - INFO - Unconstrained cost: 4
2025-06-17 10:24:46,958 - INFO - Constrained cost: 5
2025-06-17 10:24:46,958 - INFO - Seed: 1005 Plan simulation is feasible
2025-06-17 10:24:46,958 - INFO - 
Seed: 1005 
 Plan: [help(agent1), goToLocation(agent1, location10, location2), pickupObject(agent1, location2, cloth_1, diningTable_4), goToLocation(agent1, location2, location4), putObject(agent1, location4, cloth_1, coffeeTable_6, clothType, coffeeTableType)]  
 Cost: 5

