2025-06-17 09:57:08,553 - INFO - 
================= Seed: 567 =================

2025-06-17 09:57:08,558 - INFO - problem name = alfred

types = [ReceptacleType, ObjectType, Checkable, Agent - Checkable, Location - Checkable, Receptacle - Checkable, Obj - Checkable]

fluents = [
  bool atLocation[a=Agent - Checkable, l=Location - Checkable]
  bool receptacleAtLocation[r=Receptacle - Checkable, l=Location - Checkable]
  bool objectAtLocation[o=Obj - Checkable, l=Location - Checkable]
  bool openable[r=Receptacle - Checkable]
  bool opened[r=Receptacle - Checkable]
  bool inReceptacle[o=Obj - Checkable, r=Receptacle - Checkable]
  bool isReceptacleObject[o=Obj - Checkable]
  bool inReceptacleObject[innerObject=Obj - Checkable, outObject=Obj - Checkable]
  bool isReceptacleObjectFull[o=Obj - Checkable]
  bool wasInReceptacle[o=Obj - Checkable, r=Receptacle - Checkable]
  bool checked[c=Checkable]
  bool examined[l=Location - Checkable]
  bool receptacleType[r=Receptacle - Checkable, rt=ReceptacleType]
  bool canContain[rt=ReceptacleType, ot=ObjectType]
  bool objectType[o=Obj - Checkable, t=ObjectType]
  bool holds[a=Agent - Checkable, o=Obj - Checkable]
  bool holdsAny[a=Agent - Checkable]
  bool holdsAnyReceptacleObject[a=Agent - Checkable]
  bool full[r=Receptacle - Checkable]
  bool isClean[o=Obj - Checkable]
  bool cleanable[o=Obj - Checkable]
  bool isHot[o=Obj - Checkable]
  bool heatable[o=Obj - Checkable]
  bool isCool[o=Obj - Checkable]
  bool coolable[o=Obj - Checkable]
  bool pickupable[o=Obj - Checkable]
  bool moveable[o=Obj - Checkable]
  bool toggleable[o=Obj - Checkable]
  bool isOn[o=Obj - Checkable]
  bool isToggled[o=Obj - Checkable]
  bool sliceable[o=Obj - Checkable]
  bool isSliced[o=Obj - Checkable]
]

actions = [
  action look(Agent - Checkable a, Location - Checkable l) {
    preconditions = [
      atLocation(a, l)
    ]
    effects = [
      checked(l) := true
    ]
  }
  action inventory(Agent - Checkable a) {
    preconditions = [
    ]
    effects = [
      checked(a) := true
    ]
  }
  action examineReceptacle(Agent - Checkable a, Receptacle - Checkable r) {
    preconditions = [
      Exists (Location - Checkable l) (atLocation(a, l) and receptacleAtLocation(r, l))
    ]
    effects = [
      checked(r) := true
    ]
  }
  action examineObject(Agent - Checkable a, Obj - Checkable o) {
    preconditions = [
      (Exists (Location - Checkable l) Exists (Receptacle - Checkable r) (atLocation(a, l) and receptacleAtLocation(r, l) and inReceptacle(o, r) and ((not openable(r)) or opened(r))) or holds(a, o))
    ]
    effects = [
      checked(o) := true
    ]
  }
  action goToLocation(Agent - Checkable a, Location - Checkable lstart, Location - Checkable lend) {
    preconditions = [
      atLocation(a, lstart)
    ]
    effects = [
      atLocation(a, lstart) := false
      atLocation(a, lend) := true
    ]
  }
  action openObject(Agent - Checkable a, Location - Checkable l, Receptacle - Checkable r) {
    preconditions = [
      (openable(r) and atLocation(a, l) and receptacleAtLocation(r, l) and (not opened(r)))
    ]
    effects = [
      opened(r) := true
      checked(r) := true
    ]
  }
  action closeObject(Agent - Checkable a, Location - Checkable l, Receptacle - Checkable r) {
    preconditions = [
      (openable(r) and atLocation(a, l) and receptacleAtLocation(r, l) and opened(r))
    ]
    effects = [
      opened(r) := false
    ]
  }
  action pickupObject(Agent - Checkable a, Location - Checkable l, Obj - Checkable o, Receptacle - Checkable r) {
    preconditions = [
      (pickupable(o) and atLocation(a, l) and receptacleAtLocation(r, l) and inReceptacle(o, r) and (not holdsAny(a)) and ((not openable(r)) or opened(r)))
    ]
    effects = [
      inReceptacle(o, r) := false
      holds(a, o) := true
      holdsAny(a) := true
      objectAtLocation(o, l) := false
    ]
  }
  action putObject(Agent - Checkable a, Location - Checkable l, Obj - Checkable o, Receptacle - Checkable r, ObjectType ot, ReceptacleType rt) {
    preconditions = [
      (holds(a, o) and atLocation(a, l) and receptacleAtLocation(r, l) and ((not openable(r)) or opened(r)) and objectType(o, ot) and receptacleType(r, rt) and canContain(rt, ot))
    ]
    effects = [
      inReceptacle(o, r) := true
      objectAtLocation(o, l) := true
      holds(a, o) := false
      holdsAny(a) := false
    ]
  }
  action cleanObject(Agent - Checkable a, Location - Checkable l, Receptacle - Checkable r, Obj - Checkable o) {
    preconditions = [
      (cleanable(o) and receptacleType(r, sinkBasinType) and atLocation(a, l) and receptacleAtLocation(r, l) and holds(a, o))
    ]
    effects = [
      isClean(o) := true
    ]
  }
  action heatObject(Agent - Checkable a, Location - Checkable l, Receptacle - Checkable r, Obj - Checkable o) {
    preconditions = [
      (heatable(o) and receptacleType(r, microwaveType) and atLocation(a, l) and receptacleAtLocation(r, l) and holds(a, o))
    ]
    effects = [
      isHot(o) := true
      isCool(o) := false
    ]
  }
  action coolObject(Agent - Checkable a, Location - Checkable l, Receptacle - Checkable r, Obj - Checkable o) {
    preconditions = [
      (coolable(o) and receptacleType(r, fridgeType) and atLocation(a, l) and receptacleAtLocation(r, l) and holds(a, o))
    ]
    effects = [
      isCool(o) := true
      isHot(o) := false
    ]
  }
  action toggleObject(Agent - Checkable a, Location - Checkable l, Obj - Checkable o, Receptacle - Checkable r) {
    preconditions = [
      (toggleable(o) and atLocation(a, l) and receptacleAtLocation(r, l) and inReceptacle(o, r))
    ]
    effects = [
      if isOn(o) then isOn(o) := false
      if (not isOn(o)) then isOn(o) := true
      isToggled(o) := true
    ]
  }
  action sliceObject(Agent - Checkable a, Location - Checkable l, Obj - Checkable co, Obj - Checkable ko) {
    preconditions = [
      (sliceable(co) and (objectType(ko, knifeType) or objectType(ko, butterKnifeType)) and atLocation(a, l) and objectAtLocation(co, l) and holds(a, ko))
    ]
    effects = [
      isSliced(co) := true
    ]
  }
  action help(Agent - Checkable a) {
    preconditions = [
    ]
    effects = [
      checked(a) := true
    ]
  }
]

objects = [
  ReceptacleType: [sinkBasinType, microwaveType, fridgeType, cabinetType, toiletPaperHangerType, shelfType, cartType, bedType, dresserType, bathtubBasinType, handTowelHolderType]
  ObjectType: [knifeType, butterKnifeType, wateringCanType, watchType, potType, bowlType, creditCardType, pillowType, tissueBoxType, wineBottleType]
  Checkable: [agent1, location1, location2, location3, location4, location5, location6, location7, location8, location9, location10, cabinet_1, microwave_2, toiletPaperHanger_3, shelf_4, cart_5, bed_6, bed_7, dresser_8, bathtubBasin_9, handTowelHolder_10, wateringCan_1, watch_2, pot_3, pot_4, bowl_5, creditCard_6, pillow_7, tissueBox_8, wineBottle_9, pot_10]
  Agent - Checkable: [agent1]
  Location - Checkable: [location1, location2, location3, location4, location5, location6, location7, location8, location9, location10]
  Receptacle - Checkable: [cabinet_1, microwave_2, toiletPaperHanger_3, shelf_4, cart_5, bed_6, bed_7, dresser_8, bathtubBasin_9, handTowelHolder_10]
  Obj - Checkable: [wateringCan_1, watch_2, pot_3, pot_4, bowl_5, creditCard_6, pillow_7, tissueBox_8, wineBottle_9, pot_10]
]

initial fluents default = [
  bool atLocation[a=Agent - Checkable, l=Location - Checkable] := false
  bool receptacleAtLocation[r=Receptacle - Checkable, l=Location - Checkable] := false
  bool objectAtLocation[o=Obj - Checkable, l=Location - Checkable] := false
  bool openable[r=Receptacle - Checkable] := false
  bool opened[r=Receptacle - Checkable] := false
  bool inReceptacle[o=Obj - Checkable, r=Receptacle - Checkable] := false
  bool isReceptacleObject[o=Obj - Checkable] := false
  bool inReceptacleObject[innerObject=Obj - Checkable, outObject=Obj - Checkable] := false
  bool isReceptacleObjectFull[o=Obj - Checkable] := false
  bool wasInReceptacle[o=Obj - Checkable, r=Receptacle - Checkable] := false
  bool checked[c=Checkable] := false
  bool examined[l=Location - Checkable] := false
  bool receptacleType[r=Receptacle - Checkable, rt=ReceptacleType] := false
  bool canContain[rt=ReceptacleType, ot=ObjectType] := false
  bool objectType[o=Obj - Checkable, t=ObjectType] := false
  bool holds[a=Agent - Checkable, o=Obj - Checkable] := false
  bool holdsAny[a=Agent - Checkable] := false
  bool holdsAnyReceptacleObject[a=Agent - Checkable] := false
  bool full[r=Receptacle - Checkable] := false
  bool isClean[o=Obj - Checkable] := false
  bool cleanable[o=Obj - Checkable] := false
  bool isHot[o=Obj - Checkable] := false
  bool heatable[o=Obj - Checkable] := false
  bool isCool[o=Obj - Checkable] := false
  bool coolable[o=Obj - Checkable] := false
  bool pickupable[o=Obj - Checkable] := false
  bool moveable[o=Obj - Checkable] := false
  bool toggleable[o=Obj - Checkable] := false
  bool isOn[o=Obj - Checkable] := false
  bool isToggled[o=Obj - Checkable] := false
  bool sliceable[o=Obj - Checkable] := false
  bool isSliced[o=Obj - Checkable] := false
]

initial values = [
  receptacleType(cabinet_1, cabinetType) := true
  receptacleType(microwave_2, microwaveType) := true
  receptacleType(toiletPaperHanger_3, toiletPaperHangerType) := true
  receptacleType(shelf_4, shelfType) := true
  receptacleType(cart_5, cartType) := true
  receptacleType(bed_6, bedType) := true
  receptacleType(bed_7, bedType) := true
  receptacleType(dresser_8, dresserType) := true
  receptacleType(bathtubBasin_9, bathtubBasinType) := true
  receptacleType(handTowelHolder_10, handTowelHolderType) := true
  objectType(wateringCan_1, wateringCanType) := true
  objectType(watch_2, watchType) := true
  objectType(pot_3, potType) := true
  objectType(pot_4, potType) := true
  objectType(bowl_5, bowlType) := true
  objectType(creditCard_6, creditCardType) := true
  objectType(pillow_7, pillowType) := true
  objectType(tissueBox_8, tissueBoxType) := true
  objectType(wineBottle_9, wineBottleType) := true
  objectType(pot_10, potType) := true
  canContain(cabinetType, wateringCanType) := true
  canContain(cabinetType, potType) := true
  canContain(cabinetType, bowlType) := true
  canContain(cabinetType, tissueBoxType) := true
  canContain(cabinetType, wineBottleType) := true
  canContain(microwaveType, bowlType) := true
  canContain(shelfType, wateringCanType) := true
  canContain(shelfType, watchType) := true
  canContain(shelfType, potType) := true
  canContain(shelfType, bowlType) := true
  canContain(shelfType, creditCardType) := true
  canContain(shelfType, tissueBoxType) := true
  canContain(shelfType, wineBottleType) := true
  canContain(cartType, tissueBoxType) := true
  canContain(bedType, pillowType) := true
  canContain(dresserType, wateringCanType) := true
  canContain(dresserType, watchType) := true
  canContain(dresserType, bowlType) := true
  canContain(dresserType, creditCardType) := true
  canContain(dresserType, tissueBoxType) := true
  canContain(dresserType, wineBottleType) := true
  pickupable(wateringCan_1) := true
  pickupable(watch_2) := true
  pickupable(pot_3) := true
  isReceptacleObject(pot_3) := true
  cleanable(pot_3) := true
  coolable(pot_3) := true
  pickupable(pot_4) := true
  isReceptacleObject(pot_4) := true
  cleanable(pot_4) := true
  coolable(pot_4) := true
  pickupable(bowl_5) := true
  isReceptacleObject(bowl_5) := true
  cleanable(bowl_5) := true
  coolable(bowl_5) := true
  pickupable(creditCard_6) := true
  pickupable(pillow_7) := true
  pickupable(tissueBox_8) := true
  pickupable(wineBottle_9) := true
  pickupable(pot_10) := true
  isReceptacleObject(pot_10) := true
  cleanable(pot_10) := true
  coolable(pot_10) := true
  receptacleAtLocation(cabinet_1, location7) := true
  receptacleAtLocation(microwave_2, location9) := true
  receptacleAtLocation(toiletPaperHanger_3, location1) := true
  receptacleAtLocation(shelf_4, location6) := true
  receptacleAtLocation(cart_5, location10) := true
  receptacleAtLocation(bed_6, location8) := true
  receptacleAtLocation(bed_7, location8) := true
  receptacleAtLocation(dresser_8, location10) := true
  receptacleAtLocation(bathtubBasin_9, location2) := true
  receptacleAtLocation(handTowelHolder_10, location4) := true
  inReceptacle(watch_2, dresser_8) := true
  inReceptacle(pot_4, cabinet_1) := true
  inReceptacle(tissueBox_8, shelf_4) := true
  objectAtLocation(wateringCan_1, location10) := true
  objectAtLocation(watch_2, location10) := true
  objectAtLocation(pot_3, location7) := true
  objectAtLocation(pot_4, location7) := true
  objectAtLocation(bowl_5, location6) := true
  objectAtLocation(creditCard_6, location7) := true
  objectAtLocation(pillow_7, location6) := true
  objectAtLocation(tissueBox_8, location6) := true
  objectAtLocation(wineBottle_9, location7) := true
  objectAtLocation(pot_10, location3) := true
  atLocation(agent1, location2) := true
]

goals = [
  Exists (Receptacle - Checkable r) Exists (Obj - Checkable o) (inReceptacle(o, r) and objectType(o, creditCardType) and receptacleType(r, dresserType))
]

quality metrics = [
  minimize sequential-plan-length
]


2025-06-17 09:57:08,560 - INFO - Generating plan for unconstrained problem

2025-06-17 09:57:08,957 - INFO - Unconstrained plan generation time: 0.39747095108032227

