2025-06-17 11:15:46,865 - INFO - 
================= Seed: 40 =================

2025-06-17 11:15:46,865 - INFO - problem name = alfred

types = [ReceptacleType, ObjectType, Checkable, Agent - Checkable, Location - Checkable, Receptacle - Checkable, Obj - Checkable]

fluents = [
  bool atLocation[a=Agent - Checkable, l=Location - Checkable]
  bool receptacleAtLocation[r=Receptacle - Checkable, l=Location - Checkable]
  bool objectAtLocation[o=Obj - Checkable, l=Location - Checkable]
  bool openable[r=Receptacle - Checkable]
  bool opened[r=Receptacle - Checkable]
  bool inReceptacle[o=Obj - Checkable, r=Receptacle - Checkable]
  bool isReceptacleObject[o=Obj - Checkable]
  bool inReceptacleObject[innerObject=Obj - Checkable, outObject=Obj - Checkable]
  bool isReceptacleObjectFull[o=Obj - Checkable]
  bool wasInReceptacle[o=Obj - Checkable, r=Receptacle - Checkable]
  bool checked[c=Checkable]
  bool examined[l=Location - Checkable]
  bool receptacleType[r=Receptacle - Checkable, rt=ReceptacleType]
  bool canContain[rt=ReceptacleType, ot=ObjectType]
  bool objectType[o=Obj - Checkable, t=ObjectType]
  bool holds[a=Agent - Checkable, o=Obj - Checkable]
  bool holdsAny[a=Agent - Checkable]
  bool holdsAnyReceptacleObject[a=Agent - Checkable]
  bool full[r=Receptacle - Checkable]
  bool isClean[o=Obj - Checkable]
  bool cleanable[o=Obj - Checkable]
  bool isHot[o=Obj - Checkable]
  bool heatable[o=Obj - Checkable]
  bool isCool[o=Obj - Checkable]
  bool coolable[o=Obj - Checkable]
  bool pickupable[o=Obj - Checkable]
  bool moveable[o=Obj - Checkable]
  bool toggleable[o=Obj - Checkable]
  bool isOn[o=Obj - Checkable]
  bool isToggled[o=Obj - Checkable]
  bool sliceable[o=Obj - Checkable]
  bool isSliced[o=Obj - Checkable]
]

actions = [
  action look(Agent - Checkable a, Location - Checkable l) {
    preconditions = [
      atLocation(a, l)
    ]
    effects = [
      checked(l) := true
    ]
  }
  action inventory(Agent - Checkable a) {
    preconditions = [
    ]
    effects = [
      checked(a) := true
    ]
  }
  action examineReceptacle(Agent - Checkable a, Receptacle - Checkable r) {
    preconditions = [
      Exists (Location - Checkable l) (atLocation(a, l) and receptacleAtLocation(r, l))
    ]
    effects = [
      checked(r) := true
    ]
  }
  action examineObject(Agent - Checkable a, Obj - Checkable o) {
    preconditions = [
      (Exists (Location - Checkable l) Exists (Receptacle - Checkable r) (atLocation(a, l) and receptacleAtLocation(r, l) and inReceptacle(o, r) and ((not openable(r)) or opened(r))) or holds(a, o))
    ]
    effects = [
      checked(o) := true
    ]
  }
  action goToLocation(Agent - Checkable a, Location - Checkable lstart, Location - Checkable lend) {
    preconditions = [
      atLocation(a, lstart)
    ]
    effects = [
      atLocation(a, lstart) := false
      atLocation(a, lend) := true
    ]
  }
  action openObject(Agent - Checkable a, Location - Checkable l, Receptacle - Checkable r) {
    preconditions = [
      (openable(r) and atLocation(a, l) and receptacleAtLocation(r, l) and (not opened(r)))
    ]
    effects = [
      opened(r) := true
      checked(r) := true
    ]
  }
  action closeObject(Agent - Checkable a, Location - Checkable l, Receptacle - Checkable r) {
    preconditions = [
      (openable(r) and atLocation(a, l) and receptacleAtLocation(r, l) and opened(r))
    ]
    effects = [
      opened(r) := false
    ]
  }
  action pickupObject(Agent - Checkable a, Location - Checkable l, Obj - Checkable o, Receptacle - Checkable r) {
    preconditions = [
      (pickupable(o) and atLocation(a, l) and receptacleAtLocation(r, l) and inReceptacle(o, r) and (not holdsAny(a)) and ((not openable(r)) or opened(r)))
    ]
    effects = [
      inReceptacle(o, r) := false
      holds(a, o) := true
      holdsAny(a) := true
      objectAtLocation(o, l) := false
    ]
  }
  action putObject(Agent - Checkable a, Location - Checkable l, Obj - Checkable o, Receptacle - Checkable r, ObjectType ot, ReceptacleType rt) {
    preconditions = [
      (holds(a, o) and atLocation(a, l) and receptacleAtLocation(r, l) and ((not openable(r)) or opened(r)) and objectType(o, ot) and receptacleType(r, rt) and canContain(rt, ot))
    ]
    effects = [
      inReceptacle(o, r) := true
      objectAtLocation(o, l) := true
      holds(a, o) := false
      holdsAny(a) := false
    ]
  }
  action cleanObject(Agent - Checkable a, Location - Checkable l, Receptacle - Checkable r, Obj - Checkable o) {
    preconditions = [
      (cleanable(o) and receptacleType(r, sinkBasinType) and atLocation(a, l) and receptacleAtLocation(r, l) and holds(a, o))
    ]
    effects = [
      isClean(o) := true
    ]
  }
  action heatObject(Agent - Checkable a, Location - Checkable l, Receptacle - Checkable r, Obj - Checkable o) {
    preconditions = [
      (heatable(o) and receptacleType(r, microwaveType) and atLocation(a, l) and receptacleAtLocation(r, l) and holds(a, o))
    ]
    effects = [
      isHot(o) := true
      isCool(o) := false
    ]
  }
  action coolObject(Agent - Checkable a, Location - Checkable l, Receptacle - Checkable r, Obj - Checkable o) {
    preconditions = [
      (coolable(o) and receptacleType(r, fridgeType) and atLocation(a, l) and receptacleAtLocation(r, l) and holds(a, o))
    ]
    effects = [
      isCool(o) := true
      isHot(o) := false
    ]
  }
  action toggleObject(Agent - Checkable a, Location - Checkable l, Obj - Checkable o, Receptacle - Checkable r) {
    preconditions = [
      (toggleable(o) and atLocation(a, l) and receptacleAtLocation(r, l) and inReceptacle(o, r))
    ]
    effects = [
      if isOn(o) then isOn(o) := false
      if (not isOn(o)) then isOn(o) := true
      isToggled(o) := true
    ]
  }
  action sliceObject(Agent - Checkable a, Location - Checkable l, Obj - Checkable co, Obj - Checkable ko) {
    preconditions = [
      (sliceable(co) and (objectType(ko, knifeType) or objectType(ko, butterKnifeType)) and atLocation(a, l) and objectAtLocation(co, l) and holds(a, ko))
    ]
    effects = [
      isSliced(co) := true
    ]
  }
  action help(Agent - Checkable a) {
    preconditions = [
    ]
    effects = [
      checked(a) := true
    ]
  }
]

objects = [
  ReceptacleType: [sinkBasinType, microwaveType, fridgeType, sideTableType, bathtubBasinType, tvStandType, towelHolderType, drawerType, handTowelHolderType, sofaType, toiletType]
  ObjectType: [knifeType, butterKnifeType, pepperShakerType, spatulaType, appleType, vaseType, cupType, spoonType, baseballBatType, basketBallType, mugType, bowlType]
  Checkable: [agent1, location1, location2, location3, location4, location5, location6, location7, location8, location9, location10, sideTable_1, bathtubBasin_2, tvStand_3, towelHolder_4, drawer_5, fridge_6, handTowelHolder_7, sofa_8, toilet_9, sofa_10, microwave_11, fridge_12, pepperShaker_1, spatula_2, apple_3, vase_4, cup_5, spoon_6, baseballBat_7, basketBall_8, mug_9, bowl_10]
  Agent - Checkable: [agent1]
  Location - Checkable: [location1, location2, location3, location4, location5, location6, location7, location8, location9, location10]
  Receptacle - Checkable: [sideTable_1, bathtubBasin_2, tvStand_3, towelHolder_4, drawer_5, fridge_6, handTowelHolder_7, sofa_8, toilet_9, sofa_10, microwave_11, fridge_12]
  Obj - Checkable: [pepperShaker_1, spatula_2, apple_3, vase_4, cup_5, spoon_6, baseballBat_7, basketBall_8, mug_9, bowl_10]
]

initial fluents default = [
  bool atLocation[a=Agent - Checkable, l=Location - Checkable] := false
  bool receptacleAtLocation[r=Receptacle - Checkable, l=Location - Checkable] := false
  bool objectAtLocation[o=Obj - Checkable, l=Location - Checkable] := false
  bool openable[r=Receptacle - Checkable] := false
  bool opened[r=Receptacle - Checkable] := false
  bool inReceptacle[o=Obj - Checkable, r=Receptacle - Checkable] := false
  bool isReceptacleObject[o=Obj - Checkable] := false
  bool inReceptacleObject[innerObject=Obj - Checkable, outObject=Obj - Checkable] := false
  bool isReceptacleObjectFull[o=Obj - Checkable] := false
  bool wasInReceptacle[o=Obj - Checkable, r=Receptacle - Checkable] := false
  bool checked[c=Checkable] := false
  bool examined[l=Location - Checkable] := false
  bool receptacleType[r=Receptacle - Checkable, rt=ReceptacleType] := false
  bool canContain[rt=ReceptacleType, ot=ObjectType] := false
  bool objectType[o=Obj - Checkable, t=ObjectType] := false
  bool holds[a=Agent - Checkable, o=Obj - Checkable] := false
  bool holdsAny[a=Agent - Checkable] := false
  bool holdsAnyReceptacleObject[a=Agent - Checkable] := false
  bool full[r=Receptacle - Checkable] := false
  bool isClean[o=Obj - Checkable] := false
  bool cleanable[o=Obj - Checkable] := false
  bool isHot[o=Obj - Checkable] := false
  bool heatable[o=Obj - Checkable] := false
  bool isCool[o=Obj - Checkable] := false
  bool coolable[o=Obj - Checkable] := false
  bool pickupable[o=Obj - Checkable] := false
  bool moveable[o=Obj - Checkable] := false
  bool toggleable[o=Obj - Checkable] := false
  bool isOn[o=Obj - Checkable] := false
  bool isToggled[o=Obj - Checkable] := false
  bool sliceable[o=Obj - Checkable] := false
  bool isSliced[o=Obj - Checkable] := false
]

initial values = [
  receptacleType(sideTable_1, sideTableType) := true
  receptacleType(bathtubBasin_2, bathtubBasinType) := true
  receptacleType(tvStand_3, tvStandType) := true
  receptacleType(towelHolder_4, towelHolderType) := true
  receptacleType(drawer_5, drawerType) := true
  receptacleType(fridge_6, fridgeType) := true
  receptacleType(handTowelHolder_7, handTowelHolderType) := true
  receptacleType(sofa_8, sofaType) := true
  receptacleType(toilet_9, toiletType) := true
  receptacleType(sofa_10, sofaType) := true
  receptacleType(microwave_11, microwaveType) := true
  receptacleType(fridge_12, fridgeType) := true
  objectType(pepperShaker_1, pepperShakerType) := true
  objectType(spatula_2, spatulaType) := true
  objectType(apple_3, appleType) := true
  objectType(vase_4, vaseType) := true
  objectType(cup_5, cupType) := true
  objectType(spoon_6, spoonType) := true
  objectType(baseballBat_7, baseballBatType) := true
  objectType(basketBall_8, basketBallType) := true
  objectType(mug_9, mugType) := true
  objectType(bowl_10, bowlType) := true
  canContain(sideTableType, pepperShakerType) := true
  canContain(sideTableType, spatulaType) := true
  canContain(sideTableType, appleType) := true
  canContain(sideTableType, vaseType) := true
  canContain(sideTableType, cupType) := true
  canContain(sideTableType, spoonType) := true
  canContain(sideTableType, baseballBatType) := true
  canContain(sideTableType, basketBallType) := true
  canContain(sideTableType, mugType) := true
  canContain(sideTableType, bowlType) := true
  canContain(drawerType, pepperShakerType) := true
  canContain(drawerType, spatulaType) := true
  canContain(drawerType, spoonType) := true
  canContain(fridgeType, appleType) := true
  canContain(fridgeType, cupType) := true
  canContain(fridgeType, mugType) := true
  canContain(fridgeType, bowlType) := true
  canContain(sofaType, basketBallType) := true
  canContain(microwaveType, appleType) := true
  canContain(microwaveType, cupType) := true
  canContain(microwaveType, mugType) := true
  canContain(microwaveType, bowlType) := true
  pickupable(pepperShaker_1) := true
  pickupable(spatula_2) := true
  cleanable(spatula_2) := true
  pickupable(apple_3) := true
  cleanable(apple_3) := true
  heatable(apple_3) := true
  coolable(apple_3) := true
  sliceable(apple_3) := true
  pickupable(vase_4) := true
  pickupable(cup_5) := true
  isReceptacleObject(cup_5) := true
  cleanable(cup_5) := true
  heatable(cup_5) := true
  coolable(cup_5) := true
  pickupable(spoon_6) := true
  cleanable(spoon_6) := true
  pickupable(baseballBat_7) := true
  pickupable(basketBall_8) := true
  pickupable(mug_9) := true
  isReceptacleObject(mug_9) := true
  cleanable(mug_9) := true
  heatable(mug_9) := true
  coolable(mug_9) := true
  pickupable(bowl_10) := true
  isReceptacleObject(bowl_10) := true
  cleanable(bowl_10) := true
  coolable(bowl_10) := true
  receptacleAtLocation(sideTable_1, location5) := true
  receptacleAtLocation(bathtubBasin_2, location6) := true
  receptacleAtLocation(tvStand_3, location3) := true
  receptacleAtLocation(towelHolder_4, location9) := true
  receptacleAtLocation(drawer_5, location9) := true
  receptacleAtLocation(fridge_6, location2) := true
  receptacleAtLocation(handTowelHolder_7, location7) := true
  receptacleAtLocation(sofa_8, location1) := true
  receptacleAtLocation(toilet_9, location6) := true
  receptacleAtLocation(sofa_10, location6) := true
  receptacleAtLocation(microwave_11, location4) := true
  receptacleAtLocation(fridge_12, location3) := true
  inReceptacle(pepperShaker_1, drawer_5) := true
  inReceptacle(spatula_2, drawer_5) := true
  inReceptacle(apple_3, fridge_12) := true
  inReceptacle(vase_4, sideTable_1) := true
  inReceptacle(cup_5, microwave_11) := true
  inReceptacle(spoon_6, drawer_5) := true
  inReceptacle(baseballBat_7, sideTable_1) := true
  inReceptacle(basketBall_8, sofa_10) := true
  inReceptacle(mug_9, fridge_12) := true
  inReceptacle(bowl_10, fridge_12) := true
  objectAtLocation(pepperShaker_1, location9) := true
  objectAtLocation(spatula_2, location9) := true
  objectAtLocation(apple_3, location3) := true
  objectAtLocation(vase_4, location5) := true
  objectAtLocation(cup_5, location4) := true
  objectAtLocation(spoon_6, location9) := true
  objectAtLocation(baseballBat_7, location5) := true
  objectAtLocation(basketBall_8, location6) := true
  objectAtLocation(mug_9, location3) := true
  objectAtLocation(bowl_10, location3) := true
  atLocation(agent1, location7) := true
]

goals = [
  Exists (Receptacle - Checkable r) Exists (Obj - Checkable o1) (inReceptacle(o1, r) and objectType(o1, appleType) and receptacleType(r, sideTableType) and Exists (Obj - Checkable o2) ((not (o1 == o2)) and objectType(o2, cupType) and receptacleType(r, sideTableType) and inReceptacle(o2, r)))
]

quality metrics = [
  minimize sequential-plan-length
]


2025-06-17 11:15:46,871 - INFO - Generating plan for unconstrained problem

2025-06-17 11:15:47,341 - INFO - Unconstrained plan generation time: 0.4705061912536621

2025-06-17 11:15:47,342 - INFO - Unconstrained plan and cost: 
2025-06-17 11:15:47,342 - INFO - SequentialPlan:
    goToLocation(agent1, location7, location3)
    pickupObject(agent1, location3, apple_3, fridge_12)
    goToLocation(agent1, location3, location5)
    putObject(agent1, location5, apple_3, sideTable_1, appleType, sideTableType)
    goToLocation(agent1, location5, location4)
    pickupObject(agent1, location4, cup_5, microwave_11)
    goToLocation(agent1, location4, location5)
    putObject(agent1, location5, cup_5, sideTable_1, cupType, sideTableType)
2025-06-17 11:15:47,342 - INFO - 8
2025-06-17 11:15:48,024 - INFO - Sampled constraints:

2025-06-17 11:15:48,024 - INFO - Sometime(atLocation(agent1, location5))
2025-06-17 11:15:48,025 - INFO - Sometime-Before(atLocation(agent1, location5), atLocation(agent1, location9))
2025-06-17 11:15:48,025 - INFO - 
2025-06-17 11:15:48,025 - INFO - Generation time: 0.6820197105407715

2025-06-17 11:15:48,025 - INFO - Generating plan for constrained problem (with LiftedTCORE).

2025-06-17 11:15:48,082 - INFO - LiftedTCORE compilation time: 0.05612993240356445

2025-06-17 11:15:48,562 - INFO - Planning Time with LiftedTCORE's file: 0.4802896976470947

2025-06-17 11:15:48,563 - INFO - Plan found with LiftedTCORE + sym_bd: SequentialPlan:
    goToLocation(agent1, location7, location9)
    goToLocation(agent1, location9, location3)
    pickupObject(agent1, location3, apple_3, fridge_12)
    goToLocation(agent1, location3, location5)
    putObject(agent1, location5, apple_3, sideTable_1, appleType, sideTableType)
    goToLocation(agent1, location5, location4)
    pickupObject(agent1, location4, cup_5, microwave_11)
    goToLocation(agent1, location4, location5)
    putObject(agent1, location5, cup_5, sideTable_1, cupType, sideTableType)
2025-06-17 11:15:48,563 - INFO - Seed: 40 is solvable

2025-06-17 11:15:48,563 - INFO - Unconstrained cost: 8
2025-06-17 11:15:48,563 - INFO - Constrained cost: 9
2025-06-17 11:15:48,563 - INFO - Seed: 40 Plan simulation is feasible
2025-06-17 11:15:48,563 - INFO - 
Seed: 40 
 Plan: [goToLocation(agent1, location7, location9), goToLocation(agent1, location9, location3), pickupObject(agent1, location3, apple_3, fridge_12), goToLocation(agent1, location3, location5), putObject(agent1, location5, apple_3, sideTable_1, appleType, sideTableType), goToLocation(agent1, location5, location4), pickupObject(agent1, location4, cup_5, microwave_11), goToLocation(agent1, location4, location5), putObject(agent1, location5, cup_5, sideTable_1, cupType, sideTableType)]  
 Cost: 9

