2025-06-17 09:54:24,078 - INFO - 
================= Seed: 351 =================

2025-06-17 09:54:24,089 - INFO - problem name = alfred

types = [ReceptacleType, ObjectType, Checkable, Agent - Checkable, Location - Checkable, Receptacle - Checkable, Obj - Checkable]

fluents = [
  bool atLocation[a=Agent - Checkable, l=Location - Checkable]
  bool receptacleAtLocation[r=Receptacle - Checkable, l=Location - Checkable]
  bool objectAtLocation[o=Obj - Checkable, l=Location - Checkable]
  bool openable[r=Receptacle - Checkable]
  bool opened[r=Receptacle - Checkable]
  bool inReceptacle[o=Obj - Checkable, r=Receptacle - Checkable]
  bool isReceptacleObject[o=Obj - Checkable]
  bool inReceptacleObject[innerObject=Obj - Checkable, outObject=Obj - Checkable]
  bool isReceptacleObjectFull[o=Obj - Checkable]
  bool wasInReceptacle[o=Obj - Checkable, r=Receptacle - Checkable]
  bool checked[c=Checkable]
  bool examined[l=Location - Checkable]
  bool receptacleType[r=Receptacle - Checkable, rt=ReceptacleType]
  bool canContain[rt=ReceptacleType, ot=ObjectType]
  bool objectType[o=Obj - Checkable, t=ObjectType]
  bool holds[a=Agent - Checkable, o=Obj - Checkable]
  bool holdsAny[a=Agent - Checkable]
  bool holdsAnyReceptacleObject[a=Agent - Checkable]
  bool full[r=Receptacle - Checkable]
  bool isClean[o=Obj - Checkable]
  bool cleanable[o=Obj - Checkable]
  bool isHot[o=Obj - Checkable]
  bool heatable[o=Obj - Checkable]
  bool isCool[o=Obj - Checkable]
  bool coolable[o=Obj - Checkable]
  bool pickupable[o=Obj - Checkable]
  bool moveable[o=Obj - Checkable]
  bool toggleable[o=Obj - Checkable]
  bool isOn[o=Obj - Checkable]
  bool isToggled[o=Obj - Checkable]
  bool sliceable[o=Obj - Checkable]
  bool isSliced[o=Obj - Checkable]
]

actions = [
  action look(Agent - Checkable a, Location - Checkable l) {
    preconditions = [
      atLocation(a, l)
    ]
    effects = [
      checked(l) := true
    ]
  }
  action inventory(Agent - Checkable a) {
    preconditions = [
    ]
    effects = [
      checked(a) := true
    ]
  }
  action examineReceptacle(Agent - Checkable a, Receptacle - Checkable r) {
    preconditions = [
      Exists (Location - Checkable l) (atLocation(a, l) and receptacleAtLocation(r, l))
    ]
    effects = [
      checked(r) := true
    ]
  }
  action examineObject(Agent - Checkable a, Obj - Checkable o) {
    preconditions = [
      (Exists (Location - Checkable l) Exists (Receptacle - Checkable r) (atLocation(a, l) and receptacleAtLocation(r, l) and inReceptacle(o, r) and ((not openable(r)) or opened(r))) or holds(a, o))
    ]
    effects = [
      checked(o) := true
    ]
  }
  action goToLocation(Agent - Checkable a, Location - Checkable lstart, Location - Checkable lend) {
    preconditions = [
      atLocation(a, lstart)
    ]
    effects = [
      atLocation(a, lstart) := false
      atLocation(a, lend) := true
    ]
  }
  action openObject(Agent - Checkable a, Location - Checkable l, Receptacle - Checkable r) {
    preconditions = [
      (openable(r) and atLocation(a, l) and receptacleAtLocation(r, l) and (not opened(r)))
    ]
    effects = [
      opened(r) := true
      checked(r) := true
    ]
  }
  action closeObject(Agent - Checkable a, Location - Checkable l, Receptacle - Checkable r) {
    preconditions = [
      (openable(r) and atLocation(a, l) and receptacleAtLocation(r, l) and opened(r))
    ]
    effects = [
      opened(r) := false
    ]
  }
  action pickupObject(Agent - Checkable a, Location - Checkable l, Obj - Checkable o, Receptacle - Checkable r) {
    preconditions = [
      (pickupable(o) and atLocation(a, l) and receptacleAtLocation(r, l) and inReceptacle(o, r) and (not holdsAny(a)) and ((not openable(r)) or opened(r)))
    ]
    effects = [
      inReceptacle(o, r) := false
      holds(a, o) := true
      holdsAny(a) := true
      objectAtLocation(o, l) := false
    ]
  }
  action putObject(Agent - Checkable a, Location - Checkable l, Obj - Checkable o, Receptacle - Checkable r, ObjectType ot, ReceptacleType rt) {
    preconditions = [
      (holds(a, o) and atLocation(a, l) and receptacleAtLocation(r, l) and ((not openable(r)) or opened(r)) and objectType(o, ot) and receptacleType(r, rt) and canContain(rt, ot))
    ]
    effects = [
      inReceptacle(o, r) := true
      objectAtLocation(o, l) := true
      holds(a, o) := false
      holdsAny(a) := false
    ]
  }
  action cleanObject(Agent - Checkable a, Location - Checkable l, Receptacle - Checkable r, Obj - Checkable o) {
    preconditions = [
      (cleanable(o) and receptacleType(r, sinkBasinType) and atLocation(a, l) and receptacleAtLocation(r, l) and holds(a, o))
    ]
    effects = [
      isClean(o) := true
    ]
  }
  action heatObject(Agent - Checkable a, Location - Checkable l, Receptacle - Checkable r, Obj - Checkable o) {
    preconditions = [
      (heatable(o) and receptacleType(r, microwaveType) and atLocation(a, l) and receptacleAtLocation(r, l) and holds(a, o))
    ]
    effects = [
      isHot(o) := true
      isCool(o) := false
    ]
  }
  action coolObject(Agent - Checkable a, Location - Checkable l, Receptacle - Checkable r, Obj - Checkable o) {
    preconditions = [
      (coolable(o) and receptacleType(r, fridgeType) and atLocation(a, l) and receptacleAtLocation(r, l) and holds(a, o))
    ]
    effects = [
      isCool(o) := true
      isHot(o) := false
    ]
  }
  action toggleObject(Agent - Checkable a, Location - Checkable l, Obj - Checkable o, Receptacle - Checkable r) {
    preconditions = [
      (toggleable(o) and atLocation(a, l) and receptacleAtLocation(r, l) and inReceptacle(o, r))
    ]
    effects = [
      if isOn(o) then isOn(o) := false
      if (not isOn(o)) then isOn(o) := true
      isToggled(o) := true
    ]
  }
  action sliceObject(Agent - Checkable a, Location - Checkable l, Obj - Checkable co, Obj - Checkable ko) {
    preconditions = [
      (sliceable(co) and (objectType(ko, knifeType) or objectType(ko, butterKnifeType)) and atLocation(a, l) and objectAtLocation(co, l) and holds(a, ko))
    ]
    effects = [
      isSliced(co) := true
    ]
  }
  action help(Agent - Checkable a) {
    preconditions = [
    ]
    effects = [
      checked(a) := true
    ]
  }
]

objects = [
  ReceptacleType: [sinkBasinType, microwaveType, fridgeType, cartType, armChairType, bathtubBasinType, stoveBurnerType, dresserType, garbageCanType, handTowelHolderType]
  ObjectType: [knifeType, butterKnifeType, handTowelType, plungerType, pillowType, tissueBoxType, glassbottleType, panType, cupType, eggType, pencilType, bowlType]
  Checkable: [agent1, location1, location2, location3, location4, location5, location6, location7, location8, location9, location10, cart_1, armChair_2, bathtubBasin_3, stoveBurner_4, microwave_5, dresser_6, garbageCan_7, microwave_8, dresser_9, handTowelHolder_10, handTowel_1, plunger_2, pillow_3, tissueBox_4, glassbottle_5, pan_6, cup_7, egg_8, pencil_9, bowl_10]
  Agent - Checkable: [agent1]
  Location - Checkable: [location1, location2, location3, location4, location5, location6, location7, location8, location9, location10]
  Receptacle - Checkable: [cart_1, armChair_2, bathtubBasin_3, stoveBurner_4, microwave_5, dresser_6, garbageCan_7, microwave_8, dresser_9, handTowelHolder_10]
  Obj - Checkable: [handTowel_1, plunger_2, pillow_3, tissueBox_4, glassbottle_5, pan_6, cup_7, egg_8, pencil_9, bowl_10]
]

initial fluents default = [
  bool atLocation[a=Agent - Checkable, l=Location - Checkable] := false
  bool receptacleAtLocation[r=Receptacle - Checkable, l=Location - Checkable] := false
  bool objectAtLocation[o=Obj - Checkable, l=Location - Checkable] := false
  bool openable[r=Receptacle - Checkable] := false
  bool opened[r=Receptacle - Checkable] := false
  bool inReceptacle[o=Obj - Checkable, r=Receptacle - Checkable] := false
  bool isReceptacleObject[o=Obj - Checkable] := false
  bool inReceptacleObject[innerObject=Obj - Checkable, outObject=Obj - Checkable] := false
  bool isReceptacleObjectFull[o=Obj - Checkable] := false
  bool wasInReceptacle[o=Obj - Checkable, r=Receptacle - Checkable] := false
  bool checked[c=Checkable] := false
  bool examined[l=Location - Checkable] := false
  bool receptacleType[r=Receptacle - Checkable, rt=ReceptacleType] := false
  bool canContain[rt=ReceptacleType, ot=ObjectType] := false
  bool objectType[o=Obj - Checkable, t=ObjectType] := false
  bool holds[a=Agent - Checkable, o=Obj - Checkable] := false
  bool holdsAny[a=Agent - Checkable] := false
  bool holdsAnyReceptacleObject[a=Agent - Checkable] := false
  bool full[r=Receptacle - Checkable] := false
  bool isClean[o=Obj - Checkable] := false
  bool cleanable[o=Obj - Checkable] := false
  bool isHot[o=Obj - Checkable] := false
  bool heatable[o=Obj - Checkable] := false
  bool isCool[o=Obj - Checkable] := false
  bool coolable[o=Obj - Checkable] := false
  bool pickupable[o=Obj - Checkable] := false
  bool moveable[o=Obj - Checkable] := false
  bool toggleable[o=Obj - Checkable] := false
  bool isOn[o=Obj - Checkable] := false
  bool isToggled[o=Obj - Checkable] := false
  bool sliceable[o=Obj - Checkable] := false
  bool isSliced[o=Obj - Checkable] := false
]

initial values = [
  receptacleType(cart_1, cartType) := true
  receptacleType(armChair_2, armChairType) := true
  receptacleType(bathtubBasin_3, bathtubBasinType) := true
  receptacleType(stoveBurner_4, stoveBurnerType) := true
  receptacleType(microwave_5, microwaveType) := true
  receptacleType(dresser_6, dresserType) := true
  receptacleType(garbageCan_7, garbageCanType) := true
  receptacleType(microwave_8, microwaveType) := true
  receptacleType(dresser_9, dresserType) := true
  receptacleType(handTowelHolder_10, handTowelHolderType) := true
  objectType(handTowel_1, handTowelType) := true
  objectType(plunger_2, plungerType) := true
  objectType(pillow_3, pillowType) := true
  objectType(tissueBox_4, tissueBoxType) := true
  objectType(glassbottle_5, glassbottleType) := true
  objectType(pan_6, panType) := true
  objectType(cup_7, cupType) := true
  objectType(egg_8, eggType) := true
  objectType(pencil_9, pencilType) := true
  objectType(bowl_10, bowlType) := true
  canContain(cartType, handTowelType) := true
  canContain(cartType, plungerType) := true
  canContain(cartType, tissueBoxType) := true
  canContain(armChairType, pillowType) := true
  canContain(bathtubBasinType, handTowelType) := true
  canContain(stoveBurnerType, panType) := true
  canContain(microwaveType, glassbottleType) := true
  canContain(microwaveType, cupType) := true
  canContain(microwaveType, eggType) := true
  canContain(microwaveType, bowlType) := true
  canContain(dresserType, tissueBoxType) := true
  canContain(dresserType, glassbottleType) := true
  canContain(dresserType, cupType) := true
  canContain(dresserType, pencilType) := true
  canContain(dresserType, bowlType) := true
  canContain(garbageCanType, handTowelType) := true
  canContain(garbageCanType, tissueBoxType) := true
  canContain(garbageCanType, eggType) := true
  canContain(garbageCanType, pencilType) := true
  canContain(handTowelHolderType, handTowelType) := true
  pickupable(handTowel_1) := true
  pickupable(plunger_2) := true
  pickupable(pillow_3) := true
  pickupable(tissueBox_4) := true
  pickupable(glassbottle_5) := true
  pickupable(pan_6) := true
  isReceptacleObject(pan_6) := true
  cleanable(pan_6) := true
  coolable(pan_6) := true
  pickupable(cup_7) := true
  isReceptacleObject(cup_7) := true
  cleanable(cup_7) := true
  heatable(cup_7) := true
  coolable(cup_7) := true
  pickupable(egg_8) := true
  cleanable(egg_8) := true
  heatable(egg_8) := true
  coolable(egg_8) := true
  sliceable(egg_8) := true
  pickupable(pencil_9) := true
  pickupable(bowl_10) := true
  isReceptacleObject(bowl_10) := true
  cleanable(bowl_10) := true
  coolable(bowl_10) := true
  receptacleAtLocation(cart_1, location8) := true
  receptacleAtLocation(armChair_2, location10) := true
  receptacleAtLocation(bathtubBasin_3, location5) := true
  receptacleAtLocation(stoveBurner_4, location3) := true
  receptacleAtLocation(microwave_5, location3) := true
  receptacleAtLocation(dresser_6, location6) := true
  receptacleAtLocation(garbageCan_7, location7) := true
  receptacleAtLocation(microwave_8, location2) := true
  receptacleAtLocation(dresser_9, location4) := true
  receptacleAtLocation(handTowelHolder_10, location10) := true
  inReceptacle(handTowel_1, garbageCan_7) := true
  inReceptacle(glassbottle_5, dresser_6) := true
  inReceptacle(bowl_10, dresser_9) := true
  objectAtLocation(handTowel_1, location7) := true
  objectAtLocation(plunger_2, location10) := true
  objectAtLocation(pillow_3, location3) := true
  objectAtLocation(tissueBox_4, location3) := true
  objectAtLocation(glassbottle_5, location6) := true
  objectAtLocation(pan_6, location2) := true
  objectAtLocation(cup_7, location2) := true
  objectAtLocation(egg_8, location9) := true
  objectAtLocation(pencil_9, location9) := true
  objectAtLocation(bowl_10, location4) := true
  atLocation(agent1, location4) := true
]

goals = [
  Exists (Receptacle - Checkable r) Exists (Obj - Checkable o) (coolable(o) and objectType(o, bowlType) and receptacleType(r, microwaveType) and isCool(o) and inReceptacle(o, r))
]

quality metrics = [
  minimize sequential-plan-length
]


2025-06-17 09:54:24,092 - INFO - Generating plan for unconstrained problem

2025-06-17 09:54:24,456 - INFO - Unconstrained plan generation time: 0.36342835426330566

