2025-06-17 11:18:43,152 - INFO - 
================= Seed: 151 =================

2025-06-17 11:18:43,152 - INFO - problem name = alfred

types = [ReceptacleType, ObjectType, Checkable, Agent - Checkable, Location - Checkable, Receptacle - Checkable, Obj - Checkable]

fluents = [
  bool atLocation[a=Agent - Checkable, l=Location - Checkable]
  bool receptacleAtLocation[r=Receptacle - Checkable, l=Location - Checkable]
  bool objectAtLocation[o=Obj - Checkable, l=Location - Checkable]
  bool openable[r=Receptacle - Checkable]
  bool opened[r=Receptacle - Checkable]
  bool inReceptacle[o=Obj - Checkable, r=Receptacle - Checkable]
  bool isReceptacleObject[o=Obj - Checkable]
  bool inReceptacleObject[innerObject=Obj - Checkable, outObject=Obj - Checkable]
  bool isReceptacleObjectFull[o=Obj - Checkable]
  bool wasInReceptacle[o=Obj - Checkable, r=Receptacle - Checkable]
  bool checked[c=Checkable]
  bool examined[l=Location - Checkable]
  bool receptacleType[r=Receptacle - Checkable, rt=ReceptacleType]
  bool canContain[rt=ReceptacleType, ot=ObjectType]
  bool objectType[o=Obj - Checkable, t=ObjectType]
  bool holds[a=Agent - Checkable, o=Obj - Checkable]
  bool holdsAny[a=Agent - Checkable]
  bool holdsAnyReceptacleObject[a=Agent - Checkable]
  bool full[r=Receptacle - Checkable]
  bool isClean[o=Obj - Checkable]
  bool cleanable[o=Obj - Checkable]
  bool isHot[o=Obj - Checkable]
  bool heatable[o=Obj - Checkable]
  bool isCool[o=Obj - Checkable]
  bool coolable[o=Obj - Checkable]
  bool pickupable[o=Obj - Checkable]
  bool moveable[o=Obj - Checkable]
  bool toggleable[o=Obj - Checkable]
  bool isOn[o=Obj - Checkable]
  bool isToggled[o=Obj - Checkable]
  bool sliceable[o=Obj - Checkable]
  bool isSliced[o=Obj - Checkable]
]

actions = [
  action look(Agent - Checkable a, Location - Checkable l) {
    preconditions = [
      atLocation(a, l)
    ]
    effects = [
      checked(l) := true
    ]
  }
  action inventory(Agent - Checkable a) {
    preconditions = [
    ]
    effects = [
      checked(a) := true
    ]
  }
  action examineReceptacle(Agent - Checkable a, Receptacle - Checkable r) {
    preconditions = [
      Exists (Location - Checkable l) (atLocation(a, l) and receptacleAtLocation(r, l))
    ]
    effects = [
      checked(r) := true
    ]
  }
  action examineObject(Agent - Checkable a, Obj - Checkable o) {
    preconditions = [
      (Exists (Location - Checkable l) Exists (Receptacle - Checkable r) (atLocation(a, l) and receptacleAtLocation(r, l) and inReceptacle(o, r) and ((not openable(r)) or opened(r))) or holds(a, o))
    ]
    effects = [
      checked(o) := true
    ]
  }
  action goToLocation(Agent - Checkable a, Location - Checkable lstart, Location - Checkable lend) {
    preconditions = [
      atLocation(a, lstart)
    ]
    effects = [
      atLocation(a, lstart) := false
      atLocation(a, lend) := true
    ]
  }
  action openObject(Agent - Checkable a, Location - Checkable l, Receptacle - Checkable r) {
    preconditions = [
      (openable(r) and atLocation(a, l) and receptacleAtLocation(r, l) and (not opened(r)))
    ]
    effects = [
      opened(r) := true
      checked(r) := true
    ]
  }
  action closeObject(Agent - Checkable a, Location - Checkable l, Receptacle - Checkable r) {
    preconditions = [
      (openable(r) and atLocation(a, l) and receptacleAtLocation(r, l) and opened(r))
    ]
    effects = [
      opened(r) := false
    ]
  }
  action pickupObject(Agent - Checkable a, Location - Checkable l, Obj - Checkable o, Receptacle - Checkable r) {
    preconditions = [
      (pickupable(o) and atLocation(a, l) and receptacleAtLocation(r, l) and inReceptacle(o, r) and (not holdsAny(a)) and ((not openable(r)) or opened(r)))
    ]
    effects = [
      inReceptacle(o, r) := false
      holds(a, o) := true
      holdsAny(a) := true
      objectAtLocation(o, l) := false
    ]
  }
  action putObject(Agent - Checkable a, Location - Checkable l, Obj - Checkable o, Receptacle - Checkable r, ObjectType ot, ReceptacleType rt) {
    preconditions = [
      (holds(a, o) and atLocation(a, l) and receptacleAtLocation(r, l) and ((not openable(r)) or opened(r)) and objectType(o, ot) and receptacleType(r, rt) and canContain(rt, ot))
    ]
    effects = [
      inReceptacle(o, r) := true
      objectAtLocation(o, l) := true
      holds(a, o) := false
      holdsAny(a) := false
    ]
  }
  action cleanObject(Agent - Checkable a, Location - Checkable l, Receptacle - Checkable r, Obj - Checkable o) {
    preconditions = [
      (cleanable(o) and receptacleType(r, sinkBasinType) and atLocation(a, l) and receptacleAtLocation(r, l) and holds(a, o))
    ]
    effects = [
      isClean(o) := true
    ]
  }
  action heatObject(Agent - Checkable a, Location - Checkable l, Receptacle - Checkable r, Obj - Checkable o) {
    preconditions = [
      (heatable(o) and receptacleType(r, microwaveType) and atLocation(a, l) and receptacleAtLocation(r, l) and holds(a, o))
    ]
    effects = [
      isHot(o) := true
      isCool(o) := false
    ]
  }
  action coolObject(Agent - Checkable a, Location - Checkable l, Receptacle - Checkable r, Obj - Checkable o) {
    preconditions = [
      (coolable(o) and receptacleType(r, fridgeType) and atLocation(a, l) and receptacleAtLocation(r, l) and holds(a, o))
    ]
    effects = [
      isCool(o) := true
      isHot(o) := false
    ]
  }
  action toggleObject(Agent - Checkable a, Location - Checkable l, Obj - Checkable o, Receptacle - Checkable r) {
    preconditions = [
      (toggleable(o) and atLocation(a, l) and receptacleAtLocation(r, l) and inReceptacle(o, r))
    ]
    effects = [
      if isOn(o) then isOn(o) := false
      if (not isOn(o)) then isOn(o) := true
      isToggled(o) := true
    ]
  }
  action sliceObject(Agent - Checkable a, Location - Checkable l, Obj - Checkable co, Obj - Checkable ko) {
    preconditions = [
      (sliceable(co) and (objectType(ko, knifeType) or objectType(ko, butterKnifeType)) and atLocation(a, l) and objectAtLocation(co, l) and holds(a, ko))
    ]
    effects = [
      isSliced(co) := true
    ]
  }
  action help(Agent - Checkable a) {
    preconditions = [
    ]
    effects = [
      checked(a) := true
    ]
  }
]

objects = [
  ReceptacleType: [sinkBasinType, microwaveType, fridgeType, ottomanType, coffeeTableType, cartType, toiletType, dresserType, counterTopType, stoveBurnerType, handTowelHolderType]
  ObjectType: [knifeType, butterKnifeType, keyChainType, panType, bookType, remoteControlType, baseballBatType, glassbottleType, lettuceType, statueType, newspaperType, plateType]
  Checkable: [agent1, location1, location2, location3, location4, location5, location6, location7, location8, location9, location10, ottoman_1, coffeeTable_2, cart_3, cart_4, ottoman_5, toilet_6, dresser_7, counterTop_8, stoveBurner_9, handTowelHolder_10, microwave_11, fridge_12, keyChain_1, pan_2, book_3, remoteControl_4, baseballBat_5, glassbottle_6, lettuce_7, statue_8, newspaper_9, plate_10]
  Agent - Checkable: [agent1]
  Location - Checkable: [location1, location2, location3, location4, location5, location6, location7, location8, location9, location10]
  Receptacle - Checkable: [ottoman_1, coffeeTable_2, cart_3, cart_4, ottoman_5, toilet_6, dresser_7, counterTop_8, stoveBurner_9, handTowelHolder_10, microwave_11, fridge_12]
  Obj - Checkable: [keyChain_1, pan_2, book_3, remoteControl_4, baseballBat_5, glassbottle_6, lettuce_7, statue_8, newspaper_9, plate_10]
]

initial fluents default = [
  bool atLocation[a=Agent - Checkable, l=Location - Checkable] := false
  bool receptacleAtLocation[r=Receptacle - Checkable, l=Location - Checkable] := false
  bool objectAtLocation[o=Obj - Checkable, l=Location - Checkable] := false
  bool openable[r=Receptacle - Checkable] := false
  bool opened[r=Receptacle - Checkable] := false
  bool inReceptacle[o=Obj - Checkable, r=Receptacle - Checkable] := false
  bool isReceptacleObject[o=Obj - Checkable] := false
  bool inReceptacleObject[innerObject=Obj - Checkable, outObject=Obj - Checkable] := false
  bool isReceptacleObjectFull[o=Obj - Checkable] := false
  bool wasInReceptacle[o=Obj - Checkable, r=Receptacle - Checkable] := false
  bool checked[c=Checkable] := false
  bool examined[l=Location - Checkable] := false
  bool receptacleType[r=Receptacle - Checkable, rt=ReceptacleType] := false
  bool canContain[rt=ReceptacleType, ot=ObjectType] := false
  bool objectType[o=Obj - Checkable, t=ObjectType] := false
  bool holds[a=Agent - Checkable, o=Obj - Checkable] := false
  bool holdsAny[a=Agent - Checkable] := false
  bool holdsAnyReceptacleObject[a=Agent - Checkable] := false
  bool full[r=Receptacle - Checkable] := false
  bool isClean[o=Obj - Checkable] := false
  bool cleanable[o=Obj - Checkable] := false
  bool isHot[o=Obj - Checkable] := false
  bool heatable[o=Obj - Checkable] := false
  bool isCool[o=Obj - Checkable] := false
  bool coolable[o=Obj - Checkable] := false
  bool pickupable[o=Obj - Checkable] := false
  bool moveable[o=Obj - Checkable] := false
  bool toggleable[o=Obj - Checkable] := false
  bool isOn[o=Obj - Checkable] := false
  bool isToggled[o=Obj - Checkable] := false
  bool sliceable[o=Obj - Checkable] := false
  bool isSliced[o=Obj - Checkable] := false
]

initial values = [
  receptacleType(ottoman_1, ottomanType) := true
  receptacleType(coffeeTable_2, coffeeTableType) := true
  receptacleType(cart_3, cartType) := true
  receptacleType(cart_4, cartType) := true
  receptacleType(ottoman_5, ottomanType) := true
  receptacleType(toilet_6, toiletType) := true
  receptacleType(dresser_7, dresserType) := true
  receptacleType(counterTop_8, counterTopType) := true
  receptacleType(stoveBurner_9, stoveBurnerType) := true
  receptacleType(handTowelHolder_10, handTowelHolderType) := true
  receptacleType(microwave_11, microwaveType) := true
  receptacleType(fridge_12, fridgeType) := true
  objectType(keyChain_1, keyChainType) := true
  objectType(pan_2, panType) := true
  objectType(book_3, bookType) := true
  objectType(remoteControl_4, remoteControlType) := true
  objectType(baseballBat_5, baseballBatType) := true
  objectType(glassbottle_6, glassbottleType) := true
  objectType(lettuce_7, lettuceType) := true
  objectType(statue_8, statueType) := true
  objectType(newspaper_9, newspaperType) := true
  objectType(plate_10, plateType) := true
  canContain(ottomanType, keyChainType) := true
  canContain(ottomanType, bookType) := true
  canContain(ottomanType, remoteControlType) := true
  canContain(ottomanType, newspaperType) := true
  canContain(coffeeTableType, keyChainType) := true
  canContain(coffeeTableType, panType) := true
  canContain(coffeeTableType, bookType) := true
  canContain(coffeeTableType, remoteControlType) := true
  canContain(coffeeTableType, baseballBatType) := true
  canContain(coffeeTableType, glassbottleType) := true
  canContain(coffeeTableType, lettuceType) := true
  canContain(coffeeTableType, statueType) := true
  canContain(coffeeTableType, newspaperType) := true
  canContain(coffeeTableType, plateType) := true
  canContain(cartType, statueType) := true
  canContain(toiletType, newspaperType) := true
  canContain(dresserType, keyChainType) := true
  canContain(dresserType, bookType) := true
  canContain(dresserType, remoteControlType) := true
  canContain(dresserType, glassbottleType) := true
  canContain(dresserType, statueType) := true
  canContain(dresserType, newspaperType) := true
  canContain(dresserType, plateType) := true
  canContain(counterTopType, keyChainType) := true
  canContain(counterTopType, panType) := true
  canContain(counterTopType, bookType) := true
  canContain(counterTopType, remoteControlType) := true
  canContain(counterTopType, baseballBatType) := true
  canContain(counterTopType, glassbottleType) := true
  canContain(counterTopType, lettuceType) := true
  canContain(counterTopType, statueType) := true
  canContain(counterTopType, newspaperType) := true
  canContain(counterTopType, plateType) := true
  canContain(stoveBurnerType, panType) := true
  canContain(microwaveType, glassbottleType) := true
  canContain(microwaveType, plateType) := true
  canContain(fridgeType, panType) := true
  canContain(fridgeType, glassbottleType) := true
  canContain(fridgeType, lettuceType) := true
  canContain(fridgeType, plateType) := true
  pickupable(keyChain_1) := true
  pickupable(pan_2) := true
  isReceptacleObject(pan_2) := true
  cleanable(pan_2) := true
  coolable(pan_2) := true
  pickupable(book_3) := true
  pickupable(remoteControl_4) := true
  pickupable(baseballBat_5) := true
  pickupable(glassbottle_6) := true
  pickupable(lettuce_7) := true
  cleanable(lettuce_7) := true
  coolable(lettuce_7) := true
  sliceable(lettuce_7) := true
  pickupable(statue_8) := true
  pickupable(newspaper_9) := true
  pickupable(plate_10) := true
  isReceptacleObject(plate_10) := true
  cleanable(plate_10) := true
  heatable(plate_10) := true
  coolable(plate_10) := true
  receptacleAtLocation(ottoman_1, location2) := true
  receptacleAtLocation(coffeeTable_2, location3) := true
  receptacleAtLocation(cart_3, location3) := true
  receptacleAtLocation(cart_4, location5) := true
  receptacleAtLocation(ottoman_5, location3) := true
  receptacleAtLocation(toilet_6, location3) := true
  receptacleAtLocation(dresser_7, location3) := true
  receptacleAtLocation(counterTop_8, location6) := true
  receptacleAtLocation(stoveBurner_9, location7) := true
  receptacleAtLocation(handTowelHolder_10, location1) := true
  receptacleAtLocation(microwave_11, location6) := true
  receptacleAtLocation(fridge_12, location9) := true
  inReceptacle(keyChain_1, counterTop_8) := true
  inReceptacle(pan_2, coffeeTable_2) := true
  inReceptacle(book_3, ottoman_5) := true
  inReceptacle(remoteControl_4, ottoman_5) := true
  inReceptacle(baseballBat_5, counterTop_8) := true
  inReceptacle(glassbottle_6, coffeeTable_2) := true
  inReceptacle(lettuce_7, coffeeTable_2) := true
  inReceptacle(statue_8, counterTop_8) := true
  inReceptacle(newspaper_9, dresser_7) := true
  inReceptacle(plate_10, dresser_7) := true
  objectAtLocation(keyChain_1, location6) := true
  objectAtLocation(pan_2, location3) := true
  objectAtLocation(book_3, location3) := true
  objectAtLocation(remoteControl_4, location3) := true
  objectAtLocation(baseballBat_5, location6) := true
  objectAtLocation(glassbottle_6, location3) := true
  objectAtLocation(lettuce_7, location3) := true
  objectAtLocation(statue_8, location6) := true
  objectAtLocation(newspaper_9, location3) := true
  objectAtLocation(plate_10, location3) := true
  atLocation(agent1, location10) := true
]

goals = [
  Exists (Receptacle - Checkable r) Exists (Obj - Checkable o) (inReceptacle(o, r) and objectType(o, statueType) and receptacleType(r, coffeeTableType))
]

quality metrics = [
  minimize sequential-plan-length
]


2025-06-17 11:18:43,154 - INFO - Generating plan for unconstrained problem

2025-06-17 11:18:43,600 - INFO - Unconstrained plan generation time: 0.44594836235046387

2025-06-17 11:18:43,601 - INFO - Unconstrained plan and cost: 
2025-06-17 11:18:43,601 - INFO - SequentialPlan:
    goToLocation(agent1, location10, location6)
    pickupObject(agent1, location6, statue_8, counterTop_8)
    goToLocation(agent1, location6, location3)
    putObject(agent1, location3, statue_8, coffeeTable_2, statueType, coffeeTableType)
2025-06-17 11:18:43,601 - INFO - 4
2025-06-17 11:18:44,039 - INFO - Sampled constraints:

2025-06-17 11:18:44,039 - INFO - Sometime(atLocation(agent1, location3))
2025-06-17 11:18:44,040 - INFO - Sometime-Before(atLocation(agent1, location3), (checked(ottoman_1) or checked(remoteControl_4)))
2025-06-17 11:18:44,040 - INFO - 
2025-06-17 11:18:44,040 - INFO - Generation time: 0.43818020820617676

2025-06-17 11:18:44,040 - INFO - Generating plan for constrained problem (with LiftedTCORE).

2025-06-17 11:18:44,098 - INFO - LiftedTCORE compilation time: 0.05736970901489258

2025-06-17 11:18:44,591 - INFO - Planning Time with LiftedTCORE's file: 0.49275922775268555

2025-06-17 11:18:44,591 - INFO - Plan found with LiftedTCORE + sym_bd: SequentialPlan:
    goToLocation(agent1, location10, location6)
    pickupObject(agent1, location6, statue_8, counterTop_8)
    goToLocation(agent1, location6, location2)
    examineReceptacle(agent1, ottoman_1)
    goToLocation(agent1, location2, location3)
    putObject(agent1, location3, statue_8, coffeeTable_2, statueType, coffeeTableType)
2025-06-17 11:18:44,591 - INFO - Seed: 151 is solvable

2025-06-17 11:18:44,591 - INFO - Unconstrained cost: 4
2025-06-17 11:18:44,591 - INFO - Constrained cost: 6
2025-06-17 11:18:44,591 - INFO - Seed: 151 Plan simulation is feasible
2025-06-17 11:18:44,592 - INFO - 
Seed: 151 
 Plan: [goToLocation(agent1, location10, location6), pickupObject(agent1, location6, statue_8, counterTop_8), goToLocation(agent1, location6, location2), examineReceptacle(agent1, ottoman_1), goToLocation(agent1, location2, location3), putObject(agent1, location3, statue_8, coffeeTable_2, statueType, coffeeTableType)]  
 Cost: 6

