2025-06-17 11:18:08,024 - INFO - 
================= Seed: 129 =================

2025-06-17 11:18:08,024 - INFO - problem name = alfred

types = [ReceptacleType, ObjectType, Checkable, Agent - Checkable, Location - Checkable, Receptacle - Checkable, Obj - Checkable]

fluents = [
  bool atLocation[a=Agent - Checkable, l=Location - Checkable]
  bool receptacleAtLocation[r=Receptacle - Checkable, l=Location - Checkable]
  bool objectAtLocation[o=Obj - Checkable, l=Location - Checkable]
  bool openable[r=Receptacle - Checkable]
  bool opened[r=Receptacle - Checkable]
  bool inReceptacle[o=Obj - Checkable, r=Receptacle - Checkable]
  bool isReceptacleObject[o=Obj - Checkable]
  bool inReceptacleObject[innerObject=Obj - Checkable, outObject=Obj - Checkable]
  bool isReceptacleObjectFull[o=Obj - Checkable]
  bool wasInReceptacle[o=Obj - Checkable, r=Receptacle - Checkable]
  bool checked[c=Checkable]
  bool examined[l=Location - Checkable]
  bool receptacleType[r=Receptacle - Checkable, rt=ReceptacleType]
  bool canContain[rt=ReceptacleType, ot=ObjectType]
  bool objectType[o=Obj - Checkable, t=ObjectType]
  bool holds[a=Agent - Checkable, o=Obj - Checkable]
  bool holdsAny[a=Agent - Checkable]
  bool holdsAnyReceptacleObject[a=Agent - Checkable]
  bool full[r=Receptacle - Checkable]
  bool isClean[o=Obj - Checkable]
  bool cleanable[o=Obj - Checkable]
  bool isHot[o=Obj - Checkable]
  bool heatable[o=Obj - Checkable]
  bool isCool[o=Obj - Checkable]
  bool coolable[o=Obj - Checkable]
  bool pickupable[o=Obj - Checkable]
  bool moveable[o=Obj - Checkable]
  bool toggleable[o=Obj - Checkable]
  bool isOn[o=Obj - Checkable]
  bool isToggled[o=Obj - Checkable]
  bool sliceable[o=Obj - Checkable]
  bool isSliced[o=Obj - Checkable]
]

actions = [
  action look(Agent - Checkable a, Location - Checkable l) {
    preconditions = [
      atLocation(a, l)
    ]
    effects = [
      checked(l) := true
    ]
  }
  action inventory(Agent - Checkable a) {
    preconditions = [
    ]
    effects = [
      checked(a) := true
    ]
  }
  action examineReceptacle(Agent - Checkable a, Receptacle - Checkable r) {
    preconditions = [
      Exists (Location - Checkable l) (atLocation(a, l) and receptacleAtLocation(r, l))
    ]
    effects = [
      checked(r) := true
    ]
  }
  action examineObject(Agent - Checkable a, Obj - Checkable o) {
    preconditions = [
      (Exists (Location - Checkable l) Exists (Receptacle - Checkable r) (atLocation(a, l) and receptacleAtLocation(r, l) and inReceptacle(o, r) and ((not openable(r)) or opened(r))) or holds(a, o))
    ]
    effects = [
      checked(o) := true
    ]
  }
  action goToLocation(Agent - Checkable a, Location - Checkable lstart, Location - Checkable lend) {
    preconditions = [
      atLocation(a, lstart)
    ]
    effects = [
      atLocation(a, lstart) := false
      atLocation(a, lend) := true
    ]
  }
  action openObject(Agent - Checkable a, Location - Checkable l, Receptacle - Checkable r) {
    preconditions = [
      (openable(r) and atLocation(a, l) and receptacleAtLocation(r, l) and (not opened(r)))
    ]
    effects = [
      opened(r) := true
      checked(r) := true
    ]
  }
  action closeObject(Agent - Checkable a, Location - Checkable l, Receptacle - Checkable r) {
    preconditions = [
      (openable(r) and atLocation(a, l) and receptacleAtLocation(r, l) and opened(r))
    ]
    effects = [
      opened(r) := false
    ]
  }
  action pickupObject(Agent - Checkable a, Location - Checkable l, Obj - Checkable o, Receptacle - Checkable r) {
    preconditions = [
      (pickupable(o) and atLocation(a, l) and receptacleAtLocation(r, l) and inReceptacle(o, r) and (not holdsAny(a)) and ((not openable(r)) or opened(r)))
    ]
    effects = [
      inReceptacle(o, r) := false
      holds(a, o) := true
      holdsAny(a) := true
      objectAtLocation(o, l) := false
    ]
  }
  action putObject(Agent - Checkable a, Location - Checkable l, Obj - Checkable o, Receptacle - Checkable r, ObjectType ot, ReceptacleType rt) {
    preconditions = [
      (holds(a, o) and atLocation(a, l) and receptacleAtLocation(r, l) and ((not openable(r)) or opened(r)) and objectType(o, ot) and receptacleType(r, rt) and canContain(rt, ot))
    ]
    effects = [
      inReceptacle(o, r) := true
      objectAtLocation(o, l) := true
      holds(a, o) := false
      holdsAny(a) := false
    ]
  }
  action cleanObject(Agent - Checkable a, Location - Checkable l, Receptacle - Checkable r, Obj - Checkable o) {
    preconditions = [
      (cleanable(o) and receptacleType(r, sinkBasinType) and atLocation(a, l) and receptacleAtLocation(r, l) and holds(a, o))
    ]
    effects = [
      isClean(o) := true
    ]
  }
  action heatObject(Agent - Checkable a, Location - Checkable l, Receptacle - Checkable r, Obj - Checkable o) {
    preconditions = [
      (heatable(o) and receptacleType(r, microwaveType) and atLocation(a, l) and receptacleAtLocation(r, l) and holds(a, o))
    ]
    effects = [
      isHot(o) := true
      isCool(o) := false
    ]
  }
  action coolObject(Agent - Checkable a, Location - Checkable l, Receptacle - Checkable r, Obj - Checkable o) {
    preconditions = [
      (coolable(o) and receptacleType(r, fridgeType) and atLocation(a, l) and receptacleAtLocation(r, l) and holds(a, o))
    ]
    effects = [
      isCool(o) := true
      isHot(o) := false
    ]
  }
  action toggleObject(Agent - Checkable a, Location - Checkable l, Obj - Checkable o, Receptacle - Checkable r) {
    preconditions = [
      (toggleable(o) and atLocation(a, l) and receptacleAtLocation(r, l) and inReceptacle(o, r))
    ]
    effects = [
      if isOn(o) then isOn(o) := false
      if (not isOn(o)) then isOn(o) := true
      isToggled(o) := true
    ]
  }
  action sliceObject(Agent - Checkable a, Location - Checkable l, Obj - Checkable co, Obj - Checkable ko) {
    preconditions = [
      (sliceable(co) and (objectType(ko, knifeType) or objectType(ko, butterKnifeType)) and atLocation(a, l) and objectAtLocation(co, l) and holds(a, ko))
    ]
    effects = [
      isSliced(co) := true
    ]
  }
  action help(Agent - Checkable a) {
    preconditions = [
    ]
    effects = [
      checked(a) := true
    ]
  }
]

objects = [
  ReceptacleType: [sinkBasinType, microwaveType, fridgeType, bathtubBasinType, cartType, deskType, towelHolderType, garbageCanType, drawerType, tvStandType, toasterType, ottomanType]
  ObjectType: [knifeType, butterKnifeType, lettuceType, creditCardType, saltShakerType, wineBottleType, dishSpongeType, bowlType, spatulaType, ladleType, boxType]
  Checkable: [agent1, location1, location2, location3, location4, location5, location6, location7, location8, location9, location10, bathtubBasin_1, cart_2, desk_3, towelHolder_4, garbageCan_5, drawer_6, tvStand_7, toaster_8, tvStand_9, ottoman_10, microwave_11, fridge_12, lettuce_1, creditCard_2, saltShaker_3, wineBottle_4, butterKnife_5, dishSponge_6, bowl_7, spatula_8, ladle_9, box_10]
  Agent - Checkable: [agent1]
  Location - Checkable: [location1, location2, location3, location4, location5, location6, location7, location8, location9, location10]
  Receptacle - Checkable: [bathtubBasin_1, cart_2, desk_3, towelHolder_4, garbageCan_5, drawer_6, tvStand_7, toaster_8, tvStand_9, ottoman_10, microwave_11, fridge_12]
  Obj - Checkable: [lettuce_1, creditCard_2, saltShaker_3, wineBottle_4, butterKnife_5, dishSponge_6, bowl_7, spatula_8, ladle_9, box_10]
]

initial fluents default = [
  bool atLocation[a=Agent - Checkable, l=Location - Checkable] := false
  bool receptacleAtLocation[r=Receptacle - Checkable, l=Location - Checkable] := false
  bool objectAtLocation[o=Obj - Checkable, l=Location - Checkable] := false
  bool openable[r=Receptacle - Checkable] := false
  bool opened[r=Receptacle - Checkable] := false
  bool inReceptacle[o=Obj - Checkable, r=Receptacle - Checkable] := false
  bool isReceptacleObject[o=Obj - Checkable] := false
  bool inReceptacleObject[innerObject=Obj - Checkable, outObject=Obj - Checkable] := false
  bool isReceptacleObjectFull[o=Obj - Checkable] := false
  bool wasInReceptacle[o=Obj - Checkable, r=Receptacle - Checkable] := false
  bool checked[c=Checkable] := false
  bool examined[l=Location - Checkable] := false
  bool receptacleType[r=Receptacle - Checkable, rt=ReceptacleType] := false
  bool canContain[rt=ReceptacleType, ot=ObjectType] := false
  bool objectType[o=Obj - Checkable, t=ObjectType] := false
  bool holds[a=Agent - Checkable, o=Obj - Checkable] := false
  bool holdsAny[a=Agent - Checkable] := false
  bool holdsAnyReceptacleObject[a=Agent - Checkable] := false
  bool full[r=Receptacle - Checkable] := false
  bool isClean[o=Obj - Checkable] := false
  bool cleanable[o=Obj - Checkable] := false
  bool isHot[o=Obj - Checkable] := false
  bool heatable[o=Obj - Checkable] := false
  bool isCool[o=Obj - Checkable] := false
  bool coolable[o=Obj - Checkable] := false
  bool pickupable[o=Obj - Checkable] := false
  bool moveable[o=Obj - Checkable] := false
  bool toggleable[o=Obj - Checkable] := false
  bool isOn[o=Obj - Checkable] := false
  bool isToggled[o=Obj - Checkable] := false
  bool sliceable[o=Obj - Checkable] := false
  bool isSliced[o=Obj - Checkable] := false
]

initial values = [
  receptacleType(bathtubBasin_1, bathtubBasinType) := true
  receptacleType(cart_2, cartType) := true
  receptacleType(desk_3, deskType) := true
  receptacleType(towelHolder_4, towelHolderType) := true
  receptacleType(garbageCan_5, garbageCanType) := true
  receptacleType(drawer_6, drawerType) := true
  receptacleType(tvStand_7, tvStandType) := true
  receptacleType(toaster_8, toasterType) := true
  receptacleType(tvStand_9, tvStandType) := true
  receptacleType(ottoman_10, ottomanType) := true
  receptacleType(microwave_11, microwaveType) := true
  receptacleType(fridge_12, fridgeType) := true
  objectType(lettuce_1, lettuceType) := true
  objectType(creditCard_2, creditCardType) := true
  objectType(saltShaker_3, saltShakerType) := true
  objectType(wineBottle_4, wineBottleType) := true
  objectType(butterKnife_5, butterKnifeType) := true
  objectType(dishSponge_6, dishSpongeType) := true
  objectType(bowl_7, bowlType) := true
  objectType(spatula_8, spatulaType) := true
  objectType(ladle_9, ladleType) := true
  objectType(box_10, boxType) := true
  canContain(bathtubBasinType, dishSpongeType) := true
  canContain(cartType, dishSpongeType) := true
  canContain(deskType, creditCardType) := true
  canContain(deskType, wineBottleType) := true
  canContain(deskType, bowlType) := true
  canContain(deskType, boxType) := true
  canContain(garbageCanType, lettuceType) := true
  canContain(garbageCanType, wineBottleType) := true
  canContain(garbageCanType, dishSpongeType) := true
  canContain(drawerType, creditCardType) := true
  canContain(drawerType, saltShakerType) := true
  canContain(drawerType, butterKnifeType) := true
  canContain(drawerType, dishSpongeType) := true
  canContain(drawerType, spatulaType) := true
  canContain(drawerType, ladleType) := true
  canContain(ottomanType, creditCardType) := true
  canContain(ottomanType, boxType) := true
  canContain(microwaveType, bowlType) := true
  canContain(fridgeType, lettuceType) := true
  canContain(fridgeType, wineBottleType) := true
  canContain(fridgeType, bowlType) := true
  pickupable(lettuce_1) := true
  cleanable(lettuce_1) := true
  coolable(lettuce_1) := true
  sliceable(lettuce_1) := true
  pickupable(creditCard_2) := true
  pickupable(saltShaker_3) := true
  pickupable(wineBottle_4) := true
  pickupable(butterKnife_5) := true
  cleanable(butterKnife_5) := true
  pickupable(dishSponge_6) := true
  cleanable(dishSponge_6) := true
  pickupable(bowl_7) := true
  isReceptacleObject(bowl_7) := true
  cleanable(bowl_7) := true
  coolable(bowl_7) := true
  pickupable(spatula_8) := true
  cleanable(spatula_8) := true
  pickupable(ladle_9) := true
  cleanable(ladle_9) := true
  pickupable(box_10) := true
  isReceptacleObject(box_10) := true
  receptacleAtLocation(bathtubBasin_1, location3) := true
  receptacleAtLocation(cart_2, location8) := true
  receptacleAtLocation(desk_3, location10) := true
  receptacleAtLocation(towelHolder_4, location8) := true
  receptacleAtLocation(garbageCan_5, location3) := true
  receptacleAtLocation(drawer_6, location2) := true
  receptacleAtLocation(tvStand_7, location5) := true
  receptacleAtLocation(toaster_8, location2) := true
  receptacleAtLocation(tvStand_9, location5) := true
  receptacleAtLocation(ottoman_10, location2) := true
  receptacleAtLocation(microwave_11, location7) := true
  receptacleAtLocation(fridge_12, location1) := true
  inReceptacle(lettuce_1, garbageCan_5) := true
  inReceptacle(creditCard_2, ottoman_10) := true
  inReceptacle(saltShaker_3, drawer_6) := true
  inReceptacle(wineBottle_4, desk_3) := true
  inReceptacle(butterKnife_5, drawer_6) := true
  inReceptacle(dishSponge_6, cart_2) := true
  inReceptacle(bowl_7, fridge_12) := true
  inReceptacle(spatula_8, drawer_6) := true
  inReceptacle(ladle_9, drawer_6) := true
  inReceptacle(box_10, ottoman_10) := true
  objectAtLocation(lettuce_1, location3) := true
  objectAtLocation(creditCard_2, location2) := true
  objectAtLocation(saltShaker_3, location2) := true
  objectAtLocation(wineBottle_4, location10) := true
  objectAtLocation(butterKnife_5, location2) := true
  objectAtLocation(dishSponge_6, location8) := true
  objectAtLocation(bowl_7, location1) := true
  objectAtLocation(spatula_8, location2) := true
  objectAtLocation(ladle_9, location2) := true
  objectAtLocation(box_10, location2) := true
  atLocation(agent1, location8) := true
]

goals = [
  Exists (Receptacle - Checkable r) Exists (Obj - Checkable o) (inReceptacle(o, r) and objectType(o, bowlType) and receptacleType(r, fridgeType))
]

quality metrics = [
  minimize sequential-plan-length
]


2025-06-17 11:18:08,026 - INFO - Generating plan for unconstrained problem

2025-06-17 11:18:08,500 - INFO - Unconstrained plan generation time: 0.47409963607788086

2025-06-17 11:18:08,500 - INFO - Unconstrained plan and cost: 
2025-06-17 11:18:08,500 - INFO - SequentialPlan:
2025-06-17 11:18:08,500 - INFO - 0
2025-06-17 11:18:08,613 - INFO - Sampled constraints:

2025-06-17 11:18:08,613 - INFO - Sometime(atLocation(agent1, location4))
2025-06-17 11:18:08,613 - INFO - 
2025-06-17 11:18:08,613 - INFO - Generation time: 0.11232590675354004

2025-06-17 11:18:08,613 - INFO - Generating plan for constrained problem (with LiftedTCORE).

2025-06-17 11:18:08,652 - INFO - LiftedTCORE compilation time: 0.03908491134643555

2025-06-17 11:18:09,075 - INFO - Planning Time with LiftedTCORE's file: 0.4220724105834961

2025-06-17 11:18:09,075 - INFO - Plan found with LiftedTCORE + sym_bd: SequentialPlan:
    goToLocation(agent1, location8, location4)
2025-06-17 11:18:09,075 - INFO - Seed: 129 is solvable

2025-06-17 11:18:09,075 - INFO - Unconstrained cost: 0
2025-06-17 11:18:09,075 - INFO - Constrained cost: 1
2025-06-17 11:18:09,075 - INFO - Seed: 129 Plan simulation is feasible
2025-06-17 11:18:09,075 - INFO - 
Seed: 129 
 Plan: [goToLocation(agent1, location8, location4)]  
 Cost: 1

