2025-06-17 09:53:27,287 - INFO - 
================= Seed: 277 =================

2025-06-17 09:53:27,300 - INFO - problem name = alfred

types = [ReceptacleType, ObjectType, Checkable, Agent - Checkable, Location - Checkable, Receptacle - Checkable, Obj - Checkable]

fluents = [
  bool atLocation[a=Agent - Checkable, l=Location - Checkable]
  bool receptacleAtLocation[r=Receptacle - Checkable, l=Location - Checkable]
  bool objectAtLocation[o=Obj - Checkable, l=Location - Checkable]
  bool openable[r=Receptacle - Checkable]
  bool opened[r=Receptacle - Checkable]
  bool inReceptacle[o=Obj - Checkable, r=Receptacle - Checkable]
  bool isReceptacleObject[o=Obj - Checkable]
  bool inReceptacleObject[innerObject=Obj - Checkable, outObject=Obj - Checkable]
  bool isReceptacleObjectFull[o=Obj - Checkable]
  bool wasInReceptacle[o=Obj - Checkable, r=Receptacle - Checkable]
  bool checked[c=Checkable]
  bool examined[l=Location - Checkable]
  bool receptacleType[r=Receptacle - Checkable, rt=ReceptacleType]
  bool canContain[rt=ReceptacleType, ot=ObjectType]
  bool objectType[o=Obj - Checkable, t=ObjectType]
  bool holds[a=Agent - Checkable, o=Obj - Checkable]
  bool holdsAny[a=Agent - Checkable]
  bool holdsAnyReceptacleObject[a=Agent - Checkable]
  bool full[r=Receptacle - Checkable]
  bool isClean[o=Obj - Checkable]
  bool cleanable[o=Obj - Checkable]
  bool isHot[o=Obj - Checkable]
  bool heatable[o=Obj - Checkable]
  bool isCool[o=Obj - Checkable]
  bool coolable[o=Obj - Checkable]
  bool pickupable[o=Obj - Checkable]
  bool moveable[o=Obj - Checkable]
  bool toggleable[o=Obj - Checkable]
  bool isOn[o=Obj - Checkable]
  bool isToggled[o=Obj - Checkable]
  bool sliceable[o=Obj - Checkable]
  bool isSliced[o=Obj - Checkable]
]

actions = [
  action look(Agent - Checkable a, Location - Checkable l) {
    preconditions = [
      atLocation(a, l)
    ]
    effects = [
      checked(l) := true
    ]
  }
  action inventory(Agent - Checkable a) {
    preconditions = [
    ]
    effects = [
      checked(a) := true
    ]
  }
  action examineReceptacle(Agent - Checkable a, Receptacle - Checkable r) {
    preconditions = [
      Exists (Location - Checkable l) (atLocation(a, l) and receptacleAtLocation(r, l))
    ]
    effects = [
      checked(r) := true
    ]
  }
  action examineObject(Agent - Checkable a, Obj - Checkable o) {
    preconditions = [
      (Exists (Location - Checkable l) Exists (Receptacle - Checkable r) (atLocation(a, l) and receptacleAtLocation(r, l) and inReceptacle(o, r) and ((not openable(r)) or opened(r))) or holds(a, o))
    ]
    effects = [
      checked(o) := true
    ]
  }
  action goToLocation(Agent - Checkable a, Location - Checkable lstart, Location - Checkable lend) {
    preconditions = [
      atLocation(a, lstart)
    ]
    effects = [
      atLocation(a, lstart) := false
      atLocation(a, lend) := true
    ]
  }
  action openObject(Agent - Checkable a, Location - Checkable l, Receptacle - Checkable r) {
    preconditions = [
      (openable(r) and atLocation(a, l) and receptacleAtLocation(r, l) and (not opened(r)))
    ]
    effects = [
      opened(r) := true
      checked(r) := true
    ]
  }
  action closeObject(Agent - Checkable a, Location - Checkable l, Receptacle - Checkable r) {
    preconditions = [
      (openable(r) and atLocation(a, l) and receptacleAtLocation(r, l) and opened(r))
    ]
    effects = [
      opened(r) := false
    ]
  }
  action pickupObject(Agent - Checkable a, Location - Checkable l, Obj - Checkable o, Receptacle - Checkable r) {
    preconditions = [
      (pickupable(o) and atLocation(a, l) and receptacleAtLocation(r, l) and inReceptacle(o, r) and (not holdsAny(a)) and ((not openable(r)) or opened(r)))
    ]
    effects = [
      inReceptacle(o, r) := false
      holds(a, o) := true
      holdsAny(a) := true
      objectAtLocation(o, l) := false
    ]
  }
  action putObject(Agent - Checkable a, Location - Checkable l, Obj - Checkable o, Receptacle - Checkable r, ObjectType ot, ReceptacleType rt) {
    preconditions = [
      (holds(a, o) and atLocation(a, l) and receptacleAtLocation(r, l) and ((not openable(r)) or opened(r)) and objectType(o, ot) and receptacleType(r, rt) and canContain(rt, ot))
    ]
    effects = [
      inReceptacle(o, r) := true
      objectAtLocation(o, l) := true
      holds(a, o) := false
      holdsAny(a) := false
    ]
  }
  action cleanObject(Agent - Checkable a, Location - Checkable l, Receptacle - Checkable r, Obj - Checkable o) {
    preconditions = [
      (cleanable(o) and receptacleType(r, sinkBasinType) and atLocation(a, l) and receptacleAtLocation(r, l) and holds(a, o))
    ]
    effects = [
      isClean(o) := true
    ]
  }
  action heatObject(Agent - Checkable a, Location - Checkable l, Receptacle - Checkable r, Obj - Checkable o) {
    preconditions = [
      (heatable(o) and receptacleType(r, microwaveType) and atLocation(a, l) and receptacleAtLocation(r, l) and holds(a, o))
    ]
    effects = [
      isHot(o) := true
      isCool(o) := false
    ]
  }
  action coolObject(Agent - Checkable a, Location - Checkable l, Receptacle - Checkable r, Obj - Checkable o) {
    preconditions = [
      (coolable(o) and receptacleType(r, fridgeType) and atLocation(a, l) and receptacleAtLocation(r, l) and holds(a, o))
    ]
    effects = [
      isCool(o) := true
      isHot(o) := false
    ]
  }
  action toggleObject(Agent - Checkable a, Location - Checkable l, Obj - Checkable o, Receptacle - Checkable r) {
    preconditions = [
      (toggleable(o) and atLocation(a, l) and receptacleAtLocation(r, l) and inReceptacle(o, r))
    ]
    effects = [
      if isOn(o) then isOn(o) := false
      if (not isOn(o)) then isOn(o) := true
      isToggled(o) := true
    ]
  }
  action sliceObject(Agent - Checkable a, Location - Checkable l, Obj - Checkable co, Obj - Checkable ko) {
    preconditions = [
      (sliceable(co) and (objectType(ko, knifeType) or objectType(ko, butterKnifeType)) and atLocation(a, l) and objectAtLocation(co, l) and holds(a, ko))
    ]
    effects = [
      isSliced(co) := true
    ]
  }
  action help(Agent - Checkable a) {
    preconditions = [
    ]
    effects = [
      checked(a) := true
    ]
  }
]

objects = [
  ReceptacleType: [sinkBasinType, microwaveType, fridgeType, tvStandType, shelfType, toasterType, coffeeMachineType, counterTopType, sofaType, drawerType, toiletPaperHangerType, laundryHamperType]
  ObjectType: [knifeType, butterKnifeType, lettuceType, laptopType, forkType, potatoType, dishSpongeType, spoonType, breadType, remoteControlType, sprayBottleType, mugType]
  Checkable: [agent1, location1, location2, location3, location4, location5, location6, location7, location8, location9, location10, tvStand_1, shelf_2, toaster_3, coffeeMachine_4, counterTop_5, sofa_6, drawer_7, coffeeMachine_8, toiletPaperHanger_9, laundryHamper_10, lettuce_1, laptop_2, fork_3, potato_4, dishSponge_5, spoon_6, bread_7, remoteControl_8, sprayBottle_9, mug_10]
  Agent - Checkable: [agent1]
  Location - Checkable: [location1, location2, location3, location4, location5, location6, location7, location8, location9, location10]
  Receptacle - Checkable: [tvStand_1, shelf_2, toaster_3, coffeeMachine_4, counterTop_5, sofa_6, drawer_7, coffeeMachine_8, toiletPaperHanger_9, laundryHamper_10]
  Obj - Checkable: [lettuce_1, laptop_2, fork_3, potato_4, dishSponge_5, spoon_6, bread_7, remoteControl_8, sprayBottle_9, mug_10]
]

initial fluents default = [
  bool atLocation[a=Agent - Checkable, l=Location - Checkable] := false
  bool receptacleAtLocation[r=Receptacle - Checkable, l=Location - Checkable] := false
  bool objectAtLocation[o=Obj - Checkable, l=Location - Checkable] := false
  bool openable[r=Receptacle - Checkable] := false
  bool opened[r=Receptacle - Checkable] := false
  bool inReceptacle[o=Obj - Checkable, r=Receptacle - Checkable] := false
  bool isReceptacleObject[o=Obj - Checkable] := false
  bool inReceptacleObject[innerObject=Obj - Checkable, outObject=Obj - Checkable] := false
  bool isReceptacleObjectFull[o=Obj - Checkable] := false
  bool wasInReceptacle[o=Obj - Checkable, r=Receptacle - Checkable] := false
  bool checked[c=Checkable] := false
  bool examined[l=Location - Checkable] := false
  bool receptacleType[r=Receptacle - Checkable, rt=ReceptacleType] := false
  bool canContain[rt=ReceptacleType, ot=ObjectType] := false
  bool objectType[o=Obj - Checkable, t=ObjectType] := false
  bool holds[a=Agent - Checkable, o=Obj - Checkable] := false
  bool holdsAny[a=Agent - Checkable] := false
  bool holdsAnyReceptacleObject[a=Agent - Checkable] := false
  bool full[r=Receptacle - Checkable] := false
  bool isClean[o=Obj - Checkable] := false
  bool cleanable[o=Obj - Checkable] := false
  bool isHot[o=Obj - Checkable] := false
  bool heatable[o=Obj - Checkable] := false
  bool isCool[o=Obj - Checkable] := false
  bool coolable[o=Obj - Checkable] := false
  bool pickupable[o=Obj - Checkable] := false
  bool moveable[o=Obj - Checkable] := false
  bool toggleable[o=Obj - Checkable] := false
  bool isOn[o=Obj - Checkable] := false
  bool isToggled[o=Obj - Checkable] := false
  bool sliceable[o=Obj - Checkable] := false
  bool isSliced[o=Obj - Checkable] := false
]

initial values = [
  receptacleType(tvStand_1, tvStandType) := true
  receptacleType(shelf_2, shelfType) := true
  receptacleType(toaster_3, toasterType) := true
  receptacleType(coffeeMachine_4, coffeeMachineType) := true
  receptacleType(counterTop_5, counterTopType) := true
  receptacleType(sofa_6, sofaType) := true
  receptacleType(drawer_7, drawerType) := true
  receptacleType(coffeeMachine_8, coffeeMachineType) := true
  receptacleType(toiletPaperHanger_9, toiletPaperHangerType) := true
  receptacleType(laundryHamper_10, laundryHamperType) := true
  objectType(lettuce_1, lettuceType) := true
  objectType(laptop_2, laptopType) := true
  objectType(fork_3, forkType) := true
  objectType(potato_4, potatoType) := true
  objectType(dishSponge_5, dishSpongeType) := true
  objectType(spoon_6, spoonType) := true
  objectType(bread_7, breadType) := true
  objectType(remoteControl_8, remoteControlType) := true
  objectType(sprayBottle_9, sprayBottleType) := true
  objectType(mug_10, mugType) := true
  canContain(shelfType, dishSpongeType) := true
  canContain(shelfType, remoteControlType) := true
  canContain(shelfType, sprayBottleType) := true
  canContain(shelfType, mugType) := true
  canContain(coffeeMachineType, mugType) := true
  canContain(counterTopType, lettuceType) := true
  canContain(counterTopType, laptopType) := true
  canContain(counterTopType, forkType) := true
  canContain(counterTopType, potatoType) := true
  canContain(counterTopType, dishSpongeType) := true
  canContain(counterTopType, spoonType) := true
  canContain(counterTopType, breadType) := true
  canContain(counterTopType, remoteControlType) := true
  canContain(counterTopType, sprayBottleType) := true
  canContain(counterTopType, mugType) := true
  canContain(sofaType, laptopType) := true
  canContain(sofaType, remoteControlType) := true
  canContain(drawerType, forkType) := true
  canContain(drawerType, dishSpongeType) := true
  canContain(drawerType, spoonType) := true
  canContain(drawerType, remoteControlType) := true
  canContain(drawerType, sprayBottleType) := true
  pickupable(lettuce_1) := true
  cleanable(lettuce_1) := true
  coolable(lettuce_1) := true
  sliceable(lettuce_1) := true
  pickupable(laptop_2) := true
  pickupable(fork_3) := true
  cleanable(fork_3) := true
  pickupable(potato_4) := true
  cleanable(potato_4) := true
  heatable(potato_4) := true
  coolable(potato_4) := true
  sliceable(potato_4) := true
  pickupable(dishSponge_5) := true
  cleanable(dishSponge_5) := true
  pickupable(spoon_6) := true
  cleanable(spoon_6) := true
  pickupable(bread_7) := true
  heatable(bread_7) := true
  coolable(bread_7) := true
  sliceable(bread_7) := true
  pickupable(remoteControl_8) := true
  pickupable(sprayBottle_9) := true
  pickupable(mug_10) := true
  isReceptacleObject(mug_10) := true
  cleanable(mug_10) := true
  heatable(mug_10) := true
  coolable(mug_10) := true
  receptacleAtLocation(tvStand_1, location8) := true
  receptacleAtLocation(shelf_2, location2) := true
  receptacleAtLocation(toaster_3, location4) := true
  receptacleAtLocation(coffeeMachine_4, location8) := true
  receptacleAtLocation(counterTop_5, location10) := true
  receptacleAtLocation(sofa_6, location3) := true
  receptacleAtLocation(drawer_7, location1) := true
  receptacleAtLocation(coffeeMachine_8, location8) := true
  receptacleAtLocation(toiletPaperHanger_9, location9) := true
  receptacleAtLocation(laundryHamper_10, location4) := true
  inReceptacle(fork_3, drawer_7) := true
  inReceptacle(dishSponge_5, counterTop_5) := true
  inReceptacle(spoon_6, drawer_7) := true
  inReceptacle(remoteControl_8, drawer_7) := true
  inReceptacle(sprayBottle_9, shelf_2) := true
  objectAtLocation(lettuce_1, location7) := true
  objectAtLocation(laptop_2, location1) := true
  objectAtLocation(fork_3, location1) := true
  objectAtLocation(potato_4, location3) := true
  objectAtLocation(dishSponge_5, location10) := true
  objectAtLocation(spoon_6, location1) := true
  objectAtLocation(bread_7, location2) := true
  objectAtLocation(remoteControl_8, location1) := true
  objectAtLocation(sprayBottle_9, location2) := true
  objectAtLocation(mug_10, location7) := true
  atLocation(agent1, location10) := true
]

goals = [
  Exists (Receptacle - Checkable r) Exists (Obj - Checkable o) (inReceptacle(o, r) and objectType(o, spoonType) and receptacleType(r, drawerType))
]

quality metrics = [
  minimize sequential-plan-length
]


2025-06-17 09:53:27,304 - INFO - Generating plan for unconstrained problem

2025-06-17 09:53:27,729 - INFO - Unconstrained plan generation time: 0.4251680374145508

2025-06-17 09:53:27,729 - INFO - Unconstrained plan and cost: 
2025-06-17 09:53:27,729 - INFO - SequentialPlan:
2025-06-17 09:53:27,729 - INFO - 0
2025-06-17 09:53:28,411 - INFO - Sampled constraints:

2025-06-17 09:53:28,411 - INFO - Sometime(atLocation(agent1, location7))
2025-06-17 09:53:28,411 - INFO - 
2025-06-17 09:53:28,411 - INFO - Generation time: 0.6818866729736328

2025-06-17 09:53:28,418 - INFO - Generating plan for constrained problem (with LiftedTCORE).

2025-06-17 09:53:28,456 - INFO - LiftedTCORE compilation time: 0.037725210189819336

2025-06-17 09:53:28,919 - INFO - Planning Time with LiftedTCORE's file: 0.4549877643585205

2025-06-17 09:53:28,919 - INFO - Plan found with LiftedTCORE + sym_bd: SequentialPlan:
    goToLocation(agent1, location10, location7)
2025-06-17 09:53:28,919 - INFO - Seed: 277 is solvable

2025-06-17 09:53:28,919 - INFO - Unconstrained cost: 0
2025-06-17 09:53:28,919 - INFO - Constrained cost: 1
2025-06-17 09:53:28,919 - INFO - Seed: 277 Plan simulation is feasible
2025-06-17 09:53:28,919 - INFO - 
Seed: 277 
 Plan: [goToLocation(agent1, location10, location7)]  
 Cost: 1

