2025-06-17 11:20:48,554 - INFO - 
================= Seed: 230 =================

2025-06-17 11:20:48,554 - INFO - problem name = alfred

types = [ReceptacleType, ObjectType, Checkable, Agent - Checkable, Location - Checkable, Receptacle - Checkable, Obj - Checkable]

fluents = [
  bool atLocation[a=Agent - Checkable, l=Location - Checkable]
  bool receptacleAtLocation[r=Receptacle - Checkable, l=Location - Checkable]
  bool objectAtLocation[o=Obj - Checkable, l=Location - Checkable]
  bool openable[r=Receptacle - Checkable]
  bool opened[r=Receptacle - Checkable]
  bool inReceptacle[o=Obj - Checkable, r=Receptacle - Checkable]
  bool isReceptacleObject[o=Obj - Checkable]
  bool inReceptacleObject[innerObject=Obj - Checkable, outObject=Obj - Checkable]
  bool isReceptacleObjectFull[o=Obj - Checkable]
  bool wasInReceptacle[o=Obj - Checkable, r=Receptacle - Checkable]
  bool checked[c=Checkable]
  bool examined[l=Location - Checkable]
  bool receptacleType[r=Receptacle - Checkable, rt=ReceptacleType]
  bool canContain[rt=ReceptacleType, ot=ObjectType]
  bool objectType[o=Obj - Checkable, t=ObjectType]
  bool holds[a=Agent - Checkable, o=Obj - Checkable]
  bool holdsAny[a=Agent - Checkable]
  bool holdsAnyReceptacleObject[a=Agent - Checkable]
  bool full[r=Receptacle - Checkable]
  bool isClean[o=Obj - Checkable]
  bool cleanable[o=Obj - Checkable]
  bool isHot[o=Obj - Checkable]
  bool heatable[o=Obj - Checkable]
  bool isCool[o=Obj - Checkable]
  bool coolable[o=Obj - Checkable]
  bool pickupable[o=Obj - Checkable]
  bool moveable[o=Obj - Checkable]
  bool toggleable[o=Obj - Checkable]
  bool isOn[o=Obj - Checkable]
  bool isToggled[o=Obj - Checkable]
  bool sliceable[o=Obj - Checkable]
  bool isSliced[o=Obj - Checkable]
]

actions = [
  action look(Agent - Checkable a, Location - Checkable l) {
    preconditions = [
      atLocation(a, l)
    ]
    effects = [
      checked(l) := true
    ]
  }
  action inventory(Agent - Checkable a) {
    preconditions = [
    ]
    effects = [
      checked(a) := true
    ]
  }
  action examineReceptacle(Agent - Checkable a, Receptacle - Checkable r) {
    preconditions = [
      Exists (Location - Checkable l) (atLocation(a, l) and receptacleAtLocation(r, l))
    ]
    effects = [
      checked(r) := true
    ]
  }
  action examineObject(Agent - Checkable a, Obj - Checkable o) {
    preconditions = [
      (Exists (Location - Checkable l) Exists (Receptacle - Checkable r) (atLocation(a, l) and receptacleAtLocation(r, l) and inReceptacle(o, r) and ((not openable(r)) or opened(r))) or holds(a, o))
    ]
    effects = [
      checked(o) := true
    ]
  }
  action goToLocation(Agent - Checkable a, Location - Checkable lstart, Location - Checkable lend) {
    preconditions = [
      atLocation(a, lstart)
    ]
    effects = [
      atLocation(a, lstart) := false
      atLocation(a, lend) := true
    ]
  }
  action openObject(Agent - Checkable a, Location - Checkable l, Receptacle - Checkable r) {
    preconditions = [
      (openable(r) and atLocation(a, l) and receptacleAtLocation(r, l) and (not opened(r)))
    ]
    effects = [
      opened(r) := true
      checked(r) := true
    ]
  }
  action closeObject(Agent - Checkable a, Location - Checkable l, Receptacle - Checkable r) {
    preconditions = [
      (openable(r) and atLocation(a, l) and receptacleAtLocation(r, l) and opened(r))
    ]
    effects = [
      opened(r) := false
    ]
  }
  action pickupObject(Agent - Checkable a, Location - Checkable l, Obj - Checkable o, Receptacle - Checkable r) {
    preconditions = [
      (pickupable(o) and atLocation(a, l) and receptacleAtLocation(r, l) and inReceptacle(o, r) and (not holdsAny(a)) and ((not openable(r)) or opened(r)))
    ]
    effects = [
      inReceptacle(o, r) := false
      holds(a, o) := true
      holdsAny(a) := true
      objectAtLocation(o, l) := false
    ]
  }
  action putObject(Agent - Checkable a, Location - Checkable l, Obj - Checkable o, Receptacle - Checkable r, ObjectType ot, ReceptacleType rt) {
    preconditions = [
      (holds(a, o) and atLocation(a, l) and receptacleAtLocation(r, l) and ((not openable(r)) or opened(r)) and objectType(o, ot) and receptacleType(r, rt) and canContain(rt, ot))
    ]
    effects = [
      inReceptacle(o, r) := true
      objectAtLocation(o, l) := true
      holds(a, o) := false
      holdsAny(a) := false
    ]
  }
  action cleanObject(Agent - Checkable a, Location - Checkable l, Receptacle - Checkable r, Obj - Checkable o) {
    preconditions = [
      (cleanable(o) and receptacleType(r, sinkBasinType) and atLocation(a, l) and receptacleAtLocation(r, l) and holds(a, o))
    ]
    effects = [
      isClean(o) := true
    ]
  }
  action heatObject(Agent - Checkable a, Location - Checkable l, Receptacle - Checkable r, Obj - Checkable o) {
    preconditions = [
      (heatable(o) and receptacleType(r, microwaveType) and atLocation(a, l) and receptacleAtLocation(r, l) and holds(a, o))
    ]
    effects = [
      isHot(o) := true
      isCool(o) := false
    ]
  }
  action coolObject(Agent - Checkable a, Location - Checkable l, Receptacle - Checkable r, Obj - Checkable o) {
    preconditions = [
      (coolable(o) and receptacleType(r, fridgeType) and atLocation(a, l) and receptacleAtLocation(r, l) and holds(a, o))
    ]
    effects = [
      isCool(o) := true
      isHot(o) := false
    ]
  }
  action toggleObject(Agent - Checkable a, Location - Checkable l, Obj - Checkable o, Receptacle - Checkable r) {
    preconditions = [
      (toggleable(o) and atLocation(a, l) and receptacleAtLocation(r, l) and inReceptacle(o, r))
    ]
    effects = [
      if isOn(o) then isOn(o) := false
      if (not isOn(o)) then isOn(o) := true
      isToggled(o) := true
    ]
  }
  action sliceObject(Agent - Checkable a, Location - Checkable l, Obj - Checkable co, Obj - Checkable ko) {
    preconditions = [
      (sliceable(co) and (objectType(ko, knifeType) or objectType(ko, butterKnifeType)) and atLocation(a, l) and objectAtLocation(co, l) and holds(a, ko))
    ]
    effects = [
      isSliced(co) := true
    ]
  }
  action help(Agent - Checkable a) {
    preconditions = [
    ]
    effects = [
      checked(a) := true
    ]
  }
]

objects = [
  ReceptacleType: [sinkBasinType, microwaveType, fridgeType, ottomanType, coffeeMachineType, handTowelHolderType, bedType, dresserType, tvStandType, sofaType, safeType, bathtubBasinType]
  ObjectType: [knifeType, butterKnifeType, pillowType, vaseType, bookType, handTowelType, clothType, eggType, laptopType, mugType, potType]
  Checkable: [agent1, location1, location2, location3, location4, location5, location6, location7, location8, location9, location10, ottoman_1, coffeeMachine_2, handTowelHolder_3, bed_4, dresser_5, tvStand_6, sofa_7, safe_8, bathtubBasin_9, sofa_10, microwave_11, fridge_12, pillow_1, vase_2, book_3, handTowel_4, cloth_5, egg_6, laptop_7, vase_8, mug_9, pot_10]
  Agent - Checkable: [agent1]
  Location - Checkable: [location1, location2, location3, location4, location5, location6, location7, location8, location9, location10]
  Receptacle - Checkable: [ottoman_1, coffeeMachine_2, handTowelHolder_3, bed_4, dresser_5, tvStand_6, sofa_7, safe_8, bathtubBasin_9, sofa_10, microwave_11, fridge_12]
  Obj - Checkable: [pillow_1, vase_2, book_3, handTowel_4, cloth_5, egg_6, laptop_7, vase_8, mug_9, pot_10]
]

initial fluents default = [
  bool atLocation[a=Agent - Checkable, l=Location - Checkable] := false
  bool receptacleAtLocation[r=Receptacle - Checkable, l=Location - Checkable] := false
  bool objectAtLocation[o=Obj - Checkable, l=Location - Checkable] := false
  bool openable[r=Receptacle - Checkable] := false
  bool opened[r=Receptacle - Checkable] := false
  bool inReceptacle[o=Obj - Checkable, r=Receptacle - Checkable] := false
  bool isReceptacleObject[o=Obj - Checkable] := false
  bool inReceptacleObject[innerObject=Obj - Checkable, outObject=Obj - Checkable] := false
  bool isReceptacleObjectFull[o=Obj - Checkable] := false
  bool wasInReceptacle[o=Obj - Checkable, r=Receptacle - Checkable] := false
  bool checked[c=Checkable] := false
  bool examined[l=Location - Checkable] := false
  bool receptacleType[r=Receptacle - Checkable, rt=ReceptacleType] := false
  bool canContain[rt=ReceptacleType, ot=ObjectType] := false
  bool objectType[o=Obj - Checkable, t=ObjectType] := false
  bool holds[a=Agent - Checkable, o=Obj - Checkable] := false
  bool holdsAny[a=Agent - Checkable] := false
  bool holdsAnyReceptacleObject[a=Agent - Checkable] := false
  bool full[r=Receptacle - Checkable] := false
  bool isClean[o=Obj - Checkable] := false
  bool cleanable[o=Obj - Checkable] := false
  bool isHot[o=Obj - Checkable] := false
  bool heatable[o=Obj - Checkable] := false
  bool isCool[o=Obj - Checkable] := false
  bool coolable[o=Obj - Checkable] := false
  bool pickupable[o=Obj - Checkable] := false
  bool moveable[o=Obj - Checkable] := false
  bool toggleable[o=Obj - Checkable] := false
  bool isOn[o=Obj - Checkable] := false
  bool isToggled[o=Obj - Checkable] := false
  bool sliceable[o=Obj - Checkable] := false
  bool isSliced[o=Obj - Checkable] := false
]

initial values = [
  receptacleType(ottoman_1, ottomanType) := true
  receptacleType(coffeeMachine_2, coffeeMachineType) := true
  receptacleType(handTowelHolder_3, handTowelHolderType) := true
  receptacleType(bed_4, bedType) := true
  receptacleType(dresser_5, dresserType) := true
  receptacleType(tvStand_6, tvStandType) := true
  receptacleType(sofa_7, sofaType) := true
  receptacleType(safe_8, safeType) := true
  receptacleType(bathtubBasin_9, bathtubBasinType) := true
  receptacleType(sofa_10, sofaType) := true
  receptacleType(microwave_11, microwaveType) := true
  receptacleType(fridge_12, fridgeType) := true
  objectType(pillow_1, pillowType) := true
  objectType(vase_2, vaseType) := true
  objectType(book_3, bookType) := true
  objectType(handTowel_4, handTowelType) := true
  objectType(cloth_5, clothType) := true
  objectType(egg_6, eggType) := true
  objectType(laptop_7, laptopType) := true
  objectType(vase_8, vaseType) := true
  objectType(mug_9, mugType) := true
  objectType(pot_10, potType) := true
  canContain(ottomanType, pillowType) := true
  canContain(ottomanType, bookType) := true
  canContain(ottomanType, clothType) := true
  canContain(ottomanType, laptopType) := true
  canContain(coffeeMachineType, mugType) := true
  canContain(handTowelHolderType, handTowelType) := true
  canContain(bedType, pillowType) := true
  canContain(bedType, bookType) := true
  canContain(bedType, laptopType) := true
  canContain(dresserType, vaseType) := true
  canContain(dresserType, bookType) := true
  canContain(dresserType, clothType) := true
  canContain(dresserType, laptopType) := true
  canContain(dresserType, mugType) := true
  canContain(sofaType, pillowType) := true
  canContain(sofaType, bookType) := true
  canContain(sofaType, clothType) := true
  canContain(sofaType, laptopType) := true
  canContain(safeType, vaseType) := true
  canContain(bathtubBasinType, handTowelType) := true
  canContain(bathtubBasinType, clothType) := true
  canContain(microwaveType, eggType) := true
  canContain(microwaveType, mugType) := true
  canContain(fridgeType, eggType) := true
  canContain(fridgeType, mugType) := true
  canContain(fridgeType, potType) := true
  pickupable(pillow_1) := true
  pickupable(vase_2) := true
  pickupable(book_3) := true
  pickupable(handTowel_4) := true
  pickupable(cloth_5) := true
  cleanable(cloth_5) := true
  pickupable(egg_6) := true
  cleanable(egg_6) := true
  heatable(egg_6) := true
  coolable(egg_6) := true
  sliceable(egg_6) := true
  pickupable(laptop_7) := true
  pickupable(vase_8) := true
  pickupable(mug_9) := true
  isReceptacleObject(mug_9) := true
  cleanable(mug_9) := true
  heatable(mug_9) := true
  coolable(mug_9) := true
  pickupable(pot_10) := true
  isReceptacleObject(pot_10) := true
  cleanable(pot_10) := true
  coolable(pot_10) := true
  receptacleAtLocation(ottoman_1, location5) := true
  receptacleAtLocation(coffeeMachine_2, location3) := true
  receptacleAtLocation(handTowelHolder_3, location3) := true
  receptacleAtLocation(bed_4, location8) := true
  receptacleAtLocation(dresser_5, location10) := true
  receptacleAtLocation(tvStand_6, location7) := true
  receptacleAtLocation(sofa_7, location10) := true
  receptacleAtLocation(safe_8, location8) := true
  receptacleAtLocation(bathtubBasin_9, location5) := true
  receptacleAtLocation(sofa_10, location6) := true
  receptacleAtLocation(microwave_11, location1) := true
  receptacleAtLocation(fridge_12, location1) := true
  inReceptacle(pillow_1, bed_4) := true
  inReceptacle(vase_2, safe_8) := true
  inReceptacle(book_3, sofa_7) := true
  inReceptacle(handTowel_4, handTowelHolder_3) := true
  inReceptacle(cloth_5, sofa_7) := true
  inReceptacle(egg_6, microwave_11) := true
  inReceptacle(laptop_7, ottoman_1) := true
  inReceptacle(vase_8, dresser_5) := true
  inReceptacle(mug_9, fridge_12) := true
  inReceptacle(pot_10, fridge_12) := true
  objectAtLocation(pillow_1, location8) := true
  objectAtLocation(vase_2, location8) := true
  objectAtLocation(book_3, location10) := true
  objectAtLocation(handTowel_4, location3) := true
  objectAtLocation(cloth_5, location10) := true
  objectAtLocation(egg_6, location1) := true
  objectAtLocation(laptop_7, location5) := true
  objectAtLocation(vase_8, location10) := true
  objectAtLocation(mug_9, location1) := true
  objectAtLocation(pot_10, location1) := true
  atLocation(agent1, location5) := true
]

goals = [
  Exists (Receptacle - Checkable r) Exists (Obj - Checkable o) (heatable(o) and objectType(o, eggType) and receptacleType(r, microwaveType) and isHot(o) and inReceptacle(o, r))
]

quality metrics = [
  minimize sequential-plan-length
]


2025-06-17 11:20:48,557 - INFO - Generating plan for unconstrained problem

2025-06-17 11:20:48,991 - INFO - Unconstrained plan generation time: 0.4337337017059326

2025-06-17 11:20:48,991 - INFO - Unconstrained plan and cost: 
2025-06-17 11:20:48,991 - INFO - SequentialPlan:
    goToLocation(agent1, location5, location1)
    pickupObject(agent1, location1, egg_6, microwave_11)
    heatObject(agent1, location1, microwave_11, egg_6)
    putObject(agent1, location1, egg_6, microwave_11, eggType, microwaveType)
2025-06-17 11:20:48,991 - INFO - 4
2025-06-17 11:20:49,223 - INFO - Sampled constraints:

2025-06-17 11:20:49,223 - INFO - Sometime(checked(location1))
2025-06-17 11:20:49,223 - INFO - 
2025-06-17 11:20:49,223 - INFO - Generation time: 0.23177099227905273

2025-06-17 11:20:49,224 - INFO - Generating plan for constrained problem (with LiftedTCORE).

2025-06-17 11:20:49,272 - INFO - LiftedTCORE compilation time: 0.04809761047363281

2025-06-17 11:20:49,711 - INFO - Planning Time with LiftedTCORE's file: 0.4390838146209717

2025-06-17 11:20:49,711 - INFO - Plan found with LiftedTCORE + sym_bd: SequentialPlan:
    goToLocation(agent1, location5, location1)
    pickupObject(agent1, location1, egg_6, microwave_11)
    heatObject(agent1, location1, microwave_11, egg_6)
    look(agent1, location1)
    putObject(agent1, location1, egg_6, microwave_11, eggType, microwaveType)
2025-06-17 11:20:49,712 - INFO - Seed: 230 is solvable

2025-06-17 11:20:49,712 - INFO - Unconstrained cost: 4
2025-06-17 11:20:49,712 - INFO - Constrained cost: 5
2025-06-17 11:20:49,712 - INFO - Seed: 230 Plan simulation is feasible
2025-06-17 11:20:49,712 - INFO - 
Seed: 230 
 Plan: [goToLocation(agent1, location5, location1), pickupObject(agent1, location1, egg_6, microwave_11), heatObject(agent1, location1, microwave_11, egg_6), look(agent1, location1), putObject(agent1, location1, egg_6, microwave_11, eggType, microwaveType)]  
 Cost: 5

