2025-06-17 11:17:44,293 - INFO - 
================= Seed: 114 =================

2025-06-17 11:17:44,293 - INFO - problem name = alfred

types = [ReceptacleType, ObjectType, Checkable, Agent - Checkable, Location - Checkable, Receptacle - Checkable, Obj - Checkable]

fluents = [
  bool atLocation[a=Agent - Checkable, l=Location - Checkable]
  bool receptacleAtLocation[r=Receptacle - Checkable, l=Location - Checkable]
  bool objectAtLocation[o=Obj - Checkable, l=Location - Checkable]
  bool openable[r=Receptacle - Checkable]
  bool opened[r=Receptacle - Checkable]
  bool inReceptacle[o=Obj - Checkable, r=Receptacle - Checkable]
  bool isReceptacleObject[o=Obj - Checkable]
  bool inReceptacleObject[innerObject=Obj - Checkable, outObject=Obj - Checkable]
  bool isReceptacleObjectFull[o=Obj - Checkable]
  bool wasInReceptacle[o=Obj - Checkable, r=Receptacle - Checkable]
  bool checked[c=Checkable]
  bool examined[l=Location - Checkable]
  bool receptacleType[r=Receptacle - Checkable, rt=ReceptacleType]
  bool canContain[rt=ReceptacleType, ot=ObjectType]
  bool objectType[o=Obj - Checkable, t=ObjectType]
  bool holds[a=Agent - Checkable, o=Obj - Checkable]
  bool holdsAny[a=Agent - Checkable]
  bool holdsAnyReceptacleObject[a=Agent - Checkable]
  bool full[r=Receptacle - Checkable]
  bool isClean[o=Obj - Checkable]
  bool cleanable[o=Obj - Checkable]
  bool isHot[o=Obj - Checkable]
  bool heatable[o=Obj - Checkable]
  bool isCool[o=Obj - Checkable]
  bool coolable[o=Obj - Checkable]
  bool pickupable[o=Obj - Checkable]
  bool moveable[o=Obj - Checkable]
  bool toggleable[o=Obj - Checkable]
  bool isOn[o=Obj - Checkable]
  bool isToggled[o=Obj - Checkable]
  bool sliceable[o=Obj - Checkable]
  bool isSliced[o=Obj - Checkable]
]

actions = [
  action look(Agent - Checkable a, Location - Checkable l) {
    preconditions = [
      atLocation(a, l)
    ]
    effects = [
      checked(l) := true
    ]
  }
  action inventory(Agent - Checkable a) {
    preconditions = [
    ]
    effects = [
      checked(a) := true
    ]
  }
  action examineReceptacle(Agent - Checkable a, Receptacle - Checkable r) {
    preconditions = [
      Exists (Location - Checkable l) (atLocation(a, l) and receptacleAtLocation(r, l))
    ]
    effects = [
      checked(r) := true
    ]
  }
  action examineObject(Agent - Checkable a, Obj - Checkable o) {
    preconditions = [
      (Exists (Location - Checkable l) Exists (Receptacle - Checkable r) (atLocation(a, l) and receptacleAtLocation(r, l) and inReceptacle(o, r) and ((not openable(r)) or opened(r))) or holds(a, o))
    ]
    effects = [
      checked(o) := true
    ]
  }
  action goToLocation(Agent - Checkable a, Location - Checkable lstart, Location - Checkable lend) {
    preconditions = [
      atLocation(a, lstart)
    ]
    effects = [
      atLocation(a, lstart) := false
      atLocation(a, lend) := true
    ]
  }
  action openObject(Agent - Checkable a, Location - Checkable l, Receptacle - Checkable r) {
    preconditions = [
      (openable(r) and atLocation(a, l) and receptacleAtLocation(r, l) and (not opened(r)))
    ]
    effects = [
      opened(r) := true
      checked(r) := true
    ]
  }
  action closeObject(Agent - Checkable a, Location - Checkable l, Receptacle - Checkable r) {
    preconditions = [
      (openable(r) and atLocation(a, l) and receptacleAtLocation(r, l) and opened(r))
    ]
    effects = [
      opened(r) := false
    ]
  }
  action pickupObject(Agent - Checkable a, Location - Checkable l, Obj - Checkable o, Receptacle - Checkable r) {
    preconditions = [
      (pickupable(o) and atLocation(a, l) and receptacleAtLocation(r, l) and inReceptacle(o, r) and (not holdsAny(a)) and ((not openable(r)) or opened(r)))
    ]
    effects = [
      inReceptacle(o, r) := false
      holds(a, o) := true
      holdsAny(a) := true
      objectAtLocation(o, l) := false
    ]
  }
  action putObject(Agent - Checkable a, Location - Checkable l, Obj - Checkable o, Receptacle - Checkable r, ObjectType ot, ReceptacleType rt) {
    preconditions = [
      (holds(a, o) and atLocation(a, l) and receptacleAtLocation(r, l) and ((not openable(r)) or opened(r)) and objectType(o, ot) and receptacleType(r, rt) and canContain(rt, ot))
    ]
    effects = [
      inReceptacle(o, r) := true
      objectAtLocation(o, l) := true
      holds(a, o) := false
      holdsAny(a) := false
    ]
  }
  action cleanObject(Agent - Checkable a, Location - Checkable l, Receptacle - Checkable r, Obj - Checkable o) {
    preconditions = [
      (cleanable(o) and receptacleType(r, sinkBasinType) and atLocation(a, l) and receptacleAtLocation(r, l) and holds(a, o))
    ]
    effects = [
      isClean(o) := true
    ]
  }
  action heatObject(Agent - Checkable a, Location - Checkable l, Receptacle - Checkable r, Obj - Checkable o) {
    preconditions = [
      (heatable(o) and receptacleType(r, microwaveType) and atLocation(a, l) and receptacleAtLocation(r, l) and holds(a, o))
    ]
    effects = [
      isHot(o) := true
      isCool(o) := false
    ]
  }
  action coolObject(Agent - Checkable a, Location - Checkable l, Receptacle - Checkable r, Obj - Checkable o) {
    preconditions = [
      (coolable(o) and receptacleType(r, fridgeType) and atLocation(a, l) and receptacleAtLocation(r, l) and holds(a, o))
    ]
    effects = [
      isCool(o) := true
      isHot(o) := false
    ]
  }
  action toggleObject(Agent - Checkable a, Location - Checkable l, Obj - Checkable o, Receptacle - Checkable r) {
    preconditions = [
      (toggleable(o) and atLocation(a, l) and receptacleAtLocation(r, l) and inReceptacle(o, r))
    ]
    effects = [
      if isOn(o) then isOn(o) := false
      if (not isOn(o)) then isOn(o) := true
      isToggled(o) := true
    ]
  }
  action sliceObject(Agent - Checkable a, Location - Checkable l, Obj - Checkable co, Obj - Checkable ko) {
    preconditions = [
      (sliceable(co) and (objectType(ko, knifeType) or objectType(ko, butterKnifeType)) and atLocation(a, l) and objectAtLocation(co, l) and holds(a, ko))
    ]
    effects = [
      isSliced(co) := true
    ]
  }
  action help(Agent - Checkable a) {
    preconditions = [
    ]
    effects = [
      checked(a) := true
    ]
  }
]

objects = [
  ReceptacleType: [sinkBasinType, microwaveType, fridgeType, bathtubBasinType, sofaType, toiletType, armChairType, drawerType, cabinetType]
  ObjectType: [knifeType, butterKnifeType, cellPhoneType, plateType, candleType, keyChainType, glassbottleType, panType, potType, sprayBottleType]
  Checkable: [agent1, location1, location2, location3, location4, location5, location6, location7, location8, location9, location10, fridge_1, bathtubBasin_2, sinkBasin_3, microwave_4, sofa_5, fridge_6, toilet_7, armChair_8, drawer_9, cabinet_10, microwave_11, fridge_12, cellPhone_1, cellPhone_2, plate_3, candle_4, keyChain_5, glassbottle_6, pan_7, pot_8, sprayBottle_9, pot_10]
  Agent - Checkable: [agent1]
  Location - Checkable: [location1, location2, location3, location4, location5, location6, location7, location8, location9, location10]
  Receptacle - Checkable: [fridge_1, bathtubBasin_2, sinkBasin_3, microwave_4, sofa_5, fridge_6, toilet_7, armChair_8, drawer_9, cabinet_10, microwave_11, fridge_12]
  Obj - Checkable: [cellPhone_1, cellPhone_2, plate_3, candle_4, keyChain_5, glassbottle_6, pan_7, pot_8, sprayBottle_9, pot_10]
]

initial fluents default = [
  bool atLocation[a=Agent - Checkable, l=Location - Checkable] := false
  bool receptacleAtLocation[r=Receptacle - Checkable, l=Location - Checkable] := false
  bool objectAtLocation[o=Obj - Checkable, l=Location - Checkable] := false
  bool openable[r=Receptacle - Checkable] := false
  bool opened[r=Receptacle - Checkable] := false
  bool inReceptacle[o=Obj - Checkable, r=Receptacle - Checkable] := false
  bool isReceptacleObject[o=Obj - Checkable] := false
  bool inReceptacleObject[innerObject=Obj - Checkable, outObject=Obj - Checkable] := false
  bool isReceptacleObjectFull[o=Obj - Checkable] := false
  bool wasInReceptacle[o=Obj - Checkable, r=Receptacle - Checkable] := false
  bool checked[c=Checkable] := false
  bool examined[l=Location - Checkable] := false
  bool receptacleType[r=Receptacle - Checkable, rt=ReceptacleType] := false
  bool canContain[rt=ReceptacleType, ot=ObjectType] := false
  bool objectType[o=Obj - Checkable, t=ObjectType] := false
  bool holds[a=Agent - Checkable, o=Obj - Checkable] := false
  bool holdsAny[a=Agent - Checkable] := false
  bool holdsAnyReceptacleObject[a=Agent - Checkable] := false
  bool full[r=Receptacle - Checkable] := false
  bool isClean[o=Obj - Checkable] := false
  bool cleanable[o=Obj - Checkable] := false
  bool isHot[o=Obj - Checkable] := false
  bool heatable[o=Obj - Checkable] := false
  bool isCool[o=Obj - Checkable] := false
  bool coolable[o=Obj - Checkable] := false
  bool pickupable[o=Obj - Checkable] := false
  bool moveable[o=Obj - Checkable] := false
  bool toggleable[o=Obj - Checkable] := false
  bool isOn[o=Obj - Checkable] := false
  bool isToggled[o=Obj - Checkable] := false
  bool sliceable[o=Obj - Checkable] := false
  bool isSliced[o=Obj - Checkable] := false
]

initial values = [
  receptacleType(fridge_1, fridgeType) := true
  receptacleType(bathtubBasin_2, bathtubBasinType) := true
  receptacleType(sinkBasin_3, sinkBasinType) := true
  receptacleType(microwave_4, microwaveType) := true
  receptacleType(sofa_5, sofaType) := true
  receptacleType(fridge_6, fridgeType) := true
  receptacleType(toilet_7, toiletType) := true
  receptacleType(armChair_8, armChairType) := true
  receptacleType(drawer_9, drawerType) := true
  receptacleType(cabinet_10, cabinetType) := true
  receptacleType(microwave_11, microwaveType) := true
  receptacleType(fridge_12, fridgeType) := true
  objectType(cellPhone_1, cellPhoneType) := true
  objectType(cellPhone_2, cellPhoneType) := true
  objectType(plate_3, plateType) := true
  objectType(candle_4, candleType) := true
  objectType(keyChain_5, keyChainType) := true
  objectType(glassbottle_6, glassbottleType) := true
  objectType(pan_7, panType) := true
  objectType(pot_8, potType) := true
  objectType(sprayBottle_9, sprayBottleType) := true
  objectType(pot_10, potType) := true
  canContain(fridgeType, plateType) := true
  canContain(fridgeType, glassbottleType) := true
  canContain(fridgeType, panType) := true
  canContain(fridgeType, potType) := true
  canContain(sinkBasinType, plateType) := true
  canContain(sinkBasinType, glassbottleType) := true
  canContain(sinkBasinType, panType) := true
  canContain(sinkBasinType, potType) := true
  canContain(microwaveType, plateType) := true
  canContain(microwaveType, glassbottleType) := true
  canContain(sofaType, cellPhoneType) := true
  canContain(sofaType, keyChainType) := true
  canContain(toiletType, candleType) := true
  canContain(toiletType, sprayBottleType) := true
  canContain(armChairType, cellPhoneType) := true
  canContain(armChairType, keyChainType) := true
  canContain(drawerType, cellPhoneType) := true
  canContain(drawerType, candleType) := true
  canContain(drawerType, keyChainType) := true
  canContain(drawerType, sprayBottleType) := true
  canContain(cabinetType, plateType) := true
  canContain(cabinetType, candleType) := true
  canContain(cabinetType, glassbottleType) := true
  canContain(cabinetType, panType) := true
  canContain(cabinetType, potType) := true
  canContain(cabinetType, sprayBottleType) := true
  pickupable(cellPhone_1) := true
  pickupable(cellPhone_2) := true
  pickupable(plate_3) := true
  isReceptacleObject(plate_3) := true
  cleanable(plate_3) := true
  heatable(plate_3) := true
  coolable(plate_3) := true
  pickupable(candle_4) := true
  pickupable(keyChain_5) := true
  pickupable(glassbottle_6) := true
  pickupable(pan_7) := true
  isReceptacleObject(pan_7) := true
  cleanable(pan_7) := true
  coolable(pan_7) := true
  pickupable(pot_8) := true
  isReceptacleObject(pot_8) := true
  cleanable(pot_8) := true
  coolable(pot_8) := true
  pickupable(sprayBottle_9) := true
  pickupable(pot_10) := true
  isReceptacleObject(pot_10) := true
  cleanable(pot_10) := true
  coolable(pot_10) := true
  receptacleAtLocation(fridge_1, location9) := true
  receptacleAtLocation(bathtubBasin_2, location5) := true
  receptacleAtLocation(sinkBasin_3, location6) := true
  receptacleAtLocation(microwave_4, location9) := true
  receptacleAtLocation(sofa_5, location7) := true
  receptacleAtLocation(fridge_6, location10) := true
  receptacleAtLocation(toilet_7, location8) := true
  receptacleAtLocation(armChair_8, location4) := true
  receptacleAtLocation(drawer_9, location8) := true
  receptacleAtLocation(cabinet_10, location4) := true
  receptacleAtLocation(microwave_11, location6) := true
  receptacleAtLocation(fridge_12, location10) := true
  inReceptacle(cellPhone_1, sofa_5) := true
  inReceptacle(cellPhone_2, sofa_5) := true
  inReceptacle(plate_3, fridge_6) := true
  inReceptacle(candle_4, drawer_9) := true
  inReceptacle(keyChain_5, armChair_8) := true
  inReceptacle(glassbottle_6, fridge_6) := true
  inReceptacle(pan_7, sinkBasin_3) := true
  inReceptacle(pot_8, fridge_6) := true
  inReceptacle(sprayBottle_9, toilet_7) := true
  inReceptacle(pot_10, fridge_6) := true
  objectAtLocation(cellPhone_1, location7) := true
  objectAtLocation(cellPhone_2, location7) := true
  objectAtLocation(plate_3, location10) := true
  objectAtLocation(candle_4, location8) := true
  objectAtLocation(keyChain_5, location4) := true
  objectAtLocation(glassbottle_6, location10) := true
  objectAtLocation(pan_7, location6) := true
  objectAtLocation(pot_8, location10) := true
  objectAtLocation(sprayBottle_9, location8) := true
  objectAtLocation(pot_10, location10) := true
  atLocation(agent1, location2) := true
]

goals = [
  Exists (Receptacle - Checkable r) Exists (Obj - Checkable o1) (inReceptacle(o1, r) and objectType(o1, keyChainType) and receptacleType(r, drawerType) and Exists (Obj - Checkable o2) ((not (o1 == o2)) and objectType(o2, keyChainType) and receptacleType(r, drawerType) and inReceptacle(o2, r)))
]

quality metrics = [
  minimize sequential-plan-length
]


2025-06-17 11:17:44,295 - INFO - Generating plan for unconstrained problem

2025-06-17 11:17:44,659 - INFO - Unconstrained plan generation time: 0.3639390468597412

