2025-06-17 11:20:01,612 - INFO - 
================= Seed: 203 =================

2025-06-17 11:20:01,612 - INFO - problem name = alfred

types = [ReceptacleType, ObjectType, Checkable, Agent - Checkable, Location - Checkable, Receptacle - Checkable, Obj - Checkable]

fluents = [
  bool atLocation[a=Agent - Checkable, l=Location - Checkable]
  bool receptacleAtLocation[r=Receptacle - Checkable, l=Location - Checkable]
  bool objectAtLocation[o=Obj - Checkable, l=Location - Checkable]
  bool openable[r=Receptacle - Checkable]
  bool opened[r=Receptacle - Checkable]
  bool inReceptacle[o=Obj - Checkable, r=Receptacle - Checkable]
  bool isReceptacleObject[o=Obj - Checkable]
  bool inReceptacleObject[innerObject=Obj - Checkable, outObject=Obj - Checkable]
  bool isReceptacleObjectFull[o=Obj - Checkable]
  bool wasInReceptacle[o=Obj - Checkable, r=Receptacle - Checkable]
  bool checked[c=Checkable]
  bool examined[l=Location - Checkable]
  bool receptacleType[r=Receptacle - Checkable, rt=ReceptacleType]
  bool canContain[rt=ReceptacleType, ot=ObjectType]
  bool objectType[o=Obj - Checkable, t=ObjectType]
  bool holds[a=Agent - Checkable, o=Obj - Checkable]
  bool holdsAny[a=Agent - Checkable]
  bool holdsAnyReceptacleObject[a=Agent - Checkable]
  bool full[r=Receptacle - Checkable]
  bool isClean[o=Obj - Checkable]
  bool cleanable[o=Obj - Checkable]
  bool isHot[o=Obj - Checkable]
  bool heatable[o=Obj - Checkable]
  bool isCool[o=Obj - Checkable]
  bool coolable[o=Obj - Checkable]
  bool pickupable[o=Obj - Checkable]
  bool moveable[o=Obj - Checkable]
  bool toggleable[o=Obj - Checkable]
  bool isOn[o=Obj - Checkable]
  bool isToggled[o=Obj - Checkable]
  bool sliceable[o=Obj - Checkable]
  bool isSliced[o=Obj - Checkable]
]

actions = [
  action look(Agent - Checkable a, Location - Checkable l) {
    preconditions = [
      atLocation(a, l)
    ]
    effects = [
      checked(l) := true
    ]
  }
  action inventory(Agent - Checkable a) {
    preconditions = [
    ]
    effects = [
      checked(a) := true
    ]
  }
  action examineReceptacle(Agent - Checkable a, Receptacle - Checkable r) {
    preconditions = [
      Exists (Location - Checkable l) (atLocation(a, l) and receptacleAtLocation(r, l))
    ]
    effects = [
      checked(r) := true
    ]
  }
  action examineObject(Agent - Checkable a, Obj - Checkable o) {
    preconditions = [
      (Exists (Location - Checkable l) Exists (Receptacle - Checkable r) (atLocation(a, l) and receptacleAtLocation(r, l) and inReceptacle(o, r) and ((not openable(r)) or opened(r))) or holds(a, o))
    ]
    effects = [
      checked(o) := true
    ]
  }
  action goToLocation(Agent - Checkable a, Location - Checkable lstart, Location - Checkable lend) {
    preconditions = [
      atLocation(a, lstart)
    ]
    effects = [
      atLocation(a, lstart) := false
      atLocation(a, lend) := true
    ]
  }
  action openObject(Agent - Checkable a, Location - Checkable l, Receptacle - Checkable r) {
    preconditions = [
      (openable(r) and atLocation(a, l) and receptacleAtLocation(r, l) and (not opened(r)))
    ]
    effects = [
      opened(r) := true
      checked(r) := true
    ]
  }
  action closeObject(Agent - Checkable a, Location - Checkable l, Receptacle - Checkable r) {
    preconditions = [
      (openable(r) and atLocation(a, l) and receptacleAtLocation(r, l) and opened(r))
    ]
    effects = [
      opened(r) := false
    ]
  }
  action pickupObject(Agent - Checkable a, Location - Checkable l, Obj - Checkable o, Receptacle - Checkable r) {
    preconditions = [
      (pickupable(o) and atLocation(a, l) and receptacleAtLocation(r, l) and inReceptacle(o, r) and (not holdsAny(a)) and ((not openable(r)) or opened(r)))
    ]
    effects = [
      inReceptacle(o, r) := false
      holds(a, o) := true
      holdsAny(a) := true
      objectAtLocation(o, l) := false
    ]
  }
  action putObject(Agent - Checkable a, Location - Checkable l, Obj - Checkable o, Receptacle - Checkable r, ObjectType ot, ReceptacleType rt) {
    preconditions = [
      (holds(a, o) and atLocation(a, l) and receptacleAtLocation(r, l) and ((not openable(r)) or opened(r)) and objectType(o, ot) and receptacleType(r, rt) and canContain(rt, ot))
    ]
    effects = [
      inReceptacle(o, r) := true
      objectAtLocation(o, l) := true
      holds(a, o) := false
      holdsAny(a) := false
    ]
  }
  action cleanObject(Agent - Checkable a, Location - Checkable l, Receptacle - Checkable r, Obj - Checkable o) {
    preconditions = [
      (cleanable(o) and receptacleType(r, sinkBasinType) and atLocation(a, l) and receptacleAtLocation(r, l) and holds(a, o))
    ]
    effects = [
      isClean(o) := true
    ]
  }
  action heatObject(Agent - Checkable a, Location - Checkable l, Receptacle - Checkable r, Obj - Checkable o) {
    preconditions = [
      (heatable(o) and receptacleType(r, microwaveType) and atLocation(a, l) and receptacleAtLocation(r, l) and holds(a, o))
    ]
    effects = [
      isHot(o) := true
      isCool(o) := false
    ]
  }
  action coolObject(Agent - Checkable a, Location - Checkable l, Receptacle - Checkable r, Obj - Checkable o) {
    preconditions = [
      (coolable(o) and receptacleType(r, fridgeType) and atLocation(a, l) and receptacleAtLocation(r, l) and holds(a, o))
    ]
    effects = [
      isCool(o) := true
      isHot(o) := false
    ]
  }
  action toggleObject(Agent - Checkable a, Location - Checkable l, Obj - Checkable o, Receptacle - Checkable r) {
    preconditions = [
      (toggleable(o) and atLocation(a, l) and receptacleAtLocation(r, l) and inReceptacle(o, r))
    ]
    effects = [
      if isOn(o) then isOn(o) := false
      if (not isOn(o)) then isOn(o) := true
      isToggled(o) := true
    ]
  }
  action sliceObject(Agent - Checkable a, Location - Checkable l, Obj - Checkable co, Obj - Checkable ko) {
    preconditions = [
      (sliceable(co) and (objectType(ko, knifeType) or objectType(ko, butterKnifeType)) and atLocation(a, l) and objectAtLocation(co, l) and holds(a, ko))
    ]
    effects = [
      isSliced(co) := true
    ]
  }
  action help(Agent - Checkable a) {
    preconditions = [
    ]
    effects = [
      checked(a) := true
    ]
  }
]

objects = [
  ReceptacleType: [sinkBasinType, microwaveType, fridgeType, shelfType, drawerType, bedType, toiletPaperHangerType, armChairType, toasterType, counterTopType, bathtubBasinType, laundryHamperType]
  ObjectType: [knifeType, butterKnifeType, eggType, pencilType, paperTowelType, soapBottleType, alarmClockType, glassbottleType, wateringCanType, penType, appleType, boxType]
  Checkable: [agent1, location1, location2, location3, location4, location5, location6, location7, location8, location9, location10, shelf_1, drawer_2, bed_3, toiletPaperHanger_4, armChair_5, toaster_6, counterTop_7, bathtubBasin_8, laundryHamper_9, armChair_10, microwave_11, fridge_12, egg_1, pencil_2, paperTowel_3, soapBottle_4, alarmClock_5, glassbottle_6, wateringCan_7, pen_8, apple_9, box_10]
  Agent - Checkable: [agent1]
  Location - Checkable: [location1, location2, location3, location4, location5, location6, location7, location8, location9, location10]
  Receptacle - Checkable: [shelf_1, drawer_2, bed_3, toiletPaperHanger_4, armChair_5, toaster_6, counterTop_7, bathtubBasin_8, laundryHamper_9, armChair_10, microwave_11, fridge_12]
  Obj - Checkable: [egg_1, pencil_2, paperTowel_3, soapBottle_4, alarmClock_5, glassbottle_6, wateringCan_7, pen_8, apple_9, box_10]
]

initial fluents default = [
  bool atLocation[a=Agent - Checkable, l=Location - Checkable] := false
  bool receptacleAtLocation[r=Receptacle - Checkable, l=Location - Checkable] := false
  bool objectAtLocation[o=Obj - Checkable, l=Location - Checkable] := false
  bool openable[r=Receptacle - Checkable] := false
  bool opened[r=Receptacle - Checkable] := false
  bool inReceptacle[o=Obj - Checkable, r=Receptacle - Checkable] := false
  bool isReceptacleObject[o=Obj - Checkable] := false
  bool inReceptacleObject[innerObject=Obj - Checkable, outObject=Obj - Checkable] := false
  bool isReceptacleObjectFull[o=Obj - Checkable] := false
  bool wasInReceptacle[o=Obj - Checkable, r=Receptacle - Checkable] := false
  bool checked[c=Checkable] := false
  bool examined[l=Location - Checkable] := false
  bool receptacleType[r=Receptacle - Checkable, rt=ReceptacleType] := false
  bool canContain[rt=ReceptacleType, ot=ObjectType] := false
  bool objectType[o=Obj - Checkable, t=ObjectType] := false
  bool holds[a=Agent - Checkable, o=Obj - Checkable] := false
  bool holdsAny[a=Agent - Checkable] := false
  bool holdsAnyReceptacleObject[a=Agent - Checkable] := false
  bool full[r=Receptacle - Checkable] := false
  bool isClean[o=Obj - Checkable] := false
  bool cleanable[o=Obj - Checkable] := false
  bool isHot[o=Obj - Checkable] := false
  bool heatable[o=Obj - Checkable] := false
  bool isCool[o=Obj - Checkable] := false
  bool coolable[o=Obj - Checkable] := false
  bool pickupable[o=Obj - Checkable] := false
  bool moveable[o=Obj - Checkable] := false
  bool toggleable[o=Obj - Checkable] := false
  bool isOn[o=Obj - Checkable] := false
  bool isToggled[o=Obj - Checkable] := false
  bool sliceable[o=Obj - Checkable] := false
  bool isSliced[o=Obj - Checkable] := false
]

initial values = [
  receptacleType(shelf_1, shelfType) := true
  receptacleType(drawer_2, drawerType) := true
  receptacleType(bed_3, bedType) := true
  receptacleType(toiletPaperHanger_4, toiletPaperHangerType) := true
  receptacleType(armChair_5, armChairType) := true
  receptacleType(toaster_6, toasterType) := true
  receptacleType(counterTop_7, counterTopType) := true
  receptacleType(bathtubBasin_8, bathtubBasinType) := true
  receptacleType(laundryHamper_9, laundryHamperType) := true
  receptacleType(armChair_10, armChairType) := true
  receptacleType(microwave_11, microwaveType) := true
  receptacleType(fridge_12, fridgeType) := true
  objectType(egg_1, eggType) := true
  objectType(pencil_2, pencilType) := true
  objectType(paperTowel_3, paperTowelType) := true
  objectType(soapBottle_4, soapBottleType) := true
  objectType(alarmClock_5, alarmClockType) := true
  objectType(glassbottle_6, glassbottleType) := true
  objectType(wateringCan_7, wateringCanType) := true
  objectType(pen_8, penType) := true
  objectType(apple_9, appleType) := true
  objectType(box_10, boxType) := true
  canContain(shelfType, pencilType) := true
  canContain(shelfType, paperTowelType) := true
  canContain(shelfType, soapBottleType) := true
  canContain(shelfType, alarmClockType) := true
  canContain(shelfType, glassbottleType) := true
  canContain(shelfType, wateringCanType) := true
  canContain(shelfType, penType) := true
  canContain(shelfType, boxType) := true
  canContain(drawerType, pencilType) := true
  canContain(drawerType, soapBottleType) := true
  canContain(drawerType, wateringCanType) := true
  canContain(drawerType, penType) := true
  canContain(armChairType, boxType) := true
  canContain(counterTopType, eggType) := true
  canContain(counterTopType, pencilType) := true
  canContain(counterTopType, paperTowelType) := true
  canContain(counterTopType, soapBottleType) := true
  canContain(counterTopType, alarmClockType) := true
  canContain(counterTopType, glassbottleType) := true
  canContain(counterTopType, wateringCanType) := true
  canContain(counterTopType, penType) := true
  canContain(counterTopType, appleType) := true
  canContain(counterTopType, boxType) := true
  canContain(microwaveType, eggType) := true
  canContain(microwaveType, glassbottleType) := true
  canContain(microwaveType, appleType) := true
  canContain(fridgeType, eggType) := true
  canContain(fridgeType, glassbottleType) := true
  canContain(fridgeType, appleType) := true
  pickupable(egg_1) := true
  cleanable(egg_1) := true
  heatable(egg_1) := true
  coolable(egg_1) := true
  sliceable(egg_1) := true
  pickupable(pencil_2) := true
  pickupable(paperTowel_3) := true
  pickupable(soapBottle_4) := true
  pickupable(alarmClock_5) := true
  pickupable(glassbottle_6) := true
  pickupable(wateringCan_7) := true
  pickupable(pen_8) := true
  pickupable(apple_9) := true
  cleanable(apple_9) := true
  heatable(apple_9) := true
  coolable(apple_9) := true
  sliceable(apple_9) := true
  pickupable(box_10) := true
  isReceptacleObject(box_10) := true
  receptacleAtLocation(shelf_1, location8) := true
  receptacleAtLocation(drawer_2, location2) := true
  receptacleAtLocation(bed_3, location5) := true
  receptacleAtLocation(toiletPaperHanger_4, location2) := true
  receptacleAtLocation(armChair_5, location8) := true
  receptacleAtLocation(toaster_6, location10) := true
  receptacleAtLocation(counterTop_7, location8) := true
  receptacleAtLocation(bathtubBasin_8, location5) := true
  receptacleAtLocation(laundryHamper_9, location10) := true
  receptacleAtLocation(armChair_10, location3) := true
  receptacleAtLocation(microwave_11, location2) := true
  receptacleAtLocation(fridge_12, location1) := true
  inReceptacle(egg_1, counterTop_7) := true
  inReceptacle(pencil_2, drawer_2) := true
  inReceptacle(paperTowel_3, counterTop_7) := true
  inReceptacle(soapBottle_4, shelf_1) := true
  inReceptacle(alarmClock_5, shelf_1) := true
  inReceptacle(glassbottle_6, microwave_11) := true
  inReceptacle(wateringCan_7, drawer_2) := true
  inReceptacle(pen_8, drawer_2) := true
  inReceptacle(apple_9, counterTop_7) := true
  inReceptacle(box_10, armChair_5) := true
  objectAtLocation(egg_1, location8) := true
  objectAtLocation(pencil_2, location2) := true
  objectAtLocation(paperTowel_3, location8) := true
  objectAtLocation(soapBottle_4, location8) := true
  objectAtLocation(alarmClock_5, location8) := true
  objectAtLocation(glassbottle_6, location2) := true
  objectAtLocation(wateringCan_7, location2) := true
  objectAtLocation(pen_8, location2) := true
  objectAtLocation(apple_9, location8) := true
  objectAtLocation(box_10, location8) := true
  atLocation(agent1, location5) := true
]

goals = [
  Exists (Receptacle - Checkable r) Exists (Obj - Checkable o) (inReceptacle(o, r) and objectType(o, paperTowelType) and receptacleType(r, counterTopType))
]

quality metrics = [
  minimize sequential-plan-length
]


2025-06-17 11:20:01,618 - INFO - Generating plan for unconstrained problem

2025-06-17 11:20:02,051 - INFO - Unconstrained plan generation time: 0.4327666759490967

2025-06-17 11:20:02,051 - INFO - Unconstrained plan and cost: 
2025-06-17 11:20:02,051 - INFO - SequentialPlan:
2025-06-17 11:20:02,051 - INFO - 0
2025-06-17 11:20:02,985 - INFO - Sampled constraints:

2025-06-17 11:20:02,985 - INFO - Sometime((atLocation(agent1, location7) or atLocation(agent1, location6)))
2025-06-17 11:20:02,986 - INFO - 
2025-06-17 11:20:02,986 - INFO - Generation time: 0.934312105178833

2025-06-17 11:20:02,987 - INFO - Generating plan for constrained problem (with LiftedTCORE).

2025-06-17 11:20:03,037 - INFO - LiftedTCORE compilation time: 0.04999542236328125

2025-06-17 11:20:03,499 - INFO - Planning Time with LiftedTCORE's file: 0.46171092987060547

2025-06-17 11:20:03,499 - INFO - Plan found with LiftedTCORE + sym_bd: SequentialPlan:
    goToLocation(agent1, location5, location6)
2025-06-17 11:20:03,499 - INFO - Seed: 203 is solvable

2025-06-17 11:20:03,499 - INFO - Unconstrained cost: 0
2025-06-17 11:20:03,499 - INFO - Constrained cost: 1
2025-06-17 11:20:03,499 - INFO - Seed: 203 Plan simulation is feasible
2025-06-17 11:20:03,499 - INFO - 
Seed: 203 
 Plan: [goToLocation(agent1, location5, location6)]  
 Cost: 1

