2025-06-17 10:22:20,385 - INFO - 
================= Seed: 792 =================

2025-06-17 10:22:20,390 - INFO - problem name = alfred

types = [ReceptacleType, ObjectType, Checkable, Agent - Checkable, Location - Checkable, Receptacle - Checkable, Obj - Checkable]

fluents = [
  bool atLocation[a=Agent - Checkable, l=Location - Checkable]
  bool receptacleAtLocation[r=Receptacle - Checkable, l=Location - Checkable]
  bool objectAtLocation[o=Obj - Checkable, l=Location - Checkable]
  bool openable[r=Receptacle - Checkable]
  bool opened[r=Receptacle - Checkable]
  bool inReceptacle[o=Obj - Checkable, r=Receptacle - Checkable]
  bool isReceptacleObject[o=Obj - Checkable]
  bool inReceptacleObject[innerObject=Obj - Checkable, outObject=Obj - Checkable]
  bool isReceptacleObjectFull[o=Obj - Checkable]
  bool wasInReceptacle[o=Obj - Checkable, r=Receptacle - Checkable]
  bool checked[c=Checkable]
  bool examined[l=Location - Checkable]
  bool receptacleType[r=Receptacle - Checkable, rt=ReceptacleType]
  bool canContain[rt=ReceptacleType, ot=ObjectType]
  bool objectType[o=Obj - Checkable, t=ObjectType]
  bool holds[a=Agent - Checkable, o=Obj - Checkable]
  bool holdsAny[a=Agent - Checkable]
  bool holdsAnyReceptacleObject[a=Agent - Checkable]
  bool full[r=Receptacle - Checkable]
  bool isClean[o=Obj - Checkable]
  bool cleanable[o=Obj - Checkable]
  bool isHot[o=Obj - Checkable]
  bool heatable[o=Obj - Checkable]
  bool isCool[o=Obj - Checkable]
  bool coolable[o=Obj - Checkable]
  bool pickupable[o=Obj - Checkable]
  bool moveable[o=Obj - Checkable]
  bool toggleable[o=Obj - Checkable]
  bool isOn[o=Obj - Checkable]
  bool isToggled[o=Obj - Checkable]
  bool sliceable[o=Obj - Checkable]
  bool isSliced[o=Obj - Checkable]
]

actions = [
  action look(Agent - Checkable a, Location - Checkable l) {
    preconditions = [
      atLocation(a, l)
    ]
    effects = [
      checked(l) := true
    ]
  }
  action inventory(Agent - Checkable a) {
    preconditions = [
    ]
    effects = [
      checked(a) := true
    ]
  }
  action examineReceptacle(Agent - Checkable a, Receptacle - Checkable r) {
    preconditions = [
      Exists (Location - Checkable l) (atLocation(a, l) and receptacleAtLocation(r, l))
    ]
    effects = [
      checked(r) := true
    ]
  }
  action examineObject(Agent - Checkable a, Obj - Checkable o) {
    preconditions = [
      (Exists (Location - Checkable l) Exists (Receptacle - Checkable r) (atLocation(a, l) and receptacleAtLocation(r, l) and inReceptacle(o, r) and ((not openable(r)) or opened(r))) or holds(a, o))
    ]
    effects = [
      checked(o) := true
    ]
  }
  action goToLocation(Agent - Checkable a, Location - Checkable lstart, Location - Checkable lend) {
    preconditions = [
      atLocation(a, lstart)
    ]
    effects = [
      atLocation(a, lstart) := false
      atLocation(a, lend) := true
    ]
  }
  action openObject(Agent - Checkable a, Location - Checkable l, Receptacle - Checkable r) {
    preconditions = [
      (openable(r) and atLocation(a, l) and receptacleAtLocation(r, l) and (not opened(r)))
    ]
    effects = [
      opened(r) := true
      checked(r) := true
    ]
  }
  action closeObject(Agent - Checkable a, Location - Checkable l, Receptacle - Checkable r) {
    preconditions = [
      (openable(r) and atLocation(a, l) and receptacleAtLocation(r, l) and opened(r))
    ]
    effects = [
      opened(r) := false
    ]
  }
  action pickupObject(Agent - Checkable a, Location - Checkable l, Obj - Checkable o, Receptacle - Checkable r) {
    preconditions = [
      (pickupable(o) and atLocation(a, l) and receptacleAtLocation(r, l) and inReceptacle(o, r) and (not holdsAny(a)) and ((not openable(r)) or opened(r)))
    ]
    effects = [
      inReceptacle(o, r) := false
      holds(a, o) := true
      holdsAny(a) := true
      objectAtLocation(o, l) := false
    ]
  }
  action putObject(Agent - Checkable a, Location - Checkable l, Obj - Checkable o, Receptacle - Checkable r, ObjectType ot, ReceptacleType rt) {
    preconditions = [
      (holds(a, o) and atLocation(a, l) and receptacleAtLocation(r, l) and ((not openable(r)) or opened(r)) and objectType(o, ot) and receptacleType(r, rt) and canContain(rt, ot))
    ]
    effects = [
      inReceptacle(o, r) := true
      objectAtLocation(o, l) := true
      holds(a, o) := false
      holdsAny(a) := false
    ]
  }
  action cleanObject(Agent - Checkable a, Location - Checkable l, Receptacle - Checkable r, Obj - Checkable o) {
    preconditions = [
      (cleanable(o) and receptacleType(r, sinkBasinType) and atLocation(a, l) and receptacleAtLocation(r, l) and holds(a, o))
    ]
    effects = [
      isClean(o) := true
    ]
  }
  action heatObject(Agent - Checkable a, Location - Checkable l, Receptacle - Checkable r, Obj - Checkable o) {
    preconditions = [
      (heatable(o) and receptacleType(r, microwaveType) and atLocation(a, l) and receptacleAtLocation(r, l) and holds(a, o))
    ]
    effects = [
      isHot(o) := true
      isCool(o) := false
    ]
  }
  action coolObject(Agent - Checkable a, Location - Checkable l, Receptacle - Checkable r, Obj - Checkable o) {
    preconditions = [
      (coolable(o) and receptacleType(r, fridgeType) and atLocation(a, l) and receptacleAtLocation(r, l) and holds(a, o))
    ]
    effects = [
      isCool(o) := true
      isHot(o) := false
    ]
  }
  action toggleObject(Agent - Checkable a, Location - Checkable l, Obj - Checkable o, Receptacle - Checkable r) {
    preconditions = [
      (toggleable(o) and atLocation(a, l) and receptacleAtLocation(r, l) and inReceptacle(o, r))
    ]
    effects = [
      if isOn(o) then isOn(o) := false
      if (not isOn(o)) then isOn(o) := true
      isToggled(o) := true
    ]
  }
  action sliceObject(Agent - Checkable a, Location - Checkable l, Obj - Checkable co, Obj - Checkable ko) {
    preconditions = [
      (sliceable(co) and (objectType(ko, knifeType) or objectType(ko, butterKnifeType)) and atLocation(a, l) and objectAtLocation(co, l) and holds(a, ko))
    ]
    effects = [
      isSliced(co) := true
    ]
  }
  action help(Agent - Checkable a) {
    preconditions = [
    ]
    effects = [
      checked(a) := true
    ]
  }
]

objects = [
  ReceptacleType: [sinkBasinType, microwaveType, fridgeType, bathtubBasinType, towelHolderType, laundryHamperType, coffeeTableType, ottomanType, tvStandType, deskType]
  ObjectType: [knifeType, butterKnifeType, spatulaType, lettuceType, kettleType, pepperShakerType, basketBallType, spoonType, cupType, paperTowelType, bowlType]
  Checkable: [agent1, location1, location2, location3, location4, location5, location6, location7, location8, location9, location10, bathtubBasin_1, towelHolder_2, laundryHamper_3, laundryHamper_4, coffeeTable_5, towelHolder_6, ottoman_7, sinkBasin_8, tvStand_9, desk_10, spatula_1, lettuce_2, kettle_3, pepperShaker_4, basketBall_5, spoon_6, knife_7, cup_8, paperTowel_9, bowl_10]
  Agent - Checkable: [agent1]
  Location - Checkable: [location1, location2, location3, location4, location5, location6, location7, location8, location9, location10]
  Receptacle - Checkable: [bathtubBasin_1, towelHolder_2, laundryHamper_3, laundryHamper_4, coffeeTable_5, towelHolder_6, ottoman_7, sinkBasin_8, tvStand_9, desk_10]
  Obj - Checkable: [spatula_1, lettuce_2, kettle_3, pepperShaker_4, basketBall_5, spoon_6, knife_7, cup_8, paperTowel_9, bowl_10]
]

initial fluents default = [
  bool atLocation[a=Agent - Checkable, l=Location - Checkable] := false
  bool receptacleAtLocation[r=Receptacle - Checkable, l=Location - Checkable] := false
  bool objectAtLocation[o=Obj - Checkable, l=Location - Checkable] := false
  bool openable[r=Receptacle - Checkable] := false
  bool opened[r=Receptacle - Checkable] := false
  bool inReceptacle[o=Obj - Checkable, r=Receptacle - Checkable] := false
  bool isReceptacleObject[o=Obj - Checkable] := false
  bool inReceptacleObject[innerObject=Obj - Checkable, outObject=Obj - Checkable] := false
  bool isReceptacleObjectFull[o=Obj - Checkable] := false
  bool wasInReceptacle[o=Obj - Checkable, r=Receptacle - Checkable] := false
  bool checked[c=Checkable] := false
  bool examined[l=Location - Checkable] := false
  bool receptacleType[r=Receptacle - Checkable, rt=ReceptacleType] := false
  bool canContain[rt=ReceptacleType, ot=ObjectType] := false
  bool objectType[o=Obj - Checkable, t=ObjectType] := false
  bool holds[a=Agent - Checkable, o=Obj - Checkable] := false
  bool holdsAny[a=Agent - Checkable] := false
  bool holdsAnyReceptacleObject[a=Agent - Checkable] := false
  bool full[r=Receptacle - Checkable] := false
  bool isClean[o=Obj - Checkable] := false
  bool cleanable[o=Obj - Checkable] := false
  bool isHot[o=Obj - Checkable] := false
  bool heatable[o=Obj - Checkable] := false
  bool isCool[o=Obj - Checkable] := false
  bool coolable[o=Obj - Checkable] := false
  bool pickupable[o=Obj - Checkable] := false
  bool moveable[o=Obj - Checkable] := false
  bool toggleable[o=Obj - Checkable] := false
  bool isOn[o=Obj - Checkable] := false
  bool isToggled[o=Obj - Checkable] := false
  bool sliceable[o=Obj - Checkable] := false
  bool isSliced[o=Obj - Checkable] := false
]

initial values = [
  receptacleType(bathtubBasin_1, bathtubBasinType) := true
  receptacleType(towelHolder_2, towelHolderType) := true
  receptacleType(laundryHamper_3, laundryHamperType) := true
  receptacleType(laundryHamper_4, laundryHamperType) := true
  receptacleType(coffeeTable_5, coffeeTableType) := true
  receptacleType(towelHolder_6, towelHolderType) := true
  receptacleType(ottoman_7, ottomanType) := true
  receptacleType(sinkBasin_8, sinkBasinType) := true
  receptacleType(tvStand_9, tvStandType) := true
  receptacleType(desk_10, deskType) := true
  objectType(spatula_1, spatulaType) := true
  objectType(lettuce_2, lettuceType) := true
  objectType(kettle_3, kettleType) := true
  objectType(pepperShaker_4, pepperShakerType) := true
  objectType(basketBall_5, basketBallType) := true
  objectType(spoon_6, spoonType) := true
  objectType(knife_7, knifeType) := true
  objectType(cup_8, cupType) := true
  objectType(paperTowel_9, paperTowelType) := true
  objectType(bowl_10, bowlType) := true
  canContain(coffeeTableType, spatulaType) := true
  canContain(coffeeTableType, lettuceType) := true
  canContain(coffeeTableType, kettleType) := true
  canContain(coffeeTableType, pepperShakerType) := true
  canContain(coffeeTableType, basketBallType) := true
  canContain(coffeeTableType, spoonType) := true
  canContain(coffeeTableType, knifeType) := true
  canContain(coffeeTableType, cupType) := true
  canContain(coffeeTableType, paperTowelType) := true
  canContain(coffeeTableType, bowlType) := true
  canContain(ottomanType, basketBallType) := true
  canContain(sinkBasinType, spatulaType) := true
  canContain(sinkBasinType, lettuceType) := true
  canContain(sinkBasinType, kettleType) := true
  canContain(sinkBasinType, spoonType) := true
  canContain(sinkBasinType, knifeType) := true
  canContain(sinkBasinType, cupType) := true
  canContain(sinkBasinType, bowlType) := true
  canContain(deskType, basketBallType) := true
  canContain(deskType, cupType) := true
  canContain(deskType, bowlType) := true
  pickupable(spatula_1) := true
  cleanable(spatula_1) := true
  pickupable(lettuce_2) := true
  cleanable(lettuce_2) := true
  coolable(lettuce_2) := true
  sliceable(lettuce_2) := true
  pickupable(kettle_3) := true
  cleanable(kettle_3) := true
  pickupable(pepperShaker_4) := true
  pickupable(basketBall_5) := true
  pickupable(spoon_6) := true
  cleanable(spoon_6) := true
  pickupable(knife_7) := true
  cleanable(knife_7) := true
  pickupable(cup_8) := true
  isReceptacleObject(cup_8) := true
  cleanable(cup_8) := true
  heatable(cup_8) := true
  coolable(cup_8) := true
  pickupable(paperTowel_9) := true
  pickupable(bowl_10) := true
  isReceptacleObject(bowl_10) := true
  cleanable(bowl_10) := true
  coolable(bowl_10) := true
  receptacleAtLocation(bathtubBasin_1, location9) := true
  receptacleAtLocation(towelHolder_2, location4) := true
  receptacleAtLocation(laundryHamper_3, location8) := true
  receptacleAtLocation(laundryHamper_4, location9) := true
  receptacleAtLocation(coffeeTable_5, location2) := true
  receptacleAtLocation(towelHolder_6, location5) := true
  receptacleAtLocation(ottoman_7, location8) := true
  receptacleAtLocation(sinkBasin_8, location6) := true
  receptacleAtLocation(tvStand_9, location6) := true
  receptacleAtLocation(desk_10, location5) := true
  inReceptacle(kettle_3, coffeeTable_5) := true
  inReceptacle(bowl_10, sinkBasin_8) := true
  objectAtLocation(spatula_1, location10) := true
  objectAtLocation(lettuce_2, location4) := true
  objectAtLocation(kettle_3, location2) := true
  objectAtLocation(pepperShaker_4, location4) := true
  objectAtLocation(basketBall_5, location7) := true
  objectAtLocation(spoon_6, location5) := true
  objectAtLocation(knife_7, location5) := true
  objectAtLocation(cup_8, location3) := true
  objectAtLocation(paperTowel_9, location8) := true
  objectAtLocation(bowl_10, location6) := true
  atLocation(agent1, location2) := true
]

goals = [
  Exists (Receptacle - Checkable r) Exists (Obj - Checkable o1) (inReceptacle(o1, r) and objectType(o1, cupType) and receptacleType(r, sinkBasinType) and Exists (Obj - Checkable o2) ((not (o1 == o2)) and objectType(o2, cupType) and receptacleType(r, sinkBasinType) and inReceptacle(o2, r)))
]

quality metrics = [
  minimize sequential-plan-length
]


2025-06-17 10:22:20,392 - INFO - Generating plan for unconstrained problem

2025-06-17 10:22:20,703 - INFO - Unconstrained plan generation time: 0.31157445907592773

