2025-06-17 10:24:00,991 - INFO - 
================= Seed: 940 =================

2025-06-17 10:24:00,996 - INFO - problem name = alfred

types = [ReceptacleType, ObjectType, Checkable, Agent - Checkable, Location - Checkable, Receptacle - Checkable, Obj - Checkable]

fluents = [
  bool atLocation[a=Agent - Checkable, l=Location - Checkable]
  bool receptacleAtLocation[r=Receptacle - Checkable, l=Location - Checkable]
  bool objectAtLocation[o=Obj - Checkable, l=Location - Checkable]
  bool openable[r=Receptacle - Checkable]
  bool opened[r=Receptacle - Checkable]
  bool inReceptacle[o=Obj - Checkable, r=Receptacle - Checkable]
  bool isReceptacleObject[o=Obj - Checkable]
  bool inReceptacleObject[innerObject=Obj - Checkable, outObject=Obj - Checkable]
  bool isReceptacleObjectFull[o=Obj - Checkable]
  bool wasInReceptacle[o=Obj - Checkable, r=Receptacle - Checkable]
  bool checked[c=Checkable]
  bool examined[l=Location - Checkable]
  bool receptacleType[r=Receptacle - Checkable, rt=ReceptacleType]
  bool canContain[rt=ReceptacleType, ot=ObjectType]
  bool objectType[o=Obj - Checkable, t=ObjectType]
  bool holds[a=Agent - Checkable, o=Obj - Checkable]
  bool holdsAny[a=Agent - Checkable]
  bool holdsAnyReceptacleObject[a=Agent - Checkable]
  bool full[r=Receptacle - Checkable]
  bool isClean[o=Obj - Checkable]
  bool cleanable[o=Obj - Checkable]
  bool isHot[o=Obj - Checkable]
  bool heatable[o=Obj - Checkable]
  bool isCool[o=Obj - Checkable]
  bool coolable[o=Obj - Checkable]
  bool pickupable[o=Obj - Checkable]
  bool moveable[o=Obj - Checkable]
  bool toggleable[o=Obj - Checkable]
  bool isOn[o=Obj - Checkable]
  bool isToggled[o=Obj - Checkable]
  bool sliceable[o=Obj - Checkable]
  bool isSliced[o=Obj - Checkable]
]

actions = [
  action look(Agent - Checkable a, Location - Checkable l) {
    preconditions = [
      atLocation(a, l)
    ]
    effects = [
      checked(l) := true
    ]
  }
  action inventory(Agent - Checkable a) {
    preconditions = [
    ]
    effects = [
      checked(a) := true
    ]
  }
  action examineReceptacle(Agent - Checkable a, Receptacle - Checkable r) {
    preconditions = [
      Exists (Location - Checkable l) (atLocation(a, l) and receptacleAtLocation(r, l))
    ]
    effects = [
      checked(r) := true
    ]
  }
  action examineObject(Agent - Checkable a, Obj - Checkable o) {
    preconditions = [
      (Exists (Location - Checkable l) Exists (Receptacle - Checkable r) (atLocation(a, l) and receptacleAtLocation(r, l) and inReceptacle(o, r) and ((not openable(r)) or opened(r))) or holds(a, o))
    ]
    effects = [
      checked(o) := true
    ]
  }
  action goToLocation(Agent - Checkable a, Location - Checkable lstart, Location - Checkable lend) {
    preconditions = [
      atLocation(a, lstart)
    ]
    effects = [
      atLocation(a, lstart) := false
      atLocation(a, lend) := true
    ]
  }
  action openObject(Agent - Checkable a, Location - Checkable l, Receptacle - Checkable r) {
    preconditions = [
      (openable(r) and atLocation(a, l) and receptacleAtLocation(r, l) and (not opened(r)))
    ]
    effects = [
      opened(r) := true
      checked(r) := true
    ]
  }
  action closeObject(Agent - Checkable a, Location - Checkable l, Receptacle - Checkable r) {
    preconditions = [
      (openable(r) and atLocation(a, l) and receptacleAtLocation(r, l) and opened(r))
    ]
    effects = [
      opened(r) := false
    ]
  }
  action pickupObject(Agent - Checkable a, Location - Checkable l, Obj - Checkable o, Receptacle - Checkable r) {
    preconditions = [
      (pickupable(o) and atLocation(a, l) and receptacleAtLocation(r, l) and inReceptacle(o, r) and (not holdsAny(a)) and ((not openable(r)) or opened(r)))
    ]
    effects = [
      inReceptacle(o, r) := false
      holds(a, o) := true
      holdsAny(a) := true
      objectAtLocation(o, l) := false
    ]
  }
  action putObject(Agent - Checkable a, Location - Checkable l, Obj - Checkable o, Receptacle - Checkable r, ObjectType ot, ReceptacleType rt) {
    preconditions = [
      (holds(a, o) and atLocation(a, l) and receptacleAtLocation(r, l) and ((not openable(r)) or opened(r)) and objectType(o, ot) and receptacleType(r, rt) and canContain(rt, ot))
    ]
    effects = [
      inReceptacle(o, r) := true
      objectAtLocation(o, l) := true
      holds(a, o) := false
      holdsAny(a) := false
    ]
  }
  action cleanObject(Agent - Checkable a, Location - Checkable l, Receptacle - Checkable r, Obj - Checkable o) {
    preconditions = [
      (cleanable(o) and receptacleType(r, sinkBasinType) and atLocation(a, l) and receptacleAtLocation(r, l) and holds(a, o))
    ]
    effects = [
      isClean(o) := true
    ]
  }
  action heatObject(Agent - Checkable a, Location - Checkable l, Receptacle - Checkable r, Obj - Checkable o) {
    preconditions = [
      (heatable(o) and receptacleType(r, microwaveType) and atLocation(a, l) and receptacleAtLocation(r, l) and holds(a, o))
    ]
    effects = [
      isHot(o) := true
      isCool(o) := false
    ]
  }
  action coolObject(Agent - Checkable a, Location - Checkable l, Receptacle - Checkable r, Obj - Checkable o) {
    preconditions = [
      (coolable(o) and receptacleType(r, fridgeType) and atLocation(a, l) and receptacleAtLocation(r, l) and holds(a, o))
    ]
    effects = [
      isCool(o) := true
      isHot(o) := false
    ]
  }
  action toggleObject(Agent - Checkable a, Location - Checkable l, Obj - Checkable o, Receptacle - Checkable r) {
    preconditions = [
      (toggleable(o) and atLocation(a, l) and receptacleAtLocation(r, l) and inReceptacle(o, r))
    ]
    effects = [
      if isOn(o) then isOn(o) := false
      if (not isOn(o)) then isOn(o) := true
      isToggled(o) := true
    ]
  }
  action sliceObject(Agent - Checkable a, Location - Checkable l, Obj - Checkable co, Obj - Checkable ko) {
    preconditions = [
      (sliceable(co) and (objectType(ko, knifeType) or objectType(ko, butterKnifeType)) and atLocation(a, l) and objectAtLocation(co, l) and holds(a, ko))
    ]
    effects = [
      isSliced(co) := true
    ]
  }
  action help(Agent - Checkable a) {
    preconditions = [
    ]
    effects = [
      checked(a) := true
    ]
  }
]

objects = [
  ReceptacleType: [sinkBasinType, microwaveType, fridgeType, stoveBurnerType, garbageCanType, bathtubBasinType, sofaType, handTowelHolderType, toasterType, ottomanType, armChairType, dresserType]
  ObjectType: [knifeType, butterKnifeType, potatoType, bowlType, newspaperType, mugType, remoteControlType, boxType, pillowType]
  Checkable: [agent1, location1, location2, location3, location4, location5, location6, location7, location8, location9, location10, stoveBurner_1, garbageCan_2, bathtubBasin_3, sinkBasin_4, sofa_5, handTowelHolder_6, toaster_7, ottoman_8, armChair_9, dresser_10, potato_1, bowl_2, potato_3, newspaper_4, mug_5, bowl_6, remoteControl_7, box_8, pillow_9, mug_10]
  Agent - Checkable: [agent1]
  Location - Checkable: [location1, location2, location3, location4, location5, location6, location7, location8, location9, location10]
  Receptacle - Checkable: [stoveBurner_1, garbageCan_2, bathtubBasin_3, sinkBasin_4, sofa_5, handTowelHolder_6, toaster_7, ottoman_8, armChair_9, dresser_10]
  Obj - Checkable: [potato_1, bowl_2, potato_3, newspaper_4, mug_5, bowl_6, remoteControl_7, box_8, pillow_9, mug_10]
]

initial fluents default = [
  bool atLocation[a=Agent - Checkable, l=Location - Checkable] := false
  bool receptacleAtLocation[r=Receptacle - Checkable, l=Location - Checkable] := false
  bool objectAtLocation[o=Obj - Checkable, l=Location - Checkable] := false
  bool openable[r=Receptacle - Checkable] := false
  bool opened[r=Receptacle - Checkable] := false
  bool inReceptacle[o=Obj - Checkable, r=Receptacle - Checkable] := false
  bool isReceptacleObject[o=Obj - Checkable] := false
  bool inReceptacleObject[innerObject=Obj - Checkable, outObject=Obj - Checkable] := false
  bool isReceptacleObjectFull[o=Obj - Checkable] := false
  bool wasInReceptacle[o=Obj - Checkable, r=Receptacle - Checkable] := false
  bool checked[c=Checkable] := false
  bool examined[l=Location - Checkable] := false
  bool receptacleType[r=Receptacle - Checkable, rt=ReceptacleType] := false
  bool canContain[rt=ReceptacleType, ot=ObjectType] := false
  bool objectType[o=Obj - Checkable, t=ObjectType] := false
  bool holds[a=Agent - Checkable, o=Obj - Checkable] := false
  bool holdsAny[a=Agent - Checkable] := false
  bool holdsAnyReceptacleObject[a=Agent - Checkable] := false
  bool full[r=Receptacle - Checkable] := false
  bool isClean[o=Obj - Checkable] := false
  bool cleanable[o=Obj - Checkable] := false
  bool isHot[o=Obj - Checkable] := false
  bool heatable[o=Obj - Checkable] := false
  bool isCool[o=Obj - Checkable] := false
  bool coolable[o=Obj - Checkable] := false
  bool pickupable[o=Obj - Checkable] := false
  bool moveable[o=Obj - Checkable] := false
  bool toggleable[o=Obj - Checkable] := false
  bool isOn[o=Obj - Checkable] := false
  bool isToggled[o=Obj - Checkable] := false
  bool sliceable[o=Obj - Checkable] := false
  bool isSliced[o=Obj - Checkable] := false
]

initial values = [
  receptacleType(stoveBurner_1, stoveBurnerType) := true
  receptacleType(garbageCan_2, garbageCanType) := true
  receptacleType(bathtubBasin_3, bathtubBasinType) := true
  receptacleType(sinkBasin_4, sinkBasinType) := true
  receptacleType(sofa_5, sofaType) := true
  receptacleType(handTowelHolder_6, handTowelHolderType) := true
  receptacleType(toaster_7, toasterType) := true
  receptacleType(ottoman_8, ottomanType) := true
  receptacleType(armChair_9, armChairType) := true
  receptacleType(dresser_10, dresserType) := true
  objectType(potato_1, potatoType) := true
  objectType(bowl_2, bowlType) := true
  objectType(potato_3, potatoType) := true
  objectType(newspaper_4, newspaperType) := true
  objectType(mug_5, mugType) := true
  objectType(bowl_6, bowlType) := true
  objectType(remoteControl_7, remoteControlType) := true
  objectType(box_8, boxType) := true
  objectType(pillow_9, pillowType) := true
  objectType(mug_10, mugType) := true
  canContain(garbageCanType, potatoType) := true
  canContain(garbageCanType, newspaperType) := true
  canContain(sinkBasinType, potatoType) := true
  canContain(sinkBasinType, bowlType) := true
  canContain(sinkBasinType, mugType) := true
  canContain(sofaType, newspaperType) := true
  canContain(sofaType, remoteControlType) := true
  canContain(sofaType, boxType) := true
  canContain(sofaType, pillowType) := true
  canContain(ottomanType, newspaperType) := true
  canContain(ottomanType, remoteControlType) := true
  canContain(ottomanType, boxType) := true
  canContain(ottomanType, pillowType) := true
  canContain(armChairType, newspaperType) := true
  canContain(armChairType, remoteControlType) := true
  canContain(armChairType, boxType) := true
  canContain(armChairType, pillowType) := true
  canContain(dresserType, bowlType) := true
  canContain(dresserType, newspaperType) := true
  canContain(dresserType, mugType) := true
  canContain(dresserType, remoteControlType) := true
  canContain(dresserType, boxType) := true
  pickupable(potato_1) := true
  cleanable(potato_1) := true
  heatable(potato_1) := true
  coolable(potato_1) := true
  sliceable(potato_1) := true
  pickupable(bowl_2) := true
  isReceptacleObject(bowl_2) := true
  cleanable(bowl_2) := true
  coolable(bowl_2) := true
  pickupable(potato_3) := true
  cleanable(potato_3) := true
  heatable(potato_3) := true
  coolable(potato_3) := true
  sliceable(potato_3) := true
  pickupable(newspaper_4) := true
  pickupable(mug_5) := true
  isReceptacleObject(mug_5) := true
  cleanable(mug_5) := true
  heatable(mug_5) := true
  coolable(mug_5) := true
  pickupable(bowl_6) := true
  isReceptacleObject(bowl_6) := true
  cleanable(bowl_6) := true
  coolable(bowl_6) := true
  pickupable(remoteControl_7) := true
  pickupable(box_8) := true
  isReceptacleObject(box_8) := true
  pickupable(pillow_9) := true
  pickupable(mug_10) := true
  isReceptacleObject(mug_10) := true
  cleanable(mug_10) := true
  heatable(mug_10) := true
  coolable(mug_10) := true
  receptacleAtLocation(stoveBurner_1, location1) := true
  receptacleAtLocation(garbageCan_2, location4) := true
  receptacleAtLocation(bathtubBasin_3, location1) := true
  receptacleAtLocation(sinkBasin_4, location10) := true
  receptacleAtLocation(sofa_5, location5) := true
  receptacleAtLocation(handTowelHolder_6, location3) := true
  receptacleAtLocation(toaster_7, location9) := true
  receptacleAtLocation(ottoman_8, location9) := true
  receptacleAtLocation(armChair_9, location3) := true
  receptacleAtLocation(dresser_10, location1) := true
  inReceptacle(potato_3, garbageCan_2) := true
  inReceptacle(newspaper_4, sofa_5) := true
  inReceptacle(bowl_6, sinkBasin_4) := true
  inReceptacle(remoteControl_7, sofa_5) := true
  inReceptacle(pillow_9, armChair_9) := true
  objectAtLocation(potato_1, location8) := true
  objectAtLocation(bowl_2, location4) := true
  objectAtLocation(potato_3, location4) := true
  objectAtLocation(newspaper_4, location5) := true
  objectAtLocation(mug_5, location1) := true
  objectAtLocation(bowl_6, location10) := true
  objectAtLocation(remoteControl_7, location5) := true
  objectAtLocation(box_8, location4) := true
  objectAtLocation(pillow_9, location3) := true
  objectAtLocation(mug_10, location5) := true
  atLocation(agent1, location9) := true
]

goals = [
  Exists (Receptacle - Checkable r) Exists (Obj - Checkable o) (inReceptacle(o, r) and objectType(o, remoteControlType) and receptacleType(r, dresserType))
]

quality metrics = [
  minimize sequential-plan-length
]


2025-06-17 10:24:00,998 - INFO - Generating plan for unconstrained problem

2025-06-17 10:24:01,375 - INFO - Unconstrained plan generation time: 0.37747693061828613

2025-06-17 10:24:01,375 - INFO - Unconstrained plan and cost: 
2025-06-17 10:24:01,375 - INFO - SequentialPlan:
    goToLocation(agent1, location9, location5)
    pickupObject(agent1, location5, remoteControl_7, sofa_5)
    goToLocation(agent1, location5, location1)
    putObject(agent1, location1, remoteControl_7, dresser_10, remoteControlType, dresserType)
2025-06-17 10:24:01,375 - INFO - 4
2025-06-17 10:24:01,674 - INFO - Sampled constraints:

2025-06-17 10:24:01,674 - INFO - Sometime((checked(box_8) or checked(dresser_10)))
2025-06-17 10:24:01,674 - INFO - 
2025-06-17 10:24:01,674 - INFO - Generation time: 0.29798221588134766

2025-06-17 10:24:01,681 - INFO - Generating plan for constrained problem (with LiftedTCORE).

2025-06-17 10:24:01,718 - INFO - LiftedTCORE compilation time: 0.03694486618041992

2025-06-17 10:24:02,097 - INFO - Planning Time with LiftedTCORE's file: 0.37169551849365234

2025-06-17 10:24:02,097 - INFO - Plan found with LiftedTCORE + sym_bd: SequentialPlan:
    goToLocation(agent1, location9, location5)
    pickupObject(agent1, location5, remoteControl_7, sofa_5)
    goToLocation(agent1, location5, location1)
    examineReceptacle(agent1, dresser_10)
    putObject(agent1, location1, remoteControl_7, dresser_10, remoteControlType, dresserType)
2025-06-17 10:24:02,097 - INFO - Seed: 940 is solvable

2025-06-17 10:24:02,097 - INFO - Unconstrained cost: 4
2025-06-17 10:24:02,097 - INFO - Constrained cost: 5
2025-06-17 10:24:02,097 - INFO - Seed: 940 Plan simulation is feasible
2025-06-17 10:24:02,097 - INFO - 
Seed: 940 
 Plan: [goToLocation(agent1, location9, location5), pickupObject(agent1, location5, remoteControl_7, sofa_5), goToLocation(agent1, location5, location1), examineReceptacle(agent1, dresser_10), putObject(agent1, location1, remoteControl_7, dresser_10, remoteControlType, dresserType)]  
 Cost: 5

