2025-06-17 10:24:04,933 - INFO - 
================= Seed: 943 =================

2025-06-17 10:24:04,938 - INFO - problem name = alfred

types = [ReceptacleType, ObjectType, Checkable, Agent - Checkable, Location - Checkable, Receptacle - Checkable, Obj - Checkable]

fluents = [
  bool atLocation[a=Agent - Checkable, l=Location - Checkable]
  bool receptacleAtLocation[r=Receptacle - Checkable, l=Location - Checkable]
  bool objectAtLocation[o=Obj - Checkable, l=Location - Checkable]
  bool openable[r=Receptacle - Checkable]
  bool opened[r=Receptacle - Checkable]
  bool inReceptacle[o=Obj - Checkable, r=Receptacle - Checkable]
  bool isReceptacleObject[o=Obj - Checkable]
  bool inReceptacleObject[innerObject=Obj - Checkable, outObject=Obj - Checkable]
  bool isReceptacleObjectFull[o=Obj - Checkable]
  bool wasInReceptacle[o=Obj - Checkable, r=Receptacle - Checkable]
  bool checked[c=Checkable]
  bool examined[l=Location - Checkable]
  bool receptacleType[r=Receptacle - Checkable, rt=ReceptacleType]
  bool canContain[rt=ReceptacleType, ot=ObjectType]
  bool objectType[o=Obj - Checkable, t=ObjectType]
  bool holds[a=Agent - Checkable, o=Obj - Checkable]
  bool holdsAny[a=Agent - Checkable]
  bool holdsAnyReceptacleObject[a=Agent - Checkable]
  bool full[r=Receptacle - Checkable]
  bool isClean[o=Obj - Checkable]
  bool cleanable[o=Obj - Checkable]
  bool isHot[o=Obj - Checkable]
  bool heatable[o=Obj - Checkable]
  bool isCool[o=Obj - Checkable]
  bool coolable[o=Obj - Checkable]
  bool pickupable[o=Obj - Checkable]
  bool moveable[o=Obj - Checkable]
  bool toggleable[o=Obj - Checkable]
  bool isOn[o=Obj - Checkable]
  bool isToggled[o=Obj - Checkable]
  bool sliceable[o=Obj - Checkable]
  bool isSliced[o=Obj - Checkable]
]

actions = [
  action look(Agent - Checkable a, Location - Checkable l) {
    preconditions = [
      atLocation(a, l)
    ]
    effects = [
      checked(l) := true
    ]
  }
  action inventory(Agent - Checkable a) {
    preconditions = [
    ]
    effects = [
      checked(a) := true
    ]
  }
  action examineReceptacle(Agent - Checkable a, Receptacle - Checkable r) {
    preconditions = [
      Exists (Location - Checkable l) (atLocation(a, l) and receptacleAtLocation(r, l))
    ]
    effects = [
      checked(r) := true
    ]
  }
  action examineObject(Agent - Checkable a, Obj - Checkable o) {
    preconditions = [
      (Exists (Location - Checkable l) Exists (Receptacle - Checkable r) (atLocation(a, l) and receptacleAtLocation(r, l) and inReceptacle(o, r) and ((not openable(r)) or opened(r))) or holds(a, o))
    ]
    effects = [
      checked(o) := true
    ]
  }
  action goToLocation(Agent - Checkable a, Location - Checkable lstart, Location - Checkable lend) {
    preconditions = [
      atLocation(a, lstart)
    ]
    effects = [
      atLocation(a, lstart) := false
      atLocation(a, lend) := true
    ]
  }
  action openObject(Agent - Checkable a, Location - Checkable l, Receptacle - Checkable r) {
    preconditions = [
      (openable(r) and atLocation(a, l) and receptacleAtLocation(r, l) and (not opened(r)))
    ]
    effects = [
      opened(r) := true
      checked(r) := true
    ]
  }
  action closeObject(Agent - Checkable a, Location - Checkable l, Receptacle - Checkable r) {
    preconditions = [
      (openable(r) and atLocation(a, l) and receptacleAtLocation(r, l) and opened(r))
    ]
    effects = [
      opened(r) := false
    ]
  }
  action pickupObject(Agent - Checkable a, Location - Checkable l, Obj - Checkable o, Receptacle - Checkable r) {
    preconditions = [
      (pickupable(o) and atLocation(a, l) and receptacleAtLocation(r, l) and inReceptacle(o, r) and (not holdsAny(a)) and ((not openable(r)) or opened(r)))
    ]
    effects = [
      inReceptacle(o, r) := false
      holds(a, o) := true
      holdsAny(a) := true
      objectAtLocation(o, l) := false
    ]
  }
  action putObject(Agent - Checkable a, Location - Checkable l, Obj - Checkable o, Receptacle - Checkable r, ObjectType ot, ReceptacleType rt) {
    preconditions = [
      (holds(a, o) and atLocation(a, l) and receptacleAtLocation(r, l) and ((not openable(r)) or opened(r)) and objectType(o, ot) and receptacleType(r, rt) and canContain(rt, ot))
    ]
    effects = [
      inReceptacle(o, r) := true
      objectAtLocation(o, l) := true
      holds(a, o) := false
      holdsAny(a) := false
    ]
  }
  action cleanObject(Agent - Checkable a, Location - Checkable l, Receptacle - Checkable r, Obj - Checkable o) {
    preconditions = [
      (cleanable(o) and receptacleType(r, sinkBasinType) and atLocation(a, l) and receptacleAtLocation(r, l) and holds(a, o))
    ]
    effects = [
      isClean(o) := true
    ]
  }
  action heatObject(Agent - Checkable a, Location - Checkable l, Receptacle - Checkable r, Obj - Checkable o) {
    preconditions = [
      (heatable(o) and receptacleType(r, microwaveType) and atLocation(a, l) and receptacleAtLocation(r, l) and holds(a, o))
    ]
    effects = [
      isHot(o) := true
      isCool(o) := false
    ]
  }
  action coolObject(Agent - Checkable a, Location - Checkable l, Receptacle - Checkable r, Obj - Checkable o) {
    preconditions = [
      (coolable(o) and receptacleType(r, fridgeType) and atLocation(a, l) and receptacleAtLocation(r, l) and holds(a, o))
    ]
    effects = [
      isCool(o) := true
      isHot(o) := false
    ]
  }
  action toggleObject(Agent - Checkable a, Location - Checkable l, Obj - Checkable o, Receptacle - Checkable r) {
    preconditions = [
      (toggleable(o) and atLocation(a, l) and receptacleAtLocation(r, l) and inReceptacle(o, r))
    ]
    effects = [
      if isOn(o) then isOn(o) := false
      if (not isOn(o)) then isOn(o) := true
      isToggled(o) := true
    ]
  }
  action sliceObject(Agent - Checkable a, Location - Checkable l, Obj - Checkable co, Obj - Checkable ko) {
    preconditions = [
      (sliceable(co) and (objectType(ko, knifeType) or objectType(ko, butterKnifeType)) and atLocation(a, l) and objectAtLocation(co, l) and holds(a, ko))
    ]
    effects = [
      isSliced(co) := true
    ]
  }
  action help(Agent - Checkable a) {
    preconditions = [
    ]
    effects = [
      checked(a) := true
    ]
  }
]

objects = [
  ReceptacleType: [sinkBasinType, microwaveType, fridgeType, safeType, ottomanType, cabinetType, laundryHamperType, coffeeMachineType, toasterType, sideTableType]
  ObjectType: [knifeType, butterKnifeType, glassbottleType, pillowType, bowlType, tomatoType, pepperShakerType, basketBallType, wateringCanType, potType]
  Checkable: [agent1, location1, location2, location3, location4, location5, location6, location7, location8, location9, location10, safe_1, fridge_2, safe_3, ottoman_4, cabinet_5, ottoman_6, laundryHamper_7, coffeeMachine_8, toaster_9, sideTable_10, glassbottle_1, pillow_2, bowl_3, knife_4, tomato_5, pepperShaker_6, basketBall_7, butterKnife_8, wateringCan_9, pot_10]
  Agent - Checkable: [agent1]
  Location - Checkable: [location1, location2, location3, location4, location5, location6, location7, location8, location9, location10]
  Receptacle - Checkable: [safe_1, fridge_2, safe_3, ottoman_4, cabinet_5, ottoman_6, laundryHamper_7, coffeeMachine_8, toaster_9, sideTable_10]
  Obj - Checkable: [glassbottle_1, pillow_2, bowl_3, knife_4, tomato_5, pepperShaker_6, basketBall_7, butterKnife_8, wateringCan_9, pot_10]
]

initial fluents default = [
  bool atLocation[a=Agent - Checkable, l=Location - Checkable] := false
  bool receptacleAtLocation[r=Receptacle - Checkable, l=Location - Checkable] := false
  bool objectAtLocation[o=Obj - Checkable, l=Location - Checkable] := false
  bool openable[r=Receptacle - Checkable] := false
  bool opened[r=Receptacle - Checkable] := false
  bool inReceptacle[o=Obj - Checkable, r=Receptacle - Checkable] := false
  bool isReceptacleObject[o=Obj - Checkable] := false
  bool inReceptacleObject[innerObject=Obj - Checkable, outObject=Obj - Checkable] := false
  bool isReceptacleObjectFull[o=Obj - Checkable] := false
  bool wasInReceptacle[o=Obj - Checkable, r=Receptacle - Checkable] := false
  bool checked[c=Checkable] := false
  bool examined[l=Location - Checkable] := false
  bool receptacleType[r=Receptacle - Checkable, rt=ReceptacleType] := false
  bool canContain[rt=ReceptacleType, ot=ObjectType] := false
  bool objectType[o=Obj - Checkable, t=ObjectType] := false
  bool holds[a=Agent - Checkable, o=Obj - Checkable] := false
  bool holdsAny[a=Agent - Checkable] := false
  bool holdsAnyReceptacleObject[a=Agent - Checkable] := false
  bool full[r=Receptacle - Checkable] := false
  bool isClean[o=Obj - Checkable] := false
  bool cleanable[o=Obj - Checkable] := false
  bool isHot[o=Obj - Checkable] := false
  bool heatable[o=Obj - Checkable] := false
  bool isCool[o=Obj - Checkable] := false
  bool coolable[o=Obj - Checkable] := false
  bool pickupable[o=Obj - Checkable] := false
  bool moveable[o=Obj - Checkable] := false
  bool toggleable[o=Obj - Checkable] := false
  bool isOn[o=Obj - Checkable] := false
  bool isToggled[o=Obj - Checkable] := false
  bool sliceable[o=Obj - Checkable] := false
  bool isSliced[o=Obj - Checkable] := false
]

initial values = [
  receptacleType(safe_1, safeType) := true
  receptacleType(fridge_2, fridgeType) := true
  receptacleType(safe_3, safeType) := true
  receptacleType(ottoman_4, ottomanType) := true
  receptacleType(cabinet_5, cabinetType) := true
  receptacleType(ottoman_6, ottomanType) := true
  receptacleType(laundryHamper_7, laundryHamperType) := true
  receptacleType(coffeeMachine_8, coffeeMachineType) := true
  receptacleType(toaster_9, toasterType) := true
  receptacleType(sideTable_10, sideTableType) := true
  objectType(glassbottle_1, glassbottleType) := true
  objectType(pillow_2, pillowType) := true
  objectType(bowl_3, bowlType) := true
  objectType(knife_4, knifeType) := true
  objectType(tomato_5, tomatoType) := true
  objectType(pepperShaker_6, pepperShakerType) := true
  objectType(basketBall_7, basketBallType) := true
  objectType(butterKnife_8, butterKnifeType) := true
  objectType(wateringCan_9, wateringCanType) := true
  objectType(pot_10, potType) := true
  canContain(fridgeType, glassbottleType) := true
  canContain(fridgeType, bowlType) := true
  canContain(fridgeType, tomatoType) := true
  canContain(fridgeType, potType) := true
  canContain(ottomanType, pillowType) := true
  canContain(ottomanType, basketBallType) := true
  canContain(cabinetType, glassbottleType) := true
  canContain(cabinetType, bowlType) := true
  canContain(cabinetType, pepperShakerType) := true
  canContain(cabinetType, wateringCanType) := true
  canContain(cabinetType, potType) := true
  canContain(sideTableType, glassbottleType) := true
  canContain(sideTableType, bowlType) := true
  canContain(sideTableType, knifeType) := true
  canContain(sideTableType, tomatoType) := true
  canContain(sideTableType, pepperShakerType) := true
  canContain(sideTableType, basketBallType) := true
  canContain(sideTableType, butterKnifeType) := true
  canContain(sideTableType, wateringCanType) := true
  canContain(sideTableType, potType) := true
  pickupable(glassbottle_1) := true
  pickupable(pillow_2) := true
  pickupable(bowl_3) := true
  isReceptacleObject(bowl_3) := true
  cleanable(bowl_3) := true
  coolable(bowl_3) := true
  pickupable(knife_4) := true
  cleanable(knife_4) := true
  pickupable(tomato_5) := true
  cleanable(tomato_5) := true
  heatable(tomato_5) := true
  coolable(tomato_5) := true
  sliceable(tomato_5) := true
  pickupable(pepperShaker_6) := true
  pickupable(basketBall_7) := true
  pickupable(butterKnife_8) := true
  cleanable(butterKnife_8) := true
  pickupable(wateringCan_9) := true
  pickupable(pot_10) := true
  isReceptacleObject(pot_10) := true
  cleanable(pot_10) := true
  coolable(pot_10) := true
  receptacleAtLocation(safe_1, location7) := true
  receptacleAtLocation(fridge_2, location4) := true
  receptacleAtLocation(safe_3, location3) := true
  receptacleAtLocation(ottoman_4, location4) := true
  receptacleAtLocation(cabinet_5, location5) := true
  receptacleAtLocation(ottoman_6, location3) := true
  receptacleAtLocation(laundryHamper_7, location2) := true
  receptacleAtLocation(coffeeMachine_8, location9) := true
  receptacleAtLocation(toaster_9, location1) := true
  receptacleAtLocation(sideTable_10, location10) := true
  objectAtLocation(glassbottle_1, location6) := true
  objectAtLocation(pillow_2, location3) := true
  objectAtLocation(bowl_3, location9) := true
  objectAtLocation(knife_4, location4) := true
  objectAtLocation(tomato_5, location8) := true
  objectAtLocation(pepperShaker_6, location10) := true
  objectAtLocation(basketBall_7, location1) := true
  objectAtLocation(butterKnife_8, location9) := true
  objectAtLocation(wateringCan_9, location2) := true
  objectAtLocation(pot_10, location10) := true
  atLocation(agent1, location9) := true
]

goals = [
  Exists (Receptacle - Checkable r) Exists (Obj - Checkable o1) (inReceptacle(o1, r) and objectType(o1, basketBallType) and receptacleType(r, sideTableType) and Exists (Obj - Checkable o2) ((not (o1 == o2)) and objectType(o2, wateringCanType) and receptacleType(r, sideTableType) and inReceptacle(o2, r)))
]

quality metrics = [
  minimize sequential-plan-length
]


2025-06-17 10:24:04,940 - INFO - Generating plan for unconstrained problem

2025-06-17 10:24:05,262 - INFO - Unconstrained plan generation time: 0.32195568084716797

