2025-06-17 09:54:18,225 - INFO - 
================= Seed: 348 =================

2025-06-17 09:54:18,239 - INFO - problem name = alfred

types = [ReceptacleType, ObjectType, Checkable, Agent - Checkable, Location - Checkable, Receptacle - Checkable, Obj - Checkable]

fluents = [
  bool atLocation[a=Agent - Checkable, l=Location - Checkable]
  bool receptacleAtLocation[r=Receptacle - Checkable, l=Location - Checkable]
  bool objectAtLocation[o=Obj - Checkable, l=Location - Checkable]
  bool openable[r=Receptacle - Checkable]
  bool opened[r=Receptacle - Checkable]
  bool inReceptacle[o=Obj - Checkable, r=Receptacle - Checkable]
  bool isReceptacleObject[o=Obj - Checkable]
  bool inReceptacleObject[innerObject=Obj - Checkable, outObject=Obj - Checkable]
  bool isReceptacleObjectFull[o=Obj - Checkable]
  bool wasInReceptacle[o=Obj - Checkable, r=Receptacle - Checkable]
  bool checked[c=Checkable]
  bool examined[l=Location - Checkable]
  bool receptacleType[r=Receptacle - Checkable, rt=ReceptacleType]
  bool canContain[rt=ReceptacleType, ot=ObjectType]
  bool objectType[o=Obj - Checkable, t=ObjectType]
  bool holds[a=Agent - Checkable, o=Obj - Checkable]
  bool holdsAny[a=Agent - Checkable]
  bool holdsAnyReceptacleObject[a=Agent - Checkable]
  bool full[r=Receptacle - Checkable]
  bool isClean[o=Obj - Checkable]
  bool cleanable[o=Obj - Checkable]
  bool isHot[o=Obj - Checkable]
  bool heatable[o=Obj - Checkable]
  bool isCool[o=Obj - Checkable]
  bool coolable[o=Obj - Checkable]
  bool pickupable[o=Obj - Checkable]
  bool moveable[o=Obj - Checkable]
  bool toggleable[o=Obj - Checkable]
  bool isOn[o=Obj - Checkable]
  bool isToggled[o=Obj - Checkable]
  bool sliceable[o=Obj - Checkable]
  bool isSliced[o=Obj - Checkable]
]

actions = [
  action look(Agent - Checkable a, Location - Checkable l) {
    preconditions = [
      atLocation(a, l)
    ]
    effects = [
      checked(l) := true
    ]
  }
  action inventory(Agent - Checkable a) {
    preconditions = [
    ]
    effects = [
      checked(a) := true
    ]
  }
  action examineReceptacle(Agent - Checkable a, Receptacle - Checkable r) {
    preconditions = [
      Exists (Location - Checkable l) (atLocation(a, l) and receptacleAtLocation(r, l))
    ]
    effects = [
      checked(r) := true
    ]
  }
  action examineObject(Agent - Checkable a, Obj - Checkable o) {
    preconditions = [
      (Exists (Location - Checkable l) Exists (Receptacle - Checkable r) (atLocation(a, l) and receptacleAtLocation(r, l) and inReceptacle(o, r) and ((not openable(r)) or opened(r))) or holds(a, o))
    ]
    effects = [
      checked(o) := true
    ]
  }
  action goToLocation(Agent - Checkable a, Location - Checkable lstart, Location - Checkable lend) {
    preconditions = [
      atLocation(a, lstart)
    ]
    effects = [
      atLocation(a, lstart) := false
      atLocation(a, lend) := true
    ]
  }
  action openObject(Agent - Checkable a, Location - Checkable l, Receptacle - Checkable r) {
    preconditions = [
      (openable(r) and atLocation(a, l) and receptacleAtLocation(r, l) and (not opened(r)))
    ]
    effects = [
      opened(r) := true
      checked(r) := true
    ]
  }
  action closeObject(Agent - Checkable a, Location - Checkable l, Receptacle - Checkable r) {
    preconditions = [
      (openable(r) and atLocation(a, l) and receptacleAtLocation(r, l) and opened(r))
    ]
    effects = [
      opened(r) := false
    ]
  }
  action pickupObject(Agent - Checkable a, Location - Checkable l, Obj - Checkable o, Receptacle - Checkable r) {
    preconditions = [
      (pickupable(o) and atLocation(a, l) and receptacleAtLocation(r, l) and inReceptacle(o, r) and (not holdsAny(a)) and ((not openable(r)) or opened(r)))
    ]
    effects = [
      inReceptacle(o, r) := false
      holds(a, o) := true
      holdsAny(a) := true
      objectAtLocation(o, l) := false
    ]
  }
  action putObject(Agent - Checkable a, Location - Checkable l, Obj - Checkable o, Receptacle - Checkable r, ObjectType ot, ReceptacleType rt) {
    preconditions = [
      (holds(a, o) and atLocation(a, l) and receptacleAtLocation(r, l) and ((not openable(r)) or opened(r)) and objectType(o, ot) and receptacleType(r, rt) and canContain(rt, ot))
    ]
    effects = [
      inReceptacle(o, r) := true
      objectAtLocation(o, l) := true
      holds(a, o) := false
      holdsAny(a) := false
    ]
  }
  action cleanObject(Agent - Checkable a, Location - Checkable l, Receptacle - Checkable r, Obj - Checkable o) {
    preconditions = [
      (cleanable(o) and receptacleType(r, sinkBasinType) and atLocation(a, l) and receptacleAtLocation(r, l) and holds(a, o))
    ]
    effects = [
      isClean(o) := true
    ]
  }
  action heatObject(Agent - Checkable a, Location - Checkable l, Receptacle - Checkable r, Obj - Checkable o) {
    preconditions = [
      (heatable(o) and receptacleType(r, microwaveType) and atLocation(a, l) and receptacleAtLocation(r, l) and holds(a, o))
    ]
    effects = [
      isHot(o) := true
      isCool(o) := false
    ]
  }
  action coolObject(Agent - Checkable a, Location - Checkable l, Receptacle - Checkable r, Obj - Checkable o) {
    preconditions = [
      (coolable(o) and receptacleType(r, fridgeType) and atLocation(a, l) and receptacleAtLocation(r, l) and holds(a, o))
    ]
    effects = [
      isCool(o) := true
      isHot(o) := false
    ]
  }
  action toggleObject(Agent - Checkable a, Location - Checkable l, Obj - Checkable o, Receptacle - Checkable r) {
    preconditions = [
      (toggleable(o) and atLocation(a, l) and receptacleAtLocation(r, l) and inReceptacle(o, r))
    ]
    effects = [
      if isOn(o) then isOn(o) := false
      if (not isOn(o)) then isOn(o) := true
      isToggled(o) := true
    ]
  }
  action sliceObject(Agent - Checkable a, Location - Checkable l, Obj - Checkable co, Obj - Checkable ko) {
    preconditions = [
      (sliceable(co) and (objectType(ko, knifeType) or objectType(ko, butterKnifeType)) and atLocation(a, l) and objectAtLocation(co, l) and holds(a, ko))
    ]
    effects = [
      isSliced(co) := true
    ]
  }
  action help(Agent - Checkable a) {
    preconditions = [
    ]
    effects = [
      checked(a) := true
    ]
  }
]

objects = [
  ReceptacleType: [sinkBasinType, microwaveType, fridgeType, cartType, laundryHamperType, tvStandType, coffeeMachineType, counterTopType, sideTableType, stoveBurnerType]
  ObjectType: [knifeType, butterKnifeType, eggType, alarmClockType, bookType, clothType, plateType, tomatoType, plungerType, creditCardType, boxType]
  Checkable: [agent1, location1, location2, location3, location4, location5, location6, location7, location8, location9, location10, cart_1, microwave_2, laundryHamper_3, tvStand_4, coffeeMachine_5, counterTop_6, fridge_7, sideTable_8, cart_9, stoveBurner_10, egg_1, alarmClock_2, book_3, knife_4, cloth_5, plate_6, tomato_7, plunger_8, creditCard_9, box_10]
  Agent - Checkable: [agent1]
  Location - Checkable: [location1, location2, location3, location4, location5, location6, location7, location8, location9, location10]
  Receptacle - Checkable: [cart_1, microwave_2, laundryHamper_3, tvStand_4, coffeeMachine_5, counterTop_6, fridge_7, sideTable_8, cart_9, stoveBurner_10]
  Obj - Checkable: [egg_1, alarmClock_2, book_3, knife_4, cloth_5, plate_6, tomato_7, plunger_8, creditCard_9, box_10]
]

initial fluents default = [
  bool atLocation[a=Agent - Checkable, l=Location - Checkable] := false
  bool receptacleAtLocation[r=Receptacle - Checkable, l=Location - Checkable] := false
  bool objectAtLocation[o=Obj - Checkable, l=Location - Checkable] := false
  bool openable[r=Receptacle - Checkable] := false
  bool opened[r=Receptacle - Checkable] := false
  bool inReceptacle[o=Obj - Checkable, r=Receptacle - Checkable] := false
  bool isReceptacleObject[o=Obj - Checkable] := false
  bool inReceptacleObject[innerObject=Obj - Checkable, outObject=Obj - Checkable] := false
  bool isReceptacleObjectFull[o=Obj - Checkable] := false
  bool wasInReceptacle[o=Obj - Checkable, r=Receptacle - Checkable] := false
  bool checked[c=Checkable] := false
  bool examined[l=Location - Checkable] := false
  bool receptacleType[r=Receptacle - Checkable, rt=ReceptacleType] := false
  bool canContain[rt=ReceptacleType, ot=ObjectType] := false
  bool objectType[o=Obj - Checkable, t=ObjectType] := false
  bool holds[a=Agent - Checkable, o=Obj - Checkable] := false
  bool holdsAny[a=Agent - Checkable] := false
  bool holdsAnyReceptacleObject[a=Agent - Checkable] := false
  bool full[r=Receptacle - Checkable] := false
  bool isClean[o=Obj - Checkable] := false
  bool cleanable[o=Obj - Checkable] := false
  bool isHot[o=Obj - Checkable] := false
  bool heatable[o=Obj - Checkable] := false
  bool isCool[o=Obj - Checkable] := false
  bool coolable[o=Obj - Checkable] := false
  bool pickupable[o=Obj - Checkable] := false
  bool moveable[o=Obj - Checkable] := false
  bool toggleable[o=Obj - Checkable] := false
  bool isOn[o=Obj - Checkable] := false
  bool isToggled[o=Obj - Checkable] := false
  bool sliceable[o=Obj - Checkable] := false
  bool isSliced[o=Obj - Checkable] := false
]

initial values = [
  receptacleType(cart_1, cartType) := true
  receptacleType(microwave_2, microwaveType) := true
  receptacleType(laundryHamper_3, laundryHamperType) := true
  receptacleType(tvStand_4, tvStandType) := true
  receptacleType(coffeeMachine_5, coffeeMachineType) := true
  receptacleType(counterTop_6, counterTopType) := true
  receptacleType(fridge_7, fridgeType) := true
  receptacleType(sideTable_8, sideTableType) := true
  receptacleType(cart_9, cartType) := true
  receptacleType(stoveBurner_10, stoveBurnerType) := true
  objectType(egg_1, eggType) := true
  objectType(alarmClock_2, alarmClockType) := true
  objectType(book_3, bookType) := true
  objectType(knife_4, knifeType) := true
  objectType(cloth_5, clothType) := true
  objectType(plate_6, plateType) := true
  objectType(tomato_7, tomatoType) := true
  objectType(plunger_8, plungerType) := true
  objectType(creditCard_9, creditCardType) := true
  objectType(box_10, boxType) := true
  canContain(cartType, clothType) := true
  canContain(cartType, plungerType) := true
  canContain(microwaveType, eggType) := true
  canContain(microwaveType, plateType) := true
  canContain(microwaveType, tomatoType) := true
  canContain(laundryHamperType, clothType) := true
  canContain(counterTopType, eggType) := true
  canContain(counterTopType, alarmClockType) := true
  canContain(counterTopType, bookType) := true
  canContain(counterTopType, knifeType) := true
  canContain(counterTopType, clothType) := true
  canContain(counterTopType, plateType) := true
  canContain(counterTopType, tomatoType) := true
  canContain(counterTopType, creditCardType) := true
  canContain(counterTopType, boxType) := true
  canContain(fridgeType, eggType) := true
  canContain(fridgeType, plateType) := true
  canContain(fridgeType, tomatoType) := true
  canContain(sideTableType, eggType) := true
  canContain(sideTableType, alarmClockType) := true
  canContain(sideTableType, bookType) := true
  canContain(sideTableType, knifeType) := true
  canContain(sideTableType, clothType) := true
  canContain(sideTableType, plateType) := true
  canContain(sideTableType, tomatoType) := true
  canContain(sideTableType, creditCardType) := true
  canContain(sideTableType, boxType) := true
  pickupable(egg_1) := true
  cleanable(egg_1) := true
  heatable(egg_1) := true
  coolable(egg_1) := true
  sliceable(egg_1) := true
  pickupable(alarmClock_2) := true
  pickupable(book_3) := true
  pickupable(knife_4) := true
  cleanable(knife_4) := true
  pickupable(cloth_5) := true
  cleanable(cloth_5) := true
  pickupable(plate_6) := true
  isReceptacleObject(plate_6) := true
  cleanable(plate_6) := true
  heatable(plate_6) := true
  coolable(plate_6) := true
  pickupable(tomato_7) := true
  cleanable(tomato_7) := true
  heatable(tomato_7) := true
  coolable(tomato_7) := true
  sliceable(tomato_7) := true
  pickupable(plunger_8) := true
  pickupable(creditCard_9) := true
  pickupable(box_10) := true
  isReceptacleObject(box_10) := true
  receptacleAtLocation(cart_1, location7) := true
  receptacleAtLocation(microwave_2, location8) := true
  receptacleAtLocation(laundryHamper_3, location10) := true
  receptacleAtLocation(tvStand_4, location4) := true
  receptacleAtLocation(coffeeMachine_5, location10) := true
  receptacleAtLocation(counterTop_6, location9) := true
  receptacleAtLocation(fridge_7, location3) := true
  receptacleAtLocation(sideTable_8, location3) := true
  receptacleAtLocation(cart_9, location6) := true
  receptacleAtLocation(stoveBurner_10, location2) := true
  inReceptacle(egg_1, fridge_7) := true
  inReceptacle(knife_4, sideTable_8) := true
  objectAtLocation(egg_1, location3) := true
  objectAtLocation(alarmClock_2, location4) := true
  objectAtLocation(book_3, location9) := true
  objectAtLocation(knife_4, location3) := true
  objectAtLocation(cloth_5, location8) := true
  objectAtLocation(plate_6, location1) := true
  objectAtLocation(tomato_7, location8) := true
  objectAtLocation(plunger_8, location1) := true
  objectAtLocation(creditCard_9, location4) := true
  objectAtLocation(box_10, location9) := true
  atLocation(agent1, location6) := true
]

goals = [
  Exists (Receptacle - Checkable r) Exists (Obj - Checkable o) (inReceptacle(o, r) and objectType(o, alarmClockType) and receptacleType(r, counterTopType))
]

quality metrics = [
  minimize sequential-plan-length
]


2025-06-17 09:54:18,243 - INFO - Generating plan for unconstrained problem

2025-06-17 09:54:18,614 - INFO - Unconstrained plan generation time: 0.37146806716918945

