2025-06-17 11:58:44,400 - INFO - 
================= Seed: 15 =================

2025-06-17 11:58:44,400 - INFO - problem name = alfred

types = [ReceptacleType, ObjectType, Checkable, Agent - Checkable, Location - Checkable, Receptacle - Checkable, Obj - Checkable]

fluents = [
  bool atLocation[a=Agent - Checkable, l=Location - Checkable]
  bool receptacleAtLocation[r=Receptacle - Checkable, l=Location - Checkable]
  bool objectAtLocation[o=Obj - Checkable, l=Location - Checkable]
  bool openable[r=Receptacle - Checkable]
  bool opened[r=Receptacle - Checkable]
  bool inReceptacle[o=Obj - Checkable, r=Receptacle - Checkable]
  bool isReceptacleObject[o=Obj - Checkable]
  bool inReceptacleObject[innerObject=Obj - Checkable, outObject=Obj - Checkable]
  bool isReceptacleObjectFull[o=Obj - Checkable]
  bool wasInReceptacle[o=Obj - Checkable, r=Receptacle - Checkable]
  bool checked[c=Checkable]
  bool examined[l=Location - Checkable]
  bool receptacleType[r=Receptacle - Checkable, rt=ReceptacleType]
  bool canContain[rt=ReceptacleType, ot=ObjectType]
  bool objectType[o=Obj - Checkable, t=ObjectType]
  bool holds[a=Agent - Checkable, o=Obj - Checkable]
  bool holdsAny[a=Agent - Checkable]
  bool holdsAnyReceptacleObject[a=Agent - Checkable]
  bool full[r=Receptacle - Checkable]
  bool isClean[o=Obj - Checkable]
  bool cleanable[o=Obj - Checkable]
  bool isHot[o=Obj - Checkable]
  bool heatable[o=Obj - Checkable]
  bool isCool[o=Obj - Checkable]
  bool coolable[o=Obj - Checkable]
  bool pickupable[o=Obj - Checkable]
  bool moveable[o=Obj - Checkable]
  bool toggleable[o=Obj - Checkable]
  bool isOn[o=Obj - Checkable]
  bool isToggled[o=Obj - Checkable]
  bool sliceable[o=Obj - Checkable]
  bool isSliced[o=Obj - Checkable]
]

actions = [
  action look(Agent - Checkable a, Location - Checkable l) {
    preconditions = [
      atLocation(a, l)
    ]
    effects = [
      checked(l) := true
    ]
  }
  action inventory(Agent - Checkable a) {
    preconditions = [
    ]
    effects = [
      checked(a) := true
    ]
  }
  action examineReceptacle(Agent - Checkable a, Receptacle - Checkable r) {
    preconditions = [
      Exists (Location - Checkable l) (atLocation(a, l) and receptacleAtLocation(r, l))
    ]
    effects = [
      checked(r) := true
    ]
  }
  action examineObject(Agent - Checkable a, Obj - Checkable o) {
    preconditions = [
      (Exists (Location - Checkable l) Exists (Receptacle - Checkable r) (atLocation(a, l) and receptacleAtLocation(r, l) and inReceptacle(o, r) and ((not openable(r)) or opened(r))) or holds(a, o))
    ]
    effects = [
      checked(o) := true
    ]
  }
  action goToLocation(Agent - Checkable a, Location - Checkable lstart, Location - Checkable lend) {
    preconditions = [
      atLocation(a, lstart)
    ]
    effects = [
      atLocation(a, lstart) := false
      atLocation(a, lend) := true
    ]
  }
  action openObject(Agent - Checkable a, Location - Checkable l, Receptacle - Checkable r) {
    preconditions = [
      (openable(r) and atLocation(a, l) and receptacleAtLocation(r, l) and (not opened(r)))
    ]
    effects = [
      opened(r) := true
      checked(r) := true
    ]
  }
  action closeObject(Agent - Checkable a, Location - Checkable l, Receptacle - Checkable r) {
    preconditions = [
      (openable(r) and atLocation(a, l) and receptacleAtLocation(r, l) and opened(r))
    ]
    effects = [
      opened(r) := false
    ]
  }
  action pickupObject(Agent - Checkable a, Location - Checkable l, Obj - Checkable o, Receptacle - Checkable r) {
    preconditions = [
      (pickupable(o) and atLocation(a, l) and receptacleAtLocation(r, l) and inReceptacle(o, r) and (not holdsAny(a)) and ((not openable(r)) or opened(r)))
    ]
    effects = [
      inReceptacle(o, r) := false
      holds(a, o) := true
      holdsAny(a) := true
      objectAtLocation(o, l) := false
    ]
  }
  action putObject(Agent - Checkable a, Location - Checkable l, Obj - Checkable o, Receptacle - Checkable r, ObjectType ot, ReceptacleType rt) {
    preconditions = [
      (holds(a, o) and atLocation(a, l) and receptacleAtLocation(r, l) and ((not openable(r)) or opened(r)) and objectType(o, ot) and receptacleType(r, rt) and canContain(rt, ot))
    ]
    effects = [
      inReceptacle(o, r) := true
      objectAtLocation(o, l) := true
      holds(a, o) := false
      holdsAny(a) := false
    ]
  }
  action cleanObject(Agent - Checkable a, Location - Checkable l, Receptacle - Checkable r, Obj - Checkable o) {
    preconditions = [
      (cleanable(o) and receptacleType(r, sinkBasinType) and atLocation(a, l) and receptacleAtLocation(r, l) and holds(a, o))
    ]
    effects = [
      isClean(o) := true
    ]
  }
  action heatObject(Agent - Checkable a, Location - Checkable l, Receptacle - Checkable r, Obj - Checkable o) {
    preconditions = [
      (heatable(o) and receptacleType(r, microwaveType) and atLocation(a, l) and receptacleAtLocation(r, l) and holds(a, o))
    ]
    effects = [
      isHot(o) := true
      isCool(o) := false
    ]
  }
  action coolObject(Agent - Checkable a, Location - Checkable l, Receptacle - Checkable r, Obj - Checkable o) {
    preconditions = [
      (coolable(o) and receptacleType(r, fridgeType) and atLocation(a, l) and receptacleAtLocation(r, l) and holds(a, o))
    ]
    effects = [
      isCool(o) := true
      isHot(o) := false
    ]
  }
  action toggleObject(Agent - Checkable a, Location - Checkable l, Obj - Checkable o, Receptacle - Checkable r) {
    preconditions = [
      (toggleable(o) and atLocation(a, l) and receptacleAtLocation(r, l) and inReceptacle(o, r))
    ]
    effects = [
      if isOn(o) then isOn(o) := false
      if (not isOn(o)) then isOn(o) := true
      isToggled(o) := true
    ]
  }
  action sliceObject(Agent - Checkable a, Location - Checkable l, Obj - Checkable co, Obj - Checkable ko) {
    preconditions = [
      (sliceable(co) and (objectType(ko, knifeType) or objectType(ko, butterKnifeType)) and atLocation(a, l) and objectAtLocation(co, l) and holds(a, ko))
    ]
    effects = [
      isSliced(co) := true
    ]
  }
  action help(Agent - Checkable a) {
    preconditions = [
    ]
    effects = [
      checked(a) := true
    ]
  }
]

objects = [
  ReceptacleType: [sinkBasinType, microwaveType, fridgeType, counterTopType, bathtubBasinType, towelHolderType, dresserType, drawerType]
  ObjectType: [knifeType, butterKnifeType, cellPhoneType, ladleType, laptopType, bowlType]
  Checkable: [agent1, location1, location2, location3, location4, location5, counterTop_1, bathtubBasin_2, towelHolder_3, dresser_4, drawer_5, microwave_6, fridge_7, cellPhone_1, ladle_2, laptop_3, cellPhone_4, bowl_5]
  Agent - Checkable: [agent1]
  Location - Checkable: [location1, location2, location3, location4, location5]
  Receptacle - Checkable: [counterTop_1, bathtubBasin_2, towelHolder_3, dresser_4, drawer_5, microwave_6, fridge_7]
  Obj - Checkable: [cellPhone_1, ladle_2, laptop_3, cellPhone_4, bowl_5]
]

initial fluents default = [
  bool atLocation[a=Agent - Checkable, l=Location - Checkable] := false
  bool receptacleAtLocation[r=Receptacle - Checkable, l=Location - Checkable] := false
  bool objectAtLocation[o=Obj - Checkable, l=Location - Checkable] := false
  bool openable[r=Receptacle - Checkable] := false
  bool opened[r=Receptacle - Checkable] := false
  bool inReceptacle[o=Obj - Checkable, r=Receptacle - Checkable] := false
  bool isReceptacleObject[o=Obj - Checkable] := false
  bool inReceptacleObject[innerObject=Obj - Checkable, outObject=Obj - Checkable] := false
  bool isReceptacleObjectFull[o=Obj - Checkable] := false
  bool wasInReceptacle[o=Obj - Checkable, r=Receptacle - Checkable] := false
  bool checked[c=Checkable] := false
  bool examined[l=Location - Checkable] := false
  bool receptacleType[r=Receptacle - Checkable, rt=ReceptacleType] := false
  bool canContain[rt=ReceptacleType, ot=ObjectType] := false
  bool objectType[o=Obj - Checkable, t=ObjectType] := false
  bool holds[a=Agent - Checkable, o=Obj - Checkable] := false
  bool holdsAny[a=Agent - Checkable] := false
  bool holdsAnyReceptacleObject[a=Agent - Checkable] := false
  bool full[r=Receptacle - Checkable] := false
  bool isClean[o=Obj - Checkable] := false
  bool cleanable[o=Obj - Checkable] := false
  bool isHot[o=Obj - Checkable] := false
  bool heatable[o=Obj - Checkable] := false
  bool isCool[o=Obj - Checkable] := false
  bool coolable[o=Obj - Checkable] := false
  bool pickupable[o=Obj - Checkable] := false
  bool moveable[o=Obj - Checkable] := false
  bool toggleable[o=Obj - Checkable] := false
  bool isOn[o=Obj - Checkable] := false
  bool isToggled[o=Obj - Checkable] := false
  bool sliceable[o=Obj - Checkable] := false
  bool isSliced[o=Obj - Checkable] := false
]

initial values = [
  receptacleType(counterTop_1, counterTopType) := true
  receptacleType(bathtubBasin_2, bathtubBasinType) := true
  receptacleType(towelHolder_3, towelHolderType) := true
  receptacleType(dresser_4, dresserType) := true
  receptacleType(drawer_5, drawerType) := true
  receptacleType(microwave_6, microwaveType) := true
  receptacleType(fridge_7, fridgeType) := true
  objectType(cellPhone_1, cellPhoneType) := true
  objectType(ladle_2, ladleType) := true
  objectType(laptop_3, laptopType) := true
  objectType(cellPhone_4, cellPhoneType) := true
  objectType(bowl_5, bowlType) := true
  canContain(counterTopType, cellPhoneType) := true
  canContain(counterTopType, ladleType) := true
  canContain(counterTopType, laptopType) := true
  canContain(counterTopType, bowlType) := true
  canContain(dresserType, cellPhoneType) := true
  canContain(dresserType, laptopType) := true
  canContain(dresserType, bowlType) := true
  canContain(drawerType, cellPhoneType) := true
  canContain(drawerType, ladleType) := true
  canContain(microwaveType, bowlType) := true
  canContain(fridgeType, bowlType) := true
  pickupable(cellPhone_1) := true
  pickupable(ladle_2) := true
  cleanable(ladle_2) := true
  pickupable(laptop_3) := true
  pickupable(cellPhone_4) := true
  pickupable(bowl_5) := true
  isReceptacleObject(bowl_5) := true
  cleanable(bowl_5) := true
  coolable(bowl_5) := true
  receptacleAtLocation(counterTop_1, location3) := true
  receptacleAtLocation(bathtubBasin_2, location4) := true
  receptacleAtLocation(towelHolder_3, location3) := true
  receptacleAtLocation(dresser_4, location3) := true
  receptacleAtLocation(drawer_5, location4) := true
  receptacleAtLocation(microwave_6, location3) := true
  receptacleAtLocation(fridge_7, location3) := true
  inReceptacle(cellPhone_1, drawer_5) := true
  inReceptacle(ladle_2, drawer_5) := true
  inReceptacle(laptop_3, dresser_4) := true
  inReceptacle(cellPhone_4, dresser_4) := true
  inReceptacle(bowl_5, dresser_4) := true
  objectAtLocation(cellPhone_1, location4) := true
  objectAtLocation(ladle_2, location4) := true
  objectAtLocation(laptop_3, location3) := true
  objectAtLocation(cellPhone_4, location3) := true
  objectAtLocation(bowl_5, location3) := true
  atLocation(agent1, location1) := true
]

goals = [
  Exists (Receptacle - Checkable r) Exists (Obj - Checkable o) (coolable(o) and objectType(o, bowlType) and receptacleType(r, dresserType) and isCool(o) and inReceptacle(o, r))
]

quality metrics = [
  minimize sequential-plan-length
]


2025-06-17 11:58:44,401 - INFO - Generating plan for unconstrained problem

2025-06-17 11:58:44,807 - INFO - Unconstrained plan generation time: 0.4060544967651367

2025-06-17 11:58:44,808 - INFO - Unconstrained plan and cost: 
2025-06-17 11:58:44,808 - INFO - SequentialPlan:
    goToLocation(agent1, location1, location3)
    pickupObject(agent1, location3, bowl_5, dresser_4)
    coolObject(agent1, location3, fridge_7, bowl_5)
    putObject(agent1, location3, bowl_5, dresser_4, bowlType, dresserType)
2025-06-17 11:58:44,808 - INFO - 4
2025-06-17 11:58:44,939 - INFO - Sampled constraints:

2025-06-17 11:58:44,939 - INFO - Sometime(atLocation(agent1, location2))
2025-06-17 11:58:44,939 - INFO - 
2025-06-17 11:58:44,939 - INFO - Generation time: 0.13045501708984375

2025-06-17 11:58:44,940 - INFO - Generating plan for constrained problem (with LiftedTCORE).

2025-06-17 11:58:44,961 - INFO - LiftedTCORE compilation time: 0.02130722999572754

2025-06-17 11:58:45,500 - INFO - Planning Time with LiftedTCORE's file: 0.53794264793396

2025-06-17 11:58:45,500 - INFO - Plan found with LiftedTCORE + sym_bd: SequentialPlan:
    goToLocation(agent1, location1, location3)
    pickupObject(agent1, location3, bowl_5, dresser_4)
    coolObject(agent1, location3, fridge_7, bowl_5)
    putObject(agent1, location3, bowl_5, dresser_4, bowlType, dresserType)
    goToLocation(agent1, location3, location2)

2025-06-17 11:58:45,500 - INFO - Generating plan for constrained problem (with TCORE).

