2025-06-17 11:16:13,779 - INFO - 
================= Seed: 57 =================

2025-06-17 11:16:13,779 - INFO - problem name = alfred

types = [ReceptacleType, ObjectType, Checkable, Agent - Checkable, Location - Checkable, Receptacle - Checkable, Obj - Checkable]

fluents = [
  bool atLocation[a=Agent - Checkable, l=Location - Checkable]
  bool receptacleAtLocation[r=Receptacle - Checkable, l=Location - Checkable]
  bool objectAtLocation[o=Obj - Checkable, l=Location - Checkable]
  bool openable[r=Receptacle - Checkable]
  bool opened[r=Receptacle - Checkable]
  bool inReceptacle[o=Obj - Checkable, r=Receptacle - Checkable]
  bool isReceptacleObject[o=Obj - Checkable]
  bool inReceptacleObject[innerObject=Obj - Checkable, outObject=Obj - Checkable]
  bool isReceptacleObjectFull[o=Obj - Checkable]
  bool wasInReceptacle[o=Obj - Checkable, r=Receptacle - Checkable]
  bool checked[c=Checkable]
  bool examined[l=Location - Checkable]
  bool receptacleType[r=Receptacle - Checkable, rt=ReceptacleType]
  bool canContain[rt=ReceptacleType, ot=ObjectType]
  bool objectType[o=Obj - Checkable, t=ObjectType]
  bool holds[a=Agent - Checkable, o=Obj - Checkable]
  bool holdsAny[a=Agent - Checkable]
  bool holdsAnyReceptacleObject[a=Agent - Checkable]
  bool full[r=Receptacle - Checkable]
  bool isClean[o=Obj - Checkable]
  bool cleanable[o=Obj - Checkable]
  bool isHot[o=Obj - Checkable]
  bool heatable[o=Obj - Checkable]
  bool isCool[o=Obj - Checkable]
  bool coolable[o=Obj - Checkable]
  bool pickupable[o=Obj - Checkable]
  bool moveable[o=Obj - Checkable]
  bool toggleable[o=Obj - Checkable]
  bool isOn[o=Obj - Checkable]
  bool isToggled[o=Obj - Checkable]
  bool sliceable[o=Obj - Checkable]
  bool isSliced[o=Obj - Checkable]
]

actions = [
  action look(Agent - Checkable a, Location - Checkable l) {
    preconditions = [
      atLocation(a, l)
    ]
    effects = [
      checked(l) := true
    ]
  }
  action inventory(Agent - Checkable a) {
    preconditions = [
    ]
    effects = [
      checked(a) := true
    ]
  }
  action examineReceptacle(Agent - Checkable a, Receptacle - Checkable r) {
    preconditions = [
      Exists (Location - Checkable l) (atLocation(a, l) and receptacleAtLocation(r, l))
    ]
    effects = [
      checked(r) := true
    ]
  }
  action examineObject(Agent - Checkable a, Obj - Checkable o) {
    preconditions = [
      (Exists (Location - Checkable l) Exists (Receptacle - Checkable r) (atLocation(a, l) and receptacleAtLocation(r, l) and inReceptacle(o, r) and ((not openable(r)) or opened(r))) or holds(a, o))
    ]
    effects = [
      checked(o) := true
    ]
  }
  action goToLocation(Agent - Checkable a, Location - Checkable lstart, Location - Checkable lend) {
    preconditions = [
      atLocation(a, lstart)
    ]
    effects = [
      atLocation(a, lstart) := false
      atLocation(a, lend) := true
    ]
  }
  action openObject(Agent - Checkable a, Location - Checkable l, Receptacle - Checkable r) {
    preconditions = [
      (openable(r) and atLocation(a, l) and receptacleAtLocation(r, l) and (not opened(r)))
    ]
    effects = [
      opened(r) := true
      checked(r) := true
    ]
  }
  action closeObject(Agent - Checkable a, Location - Checkable l, Receptacle - Checkable r) {
    preconditions = [
      (openable(r) and atLocation(a, l) and receptacleAtLocation(r, l) and opened(r))
    ]
    effects = [
      opened(r) := false
    ]
  }
  action pickupObject(Agent - Checkable a, Location - Checkable l, Obj - Checkable o, Receptacle - Checkable r) {
    preconditions = [
      (pickupable(o) and atLocation(a, l) and receptacleAtLocation(r, l) and inReceptacle(o, r) and (not holdsAny(a)) and ((not openable(r)) or opened(r)))
    ]
    effects = [
      inReceptacle(o, r) := false
      holds(a, o) := true
      holdsAny(a) := true
      objectAtLocation(o, l) := false
    ]
  }
  action putObject(Agent - Checkable a, Location - Checkable l, Obj - Checkable o, Receptacle - Checkable r, ObjectType ot, ReceptacleType rt) {
    preconditions = [
      (holds(a, o) and atLocation(a, l) and receptacleAtLocation(r, l) and ((not openable(r)) or opened(r)) and objectType(o, ot) and receptacleType(r, rt) and canContain(rt, ot))
    ]
    effects = [
      inReceptacle(o, r) := true
      objectAtLocation(o, l) := true
      holds(a, o) := false
      holdsAny(a) := false
    ]
  }
  action cleanObject(Agent - Checkable a, Location - Checkable l, Receptacle - Checkable r, Obj - Checkable o) {
    preconditions = [
      (cleanable(o) and receptacleType(r, sinkBasinType) and atLocation(a, l) and receptacleAtLocation(r, l) and holds(a, o))
    ]
    effects = [
      isClean(o) := true
    ]
  }
  action heatObject(Agent - Checkable a, Location - Checkable l, Receptacle - Checkable r, Obj - Checkable o) {
    preconditions = [
      (heatable(o) and receptacleType(r, microwaveType) and atLocation(a, l) and receptacleAtLocation(r, l) and holds(a, o))
    ]
    effects = [
      isHot(o) := true
      isCool(o) := false
    ]
  }
  action coolObject(Agent - Checkable a, Location - Checkable l, Receptacle - Checkable r, Obj - Checkable o) {
    preconditions = [
      (coolable(o) and receptacleType(r, fridgeType) and atLocation(a, l) and receptacleAtLocation(r, l) and holds(a, o))
    ]
    effects = [
      isCool(o) := true
      isHot(o) := false
    ]
  }
  action toggleObject(Agent - Checkable a, Location - Checkable l, Obj - Checkable o, Receptacle - Checkable r) {
    preconditions = [
      (toggleable(o) and atLocation(a, l) and receptacleAtLocation(r, l) and inReceptacle(o, r))
    ]
    effects = [
      if isOn(o) then isOn(o) := false
      if (not isOn(o)) then isOn(o) := true
      isToggled(o) := true
    ]
  }
  action sliceObject(Agent - Checkable a, Location - Checkable l, Obj - Checkable co, Obj - Checkable ko) {
    preconditions = [
      (sliceable(co) and (objectType(ko, knifeType) or objectType(ko, butterKnifeType)) and atLocation(a, l) and objectAtLocation(co, l) and holds(a, ko))
    ]
    effects = [
      isSliced(co) := true
    ]
  }
  action help(Agent - Checkable a) {
    preconditions = [
    ]
    effects = [
      checked(a) := true
    ]
  }
]

objects = [
  ReceptacleType: [sinkBasinType, microwaveType, fridgeType, drawerType, stoveBurnerType, bathtubBasinType, armChairType, towelHolderType, toiletPaperHangerType, handTowelHolderType]
  ObjectType: [knifeType, butterKnifeType, pillowType, penType, tissueBoxType, cellPhoneType, keyChainType, potType, glassbottleType, bookType, plateType]
  Checkable: [agent1, location1, location2, location3, location4, location5, location6, location7, location8, location9, location10, drawer_1, stoveBurner_2, bathtubBasin_3, armChair_4, bathtubBasin_5, fridge_6, towelHolder_7, microwave_8, toiletPaperHanger_9, handTowelHolder_10, microwave_11, fridge_12, pillow_1, pen_2, tissueBox_3, cellPhone_4, keyChain_5, pen_6, pot_7, glassbottle_8, book_9, plate_10]
  Agent - Checkable: [agent1]
  Location - Checkable: [location1, location2, location3, location4, location5, location6, location7, location8, location9, location10]
  Receptacle - Checkable: [drawer_1, stoveBurner_2, bathtubBasin_3, armChair_4, bathtubBasin_5, fridge_6, towelHolder_7, microwave_8, toiletPaperHanger_9, handTowelHolder_10, microwave_11, fridge_12]
  Obj - Checkable: [pillow_1, pen_2, tissueBox_3, cellPhone_4, keyChain_5, pen_6, pot_7, glassbottle_8, book_9, plate_10]
]

initial fluents default = [
  bool atLocation[a=Agent - Checkable, l=Location - Checkable] := false
  bool receptacleAtLocation[r=Receptacle - Checkable, l=Location - Checkable] := false
  bool objectAtLocation[o=Obj - Checkable, l=Location - Checkable] := false
  bool openable[r=Receptacle - Checkable] := false
  bool opened[r=Receptacle - Checkable] := false
  bool inReceptacle[o=Obj - Checkable, r=Receptacle - Checkable] := false
  bool isReceptacleObject[o=Obj - Checkable] := false
  bool inReceptacleObject[innerObject=Obj - Checkable, outObject=Obj - Checkable] := false
  bool isReceptacleObjectFull[o=Obj - Checkable] := false
  bool wasInReceptacle[o=Obj - Checkable, r=Receptacle - Checkable] := false
  bool checked[c=Checkable] := false
  bool examined[l=Location - Checkable] := false
  bool receptacleType[r=Receptacle - Checkable, rt=ReceptacleType] := false
  bool canContain[rt=ReceptacleType, ot=ObjectType] := false
  bool objectType[o=Obj - Checkable, t=ObjectType] := false
  bool holds[a=Agent - Checkable, o=Obj - Checkable] := false
  bool holdsAny[a=Agent - Checkable] := false
  bool holdsAnyReceptacleObject[a=Agent - Checkable] := false
  bool full[r=Receptacle - Checkable] := false
  bool isClean[o=Obj - Checkable] := false
  bool cleanable[o=Obj - Checkable] := false
  bool isHot[o=Obj - Checkable] := false
  bool heatable[o=Obj - Checkable] := false
  bool isCool[o=Obj - Checkable] := false
  bool coolable[o=Obj - Checkable] := false
  bool pickupable[o=Obj - Checkable] := false
  bool moveable[o=Obj - Checkable] := false
  bool toggleable[o=Obj - Checkable] := false
  bool isOn[o=Obj - Checkable] := false
  bool isToggled[o=Obj - Checkable] := false
  bool sliceable[o=Obj - Checkable] := false
  bool isSliced[o=Obj - Checkable] := false
]

initial values = [
  receptacleType(drawer_1, drawerType) := true
  receptacleType(stoveBurner_2, stoveBurnerType) := true
  receptacleType(bathtubBasin_3, bathtubBasinType) := true
  receptacleType(armChair_4, armChairType) := true
  receptacleType(bathtubBasin_5, bathtubBasinType) := true
  receptacleType(fridge_6, fridgeType) := true
  receptacleType(towelHolder_7, towelHolderType) := true
  receptacleType(microwave_8, microwaveType) := true
  receptacleType(toiletPaperHanger_9, toiletPaperHangerType) := true
  receptacleType(handTowelHolder_10, handTowelHolderType) := true
  receptacleType(microwave_11, microwaveType) := true
  receptacleType(fridge_12, fridgeType) := true
  objectType(pillow_1, pillowType) := true
  objectType(pen_2, penType) := true
  objectType(tissueBox_3, tissueBoxType) := true
  objectType(cellPhone_4, cellPhoneType) := true
  objectType(keyChain_5, keyChainType) := true
  objectType(pen_6, penType) := true
  objectType(pot_7, potType) := true
  objectType(glassbottle_8, glassbottleType) := true
  objectType(book_9, bookType) := true
  objectType(plate_10, plateType) := true
  canContain(drawerType, penType) := true
  canContain(drawerType, tissueBoxType) := true
  canContain(drawerType, cellPhoneType) := true
  canContain(drawerType, keyChainType) := true
  canContain(drawerType, bookType) := true
  canContain(stoveBurnerType, potType) := true
  canContain(armChairType, pillowType) := true
  canContain(armChairType, cellPhoneType) := true
  canContain(armChairType, keyChainType) := true
  canContain(armChairType, bookType) := true
  canContain(fridgeType, potType) := true
  canContain(fridgeType, glassbottleType) := true
  canContain(fridgeType, plateType) := true
  canContain(microwaveType, glassbottleType) := true
  canContain(microwaveType, plateType) := true
  pickupable(pillow_1) := true
  pickupable(pen_2) := true
  pickupable(tissueBox_3) := true
  pickupable(cellPhone_4) := true
  pickupable(keyChain_5) := true
  pickupable(pen_6) := true
  pickupable(pot_7) := true
  isReceptacleObject(pot_7) := true
  cleanable(pot_7) := true
  coolable(pot_7) := true
  pickupable(glassbottle_8) := true
  pickupable(book_9) := true
  pickupable(plate_10) := true
  isReceptacleObject(plate_10) := true
  cleanable(plate_10) := true
  heatable(plate_10) := true
  coolable(plate_10) := true
  receptacleAtLocation(drawer_1, location5) := true
  receptacleAtLocation(stoveBurner_2, location10) := true
  receptacleAtLocation(bathtubBasin_3, location3) := true
  receptacleAtLocation(armChair_4, location10) := true
  receptacleAtLocation(bathtubBasin_5, location3) := true
  receptacleAtLocation(fridge_6, location3) := true
  receptacleAtLocation(towelHolder_7, location7) := true
  receptacleAtLocation(microwave_8, location9) := true
  receptacleAtLocation(toiletPaperHanger_9, location3) := true
  receptacleAtLocation(handTowelHolder_10, location10) := true
  receptacleAtLocation(microwave_11, location7) := true
  receptacleAtLocation(fridge_12, location9) := true
  inReceptacle(pillow_1, armChair_4) := true
  inReceptacle(pen_2, drawer_1) := true
  inReceptacle(tissueBox_3, drawer_1) := true
  inReceptacle(cellPhone_4, drawer_1) := true
  inReceptacle(keyChain_5, drawer_1) := true
  inReceptacle(pen_6, drawer_1) := true
  inReceptacle(pot_7, fridge_6) := true
  inReceptacle(glassbottle_8, fridge_6) := true
  inReceptacle(book_9, drawer_1) := true
  inReceptacle(plate_10, microwave_8) := true
  objectAtLocation(pillow_1, location10) := true
  objectAtLocation(pen_2, location5) := true
  objectAtLocation(tissueBox_3, location5) := true
  objectAtLocation(cellPhone_4, location5) := true
  objectAtLocation(keyChain_5, location5) := true
  objectAtLocation(pen_6, location5) := true
  objectAtLocation(pot_7, location3) := true
  objectAtLocation(glassbottle_8, location3) := true
  objectAtLocation(book_9, location5) := true
  objectAtLocation(plate_10, location9) := true
  atLocation(agent1, location3) := true
]

goals = [
  Exists (Receptacle - Checkable r) Exists (Obj - Checkable o1) (inReceptacle(o1, r) and objectType(o1, tissueBoxType) and receptacleType(r, drawerType) and Exists (Obj - Checkable o2) ((not (o1 == o2)) and objectType(o2, cellPhoneType) and receptacleType(r, drawerType) and inReceptacle(o2, r)))
]

quality metrics = [
  minimize sequential-plan-length
]


2025-06-17 11:16:13,784 - INFO - Generating plan for unconstrained problem

2025-06-17 11:16:14,396 - INFO - Unconstrained plan generation time: 0.612438440322876

2025-06-17 11:16:14,396 - INFO - Unconstrained plan and cost: 
2025-06-17 11:16:14,396 - INFO - SequentialPlan:
2025-06-17 11:16:14,396 - INFO - 0
2025-06-17 11:16:14,482 - INFO - Sampled constraints:

2025-06-17 11:16:14,482 - INFO - Sometime((checked(keyChain_5) and checked(location1)))
2025-06-17 11:16:14,483 - INFO - 
2025-06-17 11:16:14,483 - INFO - Generation time: 0.08616447448730469

2025-06-17 11:16:14,483 - INFO - Generating plan for constrained problem (with LiftedTCORE).

2025-06-17 11:16:14,523 - INFO - LiftedTCORE compilation time: 0.03991389274597168

2025-06-17 11:16:15,003 - INFO - Planning Time with LiftedTCORE's file: 0.4799365997314453

2025-06-17 11:16:15,003 - INFO - Plan found with LiftedTCORE + sym_bd: SequentialPlan:
    goToLocation(agent1, location3, location1)
    look(agent1, location1)
    goToLocation(agent1, location1, location5)
    examineObject(agent1, keyChain_5)
2025-06-17 11:16:15,004 - INFO - Seed: 57 is solvable

2025-06-17 11:16:15,004 - INFO - Unconstrained cost: 0
2025-06-17 11:16:15,004 - INFO - Constrained cost: 4
2025-06-17 11:16:15,004 - INFO - Seed: 57 Plan simulation is feasible
2025-06-17 11:16:15,004 - INFO - 
Seed: 57 
 Plan: [goToLocation(agent1, location3, location1), look(agent1, location1), goToLocation(agent1, location1, location5), examineObject(agent1, keyChain_5)]  
 Cost: 4

