2025-06-17 09:57:34,663 - INFO - 
================= Seed: 611 =================

2025-06-17 09:57:34,668 - INFO - problem name = alfred

types = [ReceptacleType, ObjectType, Checkable, Agent - Checkable, Location - Checkable, Receptacle - Checkable, Obj - Checkable]

fluents = [
  bool atLocation[a=Agent - Checkable, l=Location - Checkable]
  bool receptacleAtLocation[r=Receptacle - Checkable, l=Location - Checkable]
  bool objectAtLocation[o=Obj - Checkable, l=Location - Checkable]
  bool openable[r=Receptacle - Checkable]
  bool opened[r=Receptacle - Checkable]
  bool inReceptacle[o=Obj - Checkable, r=Receptacle - Checkable]
  bool isReceptacleObject[o=Obj - Checkable]
  bool inReceptacleObject[innerObject=Obj - Checkable, outObject=Obj - Checkable]
  bool isReceptacleObjectFull[o=Obj - Checkable]
  bool wasInReceptacle[o=Obj - Checkable, r=Receptacle - Checkable]
  bool checked[c=Checkable]
  bool examined[l=Location - Checkable]
  bool receptacleType[r=Receptacle - Checkable, rt=ReceptacleType]
  bool canContain[rt=ReceptacleType, ot=ObjectType]
  bool objectType[o=Obj - Checkable, t=ObjectType]
  bool holds[a=Agent - Checkable, o=Obj - Checkable]
  bool holdsAny[a=Agent - Checkable]
  bool holdsAnyReceptacleObject[a=Agent - Checkable]
  bool full[r=Receptacle - Checkable]
  bool isClean[o=Obj - Checkable]
  bool cleanable[o=Obj - Checkable]
  bool isHot[o=Obj - Checkable]
  bool heatable[o=Obj - Checkable]
  bool isCool[o=Obj - Checkable]
  bool coolable[o=Obj - Checkable]
  bool pickupable[o=Obj - Checkable]
  bool moveable[o=Obj - Checkable]
  bool toggleable[o=Obj - Checkable]
  bool isOn[o=Obj - Checkable]
  bool isToggled[o=Obj - Checkable]
  bool sliceable[o=Obj - Checkable]
  bool isSliced[o=Obj - Checkable]
]

actions = [
  action look(Agent - Checkable a, Location - Checkable l) {
    preconditions = [
      atLocation(a, l)
    ]
    effects = [
      checked(l) := true
    ]
  }
  action inventory(Agent - Checkable a) {
    preconditions = [
    ]
    effects = [
      checked(a) := true
    ]
  }
  action examineReceptacle(Agent - Checkable a, Receptacle - Checkable r) {
    preconditions = [
      Exists (Location - Checkable l) (atLocation(a, l) and receptacleAtLocation(r, l))
    ]
    effects = [
      checked(r) := true
    ]
  }
  action examineObject(Agent - Checkable a, Obj - Checkable o) {
    preconditions = [
      (Exists (Location - Checkable l) Exists (Receptacle - Checkable r) (atLocation(a, l) and receptacleAtLocation(r, l) and inReceptacle(o, r) and ((not openable(r)) or opened(r))) or holds(a, o))
    ]
    effects = [
      checked(o) := true
    ]
  }
  action goToLocation(Agent - Checkable a, Location - Checkable lstart, Location - Checkable lend) {
    preconditions = [
      atLocation(a, lstart)
    ]
    effects = [
      atLocation(a, lstart) := false
      atLocation(a, lend) := true
    ]
  }
  action openObject(Agent - Checkable a, Location - Checkable l, Receptacle - Checkable r) {
    preconditions = [
      (openable(r) and atLocation(a, l) and receptacleAtLocation(r, l) and (not opened(r)))
    ]
    effects = [
      opened(r) := true
      checked(r) := true
    ]
  }
  action closeObject(Agent - Checkable a, Location - Checkable l, Receptacle - Checkable r) {
    preconditions = [
      (openable(r) and atLocation(a, l) and receptacleAtLocation(r, l) and opened(r))
    ]
    effects = [
      opened(r) := false
    ]
  }
  action pickupObject(Agent - Checkable a, Location - Checkable l, Obj - Checkable o, Receptacle - Checkable r) {
    preconditions = [
      (pickupable(o) and atLocation(a, l) and receptacleAtLocation(r, l) and inReceptacle(o, r) and (not holdsAny(a)) and ((not openable(r)) or opened(r)))
    ]
    effects = [
      inReceptacle(o, r) := false
      holds(a, o) := true
      holdsAny(a) := true
      objectAtLocation(o, l) := false
    ]
  }
  action putObject(Agent - Checkable a, Location - Checkable l, Obj - Checkable o, Receptacle - Checkable r, ObjectType ot, ReceptacleType rt) {
    preconditions = [
      (holds(a, o) and atLocation(a, l) and receptacleAtLocation(r, l) and ((not openable(r)) or opened(r)) and objectType(o, ot) and receptacleType(r, rt) and canContain(rt, ot))
    ]
    effects = [
      inReceptacle(o, r) := true
      objectAtLocation(o, l) := true
      holds(a, o) := false
      holdsAny(a) := false
    ]
  }
  action cleanObject(Agent - Checkable a, Location - Checkable l, Receptacle - Checkable r, Obj - Checkable o) {
    preconditions = [
      (cleanable(o) and receptacleType(r, sinkBasinType) and atLocation(a, l) and receptacleAtLocation(r, l) and holds(a, o))
    ]
    effects = [
      isClean(o) := true
    ]
  }
  action heatObject(Agent - Checkable a, Location - Checkable l, Receptacle - Checkable r, Obj - Checkable o) {
    preconditions = [
      (heatable(o) and receptacleType(r, microwaveType) and atLocation(a, l) and receptacleAtLocation(r, l) and holds(a, o))
    ]
    effects = [
      isHot(o) := true
      isCool(o) := false
    ]
  }
  action coolObject(Agent - Checkable a, Location - Checkable l, Receptacle - Checkable r, Obj - Checkable o) {
    preconditions = [
      (coolable(o) and receptacleType(r, fridgeType) and atLocation(a, l) and receptacleAtLocation(r, l) and holds(a, o))
    ]
    effects = [
      isCool(o) := true
      isHot(o) := false
    ]
  }
  action toggleObject(Agent - Checkable a, Location - Checkable l, Obj - Checkable o, Receptacle - Checkable r) {
    preconditions = [
      (toggleable(o) and atLocation(a, l) and receptacleAtLocation(r, l) and inReceptacle(o, r))
    ]
    effects = [
      if isOn(o) then isOn(o) := false
      if (not isOn(o)) then isOn(o) := true
      isToggled(o) := true
    ]
  }
  action sliceObject(Agent - Checkable a, Location - Checkable l, Obj - Checkable co, Obj - Checkable ko) {
    preconditions = [
      (sliceable(co) and (objectType(ko, knifeType) or objectType(ko, butterKnifeType)) and atLocation(a, l) and objectAtLocation(co, l) and holds(a, ko))
    ]
    effects = [
      isSliced(co) := true
    ]
  }
  action help(Agent - Checkable a) {
    preconditions = [
    ]
    effects = [
      checked(a) := true
    ]
  }
]

objects = [
  ReceptacleType: [sinkBasinType, microwaveType, fridgeType, safeType, stoveBurnerType, toiletType, cabinetType, drawerType, armChairType, sideTableType]
  ObjectType: [knifeType, butterKnifeType, tennisRacketType, plungerType, potatoType, toiletPaperRollType, eggType, breadType, kettleType, bowlType, toiletPaperType, potType]
  Checkable: [agent1, location1, location2, location3, location4, location5, location6, location7, location8, location9, location10, safe_1, stoveBurner_2, toilet_3, cabinet_4, toilet_5, microwave_6, safe_7, drawer_8, armChair_9, sideTable_10, tennisRacket_1, plunger_2, potato_3, toiletPaperRoll_4, egg_5, bread_6, kettle_7, bowl_8, toiletPaper_9, pot_10]
  Agent - Checkable: [agent1]
  Location - Checkable: [location1, location2, location3, location4, location5, location6, location7, location8, location9, location10]
  Receptacle - Checkable: [safe_1, stoveBurner_2, toilet_3, cabinet_4, toilet_5, microwave_6, safe_7, drawer_8, armChair_9, sideTable_10]
  Obj - Checkable: [tennisRacket_1, plunger_2, potato_3, toiletPaperRoll_4, egg_5, bread_6, kettle_7, bowl_8, toiletPaper_9, pot_10]
]

initial fluents default = [
  bool atLocation[a=Agent - Checkable, l=Location - Checkable] := false
  bool receptacleAtLocation[r=Receptacle - Checkable, l=Location - Checkable] := false
  bool objectAtLocation[o=Obj - Checkable, l=Location - Checkable] := false
  bool openable[r=Receptacle - Checkable] := false
  bool opened[r=Receptacle - Checkable] := false
  bool inReceptacle[o=Obj - Checkable, r=Receptacle - Checkable] := false
  bool isReceptacleObject[o=Obj - Checkable] := false
  bool inReceptacleObject[innerObject=Obj - Checkable, outObject=Obj - Checkable] := false
  bool isReceptacleObjectFull[o=Obj - Checkable] := false
  bool wasInReceptacle[o=Obj - Checkable, r=Receptacle - Checkable] := false
  bool checked[c=Checkable] := false
  bool examined[l=Location - Checkable] := false
  bool receptacleType[r=Receptacle - Checkable, rt=ReceptacleType] := false
  bool canContain[rt=ReceptacleType, ot=ObjectType] := false
  bool objectType[o=Obj - Checkable, t=ObjectType] := false
  bool holds[a=Agent - Checkable, o=Obj - Checkable] := false
  bool holdsAny[a=Agent - Checkable] := false
  bool holdsAnyReceptacleObject[a=Agent - Checkable] := false
  bool full[r=Receptacle - Checkable] := false
  bool isClean[o=Obj - Checkable] := false
  bool cleanable[o=Obj - Checkable] := false
  bool isHot[o=Obj - Checkable] := false
  bool heatable[o=Obj - Checkable] := false
  bool isCool[o=Obj - Checkable] := false
  bool coolable[o=Obj - Checkable] := false
  bool pickupable[o=Obj - Checkable] := false
  bool moveable[o=Obj - Checkable] := false
  bool toggleable[o=Obj - Checkable] := false
  bool isOn[o=Obj - Checkable] := false
  bool isToggled[o=Obj - Checkable] := false
  bool sliceable[o=Obj - Checkable] := false
  bool isSliced[o=Obj - Checkable] := false
]

initial values = [
  receptacleType(safe_1, safeType) := true
  receptacleType(stoveBurner_2, stoveBurnerType) := true
  receptacleType(toilet_3, toiletType) := true
  receptacleType(cabinet_4, cabinetType) := true
  receptacleType(toilet_5, toiletType) := true
  receptacleType(microwave_6, microwaveType) := true
  receptacleType(safe_7, safeType) := true
  receptacleType(drawer_8, drawerType) := true
  receptacleType(armChair_9, armChairType) := true
  receptacleType(sideTable_10, sideTableType) := true
  objectType(tennisRacket_1, tennisRacketType) := true
  objectType(plunger_2, plungerType) := true
  objectType(potato_3, potatoType) := true
  objectType(toiletPaperRoll_4, toiletPaperRollType) := true
  objectType(egg_5, eggType) := true
  objectType(bread_6, breadType) := true
  objectType(kettle_7, kettleType) := true
  objectType(bowl_8, bowlType) := true
  objectType(toiletPaper_9, toiletPaperType) := true
  objectType(pot_10, potType) := true
  canContain(stoveBurnerType, kettleType) := true
  canContain(stoveBurnerType, potType) := true
  canContain(toiletType, toiletPaperRollType) := true
  canContain(toiletType, toiletPaperType) := true
  canContain(cabinetType, plungerType) := true
  canContain(cabinetType, toiletPaperRollType) := true
  canContain(cabinetType, kettleType) := true
  canContain(cabinetType, bowlType) := true
  canContain(cabinetType, toiletPaperType) := true
  canContain(cabinetType, potType) := true
  canContain(microwaveType, potatoType) := true
  canContain(microwaveType, eggType) := true
  canContain(microwaveType, breadType) := true
  canContain(microwaveType, bowlType) := true
  canContain(drawerType, toiletPaperRollType) := true
  canContain(drawerType, toiletPaperType) := true
  canContain(sideTableType, tennisRacketType) := true
  canContain(sideTableType, potatoType) := true
  canContain(sideTableType, toiletPaperRollType) := true
  canContain(sideTableType, eggType) := true
  canContain(sideTableType, breadType) := true
  canContain(sideTableType, kettleType) := true
  canContain(sideTableType, bowlType) := true
  canContain(sideTableType, toiletPaperType) := true
  canContain(sideTableType, potType) := true
  pickupable(tennisRacket_1) := true
  pickupable(plunger_2) := true
  pickupable(potato_3) := true
  cleanable(potato_3) := true
  heatable(potato_3) := true
  coolable(potato_3) := true
  sliceable(potato_3) := true
  pickupable(toiletPaperRoll_4) := true
  pickupable(egg_5) := true
  cleanable(egg_5) := true
  heatable(egg_5) := true
  coolable(egg_5) := true
  sliceable(egg_5) := true
  pickupable(bread_6) := true
  heatable(bread_6) := true
  coolable(bread_6) := true
  sliceable(bread_6) := true
  pickupable(kettle_7) := true
  cleanable(kettle_7) := true
  pickupable(bowl_8) := true
  isReceptacleObject(bowl_8) := true
  cleanable(bowl_8) := true
  coolable(bowl_8) := true
  pickupable(toiletPaper_9) := true
  pickupable(pot_10) := true
  isReceptacleObject(pot_10) := true
  cleanable(pot_10) := true
  coolable(pot_10) := true
  receptacleAtLocation(safe_1, location7) := true
  receptacleAtLocation(stoveBurner_2, location8) := true
  receptacleAtLocation(toilet_3, location6) := true
  receptacleAtLocation(cabinet_4, location3) := true
  receptacleAtLocation(toilet_5, location1) := true
  receptacleAtLocation(microwave_6, location4) := true
  receptacleAtLocation(safe_7, location4) := true
  receptacleAtLocation(drawer_8, location1) := true
  receptacleAtLocation(armChair_9, location4) := true
  receptacleAtLocation(sideTable_10, location5) := true
  inReceptacle(potato_3, microwave_6) := true
  inReceptacle(egg_5, sideTable_10) := true
  inReceptacle(pot_10, cabinet_4) := true
  objectAtLocation(tennisRacket_1, location2) := true
  objectAtLocation(plunger_2, location5) := true
  objectAtLocation(potato_3, location4) := true
  objectAtLocation(toiletPaperRoll_4, location9) := true
  objectAtLocation(egg_5, location5) := true
  objectAtLocation(bread_6, location7) := true
  objectAtLocation(kettle_7, location5) := true
  objectAtLocation(bowl_8, location9) := true
  objectAtLocation(toiletPaper_9, location4) := true
  objectAtLocation(pot_10, location3) := true
  atLocation(agent1, location4) := true
]

goals = [
  Exists (Receptacle - Checkable r) Exists (Obj - Checkable o) (inReceptacle(o, r) and objectType(o, plungerType) and receptacleType(r, cabinetType))
]

quality metrics = [
  minimize sequential-plan-length
]


2025-06-17 09:57:34,670 - INFO - Generating plan for unconstrained problem

2025-06-17 09:57:35,023 - INFO - Unconstrained plan generation time: 0.3528759479522705

