2025-06-17 09:56:47,481 - INFO - 
================= Seed: 541 =================

2025-06-17 09:56:47,493 - INFO - problem name = alfred

types = [ReceptacleType, ObjectType, Checkable, Agent - Checkable, Location - Checkable, Receptacle - Checkable, Obj - Checkable]

fluents = [
  bool atLocation[a=Agent - Checkable, l=Location - Checkable]
  bool receptacleAtLocation[r=Receptacle - Checkable, l=Location - Checkable]
  bool objectAtLocation[o=Obj - Checkable, l=Location - Checkable]
  bool openable[r=Receptacle - Checkable]
  bool opened[r=Receptacle - Checkable]
  bool inReceptacle[o=Obj - Checkable, r=Receptacle - Checkable]
  bool isReceptacleObject[o=Obj - Checkable]
  bool inReceptacleObject[innerObject=Obj - Checkable, outObject=Obj - Checkable]
  bool isReceptacleObjectFull[o=Obj - Checkable]
  bool wasInReceptacle[o=Obj - Checkable, r=Receptacle - Checkable]
  bool checked[c=Checkable]
  bool examined[l=Location - Checkable]
  bool receptacleType[r=Receptacle - Checkable, rt=ReceptacleType]
  bool canContain[rt=ReceptacleType, ot=ObjectType]
  bool objectType[o=Obj - Checkable, t=ObjectType]
  bool holds[a=Agent - Checkable, o=Obj - Checkable]
  bool holdsAny[a=Agent - Checkable]
  bool holdsAnyReceptacleObject[a=Agent - Checkable]
  bool full[r=Receptacle - Checkable]
  bool isClean[o=Obj - Checkable]
  bool cleanable[o=Obj - Checkable]
  bool isHot[o=Obj - Checkable]
  bool heatable[o=Obj - Checkable]
  bool isCool[o=Obj - Checkable]
  bool coolable[o=Obj - Checkable]
  bool pickupable[o=Obj - Checkable]
  bool moveable[o=Obj - Checkable]
  bool toggleable[o=Obj - Checkable]
  bool isOn[o=Obj - Checkable]
  bool isToggled[o=Obj - Checkable]
  bool sliceable[o=Obj - Checkable]
  bool isSliced[o=Obj - Checkable]
]

actions = [
  action look(Agent - Checkable a, Location - Checkable l) {
    preconditions = [
      atLocation(a, l)
    ]
    effects = [
      checked(l) := true
    ]
  }
  action inventory(Agent - Checkable a) {
    preconditions = [
    ]
    effects = [
      checked(a) := true
    ]
  }
  action examineReceptacle(Agent - Checkable a, Receptacle - Checkable r) {
    preconditions = [
      Exists (Location - Checkable l) (atLocation(a, l) and receptacleAtLocation(r, l))
    ]
    effects = [
      checked(r) := true
    ]
  }
  action examineObject(Agent - Checkable a, Obj - Checkable o) {
    preconditions = [
      (Exists (Location - Checkable l) Exists (Receptacle - Checkable r) (atLocation(a, l) and receptacleAtLocation(r, l) and inReceptacle(o, r) and ((not openable(r)) or opened(r))) or holds(a, o))
    ]
    effects = [
      checked(o) := true
    ]
  }
  action goToLocation(Agent - Checkable a, Location - Checkable lstart, Location - Checkable lend) {
    preconditions = [
      atLocation(a, lstart)
    ]
    effects = [
      atLocation(a, lstart) := false
      atLocation(a, lend) := true
    ]
  }
  action openObject(Agent - Checkable a, Location - Checkable l, Receptacle - Checkable r) {
    preconditions = [
      (openable(r) and atLocation(a, l) and receptacleAtLocation(r, l) and (not opened(r)))
    ]
    effects = [
      opened(r) := true
      checked(r) := true
    ]
  }
  action closeObject(Agent - Checkable a, Location - Checkable l, Receptacle - Checkable r) {
    preconditions = [
      (openable(r) and atLocation(a, l) and receptacleAtLocation(r, l) and opened(r))
    ]
    effects = [
      opened(r) := false
    ]
  }
  action pickupObject(Agent - Checkable a, Location - Checkable l, Obj - Checkable o, Receptacle - Checkable r) {
    preconditions = [
      (pickupable(o) and atLocation(a, l) and receptacleAtLocation(r, l) and inReceptacle(o, r) and (not holdsAny(a)) and ((not openable(r)) or opened(r)))
    ]
    effects = [
      inReceptacle(o, r) := false
      holds(a, o) := true
      holdsAny(a) := true
      objectAtLocation(o, l) := false
    ]
  }
  action putObject(Agent - Checkable a, Location - Checkable l, Obj - Checkable o, Receptacle - Checkable r, ObjectType ot, ReceptacleType rt) {
    preconditions = [
      (holds(a, o) and atLocation(a, l) and receptacleAtLocation(r, l) and ((not openable(r)) or opened(r)) and objectType(o, ot) and receptacleType(r, rt) and canContain(rt, ot))
    ]
    effects = [
      inReceptacle(o, r) := true
      objectAtLocation(o, l) := true
      holds(a, o) := false
      holdsAny(a) := false
    ]
  }
  action cleanObject(Agent - Checkable a, Location - Checkable l, Receptacle - Checkable r, Obj - Checkable o) {
    preconditions = [
      (cleanable(o) and receptacleType(r, sinkBasinType) and atLocation(a, l) and receptacleAtLocation(r, l) and holds(a, o))
    ]
    effects = [
      isClean(o) := true
    ]
  }
  action heatObject(Agent - Checkable a, Location - Checkable l, Receptacle - Checkable r, Obj - Checkable o) {
    preconditions = [
      (heatable(o) and receptacleType(r, microwaveType) and atLocation(a, l) and receptacleAtLocation(r, l) and holds(a, o))
    ]
    effects = [
      isHot(o) := true
      isCool(o) := false
    ]
  }
  action coolObject(Agent - Checkable a, Location - Checkable l, Receptacle - Checkable r, Obj - Checkable o) {
    preconditions = [
      (coolable(o) and receptacleType(r, fridgeType) and atLocation(a, l) and receptacleAtLocation(r, l) and holds(a, o))
    ]
    effects = [
      isCool(o) := true
      isHot(o) := false
    ]
  }
  action toggleObject(Agent - Checkable a, Location - Checkable l, Obj - Checkable o, Receptacle - Checkable r) {
    preconditions = [
      (toggleable(o) and atLocation(a, l) and receptacleAtLocation(r, l) and inReceptacle(o, r))
    ]
    effects = [
      if isOn(o) then isOn(o) := false
      if (not isOn(o)) then isOn(o) := true
      isToggled(o) := true
    ]
  }
  action sliceObject(Agent - Checkable a, Location - Checkable l, Obj - Checkable co, Obj - Checkable ko) {
    preconditions = [
      (sliceable(co) and (objectType(ko, knifeType) or objectType(ko, butterKnifeType)) and atLocation(a, l) and objectAtLocation(co, l) and holds(a, ko))
    ]
    effects = [
      isSliced(co) := true
    ]
  }
  action help(Agent - Checkable a) {
    preconditions = [
    ]
    effects = [
      checked(a) := true
    ]
  }
]

objects = [
  ReceptacleType: [sinkBasinType, microwaveType, fridgeType, stoveBurnerType, bathtubBasinType, sideTableType, diningTableType, cabinetType, tvStandType, coffeeMachineType, safeType]
  ObjectType: [knifeType, butterKnifeType, eggType, potatoType, candleType, penType, bookType, forkType, plateType, glassbottleType, plungerType]
  Checkable: [agent1, location1, location2, location3, location4, location5, location6, location7, location8, location9, location10, stoveBurner_1, bathtubBasin_2, sideTable_3, diningTable_4, cabinet_5, tvStand_6, coffeeMachine_7, safe_8, stoveBurner_9, microwave_10, egg_1, potato_2, candle_3, pen_4, book_5, fork_6, plate_7, glassbottle_8, plunger_9, plate_10]
  Agent - Checkable: [agent1]
  Location - Checkable: [location1, location2, location3, location4, location5, location6, location7, location8, location9, location10]
  Receptacle - Checkable: [stoveBurner_1, bathtubBasin_2, sideTable_3, diningTable_4, cabinet_5, tvStand_6, coffeeMachine_7, safe_8, stoveBurner_9, microwave_10]
  Obj - Checkable: [egg_1, potato_2, candle_3, pen_4, book_5, fork_6, plate_7, glassbottle_8, plunger_9, plate_10]
]

initial fluents default = [
  bool atLocation[a=Agent - Checkable, l=Location - Checkable] := false
  bool receptacleAtLocation[r=Receptacle - Checkable, l=Location - Checkable] := false
  bool objectAtLocation[o=Obj - Checkable, l=Location - Checkable] := false
  bool openable[r=Receptacle - Checkable] := false
  bool opened[r=Receptacle - Checkable] := false
  bool inReceptacle[o=Obj - Checkable, r=Receptacle - Checkable] := false
  bool isReceptacleObject[o=Obj - Checkable] := false
  bool inReceptacleObject[innerObject=Obj - Checkable, outObject=Obj - Checkable] := false
  bool isReceptacleObjectFull[o=Obj - Checkable] := false
  bool wasInReceptacle[o=Obj - Checkable, r=Receptacle - Checkable] := false
  bool checked[c=Checkable] := false
  bool examined[l=Location - Checkable] := false
  bool receptacleType[r=Receptacle - Checkable, rt=ReceptacleType] := false
  bool canContain[rt=ReceptacleType, ot=ObjectType] := false
  bool objectType[o=Obj - Checkable, t=ObjectType] := false
  bool holds[a=Agent - Checkable, o=Obj - Checkable] := false
  bool holdsAny[a=Agent - Checkable] := false
  bool holdsAnyReceptacleObject[a=Agent - Checkable] := false
  bool full[r=Receptacle - Checkable] := false
  bool isClean[o=Obj - Checkable] := false
  bool cleanable[o=Obj - Checkable] := false
  bool isHot[o=Obj - Checkable] := false
  bool heatable[o=Obj - Checkable] := false
  bool isCool[o=Obj - Checkable] := false
  bool coolable[o=Obj - Checkable] := false
  bool pickupable[o=Obj - Checkable] := false
  bool moveable[o=Obj - Checkable] := false
  bool toggleable[o=Obj - Checkable] := false
  bool isOn[o=Obj - Checkable] := false
  bool isToggled[o=Obj - Checkable] := false
  bool sliceable[o=Obj - Checkable] := false
  bool isSliced[o=Obj - Checkable] := false
]

initial values = [
  receptacleType(stoveBurner_1, stoveBurnerType) := true
  receptacleType(bathtubBasin_2, bathtubBasinType) := true
  receptacleType(sideTable_3, sideTableType) := true
  receptacleType(diningTable_4, diningTableType) := true
  receptacleType(cabinet_5, cabinetType) := true
  receptacleType(tvStand_6, tvStandType) := true
  receptacleType(coffeeMachine_7, coffeeMachineType) := true
  receptacleType(safe_8, safeType) := true
  receptacleType(stoveBurner_9, stoveBurnerType) := true
  receptacleType(microwave_10, microwaveType) := true
  objectType(egg_1, eggType) := true
  objectType(potato_2, potatoType) := true
  objectType(candle_3, candleType) := true
  objectType(pen_4, penType) := true
  objectType(book_5, bookType) := true
  objectType(fork_6, forkType) := true
  objectType(plate_7, plateType) := true
  objectType(glassbottle_8, glassbottleType) := true
  objectType(plunger_9, plungerType) := true
  objectType(plate_10, plateType) := true
  canContain(sideTableType, eggType) := true
  canContain(sideTableType, potatoType) := true
  canContain(sideTableType, candleType) := true
  canContain(sideTableType, penType) := true
  canContain(sideTableType, bookType) := true
  canContain(sideTableType, forkType) := true
  canContain(sideTableType, plateType) := true
  canContain(sideTableType, glassbottleType) := true
  canContain(diningTableType, eggType) := true
  canContain(diningTableType, potatoType) := true
  canContain(diningTableType, candleType) := true
  canContain(diningTableType, penType) := true
  canContain(diningTableType, bookType) := true
  canContain(diningTableType, forkType) := true
  canContain(diningTableType, plateType) := true
  canContain(diningTableType, glassbottleType) := true
  canContain(cabinetType, candleType) := true
  canContain(cabinetType, bookType) := true
  canContain(cabinetType, plateType) := true
  canContain(cabinetType, glassbottleType) := true
  canContain(cabinetType, plungerType) := true
  canContain(microwaveType, eggType) := true
  canContain(microwaveType, potatoType) := true
  canContain(microwaveType, plateType) := true
  canContain(microwaveType, glassbottleType) := true
  pickupable(egg_1) := true
  cleanable(egg_1) := true
  heatable(egg_1) := true
  coolable(egg_1) := true
  sliceable(egg_1) := true
  pickupable(potato_2) := true
  cleanable(potato_2) := true
  heatable(potato_2) := true
  coolable(potato_2) := true
  sliceable(potato_2) := true
  pickupable(candle_3) := true
  pickupable(pen_4) := true
  pickupable(book_5) := true
  pickupable(fork_6) := true
  cleanable(fork_6) := true
  pickupable(plate_7) := true
  isReceptacleObject(plate_7) := true
  cleanable(plate_7) := true
  heatable(plate_7) := true
  coolable(plate_7) := true
  pickupable(glassbottle_8) := true
  pickupable(plunger_9) := true
  pickupable(plate_10) := true
  isReceptacleObject(plate_10) := true
  cleanable(plate_10) := true
  heatable(plate_10) := true
  coolable(plate_10) := true
  receptacleAtLocation(stoveBurner_1, location10) := true
  receptacleAtLocation(bathtubBasin_2, location8) := true
  receptacleAtLocation(sideTable_3, location6) := true
  receptacleAtLocation(diningTable_4, location3) := true
  receptacleAtLocation(cabinet_5, location5) := true
  receptacleAtLocation(tvStand_6, location2) := true
  receptacleAtLocation(coffeeMachine_7, location8) := true
  receptacleAtLocation(safe_8, location3) := true
  receptacleAtLocation(stoveBurner_9, location8) := true
  receptacleAtLocation(microwave_10, location5) := true
  inReceptacle(pen_4, diningTable_4) := true
  inReceptacle(book_5, diningTable_4) := true
  inReceptacle(glassbottle_8, sideTable_3) := true
  inReceptacle(plate_10, microwave_10) := true
  objectAtLocation(egg_1, location10) := true
  objectAtLocation(potato_2, location9) := true
  objectAtLocation(candle_3, location1) := true
  objectAtLocation(pen_4, location3) := true
  objectAtLocation(book_5, location3) := true
  objectAtLocation(fork_6, location10) := true
  objectAtLocation(plate_7, location4) := true
  objectAtLocation(glassbottle_8, location6) := true
  objectAtLocation(plunger_9, location5) := true
  objectAtLocation(plate_10, location5) := true
  atLocation(agent1, location8) := true
]

goals = [
  Exists (Receptacle - Checkable r) Exists (Obj - Checkable o) (inReceptacle(o, r) and objectType(o, forkType) and receptacleType(r, sideTableType))
]

quality metrics = [
  minimize sequential-plan-length
]


2025-06-17 09:56:47,497 - INFO - Generating plan for unconstrained problem

2025-06-17 09:56:47,914 - INFO - Unconstrained plan generation time: 0.41730284690856934

