2025-06-17 09:56:50,098 - INFO - 
================= Seed: 545 =================

2025-06-17 09:56:50,109 - INFO - problem name = alfred

types = [ReceptacleType, ObjectType, Checkable, Agent - Checkable, Location - Checkable, Receptacle - Checkable, Obj - Checkable]

fluents = [
  bool atLocation[a=Agent - Checkable, l=Location - Checkable]
  bool receptacleAtLocation[r=Receptacle - Checkable, l=Location - Checkable]
  bool objectAtLocation[o=Obj - Checkable, l=Location - Checkable]
  bool openable[r=Receptacle - Checkable]
  bool opened[r=Receptacle - Checkable]
  bool inReceptacle[o=Obj - Checkable, r=Receptacle - Checkable]
  bool isReceptacleObject[o=Obj - Checkable]
  bool inReceptacleObject[innerObject=Obj - Checkable, outObject=Obj - Checkable]
  bool isReceptacleObjectFull[o=Obj - Checkable]
  bool wasInReceptacle[o=Obj - Checkable, r=Receptacle - Checkable]
  bool checked[c=Checkable]
  bool examined[l=Location - Checkable]
  bool receptacleType[r=Receptacle - Checkable, rt=ReceptacleType]
  bool canContain[rt=ReceptacleType, ot=ObjectType]
  bool objectType[o=Obj - Checkable, t=ObjectType]
  bool holds[a=Agent - Checkable, o=Obj - Checkable]
  bool holdsAny[a=Agent - Checkable]
  bool holdsAnyReceptacleObject[a=Agent - Checkable]
  bool full[r=Receptacle - Checkable]
  bool isClean[o=Obj - Checkable]
  bool cleanable[o=Obj - Checkable]
  bool isHot[o=Obj - Checkable]
  bool heatable[o=Obj - Checkable]
  bool isCool[o=Obj - Checkable]
  bool coolable[o=Obj - Checkable]
  bool pickupable[o=Obj - Checkable]
  bool moveable[o=Obj - Checkable]
  bool toggleable[o=Obj - Checkable]
  bool isOn[o=Obj - Checkable]
  bool isToggled[o=Obj - Checkable]
  bool sliceable[o=Obj - Checkable]
  bool isSliced[o=Obj - Checkable]
]

actions = [
  action look(Agent - Checkable a, Location - Checkable l) {
    preconditions = [
      atLocation(a, l)
    ]
    effects = [
      checked(l) := true
    ]
  }
  action inventory(Agent - Checkable a) {
    preconditions = [
    ]
    effects = [
      checked(a) := true
    ]
  }
  action examineReceptacle(Agent - Checkable a, Receptacle - Checkable r) {
    preconditions = [
      Exists (Location - Checkable l) (atLocation(a, l) and receptacleAtLocation(r, l))
    ]
    effects = [
      checked(r) := true
    ]
  }
  action examineObject(Agent - Checkable a, Obj - Checkable o) {
    preconditions = [
      (Exists (Location - Checkable l) Exists (Receptacle - Checkable r) (atLocation(a, l) and receptacleAtLocation(r, l) and inReceptacle(o, r) and ((not openable(r)) or opened(r))) or holds(a, o))
    ]
    effects = [
      checked(o) := true
    ]
  }
  action goToLocation(Agent - Checkable a, Location - Checkable lstart, Location - Checkable lend) {
    preconditions = [
      atLocation(a, lstart)
    ]
    effects = [
      atLocation(a, lstart) := false
      atLocation(a, lend) := true
    ]
  }
  action openObject(Agent - Checkable a, Location - Checkable l, Receptacle - Checkable r) {
    preconditions = [
      (openable(r) and atLocation(a, l) and receptacleAtLocation(r, l) and (not opened(r)))
    ]
    effects = [
      opened(r) := true
      checked(r) := true
    ]
  }
  action closeObject(Agent - Checkable a, Location - Checkable l, Receptacle - Checkable r) {
    preconditions = [
      (openable(r) and atLocation(a, l) and receptacleAtLocation(r, l) and opened(r))
    ]
    effects = [
      opened(r) := false
    ]
  }
  action pickupObject(Agent - Checkable a, Location - Checkable l, Obj - Checkable o, Receptacle - Checkable r) {
    preconditions = [
      (pickupable(o) and atLocation(a, l) and receptacleAtLocation(r, l) and inReceptacle(o, r) and (not holdsAny(a)) and ((not openable(r)) or opened(r)))
    ]
    effects = [
      inReceptacle(o, r) := false
      holds(a, o) := true
      holdsAny(a) := true
      objectAtLocation(o, l) := false
    ]
  }
  action putObject(Agent - Checkable a, Location - Checkable l, Obj - Checkable o, Receptacle - Checkable r, ObjectType ot, ReceptacleType rt) {
    preconditions = [
      (holds(a, o) and atLocation(a, l) and receptacleAtLocation(r, l) and ((not openable(r)) or opened(r)) and objectType(o, ot) and receptacleType(r, rt) and canContain(rt, ot))
    ]
    effects = [
      inReceptacle(o, r) := true
      objectAtLocation(o, l) := true
      holds(a, o) := false
      holdsAny(a) := false
    ]
  }
  action cleanObject(Agent - Checkable a, Location - Checkable l, Receptacle - Checkable r, Obj - Checkable o) {
    preconditions = [
      (cleanable(o) and receptacleType(r, sinkBasinType) and atLocation(a, l) and receptacleAtLocation(r, l) and holds(a, o))
    ]
    effects = [
      isClean(o) := true
    ]
  }
  action heatObject(Agent - Checkable a, Location - Checkable l, Receptacle - Checkable r, Obj - Checkable o) {
    preconditions = [
      (heatable(o) and receptacleType(r, microwaveType) and atLocation(a, l) and receptacleAtLocation(r, l) and holds(a, o))
    ]
    effects = [
      isHot(o) := true
      isCool(o) := false
    ]
  }
  action coolObject(Agent - Checkable a, Location - Checkable l, Receptacle - Checkable r, Obj - Checkable o) {
    preconditions = [
      (coolable(o) and receptacleType(r, fridgeType) and atLocation(a, l) and receptacleAtLocation(r, l) and holds(a, o))
    ]
    effects = [
      isCool(o) := true
      isHot(o) := false
    ]
  }
  action toggleObject(Agent - Checkable a, Location - Checkable l, Obj - Checkable o, Receptacle - Checkable r) {
    preconditions = [
      (toggleable(o) and atLocation(a, l) and receptacleAtLocation(r, l) and inReceptacle(o, r))
    ]
    effects = [
      if isOn(o) then isOn(o) := false
      if (not isOn(o)) then isOn(o) := true
      isToggled(o) := true
    ]
  }
  action sliceObject(Agent - Checkable a, Location - Checkable l, Obj - Checkable co, Obj - Checkable ko) {
    preconditions = [
      (sliceable(co) and (objectType(ko, knifeType) or objectType(ko, butterKnifeType)) and atLocation(a, l) and objectAtLocation(co, l) and holds(a, ko))
    ]
    effects = [
      isSliced(co) := true
    ]
  }
  action help(Agent - Checkable a) {
    preconditions = [
    ]
    effects = [
      checked(a) := true
    ]
  }
]

objects = [
  ReceptacleType: [sinkBasinType, microwaveType, fridgeType, counterTopType, toiletType, tvStandType, dresserType, sofaType, ottomanType, drawerType]
  ObjectType: [knifeType, butterKnifeType, newspaperType, remoteControlType, clothType, cdType, keyChainType, eggType, tissueBoxType, pencilType, potType]
  Checkable: [agent1, location1, location2, location3, location4, location5, location6, location7, location8, location9, location10, counterTop_1, toilet_2, tvStand_3, dresser_4, tvStand_5, sofa_6, toilet_7, ottoman_8, drawer_9, fridge_10, newspaper_1, remoteControl_2, cloth_3, cd_4, keyChain_5, butterKnife_6, egg_7, tissueBox_8, pencil_9, pot_10]
  Agent - Checkable: [agent1]
  Location - Checkable: [location1, location2, location3, location4, location5, location6, location7, location8, location9, location10]
  Receptacle - Checkable: [counterTop_1, toilet_2, tvStand_3, dresser_4, tvStand_5, sofa_6, toilet_7, ottoman_8, drawer_9, fridge_10]
  Obj - Checkable: [newspaper_1, remoteControl_2, cloth_3, cd_4, keyChain_5, butterKnife_6, egg_7, tissueBox_8, pencil_9, pot_10]
]

initial fluents default = [
  bool atLocation[a=Agent - Checkable, l=Location - Checkable] := false
  bool receptacleAtLocation[r=Receptacle - Checkable, l=Location - Checkable] := false
  bool objectAtLocation[o=Obj - Checkable, l=Location - Checkable] := false
  bool openable[r=Receptacle - Checkable] := false
  bool opened[r=Receptacle - Checkable] := false
  bool inReceptacle[o=Obj - Checkable, r=Receptacle - Checkable] := false
  bool isReceptacleObject[o=Obj - Checkable] := false
  bool inReceptacleObject[innerObject=Obj - Checkable, outObject=Obj - Checkable] := false
  bool isReceptacleObjectFull[o=Obj - Checkable] := false
  bool wasInReceptacle[o=Obj - Checkable, r=Receptacle - Checkable] := false
  bool checked[c=Checkable] := false
  bool examined[l=Location - Checkable] := false
  bool receptacleType[r=Receptacle - Checkable, rt=ReceptacleType] := false
  bool canContain[rt=ReceptacleType, ot=ObjectType] := false
  bool objectType[o=Obj - Checkable, t=ObjectType] := false
  bool holds[a=Agent - Checkable, o=Obj - Checkable] := false
  bool holdsAny[a=Agent - Checkable] := false
  bool holdsAnyReceptacleObject[a=Agent - Checkable] := false
  bool full[r=Receptacle - Checkable] := false
  bool isClean[o=Obj - Checkable] := false
  bool cleanable[o=Obj - Checkable] := false
  bool isHot[o=Obj - Checkable] := false
  bool heatable[o=Obj - Checkable] := false
  bool isCool[o=Obj - Checkable] := false
  bool coolable[o=Obj - Checkable] := false
  bool pickupable[o=Obj - Checkable] := false
  bool moveable[o=Obj - Checkable] := false
  bool toggleable[o=Obj - Checkable] := false
  bool isOn[o=Obj - Checkable] := false
  bool isToggled[o=Obj - Checkable] := false
  bool sliceable[o=Obj - Checkable] := false
  bool isSliced[o=Obj - Checkable] := false
]

initial values = [
  receptacleType(counterTop_1, counterTopType) := true
  receptacleType(toilet_2, toiletType) := true
  receptacleType(tvStand_3, tvStandType) := true
  receptacleType(dresser_4, dresserType) := true
  receptacleType(tvStand_5, tvStandType) := true
  receptacleType(sofa_6, sofaType) := true
  receptacleType(toilet_7, toiletType) := true
  receptacleType(ottoman_8, ottomanType) := true
  receptacleType(drawer_9, drawerType) := true
  receptacleType(fridge_10, fridgeType) := true
  objectType(newspaper_1, newspaperType) := true
  objectType(remoteControl_2, remoteControlType) := true
  objectType(cloth_3, clothType) := true
  objectType(cd_4, cdType) := true
  objectType(keyChain_5, keyChainType) := true
  objectType(butterKnife_6, butterKnifeType) := true
  objectType(egg_7, eggType) := true
  objectType(tissueBox_8, tissueBoxType) := true
  objectType(pencil_9, pencilType) := true
  objectType(pot_10, potType) := true
  canContain(counterTopType, newspaperType) := true
  canContain(counterTopType, remoteControlType) := true
  canContain(counterTopType, clothType) := true
  canContain(counterTopType, cdType) := true
  canContain(counterTopType, keyChainType) := true
  canContain(counterTopType, butterKnifeType) := true
  canContain(counterTopType, eggType) := true
  canContain(counterTopType, tissueBoxType) := true
  canContain(counterTopType, pencilType) := true
  canContain(counterTopType, potType) := true
  canContain(toiletType, newspaperType) := true
  canContain(toiletType, clothType) := true
  canContain(toiletType, tissueBoxType) := true
  canContain(tvStandType, tissueBoxType) := true
  canContain(dresserType, newspaperType) := true
  canContain(dresserType, remoteControlType) := true
  canContain(dresserType, clothType) := true
  canContain(dresserType, keyChainType) := true
  canContain(dresserType, tissueBoxType) := true
  canContain(dresserType, pencilType) := true
  canContain(sofaType, newspaperType) := true
  canContain(sofaType, remoteControlType) := true
  canContain(sofaType, clothType) := true
  canContain(sofaType, keyChainType) := true
  canContain(ottomanType, newspaperType) := true
  canContain(ottomanType, remoteControlType) := true
  canContain(ottomanType, clothType) := true
  canContain(ottomanType, keyChainType) := true
  canContain(drawerType, newspaperType) := true
  canContain(drawerType, remoteControlType) := true
  canContain(drawerType, clothType) := true
  canContain(drawerType, keyChainType) := true
  canContain(drawerType, butterKnifeType) := true
  canContain(drawerType, tissueBoxType) := true
  canContain(drawerType, pencilType) := true
  canContain(fridgeType, eggType) := true
  canContain(fridgeType, potType) := true
  pickupable(newspaper_1) := true
  pickupable(remoteControl_2) := true
  pickupable(cloth_3) := true
  cleanable(cloth_3) := true
  pickupable(cd_4) := true
  pickupable(keyChain_5) := true
  pickupable(butterKnife_6) := true
  cleanable(butterKnife_6) := true
  pickupable(egg_7) := true
  cleanable(egg_7) := true
  heatable(egg_7) := true
  coolable(egg_7) := true
  sliceable(egg_7) := true
  pickupable(tissueBox_8) := true
  pickupable(pencil_9) := true
  pickupable(pot_10) := true
  isReceptacleObject(pot_10) := true
  cleanable(pot_10) := true
  coolable(pot_10) := true
  receptacleAtLocation(counterTop_1, location6) := true
  receptacleAtLocation(toilet_2, location2) := true
  receptacleAtLocation(tvStand_3, location5) := true
  receptacleAtLocation(dresser_4, location8) := true
  receptacleAtLocation(tvStand_5, location2) := true
  receptacleAtLocation(sofa_6, location3) := true
  receptacleAtLocation(toilet_7, location5) := true
  receptacleAtLocation(ottoman_8, location2) := true
  receptacleAtLocation(drawer_9, location7) := true
  receptacleAtLocation(fridge_10, location7) := true
  inReceptacle(newspaper_1, toilet_2) := true
  inReceptacle(cloth_3, counterTop_1) := true
  objectAtLocation(newspaper_1, location2) := true
  objectAtLocation(remoteControl_2, location2) := true
  objectAtLocation(cloth_3, location6) := true
  objectAtLocation(cd_4, location4) := true
  objectAtLocation(keyChain_5, location6) := true
  objectAtLocation(butterKnife_6, location3) := true
  objectAtLocation(egg_7, location4) := true
  objectAtLocation(tissueBox_8, location5) := true
  objectAtLocation(pencil_9, location8) := true
  objectAtLocation(pot_10, location7) := true
  atLocation(agent1, location6) := true
]

goals = [
  Exists (Receptacle - Checkable r) Exists (Obj - Checkable o) (inReceptacle(o, r) and objectType(o, clothType) and receptacleType(r, toiletType))
]

quality metrics = [
  minimize sequential-plan-length
]


2025-06-17 09:56:50,113 - INFO - Generating plan for unconstrained problem

2025-06-17 09:56:50,550 - INFO - Unconstrained plan generation time: 0.43679308891296387

2025-06-17 09:56:50,550 - INFO - Unconstrained plan and cost: 
2025-06-17 09:56:50,551 - INFO - SequentialPlan:
    pickupObject(agent1, location6, cloth_3, counterTop_1)
    goToLocation(agent1, location6, location2)
    putObject(agent1, location2, cloth_3, toilet_2, clothType, toiletType)
2025-06-17 09:56:50,551 - INFO - 3
2025-06-17 09:56:50,715 - INFO - Sampled constraints:

2025-06-17 09:56:50,715 - INFO - Sometime(checked(location2))
2025-06-17 09:56:50,715 - INFO - 
2025-06-17 09:56:50,715 - INFO - Generation time: 0.1638317108154297

2025-06-17 09:56:50,722 - INFO - Generating plan for constrained problem (with LiftedTCORE).

2025-06-17 09:56:50,757 - INFO - LiftedTCORE compilation time: 0.03498029708862305

2025-06-17 09:56:51,241 - INFO - Planning Time with LiftedTCORE's file: 0.4769139289855957

2025-06-17 09:56:51,241 - INFO - Plan found with LiftedTCORE + sym_bd: SequentialPlan:
    pickupObject(agent1, location6, cloth_3, counterTop_1)
    goToLocation(agent1, location6, location2)
    look(agent1, location2)
    putObject(agent1, location2, cloth_3, toilet_2, clothType, toiletType)
2025-06-17 09:56:51,241 - INFO - Seed: 545 is solvable

2025-06-17 09:56:51,241 - INFO - Unconstrained cost: 3
2025-06-17 09:56:51,241 - INFO - Constrained cost: 4
2025-06-17 09:56:51,241 - INFO - Seed: 545 Plan simulation is feasible
2025-06-17 09:56:51,241 - INFO - 
Seed: 545 
 Plan: [pickupObject(agent1, location6, cloth_3, counterTop_1), goToLocation(agent1, location6, location2), look(agent1, location2), putObject(agent1, location2, cloth_3, toilet_2, clothType, toiletType)]  
 Cost: 4

