2025-06-17 09:53:59,225 - INFO - 
================= Seed: 313 =================

2025-06-17 09:53:59,237 - INFO - problem name = alfred

types = [ReceptacleType, ObjectType, Checkable, Agent - Checkable, Location - Checkable, Receptacle - Checkable, Obj - Checkable]

fluents = [
  bool atLocation[a=Agent - Checkable, l=Location - Checkable]
  bool receptacleAtLocation[r=Receptacle - Checkable, l=Location - Checkable]
  bool objectAtLocation[o=Obj - Checkable, l=Location - Checkable]
  bool openable[r=Receptacle - Checkable]
  bool opened[r=Receptacle - Checkable]
  bool inReceptacle[o=Obj - Checkable, r=Receptacle - Checkable]
  bool isReceptacleObject[o=Obj - Checkable]
  bool inReceptacleObject[innerObject=Obj - Checkable, outObject=Obj - Checkable]
  bool isReceptacleObjectFull[o=Obj - Checkable]
  bool wasInReceptacle[o=Obj - Checkable, r=Receptacle - Checkable]
  bool checked[c=Checkable]
  bool examined[l=Location - Checkable]
  bool receptacleType[r=Receptacle - Checkable, rt=ReceptacleType]
  bool canContain[rt=ReceptacleType, ot=ObjectType]
  bool objectType[o=Obj - Checkable, t=ObjectType]
  bool holds[a=Agent - Checkable, o=Obj - Checkable]
  bool holdsAny[a=Agent - Checkable]
  bool holdsAnyReceptacleObject[a=Agent - Checkable]
  bool full[r=Receptacle - Checkable]
  bool isClean[o=Obj - Checkable]
  bool cleanable[o=Obj - Checkable]
  bool isHot[o=Obj - Checkable]
  bool heatable[o=Obj - Checkable]
  bool isCool[o=Obj - Checkable]
  bool coolable[o=Obj - Checkable]
  bool pickupable[o=Obj - Checkable]
  bool moveable[o=Obj - Checkable]
  bool toggleable[o=Obj - Checkable]
  bool isOn[o=Obj - Checkable]
  bool isToggled[o=Obj - Checkable]
  bool sliceable[o=Obj - Checkable]
  bool isSliced[o=Obj - Checkable]
]

actions = [
  action look(Agent - Checkable a, Location - Checkable l) {
    preconditions = [
      atLocation(a, l)
    ]
    effects = [
      checked(l) := true
    ]
  }
  action inventory(Agent - Checkable a) {
    preconditions = [
    ]
    effects = [
      checked(a) := true
    ]
  }
  action examineReceptacle(Agent - Checkable a, Receptacle - Checkable r) {
    preconditions = [
      Exists (Location - Checkable l) (atLocation(a, l) and receptacleAtLocation(r, l))
    ]
    effects = [
      checked(r) := true
    ]
  }
  action examineObject(Agent - Checkable a, Obj - Checkable o) {
    preconditions = [
      (Exists (Location - Checkable l) Exists (Receptacle - Checkable r) (atLocation(a, l) and receptacleAtLocation(r, l) and inReceptacle(o, r) and ((not openable(r)) or opened(r))) or holds(a, o))
    ]
    effects = [
      checked(o) := true
    ]
  }
  action goToLocation(Agent - Checkable a, Location - Checkable lstart, Location - Checkable lend) {
    preconditions = [
      atLocation(a, lstart)
    ]
    effects = [
      atLocation(a, lstart) := false
      atLocation(a, lend) := true
    ]
  }
  action openObject(Agent - Checkable a, Location - Checkable l, Receptacle - Checkable r) {
    preconditions = [
      (openable(r) and atLocation(a, l) and receptacleAtLocation(r, l) and (not opened(r)))
    ]
    effects = [
      opened(r) := true
      checked(r) := true
    ]
  }
  action closeObject(Agent - Checkable a, Location - Checkable l, Receptacle - Checkable r) {
    preconditions = [
      (openable(r) and atLocation(a, l) and receptacleAtLocation(r, l) and opened(r))
    ]
    effects = [
      opened(r) := false
    ]
  }
  action pickupObject(Agent - Checkable a, Location - Checkable l, Obj - Checkable o, Receptacle - Checkable r) {
    preconditions = [
      (pickupable(o) and atLocation(a, l) and receptacleAtLocation(r, l) and inReceptacle(o, r) and (not holdsAny(a)) and ((not openable(r)) or opened(r)))
    ]
    effects = [
      inReceptacle(o, r) := false
      holds(a, o) := true
      holdsAny(a) := true
      objectAtLocation(o, l) := false
    ]
  }
  action putObject(Agent - Checkable a, Location - Checkable l, Obj - Checkable o, Receptacle - Checkable r, ObjectType ot, ReceptacleType rt) {
    preconditions = [
      (holds(a, o) and atLocation(a, l) and receptacleAtLocation(r, l) and ((not openable(r)) or opened(r)) and objectType(o, ot) and receptacleType(r, rt) and canContain(rt, ot))
    ]
    effects = [
      inReceptacle(o, r) := true
      objectAtLocation(o, l) := true
      holds(a, o) := false
      holdsAny(a) := false
    ]
  }
  action cleanObject(Agent - Checkable a, Location - Checkable l, Receptacle - Checkable r, Obj - Checkable o) {
    preconditions = [
      (cleanable(o) and receptacleType(r, sinkBasinType) and atLocation(a, l) and receptacleAtLocation(r, l) and holds(a, o))
    ]
    effects = [
      isClean(o) := true
    ]
  }
  action heatObject(Agent - Checkable a, Location - Checkable l, Receptacle - Checkable r, Obj - Checkable o) {
    preconditions = [
      (heatable(o) and receptacleType(r, microwaveType) and atLocation(a, l) and receptacleAtLocation(r, l) and holds(a, o))
    ]
    effects = [
      isHot(o) := true
      isCool(o) := false
    ]
  }
  action coolObject(Agent - Checkable a, Location - Checkable l, Receptacle - Checkable r, Obj - Checkable o) {
    preconditions = [
      (coolable(o) and receptacleType(r, fridgeType) and atLocation(a, l) and receptacleAtLocation(r, l) and holds(a, o))
    ]
    effects = [
      isCool(o) := true
      isHot(o) := false
    ]
  }
  action toggleObject(Agent - Checkable a, Location - Checkable l, Obj - Checkable o, Receptacle - Checkable r) {
    preconditions = [
      (toggleable(o) and atLocation(a, l) and receptacleAtLocation(r, l) and inReceptacle(o, r))
    ]
    effects = [
      if isOn(o) then isOn(o) := false
      if (not isOn(o)) then isOn(o) := true
      isToggled(o) := true
    ]
  }
  action sliceObject(Agent - Checkable a, Location - Checkable l, Obj - Checkable co, Obj - Checkable ko) {
    preconditions = [
      (sliceable(co) and (objectType(ko, knifeType) or objectType(ko, butterKnifeType)) and atLocation(a, l) and objectAtLocation(co, l) and holds(a, ko))
    ]
    effects = [
      isSliced(co) := true
    ]
  }
  action help(Agent - Checkable a) {
    preconditions = [
    ]
    effects = [
      checked(a) := true
    ]
  }
]

objects = [
  ReceptacleType: [sinkBasinType, microwaveType, fridgeType, bathtubBasinType, coffeeMachineType, sofaType, coffeeTableType, toiletPaperHangerType, cartType, counterTopType, bedType, cabinetType]
  ObjectType: [knifeType, butterKnifeType, bowlType, panType, paperTowelType, saltShakerType, tomatoType, pillowType, laptopType, potatoType, wateringCanType]
  Checkable: [agent1, location1, location2, location3, location4, location5, location6, location7, location8, location9, location10, bathtubBasin_1, coffeeMachine_2, sofa_3, coffeeTable_4, toiletPaperHanger_5, cart_6, bathtubBasin_7, counterTop_8, bed_9, cabinet_10, bowl_1, pan_2, paperTowel_3, saltShaker_4, tomato_5, pillow_6, laptop_7, potato_8, wateringCan_9, pan_10]
  Agent - Checkable: [agent1]
  Location - Checkable: [location1, location2, location3, location4, location5, location6, location7, location8, location9, location10]
  Receptacle - Checkable: [bathtubBasin_1, coffeeMachine_2, sofa_3, coffeeTable_4, toiletPaperHanger_5, cart_6, bathtubBasin_7, counterTop_8, bed_9, cabinet_10]
  Obj - Checkable: [bowl_1, pan_2, paperTowel_3, saltShaker_4, tomato_5, pillow_6, laptop_7, potato_8, wateringCan_9, pan_10]
]

initial fluents default = [
  bool atLocation[a=Agent - Checkable, l=Location - Checkable] := false
  bool receptacleAtLocation[r=Receptacle - Checkable, l=Location - Checkable] := false
  bool objectAtLocation[o=Obj - Checkable, l=Location - Checkable] := false
  bool openable[r=Receptacle - Checkable] := false
  bool opened[r=Receptacle - Checkable] := false
  bool inReceptacle[o=Obj - Checkable, r=Receptacle - Checkable] := false
  bool isReceptacleObject[o=Obj - Checkable] := false
  bool inReceptacleObject[innerObject=Obj - Checkable, outObject=Obj - Checkable] := false
  bool isReceptacleObjectFull[o=Obj - Checkable] := false
  bool wasInReceptacle[o=Obj - Checkable, r=Receptacle - Checkable] := false
  bool checked[c=Checkable] := false
  bool examined[l=Location - Checkable] := false
  bool receptacleType[r=Receptacle - Checkable, rt=ReceptacleType] := false
  bool canContain[rt=ReceptacleType, ot=ObjectType] := false
  bool objectType[o=Obj - Checkable, t=ObjectType] := false
  bool holds[a=Agent - Checkable, o=Obj - Checkable] := false
  bool holdsAny[a=Agent - Checkable] := false
  bool holdsAnyReceptacleObject[a=Agent - Checkable] := false
  bool full[r=Receptacle - Checkable] := false
  bool isClean[o=Obj - Checkable] := false
  bool cleanable[o=Obj - Checkable] := false
  bool isHot[o=Obj - Checkable] := false
  bool heatable[o=Obj - Checkable] := false
  bool isCool[o=Obj - Checkable] := false
  bool coolable[o=Obj - Checkable] := false
  bool pickupable[o=Obj - Checkable] := false
  bool moveable[o=Obj - Checkable] := false
  bool toggleable[o=Obj - Checkable] := false
  bool isOn[o=Obj - Checkable] := false
  bool isToggled[o=Obj - Checkable] := false
  bool sliceable[o=Obj - Checkable] := false
  bool isSliced[o=Obj - Checkable] := false
]

initial values = [
  receptacleType(bathtubBasin_1, bathtubBasinType) := true
  receptacleType(coffeeMachine_2, coffeeMachineType) := true
  receptacleType(sofa_3, sofaType) := true
  receptacleType(coffeeTable_4, coffeeTableType) := true
  receptacleType(toiletPaperHanger_5, toiletPaperHangerType) := true
  receptacleType(cart_6, cartType) := true
  receptacleType(bathtubBasin_7, bathtubBasinType) := true
  receptacleType(counterTop_8, counterTopType) := true
  receptacleType(bed_9, bedType) := true
  receptacleType(cabinet_10, cabinetType) := true
  objectType(bowl_1, bowlType) := true
  objectType(pan_2, panType) := true
  objectType(paperTowel_3, paperTowelType) := true
  objectType(saltShaker_4, saltShakerType) := true
  objectType(tomato_5, tomatoType) := true
  objectType(pillow_6, pillowType) := true
  objectType(laptop_7, laptopType) := true
  objectType(potato_8, potatoType) := true
  objectType(wateringCan_9, wateringCanType) := true
  objectType(pan_10, panType) := true
  canContain(sofaType, pillowType) := true
  canContain(sofaType, laptopType) := true
  canContain(coffeeTableType, bowlType) := true
  canContain(coffeeTableType, panType) := true
  canContain(coffeeTableType, paperTowelType) := true
  canContain(coffeeTableType, saltShakerType) := true
  canContain(coffeeTableType, tomatoType) := true
  canContain(coffeeTableType, laptopType) := true
  canContain(coffeeTableType, potatoType) := true
  canContain(coffeeTableType, wateringCanType) := true
  canContain(cartType, paperTowelType) := true
  canContain(counterTopType, bowlType) := true
  canContain(counterTopType, panType) := true
  canContain(counterTopType, paperTowelType) := true
  canContain(counterTopType, saltShakerType) := true
  canContain(counterTopType, tomatoType) := true
  canContain(counterTopType, laptopType) := true
  canContain(counterTopType, potatoType) := true
  canContain(counterTopType, wateringCanType) := true
  canContain(bedType, pillowType) := true
  canContain(bedType, laptopType) := true
  canContain(cabinetType, bowlType) := true
  canContain(cabinetType, panType) := true
  canContain(cabinetType, saltShakerType) := true
  canContain(cabinetType, wateringCanType) := true
  pickupable(bowl_1) := true
  isReceptacleObject(bowl_1) := true
  cleanable(bowl_1) := true
  coolable(bowl_1) := true
  pickupable(pan_2) := true
  isReceptacleObject(pan_2) := true
  cleanable(pan_2) := true
  coolable(pan_2) := true
  pickupable(paperTowel_3) := true
  pickupable(saltShaker_4) := true
  pickupable(tomato_5) := true
  cleanable(tomato_5) := true
  heatable(tomato_5) := true
  coolable(tomato_5) := true
  sliceable(tomato_5) := true
  pickupable(pillow_6) := true
  pickupable(laptop_7) := true
  pickupable(potato_8) := true
  cleanable(potato_8) := true
  heatable(potato_8) := true
  coolable(potato_8) := true
  sliceable(potato_8) := true
  pickupable(wateringCan_9) := true
  pickupable(pan_10) := true
  isReceptacleObject(pan_10) := true
  cleanable(pan_10) := true
  coolable(pan_10) := true
  receptacleAtLocation(bathtubBasin_1, location3) := true
  receptacleAtLocation(coffeeMachine_2, location6) := true
  receptacleAtLocation(sofa_3, location4) := true
  receptacleAtLocation(coffeeTable_4, location2) := true
  receptacleAtLocation(toiletPaperHanger_5, location9) := true
  receptacleAtLocation(cart_6, location1) := true
  receptacleAtLocation(bathtubBasin_7, location9) := true
  receptacleAtLocation(counterTop_8, location4) := true
  receptacleAtLocation(bed_9, location9) := true
  receptacleAtLocation(cabinet_10, location7) := true
  inReceptacle(bowl_1, coffeeTable_4) := true
  inReceptacle(paperTowel_3, coffeeTable_4) := true
  inReceptacle(wateringCan_9, cabinet_10) := true
  objectAtLocation(bowl_1, location2) := true
  objectAtLocation(pan_2, location5) := true
  objectAtLocation(paperTowel_3, location2) := true
  objectAtLocation(saltShaker_4, location8) := true
  objectAtLocation(tomato_5, location4) := true
  objectAtLocation(pillow_6, location3) := true
  objectAtLocation(laptop_7, location9) := true
  objectAtLocation(potato_8, location4) := true
  objectAtLocation(wateringCan_9, location7) := true
  objectAtLocation(pan_10, location4) := true
  atLocation(agent1, location8) := true
]

goals = [
  Exists (Receptacle - Checkable r) Exists (Obj - Checkable o) (heatable(o) and objectType(o, potatoType) and receptacleType(r, coffeeTableType) and isHot(o) and inReceptacle(o, r))
]

quality metrics = [
  minimize sequential-plan-length
]


2025-06-17 09:53:59,242 - INFO - Generating plan for unconstrained problem

2025-06-17 09:53:59,642 - INFO - Unconstrained plan generation time: 0.39998674392700195

