2025-06-17 09:54:44,534 - INFO - 
================= Seed: 381 =================

2025-06-17 09:54:44,539 - INFO - problem name = alfred

types = [ReceptacleType, ObjectType, Checkable, Agent - Checkable, Location - Checkable, Receptacle - Checkable, Obj - Checkable]

fluents = [
  bool atLocation[a=Agent - Checkable, l=Location - Checkable]
  bool receptacleAtLocation[r=Receptacle - Checkable, l=Location - Checkable]
  bool objectAtLocation[o=Obj - Checkable, l=Location - Checkable]
  bool openable[r=Receptacle - Checkable]
  bool opened[r=Receptacle - Checkable]
  bool inReceptacle[o=Obj - Checkable, r=Receptacle - Checkable]
  bool isReceptacleObject[o=Obj - Checkable]
  bool inReceptacleObject[innerObject=Obj - Checkable, outObject=Obj - Checkable]
  bool isReceptacleObjectFull[o=Obj - Checkable]
  bool wasInReceptacle[o=Obj - Checkable, r=Receptacle - Checkable]
  bool checked[c=Checkable]
  bool examined[l=Location - Checkable]
  bool receptacleType[r=Receptacle - Checkable, rt=ReceptacleType]
  bool canContain[rt=ReceptacleType, ot=ObjectType]
  bool objectType[o=Obj - Checkable, t=ObjectType]
  bool holds[a=Agent - Checkable, o=Obj - Checkable]
  bool holdsAny[a=Agent - Checkable]
  bool holdsAnyReceptacleObject[a=Agent - Checkable]
  bool full[r=Receptacle - Checkable]
  bool isClean[o=Obj - Checkable]
  bool cleanable[o=Obj - Checkable]
  bool isHot[o=Obj - Checkable]
  bool heatable[o=Obj - Checkable]
  bool isCool[o=Obj - Checkable]
  bool coolable[o=Obj - Checkable]
  bool pickupable[o=Obj - Checkable]
  bool moveable[o=Obj - Checkable]
  bool toggleable[o=Obj - Checkable]
  bool isOn[o=Obj - Checkable]
  bool isToggled[o=Obj - Checkable]
  bool sliceable[o=Obj - Checkable]
  bool isSliced[o=Obj - Checkable]
]

actions = [
  action look(Agent - Checkable a, Location - Checkable l) {
    preconditions = [
      atLocation(a, l)
    ]
    effects = [
      checked(l) := true
    ]
  }
  action inventory(Agent - Checkable a) {
    preconditions = [
    ]
    effects = [
      checked(a) := true
    ]
  }
  action examineReceptacle(Agent - Checkable a, Receptacle - Checkable r) {
    preconditions = [
      Exists (Location - Checkable l) (atLocation(a, l) and receptacleAtLocation(r, l))
    ]
    effects = [
      checked(r) := true
    ]
  }
  action examineObject(Agent - Checkable a, Obj - Checkable o) {
    preconditions = [
      (Exists (Location - Checkable l) Exists (Receptacle - Checkable r) (atLocation(a, l) and receptacleAtLocation(r, l) and inReceptacle(o, r) and ((not openable(r)) or opened(r))) or holds(a, o))
    ]
    effects = [
      checked(o) := true
    ]
  }
  action goToLocation(Agent - Checkable a, Location - Checkable lstart, Location - Checkable lend) {
    preconditions = [
      atLocation(a, lstart)
    ]
    effects = [
      atLocation(a, lstart) := false
      atLocation(a, lend) := true
    ]
  }
  action openObject(Agent - Checkable a, Location - Checkable l, Receptacle - Checkable r) {
    preconditions = [
      (openable(r) and atLocation(a, l) and receptacleAtLocation(r, l) and (not opened(r)))
    ]
    effects = [
      opened(r) := true
      checked(r) := true
    ]
  }
  action closeObject(Agent - Checkable a, Location - Checkable l, Receptacle - Checkable r) {
    preconditions = [
      (openable(r) and atLocation(a, l) and receptacleAtLocation(r, l) and opened(r))
    ]
    effects = [
      opened(r) := false
    ]
  }
  action pickupObject(Agent - Checkable a, Location - Checkable l, Obj - Checkable o, Receptacle - Checkable r) {
    preconditions = [
      (pickupable(o) and atLocation(a, l) and receptacleAtLocation(r, l) and inReceptacle(o, r) and (not holdsAny(a)) and ((not openable(r)) or opened(r)))
    ]
    effects = [
      inReceptacle(o, r) := false
      holds(a, o) := true
      holdsAny(a) := true
      objectAtLocation(o, l) := false
    ]
  }
  action putObject(Agent - Checkable a, Location - Checkable l, Obj - Checkable o, Receptacle - Checkable r, ObjectType ot, ReceptacleType rt) {
    preconditions = [
      (holds(a, o) and atLocation(a, l) and receptacleAtLocation(r, l) and ((not openable(r)) or opened(r)) and objectType(o, ot) and receptacleType(r, rt) and canContain(rt, ot))
    ]
    effects = [
      inReceptacle(o, r) := true
      objectAtLocation(o, l) := true
      holds(a, o) := false
      holdsAny(a) := false
    ]
  }
  action cleanObject(Agent - Checkable a, Location - Checkable l, Receptacle - Checkable r, Obj - Checkable o) {
    preconditions = [
      (cleanable(o) and receptacleType(r, sinkBasinType) and atLocation(a, l) and receptacleAtLocation(r, l) and holds(a, o))
    ]
    effects = [
      isClean(o) := true
    ]
  }
  action heatObject(Agent - Checkable a, Location - Checkable l, Receptacle - Checkable r, Obj - Checkable o) {
    preconditions = [
      (heatable(o) and receptacleType(r, microwaveType) and atLocation(a, l) and receptacleAtLocation(r, l) and holds(a, o))
    ]
    effects = [
      isHot(o) := true
      isCool(o) := false
    ]
  }
  action coolObject(Agent - Checkable a, Location - Checkable l, Receptacle - Checkable r, Obj - Checkable o) {
    preconditions = [
      (coolable(o) and receptacleType(r, fridgeType) and atLocation(a, l) and receptacleAtLocation(r, l) and holds(a, o))
    ]
    effects = [
      isCool(o) := true
      isHot(o) := false
    ]
  }
  action toggleObject(Agent - Checkable a, Location - Checkable l, Obj - Checkable o, Receptacle - Checkable r) {
    preconditions = [
      (toggleable(o) and atLocation(a, l) and receptacleAtLocation(r, l) and inReceptacle(o, r))
    ]
    effects = [
      if isOn(o) then isOn(o) := false
      if (not isOn(o)) then isOn(o) := true
      isToggled(o) := true
    ]
  }
  action sliceObject(Agent - Checkable a, Location - Checkable l, Obj - Checkable co, Obj - Checkable ko) {
    preconditions = [
      (sliceable(co) and (objectType(ko, knifeType) or objectType(ko, butterKnifeType)) and atLocation(a, l) and objectAtLocation(co, l) and holds(a, ko))
    ]
    effects = [
      isSliced(co) := true
    ]
  }
  action help(Agent - Checkable a) {
    preconditions = [
    ]
    effects = [
      checked(a) := true
    ]
  }
]

objects = [
  ReceptacleType: [sinkBasinType, microwaveType, fridgeType, toiletPaperHangerType, bathtubBasinType, counterTopType, tvStandType, handTowelHolderType, toiletType]
  ObjectType: [knifeType, butterKnifeType, vaseType, tissueBoxType, pencilType, bookType, alarmClockType, cdType, spatulaType, lettuceType, mugType]
  Checkable: [agent1, location1, location2, location3, location4, location5, location6, location7, location8, location9, location10, toiletPaperHanger_1, toiletPaperHanger_2, bathtubBasin_3, bathtubBasin_4, counterTop_5, tvStand_6, sinkBasin_7, handTowelHolder_8, toilet_9, counterTop_10, vase_1, tissueBox_2, pencil_3, book_4, alarmClock_5, book_6, cd_7, spatula_8, lettuce_9, mug_10]
  Agent - Checkable: [agent1]
  Location - Checkable: [location1, location2, location3, location4, location5, location6, location7, location8, location9, location10]
  Receptacle - Checkable: [toiletPaperHanger_1, toiletPaperHanger_2, bathtubBasin_3, bathtubBasin_4, counterTop_5, tvStand_6, sinkBasin_7, handTowelHolder_8, toilet_9, counterTop_10]
  Obj - Checkable: [vase_1, tissueBox_2, pencil_3, book_4, alarmClock_5, book_6, cd_7, spatula_8, lettuce_9, mug_10]
]

initial fluents default = [
  bool atLocation[a=Agent - Checkable, l=Location - Checkable] := false
  bool receptacleAtLocation[r=Receptacle - Checkable, l=Location - Checkable] := false
  bool objectAtLocation[o=Obj - Checkable, l=Location - Checkable] := false
  bool openable[r=Receptacle - Checkable] := false
  bool opened[r=Receptacle - Checkable] := false
  bool inReceptacle[o=Obj - Checkable, r=Receptacle - Checkable] := false
  bool isReceptacleObject[o=Obj - Checkable] := false
  bool inReceptacleObject[innerObject=Obj - Checkable, outObject=Obj - Checkable] := false
  bool isReceptacleObjectFull[o=Obj - Checkable] := false
  bool wasInReceptacle[o=Obj - Checkable, r=Receptacle - Checkable] := false
  bool checked[c=Checkable] := false
  bool examined[l=Location - Checkable] := false
  bool receptacleType[r=Receptacle - Checkable, rt=ReceptacleType] := false
  bool canContain[rt=ReceptacleType, ot=ObjectType] := false
  bool objectType[o=Obj - Checkable, t=ObjectType] := false
  bool holds[a=Agent - Checkable, o=Obj - Checkable] := false
  bool holdsAny[a=Agent - Checkable] := false
  bool holdsAnyReceptacleObject[a=Agent - Checkable] := false
  bool full[r=Receptacle - Checkable] := false
  bool isClean[o=Obj - Checkable] := false
  bool cleanable[o=Obj - Checkable] := false
  bool isHot[o=Obj - Checkable] := false
  bool heatable[o=Obj - Checkable] := false
  bool isCool[o=Obj - Checkable] := false
  bool coolable[o=Obj - Checkable] := false
  bool pickupable[o=Obj - Checkable] := false
  bool moveable[o=Obj - Checkable] := false
  bool toggleable[o=Obj - Checkable] := false
  bool isOn[o=Obj - Checkable] := false
  bool isToggled[o=Obj - Checkable] := false
  bool sliceable[o=Obj - Checkable] := false
  bool isSliced[o=Obj - Checkable] := false
]

initial values = [
  receptacleType(toiletPaperHanger_1, toiletPaperHangerType) := true
  receptacleType(toiletPaperHanger_2, toiletPaperHangerType) := true
  receptacleType(bathtubBasin_3, bathtubBasinType) := true
  receptacleType(bathtubBasin_4, bathtubBasinType) := true
  receptacleType(counterTop_5, counterTopType) := true
  receptacleType(tvStand_6, tvStandType) := true
  receptacleType(sinkBasin_7, sinkBasinType) := true
  receptacleType(handTowelHolder_8, handTowelHolderType) := true
  receptacleType(toilet_9, toiletType) := true
  receptacleType(counterTop_10, counterTopType) := true
  objectType(vase_1, vaseType) := true
  objectType(tissueBox_2, tissueBoxType) := true
  objectType(pencil_3, pencilType) := true
  objectType(book_4, bookType) := true
  objectType(alarmClock_5, alarmClockType) := true
  objectType(book_6, bookType) := true
  objectType(cd_7, cdType) := true
  objectType(spatula_8, spatulaType) := true
  objectType(lettuce_9, lettuceType) := true
  objectType(mug_10, mugType) := true
  canContain(counterTopType, vaseType) := true
  canContain(counterTopType, tissueBoxType) := true
  canContain(counterTopType, pencilType) := true
  canContain(counterTopType, bookType) := true
  canContain(counterTopType, alarmClockType) := true
  canContain(counterTopType, cdType) := true
  canContain(counterTopType, spatulaType) := true
  canContain(counterTopType, lettuceType) := true
  canContain(counterTopType, mugType) := true
  canContain(tvStandType, tissueBoxType) := true
  canContain(sinkBasinType, spatulaType) := true
  canContain(sinkBasinType, lettuceType) := true
  canContain(sinkBasinType, mugType) := true
  canContain(toiletType, tissueBoxType) := true
  pickupable(vase_1) := true
  pickupable(tissueBox_2) := true
  pickupable(pencil_3) := true
  pickupable(book_4) := true
  pickupable(alarmClock_5) := true
  pickupable(book_6) := true
  pickupable(cd_7) := true
  pickupable(spatula_8) := true
  cleanable(spatula_8) := true
  pickupable(lettuce_9) := true
  cleanable(lettuce_9) := true
  coolable(lettuce_9) := true
  sliceable(lettuce_9) := true
  pickupable(mug_10) := true
  isReceptacleObject(mug_10) := true
  cleanable(mug_10) := true
  heatable(mug_10) := true
  coolable(mug_10) := true
  receptacleAtLocation(toiletPaperHanger_1, location8) := true
  receptacleAtLocation(toiletPaperHanger_2, location8) := true
  receptacleAtLocation(bathtubBasin_3, location9) := true
  receptacleAtLocation(bathtubBasin_4, location7) := true
  receptacleAtLocation(counterTop_5, location7) := true
  receptacleAtLocation(tvStand_6, location1) := true
  receptacleAtLocation(sinkBasin_7, location9) := true
  receptacleAtLocation(handTowelHolder_8, location4) := true
  receptacleAtLocation(toilet_9, location7) := true
  receptacleAtLocation(counterTop_10, location1) := true
  inReceptacle(tissueBox_2, counterTop_5) := true
  inReceptacle(alarmClock_5, counterTop_5) := true
  inReceptacle(lettuce_9, counterTop_5) := true
  objectAtLocation(vase_1, location10) := true
  objectAtLocation(tissueBox_2, location7) := true
  objectAtLocation(pencil_3, location2) := true
  objectAtLocation(book_4, location9) := true
  objectAtLocation(alarmClock_5, location7) := true
  objectAtLocation(book_6, location7) := true
  objectAtLocation(cd_7, location8) := true
  objectAtLocation(spatula_8, location8) := true
  objectAtLocation(lettuce_9, location7) := true
  objectAtLocation(mug_10, location6) := true
  atLocation(agent1, location10) := true
]

goals = [
  Exists (Receptacle - Checkable r) Exists (Obj - Checkable o) (inReceptacle(o, r) and objectType(o, mugType) and receptacleType(r, counterTopType))
]

quality metrics = [
  minimize sequential-plan-length
]


2025-06-17 09:54:44,540 - INFO - Generating plan for unconstrained problem

2025-06-17 09:54:44,952 - INFO - Unconstrained plan generation time: 0.4111340045928955

