2025-06-17 10:20:53,420 - INFO - 
================= Seed: 653 =================

2025-06-17 10:20:53,427 - INFO - problem name = alfred

types = [ReceptacleType, ObjectType, Checkable, Agent - Checkable, Location - Checkable, Receptacle - Checkable, Obj - Checkable]

fluents = [
  bool atLocation[a=Agent - Checkable, l=Location - Checkable]
  bool receptacleAtLocation[r=Receptacle - Checkable, l=Location - Checkable]
  bool objectAtLocation[o=Obj - Checkable, l=Location - Checkable]
  bool openable[r=Receptacle - Checkable]
  bool opened[r=Receptacle - Checkable]
  bool inReceptacle[o=Obj - Checkable, r=Receptacle - Checkable]
  bool isReceptacleObject[o=Obj - Checkable]
  bool inReceptacleObject[innerObject=Obj - Checkable, outObject=Obj - Checkable]
  bool isReceptacleObjectFull[o=Obj - Checkable]
  bool wasInReceptacle[o=Obj - Checkable, r=Receptacle - Checkable]
  bool checked[c=Checkable]
  bool examined[l=Location - Checkable]
  bool receptacleType[r=Receptacle - Checkable, rt=ReceptacleType]
  bool canContain[rt=ReceptacleType, ot=ObjectType]
  bool objectType[o=Obj - Checkable, t=ObjectType]
  bool holds[a=Agent - Checkable, o=Obj - Checkable]
  bool holdsAny[a=Agent - Checkable]
  bool holdsAnyReceptacleObject[a=Agent - Checkable]
  bool full[r=Receptacle - Checkable]
  bool isClean[o=Obj - Checkable]
  bool cleanable[o=Obj - Checkable]
  bool isHot[o=Obj - Checkable]
  bool heatable[o=Obj - Checkable]
  bool isCool[o=Obj - Checkable]
  bool coolable[o=Obj - Checkable]
  bool pickupable[o=Obj - Checkable]
  bool moveable[o=Obj - Checkable]
  bool toggleable[o=Obj - Checkable]
  bool isOn[o=Obj - Checkable]
  bool isToggled[o=Obj - Checkable]
  bool sliceable[o=Obj - Checkable]
  bool isSliced[o=Obj - Checkable]
]

actions = [
  action look(Agent - Checkable a, Location - Checkable l) {
    preconditions = [
      atLocation(a, l)
    ]
    effects = [
      checked(l) := true
    ]
  }
  action inventory(Agent - Checkable a) {
    preconditions = [
    ]
    effects = [
      checked(a) := true
    ]
  }
  action examineReceptacle(Agent - Checkable a, Receptacle - Checkable r) {
    preconditions = [
      Exists (Location - Checkable l) (atLocation(a, l) and receptacleAtLocation(r, l))
    ]
    effects = [
      checked(r) := true
    ]
  }
  action examineObject(Agent - Checkable a, Obj - Checkable o) {
    preconditions = [
      (Exists (Location - Checkable l) Exists (Receptacle - Checkable r) (atLocation(a, l) and receptacleAtLocation(r, l) and inReceptacle(o, r) and ((not openable(r)) or opened(r))) or holds(a, o))
    ]
    effects = [
      checked(o) := true
    ]
  }
  action goToLocation(Agent - Checkable a, Location - Checkable lstart, Location - Checkable lend) {
    preconditions = [
      atLocation(a, lstart)
    ]
    effects = [
      atLocation(a, lstart) := false
      atLocation(a, lend) := true
    ]
  }
  action openObject(Agent - Checkable a, Location - Checkable l, Receptacle - Checkable r) {
    preconditions = [
      (openable(r) and atLocation(a, l) and receptacleAtLocation(r, l) and (not opened(r)))
    ]
    effects = [
      opened(r) := true
      checked(r) := true
    ]
  }
  action closeObject(Agent - Checkable a, Location - Checkable l, Receptacle - Checkable r) {
    preconditions = [
      (openable(r) and atLocation(a, l) and receptacleAtLocation(r, l) and opened(r))
    ]
    effects = [
      opened(r) := false
    ]
  }
  action pickupObject(Agent - Checkable a, Location - Checkable l, Obj - Checkable o, Receptacle - Checkable r) {
    preconditions = [
      (pickupable(o) and atLocation(a, l) and receptacleAtLocation(r, l) and inReceptacle(o, r) and (not holdsAny(a)) and ((not openable(r)) or opened(r)))
    ]
    effects = [
      inReceptacle(o, r) := false
      holds(a, o) := true
      holdsAny(a) := true
      objectAtLocation(o, l) := false
    ]
  }
  action putObject(Agent - Checkable a, Location - Checkable l, Obj - Checkable o, Receptacle - Checkable r, ObjectType ot, ReceptacleType rt) {
    preconditions = [
      (holds(a, o) and atLocation(a, l) and receptacleAtLocation(r, l) and ((not openable(r)) or opened(r)) and objectType(o, ot) and receptacleType(r, rt) and canContain(rt, ot))
    ]
    effects = [
      inReceptacle(o, r) := true
      objectAtLocation(o, l) := true
      holds(a, o) := false
      holdsAny(a) := false
    ]
  }
  action cleanObject(Agent - Checkable a, Location - Checkable l, Receptacle - Checkable r, Obj - Checkable o) {
    preconditions = [
      (cleanable(o) and receptacleType(r, sinkBasinType) and atLocation(a, l) and receptacleAtLocation(r, l) and holds(a, o))
    ]
    effects = [
      isClean(o) := true
    ]
  }
  action heatObject(Agent - Checkable a, Location - Checkable l, Receptacle - Checkable r, Obj - Checkable o) {
    preconditions = [
      (heatable(o) and receptacleType(r, microwaveType) and atLocation(a, l) and receptacleAtLocation(r, l) and holds(a, o))
    ]
    effects = [
      isHot(o) := true
      isCool(o) := false
    ]
  }
  action coolObject(Agent - Checkable a, Location - Checkable l, Receptacle - Checkable r, Obj - Checkable o) {
    preconditions = [
      (coolable(o) and receptacleType(r, fridgeType) and atLocation(a, l) and receptacleAtLocation(r, l) and holds(a, o))
    ]
    effects = [
      isCool(o) := true
      isHot(o) := false
    ]
  }
  action toggleObject(Agent - Checkable a, Location - Checkable l, Obj - Checkable o, Receptacle - Checkable r) {
    preconditions = [
      (toggleable(o) and atLocation(a, l) and receptacleAtLocation(r, l) and inReceptacle(o, r))
    ]
    effects = [
      if isOn(o) then isOn(o) := false
      if (not isOn(o)) then isOn(o) := true
      isToggled(o) := true
    ]
  }
  action sliceObject(Agent - Checkable a, Location - Checkable l, Obj - Checkable co, Obj - Checkable ko) {
    preconditions = [
      (sliceable(co) and (objectType(ko, knifeType) or objectType(ko, butterKnifeType)) and atLocation(a, l) and objectAtLocation(co, l) and holds(a, ko))
    ]
    effects = [
      isSliced(co) := true
    ]
  }
  action help(Agent - Checkable a) {
    preconditions = [
    ]
    effects = [
      checked(a) := true
    ]
  }
]

objects = [
  ReceptacleType: [sinkBasinType, microwaveType, fridgeType, dresserType, tvStandType, toiletPaperHangerType, bathtubBasinType, coffeeMachineType, cartType, garbageCanType, sideTableType]
  ObjectType: [knifeType, butterKnifeType, handTowelType, alarmClockType, creditCardType, tomatoType, boxType, wineBottleType, wateringCanType, pencilType, spoonType, panType]
  Checkable: [agent1, location1, location2, location3, location4, location5, location6, location7, location8, location9, location10, dresser_1, tvStand_2, toiletPaperHanger_3, tvStand_4, bathtubBasin_5, coffeeMachine_6, toiletPaperHanger_7, cart_8, garbageCan_9, sideTable_10, handTowel_1, alarmClock_2, creditCard_3, tomato_4, box_5, wineBottle_6, wateringCan_7, pencil_8, spoon_9, pan_10]
  Agent - Checkable: [agent1]
  Location - Checkable: [location1, location2, location3, location4, location5, location6, location7, location8, location9, location10]
  Receptacle - Checkable: [dresser_1, tvStand_2, toiletPaperHanger_3, tvStand_4, bathtubBasin_5, coffeeMachine_6, toiletPaperHanger_7, cart_8, garbageCan_9, sideTable_10]
  Obj - Checkable: [handTowel_1, alarmClock_2, creditCard_3, tomato_4, box_5, wineBottle_6, wateringCan_7, pencil_8, spoon_9, pan_10]
]

initial fluents default = [
  bool atLocation[a=Agent - Checkable, l=Location - Checkable] := false
  bool receptacleAtLocation[r=Receptacle - Checkable, l=Location - Checkable] := false
  bool objectAtLocation[o=Obj - Checkable, l=Location - Checkable] := false
  bool openable[r=Receptacle - Checkable] := false
  bool opened[r=Receptacle - Checkable] := false
  bool inReceptacle[o=Obj - Checkable, r=Receptacle - Checkable] := false
  bool isReceptacleObject[o=Obj - Checkable] := false
  bool inReceptacleObject[innerObject=Obj - Checkable, outObject=Obj - Checkable] := false
  bool isReceptacleObjectFull[o=Obj - Checkable] := false
  bool wasInReceptacle[o=Obj - Checkable, r=Receptacle - Checkable] := false
  bool checked[c=Checkable] := false
  bool examined[l=Location - Checkable] := false
  bool receptacleType[r=Receptacle - Checkable, rt=ReceptacleType] := false
  bool canContain[rt=ReceptacleType, ot=ObjectType] := false
  bool objectType[o=Obj - Checkable, t=ObjectType] := false
  bool holds[a=Agent - Checkable, o=Obj - Checkable] := false
  bool holdsAny[a=Agent - Checkable] := false
  bool holdsAnyReceptacleObject[a=Agent - Checkable] := false
  bool full[r=Receptacle - Checkable] := false
  bool isClean[o=Obj - Checkable] := false
  bool cleanable[o=Obj - Checkable] := false
  bool isHot[o=Obj - Checkable] := false
  bool heatable[o=Obj - Checkable] := false
  bool isCool[o=Obj - Checkable] := false
  bool coolable[o=Obj - Checkable] := false
  bool pickupable[o=Obj - Checkable] := false
  bool moveable[o=Obj - Checkable] := false
  bool toggleable[o=Obj - Checkable] := false
  bool isOn[o=Obj - Checkable] := false
  bool isToggled[o=Obj - Checkable] := false
  bool sliceable[o=Obj - Checkable] := false
  bool isSliced[o=Obj - Checkable] := false
]

initial values = [
  receptacleType(dresser_1, dresserType) := true
  receptacleType(tvStand_2, tvStandType) := true
  receptacleType(toiletPaperHanger_3, toiletPaperHangerType) := true
  receptacleType(tvStand_4, tvStandType) := true
  receptacleType(bathtubBasin_5, bathtubBasinType) := true
  receptacleType(coffeeMachine_6, coffeeMachineType) := true
  receptacleType(toiletPaperHanger_7, toiletPaperHangerType) := true
  receptacleType(cart_8, cartType) := true
  receptacleType(garbageCan_9, garbageCanType) := true
  receptacleType(sideTable_10, sideTableType) := true
  objectType(handTowel_1, handTowelType) := true
  objectType(alarmClock_2, alarmClockType) := true
  objectType(creditCard_3, creditCardType) := true
  objectType(tomato_4, tomatoType) := true
  objectType(box_5, boxType) := true
  objectType(wineBottle_6, wineBottleType) := true
  objectType(wateringCan_7, wateringCanType) := true
  objectType(pencil_8, pencilType) := true
  objectType(spoon_9, spoonType) := true
  objectType(pan_10, panType) := true
  canContain(dresserType, alarmClockType) := true
  canContain(dresserType, creditCardType) := true
  canContain(dresserType, boxType) := true
  canContain(dresserType, wineBottleType) := true
  canContain(dresserType, wateringCanType) := true
  canContain(dresserType, pencilType) := true
  canContain(bathtubBasinType, handTowelType) := true
  canContain(cartType, handTowelType) := true
  canContain(garbageCanType, handTowelType) := true
  canContain(garbageCanType, tomatoType) := true
  canContain(garbageCanType, wineBottleType) := true
  canContain(garbageCanType, pencilType) := true
  canContain(sideTableType, handTowelType) := true
  canContain(sideTableType, alarmClockType) := true
  canContain(sideTableType, creditCardType) := true
  canContain(sideTableType, tomatoType) := true
  canContain(sideTableType, boxType) := true
  canContain(sideTableType, wineBottleType) := true
  canContain(sideTableType, wateringCanType) := true
  canContain(sideTableType, pencilType) := true
  canContain(sideTableType, spoonType) := true
  canContain(sideTableType, panType) := true
  pickupable(handTowel_1) := true
  pickupable(alarmClock_2) := true
  pickupable(creditCard_3) := true
  pickupable(tomato_4) := true
  cleanable(tomato_4) := true
  heatable(tomato_4) := true
  coolable(tomato_4) := true
  sliceable(tomato_4) := true
  pickupable(box_5) := true
  isReceptacleObject(box_5) := true
  pickupable(wineBottle_6) := true
  pickupable(wateringCan_7) := true
  pickupable(pencil_8) := true
  pickupable(spoon_9) := true
  cleanable(spoon_9) := true
  pickupable(pan_10) := true
  isReceptacleObject(pan_10) := true
  cleanable(pan_10) := true
  coolable(pan_10) := true
  receptacleAtLocation(dresser_1, location9) := true
  receptacleAtLocation(tvStand_2, location7) := true
  receptacleAtLocation(toiletPaperHanger_3, location2) := true
  receptacleAtLocation(tvStand_4, location5) := true
  receptacleAtLocation(bathtubBasin_5, location6) := true
  receptacleAtLocation(coffeeMachine_6, location7) := true
  receptacleAtLocation(toiletPaperHanger_7, location8) := true
  receptacleAtLocation(cart_8, location6) := true
  receptacleAtLocation(garbageCan_9, location9) := true
  receptacleAtLocation(sideTable_10, location5) := true
  inReceptacle(wineBottle_6, garbageCan_9) := true
  inReceptacle(wateringCan_7, sideTable_10) := true
  inReceptacle(pencil_8, sideTable_10) := true
  objectAtLocation(handTowel_1, location3) := true
  objectAtLocation(alarmClock_2, location4) := true
  objectAtLocation(creditCard_3, location8) := true
  objectAtLocation(tomato_4, location9) := true
  objectAtLocation(box_5, location9) := true
  objectAtLocation(wineBottle_6, location9) := true
  objectAtLocation(wateringCan_7, location5) := true
  objectAtLocation(pencil_8, location5) := true
  objectAtLocation(spoon_9, location7) := true
  objectAtLocation(pan_10, location6) := true
  atLocation(agent1, location4) := true
]

goals = [
  Exists (Receptacle - Checkable r) Exists (Obj - Checkable o) (coolable(o) and objectType(o, tomatoType) and receptacleType(r, garbageCanType) and isCool(o) and inReceptacle(o, r))
]

quality metrics = [
  minimize sequential-plan-length
]


2025-06-17 10:20:53,429 - INFO - Generating plan for unconstrained problem

2025-06-17 10:20:53,749 - INFO - Unconstrained plan generation time: 0.31967616081237793

