2025-06-17 09:55:26,479 - INFO - 
================= Seed: 442 =================

2025-06-17 09:55:26,493 - INFO - problem name = alfred

types = [ReceptacleType, ObjectType, Checkable, Agent - Checkable, Location - Checkable, Receptacle - Checkable, Obj - Checkable]

fluents = [
  bool atLocation[a=Agent - Checkable, l=Location - Checkable]
  bool receptacleAtLocation[r=Receptacle - Checkable, l=Location - Checkable]
  bool objectAtLocation[o=Obj - Checkable, l=Location - Checkable]
  bool openable[r=Receptacle - Checkable]
  bool opened[r=Receptacle - Checkable]
  bool inReceptacle[o=Obj - Checkable, r=Receptacle - Checkable]
  bool isReceptacleObject[o=Obj - Checkable]
  bool inReceptacleObject[innerObject=Obj - Checkable, outObject=Obj - Checkable]
  bool isReceptacleObjectFull[o=Obj - Checkable]
  bool wasInReceptacle[o=Obj - Checkable, r=Receptacle - Checkable]
  bool checked[c=Checkable]
  bool examined[l=Location - Checkable]
  bool receptacleType[r=Receptacle - Checkable, rt=ReceptacleType]
  bool canContain[rt=ReceptacleType, ot=ObjectType]
  bool objectType[o=Obj - Checkable, t=ObjectType]
  bool holds[a=Agent - Checkable, o=Obj - Checkable]
  bool holdsAny[a=Agent - Checkable]
  bool holdsAnyReceptacleObject[a=Agent - Checkable]
  bool full[r=Receptacle - Checkable]
  bool isClean[o=Obj - Checkable]
  bool cleanable[o=Obj - Checkable]
  bool isHot[o=Obj - Checkable]
  bool heatable[o=Obj - Checkable]
  bool isCool[o=Obj - Checkable]
  bool coolable[o=Obj - Checkable]
  bool pickupable[o=Obj - Checkable]
  bool moveable[o=Obj - Checkable]
  bool toggleable[o=Obj - Checkable]
  bool isOn[o=Obj - Checkable]
  bool isToggled[o=Obj - Checkable]
  bool sliceable[o=Obj - Checkable]
  bool isSliced[o=Obj - Checkable]
]

actions = [
  action look(Agent - Checkable a, Location - Checkable l) {
    preconditions = [
      atLocation(a, l)
    ]
    effects = [
      checked(l) := true
    ]
  }
  action inventory(Agent - Checkable a) {
    preconditions = [
    ]
    effects = [
      checked(a) := true
    ]
  }
  action examineReceptacle(Agent - Checkable a, Receptacle - Checkable r) {
    preconditions = [
      Exists (Location - Checkable l) (atLocation(a, l) and receptacleAtLocation(r, l))
    ]
    effects = [
      checked(r) := true
    ]
  }
  action examineObject(Agent - Checkable a, Obj - Checkable o) {
    preconditions = [
      (Exists (Location - Checkable l) Exists (Receptacle - Checkable r) (atLocation(a, l) and receptacleAtLocation(r, l) and inReceptacle(o, r) and ((not openable(r)) or opened(r))) or holds(a, o))
    ]
    effects = [
      checked(o) := true
    ]
  }
  action goToLocation(Agent - Checkable a, Location - Checkable lstart, Location - Checkable lend) {
    preconditions = [
      atLocation(a, lstart)
    ]
    effects = [
      atLocation(a, lstart) := false
      atLocation(a, lend) := true
    ]
  }
  action openObject(Agent - Checkable a, Location - Checkable l, Receptacle - Checkable r) {
    preconditions = [
      (openable(r) and atLocation(a, l) and receptacleAtLocation(r, l) and (not opened(r)))
    ]
    effects = [
      opened(r) := true
      checked(r) := true
    ]
  }
  action closeObject(Agent - Checkable a, Location - Checkable l, Receptacle - Checkable r) {
    preconditions = [
      (openable(r) and atLocation(a, l) and receptacleAtLocation(r, l) and opened(r))
    ]
    effects = [
      opened(r) := false
    ]
  }
  action pickupObject(Agent - Checkable a, Location - Checkable l, Obj - Checkable o, Receptacle - Checkable r) {
    preconditions = [
      (pickupable(o) and atLocation(a, l) and receptacleAtLocation(r, l) and inReceptacle(o, r) and (not holdsAny(a)) and ((not openable(r)) or opened(r)))
    ]
    effects = [
      inReceptacle(o, r) := false
      holds(a, o) := true
      holdsAny(a) := true
      objectAtLocation(o, l) := false
    ]
  }
  action putObject(Agent - Checkable a, Location - Checkable l, Obj - Checkable o, Receptacle - Checkable r, ObjectType ot, ReceptacleType rt) {
    preconditions = [
      (holds(a, o) and atLocation(a, l) and receptacleAtLocation(r, l) and ((not openable(r)) or opened(r)) and objectType(o, ot) and receptacleType(r, rt) and canContain(rt, ot))
    ]
    effects = [
      inReceptacle(o, r) := true
      objectAtLocation(o, l) := true
      holds(a, o) := false
      holdsAny(a) := false
    ]
  }
  action cleanObject(Agent - Checkable a, Location - Checkable l, Receptacle - Checkable r, Obj - Checkable o) {
    preconditions = [
      (cleanable(o) and receptacleType(r, sinkBasinType) and atLocation(a, l) and receptacleAtLocation(r, l) and holds(a, o))
    ]
    effects = [
      isClean(o) := true
    ]
  }
  action heatObject(Agent - Checkable a, Location - Checkable l, Receptacle - Checkable r, Obj - Checkable o) {
    preconditions = [
      (heatable(o) and receptacleType(r, microwaveType) and atLocation(a, l) and receptacleAtLocation(r, l) and holds(a, o))
    ]
    effects = [
      isHot(o) := true
      isCool(o) := false
    ]
  }
  action coolObject(Agent - Checkable a, Location - Checkable l, Receptacle - Checkable r, Obj - Checkable o) {
    preconditions = [
      (coolable(o) and receptacleType(r, fridgeType) and atLocation(a, l) and receptacleAtLocation(r, l) and holds(a, o))
    ]
    effects = [
      isCool(o) := true
      isHot(o) := false
    ]
  }
  action toggleObject(Agent - Checkable a, Location - Checkable l, Obj - Checkable o, Receptacle - Checkable r) {
    preconditions = [
      (toggleable(o) and atLocation(a, l) and receptacleAtLocation(r, l) and inReceptacle(o, r))
    ]
    effects = [
      if isOn(o) then isOn(o) := false
      if (not isOn(o)) then isOn(o) := true
      isToggled(o) := true
    ]
  }
  action sliceObject(Agent - Checkable a, Location - Checkable l, Obj - Checkable co, Obj - Checkable ko) {
    preconditions = [
      (sliceable(co) and (objectType(ko, knifeType) or objectType(ko, butterKnifeType)) and atLocation(a, l) and objectAtLocation(co, l) and holds(a, ko))
    ]
    effects = [
      isSliced(co) := true
    ]
  }
  action help(Agent - Checkable a) {
    preconditions = [
    ]
    effects = [
      checked(a) := true
    ]
  }
]

objects = [
  ReceptacleType: [sinkBasinType, microwaveType, fridgeType, stoveBurnerType, laundryHamperType, sideTableType, armChairType, cartType, coffeeTableType, toiletPaperHangerType, diningTableType]
  ObjectType: [knifeType, butterKnifeType, saltShakerType, dishSpongeType, breadType, potType, pillowType, pepperShakerType, paperTowelType, creditCardType, basketBallType, panType]
  Checkable: [agent1, location1, location2, location3, location4, location5, location6, location7, location8, location9, location10, stoveBurner_1, laundryHamper_2, sideTable_3, armChair_4, sideTable_5, cart_6, coffeeTable_7, coffeeTable_8, toiletPaperHanger_9, diningTable_10, saltShaker_1, dishSponge_2, bread_3, pot_4, pillow_5, pepperShaker_6, paperTowel_7, creditCard_8, basketBall_9, pan_10]
  Agent - Checkable: [agent1]
  Location - Checkable: [location1, location2, location3, location4, location5, location6, location7, location8, location9, location10]
  Receptacle - Checkable: [stoveBurner_1, laundryHamper_2, sideTable_3, armChair_4, sideTable_5, cart_6, coffeeTable_7, coffeeTable_8, toiletPaperHanger_9, diningTable_10]
  Obj - Checkable: [saltShaker_1, dishSponge_2, bread_3, pot_4, pillow_5, pepperShaker_6, paperTowel_7, creditCard_8, basketBall_9, pan_10]
]

initial fluents default = [
  bool atLocation[a=Agent - Checkable, l=Location - Checkable] := false
  bool receptacleAtLocation[r=Receptacle - Checkable, l=Location - Checkable] := false
  bool objectAtLocation[o=Obj - Checkable, l=Location - Checkable] := false
  bool openable[r=Receptacle - Checkable] := false
  bool opened[r=Receptacle - Checkable] := false
  bool inReceptacle[o=Obj - Checkable, r=Receptacle - Checkable] := false
  bool isReceptacleObject[o=Obj - Checkable] := false
  bool inReceptacleObject[innerObject=Obj - Checkable, outObject=Obj - Checkable] := false
  bool isReceptacleObjectFull[o=Obj - Checkable] := false
  bool wasInReceptacle[o=Obj - Checkable, r=Receptacle - Checkable] := false
  bool checked[c=Checkable] := false
  bool examined[l=Location - Checkable] := false
  bool receptacleType[r=Receptacle - Checkable, rt=ReceptacleType] := false
  bool canContain[rt=ReceptacleType, ot=ObjectType] := false
  bool objectType[o=Obj - Checkable, t=ObjectType] := false
  bool holds[a=Agent - Checkable, o=Obj - Checkable] := false
  bool holdsAny[a=Agent - Checkable] := false
  bool holdsAnyReceptacleObject[a=Agent - Checkable] := false
  bool full[r=Receptacle - Checkable] := false
  bool isClean[o=Obj - Checkable] := false
  bool cleanable[o=Obj - Checkable] := false
  bool isHot[o=Obj - Checkable] := false
  bool heatable[o=Obj - Checkable] := false
  bool isCool[o=Obj - Checkable] := false
  bool coolable[o=Obj - Checkable] := false
  bool pickupable[o=Obj - Checkable] := false
  bool moveable[o=Obj - Checkable] := false
  bool toggleable[o=Obj - Checkable] := false
  bool isOn[o=Obj - Checkable] := false
  bool isToggled[o=Obj - Checkable] := false
  bool sliceable[o=Obj - Checkable] := false
  bool isSliced[o=Obj - Checkable] := false
]

initial values = [
  receptacleType(stoveBurner_1, stoveBurnerType) := true
  receptacleType(laundryHamper_2, laundryHamperType) := true
  receptacleType(sideTable_3, sideTableType) := true
  receptacleType(armChair_4, armChairType) := true
  receptacleType(sideTable_5, sideTableType) := true
  receptacleType(cart_6, cartType) := true
  receptacleType(coffeeTable_7, coffeeTableType) := true
  receptacleType(coffeeTable_8, coffeeTableType) := true
  receptacleType(toiletPaperHanger_9, toiletPaperHangerType) := true
  receptacleType(diningTable_10, diningTableType) := true
  objectType(saltShaker_1, saltShakerType) := true
  objectType(dishSponge_2, dishSpongeType) := true
  objectType(bread_3, breadType) := true
  objectType(pot_4, potType) := true
  objectType(pillow_5, pillowType) := true
  objectType(pepperShaker_6, pepperShakerType) := true
  objectType(paperTowel_7, paperTowelType) := true
  objectType(creditCard_8, creditCardType) := true
  objectType(basketBall_9, basketBallType) := true
  objectType(pan_10, panType) := true
  canContain(stoveBurnerType, potType) := true
  canContain(stoveBurnerType, panType) := true
  canContain(sideTableType, saltShakerType) := true
  canContain(sideTableType, dishSpongeType) := true
  canContain(sideTableType, breadType) := true
  canContain(sideTableType, potType) := true
  canContain(sideTableType, pepperShakerType) := true
  canContain(sideTableType, paperTowelType) := true
  canContain(sideTableType, creditCardType) := true
  canContain(sideTableType, basketBallType) := true
  canContain(sideTableType, panType) := true
  canContain(armChairType, pillowType) := true
  canContain(armChairType, creditCardType) := true
  canContain(armChairType, basketBallType) := true
  canContain(cartType, dishSpongeType) := true
  canContain(cartType, paperTowelType) := true
  canContain(coffeeTableType, saltShakerType) := true
  canContain(coffeeTableType, dishSpongeType) := true
  canContain(coffeeTableType, breadType) := true
  canContain(coffeeTableType, potType) := true
  canContain(coffeeTableType, pepperShakerType) := true
  canContain(coffeeTableType, paperTowelType) := true
  canContain(coffeeTableType, creditCardType) := true
  canContain(coffeeTableType, basketBallType) := true
  canContain(coffeeTableType, panType) := true
  canContain(diningTableType, saltShakerType) := true
  canContain(diningTableType, dishSpongeType) := true
  canContain(diningTableType, breadType) := true
  canContain(diningTableType, potType) := true
  canContain(diningTableType, pepperShakerType) := true
  canContain(diningTableType, paperTowelType) := true
  canContain(diningTableType, creditCardType) := true
  canContain(diningTableType, basketBallType) := true
  canContain(diningTableType, panType) := true
  pickupable(saltShaker_1) := true
  pickupable(dishSponge_2) := true
  cleanable(dishSponge_2) := true
  pickupable(bread_3) := true
  heatable(bread_3) := true
  coolable(bread_3) := true
  sliceable(bread_3) := true
  pickupable(pot_4) := true
  isReceptacleObject(pot_4) := true
  cleanable(pot_4) := true
  coolable(pot_4) := true
  pickupable(pillow_5) := true
  pickupable(pepperShaker_6) := true
  pickupable(paperTowel_7) := true
  pickupable(creditCard_8) := true
  pickupable(basketBall_9) := true
  pickupable(pan_10) := true
  isReceptacleObject(pan_10) := true
  cleanable(pan_10) := true
  coolable(pan_10) := true
  receptacleAtLocation(stoveBurner_1, location7) := true
  receptacleAtLocation(laundryHamper_2, location7) := true
  receptacleAtLocation(sideTable_3, location3) := true
  receptacleAtLocation(armChair_4, location3) := true
  receptacleAtLocation(sideTable_5, location5) := true
  receptacleAtLocation(cart_6, location2) := true
  receptacleAtLocation(coffeeTable_7, location7) := true
  receptacleAtLocation(coffeeTable_8, location10) := true
  receptacleAtLocation(toiletPaperHanger_9, location7) := true
  receptacleAtLocation(diningTable_10, location4) := true
  inReceptacle(saltShaker_1, diningTable_10) := true
  inReceptacle(dishSponge_2, coffeeTable_7) := true
  inReceptacle(bread_3, coffeeTable_8) := true
  inReceptacle(pepperShaker_6, sideTable_3) := true
  inReceptacle(creditCard_8, sideTable_3) := true
  inReceptacle(basketBall_9, coffeeTable_8) := true
  inReceptacle(pan_10, coffeeTable_8) := true
  objectAtLocation(saltShaker_1, location4) := true
  objectAtLocation(dishSponge_2, location7) := true
  objectAtLocation(bread_3, location10) := true
  objectAtLocation(pot_4, location4) := true
  objectAtLocation(pillow_5, location3) := true
  objectAtLocation(pepperShaker_6, location3) := true
  objectAtLocation(paperTowel_7, location4) := true
  objectAtLocation(creditCard_8, location3) := true
  objectAtLocation(basketBall_9, location10) := true
  objectAtLocation(pan_10, location10) := true
  atLocation(agent1, location8) := true
]

goals = [
  Exists (Receptacle - Checkable r) Exists (Obj - Checkable o1) (inReceptacle(o1, r) and objectType(o1, panType) and receptacleType(r, diningTableType) and Exists (Obj - Checkable o2) ((not (o1 == o2)) and objectType(o2, breadType) and receptacleType(r, diningTableType) and inReceptacle(o2, r)))
]

quality metrics = [
  minimize sequential-plan-length
]


2025-06-17 09:55:26,498 - INFO - Generating plan for unconstrained problem

2025-06-17 09:55:26,940 - INFO - Unconstrained plan generation time: 0.4419240951538086

2025-06-17 09:55:26,940 - INFO - Unconstrained plan and cost: 
2025-06-17 09:55:26,940 - INFO - SequentialPlan:
    goToLocation(agent1, location8, location10)
    pickupObject(agent1, location10, bread_3, coffeeTable_8)
    goToLocation(agent1, location10, location4)
    putObject(agent1, location4, bread_3, diningTable_10, breadType, diningTableType)
    goToLocation(agent1, location4, location10)
    pickupObject(agent1, location10, pan_10, coffeeTable_8)
    goToLocation(agent1, location10, location4)
    putObject(agent1, location4, pan_10, diningTable_10, panType, diningTableType)
2025-06-17 09:55:26,940 - INFO - 8
2025-06-17 09:55:27,242 - INFO - Sampled constraints:

2025-06-17 09:55:27,242 - INFO - At-Most-Once(atLocation(agent1, location10))
2025-06-17 09:55:27,242 - INFO - 
2025-06-17 09:55:27,242 - INFO - Generation time: 0.30136823654174805

2025-06-17 09:55:27,251 - INFO - Generating plan for constrained problem (with LiftedTCORE).

2025-06-17 09:55:27,287 - INFO - LiftedTCORE compilation time: 0.036106109619140625

2025-06-17 09:55:27,833 - INFO - Planning Time with LiftedTCORE's file: 0.5388092994689941

