2025-06-17 09:53:59,661 - INFO - 
================= Seed: 314 =================

2025-06-17 09:53:59,673 - INFO - problem name = alfred

types = [ReceptacleType, ObjectType, Checkable, Agent - Checkable, Location - Checkable, Receptacle - Checkable, Obj - Checkable]

fluents = [
  bool atLocation[a=Agent - Checkable, l=Location - Checkable]
  bool receptacleAtLocation[r=Receptacle - Checkable, l=Location - Checkable]
  bool objectAtLocation[o=Obj - Checkable, l=Location - Checkable]
  bool openable[r=Receptacle - Checkable]
  bool opened[r=Receptacle - Checkable]
  bool inReceptacle[o=Obj - Checkable, r=Receptacle - Checkable]
  bool isReceptacleObject[o=Obj - Checkable]
  bool inReceptacleObject[innerObject=Obj - Checkable, outObject=Obj - Checkable]
  bool isReceptacleObjectFull[o=Obj - Checkable]
  bool wasInReceptacle[o=Obj - Checkable, r=Receptacle - Checkable]
  bool checked[c=Checkable]
  bool examined[l=Location - Checkable]
  bool receptacleType[r=Receptacle - Checkable, rt=ReceptacleType]
  bool canContain[rt=ReceptacleType, ot=ObjectType]
  bool objectType[o=Obj - Checkable, t=ObjectType]
  bool holds[a=Agent - Checkable, o=Obj - Checkable]
  bool holdsAny[a=Agent - Checkable]
  bool holdsAnyReceptacleObject[a=Agent - Checkable]
  bool full[r=Receptacle - Checkable]
  bool isClean[o=Obj - Checkable]
  bool cleanable[o=Obj - Checkable]
  bool isHot[o=Obj - Checkable]
  bool heatable[o=Obj - Checkable]
  bool isCool[o=Obj - Checkable]
  bool coolable[o=Obj - Checkable]
  bool pickupable[o=Obj - Checkable]
  bool moveable[o=Obj - Checkable]
  bool toggleable[o=Obj - Checkable]
  bool isOn[o=Obj - Checkable]
  bool isToggled[o=Obj - Checkable]
  bool sliceable[o=Obj - Checkable]
  bool isSliced[o=Obj - Checkable]
]

actions = [
  action look(Agent - Checkable a, Location - Checkable l) {
    preconditions = [
      atLocation(a, l)
    ]
    effects = [
      checked(l) := true
    ]
  }
  action inventory(Agent - Checkable a) {
    preconditions = [
    ]
    effects = [
      checked(a) := true
    ]
  }
  action examineReceptacle(Agent - Checkable a, Receptacle - Checkable r) {
    preconditions = [
      Exists (Location - Checkable l) (atLocation(a, l) and receptacleAtLocation(r, l))
    ]
    effects = [
      checked(r) := true
    ]
  }
  action examineObject(Agent - Checkable a, Obj - Checkable o) {
    preconditions = [
      (Exists (Location - Checkable l) Exists (Receptacle - Checkable r) (atLocation(a, l) and receptacleAtLocation(r, l) and inReceptacle(o, r) and ((not openable(r)) or opened(r))) or holds(a, o))
    ]
    effects = [
      checked(o) := true
    ]
  }
  action goToLocation(Agent - Checkable a, Location - Checkable lstart, Location - Checkable lend) {
    preconditions = [
      atLocation(a, lstart)
    ]
    effects = [
      atLocation(a, lstart) := false
      atLocation(a, lend) := true
    ]
  }
  action openObject(Agent - Checkable a, Location - Checkable l, Receptacle - Checkable r) {
    preconditions = [
      (openable(r) and atLocation(a, l) and receptacleAtLocation(r, l) and (not opened(r)))
    ]
    effects = [
      opened(r) := true
      checked(r) := true
    ]
  }
  action closeObject(Agent - Checkable a, Location - Checkable l, Receptacle - Checkable r) {
    preconditions = [
      (openable(r) and atLocation(a, l) and receptacleAtLocation(r, l) and opened(r))
    ]
    effects = [
      opened(r) := false
    ]
  }
  action pickupObject(Agent - Checkable a, Location - Checkable l, Obj - Checkable o, Receptacle - Checkable r) {
    preconditions = [
      (pickupable(o) and atLocation(a, l) and receptacleAtLocation(r, l) and inReceptacle(o, r) and (not holdsAny(a)) and ((not openable(r)) or opened(r)))
    ]
    effects = [
      inReceptacle(o, r) := false
      holds(a, o) := true
      holdsAny(a) := true
      objectAtLocation(o, l) := false
    ]
  }
  action putObject(Agent - Checkable a, Location - Checkable l, Obj - Checkable o, Receptacle - Checkable r, ObjectType ot, ReceptacleType rt) {
    preconditions = [
      (holds(a, o) and atLocation(a, l) and receptacleAtLocation(r, l) and ((not openable(r)) or opened(r)) and objectType(o, ot) and receptacleType(r, rt) and canContain(rt, ot))
    ]
    effects = [
      inReceptacle(o, r) := true
      objectAtLocation(o, l) := true
      holds(a, o) := false
      holdsAny(a) := false
    ]
  }
  action cleanObject(Agent - Checkable a, Location - Checkable l, Receptacle - Checkable r, Obj - Checkable o) {
    preconditions = [
      (cleanable(o) and receptacleType(r, sinkBasinType) and atLocation(a, l) and receptacleAtLocation(r, l) and holds(a, o))
    ]
    effects = [
      isClean(o) := true
    ]
  }
  action heatObject(Agent - Checkable a, Location - Checkable l, Receptacle - Checkable r, Obj - Checkable o) {
    preconditions = [
      (heatable(o) and receptacleType(r, microwaveType) and atLocation(a, l) and receptacleAtLocation(r, l) and holds(a, o))
    ]
    effects = [
      isHot(o) := true
      isCool(o) := false
    ]
  }
  action coolObject(Agent - Checkable a, Location - Checkable l, Receptacle - Checkable r, Obj - Checkable o) {
    preconditions = [
      (coolable(o) and receptacleType(r, fridgeType) and atLocation(a, l) and receptacleAtLocation(r, l) and holds(a, o))
    ]
    effects = [
      isCool(o) := true
      isHot(o) := false
    ]
  }
  action toggleObject(Agent - Checkable a, Location - Checkable l, Obj - Checkable o, Receptacle - Checkable r) {
    preconditions = [
      (toggleable(o) and atLocation(a, l) and receptacleAtLocation(r, l) and inReceptacle(o, r))
    ]
    effects = [
      if isOn(o) then isOn(o) := false
      if (not isOn(o)) then isOn(o) := true
      isToggled(o) := true
    ]
  }
  action sliceObject(Agent - Checkable a, Location - Checkable l, Obj - Checkable co, Obj - Checkable ko) {
    preconditions = [
      (sliceable(co) and (objectType(ko, knifeType) or objectType(ko, butterKnifeType)) and atLocation(a, l) and objectAtLocation(co, l) and holds(a, ko))
    ]
    effects = [
      isSliced(co) := true
    ]
  }
  action help(Agent - Checkable a) {
    preconditions = [
    ]
    effects = [
      checked(a) := true
    ]
  }
]

objects = [
  ReceptacleType: [sinkBasinType, microwaveType, fridgeType, counterTopType, sideTableType, coffeeMachineType, bathtubBasinType, toiletType, handTowelHolderType, diningTableType]
  ObjectType: [knifeType, butterKnifeType, spoonType, statueType, tomatoType, creditCardType, lettuceType, plateType, breadType, watchType, dishSpongeType, cupType]
  Checkable: [agent1, location1, location2, location3, location4, location5, location6, location7, location8, location9, location10, counterTop_1, sideTable_2, sinkBasin_3, coffeeMachine_4, bathtubBasin_5, toilet_6, toilet_7, handTowelHolder_8, fridge_9, diningTable_10, spoon_1, statue_2, tomato_3, creditCard_4, lettuce_5, plate_6, bread_7, watch_8, dishSponge_9, cup_10]
  Agent - Checkable: [agent1]
  Location - Checkable: [location1, location2, location3, location4, location5, location6, location7, location8, location9, location10]
  Receptacle - Checkable: [counterTop_1, sideTable_2, sinkBasin_3, coffeeMachine_4, bathtubBasin_5, toilet_6, toilet_7, handTowelHolder_8, fridge_9, diningTable_10]
  Obj - Checkable: [spoon_1, statue_2, tomato_3, creditCard_4, lettuce_5, plate_6, bread_7, watch_8, dishSponge_9, cup_10]
]

initial fluents default = [
  bool atLocation[a=Agent - Checkable, l=Location - Checkable] := false
  bool receptacleAtLocation[r=Receptacle - Checkable, l=Location - Checkable] := false
  bool objectAtLocation[o=Obj - Checkable, l=Location - Checkable] := false
  bool openable[r=Receptacle - Checkable] := false
  bool opened[r=Receptacle - Checkable] := false
  bool inReceptacle[o=Obj - Checkable, r=Receptacle - Checkable] := false
  bool isReceptacleObject[o=Obj - Checkable] := false
  bool inReceptacleObject[innerObject=Obj - Checkable, outObject=Obj - Checkable] := false
  bool isReceptacleObjectFull[o=Obj - Checkable] := false
  bool wasInReceptacle[o=Obj - Checkable, r=Receptacle - Checkable] := false
  bool checked[c=Checkable] := false
  bool examined[l=Location - Checkable] := false
  bool receptacleType[r=Receptacle - Checkable, rt=ReceptacleType] := false
  bool canContain[rt=ReceptacleType, ot=ObjectType] := false
  bool objectType[o=Obj - Checkable, t=ObjectType] := false
  bool holds[a=Agent - Checkable, o=Obj - Checkable] := false
  bool holdsAny[a=Agent - Checkable] := false
  bool holdsAnyReceptacleObject[a=Agent - Checkable] := false
  bool full[r=Receptacle - Checkable] := false
  bool isClean[o=Obj - Checkable] := false
  bool cleanable[o=Obj - Checkable] := false
  bool isHot[o=Obj - Checkable] := false
  bool heatable[o=Obj - Checkable] := false
  bool isCool[o=Obj - Checkable] := false
  bool coolable[o=Obj - Checkable] := false
  bool pickupable[o=Obj - Checkable] := false
  bool moveable[o=Obj - Checkable] := false
  bool toggleable[o=Obj - Checkable] := false
  bool isOn[o=Obj - Checkable] := false
  bool isToggled[o=Obj - Checkable] := false
  bool sliceable[o=Obj - Checkable] := false
  bool isSliced[o=Obj - Checkable] := false
]

initial values = [
  receptacleType(counterTop_1, counterTopType) := true
  receptacleType(sideTable_2, sideTableType) := true
  receptacleType(sinkBasin_3, sinkBasinType) := true
  receptacleType(coffeeMachine_4, coffeeMachineType) := true
  receptacleType(bathtubBasin_5, bathtubBasinType) := true
  receptacleType(toilet_6, toiletType) := true
  receptacleType(toilet_7, toiletType) := true
  receptacleType(handTowelHolder_8, handTowelHolderType) := true
  receptacleType(fridge_9, fridgeType) := true
  receptacleType(diningTable_10, diningTableType) := true
  objectType(spoon_1, spoonType) := true
  objectType(statue_2, statueType) := true
  objectType(tomato_3, tomatoType) := true
  objectType(creditCard_4, creditCardType) := true
  objectType(lettuce_5, lettuceType) := true
  objectType(plate_6, plateType) := true
  objectType(bread_7, breadType) := true
  objectType(watch_8, watchType) := true
  objectType(dishSponge_9, dishSpongeType) := true
  objectType(cup_10, cupType) := true
  canContain(counterTopType, spoonType) := true
  canContain(counterTopType, statueType) := true
  canContain(counterTopType, tomatoType) := true
  canContain(counterTopType, creditCardType) := true
  canContain(counterTopType, lettuceType) := true
  canContain(counterTopType, plateType) := true
  canContain(counterTopType, breadType) := true
  canContain(counterTopType, watchType) := true
  canContain(counterTopType, dishSpongeType) := true
  canContain(counterTopType, cupType) := true
  canContain(sideTableType, spoonType) := true
  canContain(sideTableType, statueType) := true
  canContain(sideTableType, tomatoType) := true
  canContain(sideTableType, creditCardType) := true
  canContain(sideTableType, lettuceType) := true
  canContain(sideTableType, plateType) := true
  canContain(sideTableType, breadType) := true
  canContain(sideTableType, watchType) := true
  canContain(sideTableType, dishSpongeType) := true
  canContain(sideTableType, cupType) := true
  canContain(sinkBasinType, spoonType) := true
  canContain(sinkBasinType, tomatoType) := true
  canContain(sinkBasinType, lettuceType) := true
  canContain(sinkBasinType, plateType) := true
  canContain(sinkBasinType, dishSpongeType) := true
  canContain(sinkBasinType, cupType) := true
  canContain(bathtubBasinType, dishSpongeType) := true
  canContain(toiletType, dishSpongeType) := true
  canContain(fridgeType, tomatoType) := true
  canContain(fridgeType, lettuceType) := true
  canContain(fridgeType, plateType) := true
  canContain(fridgeType, breadType) := true
  canContain(fridgeType, cupType) := true
  canContain(diningTableType, spoonType) := true
  canContain(diningTableType, statueType) := true
  canContain(diningTableType, tomatoType) := true
  canContain(diningTableType, creditCardType) := true
  canContain(diningTableType, lettuceType) := true
  canContain(diningTableType, plateType) := true
  canContain(diningTableType, breadType) := true
  canContain(diningTableType, watchType) := true
  canContain(diningTableType, dishSpongeType) := true
  canContain(diningTableType, cupType) := true
  pickupable(spoon_1) := true
  cleanable(spoon_1) := true
  pickupable(statue_2) := true
  pickupable(tomato_3) := true
  cleanable(tomato_3) := true
  heatable(tomato_3) := true
  coolable(tomato_3) := true
  sliceable(tomato_3) := true
  pickupable(creditCard_4) := true
  pickupable(lettuce_5) := true
  cleanable(lettuce_5) := true
  coolable(lettuce_5) := true
  sliceable(lettuce_5) := true
  pickupable(plate_6) := true
  isReceptacleObject(plate_6) := true
  cleanable(plate_6) := true
  heatable(plate_6) := true
  coolable(plate_6) := true
  pickupable(bread_7) := true
  heatable(bread_7) := true
  coolable(bread_7) := true
  sliceable(bread_7) := true
  pickupable(watch_8) := true
  pickupable(dishSponge_9) := true
  cleanable(dishSponge_9) := true
  pickupable(cup_10) := true
  isReceptacleObject(cup_10) := true
  cleanable(cup_10) := true
  heatable(cup_10) := true
  coolable(cup_10) := true
  receptacleAtLocation(counterTop_1, location1) := true
  receptacleAtLocation(sideTable_2, location4) := true
  receptacleAtLocation(sinkBasin_3, location3) := true
  receptacleAtLocation(coffeeMachine_4, location6) := true
  receptacleAtLocation(bathtubBasin_5, location6) := true
  receptacleAtLocation(toilet_6, location6) := true
  receptacleAtLocation(toilet_7, location9) := true
  receptacleAtLocation(handTowelHolder_8, location10) := true
  receptacleAtLocation(fridge_9, location4) := true
  receptacleAtLocation(diningTable_10, location10) := true
  inReceptacle(tomato_3, fridge_9) := true
  inReceptacle(lettuce_5, sinkBasin_3) := true
  inReceptacle(bread_7, counterTop_1) := true
  inReceptacle(dishSponge_9, diningTable_10) := true
  objectAtLocation(spoon_1, location9) := true
  objectAtLocation(statue_2, location4) := true
  objectAtLocation(tomato_3, location4) := true
  objectAtLocation(creditCard_4, location6) := true
  objectAtLocation(lettuce_5, location3) := true
  objectAtLocation(plate_6, location9) := true
  objectAtLocation(bread_7, location1) := true
  objectAtLocation(watch_8, location1) := true
  objectAtLocation(dishSponge_9, location10) := true
  objectAtLocation(cup_10, location2) := true
  atLocation(agent1, location8) := true
]

goals = [
  Exists (Receptacle - Checkable r) Exists (Obj - Checkable o) (coolable(o) and objectType(o, cupType) and receptacleType(r, fridgeType) and isCool(o) and inReceptacle(o, r))
]

quality metrics = [
  minimize sequential-plan-length
]


2025-06-17 09:53:59,678 - INFO - Generating plan for unconstrained problem

2025-06-17 09:54:00,086 - INFO - Unconstrained plan generation time: 0.40874671936035156

