2025-06-17 09:57:38,963 - INFO - 
================= Seed: 621 =================

2025-06-17 09:57:38,976 - INFO - problem name = alfred

types = [ReceptacleType, ObjectType, Checkable, Agent - Checkable, Location - Checkable, Receptacle - Checkable, Obj - Checkable]

fluents = [
  bool atLocation[a=Agent - Checkable, l=Location - Checkable]
  bool receptacleAtLocation[r=Receptacle - Checkable, l=Location - Checkable]
  bool objectAtLocation[o=Obj - Checkable, l=Location - Checkable]
  bool openable[r=Receptacle - Checkable]
  bool opened[r=Receptacle - Checkable]
  bool inReceptacle[o=Obj - Checkable, r=Receptacle - Checkable]
  bool isReceptacleObject[o=Obj - Checkable]
  bool inReceptacleObject[innerObject=Obj - Checkable, outObject=Obj - Checkable]
  bool isReceptacleObjectFull[o=Obj - Checkable]
  bool wasInReceptacle[o=Obj - Checkable, r=Receptacle - Checkable]
  bool checked[c=Checkable]
  bool examined[l=Location - Checkable]
  bool receptacleType[r=Receptacle - Checkable, rt=ReceptacleType]
  bool canContain[rt=ReceptacleType, ot=ObjectType]
  bool objectType[o=Obj - Checkable, t=ObjectType]
  bool holds[a=Agent - Checkable, o=Obj - Checkable]
  bool holdsAny[a=Agent - Checkable]
  bool holdsAnyReceptacleObject[a=Agent - Checkable]
  bool full[r=Receptacle - Checkable]
  bool isClean[o=Obj - Checkable]
  bool cleanable[o=Obj - Checkable]
  bool isHot[o=Obj - Checkable]
  bool heatable[o=Obj - Checkable]
  bool isCool[o=Obj - Checkable]
  bool coolable[o=Obj - Checkable]
  bool pickupable[o=Obj - Checkable]
  bool moveable[o=Obj - Checkable]
  bool toggleable[o=Obj - Checkable]
  bool isOn[o=Obj - Checkable]
  bool isToggled[o=Obj - Checkable]
  bool sliceable[o=Obj - Checkable]
  bool isSliced[o=Obj - Checkable]
]

actions = [
  action look(Agent - Checkable a, Location - Checkable l) {
    preconditions = [
      atLocation(a, l)
    ]
    effects = [
      checked(l) := true
    ]
  }
  action inventory(Agent - Checkable a) {
    preconditions = [
    ]
    effects = [
      checked(a) := true
    ]
  }
  action examineReceptacle(Agent - Checkable a, Receptacle - Checkable r) {
    preconditions = [
      Exists (Location - Checkable l) (atLocation(a, l) and receptacleAtLocation(r, l))
    ]
    effects = [
      checked(r) := true
    ]
  }
  action examineObject(Agent - Checkable a, Obj - Checkable o) {
    preconditions = [
      (Exists (Location - Checkable l) Exists (Receptacle - Checkable r) (atLocation(a, l) and receptacleAtLocation(r, l) and inReceptacle(o, r) and ((not openable(r)) or opened(r))) or holds(a, o))
    ]
    effects = [
      checked(o) := true
    ]
  }
  action goToLocation(Agent - Checkable a, Location - Checkable lstart, Location - Checkable lend) {
    preconditions = [
      atLocation(a, lstart)
    ]
    effects = [
      atLocation(a, lstart) := false
      atLocation(a, lend) := true
    ]
  }
  action openObject(Agent - Checkable a, Location - Checkable l, Receptacle - Checkable r) {
    preconditions = [
      (openable(r) and atLocation(a, l) and receptacleAtLocation(r, l) and (not opened(r)))
    ]
    effects = [
      opened(r) := true
      checked(r) := true
    ]
  }
  action closeObject(Agent - Checkable a, Location - Checkable l, Receptacle - Checkable r) {
    preconditions = [
      (openable(r) and atLocation(a, l) and receptacleAtLocation(r, l) and opened(r))
    ]
    effects = [
      opened(r) := false
    ]
  }
  action pickupObject(Agent - Checkable a, Location - Checkable l, Obj - Checkable o, Receptacle - Checkable r) {
    preconditions = [
      (pickupable(o) and atLocation(a, l) and receptacleAtLocation(r, l) and inReceptacle(o, r) and (not holdsAny(a)) and ((not openable(r)) or opened(r)))
    ]
    effects = [
      inReceptacle(o, r) := false
      holds(a, o) := true
      holdsAny(a) := true
      objectAtLocation(o, l) := false
    ]
  }
  action putObject(Agent - Checkable a, Location - Checkable l, Obj - Checkable o, Receptacle - Checkable r, ObjectType ot, ReceptacleType rt) {
    preconditions = [
      (holds(a, o) and atLocation(a, l) and receptacleAtLocation(r, l) and ((not openable(r)) or opened(r)) and objectType(o, ot) and receptacleType(r, rt) and canContain(rt, ot))
    ]
    effects = [
      inReceptacle(o, r) := true
      objectAtLocation(o, l) := true
      holds(a, o) := false
      holdsAny(a) := false
    ]
  }
  action cleanObject(Agent - Checkable a, Location - Checkable l, Receptacle - Checkable r, Obj - Checkable o) {
    preconditions = [
      (cleanable(o) and receptacleType(r, sinkBasinType) and atLocation(a, l) and receptacleAtLocation(r, l) and holds(a, o))
    ]
    effects = [
      isClean(o) := true
    ]
  }
  action heatObject(Agent - Checkable a, Location - Checkable l, Receptacle - Checkable r, Obj - Checkable o) {
    preconditions = [
      (heatable(o) and receptacleType(r, microwaveType) and atLocation(a, l) and receptacleAtLocation(r, l) and holds(a, o))
    ]
    effects = [
      isHot(o) := true
      isCool(o) := false
    ]
  }
  action coolObject(Agent - Checkable a, Location - Checkable l, Receptacle - Checkable r, Obj - Checkable o) {
    preconditions = [
      (coolable(o) and receptacleType(r, fridgeType) and atLocation(a, l) and receptacleAtLocation(r, l) and holds(a, o))
    ]
    effects = [
      isCool(o) := true
      isHot(o) := false
    ]
  }
  action toggleObject(Agent - Checkable a, Location - Checkable l, Obj - Checkable o, Receptacle - Checkable r) {
    preconditions = [
      (toggleable(o) and atLocation(a, l) and receptacleAtLocation(r, l) and inReceptacle(o, r))
    ]
    effects = [
      if isOn(o) then isOn(o) := false
      if (not isOn(o)) then isOn(o) := true
      isToggled(o) := true
    ]
  }
  action sliceObject(Agent - Checkable a, Location - Checkable l, Obj - Checkable co, Obj - Checkable ko) {
    preconditions = [
      (sliceable(co) and (objectType(ko, knifeType) or objectType(ko, butterKnifeType)) and atLocation(a, l) and objectAtLocation(co, l) and holds(a, ko))
    ]
    effects = [
      isSliced(co) := true
    ]
  }
  action help(Agent - Checkable a) {
    preconditions = [
    ]
    effects = [
      checked(a) := true
    ]
  }
]

objects = [
  ReceptacleType: [sinkBasinType, microwaveType, fridgeType, armChairType, towelHolderType, stoveBurnerType, laundryHamperType, cartType, diningTableType]
  ObjectType: [knifeType, butterKnifeType, boxType, candleType, tennisRacketType, tomatoType, soapBarType, potType, toiletPaperType, tissueBoxType, plateType]
  Checkable: [agent1, location1, location2, location3, location4, location5, location6, location7, location8, location9, location10, microwave_1, armChair_2, armChair_3, towelHolder_4, stoveBurner_5, laundryHamper_6, cart_7, stoveBurner_8, diningTable_9, cart_10, box_1, candle_2, tennisRacket_3, tomato_4, soapBar_5, pot_6, toiletPaper_7, box_8, tissueBox_9, plate_10]
  Agent - Checkable: [agent1]
  Location - Checkable: [location1, location2, location3, location4, location5, location6, location7, location8, location9, location10]
  Receptacle - Checkable: [microwave_1, armChair_2, armChair_3, towelHolder_4, stoveBurner_5, laundryHamper_6, cart_7, stoveBurner_8, diningTable_9, cart_10]
  Obj - Checkable: [box_1, candle_2, tennisRacket_3, tomato_4, soapBar_5, pot_6, toiletPaper_7, box_8, tissueBox_9, plate_10]
]

initial fluents default = [
  bool atLocation[a=Agent - Checkable, l=Location - Checkable] := false
  bool receptacleAtLocation[r=Receptacle - Checkable, l=Location - Checkable] := false
  bool objectAtLocation[o=Obj - Checkable, l=Location - Checkable] := false
  bool openable[r=Receptacle - Checkable] := false
  bool opened[r=Receptacle - Checkable] := false
  bool inReceptacle[o=Obj - Checkable, r=Receptacle - Checkable] := false
  bool isReceptacleObject[o=Obj - Checkable] := false
  bool inReceptacleObject[innerObject=Obj - Checkable, outObject=Obj - Checkable] := false
  bool isReceptacleObjectFull[o=Obj - Checkable] := false
  bool wasInReceptacle[o=Obj - Checkable, r=Receptacle - Checkable] := false
  bool checked[c=Checkable] := false
  bool examined[l=Location - Checkable] := false
  bool receptacleType[r=Receptacle - Checkable, rt=ReceptacleType] := false
  bool canContain[rt=ReceptacleType, ot=ObjectType] := false
  bool objectType[o=Obj - Checkable, t=ObjectType] := false
  bool holds[a=Agent - Checkable, o=Obj - Checkable] := false
  bool holdsAny[a=Agent - Checkable] := false
  bool holdsAnyReceptacleObject[a=Agent - Checkable] := false
  bool full[r=Receptacle - Checkable] := false
  bool isClean[o=Obj - Checkable] := false
  bool cleanable[o=Obj - Checkable] := false
  bool isHot[o=Obj - Checkable] := false
  bool heatable[o=Obj - Checkable] := false
  bool isCool[o=Obj - Checkable] := false
  bool coolable[o=Obj - Checkable] := false
  bool pickupable[o=Obj - Checkable] := false
  bool moveable[o=Obj - Checkable] := false
  bool toggleable[o=Obj - Checkable] := false
  bool isOn[o=Obj - Checkable] := false
  bool isToggled[o=Obj - Checkable] := false
  bool sliceable[o=Obj - Checkable] := false
  bool isSliced[o=Obj - Checkable] := false
]

initial values = [
  receptacleType(microwave_1, microwaveType) := true
  receptacleType(armChair_2, armChairType) := true
  receptacleType(armChair_3, armChairType) := true
  receptacleType(towelHolder_4, towelHolderType) := true
  receptacleType(stoveBurner_5, stoveBurnerType) := true
  receptacleType(laundryHamper_6, laundryHamperType) := true
  receptacleType(cart_7, cartType) := true
  receptacleType(stoveBurner_8, stoveBurnerType) := true
  receptacleType(diningTable_9, diningTableType) := true
  receptacleType(cart_10, cartType) := true
  objectType(box_1, boxType) := true
  objectType(candle_2, candleType) := true
  objectType(tennisRacket_3, tennisRacketType) := true
  objectType(tomato_4, tomatoType) := true
  objectType(soapBar_5, soapBarType) := true
  objectType(pot_6, potType) := true
  objectType(toiletPaper_7, toiletPaperType) := true
  objectType(box_8, boxType) := true
  objectType(tissueBox_9, tissueBoxType) := true
  objectType(plate_10, plateType) := true
  canContain(microwaveType, tomatoType) := true
  canContain(microwaveType, plateType) := true
  canContain(armChairType, boxType) := true
  canContain(stoveBurnerType, potType) := true
  canContain(cartType, candleType) := true
  canContain(cartType, soapBarType) := true
  canContain(cartType, toiletPaperType) := true
  canContain(cartType, tissueBoxType) := true
  canContain(diningTableType, boxType) := true
  canContain(diningTableType, candleType) := true
  canContain(diningTableType, tennisRacketType) := true
  canContain(diningTableType, tomatoType) := true
  canContain(diningTableType, soapBarType) := true
  canContain(diningTableType, potType) := true
  canContain(diningTableType, toiletPaperType) := true
  canContain(diningTableType, tissueBoxType) := true
  canContain(diningTableType, plateType) := true
  pickupable(box_1) := true
  isReceptacleObject(box_1) := true
  pickupable(candle_2) := true
  pickupable(tennisRacket_3) := true
  pickupable(tomato_4) := true
  cleanable(tomato_4) := true
  heatable(tomato_4) := true
  coolable(tomato_4) := true
  sliceable(tomato_4) := true
  pickupable(soapBar_5) := true
  cleanable(soapBar_5) := true
  pickupable(pot_6) := true
  isReceptacleObject(pot_6) := true
  cleanable(pot_6) := true
  coolable(pot_6) := true
  pickupable(toiletPaper_7) := true
  pickupable(box_8) := true
  isReceptacleObject(box_8) := true
  pickupable(tissueBox_9) := true
  pickupable(plate_10) := true
  isReceptacleObject(plate_10) := true
  cleanable(plate_10) := true
  heatable(plate_10) := true
  coolable(plate_10) := true
  receptacleAtLocation(microwave_1, location1) := true
  receptacleAtLocation(armChair_2, location4) := true
  receptacleAtLocation(armChair_3, location6) := true
  receptacleAtLocation(towelHolder_4, location3) := true
  receptacleAtLocation(stoveBurner_5, location5) := true
  receptacleAtLocation(laundryHamper_6, location7) := true
  receptacleAtLocation(cart_7, location7) := true
  receptacleAtLocation(stoveBurner_8, location2) := true
  receptacleAtLocation(diningTable_9, location2) := true
  receptacleAtLocation(cart_10, location7) := true
  inReceptacle(candle_2, diningTable_9) := true
  inReceptacle(toiletPaper_7, cart_10) := true
  inReceptacle(plate_10, diningTable_9) := true
  objectAtLocation(box_1, location4) := true
  objectAtLocation(candle_2, location2) := true
  objectAtLocation(tennisRacket_3, location6) := true
  objectAtLocation(tomato_4, location4) := true
  objectAtLocation(soapBar_5, location6) := true
  objectAtLocation(pot_6, location8) := true
  objectAtLocation(toiletPaper_7, location7) := true
  objectAtLocation(box_8, location10) := true
  objectAtLocation(tissueBox_9, location5) := true
  objectAtLocation(plate_10, location2) := true
  atLocation(agent1, location7) := true
]

goals = [
  Exists (Receptacle - Checkable r) Exists (Obj - Checkable o) (inReceptacle(o, r) and objectType(o, plateType) and receptacleType(r, diningTableType))
]

quality metrics = [
  minimize sequential-plan-length
]


2025-06-17 09:57:38,979 - INFO - Generating plan for unconstrained problem

2025-06-17 09:57:39,389 - INFO - Unconstrained plan generation time: 0.40972304344177246

2025-06-17 09:57:39,389 - INFO - Unconstrained plan and cost: 
2025-06-17 09:57:39,389 - INFO - SequentialPlan:
2025-06-17 09:57:39,389 - INFO - 0
2025-06-17 09:57:39,703 - INFO - Sampled constraints:

2025-06-17 09:57:39,703 - INFO - Sometime((checked(location4) or checked(towelHolder_4)))
2025-06-17 09:57:39,703 - INFO - 
2025-06-17 09:57:39,703 - INFO - Generation time: 0.3134734630584717

2025-06-17 09:57:39,710 - INFO - Generating plan for constrained problem (with LiftedTCORE).

2025-06-17 09:57:39,746 - INFO - LiftedTCORE compilation time: 0.03548741340637207

2025-06-17 09:57:40,234 - INFO - Planning Time with LiftedTCORE's file: 0.4812510013580322

2025-06-17 09:57:40,234 - INFO - Plan found with LiftedTCORE + sym_bd: SequentialPlan:
    goToLocation(agent1, location7, location3)
    examineReceptacle(agent1, towelHolder_4)
2025-06-17 09:57:40,234 - INFO - Seed: 621 is solvable

2025-06-17 09:57:40,234 - INFO - Unconstrained cost: 0
2025-06-17 09:57:40,234 - INFO - Constrained cost: 2
2025-06-17 09:57:40,234 - INFO - Seed: 621 Plan simulation is feasible
2025-06-17 09:57:40,234 - INFO - 
Seed: 621 
 Plan: [goToLocation(agent1, location7, location3), examineReceptacle(agent1, towelHolder_4)]  
 Cost: 2

