2025-06-17 10:22:08,922 - INFO - 
================= Seed: 776 =================

2025-06-17 10:22:08,927 - INFO - problem name = alfred

types = [ReceptacleType, ObjectType, Checkable, Agent - Checkable, Location - Checkable, Receptacle - Checkable, Obj - Checkable]

fluents = [
  bool atLocation[a=Agent - Checkable, l=Location - Checkable]
  bool receptacleAtLocation[r=Receptacle - Checkable, l=Location - Checkable]
  bool objectAtLocation[o=Obj - Checkable, l=Location - Checkable]
  bool openable[r=Receptacle - Checkable]
  bool opened[r=Receptacle - Checkable]
  bool inReceptacle[o=Obj - Checkable, r=Receptacle - Checkable]
  bool isReceptacleObject[o=Obj - Checkable]
  bool inReceptacleObject[innerObject=Obj - Checkable, outObject=Obj - Checkable]
  bool isReceptacleObjectFull[o=Obj - Checkable]
  bool wasInReceptacle[o=Obj - Checkable, r=Receptacle - Checkable]
  bool checked[c=Checkable]
  bool examined[l=Location - Checkable]
  bool receptacleType[r=Receptacle - Checkable, rt=ReceptacleType]
  bool canContain[rt=ReceptacleType, ot=ObjectType]
  bool objectType[o=Obj - Checkable, t=ObjectType]
  bool holds[a=Agent - Checkable, o=Obj - Checkable]
  bool holdsAny[a=Agent - Checkable]
  bool holdsAnyReceptacleObject[a=Agent - Checkable]
  bool full[r=Receptacle - Checkable]
  bool isClean[o=Obj - Checkable]
  bool cleanable[o=Obj - Checkable]
  bool isHot[o=Obj - Checkable]
  bool heatable[o=Obj - Checkable]
  bool isCool[o=Obj - Checkable]
  bool coolable[o=Obj - Checkable]
  bool pickupable[o=Obj - Checkable]
  bool moveable[o=Obj - Checkable]
  bool toggleable[o=Obj - Checkable]
  bool isOn[o=Obj - Checkable]
  bool isToggled[o=Obj - Checkable]
  bool sliceable[o=Obj - Checkable]
  bool isSliced[o=Obj - Checkable]
]

actions = [
  action look(Agent - Checkable a, Location - Checkable l) {
    preconditions = [
      atLocation(a, l)
    ]
    effects = [
      checked(l) := true
    ]
  }
  action inventory(Agent - Checkable a) {
    preconditions = [
    ]
    effects = [
      checked(a) := true
    ]
  }
  action examineReceptacle(Agent - Checkable a, Receptacle - Checkable r) {
    preconditions = [
      Exists (Location - Checkable l) (atLocation(a, l) and receptacleAtLocation(r, l))
    ]
    effects = [
      checked(r) := true
    ]
  }
  action examineObject(Agent - Checkable a, Obj - Checkable o) {
    preconditions = [
      (Exists (Location - Checkable l) Exists (Receptacle - Checkable r) (atLocation(a, l) and receptacleAtLocation(r, l) and inReceptacle(o, r) and ((not openable(r)) or opened(r))) or holds(a, o))
    ]
    effects = [
      checked(o) := true
    ]
  }
  action goToLocation(Agent - Checkable a, Location - Checkable lstart, Location - Checkable lend) {
    preconditions = [
      atLocation(a, lstart)
    ]
    effects = [
      atLocation(a, lstart) := false
      atLocation(a, lend) := true
    ]
  }
  action openObject(Agent - Checkable a, Location - Checkable l, Receptacle - Checkable r) {
    preconditions = [
      (openable(r) and atLocation(a, l) and receptacleAtLocation(r, l) and (not opened(r)))
    ]
    effects = [
      opened(r) := true
      checked(r) := true
    ]
  }
  action closeObject(Agent - Checkable a, Location - Checkable l, Receptacle - Checkable r) {
    preconditions = [
      (openable(r) and atLocation(a, l) and receptacleAtLocation(r, l) and opened(r))
    ]
    effects = [
      opened(r) := false
    ]
  }
  action pickupObject(Agent - Checkable a, Location - Checkable l, Obj - Checkable o, Receptacle - Checkable r) {
    preconditions = [
      (pickupable(o) and atLocation(a, l) and receptacleAtLocation(r, l) and inReceptacle(o, r) and (not holdsAny(a)) and ((not openable(r)) or opened(r)))
    ]
    effects = [
      inReceptacle(o, r) := false
      holds(a, o) := true
      holdsAny(a) := true
      objectAtLocation(o, l) := false
    ]
  }
  action putObject(Agent - Checkable a, Location - Checkable l, Obj - Checkable o, Receptacle - Checkable r, ObjectType ot, ReceptacleType rt) {
    preconditions = [
      (holds(a, o) and atLocation(a, l) and receptacleAtLocation(r, l) and ((not openable(r)) or opened(r)) and objectType(o, ot) and receptacleType(r, rt) and canContain(rt, ot))
    ]
    effects = [
      inReceptacle(o, r) := true
      objectAtLocation(o, l) := true
      holds(a, o) := false
      holdsAny(a) := false
    ]
  }
  action cleanObject(Agent - Checkable a, Location - Checkable l, Receptacle - Checkable r, Obj - Checkable o) {
    preconditions = [
      (cleanable(o) and receptacleType(r, sinkBasinType) and atLocation(a, l) and receptacleAtLocation(r, l) and holds(a, o))
    ]
    effects = [
      isClean(o) := true
    ]
  }
  action heatObject(Agent - Checkable a, Location - Checkable l, Receptacle - Checkable r, Obj - Checkable o) {
    preconditions = [
      (heatable(o) and receptacleType(r, microwaveType) and atLocation(a, l) and receptacleAtLocation(r, l) and holds(a, o))
    ]
    effects = [
      isHot(o) := true
      isCool(o) := false
    ]
  }
  action coolObject(Agent - Checkable a, Location - Checkable l, Receptacle - Checkable r, Obj - Checkable o) {
    preconditions = [
      (coolable(o) and receptacleType(r, fridgeType) and atLocation(a, l) and receptacleAtLocation(r, l) and holds(a, o))
    ]
    effects = [
      isCool(o) := true
      isHot(o) := false
    ]
  }
  action toggleObject(Agent - Checkable a, Location - Checkable l, Obj - Checkable o, Receptacle - Checkable r) {
    preconditions = [
      (toggleable(o) and atLocation(a, l) and receptacleAtLocation(r, l) and inReceptacle(o, r))
    ]
    effects = [
      if isOn(o) then isOn(o) := false
      if (not isOn(o)) then isOn(o) := true
      isToggled(o) := true
    ]
  }
  action sliceObject(Agent - Checkable a, Location - Checkable l, Obj - Checkable co, Obj - Checkable ko) {
    preconditions = [
      (sliceable(co) and (objectType(ko, knifeType) or objectType(ko, butterKnifeType)) and atLocation(a, l) and objectAtLocation(co, l) and holds(a, ko))
    ]
    effects = [
      isSliced(co) := true
    ]
  }
  action help(Agent - Checkable a) {
    preconditions = [
    ]
    effects = [
      checked(a) := true
    ]
  }
]

objects = [
  ReceptacleType: [sinkBasinType, microwaveType, fridgeType, sideTableType, deskType, armChairType, dresserType, ottomanType, coffeeTableType, toiletPaperHangerType, bathtubBasinType]
  ObjectType: [knifeType, butterKnifeType, baseballBatType, boxType, tissueBoxType, appleType, wateringCanType, eggType, glassbottleType, sprayBottleType, bowlType, mugType]
  Checkable: [agent1, location1, location2, location3, location4, location5, location6, location7, location8, location9, location10, sideTable_1, desk_2, armChair_3, dresser_4, ottoman_5, coffeeTable_6, sinkBasin_7, toiletPaperHanger_8, bathtubBasin_9, bathtubBasin_10, baseballBat_1, box_2, tissueBox_3, apple_4, wateringCan_5, egg_6, glassbottle_7, sprayBottle_8, bowl_9, mug_10]
  Agent - Checkable: [agent1]
  Location - Checkable: [location1, location2, location3, location4, location5, location6, location7, location8, location9, location10]
  Receptacle - Checkable: [sideTable_1, desk_2, armChair_3, dresser_4, ottoman_5, coffeeTable_6, sinkBasin_7, toiletPaperHanger_8, bathtubBasin_9, bathtubBasin_10]
  Obj - Checkable: [baseballBat_1, box_2, tissueBox_3, apple_4, wateringCan_5, egg_6, glassbottle_7, sprayBottle_8, bowl_9, mug_10]
]

initial fluents default = [
  bool atLocation[a=Agent - Checkable, l=Location - Checkable] := false
  bool receptacleAtLocation[r=Receptacle - Checkable, l=Location - Checkable] := false
  bool objectAtLocation[o=Obj - Checkable, l=Location - Checkable] := false
  bool openable[r=Receptacle - Checkable] := false
  bool opened[r=Receptacle - Checkable] := false
  bool inReceptacle[o=Obj - Checkable, r=Receptacle - Checkable] := false
  bool isReceptacleObject[o=Obj - Checkable] := false
  bool inReceptacleObject[innerObject=Obj - Checkable, outObject=Obj - Checkable] := false
  bool isReceptacleObjectFull[o=Obj - Checkable] := false
  bool wasInReceptacle[o=Obj - Checkable, r=Receptacle - Checkable] := false
  bool checked[c=Checkable] := false
  bool examined[l=Location - Checkable] := false
  bool receptacleType[r=Receptacle - Checkable, rt=ReceptacleType] := false
  bool canContain[rt=ReceptacleType, ot=ObjectType] := false
  bool objectType[o=Obj - Checkable, t=ObjectType] := false
  bool holds[a=Agent - Checkable, o=Obj - Checkable] := false
  bool holdsAny[a=Agent - Checkable] := false
  bool holdsAnyReceptacleObject[a=Agent - Checkable] := false
  bool full[r=Receptacle - Checkable] := false
  bool isClean[o=Obj - Checkable] := false
  bool cleanable[o=Obj - Checkable] := false
  bool isHot[o=Obj - Checkable] := false
  bool heatable[o=Obj - Checkable] := false
  bool isCool[o=Obj - Checkable] := false
  bool coolable[o=Obj - Checkable] := false
  bool pickupable[o=Obj - Checkable] := false
  bool moveable[o=Obj - Checkable] := false
  bool toggleable[o=Obj - Checkable] := false
  bool isOn[o=Obj - Checkable] := false
  bool isToggled[o=Obj - Checkable] := false
  bool sliceable[o=Obj - Checkable] := false
  bool isSliced[o=Obj - Checkable] := false
]

initial values = [
  receptacleType(sideTable_1, sideTableType) := true
  receptacleType(desk_2, deskType) := true
  receptacleType(armChair_3, armChairType) := true
  receptacleType(dresser_4, dresserType) := true
  receptacleType(ottoman_5, ottomanType) := true
  receptacleType(coffeeTable_6, coffeeTableType) := true
  receptacleType(sinkBasin_7, sinkBasinType) := true
  receptacleType(toiletPaperHanger_8, toiletPaperHangerType) := true
  receptacleType(bathtubBasin_9, bathtubBasinType) := true
  receptacleType(bathtubBasin_10, bathtubBasinType) := true
  objectType(baseballBat_1, baseballBatType) := true
  objectType(box_2, boxType) := true
  objectType(tissueBox_3, tissueBoxType) := true
  objectType(apple_4, appleType) := true
  objectType(wateringCan_5, wateringCanType) := true
  objectType(egg_6, eggType) := true
  objectType(glassbottle_7, glassbottleType) := true
  objectType(sprayBottle_8, sprayBottleType) := true
  objectType(bowl_9, bowlType) := true
  objectType(mug_10, mugType) := true
  canContain(sideTableType, baseballBatType) := true
  canContain(sideTableType, boxType) := true
  canContain(sideTableType, tissueBoxType) := true
  canContain(sideTableType, appleType) := true
  canContain(sideTableType, wateringCanType) := true
  canContain(sideTableType, eggType) := true
  canContain(sideTableType, glassbottleType) := true
  canContain(sideTableType, sprayBottleType) := true
  canContain(sideTableType, bowlType) := true
  canContain(sideTableType, mugType) := true
  canContain(deskType, boxType) := true
  canContain(deskType, tissueBoxType) := true
  canContain(deskType, wateringCanType) := true
  canContain(deskType, glassbottleType) := true
  canContain(deskType, sprayBottleType) := true
  canContain(deskType, bowlType) := true
  canContain(deskType, mugType) := true
  canContain(armChairType, boxType) := true
  canContain(dresserType, boxType) := true
  canContain(dresserType, tissueBoxType) := true
  canContain(dresserType, wateringCanType) := true
  canContain(dresserType, glassbottleType) := true
  canContain(dresserType, sprayBottleType) := true
  canContain(dresserType, bowlType) := true
  canContain(dresserType, mugType) := true
  canContain(ottomanType, boxType) := true
  canContain(coffeeTableType, baseballBatType) := true
  canContain(coffeeTableType, boxType) := true
  canContain(coffeeTableType, tissueBoxType) := true
  canContain(coffeeTableType, appleType) := true
  canContain(coffeeTableType, wateringCanType) := true
  canContain(coffeeTableType, eggType) := true
  canContain(coffeeTableType, glassbottleType) := true
  canContain(coffeeTableType, sprayBottleType) := true
  canContain(coffeeTableType, bowlType) := true
  canContain(coffeeTableType, mugType) := true
  canContain(sinkBasinType, appleType) := true
  canContain(sinkBasinType, eggType) := true
  canContain(sinkBasinType, glassbottleType) := true
  canContain(sinkBasinType, bowlType) := true
  canContain(sinkBasinType, mugType) := true
  pickupable(baseballBat_1) := true
  pickupable(box_2) := true
  isReceptacleObject(box_2) := true
  pickupable(tissueBox_3) := true
  pickupable(apple_4) := true
  cleanable(apple_4) := true
  heatable(apple_4) := true
  coolable(apple_4) := true
  sliceable(apple_4) := true
  pickupable(wateringCan_5) := true
  pickupable(egg_6) := true
  cleanable(egg_6) := true
  heatable(egg_6) := true
  coolable(egg_6) := true
  sliceable(egg_6) := true
  pickupable(glassbottle_7) := true
  pickupable(sprayBottle_8) := true
  pickupable(bowl_9) := true
  isReceptacleObject(bowl_9) := true
  cleanable(bowl_9) := true
  coolable(bowl_9) := true
  pickupable(mug_10) := true
  isReceptacleObject(mug_10) := true
  cleanable(mug_10) := true
  heatable(mug_10) := true
  coolable(mug_10) := true
  receptacleAtLocation(sideTable_1, location2) := true
  receptacleAtLocation(desk_2, location6) := true
  receptacleAtLocation(armChair_3, location3) := true
  receptacleAtLocation(dresser_4, location9) := true
  receptacleAtLocation(ottoman_5, location7) := true
  receptacleAtLocation(coffeeTable_6, location3) := true
  receptacleAtLocation(sinkBasin_7, location2) := true
  receptacleAtLocation(toiletPaperHanger_8, location3) := true
  receptacleAtLocation(bathtubBasin_9, location4) := true
  receptacleAtLocation(bathtubBasin_10, location2) := true
  inReceptacle(box_2, desk_2) := true
  inReceptacle(apple_4, sideTable_1) := true
  inReceptacle(glassbottle_7, sinkBasin_7) := true
  objectAtLocation(baseballBat_1, location4) := true
  objectAtLocation(box_2, location6) := true
  objectAtLocation(tissueBox_3, location7) := true
  objectAtLocation(apple_4, location2) := true
  objectAtLocation(wateringCan_5, location3) := true
  objectAtLocation(egg_6, location7) := true
  objectAtLocation(glassbottle_7, location2) := true
  objectAtLocation(sprayBottle_8, location10) := true
  objectAtLocation(bowl_9, location6) := true
  objectAtLocation(mug_10, location9) := true
  atLocation(agent1, location4) := true
]

goals = [
  Exists (Receptacle - Checkable r) Exists (Obj - Checkable o) (inReceptacle(o, r) and objectType(o, glassbottleType) and receptacleType(r, dresserType))
]

quality metrics = [
  minimize sequential-plan-length
]


2025-06-17 10:22:08,929 - INFO - Generating plan for unconstrained problem

2025-06-17 10:22:09,311 - INFO - Unconstrained plan generation time: 0.38204503059387207

2025-06-17 10:22:09,311 - INFO - Unconstrained plan and cost: 
2025-06-17 10:22:09,311 - INFO - SequentialPlan:
    goToLocation(agent1, location4, location2)
    pickupObject(agent1, location2, glassbottle_7, sinkBasin_7)
    goToLocation(agent1, location2, location9)
    putObject(agent1, location9, glassbottle_7, dresser_4, glassbottleType, dresserType)
2025-06-17 10:22:09,311 - INFO - 4
2025-06-17 10:22:09,666 - INFO - Sampled constraints:

2025-06-17 10:22:09,666 - INFO - Sometime(atLocation(agent1, location2))
2025-06-17 10:22:09,666 - INFO - Sometime-Before(atLocation(agent1, location2), atLocation(agent1, location5))
2025-06-17 10:22:09,666 - INFO - 
2025-06-17 10:22:09,666 - INFO - Generation time: 0.35489583015441895

2025-06-17 10:22:09,674 - INFO - Generating plan for constrained problem (with LiftedTCORE).

2025-06-17 10:22:09,722 - INFO - LiftedTCORE compilation time: 0.04791450500488281

2025-06-17 10:22:10,146 - INFO - Planning Time with LiftedTCORE's file: 0.4165000915527344

2025-06-17 10:22:10,146 - INFO - Plan found with LiftedTCORE + sym_bd: SequentialPlan:
    goToLocation(agent1, location4, location5)
    goToLocation(agent1, location5, location2)
    pickupObject(agent1, location2, glassbottle_7, sinkBasin_7)
    goToLocation(agent1, location2, location9)
    putObject(agent1, location9, glassbottle_7, dresser_4, glassbottleType, dresserType)
2025-06-17 10:22:10,146 - INFO - Seed: 776 is solvable

2025-06-17 10:22:10,146 - INFO - Unconstrained cost: 4
2025-06-17 10:22:10,146 - INFO - Constrained cost: 5
2025-06-17 10:22:10,146 - INFO - Seed: 776 Plan simulation is feasible
2025-06-17 10:22:10,146 - INFO - 
Seed: 776 
 Plan: [goToLocation(agent1, location4, location5), goToLocation(agent1, location5, location2), pickupObject(agent1, location2, glassbottle_7, sinkBasin_7), goToLocation(agent1, location2, location9), putObject(agent1, location9, glassbottle_7, dresser_4, glassbottleType, dresserType)]  
 Cost: 5

