2025-06-17 10:21:40,800 - INFO - 
================= Seed: 727 =================

2025-06-17 10:21:40,804 - INFO - problem name = alfred

types = [ReceptacleType, ObjectType, Checkable, Agent - Checkable, Location - Checkable, Receptacle - Checkable, Obj - Checkable]

fluents = [
  bool atLocation[a=Agent - Checkable, l=Location - Checkable]
  bool receptacleAtLocation[r=Receptacle - Checkable, l=Location - Checkable]
  bool objectAtLocation[o=Obj - Checkable, l=Location - Checkable]
  bool openable[r=Receptacle - Checkable]
  bool opened[r=Receptacle - Checkable]
  bool inReceptacle[o=Obj - Checkable, r=Receptacle - Checkable]
  bool isReceptacleObject[o=Obj - Checkable]
  bool inReceptacleObject[innerObject=Obj - Checkable, outObject=Obj - Checkable]
  bool isReceptacleObjectFull[o=Obj - Checkable]
  bool wasInReceptacle[o=Obj - Checkable, r=Receptacle - Checkable]
  bool checked[c=Checkable]
  bool examined[l=Location - Checkable]
  bool receptacleType[r=Receptacle - Checkable, rt=ReceptacleType]
  bool canContain[rt=ReceptacleType, ot=ObjectType]
  bool objectType[o=Obj - Checkable, t=ObjectType]
  bool holds[a=Agent - Checkable, o=Obj - Checkable]
  bool holdsAny[a=Agent - Checkable]
  bool holdsAnyReceptacleObject[a=Agent - Checkable]
  bool full[r=Receptacle - Checkable]
  bool isClean[o=Obj - Checkable]
  bool cleanable[o=Obj - Checkable]
  bool isHot[o=Obj - Checkable]
  bool heatable[o=Obj - Checkable]
  bool isCool[o=Obj - Checkable]
  bool coolable[o=Obj - Checkable]
  bool pickupable[o=Obj - Checkable]
  bool moveable[o=Obj - Checkable]
  bool toggleable[o=Obj - Checkable]
  bool isOn[o=Obj - Checkable]
  bool isToggled[o=Obj - Checkable]
  bool sliceable[o=Obj - Checkable]
  bool isSliced[o=Obj - Checkable]
]

actions = [
  action look(Agent - Checkable a, Location - Checkable l) {
    preconditions = [
      atLocation(a, l)
    ]
    effects = [
      checked(l) := true
    ]
  }
  action inventory(Agent - Checkable a) {
    preconditions = [
    ]
    effects = [
      checked(a) := true
    ]
  }
  action examineReceptacle(Agent - Checkable a, Receptacle - Checkable r) {
    preconditions = [
      Exists (Location - Checkable l) (atLocation(a, l) and receptacleAtLocation(r, l))
    ]
    effects = [
      checked(r) := true
    ]
  }
  action examineObject(Agent - Checkable a, Obj - Checkable o) {
    preconditions = [
      (Exists (Location - Checkable l) Exists (Receptacle - Checkable r) (atLocation(a, l) and receptacleAtLocation(r, l) and inReceptacle(o, r) and ((not openable(r)) or opened(r))) or holds(a, o))
    ]
    effects = [
      checked(o) := true
    ]
  }
  action goToLocation(Agent - Checkable a, Location - Checkable lstart, Location - Checkable lend) {
    preconditions = [
      atLocation(a, lstart)
    ]
    effects = [
      atLocation(a, lstart) := false
      atLocation(a, lend) := true
    ]
  }
  action openObject(Agent - Checkable a, Location - Checkable l, Receptacle - Checkable r) {
    preconditions = [
      (openable(r) and atLocation(a, l) and receptacleAtLocation(r, l) and (not opened(r)))
    ]
    effects = [
      opened(r) := true
      checked(r) := true
    ]
  }
  action closeObject(Agent - Checkable a, Location - Checkable l, Receptacle - Checkable r) {
    preconditions = [
      (openable(r) and atLocation(a, l) and receptacleAtLocation(r, l) and opened(r))
    ]
    effects = [
      opened(r) := false
    ]
  }
  action pickupObject(Agent - Checkable a, Location - Checkable l, Obj - Checkable o, Receptacle - Checkable r) {
    preconditions = [
      (pickupable(o) and atLocation(a, l) and receptacleAtLocation(r, l) and inReceptacle(o, r) and (not holdsAny(a)) and ((not openable(r)) or opened(r)))
    ]
    effects = [
      inReceptacle(o, r) := false
      holds(a, o) := true
      holdsAny(a) := true
      objectAtLocation(o, l) := false
    ]
  }
  action putObject(Agent - Checkable a, Location - Checkable l, Obj - Checkable o, Receptacle - Checkable r, ObjectType ot, ReceptacleType rt) {
    preconditions = [
      (holds(a, o) and atLocation(a, l) and receptacleAtLocation(r, l) and ((not openable(r)) or opened(r)) and objectType(o, ot) and receptacleType(r, rt) and canContain(rt, ot))
    ]
    effects = [
      inReceptacle(o, r) := true
      objectAtLocation(o, l) := true
      holds(a, o) := false
      holdsAny(a) := false
    ]
  }
  action cleanObject(Agent - Checkable a, Location - Checkable l, Receptacle - Checkable r, Obj - Checkable o) {
    preconditions = [
      (cleanable(o) and receptacleType(r, sinkBasinType) and atLocation(a, l) and receptacleAtLocation(r, l) and holds(a, o))
    ]
    effects = [
      isClean(o) := true
    ]
  }
  action heatObject(Agent - Checkable a, Location - Checkable l, Receptacle - Checkable r, Obj - Checkable o) {
    preconditions = [
      (heatable(o) and receptacleType(r, microwaveType) and atLocation(a, l) and receptacleAtLocation(r, l) and holds(a, o))
    ]
    effects = [
      isHot(o) := true
      isCool(o) := false
    ]
  }
  action coolObject(Agent - Checkable a, Location - Checkable l, Receptacle - Checkable r, Obj - Checkable o) {
    preconditions = [
      (coolable(o) and receptacleType(r, fridgeType) and atLocation(a, l) and receptacleAtLocation(r, l) and holds(a, o))
    ]
    effects = [
      isCool(o) := true
      isHot(o) := false
    ]
  }
  action toggleObject(Agent - Checkable a, Location - Checkable l, Obj - Checkable o, Receptacle - Checkable r) {
    preconditions = [
      (toggleable(o) and atLocation(a, l) and receptacleAtLocation(r, l) and inReceptacle(o, r))
    ]
    effects = [
      if isOn(o) then isOn(o) := false
      if (not isOn(o)) then isOn(o) := true
      isToggled(o) := true
    ]
  }
  action sliceObject(Agent - Checkable a, Location - Checkable l, Obj - Checkable co, Obj - Checkable ko) {
    preconditions = [
      (sliceable(co) and (objectType(ko, knifeType) or objectType(ko, butterKnifeType)) and atLocation(a, l) and objectAtLocation(co, l) and holds(a, ko))
    ]
    effects = [
      isSliced(co) := true
    ]
  }
  action help(Agent - Checkable a) {
    preconditions = [
    ]
    effects = [
      checked(a) := true
    ]
  }
]

objects = [
  ReceptacleType: [sinkBasinType, microwaveType, fridgeType, tvStandType, towelHolderType, coffeeMachineType, drawerType, ottomanType, sofaType, toiletPaperHangerType]
  ObjectType: [knifeType, butterKnifeType, ladleType, saltShakerType, boxType, toiletPaperType, watchType, penType, creditCardType, clothType, cupType]
  Checkable: [agent1, location1, location2, location3, location4, location5, location6, location7, location8, location9, location10, tvStand_1, towelHolder_2, coffeeMachine_3, towelHolder_4, drawer_5, ottoman_6, sofa_7, tvStand_8, toiletPaperHanger_9, coffeeMachine_10, ladle_1, saltShaker_2, box_3, saltShaker_4, toiletPaper_5, watch_6, pen_7, creditCard_8, cloth_9, cup_10]
  Agent - Checkable: [agent1]
  Location - Checkable: [location1, location2, location3, location4, location5, location6, location7, location8, location9, location10]
  Receptacle - Checkable: [tvStand_1, towelHolder_2, coffeeMachine_3, towelHolder_4, drawer_5, ottoman_6, sofa_7, tvStand_8, toiletPaperHanger_9, coffeeMachine_10]
  Obj - Checkable: [ladle_1, saltShaker_2, box_3, saltShaker_4, toiletPaper_5, watch_6, pen_7, creditCard_8, cloth_9, cup_10]
]

initial fluents default = [
  bool atLocation[a=Agent - Checkable, l=Location - Checkable] := false
  bool receptacleAtLocation[r=Receptacle - Checkable, l=Location - Checkable] := false
  bool objectAtLocation[o=Obj - Checkable, l=Location - Checkable] := false
  bool openable[r=Receptacle - Checkable] := false
  bool opened[r=Receptacle - Checkable] := false
  bool inReceptacle[o=Obj - Checkable, r=Receptacle - Checkable] := false
  bool isReceptacleObject[o=Obj - Checkable] := false
  bool inReceptacleObject[innerObject=Obj - Checkable, outObject=Obj - Checkable] := false
  bool isReceptacleObjectFull[o=Obj - Checkable] := false
  bool wasInReceptacle[o=Obj - Checkable, r=Receptacle - Checkable] := false
  bool checked[c=Checkable] := false
  bool examined[l=Location - Checkable] := false
  bool receptacleType[r=Receptacle - Checkable, rt=ReceptacleType] := false
  bool canContain[rt=ReceptacleType, ot=ObjectType] := false
  bool objectType[o=Obj - Checkable, t=ObjectType] := false
  bool holds[a=Agent - Checkable, o=Obj - Checkable] := false
  bool holdsAny[a=Agent - Checkable] := false
  bool holdsAnyReceptacleObject[a=Agent - Checkable] := false
  bool full[r=Receptacle - Checkable] := false
  bool isClean[o=Obj - Checkable] := false
  bool cleanable[o=Obj - Checkable] := false
  bool isHot[o=Obj - Checkable] := false
  bool heatable[o=Obj - Checkable] := false
  bool isCool[o=Obj - Checkable] := false
  bool coolable[o=Obj - Checkable] := false
  bool pickupable[o=Obj - Checkable] := false
  bool moveable[o=Obj - Checkable] := false
  bool toggleable[o=Obj - Checkable] := false
  bool isOn[o=Obj - Checkable] := false
  bool isToggled[o=Obj - Checkable] := false
  bool sliceable[o=Obj - Checkable] := false
  bool isSliced[o=Obj - Checkable] := false
]

initial values = [
  receptacleType(tvStand_1, tvStandType) := true
  receptacleType(towelHolder_2, towelHolderType) := true
  receptacleType(coffeeMachine_3, coffeeMachineType) := true
  receptacleType(towelHolder_4, towelHolderType) := true
  receptacleType(drawer_5, drawerType) := true
  receptacleType(ottoman_6, ottomanType) := true
  receptacleType(sofa_7, sofaType) := true
  receptacleType(tvStand_8, tvStandType) := true
  receptacleType(toiletPaperHanger_9, toiletPaperHangerType) := true
  receptacleType(coffeeMachine_10, coffeeMachineType) := true
  objectType(ladle_1, ladleType) := true
  objectType(saltShaker_2, saltShakerType) := true
  objectType(box_3, boxType) := true
  objectType(saltShaker_4, saltShakerType) := true
  objectType(toiletPaper_5, toiletPaperType) := true
  objectType(watch_6, watchType) := true
  objectType(pen_7, penType) := true
  objectType(creditCard_8, creditCardType) := true
  objectType(cloth_9, clothType) := true
  objectType(cup_10, cupType) := true
  canContain(drawerType, ladleType) := true
  canContain(drawerType, saltShakerType) := true
  canContain(drawerType, toiletPaperType) := true
  canContain(drawerType, watchType) := true
  canContain(drawerType, penType) := true
  canContain(drawerType, creditCardType) := true
  canContain(drawerType, clothType) := true
  canContain(ottomanType, boxType) := true
  canContain(ottomanType, creditCardType) := true
  canContain(ottomanType, clothType) := true
  canContain(sofaType, boxType) := true
  canContain(sofaType, creditCardType) := true
  canContain(sofaType, clothType) := true
  canContain(toiletPaperHangerType, toiletPaperType) := true
  pickupable(ladle_1) := true
  cleanable(ladle_1) := true
  pickupable(saltShaker_2) := true
  pickupable(box_3) := true
  isReceptacleObject(box_3) := true
  pickupable(saltShaker_4) := true
  pickupable(toiletPaper_5) := true
  pickupable(watch_6) := true
  pickupable(pen_7) := true
  pickupable(creditCard_8) := true
  pickupable(cloth_9) := true
  cleanable(cloth_9) := true
  pickupable(cup_10) := true
  isReceptacleObject(cup_10) := true
  cleanable(cup_10) := true
  heatable(cup_10) := true
  coolable(cup_10) := true
  receptacleAtLocation(tvStand_1, location5) := true
  receptacleAtLocation(towelHolder_2, location8) := true
  receptacleAtLocation(coffeeMachine_3, location2) := true
  receptacleAtLocation(towelHolder_4, location3) := true
  receptacleAtLocation(drawer_5, location10) := true
  receptacleAtLocation(ottoman_6, location10) := true
  receptacleAtLocation(sofa_7, location10) := true
  receptacleAtLocation(tvStand_8, location1) := true
  receptacleAtLocation(toiletPaperHanger_9, location1) := true
  receptacleAtLocation(coffeeMachine_10, location7) := true
  inReceptacle(saltShaker_4, drawer_5) := true
  inReceptacle(cloth_9, drawer_5) := true
  objectAtLocation(ladle_1, location3) := true
  objectAtLocation(saltShaker_2, location4) := true
  objectAtLocation(box_3, location2) := true
  objectAtLocation(saltShaker_4, location10) := true
  objectAtLocation(toiletPaper_5, location1) := true
  objectAtLocation(watch_6, location2) := true
  objectAtLocation(pen_7, location1) := true
  objectAtLocation(creditCard_8, location1) := true
  objectAtLocation(cloth_9, location10) := true
  objectAtLocation(cup_10, location9) := true
  atLocation(agent1, location4) := true
]

goals = [
  Exists (Receptacle - Checkable r) Exists (Obj - Checkable o) (inReceptacle(o, r) and objectType(o, creditCardType) and receptacleType(r, drawerType))
]

quality metrics = [
  minimize sequential-plan-length
]


2025-06-17 10:21:40,806 - INFO - Generating plan for unconstrained problem

2025-06-17 10:21:41,114 - INFO - Unconstrained plan generation time: 0.30744242668151855

