2025-06-17 09:56:45,278 - INFO - 
================= Seed: 538 =================

2025-06-17 09:56:45,291 - INFO - problem name = alfred

types = [ReceptacleType, ObjectType, Checkable, Agent - Checkable, Location - Checkable, Receptacle - Checkable, Obj - Checkable]

fluents = [
  bool atLocation[a=Agent - Checkable, l=Location - Checkable]
  bool receptacleAtLocation[r=Receptacle - Checkable, l=Location - Checkable]
  bool objectAtLocation[o=Obj - Checkable, l=Location - Checkable]
  bool openable[r=Receptacle - Checkable]
  bool opened[r=Receptacle - Checkable]
  bool inReceptacle[o=Obj - Checkable, r=Receptacle - Checkable]
  bool isReceptacleObject[o=Obj - Checkable]
  bool inReceptacleObject[innerObject=Obj - Checkable, outObject=Obj - Checkable]
  bool isReceptacleObjectFull[o=Obj - Checkable]
  bool wasInReceptacle[o=Obj - Checkable, r=Receptacle - Checkable]
  bool checked[c=Checkable]
  bool examined[l=Location - Checkable]
  bool receptacleType[r=Receptacle - Checkable, rt=ReceptacleType]
  bool canContain[rt=ReceptacleType, ot=ObjectType]
  bool objectType[o=Obj - Checkable, t=ObjectType]
  bool holds[a=Agent - Checkable, o=Obj - Checkable]
  bool holdsAny[a=Agent - Checkable]
  bool holdsAnyReceptacleObject[a=Agent - Checkable]
  bool full[r=Receptacle - Checkable]
  bool isClean[o=Obj - Checkable]
  bool cleanable[o=Obj - Checkable]
  bool isHot[o=Obj - Checkable]
  bool heatable[o=Obj - Checkable]
  bool isCool[o=Obj - Checkable]
  bool coolable[o=Obj - Checkable]
  bool pickupable[o=Obj - Checkable]
  bool moveable[o=Obj - Checkable]
  bool toggleable[o=Obj - Checkable]
  bool isOn[o=Obj - Checkable]
  bool isToggled[o=Obj - Checkable]
  bool sliceable[o=Obj - Checkable]
  bool isSliced[o=Obj - Checkable]
]

actions = [
  action look(Agent - Checkable a, Location - Checkable l) {
    preconditions = [
      atLocation(a, l)
    ]
    effects = [
      checked(l) := true
    ]
  }
  action inventory(Agent - Checkable a) {
    preconditions = [
    ]
    effects = [
      checked(a) := true
    ]
  }
  action examineReceptacle(Agent - Checkable a, Receptacle - Checkable r) {
    preconditions = [
      Exists (Location - Checkable l) (atLocation(a, l) and receptacleAtLocation(r, l))
    ]
    effects = [
      checked(r) := true
    ]
  }
  action examineObject(Agent - Checkable a, Obj - Checkable o) {
    preconditions = [
      (Exists (Location - Checkable l) Exists (Receptacle - Checkable r) (atLocation(a, l) and receptacleAtLocation(r, l) and inReceptacle(o, r) and ((not openable(r)) or opened(r))) or holds(a, o))
    ]
    effects = [
      checked(o) := true
    ]
  }
  action goToLocation(Agent - Checkable a, Location - Checkable lstart, Location - Checkable lend) {
    preconditions = [
      atLocation(a, lstart)
    ]
    effects = [
      atLocation(a, lstart) := false
      atLocation(a, lend) := true
    ]
  }
  action openObject(Agent - Checkable a, Location - Checkable l, Receptacle - Checkable r) {
    preconditions = [
      (openable(r) and atLocation(a, l) and receptacleAtLocation(r, l) and (not opened(r)))
    ]
    effects = [
      opened(r) := true
      checked(r) := true
    ]
  }
  action closeObject(Agent - Checkable a, Location - Checkable l, Receptacle - Checkable r) {
    preconditions = [
      (openable(r) and atLocation(a, l) and receptacleAtLocation(r, l) and opened(r))
    ]
    effects = [
      opened(r) := false
    ]
  }
  action pickupObject(Agent - Checkable a, Location - Checkable l, Obj - Checkable o, Receptacle - Checkable r) {
    preconditions = [
      (pickupable(o) and atLocation(a, l) and receptacleAtLocation(r, l) and inReceptacle(o, r) and (not holdsAny(a)) and ((not openable(r)) or opened(r)))
    ]
    effects = [
      inReceptacle(o, r) := false
      holds(a, o) := true
      holdsAny(a) := true
      objectAtLocation(o, l) := false
    ]
  }
  action putObject(Agent - Checkable a, Location - Checkable l, Obj - Checkable o, Receptacle - Checkable r, ObjectType ot, ReceptacleType rt) {
    preconditions = [
      (holds(a, o) and atLocation(a, l) and receptacleAtLocation(r, l) and ((not openable(r)) or opened(r)) and objectType(o, ot) and receptacleType(r, rt) and canContain(rt, ot))
    ]
    effects = [
      inReceptacle(o, r) := true
      objectAtLocation(o, l) := true
      holds(a, o) := false
      holdsAny(a) := false
    ]
  }
  action cleanObject(Agent - Checkable a, Location - Checkable l, Receptacle - Checkable r, Obj - Checkable o) {
    preconditions = [
      (cleanable(o) and receptacleType(r, sinkBasinType) and atLocation(a, l) and receptacleAtLocation(r, l) and holds(a, o))
    ]
    effects = [
      isClean(o) := true
    ]
  }
  action heatObject(Agent - Checkable a, Location - Checkable l, Receptacle - Checkable r, Obj - Checkable o) {
    preconditions = [
      (heatable(o) and receptacleType(r, microwaveType) and atLocation(a, l) and receptacleAtLocation(r, l) and holds(a, o))
    ]
    effects = [
      isHot(o) := true
      isCool(o) := false
    ]
  }
  action coolObject(Agent - Checkable a, Location - Checkable l, Receptacle - Checkable r, Obj - Checkable o) {
    preconditions = [
      (coolable(o) and receptacleType(r, fridgeType) and atLocation(a, l) and receptacleAtLocation(r, l) and holds(a, o))
    ]
    effects = [
      isCool(o) := true
      isHot(o) := false
    ]
  }
  action toggleObject(Agent - Checkable a, Location - Checkable l, Obj - Checkable o, Receptacle - Checkable r) {
    preconditions = [
      (toggleable(o) and atLocation(a, l) and receptacleAtLocation(r, l) and inReceptacle(o, r))
    ]
    effects = [
      if isOn(o) then isOn(o) := false
      if (not isOn(o)) then isOn(o) := true
      isToggled(o) := true
    ]
  }
  action sliceObject(Agent - Checkable a, Location - Checkable l, Obj - Checkable co, Obj - Checkable ko) {
    preconditions = [
      (sliceable(co) and (objectType(ko, knifeType) or objectType(ko, butterKnifeType)) and atLocation(a, l) and objectAtLocation(co, l) and holds(a, ko))
    ]
    effects = [
      isSliced(co) := true
    ]
  }
  action help(Agent - Checkable a) {
    preconditions = [
    ]
    effects = [
      checked(a) := true
    ]
  }
]

objects = [
  ReceptacleType: [sinkBasinType, microwaveType, fridgeType, garbageCanType, handTowelHolderType, drawerType, deskType, diningTableType, coffeeMachineType, safeType]
  ObjectType: [knifeType, butterKnifeType, creditCardType, toiletPaperRollType, statueType, handTowelType, alarmClockType, saltShakerType, soapBottleType, tomatoType, mugType]
  Checkable: [agent1, location1, location2, location3, location4, location5, location6, location7, location8, location9, location10, garbageCan_1, handTowelHolder_2, drawer_3, desk_4, diningTable_5, drawer_6, coffeeMachine_7, garbageCan_8, microwave_9, safe_10, creditCard_1, toiletPaperRoll_2, statue_3, handTowel_4, alarmClock_5, saltShaker_6, soapBottle_7, handTowel_8, tomato_9, mug_10]
  Agent - Checkable: [agent1]
  Location - Checkable: [location1, location2, location3, location4, location5, location6, location7, location8, location9, location10]
  Receptacle - Checkable: [garbageCan_1, handTowelHolder_2, drawer_3, desk_4, diningTable_5, drawer_6, coffeeMachine_7, garbageCan_8, microwave_9, safe_10]
  Obj - Checkable: [creditCard_1, toiletPaperRoll_2, statue_3, handTowel_4, alarmClock_5, saltShaker_6, soapBottle_7, handTowel_8, tomato_9, mug_10]
]

initial fluents default = [
  bool atLocation[a=Agent - Checkable, l=Location - Checkable] := false
  bool receptacleAtLocation[r=Receptacle - Checkable, l=Location - Checkable] := false
  bool objectAtLocation[o=Obj - Checkable, l=Location - Checkable] := false
  bool openable[r=Receptacle - Checkable] := false
  bool opened[r=Receptacle - Checkable] := false
  bool inReceptacle[o=Obj - Checkable, r=Receptacle - Checkable] := false
  bool isReceptacleObject[o=Obj - Checkable] := false
  bool inReceptacleObject[innerObject=Obj - Checkable, outObject=Obj - Checkable] := false
  bool isReceptacleObjectFull[o=Obj - Checkable] := false
  bool wasInReceptacle[o=Obj - Checkable, r=Receptacle - Checkable] := false
  bool checked[c=Checkable] := false
  bool examined[l=Location - Checkable] := false
  bool receptacleType[r=Receptacle - Checkable, rt=ReceptacleType] := false
  bool canContain[rt=ReceptacleType, ot=ObjectType] := false
  bool objectType[o=Obj - Checkable, t=ObjectType] := false
  bool holds[a=Agent - Checkable, o=Obj - Checkable] := false
  bool holdsAny[a=Agent - Checkable] := false
  bool holdsAnyReceptacleObject[a=Agent - Checkable] := false
  bool full[r=Receptacle - Checkable] := false
  bool isClean[o=Obj - Checkable] := false
  bool cleanable[o=Obj - Checkable] := false
  bool isHot[o=Obj - Checkable] := false
  bool heatable[o=Obj - Checkable] := false
  bool isCool[o=Obj - Checkable] := false
  bool coolable[o=Obj - Checkable] := false
  bool pickupable[o=Obj - Checkable] := false
  bool moveable[o=Obj - Checkable] := false
  bool toggleable[o=Obj - Checkable] := false
  bool isOn[o=Obj - Checkable] := false
  bool isToggled[o=Obj - Checkable] := false
  bool sliceable[o=Obj - Checkable] := false
  bool isSliced[o=Obj - Checkable] := false
]

initial values = [
  receptacleType(garbageCan_1, garbageCanType) := true
  receptacleType(handTowelHolder_2, handTowelHolderType) := true
  receptacleType(drawer_3, drawerType) := true
  receptacleType(desk_4, deskType) := true
  receptacleType(diningTable_5, diningTableType) := true
  receptacleType(drawer_6, drawerType) := true
  receptacleType(coffeeMachine_7, coffeeMachineType) := true
  receptacleType(garbageCan_8, garbageCanType) := true
  receptacleType(microwave_9, microwaveType) := true
  receptacleType(safe_10, safeType) := true
  objectType(creditCard_1, creditCardType) := true
  objectType(toiletPaperRoll_2, toiletPaperRollType) := true
  objectType(statue_3, statueType) := true
  objectType(handTowel_4, handTowelType) := true
  objectType(alarmClock_5, alarmClockType) := true
  objectType(saltShaker_6, saltShakerType) := true
  objectType(soapBottle_7, soapBottleType) := true
  objectType(handTowel_8, handTowelType) := true
  objectType(tomato_9, tomatoType) := true
  objectType(mug_10, mugType) := true
  canContain(garbageCanType, toiletPaperRollType) := true
  canContain(garbageCanType, handTowelType) := true
  canContain(garbageCanType, soapBottleType) := true
  canContain(garbageCanType, tomatoType) := true
  canContain(handTowelHolderType, handTowelType) := true
  canContain(drawerType, creditCardType) := true
  canContain(drawerType, toiletPaperRollType) := true
  canContain(drawerType, handTowelType) := true
  canContain(drawerType, saltShakerType) := true
  canContain(drawerType, soapBottleType) := true
  canContain(deskType, creditCardType) := true
  canContain(deskType, toiletPaperRollType) := true
  canContain(deskType, statueType) := true
  canContain(deskType, alarmClockType) := true
  canContain(deskType, soapBottleType) := true
  canContain(deskType, mugType) := true
  canContain(diningTableType, creditCardType) := true
  canContain(diningTableType, toiletPaperRollType) := true
  canContain(diningTableType, statueType) := true
  canContain(diningTableType, handTowelType) := true
  canContain(diningTableType, alarmClockType) := true
  canContain(diningTableType, saltShakerType) := true
  canContain(diningTableType, soapBottleType) := true
  canContain(diningTableType, tomatoType) := true
  canContain(diningTableType, mugType) := true
  canContain(coffeeMachineType, mugType) := true
  canContain(microwaveType, tomatoType) := true
  canContain(microwaveType, mugType) := true
  canContain(safeType, creditCardType) := true
  canContain(safeType, statueType) := true
  pickupable(creditCard_1) := true
  pickupable(toiletPaperRoll_2) := true
  pickupable(statue_3) := true
  pickupable(handTowel_4) := true
  pickupable(alarmClock_5) := true
  pickupable(saltShaker_6) := true
  pickupable(soapBottle_7) := true
  pickupable(handTowel_8) := true
  pickupable(tomato_9) := true
  cleanable(tomato_9) := true
  heatable(tomato_9) := true
  coolable(tomato_9) := true
  sliceable(tomato_9) := true
  pickupable(mug_10) := true
  isReceptacleObject(mug_10) := true
  cleanable(mug_10) := true
  heatable(mug_10) := true
  coolable(mug_10) := true
  receptacleAtLocation(garbageCan_1, location10) := true
  receptacleAtLocation(handTowelHolder_2, location8) := true
  receptacleAtLocation(drawer_3, location8) := true
  receptacleAtLocation(desk_4, location3) := true
  receptacleAtLocation(diningTable_5, location5) := true
  receptacleAtLocation(drawer_6, location2) := true
  receptacleAtLocation(coffeeMachine_7, location3) := true
  receptacleAtLocation(garbageCan_8, location3) := true
  receptacleAtLocation(microwave_9, location5) := true
  receptacleAtLocation(safe_10, location6) := true
  inReceptacle(creditCard_1, diningTable_5) := true
  inReceptacle(toiletPaperRoll_2, drawer_6) := true
  inReceptacle(handTowel_8, drawer_6) := true
  inReceptacle(mug_10, diningTable_5) := true
  objectAtLocation(creditCard_1, location5) := true
  objectAtLocation(toiletPaperRoll_2, location2) := true
  objectAtLocation(statue_3, location8) := true
  objectAtLocation(handTowel_4, location2) := true
  objectAtLocation(alarmClock_5, location2) := true
  objectAtLocation(saltShaker_6, location4) := true
  objectAtLocation(soapBottle_7, location6) := true
  objectAtLocation(handTowel_8, location2) := true
  objectAtLocation(tomato_9, location5) := true
  objectAtLocation(mug_10, location5) := true
  atLocation(agent1, location7) := true
]

goals = [
  Exists (Receptacle - Checkable r) Exists (Obj - Checkable o1) (inReceptacle(o1, r) and objectType(o1, toiletPaperRollType) and receptacleType(r, diningTableType) and Exists (Obj - Checkable o2) ((not (o1 == o2)) and objectType(o2, handTowelType) and receptacleType(r, diningTableType) and inReceptacle(o2, r)))
]

quality metrics = [
  minimize sequential-plan-length
]


2025-06-17 09:56:45,295 - INFO - Generating plan for unconstrained problem

2025-06-17 09:56:45,755 - INFO - Unconstrained plan generation time: 0.4603004455566406

2025-06-17 09:56:45,755 - INFO - Unconstrained plan and cost: 
2025-06-17 09:56:45,756 - INFO - SequentialPlan:
    goToLocation(agent1, location7, location2)
    pickupObject(agent1, location2, handTowel_8, drawer_6)
    goToLocation(agent1, location2, location5)
    putObject(agent1, location5, handTowel_8, diningTable_5, handTowelType, diningTableType)
    goToLocation(agent1, location5, location2)
    pickupObject(agent1, location2, toiletPaperRoll_2, drawer_6)
    goToLocation(agent1, location2, location5)
    putObject(agent1, location5, toiletPaperRoll_2, diningTable_5, toiletPaperRollType, diningTableType)
2025-06-17 09:56:45,756 - INFO - 8
2025-06-17 09:56:46,040 - INFO - Sampled constraints:

2025-06-17 09:56:46,040 - INFO - At-Most-Once(atLocation(agent1, location5))
2025-06-17 09:56:46,040 - INFO - 
2025-06-17 09:56:46,040 - INFO - Generation time: 0.2838757038116455

2025-06-17 09:56:46,048 - INFO - Generating plan for constrained problem (with LiftedTCORE).

2025-06-17 09:56:46,083 - INFO - LiftedTCORE compilation time: 0.034296274185180664

2025-06-17 09:56:46,555 - INFO - Planning Time with LiftedTCORE's file: 0.46533799171447754

