2025-06-17 10:24:10,669 - INFO - 
================= Seed: 956 =================

2025-06-17 10:24:10,674 - INFO - problem name = alfred

types = [ReceptacleType, ObjectType, Checkable, Agent - Checkable, Location - Checkable, Receptacle - Checkable, Obj - Checkable]

fluents = [
  bool atLocation[a=Agent - Checkable, l=Location - Checkable]
  bool receptacleAtLocation[r=Receptacle - Checkable, l=Location - Checkable]
  bool objectAtLocation[o=Obj - Checkable, l=Location - Checkable]
  bool openable[r=Receptacle - Checkable]
  bool opened[r=Receptacle - Checkable]
  bool inReceptacle[o=Obj - Checkable, r=Receptacle - Checkable]
  bool isReceptacleObject[o=Obj - Checkable]
  bool inReceptacleObject[innerObject=Obj - Checkable, outObject=Obj - Checkable]
  bool isReceptacleObjectFull[o=Obj - Checkable]
  bool wasInReceptacle[o=Obj - Checkable, r=Receptacle - Checkable]
  bool checked[c=Checkable]
  bool examined[l=Location - Checkable]
  bool receptacleType[r=Receptacle - Checkable, rt=ReceptacleType]
  bool canContain[rt=ReceptacleType, ot=ObjectType]
  bool objectType[o=Obj - Checkable, t=ObjectType]
  bool holds[a=Agent - Checkable, o=Obj - Checkable]
  bool holdsAny[a=Agent - Checkable]
  bool holdsAnyReceptacleObject[a=Agent - Checkable]
  bool full[r=Receptacle - Checkable]
  bool isClean[o=Obj - Checkable]
  bool cleanable[o=Obj - Checkable]
  bool isHot[o=Obj - Checkable]
  bool heatable[o=Obj - Checkable]
  bool isCool[o=Obj - Checkable]
  bool coolable[o=Obj - Checkable]
  bool pickupable[o=Obj - Checkable]
  bool moveable[o=Obj - Checkable]
  bool toggleable[o=Obj - Checkable]
  bool isOn[o=Obj - Checkable]
  bool isToggled[o=Obj - Checkable]
  bool sliceable[o=Obj - Checkable]
  bool isSliced[o=Obj - Checkable]
]

actions = [
  action look(Agent - Checkable a, Location - Checkable l) {
    preconditions = [
      atLocation(a, l)
    ]
    effects = [
      checked(l) := true
    ]
  }
  action inventory(Agent - Checkable a) {
    preconditions = [
    ]
    effects = [
      checked(a) := true
    ]
  }
  action examineReceptacle(Agent - Checkable a, Receptacle - Checkable r) {
    preconditions = [
      Exists (Location - Checkable l) (atLocation(a, l) and receptacleAtLocation(r, l))
    ]
    effects = [
      checked(r) := true
    ]
  }
  action examineObject(Agent - Checkable a, Obj - Checkable o) {
    preconditions = [
      (Exists (Location - Checkable l) Exists (Receptacle - Checkable r) (atLocation(a, l) and receptacleAtLocation(r, l) and inReceptacle(o, r) and ((not openable(r)) or opened(r))) or holds(a, o))
    ]
    effects = [
      checked(o) := true
    ]
  }
  action goToLocation(Agent - Checkable a, Location - Checkable lstart, Location - Checkable lend) {
    preconditions = [
      atLocation(a, lstart)
    ]
    effects = [
      atLocation(a, lstart) := false
      atLocation(a, lend) := true
    ]
  }
  action openObject(Agent - Checkable a, Location - Checkable l, Receptacle - Checkable r) {
    preconditions = [
      (openable(r) and atLocation(a, l) and receptacleAtLocation(r, l) and (not opened(r)))
    ]
    effects = [
      opened(r) := true
      checked(r) := true
    ]
  }
  action closeObject(Agent - Checkable a, Location - Checkable l, Receptacle - Checkable r) {
    preconditions = [
      (openable(r) and atLocation(a, l) and receptacleAtLocation(r, l) and opened(r))
    ]
    effects = [
      opened(r) := false
    ]
  }
  action pickupObject(Agent - Checkable a, Location - Checkable l, Obj - Checkable o, Receptacle - Checkable r) {
    preconditions = [
      (pickupable(o) and atLocation(a, l) and receptacleAtLocation(r, l) and inReceptacle(o, r) and (not holdsAny(a)) and ((not openable(r)) or opened(r)))
    ]
    effects = [
      inReceptacle(o, r) := false
      holds(a, o) := true
      holdsAny(a) := true
      objectAtLocation(o, l) := false
    ]
  }
  action putObject(Agent - Checkable a, Location - Checkable l, Obj - Checkable o, Receptacle - Checkable r, ObjectType ot, ReceptacleType rt) {
    preconditions = [
      (holds(a, o) and atLocation(a, l) and receptacleAtLocation(r, l) and ((not openable(r)) or opened(r)) and objectType(o, ot) and receptacleType(r, rt) and canContain(rt, ot))
    ]
    effects = [
      inReceptacle(o, r) := true
      objectAtLocation(o, l) := true
      holds(a, o) := false
      holdsAny(a) := false
    ]
  }
  action cleanObject(Agent - Checkable a, Location - Checkable l, Receptacle - Checkable r, Obj - Checkable o) {
    preconditions = [
      (cleanable(o) and receptacleType(r, sinkBasinType) and atLocation(a, l) and receptacleAtLocation(r, l) and holds(a, o))
    ]
    effects = [
      isClean(o) := true
    ]
  }
  action heatObject(Agent - Checkable a, Location - Checkable l, Receptacle - Checkable r, Obj - Checkable o) {
    preconditions = [
      (heatable(o) and receptacleType(r, microwaveType) and atLocation(a, l) and receptacleAtLocation(r, l) and holds(a, o))
    ]
    effects = [
      isHot(o) := true
      isCool(o) := false
    ]
  }
  action coolObject(Agent - Checkable a, Location - Checkable l, Receptacle - Checkable r, Obj - Checkable o) {
    preconditions = [
      (coolable(o) and receptacleType(r, fridgeType) and atLocation(a, l) and receptacleAtLocation(r, l) and holds(a, o))
    ]
    effects = [
      isCool(o) := true
      isHot(o) := false
    ]
  }
  action toggleObject(Agent - Checkable a, Location - Checkable l, Obj - Checkable o, Receptacle - Checkable r) {
    preconditions = [
      (toggleable(o) and atLocation(a, l) and receptacleAtLocation(r, l) and inReceptacle(o, r))
    ]
    effects = [
      if isOn(o) then isOn(o) := false
      if (not isOn(o)) then isOn(o) := true
      isToggled(o) := true
    ]
  }
  action sliceObject(Agent - Checkable a, Location - Checkable l, Obj - Checkable co, Obj - Checkable ko) {
    preconditions = [
      (sliceable(co) and (objectType(ko, knifeType) or objectType(ko, butterKnifeType)) and atLocation(a, l) and objectAtLocation(co, l) and holds(a, ko))
    ]
    effects = [
      isSliced(co) := true
    ]
  }
  action help(Agent - Checkable a) {
    preconditions = [
    ]
    effects = [
      checked(a) := true
    ]
  }
]

objects = [
  ReceptacleType: [sinkBasinType, microwaveType, fridgeType, sofaType, diningTableType, cabinetType, coffeeTableType, dresserType, sideTableType, tvStandType, ottomanType, deskType]
  ObjectType: [knifeType, butterKnifeType, eggType, keyChainType, glassbottleType, handTowelType, wineBottleType, spoonType, boxType, plungerType, plateType]
  Checkable: [agent1, location1, location2, location3, location4, location5, location6, location7, location8, location9, location10, sofa_1, diningTable_2, cabinet_3, coffeeTable_4, dresser_5, sofa_6, sideTable_7, tvStand_8, ottoman_9, desk_10, egg_1, keyChain_2, glassbottle_3, handTowel_4, knife_5, wineBottle_6, spoon_7, box_8, plunger_9, plate_10]
  Agent - Checkable: [agent1]
  Location - Checkable: [location1, location2, location3, location4, location5, location6, location7, location8, location9, location10]
  Receptacle - Checkable: [sofa_1, diningTable_2, cabinet_3, coffeeTable_4, dresser_5, sofa_6, sideTable_7, tvStand_8, ottoman_9, desk_10]
  Obj - Checkable: [egg_1, keyChain_2, glassbottle_3, handTowel_4, knife_5, wineBottle_6, spoon_7, box_8, plunger_9, plate_10]
]

initial fluents default = [
  bool atLocation[a=Agent - Checkable, l=Location - Checkable] := false
  bool receptacleAtLocation[r=Receptacle - Checkable, l=Location - Checkable] := false
  bool objectAtLocation[o=Obj - Checkable, l=Location - Checkable] := false
  bool openable[r=Receptacle - Checkable] := false
  bool opened[r=Receptacle - Checkable] := false
  bool inReceptacle[o=Obj - Checkable, r=Receptacle - Checkable] := false
  bool isReceptacleObject[o=Obj - Checkable] := false
  bool inReceptacleObject[innerObject=Obj - Checkable, outObject=Obj - Checkable] := false
  bool isReceptacleObjectFull[o=Obj - Checkable] := false
  bool wasInReceptacle[o=Obj - Checkable, r=Receptacle - Checkable] := false
  bool checked[c=Checkable] := false
  bool examined[l=Location - Checkable] := false
  bool receptacleType[r=Receptacle - Checkable, rt=ReceptacleType] := false
  bool canContain[rt=ReceptacleType, ot=ObjectType] := false
  bool objectType[o=Obj - Checkable, t=ObjectType] := false
  bool holds[a=Agent - Checkable, o=Obj - Checkable] := false
  bool holdsAny[a=Agent - Checkable] := false
  bool holdsAnyReceptacleObject[a=Agent - Checkable] := false
  bool full[r=Receptacle - Checkable] := false
  bool isClean[o=Obj - Checkable] := false
  bool cleanable[o=Obj - Checkable] := false
  bool isHot[o=Obj - Checkable] := false
  bool heatable[o=Obj - Checkable] := false
  bool isCool[o=Obj - Checkable] := false
  bool coolable[o=Obj - Checkable] := false
  bool pickupable[o=Obj - Checkable] := false
  bool moveable[o=Obj - Checkable] := false
  bool toggleable[o=Obj - Checkable] := false
  bool isOn[o=Obj - Checkable] := false
  bool isToggled[o=Obj - Checkable] := false
  bool sliceable[o=Obj - Checkable] := false
  bool isSliced[o=Obj - Checkable] := false
]

initial values = [
  receptacleType(sofa_1, sofaType) := true
  receptacleType(diningTable_2, diningTableType) := true
  receptacleType(cabinet_3, cabinetType) := true
  receptacleType(coffeeTable_4, coffeeTableType) := true
  receptacleType(dresser_5, dresserType) := true
  receptacleType(sofa_6, sofaType) := true
  receptacleType(sideTable_7, sideTableType) := true
  receptacleType(tvStand_8, tvStandType) := true
  receptacleType(ottoman_9, ottomanType) := true
  receptacleType(desk_10, deskType) := true
  objectType(egg_1, eggType) := true
  objectType(keyChain_2, keyChainType) := true
  objectType(glassbottle_3, glassbottleType) := true
  objectType(handTowel_4, handTowelType) := true
  objectType(knife_5, knifeType) := true
  objectType(wineBottle_6, wineBottleType) := true
  objectType(spoon_7, spoonType) := true
  objectType(box_8, boxType) := true
  objectType(plunger_9, plungerType) := true
  objectType(plate_10, plateType) := true
  canContain(sofaType, keyChainType) := true
  canContain(sofaType, boxType) := true
  canContain(diningTableType, eggType) := true
  canContain(diningTableType, keyChainType) := true
  canContain(diningTableType, glassbottleType) := true
  canContain(diningTableType, handTowelType) := true
  canContain(diningTableType, knifeType) := true
  canContain(diningTableType, wineBottleType) := true
  canContain(diningTableType, spoonType) := true
  canContain(diningTableType, boxType) := true
  canContain(diningTableType, plateType) := true
  canContain(cabinetType, glassbottleType) := true
  canContain(cabinetType, handTowelType) := true
  canContain(cabinetType, wineBottleType) := true
  canContain(cabinetType, boxType) := true
  canContain(cabinetType, plungerType) := true
  canContain(cabinetType, plateType) := true
  canContain(coffeeTableType, eggType) := true
  canContain(coffeeTableType, keyChainType) := true
  canContain(coffeeTableType, glassbottleType) := true
  canContain(coffeeTableType, handTowelType) := true
  canContain(coffeeTableType, knifeType) := true
  canContain(coffeeTableType, wineBottleType) := true
  canContain(coffeeTableType, spoonType) := true
  canContain(coffeeTableType, boxType) := true
  canContain(coffeeTableType, plateType) := true
  canContain(dresserType, keyChainType) := true
  canContain(dresserType, glassbottleType) := true
  canContain(dresserType, wineBottleType) := true
  canContain(dresserType, boxType) := true
  canContain(dresserType, plateType) := true
  canContain(sideTableType, eggType) := true
  canContain(sideTableType, keyChainType) := true
  canContain(sideTableType, glassbottleType) := true
  canContain(sideTableType, handTowelType) := true
  canContain(sideTableType, knifeType) := true
  canContain(sideTableType, wineBottleType) := true
  canContain(sideTableType, spoonType) := true
  canContain(sideTableType, boxType) := true
  canContain(sideTableType, plateType) := true
  canContain(ottomanType, keyChainType) := true
  canContain(ottomanType, boxType) := true
  canContain(deskType, keyChainType) := true
  canContain(deskType, glassbottleType) := true
  canContain(deskType, wineBottleType) := true
  canContain(deskType, boxType) := true
  canContain(deskType, plateType) := true
  pickupable(egg_1) := true
  cleanable(egg_1) := true
  heatable(egg_1) := true
  coolable(egg_1) := true
  sliceable(egg_1) := true
  pickupable(keyChain_2) := true
  pickupable(glassbottle_3) := true
  pickupable(handTowel_4) := true
  pickupable(knife_5) := true
  cleanable(knife_5) := true
  pickupable(wineBottle_6) := true
  pickupable(spoon_7) := true
  cleanable(spoon_7) := true
  pickupable(box_8) := true
  isReceptacleObject(box_8) := true
  pickupable(plunger_9) := true
  pickupable(plate_10) := true
  isReceptacleObject(plate_10) := true
  cleanable(plate_10) := true
  heatable(plate_10) := true
  coolable(plate_10) := true
  receptacleAtLocation(sofa_1, location2) := true
  receptacleAtLocation(diningTable_2, location1) := true
  receptacleAtLocation(cabinet_3, location5) := true
  receptacleAtLocation(coffeeTable_4, location10) := true
  receptacleAtLocation(dresser_5, location10) := true
  receptacleAtLocation(sofa_6, location2) := true
  receptacleAtLocation(sideTable_7, location6) := true
  receptacleAtLocation(tvStand_8, location2) := true
  receptacleAtLocation(ottoman_9, location9) := true
  receptacleAtLocation(desk_10, location7) := true
  inReceptacle(keyChain_2, ottoman_9) := true
  inReceptacle(glassbottle_3, sideTable_7) := true
  inReceptacle(box_8, sofa_1) := true
  inReceptacle(plate_10, sideTable_7) := true
  objectAtLocation(egg_1, location1) := true
  objectAtLocation(keyChain_2, location9) := true
  objectAtLocation(glassbottle_3, location6) := true
  objectAtLocation(handTowel_4, location9) := true
  objectAtLocation(knife_5, location10) := true
  objectAtLocation(wineBottle_6, location10) := true
  objectAtLocation(spoon_7, location7) := true
  objectAtLocation(box_8, location2) := true
  objectAtLocation(plunger_9, location5) := true
  objectAtLocation(plate_10, location6) := true
  atLocation(agent1, location10) := true
]

goals = [
  Exists (Receptacle - Checkable r) Exists (Obj - Checkable o) (inReceptacle(o, r) and objectType(o, boxType) and receptacleType(r, sofaType))
]

quality metrics = [
  minimize sequential-plan-length
]


2025-06-17 10:24:10,676 - INFO - Generating plan for unconstrained problem

2025-06-17 10:24:11,071 - INFO - Unconstrained plan generation time: 0.39484333992004395

2025-06-17 10:24:11,071 - INFO - Unconstrained plan and cost: 
2025-06-17 10:24:11,071 - INFO - SequentialPlan:
2025-06-17 10:24:11,071 - INFO - 0
2025-06-17 10:24:12,871 - INFO - Sampled constraints:

2025-06-17 10:24:12,871 - INFO - Sometime((checked(keyChain_2) and checked(location8)))
2025-06-17 10:24:12,871 - INFO - 
2025-06-17 10:24:12,871 - INFO - Generation time: 1.7998104095458984

2025-06-17 10:24:12,880 - INFO - Generating plan for constrained problem (with LiftedTCORE).

2025-06-17 10:24:12,918 - INFO - LiftedTCORE compilation time: 0.037149667739868164

2025-06-17 10:24:13,310 - INFO - Planning Time with LiftedTCORE's file: 0.3854076862335205

2025-06-17 10:24:13,311 - INFO - Plan found with LiftedTCORE + sym_bd: SequentialPlan:
    goToLocation(agent1, location10, location8)
    look(agent1, location8)
    goToLocation(agent1, location8, location9)
    examineObject(agent1, keyChain_2)
2025-06-17 10:24:13,311 - INFO - Seed: 956 is solvable

2025-06-17 10:24:13,311 - INFO - Unconstrained cost: 0
2025-06-17 10:24:13,311 - INFO - Constrained cost: 4
2025-06-17 10:24:13,311 - INFO - Seed: 956 Plan simulation is feasible
2025-06-17 10:24:13,311 - INFO - 
Seed: 956 
 Plan: [goToLocation(agent1, location10, location8), look(agent1, location8), goToLocation(agent1, location8, location9), examineObject(agent1, keyChain_2)]  
 Cost: 4

