2025-06-17 11:19:26,559 - INFO - 
================= Seed: 181 =================

2025-06-17 11:19:26,559 - INFO - problem name = alfred

types = [ReceptacleType, ObjectType, Checkable, Agent - Checkable, Location - Checkable, Receptacle - Checkable, Obj - Checkable]

fluents = [
  bool atLocation[a=Agent - Checkable, l=Location - Checkable]
  bool receptacleAtLocation[r=Receptacle - Checkable, l=Location - Checkable]
  bool objectAtLocation[o=Obj - Checkable, l=Location - Checkable]
  bool openable[r=Receptacle - Checkable]
  bool opened[r=Receptacle - Checkable]
  bool inReceptacle[o=Obj - Checkable, r=Receptacle - Checkable]
  bool isReceptacleObject[o=Obj - Checkable]
  bool inReceptacleObject[innerObject=Obj - Checkable, outObject=Obj - Checkable]
  bool isReceptacleObjectFull[o=Obj - Checkable]
  bool wasInReceptacle[o=Obj - Checkable, r=Receptacle - Checkable]
  bool checked[c=Checkable]
  bool examined[l=Location - Checkable]
  bool receptacleType[r=Receptacle - Checkable, rt=ReceptacleType]
  bool canContain[rt=ReceptacleType, ot=ObjectType]
  bool objectType[o=Obj - Checkable, t=ObjectType]
  bool holds[a=Agent - Checkable, o=Obj - Checkable]
  bool holdsAny[a=Agent - Checkable]
  bool holdsAnyReceptacleObject[a=Agent - Checkable]
  bool full[r=Receptacle - Checkable]
  bool isClean[o=Obj - Checkable]
  bool cleanable[o=Obj - Checkable]
  bool isHot[o=Obj - Checkable]
  bool heatable[o=Obj - Checkable]
  bool isCool[o=Obj - Checkable]
  bool coolable[o=Obj - Checkable]
  bool pickupable[o=Obj - Checkable]
  bool moveable[o=Obj - Checkable]
  bool toggleable[o=Obj - Checkable]
  bool isOn[o=Obj - Checkable]
  bool isToggled[o=Obj - Checkable]
  bool sliceable[o=Obj - Checkable]
  bool isSliced[o=Obj - Checkable]
]

actions = [
  action look(Agent - Checkable a, Location - Checkable l) {
    preconditions = [
      atLocation(a, l)
    ]
    effects = [
      checked(l) := true
    ]
  }
  action inventory(Agent - Checkable a) {
    preconditions = [
    ]
    effects = [
      checked(a) := true
    ]
  }
  action examineReceptacle(Agent - Checkable a, Receptacle - Checkable r) {
    preconditions = [
      Exists (Location - Checkable l) (atLocation(a, l) and receptacleAtLocation(r, l))
    ]
    effects = [
      checked(r) := true
    ]
  }
  action examineObject(Agent - Checkable a, Obj - Checkable o) {
    preconditions = [
      (Exists (Location - Checkable l) Exists (Receptacle - Checkable r) (atLocation(a, l) and receptacleAtLocation(r, l) and inReceptacle(o, r) and ((not openable(r)) or opened(r))) or holds(a, o))
    ]
    effects = [
      checked(o) := true
    ]
  }
  action goToLocation(Agent - Checkable a, Location - Checkable lstart, Location - Checkable lend) {
    preconditions = [
      atLocation(a, lstart)
    ]
    effects = [
      atLocation(a, lstart) := false
      atLocation(a, lend) := true
    ]
  }
  action openObject(Agent - Checkable a, Location - Checkable l, Receptacle - Checkable r) {
    preconditions = [
      (openable(r) and atLocation(a, l) and receptacleAtLocation(r, l) and (not opened(r)))
    ]
    effects = [
      opened(r) := true
      checked(r) := true
    ]
  }
  action closeObject(Agent - Checkable a, Location - Checkable l, Receptacle - Checkable r) {
    preconditions = [
      (openable(r) and atLocation(a, l) and receptacleAtLocation(r, l) and opened(r))
    ]
    effects = [
      opened(r) := false
    ]
  }
  action pickupObject(Agent - Checkable a, Location - Checkable l, Obj - Checkable o, Receptacle - Checkable r) {
    preconditions = [
      (pickupable(o) and atLocation(a, l) and receptacleAtLocation(r, l) and inReceptacle(o, r) and (not holdsAny(a)) and ((not openable(r)) or opened(r)))
    ]
    effects = [
      inReceptacle(o, r) := false
      holds(a, o) := true
      holdsAny(a) := true
      objectAtLocation(o, l) := false
    ]
  }
  action putObject(Agent - Checkable a, Location - Checkable l, Obj - Checkable o, Receptacle - Checkable r, ObjectType ot, ReceptacleType rt) {
    preconditions = [
      (holds(a, o) and atLocation(a, l) and receptacleAtLocation(r, l) and ((not openable(r)) or opened(r)) and objectType(o, ot) and receptacleType(r, rt) and canContain(rt, ot))
    ]
    effects = [
      inReceptacle(o, r) := true
      objectAtLocation(o, l) := true
      holds(a, o) := false
      holdsAny(a) := false
    ]
  }
  action cleanObject(Agent - Checkable a, Location - Checkable l, Receptacle - Checkable r, Obj - Checkable o) {
    preconditions = [
      (cleanable(o) and receptacleType(r, sinkBasinType) and atLocation(a, l) and receptacleAtLocation(r, l) and holds(a, o))
    ]
    effects = [
      isClean(o) := true
    ]
  }
  action heatObject(Agent - Checkable a, Location - Checkable l, Receptacle - Checkable r, Obj - Checkable o) {
    preconditions = [
      (heatable(o) and receptacleType(r, microwaveType) and atLocation(a, l) and receptacleAtLocation(r, l) and holds(a, o))
    ]
    effects = [
      isHot(o) := true
      isCool(o) := false
    ]
  }
  action coolObject(Agent - Checkable a, Location - Checkable l, Receptacle - Checkable r, Obj - Checkable o) {
    preconditions = [
      (coolable(o) and receptacleType(r, fridgeType) and atLocation(a, l) and receptacleAtLocation(r, l) and holds(a, o))
    ]
    effects = [
      isCool(o) := true
      isHot(o) := false
    ]
  }
  action toggleObject(Agent - Checkable a, Location - Checkable l, Obj - Checkable o, Receptacle - Checkable r) {
    preconditions = [
      (toggleable(o) and atLocation(a, l) and receptacleAtLocation(r, l) and inReceptacle(o, r))
    ]
    effects = [
      if isOn(o) then isOn(o) := false
      if (not isOn(o)) then isOn(o) := true
      isToggled(o) := true
    ]
  }
  action sliceObject(Agent - Checkable a, Location - Checkable l, Obj - Checkable co, Obj - Checkable ko) {
    preconditions = [
      (sliceable(co) and (objectType(ko, knifeType) or objectType(ko, butterKnifeType)) and atLocation(a, l) and objectAtLocation(co, l) and holds(a, ko))
    ]
    effects = [
      isSliced(co) := true
    ]
  }
  action help(Agent - Checkable a) {
    preconditions = [
    ]
    effects = [
      checked(a) := true
    ]
  }
]

objects = [
  ReceptacleType: [sinkBasinType, microwaveType, fridgeType, bathtubBasinType, ottomanType, drawerType, toasterType, bedType, counterTopType, laundryHamperType]
  ObjectType: [knifeType, butterKnifeType, saltShakerType, wineBottleType, kettleType, baseballBatType, soapBottleType, candleType, creditCardType, vaseType, cupType, potType]
  Checkable: [agent1, location1, location2, location3, location4, location5, location6, location7, location8, location9, location10, bathtubBasin_1, ottoman_2, sinkBasin_3, drawer_4, microwave_5, toaster_6, microwave_7, bed_8, counterTop_9, laundryHamper_10, microwave_11, fridge_12, saltShaker_1, wineBottle_2, kettle_3, baseballBat_4, soapBottle_5, candle_6, creditCard_7, vase_8, cup_9, pot_10]
  Agent - Checkable: [agent1]
  Location - Checkable: [location1, location2, location3, location4, location5, location6, location7, location8, location9, location10]
  Receptacle - Checkable: [bathtubBasin_1, ottoman_2, sinkBasin_3, drawer_4, microwave_5, toaster_6, microwave_7, bed_8, counterTop_9, laundryHamper_10, microwave_11, fridge_12]
  Obj - Checkable: [saltShaker_1, wineBottle_2, kettle_3, baseballBat_4, soapBottle_5, candle_6, creditCard_7, vase_8, cup_9, pot_10]
]

initial fluents default = [
  bool atLocation[a=Agent - Checkable, l=Location - Checkable] := false
  bool receptacleAtLocation[r=Receptacle - Checkable, l=Location - Checkable] := false
  bool objectAtLocation[o=Obj - Checkable, l=Location - Checkable] := false
  bool openable[r=Receptacle - Checkable] := false
  bool opened[r=Receptacle - Checkable] := false
  bool inReceptacle[o=Obj - Checkable, r=Receptacle - Checkable] := false
  bool isReceptacleObject[o=Obj - Checkable] := false
  bool inReceptacleObject[innerObject=Obj - Checkable, outObject=Obj - Checkable] := false
  bool isReceptacleObjectFull[o=Obj - Checkable] := false
  bool wasInReceptacle[o=Obj - Checkable, r=Receptacle - Checkable] := false
  bool checked[c=Checkable] := false
  bool examined[l=Location - Checkable] := false
  bool receptacleType[r=Receptacle - Checkable, rt=ReceptacleType] := false
  bool canContain[rt=ReceptacleType, ot=ObjectType] := false
  bool objectType[o=Obj - Checkable, t=ObjectType] := false
  bool holds[a=Agent - Checkable, o=Obj - Checkable] := false
  bool holdsAny[a=Agent - Checkable] := false
  bool holdsAnyReceptacleObject[a=Agent - Checkable] := false
  bool full[r=Receptacle - Checkable] := false
  bool isClean[o=Obj - Checkable] := false
  bool cleanable[o=Obj - Checkable] := false
  bool isHot[o=Obj - Checkable] := false
  bool heatable[o=Obj - Checkable] := false
  bool isCool[o=Obj - Checkable] := false
  bool coolable[o=Obj - Checkable] := false
  bool pickupable[o=Obj - Checkable] := false
  bool moveable[o=Obj - Checkable] := false
  bool toggleable[o=Obj - Checkable] := false
  bool isOn[o=Obj - Checkable] := false
  bool isToggled[o=Obj - Checkable] := false
  bool sliceable[o=Obj - Checkable] := false
  bool isSliced[o=Obj - Checkable] := false
]

initial values = [
  receptacleType(bathtubBasin_1, bathtubBasinType) := true
  receptacleType(ottoman_2, ottomanType) := true
  receptacleType(sinkBasin_3, sinkBasinType) := true
  receptacleType(drawer_4, drawerType) := true
  receptacleType(microwave_5, microwaveType) := true
  receptacleType(toaster_6, toasterType) := true
  receptacleType(microwave_7, microwaveType) := true
  receptacleType(bed_8, bedType) := true
  receptacleType(counterTop_9, counterTopType) := true
  receptacleType(laundryHamper_10, laundryHamperType) := true
  receptacleType(microwave_11, microwaveType) := true
  receptacleType(fridge_12, fridgeType) := true
  objectType(saltShaker_1, saltShakerType) := true
  objectType(wineBottle_2, wineBottleType) := true
  objectType(kettle_3, kettleType) := true
  objectType(baseballBat_4, baseballBatType) := true
  objectType(soapBottle_5, soapBottleType) := true
  objectType(candle_6, candleType) := true
  objectType(creditCard_7, creditCardType) := true
  objectType(vase_8, vaseType) := true
  objectType(cup_9, cupType) := true
  objectType(pot_10, potType) := true
  canContain(ottomanType, creditCardType) := true
  canContain(sinkBasinType, kettleType) := true
  canContain(sinkBasinType, cupType) := true
  canContain(sinkBasinType, potType) := true
  canContain(drawerType, saltShakerType) := true
  canContain(drawerType, soapBottleType) := true
  canContain(drawerType, candleType) := true
  canContain(drawerType, creditCardType) := true
  canContain(microwaveType, cupType) := true
  canContain(bedType, baseballBatType) := true
  canContain(counterTopType, saltShakerType) := true
  canContain(counterTopType, wineBottleType) := true
  canContain(counterTopType, kettleType) := true
  canContain(counterTopType, baseballBatType) := true
  canContain(counterTopType, soapBottleType) := true
  canContain(counterTopType, candleType) := true
  canContain(counterTopType, creditCardType) := true
  canContain(counterTopType, vaseType) := true
  canContain(counterTopType, cupType) := true
  canContain(counterTopType, potType) := true
  canContain(fridgeType, wineBottleType) := true
  canContain(fridgeType, cupType) := true
  canContain(fridgeType, potType) := true
  pickupable(saltShaker_1) := true
  pickupable(wineBottle_2) := true
  pickupable(kettle_3) := true
  cleanable(kettle_3) := true
  pickupable(baseballBat_4) := true
  pickupable(soapBottle_5) := true
  pickupable(candle_6) := true
  pickupable(creditCard_7) := true
  pickupable(vase_8) := true
  pickupable(cup_9) := true
  isReceptacleObject(cup_9) := true
  cleanable(cup_9) := true
  heatable(cup_9) := true
  coolable(cup_9) := true
  pickupable(pot_10) := true
  isReceptacleObject(pot_10) := true
  cleanable(pot_10) := true
  coolable(pot_10) := true
  receptacleAtLocation(bathtubBasin_1, location5) := true
  receptacleAtLocation(ottoman_2, location6) := true
  receptacleAtLocation(sinkBasin_3, location5) := true
  receptacleAtLocation(drawer_4, location5) := true
  receptacleAtLocation(microwave_5, location5) := true
  receptacleAtLocation(toaster_6, location10) := true
  receptacleAtLocation(microwave_7, location7) := true
  receptacleAtLocation(bed_8, location6) := true
  receptacleAtLocation(counterTop_9, location7) := true
  receptacleAtLocation(laundryHamper_10, location5) := true
  receptacleAtLocation(microwave_11, location4) := true
  receptacleAtLocation(fridge_12, location1) := true
  inReceptacle(saltShaker_1, counterTop_9) := true
  inReceptacle(wineBottle_2, fridge_12) := true
  inReceptacle(kettle_3, sinkBasin_3) := true
  inReceptacle(baseballBat_4, bed_8) := true
  inReceptacle(soapBottle_5, drawer_4) := true
  inReceptacle(candle_6, counterTop_9) := true
  inReceptacle(creditCard_7, ottoman_2) := true
  inReceptacle(vase_8, counterTop_9) := true
  inReceptacle(cup_9, sinkBasin_3) := true
  inReceptacle(pot_10, fridge_12) := true
  objectAtLocation(saltShaker_1, location7) := true
  objectAtLocation(wineBottle_2, location1) := true
  objectAtLocation(kettle_3, location5) := true
  objectAtLocation(baseballBat_4, location6) := true
  objectAtLocation(soapBottle_5, location5) := true
  objectAtLocation(candle_6, location7) := true
  objectAtLocation(creditCard_7, location6) := true
  objectAtLocation(vase_8, location7) := true
  objectAtLocation(cup_9, location5) := true
  objectAtLocation(pot_10, location1) := true
  atLocation(agent1, location10) := true
]

goals = [
  Exists (Receptacle - Checkable r) Exists (Obj - Checkable o1) (inReceptacle(o1, r) and objectType(o1, potType) and receptacleType(r, fridgeType) and Exists (Obj - Checkable o2) ((not (o1 == o2)) and objectType(o2, wineBottleType) and receptacleType(r, fridgeType) and inReceptacle(o2, r)))
]

quality metrics = [
  minimize sequential-plan-length
]


2025-06-17 11:19:26,561 - INFO - Generating plan for unconstrained problem

2025-06-17 11:19:26,999 - INFO - Unconstrained plan generation time: 0.4378702640533447

2025-06-17 11:19:26,999 - INFO - Unconstrained plan and cost: 
2025-06-17 11:19:26,999 - INFO - SequentialPlan:
2025-06-17 11:19:26,999 - INFO - 0
2025-06-17 11:19:30,400 - INFO - Sampled constraints:

2025-06-17 11:19:30,400 - INFO - Sometime(checked(soapBottle_5))
2025-06-17 11:19:30,400 - INFO - 
2025-06-17 11:19:30,400 - INFO - Generation time: 3.400871992111206

2025-06-17 11:19:30,401 - INFO - Generating plan for constrained problem (with LiftedTCORE).

2025-06-17 11:19:30,441 - INFO - LiftedTCORE compilation time: 0.04002785682678223

2025-06-17 11:19:30,886 - INFO - Planning Time with LiftedTCORE's file: 0.4453861713409424

2025-06-17 11:19:30,886 - INFO - Plan found with LiftedTCORE + sym_bd: SequentialPlan:
    goToLocation(agent1, location10, location5)
    examineObject(agent1, soapBottle_5)
2025-06-17 11:19:30,886 - INFO - Seed: 181 is solvable

2025-06-17 11:19:30,886 - INFO - Unconstrained cost: 0
2025-06-17 11:19:30,886 - INFO - Constrained cost: 2
2025-06-17 11:19:30,886 - INFO - Seed: 181 Plan simulation is feasible
2025-06-17 11:19:30,886 - INFO - 
Seed: 181 
 Plan: [goToLocation(agent1, location10, location5), examineObject(agent1, soapBottle_5)]  
 Cost: 2

