2025-06-17 09:55:30,956 - INFO - 
================= Seed: 446 =================

2025-06-17 09:55:30,961 - INFO - problem name = alfred

types = [ReceptacleType, ObjectType, Checkable, Agent - Checkable, Location - Checkable, Receptacle - Checkable, Obj - Checkable]

fluents = [
  bool atLocation[a=Agent - Checkable, l=Location - Checkable]
  bool receptacleAtLocation[r=Receptacle - Checkable, l=Location - Checkable]
  bool objectAtLocation[o=Obj - Checkable, l=Location - Checkable]
  bool openable[r=Receptacle - Checkable]
  bool opened[r=Receptacle - Checkable]
  bool inReceptacle[o=Obj - Checkable, r=Receptacle - Checkable]
  bool isReceptacleObject[o=Obj - Checkable]
  bool inReceptacleObject[innerObject=Obj - Checkable, outObject=Obj - Checkable]
  bool isReceptacleObjectFull[o=Obj - Checkable]
  bool wasInReceptacle[o=Obj - Checkable, r=Receptacle - Checkable]
  bool checked[c=Checkable]
  bool examined[l=Location - Checkable]
  bool receptacleType[r=Receptacle - Checkable, rt=ReceptacleType]
  bool canContain[rt=ReceptacleType, ot=ObjectType]
  bool objectType[o=Obj - Checkable, t=ObjectType]
  bool holds[a=Agent - Checkable, o=Obj - Checkable]
  bool holdsAny[a=Agent - Checkable]
  bool holdsAnyReceptacleObject[a=Agent - Checkable]
  bool full[r=Receptacle - Checkable]
  bool isClean[o=Obj - Checkable]
  bool cleanable[o=Obj - Checkable]
  bool isHot[o=Obj - Checkable]
  bool heatable[o=Obj - Checkable]
  bool isCool[o=Obj - Checkable]
  bool coolable[o=Obj - Checkable]
  bool pickupable[o=Obj - Checkable]
  bool moveable[o=Obj - Checkable]
  bool toggleable[o=Obj - Checkable]
  bool isOn[o=Obj - Checkable]
  bool isToggled[o=Obj - Checkable]
  bool sliceable[o=Obj - Checkable]
  bool isSliced[o=Obj - Checkable]
]

actions = [
  action look(Agent - Checkable a, Location - Checkable l) {
    preconditions = [
      atLocation(a, l)
    ]
    effects = [
      checked(l) := true
    ]
  }
  action inventory(Agent - Checkable a) {
    preconditions = [
    ]
    effects = [
      checked(a) := true
    ]
  }
  action examineReceptacle(Agent - Checkable a, Receptacle - Checkable r) {
    preconditions = [
      Exists (Location - Checkable l) (atLocation(a, l) and receptacleAtLocation(r, l))
    ]
    effects = [
      checked(r) := true
    ]
  }
  action examineObject(Agent - Checkable a, Obj - Checkable o) {
    preconditions = [
      (Exists (Location - Checkable l) Exists (Receptacle - Checkable r) (atLocation(a, l) and receptacleAtLocation(r, l) and inReceptacle(o, r) and ((not openable(r)) or opened(r))) or holds(a, o))
    ]
    effects = [
      checked(o) := true
    ]
  }
  action goToLocation(Agent - Checkable a, Location - Checkable lstart, Location - Checkable lend) {
    preconditions = [
      atLocation(a, lstart)
    ]
    effects = [
      atLocation(a, lstart) := false
      atLocation(a, lend) := true
    ]
  }
  action openObject(Agent - Checkable a, Location - Checkable l, Receptacle - Checkable r) {
    preconditions = [
      (openable(r) and atLocation(a, l) and receptacleAtLocation(r, l) and (not opened(r)))
    ]
    effects = [
      opened(r) := true
      checked(r) := true
    ]
  }
  action closeObject(Agent - Checkable a, Location - Checkable l, Receptacle - Checkable r) {
    preconditions = [
      (openable(r) and atLocation(a, l) and receptacleAtLocation(r, l) and opened(r))
    ]
    effects = [
      opened(r) := false
    ]
  }
  action pickupObject(Agent - Checkable a, Location - Checkable l, Obj - Checkable o, Receptacle - Checkable r) {
    preconditions = [
      (pickupable(o) and atLocation(a, l) and receptacleAtLocation(r, l) and inReceptacle(o, r) and (not holdsAny(a)) and ((not openable(r)) or opened(r)))
    ]
    effects = [
      inReceptacle(o, r) := false
      holds(a, o) := true
      holdsAny(a) := true
      objectAtLocation(o, l) := false
    ]
  }
  action putObject(Agent - Checkable a, Location - Checkable l, Obj - Checkable o, Receptacle - Checkable r, ObjectType ot, ReceptacleType rt) {
    preconditions = [
      (holds(a, o) and atLocation(a, l) and receptacleAtLocation(r, l) and ((not openable(r)) or opened(r)) and objectType(o, ot) and receptacleType(r, rt) and canContain(rt, ot))
    ]
    effects = [
      inReceptacle(o, r) := true
      objectAtLocation(o, l) := true
      holds(a, o) := false
      holdsAny(a) := false
    ]
  }
  action cleanObject(Agent - Checkable a, Location - Checkable l, Receptacle - Checkable r, Obj - Checkable o) {
    preconditions = [
      (cleanable(o) and receptacleType(r, sinkBasinType) and atLocation(a, l) and receptacleAtLocation(r, l) and holds(a, o))
    ]
    effects = [
      isClean(o) := true
    ]
  }
  action heatObject(Agent - Checkable a, Location - Checkable l, Receptacle - Checkable r, Obj - Checkable o) {
    preconditions = [
      (heatable(o) and receptacleType(r, microwaveType) and atLocation(a, l) and receptacleAtLocation(r, l) and holds(a, o))
    ]
    effects = [
      isHot(o) := true
      isCool(o) := false
    ]
  }
  action coolObject(Agent - Checkable a, Location - Checkable l, Receptacle - Checkable r, Obj - Checkable o) {
    preconditions = [
      (coolable(o) and receptacleType(r, fridgeType) and atLocation(a, l) and receptacleAtLocation(r, l) and holds(a, o))
    ]
    effects = [
      isCool(o) := true
      isHot(o) := false
    ]
  }
  action toggleObject(Agent - Checkable a, Location - Checkable l, Obj - Checkable o, Receptacle - Checkable r) {
    preconditions = [
      (toggleable(o) and atLocation(a, l) and receptacleAtLocation(r, l) and inReceptacle(o, r))
    ]
    effects = [
      if isOn(o) then isOn(o) := false
      if (not isOn(o)) then isOn(o) := true
      isToggled(o) := true
    ]
  }
  action sliceObject(Agent - Checkable a, Location - Checkable l, Obj - Checkable co, Obj - Checkable ko) {
    preconditions = [
      (sliceable(co) and (objectType(ko, knifeType) or objectType(ko, butterKnifeType)) and atLocation(a, l) and objectAtLocation(co, l) and holds(a, ko))
    ]
    effects = [
      isSliced(co) := true
    ]
  }
  action help(Agent - Checkable a) {
    preconditions = [
    ]
    effects = [
      checked(a) := true
    ]
  }
]

objects = [
  ReceptacleType: [sinkBasinType, microwaveType, fridgeType, deskType, toiletPaperHangerType, laundryHamperType, safeType, sofaType, toiletType, armChairType, counterTopType, coffeeMachineType]
  ObjectType: [knifeType, butterKnifeType, toiletPaperRollType, spatulaType, basketBallType, toiletPaperType, potatoType, glassbottleType, candleType, plateType, panType]
  Checkable: [agent1, location1, location2, location3, location4, location5, location6, location7, location8, location9, location10, desk_1, toiletPaperHanger_2, laundryHamper_3, safe_4, sofa_5, toilet_6, armChair_7, toilet_8, counterTop_9, coffeeMachine_10, toiletPaperRoll_1, spatula_2, basketBall_3, toiletPaper_4, potato_5, glassbottle_6, candle_7, toiletPaperRoll_8, plate_9, pan_10]
  Agent - Checkable: [agent1]
  Location - Checkable: [location1, location2, location3, location4, location5, location6, location7, location8, location9, location10]
  Receptacle - Checkable: [desk_1, toiletPaperHanger_2, laundryHamper_3, safe_4, sofa_5, toilet_6, armChair_7, toilet_8, counterTop_9, coffeeMachine_10]
  Obj - Checkable: [toiletPaperRoll_1, spatula_2, basketBall_3, toiletPaper_4, potato_5, glassbottle_6, candle_7, toiletPaperRoll_8, plate_9, pan_10]
]

initial fluents default = [
  bool atLocation[a=Agent - Checkable, l=Location - Checkable] := false
  bool receptacleAtLocation[r=Receptacle - Checkable, l=Location - Checkable] := false
  bool objectAtLocation[o=Obj - Checkable, l=Location - Checkable] := false
  bool openable[r=Receptacle - Checkable] := false
  bool opened[r=Receptacle - Checkable] := false
  bool inReceptacle[o=Obj - Checkable, r=Receptacle - Checkable] := false
  bool isReceptacleObject[o=Obj - Checkable] := false
  bool inReceptacleObject[innerObject=Obj - Checkable, outObject=Obj - Checkable] := false
  bool isReceptacleObjectFull[o=Obj - Checkable] := false
  bool wasInReceptacle[o=Obj - Checkable, r=Receptacle - Checkable] := false
  bool checked[c=Checkable] := false
  bool examined[l=Location - Checkable] := false
  bool receptacleType[r=Receptacle - Checkable, rt=ReceptacleType] := false
  bool canContain[rt=ReceptacleType, ot=ObjectType] := false
  bool objectType[o=Obj - Checkable, t=ObjectType] := false
  bool holds[a=Agent - Checkable, o=Obj - Checkable] := false
  bool holdsAny[a=Agent - Checkable] := false
  bool holdsAnyReceptacleObject[a=Agent - Checkable] := false
  bool full[r=Receptacle - Checkable] := false
  bool isClean[o=Obj - Checkable] := false
  bool cleanable[o=Obj - Checkable] := false
  bool isHot[o=Obj - Checkable] := false
  bool heatable[o=Obj - Checkable] := false
  bool isCool[o=Obj - Checkable] := false
  bool coolable[o=Obj - Checkable] := false
  bool pickupable[o=Obj - Checkable] := false
  bool moveable[o=Obj - Checkable] := false
  bool toggleable[o=Obj - Checkable] := false
  bool isOn[o=Obj - Checkable] := false
  bool isToggled[o=Obj - Checkable] := false
  bool sliceable[o=Obj - Checkable] := false
  bool isSliced[o=Obj - Checkable] := false
]

initial values = [
  receptacleType(desk_1, deskType) := true
  receptacleType(toiletPaperHanger_2, toiletPaperHangerType) := true
  receptacleType(laundryHamper_3, laundryHamperType) := true
  receptacleType(safe_4, safeType) := true
  receptacleType(sofa_5, sofaType) := true
  receptacleType(toilet_6, toiletType) := true
  receptacleType(armChair_7, armChairType) := true
  receptacleType(toilet_8, toiletType) := true
  receptacleType(counterTop_9, counterTopType) := true
  receptacleType(coffeeMachine_10, coffeeMachineType) := true
  objectType(toiletPaperRoll_1, toiletPaperRollType) := true
  objectType(spatula_2, spatulaType) := true
  objectType(basketBall_3, basketBallType) := true
  objectType(toiletPaper_4, toiletPaperType) := true
  objectType(potato_5, potatoType) := true
  objectType(glassbottle_6, glassbottleType) := true
  objectType(candle_7, candleType) := true
  objectType(toiletPaperRoll_8, toiletPaperRollType) := true
  objectType(plate_9, plateType) := true
  objectType(pan_10, panType) := true
  canContain(deskType, toiletPaperRollType) := true
  canContain(deskType, basketBallType) := true
  canContain(deskType, toiletPaperType) := true
  canContain(deskType, glassbottleType) := true
  canContain(deskType, candleType) := true
  canContain(deskType, plateType) := true
  canContain(toiletPaperHangerType, toiletPaperRollType) := true
  canContain(toiletPaperHangerType, toiletPaperType) := true
  canContain(sofaType, basketBallType) := true
  canContain(toiletType, toiletPaperRollType) := true
  canContain(toiletType, toiletPaperType) := true
  canContain(toiletType, candleType) := true
  canContain(armChairType, basketBallType) := true
  canContain(counterTopType, toiletPaperRollType) := true
  canContain(counterTopType, spatulaType) := true
  canContain(counterTopType, basketBallType) := true
  canContain(counterTopType, toiletPaperType) := true
  canContain(counterTopType, potatoType) := true
  canContain(counterTopType, glassbottleType) := true
  canContain(counterTopType, candleType) := true
  canContain(counterTopType, plateType) := true
  canContain(counterTopType, panType) := true
  pickupable(toiletPaperRoll_1) := true
  pickupable(spatula_2) := true
  cleanable(spatula_2) := true
  pickupable(basketBall_3) := true
  pickupable(toiletPaper_4) := true
  pickupable(potato_5) := true
  cleanable(potato_5) := true
  heatable(potato_5) := true
  coolable(potato_5) := true
  sliceable(potato_5) := true
  pickupable(glassbottle_6) := true
  pickupable(candle_7) := true
  pickupable(toiletPaperRoll_8) := true
  pickupable(plate_9) := true
  isReceptacleObject(plate_9) := true
  cleanable(plate_9) := true
  heatable(plate_9) := true
  coolable(plate_9) := true
  pickupable(pan_10) := true
  isReceptacleObject(pan_10) := true
  cleanable(pan_10) := true
  coolable(pan_10) := true
  receptacleAtLocation(desk_1, location7) := true
  receptacleAtLocation(toiletPaperHanger_2, location5) := true
  receptacleAtLocation(laundryHamper_3, location1) := true
  receptacleAtLocation(safe_4, location4) := true
  receptacleAtLocation(sofa_5, location8) := true
  receptacleAtLocation(toilet_6, location8) := true
  receptacleAtLocation(armChair_7, location1) := true
  receptacleAtLocation(toilet_8, location5) := true
  receptacleAtLocation(counterTop_9, location6) := true
  receptacleAtLocation(coffeeMachine_10, location6) := true
  inReceptacle(candle_7, desk_1) := true
  objectAtLocation(toiletPaperRoll_1, location5) := true
  objectAtLocation(spatula_2, location6) := true
  objectAtLocation(basketBall_3, location9) := true
  objectAtLocation(toiletPaper_4, location3) := true
  objectAtLocation(potato_5, location6) := true
  objectAtLocation(glassbottle_6, location6) := true
  objectAtLocation(candle_7, location7) := true
  objectAtLocation(toiletPaperRoll_8, location10) := true
  objectAtLocation(plate_9, location1) := true
  objectAtLocation(pan_10, location3) := true
  atLocation(agent1, location1) := true
]

goals = [
  Exists (Receptacle - Checkable r) Exists (Obj - Checkable o) (coolable(o) and objectType(o, plateType) and receptacleType(r, counterTopType) and isCool(o) and inReceptacle(o, r))
]

quality metrics = [
  minimize sequential-plan-length
]


2025-06-17 09:55:30,963 - INFO - Generating plan for unconstrained problem

2025-06-17 09:55:31,285 - INFO - Unconstrained plan generation time: 0.3212769031524658

