2025-06-17 10:20:52,754 - INFO - 
================= Seed: 651 =================

2025-06-17 10:20:52,759 - INFO - problem name = alfred

types = [ReceptacleType, ObjectType, Checkable, Agent - Checkable, Location - Checkable, Receptacle - Checkable, Obj - Checkable]

fluents = [
  bool atLocation[a=Agent - Checkable, l=Location - Checkable]
  bool receptacleAtLocation[r=Receptacle - Checkable, l=Location - Checkable]
  bool objectAtLocation[o=Obj - Checkable, l=Location - Checkable]
  bool openable[r=Receptacle - Checkable]
  bool opened[r=Receptacle - Checkable]
  bool inReceptacle[o=Obj - Checkable, r=Receptacle - Checkable]
  bool isReceptacleObject[o=Obj - Checkable]
  bool inReceptacleObject[innerObject=Obj - Checkable, outObject=Obj - Checkable]
  bool isReceptacleObjectFull[o=Obj - Checkable]
  bool wasInReceptacle[o=Obj - Checkable, r=Receptacle - Checkable]
  bool checked[c=Checkable]
  bool examined[l=Location - Checkable]
  bool receptacleType[r=Receptacle - Checkable, rt=ReceptacleType]
  bool canContain[rt=ReceptacleType, ot=ObjectType]
  bool objectType[o=Obj - Checkable, t=ObjectType]
  bool holds[a=Agent - Checkable, o=Obj - Checkable]
  bool holdsAny[a=Agent - Checkable]
  bool holdsAnyReceptacleObject[a=Agent - Checkable]
  bool full[r=Receptacle - Checkable]
  bool isClean[o=Obj - Checkable]
  bool cleanable[o=Obj - Checkable]
  bool isHot[o=Obj - Checkable]
  bool heatable[o=Obj - Checkable]
  bool isCool[o=Obj - Checkable]
  bool coolable[o=Obj - Checkable]
  bool pickupable[o=Obj - Checkable]
  bool moveable[o=Obj - Checkable]
  bool toggleable[o=Obj - Checkable]
  bool isOn[o=Obj - Checkable]
  bool isToggled[o=Obj - Checkable]
  bool sliceable[o=Obj - Checkable]
  bool isSliced[o=Obj - Checkable]
]

actions = [
  action look(Agent - Checkable a, Location - Checkable l) {
    preconditions = [
      atLocation(a, l)
    ]
    effects = [
      checked(l) := true
    ]
  }
  action inventory(Agent - Checkable a) {
    preconditions = [
    ]
    effects = [
      checked(a) := true
    ]
  }
  action examineReceptacle(Agent - Checkable a, Receptacle - Checkable r) {
    preconditions = [
      Exists (Location - Checkable l) (atLocation(a, l) and receptacleAtLocation(r, l))
    ]
    effects = [
      checked(r) := true
    ]
  }
  action examineObject(Agent - Checkable a, Obj - Checkable o) {
    preconditions = [
      (Exists (Location - Checkable l) Exists (Receptacle - Checkable r) (atLocation(a, l) and receptacleAtLocation(r, l) and inReceptacle(o, r) and ((not openable(r)) or opened(r))) or holds(a, o))
    ]
    effects = [
      checked(o) := true
    ]
  }
  action goToLocation(Agent - Checkable a, Location - Checkable lstart, Location - Checkable lend) {
    preconditions = [
      atLocation(a, lstart)
    ]
    effects = [
      atLocation(a, lstart) := false
      atLocation(a, lend) := true
    ]
  }
  action openObject(Agent - Checkable a, Location - Checkable l, Receptacle - Checkable r) {
    preconditions = [
      (openable(r) and atLocation(a, l) and receptacleAtLocation(r, l) and (not opened(r)))
    ]
    effects = [
      opened(r) := true
      checked(r) := true
    ]
  }
  action closeObject(Agent - Checkable a, Location - Checkable l, Receptacle - Checkable r) {
    preconditions = [
      (openable(r) and atLocation(a, l) and receptacleAtLocation(r, l) and opened(r))
    ]
    effects = [
      opened(r) := false
    ]
  }
  action pickupObject(Agent - Checkable a, Location - Checkable l, Obj - Checkable o, Receptacle - Checkable r) {
    preconditions = [
      (pickupable(o) and atLocation(a, l) and receptacleAtLocation(r, l) and inReceptacle(o, r) and (not holdsAny(a)) and ((not openable(r)) or opened(r)))
    ]
    effects = [
      inReceptacle(o, r) := false
      holds(a, o) := true
      holdsAny(a) := true
      objectAtLocation(o, l) := false
    ]
  }
  action putObject(Agent - Checkable a, Location - Checkable l, Obj - Checkable o, Receptacle - Checkable r, ObjectType ot, ReceptacleType rt) {
    preconditions = [
      (holds(a, o) and atLocation(a, l) and receptacleAtLocation(r, l) and ((not openable(r)) or opened(r)) and objectType(o, ot) and receptacleType(r, rt) and canContain(rt, ot))
    ]
    effects = [
      inReceptacle(o, r) := true
      objectAtLocation(o, l) := true
      holds(a, o) := false
      holdsAny(a) := false
    ]
  }
  action cleanObject(Agent - Checkable a, Location - Checkable l, Receptacle - Checkable r, Obj - Checkable o) {
    preconditions = [
      (cleanable(o) and receptacleType(r, sinkBasinType) and atLocation(a, l) and receptacleAtLocation(r, l) and holds(a, o))
    ]
    effects = [
      isClean(o) := true
    ]
  }
  action heatObject(Agent - Checkable a, Location - Checkable l, Receptacle - Checkable r, Obj - Checkable o) {
    preconditions = [
      (heatable(o) and receptacleType(r, microwaveType) and atLocation(a, l) and receptacleAtLocation(r, l) and holds(a, o))
    ]
    effects = [
      isHot(o) := true
      isCool(o) := false
    ]
  }
  action coolObject(Agent - Checkable a, Location - Checkable l, Receptacle - Checkable r, Obj - Checkable o) {
    preconditions = [
      (coolable(o) and receptacleType(r, fridgeType) and atLocation(a, l) and receptacleAtLocation(r, l) and holds(a, o))
    ]
    effects = [
      isCool(o) := true
      isHot(o) := false
    ]
  }
  action toggleObject(Agent - Checkable a, Location - Checkable l, Obj - Checkable o, Receptacle - Checkable r) {
    preconditions = [
      (toggleable(o) and atLocation(a, l) and receptacleAtLocation(r, l) and inReceptacle(o, r))
    ]
    effects = [
      if isOn(o) then isOn(o) := false
      if (not isOn(o)) then isOn(o) := true
      isToggled(o) := true
    ]
  }
  action sliceObject(Agent - Checkable a, Location - Checkable l, Obj - Checkable co, Obj - Checkable ko) {
    preconditions = [
      (sliceable(co) and (objectType(ko, knifeType) or objectType(ko, butterKnifeType)) and atLocation(a, l) and objectAtLocation(co, l) and holds(a, ko))
    ]
    effects = [
      isSliced(co) := true
    ]
  }
  action help(Agent - Checkable a) {
    preconditions = [
    ]
    effects = [
      checked(a) := true
    ]
  }
]

objects = [
  ReceptacleType: [sinkBasinType, microwaveType, fridgeType, drawerType, bedType, bathtubBasinType, cabinetType, dresserType, ottomanType, tvStandType, counterTopType]
  ObjectType: [knifeType, butterKnifeType, breadType, ladleType, pencilType, clothType, dishSpongeType, bowlType, bookType, toiletPaperRollType, watchType, potType]
  Checkable: [agent1, location1, location2, location3, location4, location5, location6, location7, location8, location9, location10, drawer_1, bed_2, bathtubBasin_3, cabinet_4, dresser_5, drawer_6, sinkBasin_7, ottoman_8, tvStand_9, counterTop_10, bread_1, ladle_2, pencil_3, cloth_4, dishSponge_5, bowl_6, book_7, toiletPaperRoll_8, watch_9, pot_10]
  Agent - Checkable: [agent1]
  Location - Checkable: [location1, location2, location3, location4, location5, location6, location7, location8, location9, location10]
  Receptacle - Checkable: [drawer_1, bed_2, bathtubBasin_3, cabinet_4, dresser_5, drawer_6, sinkBasin_7, ottoman_8, tvStand_9, counterTop_10]
  Obj - Checkable: [bread_1, ladle_2, pencil_3, cloth_4, dishSponge_5, bowl_6, book_7, toiletPaperRoll_8, watch_9, pot_10]
]

initial fluents default = [
  bool atLocation[a=Agent - Checkable, l=Location - Checkable] := false
  bool receptacleAtLocation[r=Receptacle - Checkable, l=Location - Checkable] := false
  bool objectAtLocation[o=Obj - Checkable, l=Location - Checkable] := false
  bool openable[r=Receptacle - Checkable] := false
  bool opened[r=Receptacle - Checkable] := false
  bool inReceptacle[o=Obj - Checkable, r=Receptacle - Checkable] := false
  bool isReceptacleObject[o=Obj - Checkable] := false
  bool inReceptacleObject[innerObject=Obj - Checkable, outObject=Obj - Checkable] := false
  bool isReceptacleObjectFull[o=Obj - Checkable] := false
  bool wasInReceptacle[o=Obj - Checkable, r=Receptacle - Checkable] := false
  bool checked[c=Checkable] := false
  bool examined[l=Location - Checkable] := false
  bool receptacleType[r=Receptacle - Checkable, rt=ReceptacleType] := false
  bool canContain[rt=ReceptacleType, ot=ObjectType] := false
  bool objectType[o=Obj - Checkable, t=ObjectType] := false
  bool holds[a=Agent - Checkable, o=Obj - Checkable] := false
  bool holdsAny[a=Agent - Checkable] := false
  bool holdsAnyReceptacleObject[a=Agent - Checkable] := false
  bool full[r=Receptacle - Checkable] := false
  bool isClean[o=Obj - Checkable] := false
  bool cleanable[o=Obj - Checkable] := false
  bool isHot[o=Obj - Checkable] := false
  bool heatable[o=Obj - Checkable] := false
  bool isCool[o=Obj - Checkable] := false
  bool coolable[o=Obj - Checkable] := false
  bool pickupable[o=Obj - Checkable] := false
  bool moveable[o=Obj - Checkable] := false
  bool toggleable[o=Obj - Checkable] := false
  bool isOn[o=Obj - Checkable] := false
  bool isToggled[o=Obj - Checkable] := false
  bool sliceable[o=Obj - Checkable] := false
  bool isSliced[o=Obj - Checkable] := false
]

initial values = [
  receptacleType(drawer_1, drawerType) := true
  receptacleType(bed_2, bedType) := true
  receptacleType(bathtubBasin_3, bathtubBasinType) := true
  receptacleType(cabinet_4, cabinetType) := true
  receptacleType(dresser_5, dresserType) := true
  receptacleType(drawer_6, drawerType) := true
  receptacleType(sinkBasin_7, sinkBasinType) := true
  receptacleType(ottoman_8, ottomanType) := true
  receptacleType(tvStand_9, tvStandType) := true
  receptacleType(counterTop_10, counterTopType) := true
  objectType(bread_1, breadType) := true
  objectType(ladle_2, ladleType) := true
  objectType(pencil_3, pencilType) := true
  objectType(cloth_4, clothType) := true
  objectType(dishSponge_5, dishSpongeType) := true
  objectType(bowl_6, bowlType) := true
  objectType(book_7, bookType) := true
  objectType(toiletPaperRoll_8, toiletPaperRollType) := true
  objectType(watch_9, watchType) := true
  objectType(pot_10, potType) := true
  canContain(drawerType, ladleType) := true
  canContain(drawerType, pencilType) := true
  canContain(drawerType, clothType) := true
  canContain(drawerType, dishSpongeType) := true
  canContain(drawerType, bookType) := true
  canContain(drawerType, toiletPaperRollType) := true
  canContain(drawerType, watchType) := true
  canContain(bedType, bookType) := true
  canContain(bathtubBasinType, clothType) := true
  canContain(bathtubBasinType, dishSpongeType) := true
  canContain(cabinetType, ladleType) := true
  canContain(cabinetType, clothType) := true
  canContain(cabinetType, dishSpongeType) := true
  canContain(cabinetType, bowlType) := true
  canContain(cabinetType, bookType) := true
  canContain(cabinetType, toiletPaperRollType) := true
  canContain(cabinetType, potType) := true
  canContain(dresserType, pencilType) := true
  canContain(dresserType, clothType) := true
  canContain(dresserType, bowlType) := true
  canContain(dresserType, bookType) := true
  canContain(dresserType, toiletPaperRollType) := true
  canContain(dresserType, watchType) := true
  canContain(sinkBasinType, ladleType) := true
  canContain(sinkBasinType, clothType) := true
  canContain(sinkBasinType, dishSpongeType) := true
  canContain(sinkBasinType, bowlType) := true
  canContain(sinkBasinType, potType) := true
  canContain(ottomanType, clothType) := true
  canContain(ottomanType, bookType) := true
  canContain(counterTopType, breadType) := true
  canContain(counterTopType, ladleType) := true
  canContain(counterTopType, pencilType) := true
  canContain(counterTopType, clothType) := true
  canContain(counterTopType, dishSpongeType) := true
  canContain(counterTopType, bowlType) := true
  canContain(counterTopType, bookType) := true
  canContain(counterTopType, toiletPaperRollType) := true
  canContain(counterTopType, watchType) := true
  canContain(counterTopType, potType) := true
  pickupable(bread_1) := true
  heatable(bread_1) := true
  coolable(bread_1) := true
  sliceable(bread_1) := true
  pickupable(ladle_2) := true
  cleanable(ladle_2) := true
  pickupable(pencil_3) := true
  pickupable(cloth_4) := true
  cleanable(cloth_4) := true
  pickupable(dishSponge_5) := true
  cleanable(dishSponge_5) := true
  pickupable(bowl_6) := true
  isReceptacleObject(bowl_6) := true
  cleanable(bowl_6) := true
  coolable(bowl_6) := true
  pickupable(book_7) := true
  pickupable(toiletPaperRoll_8) := true
  pickupable(watch_9) := true
  pickupable(pot_10) := true
  isReceptacleObject(pot_10) := true
  cleanable(pot_10) := true
  coolable(pot_10) := true
  receptacleAtLocation(drawer_1, location9) := true
  receptacleAtLocation(bed_2, location6) := true
  receptacleAtLocation(bathtubBasin_3, location6) := true
  receptacleAtLocation(cabinet_4, location4) := true
  receptacleAtLocation(dresser_5, location2) := true
  receptacleAtLocation(drawer_6, location7) := true
  receptacleAtLocation(sinkBasin_7, location3) := true
  receptacleAtLocation(ottoman_8, location10) := true
  receptacleAtLocation(tvStand_9, location1) := true
  receptacleAtLocation(counterTop_10, location9) := true
  inReceptacle(pencil_3, counterTop_10) := true
  inReceptacle(cloth_4, drawer_1) := true
  inReceptacle(book_7, cabinet_4) := true
  objectAtLocation(bread_1, location3) := true
  objectAtLocation(ladle_2, location4) := true
  objectAtLocation(pencil_3, location9) := true
  objectAtLocation(cloth_4, location9) := true
  objectAtLocation(dishSponge_5, location1) := true
  objectAtLocation(bowl_6, location3) := true
  objectAtLocation(book_7, location4) := true
  objectAtLocation(toiletPaperRoll_8, location1) := true
  objectAtLocation(watch_9, location5) := true
  objectAtLocation(pot_10, location10) := true
  atLocation(agent1, location5) := true
]

goals = [
  Exists (Receptacle - Checkable r) Exists (Obj - Checkable o) (inReceptacle(o, r) and objectType(o, toiletPaperRollType) and receptacleType(r, counterTopType))
]

quality metrics = [
  minimize sequential-plan-length
]


2025-06-17 10:20:52,761 - INFO - Generating plan for unconstrained problem

2025-06-17 10:20:53,070 - INFO - Unconstrained plan generation time: 0.3088405132293701

