2025-06-17 11:16:36,704 - INFO - 
================= Seed: 71 =================

2025-06-17 11:16:36,704 - INFO - problem name = alfred

types = [ReceptacleType, ObjectType, Checkable, Agent - Checkable, Location - Checkable, Receptacle - Checkable, Obj - Checkable]

fluents = [
  bool atLocation[a=Agent - Checkable, l=Location - Checkable]
  bool receptacleAtLocation[r=Receptacle - Checkable, l=Location - Checkable]
  bool objectAtLocation[o=Obj - Checkable, l=Location - Checkable]
  bool openable[r=Receptacle - Checkable]
  bool opened[r=Receptacle - Checkable]
  bool inReceptacle[o=Obj - Checkable, r=Receptacle - Checkable]
  bool isReceptacleObject[o=Obj - Checkable]
  bool inReceptacleObject[innerObject=Obj - Checkable, outObject=Obj - Checkable]
  bool isReceptacleObjectFull[o=Obj - Checkable]
  bool wasInReceptacle[o=Obj - Checkable, r=Receptacle - Checkable]
  bool checked[c=Checkable]
  bool examined[l=Location - Checkable]
  bool receptacleType[r=Receptacle - Checkable, rt=ReceptacleType]
  bool canContain[rt=ReceptacleType, ot=ObjectType]
  bool objectType[o=Obj - Checkable, t=ObjectType]
  bool holds[a=Agent - Checkable, o=Obj - Checkable]
  bool holdsAny[a=Agent - Checkable]
  bool holdsAnyReceptacleObject[a=Agent - Checkable]
  bool full[r=Receptacle - Checkable]
  bool isClean[o=Obj - Checkable]
  bool cleanable[o=Obj - Checkable]
  bool isHot[o=Obj - Checkable]
  bool heatable[o=Obj - Checkable]
  bool isCool[o=Obj - Checkable]
  bool coolable[o=Obj - Checkable]
  bool pickupable[o=Obj - Checkable]
  bool moveable[o=Obj - Checkable]
  bool toggleable[o=Obj - Checkable]
  bool isOn[o=Obj - Checkable]
  bool isToggled[o=Obj - Checkable]
  bool sliceable[o=Obj - Checkable]
  bool isSliced[o=Obj - Checkable]
]

actions = [
  action look(Agent - Checkable a, Location - Checkable l) {
    preconditions = [
      atLocation(a, l)
    ]
    effects = [
      checked(l) := true
    ]
  }
  action inventory(Agent - Checkable a) {
    preconditions = [
    ]
    effects = [
      checked(a) := true
    ]
  }
  action examineReceptacle(Agent - Checkable a, Receptacle - Checkable r) {
    preconditions = [
      Exists (Location - Checkable l) (atLocation(a, l) and receptacleAtLocation(r, l))
    ]
    effects = [
      checked(r) := true
    ]
  }
  action examineObject(Agent - Checkable a, Obj - Checkable o) {
    preconditions = [
      (Exists (Location - Checkable l) Exists (Receptacle - Checkable r) (atLocation(a, l) and receptacleAtLocation(r, l) and inReceptacle(o, r) and ((not openable(r)) or opened(r))) or holds(a, o))
    ]
    effects = [
      checked(o) := true
    ]
  }
  action goToLocation(Agent - Checkable a, Location - Checkable lstart, Location - Checkable lend) {
    preconditions = [
      atLocation(a, lstart)
    ]
    effects = [
      atLocation(a, lstart) := false
      atLocation(a, lend) := true
    ]
  }
  action openObject(Agent - Checkable a, Location - Checkable l, Receptacle - Checkable r) {
    preconditions = [
      (openable(r) and atLocation(a, l) and receptacleAtLocation(r, l) and (not opened(r)))
    ]
    effects = [
      opened(r) := true
      checked(r) := true
    ]
  }
  action closeObject(Agent - Checkable a, Location - Checkable l, Receptacle - Checkable r) {
    preconditions = [
      (openable(r) and atLocation(a, l) and receptacleAtLocation(r, l) and opened(r))
    ]
    effects = [
      opened(r) := false
    ]
  }
  action pickupObject(Agent - Checkable a, Location - Checkable l, Obj - Checkable o, Receptacle - Checkable r) {
    preconditions = [
      (pickupable(o) and atLocation(a, l) and receptacleAtLocation(r, l) and inReceptacle(o, r) and (not holdsAny(a)) and ((not openable(r)) or opened(r)))
    ]
    effects = [
      inReceptacle(o, r) := false
      holds(a, o) := true
      holdsAny(a) := true
      objectAtLocation(o, l) := false
    ]
  }
  action putObject(Agent - Checkable a, Location - Checkable l, Obj - Checkable o, Receptacle - Checkable r, ObjectType ot, ReceptacleType rt) {
    preconditions = [
      (holds(a, o) and atLocation(a, l) and receptacleAtLocation(r, l) and ((not openable(r)) or opened(r)) and objectType(o, ot) and receptacleType(r, rt) and canContain(rt, ot))
    ]
    effects = [
      inReceptacle(o, r) := true
      objectAtLocation(o, l) := true
      holds(a, o) := false
      holdsAny(a) := false
    ]
  }
  action cleanObject(Agent - Checkable a, Location - Checkable l, Receptacle - Checkable r, Obj - Checkable o) {
    preconditions = [
      (cleanable(o) and receptacleType(r, sinkBasinType) and atLocation(a, l) and receptacleAtLocation(r, l) and holds(a, o))
    ]
    effects = [
      isClean(o) := true
    ]
  }
  action heatObject(Agent - Checkable a, Location - Checkable l, Receptacle - Checkable r, Obj - Checkable o) {
    preconditions = [
      (heatable(o) and receptacleType(r, microwaveType) and atLocation(a, l) and receptacleAtLocation(r, l) and holds(a, o))
    ]
    effects = [
      isHot(o) := true
      isCool(o) := false
    ]
  }
  action coolObject(Agent - Checkable a, Location - Checkable l, Receptacle - Checkable r, Obj - Checkable o) {
    preconditions = [
      (coolable(o) and receptacleType(r, fridgeType) and atLocation(a, l) and receptacleAtLocation(r, l) and holds(a, o))
    ]
    effects = [
      isCool(o) := true
      isHot(o) := false
    ]
  }
  action toggleObject(Agent - Checkable a, Location - Checkable l, Obj - Checkable o, Receptacle - Checkable r) {
    preconditions = [
      (toggleable(o) and atLocation(a, l) and receptacleAtLocation(r, l) and inReceptacle(o, r))
    ]
    effects = [
      if isOn(o) then isOn(o) := false
      if (not isOn(o)) then isOn(o) := true
      isToggled(o) := true
    ]
  }
  action sliceObject(Agent - Checkable a, Location - Checkable l, Obj - Checkable co, Obj - Checkable ko) {
    preconditions = [
      (sliceable(co) and (objectType(ko, knifeType) or objectType(ko, butterKnifeType)) and atLocation(a, l) and objectAtLocation(co, l) and holds(a, ko))
    ]
    effects = [
      isSliced(co) := true
    ]
  }
  action help(Agent - Checkable a) {
    preconditions = [
    ]
    effects = [
      checked(a) := true
    ]
  }
]

objects = [
  ReceptacleType: [sinkBasinType, microwaveType, fridgeType, towelHolderType, armChairType, deskType, bathtubBasinType, garbageCanType, cabinetType, bedType, laundryHamperType, counterTopType]
  ObjectType: [knifeType, butterKnifeType, plungerType, tennisRacketType, spoonType, forkType, cupType, sprayBottleType, vaseType, newspaperType, baseballBatType, potType]
  Checkable: [agent1, location1, location2, location3, location4, location5, location6, location7, location8, location9, location10, microwave_1, towelHolder_2, armChair_3, desk_4, bathtubBasin_5, garbageCan_6, cabinet_7, bed_8, laundryHamper_9, counterTop_10, microwave_11, fridge_12, plunger_1, tennisRacket_2, spoon_3, fork_4, cup_5, sprayBottle_6, vase_7, newspaper_8, baseballBat_9, pot_10]
  Agent - Checkable: [agent1]
  Location - Checkable: [location1, location2, location3, location4, location5, location6, location7, location8, location9, location10]
  Receptacle - Checkable: [microwave_1, towelHolder_2, armChair_3, desk_4, bathtubBasin_5, garbageCan_6, cabinet_7, bed_8, laundryHamper_9, counterTop_10, microwave_11, fridge_12]
  Obj - Checkable: [plunger_1, tennisRacket_2, spoon_3, fork_4, cup_5, sprayBottle_6, vase_7, newspaper_8, baseballBat_9, pot_10]
]

initial fluents default = [
  bool atLocation[a=Agent - Checkable, l=Location - Checkable] := false
  bool receptacleAtLocation[r=Receptacle - Checkable, l=Location - Checkable] := false
  bool objectAtLocation[o=Obj - Checkable, l=Location - Checkable] := false
  bool openable[r=Receptacle - Checkable] := false
  bool opened[r=Receptacle - Checkable] := false
  bool inReceptacle[o=Obj - Checkable, r=Receptacle - Checkable] := false
  bool isReceptacleObject[o=Obj - Checkable] := false
  bool inReceptacleObject[innerObject=Obj - Checkable, outObject=Obj - Checkable] := false
  bool isReceptacleObjectFull[o=Obj - Checkable] := false
  bool wasInReceptacle[o=Obj - Checkable, r=Receptacle - Checkable] := false
  bool checked[c=Checkable] := false
  bool examined[l=Location - Checkable] := false
  bool receptacleType[r=Receptacle - Checkable, rt=ReceptacleType] := false
  bool canContain[rt=ReceptacleType, ot=ObjectType] := false
  bool objectType[o=Obj - Checkable, t=ObjectType] := false
  bool holds[a=Agent - Checkable, o=Obj - Checkable] := false
  bool holdsAny[a=Agent - Checkable] := false
  bool holdsAnyReceptacleObject[a=Agent - Checkable] := false
  bool full[r=Receptacle - Checkable] := false
  bool isClean[o=Obj - Checkable] := false
  bool cleanable[o=Obj - Checkable] := false
  bool isHot[o=Obj - Checkable] := false
  bool heatable[o=Obj - Checkable] := false
  bool isCool[o=Obj - Checkable] := false
  bool coolable[o=Obj - Checkable] := false
  bool pickupable[o=Obj - Checkable] := false
  bool moveable[o=Obj - Checkable] := false
  bool toggleable[o=Obj - Checkable] := false
  bool isOn[o=Obj - Checkable] := false
  bool isToggled[o=Obj - Checkable] := false
  bool sliceable[o=Obj - Checkable] := false
  bool isSliced[o=Obj - Checkable] := false
]

initial values = [
  receptacleType(microwave_1, microwaveType) := true
  receptacleType(towelHolder_2, towelHolderType) := true
  receptacleType(armChair_3, armChairType) := true
  receptacleType(desk_4, deskType) := true
  receptacleType(bathtubBasin_5, bathtubBasinType) := true
  receptacleType(garbageCan_6, garbageCanType) := true
  receptacleType(cabinet_7, cabinetType) := true
  receptacleType(bed_8, bedType) := true
  receptacleType(laundryHamper_9, laundryHamperType) := true
  receptacleType(counterTop_10, counterTopType) := true
  receptacleType(microwave_11, microwaveType) := true
  receptacleType(fridge_12, fridgeType) := true
  objectType(plunger_1, plungerType) := true
  objectType(tennisRacket_2, tennisRacketType) := true
  objectType(spoon_3, spoonType) := true
  objectType(fork_4, forkType) := true
  objectType(cup_5, cupType) := true
  objectType(sprayBottle_6, sprayBottleType) := true
  objectType(vase_7, vaseType) := true
  objectType(newspaper_8, newspaperType) := true
  objectType(baseballBat_9, baseballBatType) := true
  objectType(pot_10, potType) := true
  canContain(microwaveType, cupType) := true
  canContain(armChairType, newspaperType) := true
  canContain(deskType, tennisRacketType) := true
  canContain(deskType, cupType) := true
  canContain(deskType, sprayBottleType) := true
  canContain(deskType, vaseType) := true
  canContain(deskType, newspaperType) := true
  canContain(garbageCanType, sprayBottleType) := true
  canContain(garbageCanType, newspaperType) := true
  canContain(cabinetType, plungerType) := true
  canContain(cabinetType, cupType) := true
  canContain(cabinetType, sprayBottleType) := true
  canContain(cabinetType, vaseType) := true
  canContain(cabinetType, newspaperType) := true
  canContain(cabinetType, potType) := true
  canContain(bedType, tennisRacketType) := true
  canContain(bedType, newspaperType) := true
  canContain(bedType, baseballBatType) := true
  canContain(counterTopType, tennisRacketType) := true
  canContain(counterTopType, spoonType) := true
  canContain(counterTopType, forkType) := true
  canContain(counterTopType, cupType) := true
  canContain(counterTopType, sprayBottleType) := true
  canContain(counterTopType, vaseType) := true
  canContain(counterTopType, newspaperType) := true
  canContain(counterTopType, baseballBatType) := true
  canContain(counterTopType, potType) := true
  canContain(fridgeType, cupType) := true
  canContain(fridgeType, potType) := true
  pickupable(plunger_1) := true
  pickupable(tennisRacket_2) := true
  pickupable(spoon_3) := true
  cleanable(spoon_3) := true
  pickupable(fork_4) := true
  cleanable(fork_4) := true
  pickupable(cup_5) := true
  isReceptacleObject(cup_5) := true
  cleanable(cup_5) := true
  heatable(cup_5) := true
  coolable(cup_5) := true
  pickupable(sprayBottle_6) := true
  pickupable(vase_7) := true
  pickupable(newspaper_8) := true
  pickupable(baseballBat_9) := true
  pickupable(pot_10) := true
  isReceptacleObject(pot_10) := true
  cleanable(pot_10) := true
  coolable(pot_10) := true
  receptacleAtLocation(microwave_1, location3) := true
  receptacleAtLocation(towelHolder_2, location6) := true
  receptacleAtLocation(armChair_3, location3) := true
  receptacleAtLocation(desk_4, location1) := true
  receptacleAtLocation(bathtubBasin_5, location6) := true
  receptacleAtLocation(garbageCan_6, location10) := true
  receptacleAtLocation(cabinet_7, location1) := true
  receptacleAtLocation(bed_8, location7) := true
  receptacleAtLocation(laundryHamper_9, location10) := true
  receptacleAtLocation(counterTop_10, location4) := true
  receptacleAtLocation(microwave_11, location3) := true
  receptacleAtLocation(fridge_12, location6) := true
  inReceptacle(plunger_1, cabinet_7) := true
  inReceptacle(tennisRacket_2, bed_8) := true
  inReceptacle(spoon_3, counterTop_10) := true
  inReceptacle(fork_4, counterTop_10) := true
  inReceptacle(cup_5, microwave_1) := true
  inReceptacle(sprayBottle_6, garbageCan_6) := true
  inReceptacle(vase_7, desk_4) := true
  inReceptacle(newspaper_8, cabinet_7) := true
  inReceptacle(baseballBat_9, bed_8) := true
  inReceptacle(pot_10, counterTop_10) := true
  objectAtLocation(plunger_1, location1) := true
  objectAtLocation(tennisRacket_2, location7) := true
  objectAtLocation(spoon_3, location4) := true
  objectAtLocation(fork_4, location4) := true
  objectAtLocation(cup_5, location3) := true
  objectAtLocation(sprayBottle_6, location10) := true
  objectAtLocation(vase_7, location1) := true
  objectAtLocation(newspaper_8, location1) := true
  objectAtLocation(baseballBat_9, location7) := true
  objectAtLocation(pot_10, location4) := true
  atLocation(agent1, location10) := true
]

goals = [
  Exists (Receptacle - Checkable r) Exists (Obj - Checkable o) (inReceptacle(o, r) and objectType(o, potType) and receptacleType(r, counterTopType))
]

quality metrics = [
  minimize sequential-plan-length
]


2025-06-17 11:16:36,706 - INFO - Generating plan for unconstrained problem

2025-06-17 11:16:37,109 - INFO - Unconstrained plan generation time: 0.402573823928833

2025-06-17 11:16:37,109 - INFO - Unconstrained plan and cost: 
2025-06-17 11:16:37,109 - INFO - SequentialPlan:
2025-06-17 11:16:37,109 - INFO - 0
2025-06-17 11:16:38,889 - INFO - Sampled constraints:

2025-06-17 11:16:38,889 - INFO - Sometime(atLocation(agent1, location3))
2025-06-17 11:16:38,889 - INFO - 
2025-06-17 11:16:38,889 - INFO - Generation time: 1.7791905403137207

2025-06-17 11:16:38,889 - INFO - Generating plan for constrained problem (with LiftedTCORE).

2025-06-17 11:16:38,956 - INFO - LiftedTCORE compilation time: 0.06674599647521973

2025-06-17 11:16:39,403 - INFO - Planning Time with LiftedTCORE's file: 0.44686245918273926

2025-06-17 11:16:39,403 - INFO - Plan found with LiftedTCORE + sym_bd: SequentialPlan:
    goToLocation(agent1, location10, location3)
2025-06-17 11:16:39,404 - INFO - Seed: 71 is solvable

2025-06-17 11:16:39,404 - INFO - Unconstrained cost: 0
2025-06-17 11:16:39,404 - INFO - Constrained cost: 1
2025-06-17 11:16:39,404 - INFO - Seed: 71 Plan simulation is feasible
2025-06-17 11:16:39,404 - INFO - 
Seed: 71 
 Plan: [goToLocation(agent1, location10, location3)]  
 Cost: 1

