2025-06-17 09:54:14,959 - INFO - 
================= Seed: 343 =================

2025-06-17 09:54:14,963 - INFO - problem name = alfred

types = [ReceptacleType, ObjectType, Checkable, Agent - Checkable, Location - Checkable, Receptacle - Checkable, Obj - Checkable]

fluents = [
  bool atLocation[a=Agent - Checkable, l=Location - Checkable]
  bool receptacleAtLocation[r=Receptacle - Checkable, l=Location - Checkable]
  bool objectAtLocation[o=Obj - Checkable, l=Location - Checkable]
  bool openable[r=Receptacle - Checkable]
  bool opened[r=Receptacle - Checkable]
  bool inReceptacle[o=Obj - Checkable, r=Receptacle - Checkable]
  bool isReceptacleObject[o=Obj - Checkable]
  bool inReceptacleObject[innerObject=Obj - Checkable, outObject=Obj - Checkable]
  bool isReceptacleObjectFull[o=Obj - Checkable]
  bool wasInReceptacle[o=Obj - Checkable, r=Receptacle - Checkable]
  bool checked[c=Checkable]
  bool examined[l=Location - Checkable]
  bool receptacleType[r=Receptacle - Checkable, rt=ReceptacleType]
  bool canContain[rt=ReceptacleType, ot=ObjectType]
  bool objectType[o=Obj - Checkable, t=ObjectType]
  bool holds[a=Agent - Checkable, o=Obj - Checkable]
  bool holdsAny[a=Agent - Checkable]
  bool holdsAnyReceptacleObject[a=Agent - Checkable]
  bool full[r=Receptacle - Checkable]
  bool isClean[o=Obj - Checkable]
  bool cleanable[o=Obj - Checkable]
  bool isHot[o=Obj - Checkable]
  bool heatable[o=Obj - Checkable]
  bool isCool[o=Obj - Checkable]
  bool coolable[o=Obj - Checkable]
  bool pickupable[o=Obj - Checkable]
  bool moveable[o=Obj - Checkable]
  bool toggleable[o=Obj - Checkable]
  bool isOn[o=Obj - Checkable]
  bool isToggled[o=Obj - Checkable]
  bool sliceable[o=Obj - Checkable]
  bool isSliced[o=Obj - Checkable]
]

actions = [
  action look(Agent - Checkable a, Location - Checkable l) {
    preconditions = [
      atLocation(a, l)
    ]
    effects = [
      checked(l) := true
    ]
  }
  action inventory(Agent - Checkable a) {
    preconditions = [
    ]
    effects = [
      checked(a) := true
    ]
  }
  action examineReceptacle(Agent - Checkable a, Receptacle - Checkable r) {
    preconditions = [
      Exists (Location - Checkable l) (atLocation(a, l) and receptacleAtLocation(r, l))
    ]
    effects = [
      checked(r) := true
    ]
  }
  action examineObject(Agent - Checkable a, Obj - Checkable o) {
    preconditions = [
      (Exists (Location - Checkable l) Exists (Receptacle - Checkable r) (atLocation(a, l) and receptacleAtLocation(r, l) and inReceptacle(o, r) and ((not openable(r)) or opened(r))) or holds(a, o))
    ]
    effects = [
      checked(o) := true
    ]
  }
  action goToLocation(Agent - Checkable a, Location - Checkable lstart, Location - Checkable lend) {
    preconditions = [
      atLocation(a, lstart)
    ]
    effects = [
      atLocation(a, lstart) := false
      atLocation(a, lend) := true
    ]
  }
  action openObject(Agent - Checkable a, Location - Checkable l, Receptacle - Checkable r) {
    preconditions = [
      (openable(r) and atLocation(a, l) and receptacleAtLocation(r, l) and (not opened(r)))
    ]
    effects = [
      opened(r) := true
      checked(r) := true
    ]
  }
  action closeObject(Agent - Checkable a, Location - Checkable l, Receptacle - Checkable r) {
    preconditions = [
      (openable(r) and atLocation(a, l) and receptacleAtLocation(r, l) and opened(r))
    ]
    effects = [
      opened(r) := false
    ]
  }
  action pickupObject(Agent - Checkable a, Location - Checkable l, Obj - Checkable o, Receptacle - Checkable r) {
    preconditions = [
      (pickupable(o) and atLocation(a, l) and receptacleAtLocation(r, l) and inReceptacle(o, r) and (not holdsAny(a)) and ((not openable(r)) or opened(r)))
    ]
    effects = [
      inReceptacle(o, r) := false
      holds(a, o) := true
      holdsAny(a) := true
      objectAtLocation(o, l) := false
    ]
  }
  action putObject(Agent - Checkable a, Location - Checkable l, Obj - Checkable o, Receptacle - Checkable r, ObjectType ot, ReceptacleType rt) {
    preconditions = [
      (holds(a, o) and atLocation(a, l) and receptacleAtLocation(r, l) and ((not openable(r)) or opened(r)) and objectType(o, ot) and receptacleType(r, rt) and canContain(rt, ot))
    ]
    effects = [
      inReceptacle(o, r) := true
      objectAtLocation(o, l) := true
      holds(a, o) := false
      holdsAny(a) := false
    ]
  }
  action cleanObject(Agent - Checkable a, Location - Checkable l, Receptacle - Checkable r, Obj - Checkable o) {
    preconditions = [
      (cleanable(o) and receptacleType(r, sinkBasinType) and atLocation(a, l) and receptacleAtLocation(r, l) and holds(a, o))
    ]
    effects = [
      isClean(o) := true
    ]
  }
  action heatObject(Agent - Checkable a, Location - Checkable l, Receptacle - Checkable r, Obj - Checkable o) {
    preconditions = [
      (heatable(o) and receptacleType(r, microwaveType) and atLocation(a, l) and receptacleAtLocation(r, l) and holds(a, o))
    ]
    effects = [
      isHot(o) := true
      isCool(o) := false
    ]
  }
  action coolObject(Agent - Checkable a, Location - Checkable l, Receptacle - Checkable r, Obj - Checkable o) {
    preconditions = [
      (coolable(o) and receptacleType(r, fridgeType) and atLocation(a, l) and receptacleAtLocation(r, l) and holds(a, o))
    ]
    effects = [
      isCool(o) := true
      isHot(o) := false
    ]
  }
  action toggleObject(Agent - Checkable a, Location - Checkable l, Obj - Checkable o, Receptacle - Checkable r) {
    preconditions = [
      (toggleable(o) and atLocation(a, l) and receptacleAtLocation(r, l) and inReceptacle(o, r))
    ]
    effects = [
      if isOn(o) then isOn(o) := false
      if (not isOn(o)) then isOn(o) := true
      isToggled(o) := true
    ]
  }
  action sliceObject(Agent - Checkable a, Location - Checkable l, Obj - Checkable co, Obj - Checkable ko) {
    preconditions = [
      (sliceable(co) and (objectType(ko, knifeType) or objectType(ko, butterKnifeType)) and atLocation(a, l) and objectAtLocation(co, l) and holds(a, ko))
    ]
    effects = [
      isSliced(co) := true
    ]
  }
  action help(Agent - Checkable a) {
    preconditions = [
    ]
    effects = [
      checked(a) := true
    ]
  }
]

objects = [
  ReceptacleType: [sinkBasinType, microwaveType, fridgeType, counterTopType, toiletPaperHangerType, laundryHamperType, toasterType, coffeeMachineType, sideTableType, bathtubBasinType, shelfType, towelHolderType]
  ObjectType: [knifeType, butterKnifeType, soapBarType, watchType, forkType, creditCardType, lettuceType, basketBallType, cdType, eggType, glassbottleType, cupType]
  Checkable: [agent1, location1, location2, location3, location4, location5, location6, location7, location8, location9, location10, counterTop_1, toiletPaperHanger_2, laundryHamper_3, toaster_4, coffeeMachine_5, sideTable_6, bathtubBasin_7, shelf_8, towelHolder_9, microwave_10, soapBar_1, watch_2, fork_3, creditCard_4, lettuce_5, basketBall_6, cd_7, egg_8, glassbottle_9, cup_10]
  Agent - Checkable: [agent1]
  Location - Checkable: [location1, location2, location3, location4, location5, location6, location7, location8, location9, location10]
  Receptacle - Checkable: [counterTop_1, toiletPaperHanger_2, laundryHamper_3, toaster_4, coffeeMachine_5, sideTable_6, bathtubBasin_7, shelf_8, towelHolder_9, microwave_10]
  Obj - Checkable: [soapBar_1, watch_2, fork_3, creditCard_4, lettuce_5, basketBall_6, cd_7, egg_8, glassbottle_9, cup_10]
]

initial fluents default = [
  bool atLocation[a=Agent - Checkable, l=Location - Checkable] := false
  bool receptacleAtLocation[r=Receptacle - Checkable, l=Location - Checkable] := false
  bool objectAtLocation[o=Obj - Checkable, l=Location - Checkable] := false
  bool openable[r=Receptacle - Checkable] := false
  bool opened[r=Receptacle - Checkable] := false
  bool inReceptacle[o=Obj - Checkable, r=Receptacle - Checkable] := false
  bool isReceptacleObject[o=Obj - Checkable] := false
  bool inReceptacleObject[innerObject=Obj - Checkable, outObject=Obj - Checkable] := false
  bool isReceptacleObjectFull[o=Obj - Checkable] := false
  bool wasInReceptacle[o=Obj - Checkable, r=Receptacle - Checkable] := false
  bool checked[c=Checkable] := false
  bool examined[l=Location - Checkable] := false
  bool receptacleType[r=Receptacle - Checkable, rt=ReceptacleType] := false
  bool canContain[rt=ReceptacleType, ot=ObjectType] := false
  bool objectType[o=Obj - Checkable, t=ObjectType] := false
  bool holds[a=Agent - Checkable, o=Obj - Checkable] := false
  bool holdsAny[a=Agent - Checkable] := false
  bool holdsAnyReceptacleObject[a=Agent - Checkable] := false
  bool full[r=Receptacle - Checkable] := false
  bool isClean[o=Obj - Checkable] := false
  bool cleanable[o=Obj - Checkable] := false
  bool isHot[o=Obj - Checkable] := false
  bool heatable[o=Obj - Checkable] := false
  bool isCool[o=Obj - Checkable] := false
  bool coolable[o=Obj - Checkable] := false
  bool pickupable[o=Obj - Checkable] := false
  bool moveable[o=Obj - Checkable] := false
  bool toggleable[o=Obj - Checkable] := false
  bool isOn[o=Obj - Checkable] := false
  bool isToggled[o=Obj - Checkable] := false
  bool sliceable[o=Obj - Checkable] := false
  bool isSliced[o=Obj - Checkable] := false
]

initial values = [
  receptacleType(counterTop_1, counterTopType) := true
  receptacleType(toiletPaperHanger_2, toiletPaperHangerType) := true
  receptacleType(laundryHamper_3, laundryHamperType) := true
  receptacleType(toaster_4, toasterType) := true
  receptacleType(coffeeMachine_5, coffeeMachineType) := true
  receptacleType(sideTable_6, sideTableType) := true
  receptacleType(bathtubBasin_7, bathtubBasinType) := true
  receptacleType(shelf_8, shelfType) := true
  receptacleType(towelHolder_9, towelHolderType) := true
  receptacleType(microwave_10, microwaveType) := true
  objectType(soapBar_1, soapBarType) := true
  objectType(watch_2, watchType) := true
  objectType(fork_3, forkType) := true
  objectType(creditCard_4, creditCardType) := true
  objectType(lettuce_5, lettuceType) := true
  objectType(basketBall_6, basketBallType) := true
  objectType(cd_7, cdType) := true
  objectType(egg_8, eggType) := true
  objectType(glassbottle_9, glassbottleType) := true
  objectType(cup_10, cupType) := true
  canContain(counterTopType, soapBarType) := true
  canContain(counterTopType, watchType) := true
  canContain(counterTopType, forkType) := true
  canContain(counterTopType, creditCardType) := true
  canContain(counterTopType, lettuceType) := true
  canContain(counterTopType, basketBallType) := true
  canContain(counterTopType, cdType) := true
  canContain(counterTopType, eggType) := true
  canContain(counterTopType, glassbottleType) := true
  canContain(counterTopType, cupType) := true
  canContain(sideTableType, soapBarType) := true
  canContain(sideTableType, watchType) := true
  canContain(sideTableType, forkType) := true
  canContain(sideTableType, creditCardType) := true
  canContain(sideTableType, lettuceType) := true
  canContain(sideTableType, basketBallType) := true
  canContain(sideTableType, eggType) := true
  canContain(sideTableType, glassbottleType) := true
  canContain(sideTableType, cupType) := true
  canContain(bathtubBasinType, soapBarType) := true
  canContain(shelfType, soapBarType) := true
  canContain(shelfType, watchType) := true
  canContain(shelfType, creditCardType) := true
  canContain(shelfType, cdType) := true
  canContain(shelfType, glassbottleType) := true
  canContain(shelfType, cupType) := true
  canContain(microwaveType, eggType) := true
  canContain(microwaveType, glassbottleType) := true
  canContain(microwaveType, cupType) := true
  pickupable(soapBar_1) := true
  cleanable(soapBar_1) := true
  pickupable(watch_2) := true
  pickupable(fork_3) := true
  cleanable(fork_3) := true
  pickupable(creditCard_4) := true
  pickupable(lettuce_5) := true
  cleanable(lettuce_5) := true
  coolable(lettuce_5) := true
  sliceable(lettuce_5) := true
  pickupable(basketBall_6) := true
  pickupable(cd_7) := true
  pickupable(egg_8) := true
  cleanable(egg_8) := true
  heatable(egg_8) := true
  coolable(egg_8) := true
  sliceable(egg_8) := true
  pickupable(glassbottle_9) := true
  pickupable(cup_10) := true
  isReceptacleObject(cup_10) := true
  cleanable(cup_10) := true
  heatable(cup_10) := true
  coolable(cup_10) := true
  receptacleAtLocation(counterTop_1, location9) := true
  receptacleAtLocation(toiletPaperHanger_2, location8) := true
  receptacleAtLocation(laundryHamper_3, location8) := true
  receptacleAtLocation(toaster_4, location9) := true
  receptacleAtLocation(coffeeMachine_5, location7) := true
  receptacleAtLocation(sideTable_6, location8) := true
  receptacleAtLocation(bathtubBasin_7, location8) := true
  receptacleAtLocation(shelf_8, location6) := true
  receptacleAtLocation(towelHolder_9, location9) := true
  receptacleAtLocation(microwave_10, location1) := true
  inReceptacle(watch_2, shelf_8) := true
  inReceptacle(creditCard_4, sideTable_6) := true
  inReceptacle(basketBall_6, counterTop_1) := true
  objectAtLocation(soapBar_1, location2) := true
  objectAtLocation(watch_2, location6) := true
  objectAtLocation(fork_3, location2) := true
  objectAtLocation(creditCard_4, location8) := true
  objectAtLocation(lettuce_5, location7) := true
  objectAtLocation(basketBall_6, location9) := true
  objectAtLocation(cd_7, location6) := true
  objectAtLocation(egg_8, location4) := true
  objectAtLocation(glassbottle_9, location2) := true
  objectAtLocation(cup_10, location1) := true
  atLocation(agent1, location8) := true
]

goals = [
  Exists (Receptacle - Checkable r) Exists (Obj - Checkable o) (inReceptacle(o, r) and objectType(o, forkType) and receptacleType(r, sideTableType))
]

quality metrics = [
  minimize sequential-plan-length
]


2025-06-17 09:54:14,965 - INFO - Generating plan for unconstrained problem

2025-06-17 09:54:15,332 - INFO - Unconstrained plan generation time: 0.3662374019622803

