2025-06-17 11:18:34,546 - INFO - 
================= Seed: 146 =================

2025-06-17 11:18:34,546 - INFO - problem name = alfred

types = [ReceptacleType, ObjectType, Checkable, Agent - Checkable, Location - Checkable, Receptacle - Checkable, Obj - Checkable]

fluents = [
  bool atLocation[a=Agent - Checkable, l=Location - Checkable]
  bool receptacleAtLocation[r=Receptacle - Checkable, l=Location - Checkable]
  bool objectAtLocation[o=Obj - Checkable, l=Location - Checkable]
  bool openable[r=Receptacle - Checkable]
  bool opened[r=Receptacle - Checkable]
  bool inReceptacle[o=Obj - Checkable, r=Receptacle - Checkable]
  bool isReceptacleObject[o=Obj - Checkable]
  bool inReceptacleObject[innerObject=Obj - Checkable, outObject=Obj - Checkable]
  bool isReceptacleObjectFull[o=Obj - Checkable]
  bool wasInReceptacle[o=Obj - Checkable, r=Receptacle - Checkable]
  bool checked[c=Checkable]
  bool examined[l=Location - Checkable]
  bool receptacleType[r=Receptacle - Checkable, rt=ReceptacleType]
  bool canContain[rt=ReceptacleType, ot=ObjectType]
  bool objectType[o=Obj - Checkable, t=ObjectType]
  bool holds[a=Agent - Checkable, o=Obj - Checkable]
  bool holdsAny[a=Agent - Checkable]
  bool holdsAnyReceptacleObject[a=Agent - Checkable]
  bool full[r=Receptacle - Checkable]
  bool isClean[o=Obj - Checkable]
  bool cleanable[o=Obj - Checkable]
  bool isHot[o=Obj - Checkable]
  bool heatable[o=Obj - Checkable]
  bool isCool[o=Obj - Checkable]
  bool coolable[o=Obj - Checkable]
  bool pickupable[o=Obj - Checkable]
  bool moveable[o=Obj - Checkable]
  bool toggleable[o=Obj - Checkable]
  bool isOn[o=Obj - Checkable]
  bool isToggled[o=Obj - Checkable]
  bool sliceable[o=Obj - Checkable]
  bool isSliced[o=Obj - Checkable]
]

actions = [
  action look(Agent - Checkable a, Location - Checkable l) {
    preconditions = [
      atLocation(a, l)
    ]
    effects = [
      checked(l) := true
    ]
  }
  action inventory(Agent - Checkable a) {
    preconditions = [
    ]
    effects = [
      checked(a) := true
    ]
  }
  action examineReceptacle(Agent - Checkable a, Receptacle - Checkable r) {
    preconditions = [
      Exists (Location - Checkable l) (atLocation(a, l) and receptacleAtLocation(r, l))
    ]
    effects = [
      checked(r) := true
    ]
  }
  action examineObject(Agent - Checkable a, Obj - Checkable o) {
    preconditions = [
      (Exists (Location - Checkable l) Exists (Receptacle - Checkable r) (atLocation(a, l) and receptacleAtLocation(r, l) and inReceptacle(o, r) and ((not openable(r)) or opened(r))) or holds(a, o))
    ]
    effects = [
      checked(o) := true
    ]
  }
  action goToLocation(Agent - Checkable a, Location - Checkable lstart, Location - Checkable lend) {
    preconditions = [
      atLocation(a, lstart)
    ]
    effects = [
      atLocation(a, lstart) := false
      atLocation(a, lend) := true
    ]
  }
  action openObject(Agent - Checkable a, Location - Checkable l, Receptacle - Checkable r) {
    preconditions = [
      (openable(r) and atLocation(a, l) and receptacleAtLocation(r, l) and (not opened(r)))
    ]
    effects = [
      opened(r) := true
      checked(r) := true
    ]
  }
  action closeObject(Agent - Checkable a, Location - Checkable l, Receptacle - Checkable r) {
    preconditions = [
      (openable(r) and atLocation(a, l) and receptacleAtLocation(r, l) and opened(r))
    ]
    effects = [
      opened(r) := false
    ]
  }
  action pickupObject(Agent - Checkable a, Location - Checkable l, Obj - Checkable o, Receptacle - Checkable r) {
    preconditions = [
      (pickupable(o) and atLocation(a, l) and receptacleAtLocation(r, l) and inReceptacle(o, r) and (not holdsAny(a)) and ((not openable(r)) or opened(r)))
    ]
    effects = [
      inReceptacle(o, r) := false
      holds(a, o) := true
      holdsAny(a) := true
      objectAtLocation(o, l) := false
    ]
  }
  action putObject(Agent - Checkable a, Location - Checkable l, Obj - Checkable o, Receptacle - Checkable r, ObjectType ot, ReceptacleType rt) {
    preconditions = [
      (holds(a, o) and atLocation(a, l) and receptacleAtLocation(r, l) and ((not openable(r)) or opened(r)) and objectType(o, ot) and receptacleType(r, rt) and canContain(rt, ot))
    ]
    effects = [
      inReceptacle(o, r) := true
      objectAtLocation(o, l) := true
      holds(a, o) := false
      holdsAny(a) := false
    ]
  }
  action cleanObject(Agent - Checkable a, Location - Checkable l, Receptacle - Checkable r, Obj - Checkable o) {
    preconditions = [
      (cleanable(o) and receptacleType(r, sinkBasinType) and atLocation(a, l) and receptacleAtLocation(r, l) and holds(a, o))
    ]
    effects = [
      isClean(o) := true
    ]
  }
  action heatObject(Agent - Checkable a, Location - Checkable l, Receptacle - Checkable r, Obj - Checkable o) {
    preconditions = [
      (heatable(o) and receptacleType(r, microwaveType) and atLocation(a, l) and receptacleAtLocation(r, l) and holds(a, o))
    ]
    effects = [
      isHot(o) := true
      isCool(o) := false
    ]
  }
  action coolObject(Agent - Checkable a, Location - Checkable l, Receptacle - Checkable r, Obj - Checkable o) {
    preconditions = [
      (coolable(o) and receptacleType(r, fridgeType) and atLocation(a, l) and receptacleAtLocation(r, l) and holds(a, o))
    ]
    effects = [
      isCool(o) := true
      isHot(o) := false
    ]
  }
  action toggleObject(Agent - Checkable a, Location - Checkable l, Obj - Checkable o, Receptacle - Checkable r) {
    preconditions = [
      (toggleable(o) and atLocation(a, l) and receptacleAtLocation(r, l) and inReceptacle(o, r))
    ]
    effects = [
      if isOn(o) then isOn(o) := false
      if (not isOn(o)) then isOn(o) := true
      isToggled(o) := true
    ]
  }
  action sliceObject(Agent - Checkable a, Location - Checkable l, Obj - Checkable co, Obj - Checkable ko) {
    preconditions = [
      (sliceable(co) and (objectType(ko, knifeType) or objectType(ko, butterKnifeType)) and atLocation(a, l) and objectAtLocation(co, l) and holds(a, ko))
    ]
    effects = [
      isSliced(co) := true
    ]
  }
  action help(Agent - Checkable a) {
    preconditions = [
    ]
    effects = [
      checked(a) := true
    ]
  }
]

objects = [
  ReceptacleType: [sinkBasinType, microwaveType, fridgeType, cabinetType, armChairType, laundryHamperType, deskType, shelfType, coffeeMachineType, bathtubBasinType, handTowelHolderType]
  ObjectType: [knifeType, butterKnifeType, breadType, tomatoType, dishSpongeType, statueType, saltShakerType, remoteControlType, toiletPaperType, appleType, mugType]
  Checkable: [agent1, location1, location2, location3, location4, location5, location6, location7, location8, location9, location10, cabinet_1, cabinet_2, armChair_3, microwave_4, laundryHamper_5, desk_6, shelf_7, coffeeMachine_8, bathtubBasin_9, handTowelHolder_10, microwave_11, fridge_12, bread_1, tomato_2, dishSponge_3, statue_4, saltShaker_5, remoteControl_6, toiletPaper_7, apple_8, toiletPaper_9, mug_10]
  Agent - Checkable: [agent1]
  Location - Checkable: [location1, location2, location3, location4, location5, location6, location7, location8, location9, location10]
  Receptacle - Checkable: [cabinet_1, cabinet_2, armChair_3, microwave_4, laundryHamper_5, desk_6, shelf_7, coffeeMachine_8, bathtubBasin_9, handTowelHolder_10, microwave_11, fridge_12]
  Obj - Checkable: [bread_1, tomato_2, dishSponge_3, statue_4, saltShaker_5, remoteControl_6, toiletPaper_7, apple_8, toiletPaper_9, mug_10]
]

initial fluents default = [
  bool atLocation[a=Agent - Checkable, l=Location - Checkable] := false
  bool receptacleAtLocation[r=Receptacle - Checkable, l=Location - Checkable] := false
  bool objectAtLocation[o=Obj - Checkable, l=Location - Checkable] := false
  bool openable[r=Receptacle - Checkable] := false
  bool opened[r=Receptacle - Checkable] := false
  bool inReceptacle[o=Obj - Checkable, r=Receptacle - Checkable] := false
  bool isReceptacleObject[o=Obj - Checkable] := false
  bool inReceptacleObject[innerObject=Obj - Checkable, outObject=Obj - Checkable] := false
  bool isReceptacleObjectFull[o=Obj - Checkable] := false
  bool wasInReceptacle[o=Obj - Checkable, r=Receptacle - Checkable] := false
  bool checked[c=Checkable] := false
  bool examined[l=Location - Checkable] := false
  bool receptacleType[r=Receptacle - Checkable, rt=ReceptacleType] := false
  bool canContain[rt=ReceptacleType, ot=ObjectType] := false
  bool objectType[o=Obj - Checkable, t=ObjectType] := false
  bool holds[a=Agent - Checkable, o=Obj - Checkable] := false
  bool holdsAny[a=Agent - Checkable] := false
  bool holdsAnyReceptacleObject[a=Agent - Checkable] := false
  bool full[r=Receptacle - Checkable] := false
  bool isClean[o=Obj - Checkable] := false
  bool cleanable[o=Obj - Checkable] := false
  bool isHot[o=Obj - Checkable] := false
  bool heatable[o=Obj - Checkable] := false
  bool isCool[o=Obj - Checkable] := false
  bool coolable[o=Obj - Checkable] := false
  bool pickupable[o=Obj - Checkable] := false
  bool moveable[o=Obj - Checkable] := false
  bool toggleable[o=Obj - Checkable] := false
  bool isOn[o=Obj - Checkable] := false
  bool isToggled[o=Obj - Checkable] := false
  bool sliceable[o=Obj - Checkable] := false
  bool isSliced[o=Obj - Checkable] := false
]

initial values = [
  receptacleType(cabinet_1, cabinetType) := true
  receptacleType(cabinet_2, cabinetType) := true
  receptacleType(armChair_3, armChairType) := true
  receptacleType(microwave_4, microwaveType) := true
  receptacleType(laundryHamper_5, laundryHamperType) := true
  receptacleType(desk_6, deskType) := true
  receptacleType(shelf_7, shelfType) := true
  receptacleType(coffeeMachine_8, coffeeMachineType) := true
  receptacleType(bathtubBasin_9, bathtubBasinType) := true
  receptacleType(handTowelHolder_10, handTowelHolderType) := true
  receptacleType(microwave_11, microwaveType) := true
  receptacleType(fridge_12, fridgeType) := true
  objectType(bread_1, breadType) := true
  objectType(tomato_2, tomatoType) := true
  objectType(dishSponge_3, dishSpongeType) := true
  objectType(statue_4, statueType) := true
  objectType(saltShaker_5, saltShakerType) := true
  objectType(remoteControl_6, remoteControlType) := true
  objectType(toiletPaper_7, toiletPaperType) := true
  objectType(apple_8, appleType) := true
  objectType(toiletPaper_9, toiletPaperType) := true
  objectType(mug_10, mugType) := true
  canContain(cabinetType, dishSpongeType) := true
  canContain(cabinetType, saltShakerType) := true
  canContain(cabinetType, toiletPaperType) := true
  canContain(cabinetType, mugType) := true
  canContain(armChairType, remoteControlType) := true
  canContain(microwaveType, breadType) := true
  canContain(microwaveType, tomatoType) := true
  canContain(microwaveType, appleType) := true
  canContain(microwaveType, mugType) := true
  canContain(deskType, statueType) := true
  canContain(deskType, remoteControlType) := true
  canContain(deskType, toiletPaperType) := true
  canContain(deskType, mugType) := true
  canContain(shelfType, dishSpongeType) := true
  canContain(shelfType, statueType) := true
  canContain(shelfType, saltShakerType) := true
  canContain(shelfType, remoteControlType) := true
  canContain(shelfType, toiletPaperType) := true
  canContain(shelfType, mugType) := true
  canContain(coffeeMachineType, mugType) := true
  canContain(bathtubBasinType, dishSpongeType) := true
  canContain(fridgeType, breadType) := true
  canContain(fridgeType, tomatoType) := true
  canContain(fridgeType, appleType) := true
  canContain(fridgeType, mugType) := true
  pickupable(bread_1) := true
  heatable(bread_1) := true
  coolable(bread_1) := true
  sliceable(bread_1) := true
  pickupable(tomato_2) := true
  cleanable(tomato_2) := true
  heatable(tomato_2) := true
  coolable(tomato_2) := true
  sliceable(tomato_2) := true
  pickupable(dishSponge_3) := true
  cleanable(dishSponge_3) := true
  pickupable(statue_4) := true
  pickupable(saltShaker_5) := true
  pickupable(remoteControl_6) := true
  pickupable(toiletPaper_7) := true
  pickupable(apple_8) := true
  cleanable(apple_8) := true
  heatable(apple_8) := true
  coolable(apple_8) := true
  sliceable(apple_8) := true
  pickupable(toiletPaper_9) := true
  pickupable(mug_10) := true
  isReceptacleObject(mug_10) := true
  cleanable(mug_10) := true
  heatable(mug_10) := true
  coolable(mug_10) := true
  receptacleAtLocation(cabinet_1, location3) := true
  receptacleAtLocation(cabinet_2, location8) := true
  receptacleAtLocation(armChair_3, location10) := true
  receptacleAtLocation(microwave_4, location4) := true
  receptacleAtLocation(laundryHamper_5, location8) := true
  receptacleAtLocation(desk_6, location10) := true
  receptacleAtLocation(shelf_7, location4) := true
  receptacleAtLocation(coffeeMachine_8, location7) := true
  receptacleAtLocation(bathtubBasin_9, location7) := true
  receptacleAtLocation(handTowelHolder_10, location6) := true
  receptacleAtLocation(microwave_11, location8) := true
  receptacleAtLocation(fridge_12, location8) := true
  inReceptacle(bread_1, microwave_11) := true
  inReceptacle(tomato_2, microwave_11) := true
  inReceptacle(dishSponge_3, cabinet_2) := true
  inReceptacle(statue_4, desk_6) := true
  inReceptacle(saltShaker_5, shelf_7) := true
  inReceptacle(remoteControl_6, desk_6) := true
  inReceptacle(toiletPaper_7, cabinet_1) := true
  inReceptacle(apple_8, microwave_11) := true
  inReceptacle(toiletPaper_9, desk_6) := true
  inReceptacle(mug_10, coffeeMachine_8) := true
  objectAtLocation(bread_1, location8) := true
  objectAtLocation(tomato_2, location8) := true
  objectAtLocation(dishSponge_3, location8) := true
  objectAtLocation(statue_4, location10) := true
  objectAtLocation(saltShaker_5, location4) := true
  objectAtLocation(remoteControl_6, location10) := true
  objectAtLocation(toiletPaper_7, location3) := true
  objectAtLocation(apple_8, location8) := true
  objectAtLocation(toiletPaper_9, location10) := true
  objectAtLocation(mug_10, location7) := true
  atLocation(agent1, location2) := true
]

goals = [
  Exists (Receptacle - Checkable r) Exists (Obj - Checkable o) (inReceptacle(o, r) and objectType(o, remoteControlType) and receptacleType(r, deskType))
]

quality metrics = [
  minimize sequential-plan-length
]


2025-06-17 11:18:34,548 - INFO - Generating plan for unconstrained problem

2025-06-17 11:18:34,934 - INFO - Unconstrained plan generation time: 0.38675427436828613

2025-06-17 11:18:34,935 - INFO - Unconstrained plan and cost: 
2025-06-17 11:18:34,935 - INFO - SequentialPlan:
2025-06-17 11:18:34,935 - INFO - 0
2025-06-17 11:18:35,021 - INFO - Sampled constraints:

2025-06-17 11:18:35,022 - INFO - Sometime((atLocation(agent1, location3) or checked(location5)))
2025-06-17 11:18:35,022 - INFO - 
2025-06-17 11:18:35,022 - INFO - Generation time: 0.08681488037109375

2025-06-17 11:18:35,022 - INFO - Generating plan for constrained problem (with LiftedTCORE).

2025-06-17 11:18:35,065 - INFO - LiftedTCORE compilation time: 0.04255938529968262

2025-06-17 11:18:35,497 - INFO - Planning Time with LiftedTCORE's file: 0.4319751262664795

2025-06-17 11:18:35,497 - INFO - Plan found with LiftedTCORE + sym_bd: SequentialPlan:
    goToLocation(agent1, location2, location3)
2025-06-17 11:18:35,497 - INFO - Seed: 146 is solvable

2025-06-17 11:18:35,497 - INFO - Unconstrained cost: 0
2025-06-17 11:18:35,497 - INFO - Constrained cost: 1
2025-06-17 11:18:35,498 - INFO - Seed: 146 Plan simulation is feasible
2025-06-17 11:18:35,498 - INFO - 
Seed: 146 
 Plan: [goToLocation(agent1, location2, location3)]  
 Cost: 1

