2025-06-17 10:22:01,700 - INFO - 
================= Seed: 758 =================

2025-06-17 10:22:01,705 - INFO - problem name = alfred

types = [ReceptacleType, ObjectType, Checkable, Agent - Checkable, Location - Checkable, Receptacle - Checkable, Obj - Checkable]

fluents = [
  bool atLocation[a=Agent - Checkable, l=Location - Checkable]
  bool receptacleAtLocation[r=Receptacle - Checkable, l=Location - Checkable]
  bool objectAtLocation[o=Obj - Checkable, l=Location - Checkable]
  bool openable[r=Receptacle - Checkable]
  bool opened[r=Receptacle - Checkable]
  bool inReceptacle[o=Obj - Checkable, r=Receptacle - Checkable]
  bool isReceptacleObject[o=Obj - Checkable]
  bool inReceptacleObject[innerObject=Obj - Checkable, outObject=Obj - Checkable]
  bool isReceptacleObjectFull[o=Obj - Checkable]
  bool wasInReceptacle[o=Obj - Checkable, r=Receptacle - Checkable]
  bool checked[c=Checkable]
  bool examined[l=Location - Checkable]
  bool receptacleType[r=Receptacle - Checkable, rt=ReceptacleType]
  bool canContain[rt=ReceptacleType, ot=ObjectType]
  bool objectType[o=Obj - Checkable, t=ObjectType]
  bool holds[a=Agent - Checkable, o=Obj - Checkable]
  bool holdsAny[a=Agent - Checkable]
  bool holdsAnyReceptacleObject[a=Agent - Checkable]
  bool full[r=Receptacle - Checkable]
  bool isClean[o=Obj - Checkable]
  bool cleanable[o=Obj - Checkable]
  bool isHot[o=Obj - Checkable]
  bool heatable[o=Obj - Checkable]
  bool isCool[o=Obj - Checkable]
  bool coolable[o=Obj - Checkable]
  bool pickupable[o=Obj - Checkable]
  bool moveable[o=Obj - Checkable]
  bool toggleable[o=Obj - Checkable]
  bool isOn[o=Obj - Checkable]
  bool isToggled[o=Obj - Checkable]
  bool sliceable[o=Obj - Checkable]
  bool isSliced[o=Obj - Checkable]
]

actions = [
  action look(Agent - Checkable a, Location - Checkable l) {
    preconditions = [
      atLocation(a, l)
    ]
    effects = [
      checked(l) := true
    ]
  }
  action inventory(Agent - Checkable a) {
    preconditions = [
    ]
    effects = [
      checked(a) := true
    ]
  }
  action examineReceptacle(Agent - Checkable a, Receptacle - Checkable r) {
    preconditions = [
      Exists (Location - Checkable l) (atLocation(a, l) and receptacleAtLocation(r, l))
    ]
    effects = [
      checked(r) := true
    ]
  }
  action examineObject(Agent - Checkable a, Obj - Checkable o) {
    preconditions = [
      (Exists (Location - Checkable l) Exists (Receptacle - Checkable r) (atLocation(a, l) and receptacleAtLocation(r, l) and inReceptacle(o, r) and ((not openable(r)) or opened(r))) or holds(a, o))
    ]
    effects = [
      checked(o) := true
    ]
  }
  action goToLocation(Agent - Checkable a, Location - Checkable lstart, Location - Checkable lend) {
    preconditions = [
      atLocation(a, lstart)
    ]
    effects = [
      atLocation(a, lstart) := false
      atLocation(a, lend) := true
    ]
  }
  action openObject(Agent - Checkable a, Location - Checkable l, Receptacle - Checkable r) {
    preconditions = [
      (openable(r) and atLocation(a, l) and receptacleAtLocation(r, l) and (not opened(r)))
    ]
    effects = [
      opened(r) := true
      checked(r) := true
    ]
  }
  action closeObject(Agent - Checkable a, Location - Checkable l, Receptacle - Checkable r) {
    preconditions = [
      (openable(r) and atLocation(a, l) and receptacleAtLocation(r, l) and opened(r))
    ]
    effects = [
      opened(r) := false
    ]
  }
  action pickupObject(Agent - Checkable a, Location - Checkable l, Obj - Checkable o, Receptacle - Checkable r) {
    preconditions = [
      (pickupable(o) and atLocation(a, l) and receptacleAtLocation(r, l) and inReceptacle(o, r) and (not holdsAny(a)) and ((not openable(r)) or opened(r)))
    ]
    effects = [
      inReceptacle(o, r) := false
      holds(a, o) := true
      holdsAny(a) := true
      objectAtLocation(o, l) := false
    ]
  }
  action putObject(Agent - Checkable a, Location - Checkable l, Obj - Checkable o, Receptacle - Checkable r, ObjectType ot, ReceptacleType rt) {
    preconditions = [
      (holds(a, o) and atLocation(a, l) and receptacleAtLocation(r, l) and ((not openable(r)) or opened(r)) and objectType(o, ot) and receptacleType(r, rt) and canContain(rt, ot))
    ]
    effects = [
      inReceptacle(o, r) := true
      objectAtLocation(o, l) := true
      holds(a, o) := false
      holdsAny(a) := false
    ]
  }
  action cleanObject(Agent - Checkable a, Location - Checkable l, Receptacle - Checkable r, Obj - Checkable o) {
    preconditions = [
      (cleanable(o) and receptacleType(r, sinkBasinType) and atLocation(a, l) and receptacleAtLocation(r, l) and holds(a, o))
    ]
    effects = [
      isClean(o) := true
    ]
  }
  action heatObject(Agent - Checkable a, Location - Checkable l, Receptacle - Checkable r, Obj - Checkable o) {
    preconditions = [
      (heatable(o) and receptacleType(r, microwaveType) and atLocation(a, l) and receptacleAtLocation(r, l) and holds(a, o))
    ]
    effects = [
      isHot(o) := true
      isCool(o) := false
    ]
  }
  action coolObject(Agent - Checkable a, Location - Checkable l, Receptacle - Checkable r, Obj - Checkable o) {
    preconditions = [
      (coolable(o) and receptacleType(r, fridgeType) and atLocation(a, l) and receptacleAtLocation(r, l) and holds(a, o))
    ]
    effects = [
      isCool(o) := true
      isHot(o) := false
    ]
  }
  action toggleObject(Agent - Checkable a, Location - Checkable l, Obj - Checkable o, Receptacle - Checkable r) {
    preconditions = [
      (toggleable(o) and atLocation(a, l) and receptacleAtLocation(r, l) and inReceptacle(o, r))
    ]
    effects = [
      if isOn(o) then isOn(o) := false
      if (not isOn(o)) then isOn(o) := true
      isToggled(o) := true
    ]
  }
  action sliceObject(Agent - Checkable a, Location - Checkable l, Obj - Checkable co, Obj - Checkable ko) {
    preconditions = [
      (sliceable(co) and (objectType(ko, knifeType) or objectType(ko, butterKnifeType)) and atLocation(a, l) and objectAtLocation(co, l) and holds(a, ko))
    ]
    effects = [
      isSliced(co) := true
    ]
  }
  action help(Agent - Checkable a) {
    preconditions = [
    ]
    effects = [
      checked(a) := true
    ]
  }
]

objects = [
  ReceptacleType: [sinkBasinType, microwaveType, fridgeType, shelfType, bedType, deskType, towelHolderType, sofaType, garbageCanType, laundryHamperType]
  ObjectType: [knifeType, butterKnifeType, newspaperType, soapBarType, toiletPaperType, alarmClockType, laptopType, glassbottleType, creditCardType, tissueBoxType, plateType]
  Checkable: [agent1, location1, location2, location3, location4, location5, location6, location7, location8, location9, location10, microwave_1, shelf_2, bed_3, desk_4, towelHolder_5, bed_6, sofa_7, garbageCan_8, towelHolder_9, laundryHamper_10, newspaper_1, soapBar_2, toiletPaper_3, alarmClock_4, laptop_5, glassbottle_6, creditCard_7, tissueBox_8, creditCard_9, plate_10]
  Agent - Checkable: [agent1]
  Location - Checkable: [location1, location2, location3, location4, location5, location6, location7, location8, location9, location10]
  Receptacle - Checkable: [microwave_1, shelf_2, bed_3, desk_4, towelHolder_5, bed_6, sofa_7, garbageCan_8, towelHolder_9, laundryHamper_10]
  Obj - Checkable: [newspaper_1, soapBar_2, toiletPaper_3, alarmClock_4, laptop_5, glassbottle_6, creditCard_7, tissueBox_8, creditCard_9, plate_10]
]

initial fluents default = [
  bool atLocation[a=Agent - Checkable, l=Location - Checkable] := false
  bool receptacleAtLocation[r=Receptacle - Checkable, l=Location - Checkable] := false
  bool objectAtLocation[o=Obj - Checkable, l=Location - Checkable] := false
  bool openable[r=Receptacle - Checkable] := false
  bool opened[r=Receptacle - Checkable] := false
  bool inReceptacle[o=Obj - Checkable, r=Receptacle - Checkable] := false
  bool isReceptacleObject[o=Obj - Checkable] := false
  bool inReceptacleObject[innerObject=Obj - Checkable, outObject=Obj - Checkable] := false
  bool isReceptacleObjectFull[o=Obj - Checkable] := false
  bool wasInReceptacle[o=Obj - Checkable, r=Receptacle - Checkable] := false
  bool checked[c=Checkable] := false
  bool examined[l=Location - Checkable] := false
  bool receptacleType[r=Receptacle - Checkable, rt=ReceptacleType] := false
  bool canContain[rt=ReceptacleType, ot=ObjectType] := false
  bool objectType[o=Obj - Checkable, t=ObjectType] := false
  bool holds[a=Agent - Checkable, o=Obj - Checkable] := false
  bool holdsAny[a=Agent - Checkable] := false
  bool holdsAnyReceptacleObject[a=Agent - Checkable] := false
  bool full[r=Receptacle - Checkable] := false
  bool isClean[o=Obj - Checkable] := false
  bool cleanable[o=Obj - Checkable] := false
  bool isHot[o=Obj - Checkable] := false
  bool heatable[o=Obj - Checkable] := false
  bool isCool[o=Obj - Checkable] := false
  bool coolable[o=Obj - Checkable] := false
  bool pickupable[o=Obj - Checkable] := false
  bool moveable[o=Obj - Checkable] := false
  bool toggleable[o=Obj - Checkable] := false
  bool isOn[o=Obj - Checkable] := false
  bool isToggled[o=Obj - Checkable] := false
  bool sliceable[o=Obj - Checkable] := false
  bool isSliced[o=Obj - Checkable] := false
]

initial values = [
  receptacleType(microwave_1, microwaveType) := true
  receptacleType(shelf_2, shelfType) := true
  receptacleType(bed_3, bedType) := true
  receptacleType(desk_4, deskType) := true
  receptacleType(towelHolder_5, towelHolderType) := true
  receptacleType(bed_6, bedType) := true
  receptacleType(sofa_7, sofaType) := true
  receptacleType(garbageCan_8, garbageCanType) := true
  receptacleType(towelHolder_9, towelHolderType) := true
  receptacleType(laundryHamper_10, laundryHamperType) := true
  objectType(newspaper_1, newspaperType) := true
  objectType(soapBar_2, soapBarType) := true
  objectType(toiletPaper_3, toiletPaperType) := true
  objectType(alarmClock_4, alarmClockType) := true
  objectType(laptop_5, laptopType) := true
  objectType(glassbottle_6, glassbottleType) := true
  objectType(creditCard_7, creditCardType) := true
  objectType(tissueBox_8, tissueBoxType) := true
  objectType(creditCard_9, creditCardType) := true
  objectType(plate_10, plateType) := true
  canContain(microwaveType, glassbottleType) := true
  canContain(microwaveType, plateType) := true
  canContain(shelfType, newspaperType) := true
  canContain(shelfType, soapBarType) := true
  canContain(shelfType, toiletPaperType) := true
  canContain(shelfType, alarmClockType) := true
  canContain(shelfType, glassbottleType) := true
  canContain(shelfType, creditCardType) := true
  canContain(shelfType, tissueBoxType) := true
  canContain(shelfType, plateType) := true
  canContain(bedType, newspaperType) := true
  canContain(bedType, laptopType) := true
  canContain(deskType, newspaperType) := true
  canContain(deskType, toiletPaperType) := true
  canContain(deskType, alarmClockType) := true
  canContain(deskType, laptopType) := true
  canContain(deskType, glassbottleType) := true
  canContain(deskType, creditCardType) := true
  canContain(deskType, tissueBoxType) := true
  canContain(deskType, plateType) := true
  canContain(sofaType, newspaperType) := true
  canContain(sofaType, laptopType) := true
  canContain(sofaType, creditCardType) := true
  canContain(garbageCanType, newspaperType) := true
  canContain(garbageCanType, soapBarType) := true
  canContain(garbageCanType, toiletPaperType) := true
  canContain(garbageCanType, tissueBoxType) := true
  pickupable(newspaper_1) := true
  pickupable(soapBar_2) := true
  cleanable(soapBar_2) := true
  pickupable(toiletPaper_3) := true
  pickupable(alarmClock_4) := true
  pickupable(laptop_5) := true
  pickupable(glassbottle_6) := true
  pickupable(creditCard_7) := true
  pickupable(tissueBox_8) := true
  pickupable(creditCard_9) := true
  pickupable(plate_10) := true
  isReceptacleObject(plate_10) := true
  cleanable(plate_10) := true
  heatable(plate_10) := true
  coolable(plate_10) := true
  receptacleAtLocation(microwave_1, location2) := true
  receptacleAtLocation(shelf_2, location3) := true
  receptacleAtLocation(bed_3, location8) := true
  receptacleAtLocation(desk_4, location3) := true
  receptacleAtLocation(towelHolder_5, location8) := true
  receptacleAtLocation(bed_6, location1) := true
  receptacleAtLocation(sofa_7, location6) := true
  receptacleAtLocation(garbageCan_8, location2) := true
  receptacleAtLocation(towelHolder_9, location6) := true
  receptacleAtLocation(laundryHamper_10, location8) := true
  inReceptacle(laptop_5, desk_4) := true
  inReceptacle(creditCard_7, sofa_7) := true
  objectAtLocation(newspaper_1, location1) := true
  objectAtLocation(soapBar_2, location6) := true
  objectAtLocation(toiletPaper_3, location1) := true
  objectAtLocation(alarmClock_4, location4) := true
  objectAtLocation(laptop_5, location3) := true
  objectAtLocation(glassbottle_6, location5) := true
  objectAtLocation(creditCard_7, location6) := true
  objectAtLocation(tissueBox_8, location6) := true
  objectAtLocation(creditCard_9, location9) := true
  objectAtLocation(plate_10, location8) := true
  atLocation(agent1, location7) := true
]

goals = [
  Exists (Receptacle - Checkable r) Exists (Obj - Checkable o1) (inReceptacle(o1, r) and objectType(o1, laptopType) and receptacleType(r, bedType) and Exists (Obj - Checkable o2) ((not (o1 == o2)) and objectType(o2, newspaperType) and receptacleType(r, bedType) and inReceptacle(o2, r)))
]

quality metrics = [
  minimize sequential-plan-length
]


2025-06-17 10:22:01,707 - INFO - Generating plan for unconstrained problem

2025-06-17 10:22:02,053 - INFO - Unconstrained plan generation time: 0.34660911560058594

