2025-06-17 10:24:22,897 - INFO - 
================= Seed: 974 =================

2025-06-17 10:24:22,901 - INFO - problem name = alfred

types = [ReceptacleType, ObjectType, Checkable, Agent - Checkable, Location - Checkable, Receptacle - Checkable, Obj - Checkable]

fluents = [
  bool atLocation[a=Agent - Checkable, l=Location - Checkable]
  bool receptacleAtLocation[r=Receptacle - Checkable, l=Location - Checkable]
  bool objectAtLocation[o=Obj - Checkable, l=Location - Checkable]
  bool openable[r=Receptacle - Checkable]
  bool opened[r=Receptacle - Checkable]
  bool inReceptacle[o=Obj - Checkable, r=Receptacle - Checkable]
  bool isReceptacleObject[o=Obj - Checkable]
  bool inReceptacleObject[innerObject=Obj - Checkable, outObject=Obj - Checkable]
  bool isReceptacleObjectFull[o=Obj - Checkable]
  bool wasInReceptacle[o=Obj - Checkable, r=Receptacle - Checkable]
  bool checked[c=Checkable]
  bool examined[l=Location - Checkable]
  bool receptacleType[r=Receptacle - Checkable, rt=ReceptacleType]
  bool canContain[rt=ReceptacleType, ot=ObjectType]
  bool objectType[o=Obj - Checkable, t=ObjectType]
  bool holds[a=Agent - Checkable, o=Obj - Checkable]
  bool holdsAny[a=Agent - Checkable]
  bool holdsAnyReceptacleObject[a=Agent - Checkable]
  bool full[r=Receptacle - Checkable]
  bool isClean[o=Obj - Checkable]
  bool cleanable[o=Obj - Checkable]
  bool isHot[o=Obj - Checkable]
  bool heatable[o=Obj - Checkable]
  bool isCool[o=Obj - Checkable]
  bool coolable[o=Obj - Checkable]
  bool pickupable[o=Obj - Checkable]
  bool moveable[o=Obj - Checkable]
  bool toggleable[o=Obj - Checkable]
  bool isOn[o=Obj - Checkable]
  bool isToggled[o=Obj - Checkable]
  bool sliceable[o=Obj - Checkable]
  bool isSliced[o=Obj - Checkable]
]

actions = [
  action look(Agent - Checkable a, Location - Checkable l) {
    preconditions = [
      atLocation(a, l)
    ]
    effects = [
      checked(l) := true
    ]
  }
  action inventory(Agent - Checkable a) {
    preconditions = [
    ]
    effects = [
      checked(a) := true
    ]
  }
  action examineReceptacle(Agent - Checkable a, Receptacle - Checkable r) {
    preconditions = [
      Exists (Location - Checkable l) (atLocation(a, l) and receptacleAtLocation(r, l))
    ]
    effects = [
      checked(r) := true
    ]
  }
  action examineObject(Agent - Checkable a, Obj - Checkable o) {
    preconditions = [
      (Exists (Location - Checkable l) Exists (Receptacle - Checkable r) (atLocation(a, l) and receptacleAtLocation(r, l) and inReceptacle(o, r) and ((not openable(r)) or opened(r))) or holds(a, o))
    ]
    effects = [
      checked(o) := true
    ]
  }
  action goToLocation(Agent - Checkable a, Location - Checkable lstart, Location - Checkable lend) {
    preconditions = [
      atLocation(a, lstart)
    ]
    effects = [
      atLocation(a, lstart) := false
      atLocation(a, lend) := true
    ]
  }
  action openObject(Agent - Checkable a, Location - Checkable l, Receptacle - Checkable r) {
    preconditions = [
      (openable(r) and atLocation(a, l) and receptacleAtLocation(r, l) and (not opened(r)))
    ]
    effects = [
      opened(r) := true
      checked(r) := true
    ]
  }
  action closeObject(Agent - Checkable a, Location - Checkable l, Receptacle - Checkable r) {
    preconditions = [
      (openable(r) and atLocation(a, l) and receptacleAtLocation(r, l) and opened(r))
    ]
    effects = [
      opened(r) := false
    ]
  }
  action pickupObject(Agent - Checkable a, Location - Checkable l, Obj - Checkable o, Receptacle - Checkable r) {
    preconditions = [
      (pickupable(o) and atLocation(a, l) and receptacleAtLocation(r, l) and inReceptacle(o, r) and (not holdsAny(a)) and ((not openable(r)) or opened(r)))
    ]
    effects = [
      inReceptacle(o, r) := false
      holds(a, o) := true
      holdsAny(a) := true
      objectAtLocation(o, l) := false
    ]
  }
  action putObject(Agent - Checkable a, Location - Checkable l, Obj - Checkable o, Receptacle - Checkable r, ObjectType ot, ReceptacleType rt) {
    preconditions = [
      (holds(a, o) and atLocation(a, l) and receptacleAtLocation(r, l) and ((not openable(r)) or opened(r)) and objectType(o, ot) and receptacleType(r, rt) and canContain(rt, ot))
    ]
    effects = [
      inReceptacle(o, r) := true
      objectAtLocation(o, l) := true
      holds(a, o) := false
      holdsAny(a) := false
    ]
  }
  action cleanObject(Agent - Checkable a, Location - Checkable l, Receptacle - Checkable r, Obj - Checkable o) {
    preconditions = [
      (cleanable(o) and receptacleType(r, sinkBasinType) and atLocation(a, l) and receptacleAtLocation(r, l) and holds(a, o))
    ]
    effects = [
      isClean(o) := true
    ]
  }
  action heatObject(Agent - Checkable a, Location - Checkable l, Receptacle - Checkable r, Obj - Checkable o) {
    preconditions = [
      (heatable(o) and receptacleType(r, microwaveType) and atLocation(a, l) and receptacleAtLocation(r, l) and holds(a, o))
    ]
    effects = [
      isHot(o) := true
      isCool(o) := false
    ]
  }
  action coolObject(Agent - Checkable a, Location - Checkable l, Receptacle - Checkable r, Obj - Checkable o) {
    preconditions = [
      (coolable(o) and receptacleType(r, fridgeType) and atLocation(a, l) and receptacleAtLocation(r, l) and holds(a, o))
    ]
    effects = [
      isCool(o) := true
      isHot(o) := false
    ]
  }
  action toggleObject(Agent - Checkable a, Location - Checkable l, Obj - Checkable o, Receptacle - Checkable r) {
    preconditions = [
      (toggleable(o) and atLocation(a, l) and receptacleAtLocation(r, l) and inReceptacle(o, r))
    ]
    effects = [
      if isOn(o) then isOn(o) := false
      if (not isOn(o)) then isOn(o) := true
      isToggled(o) := true
    ]
  }
  action sliceObject(Agent - Checkable a, Location - Checkable l, Obj - Checkable co, Obj - Checkable ko) {
    preconditions = [
      (sliceable(co) and (objectType(ko, knifeType) or objectType(ko, butterKnifeType)) and atLocation(a, l) and objectAtLocation(co, l) and holds(a, ko))
    ]
    effects = [
      isSliced(co) := true
    ]
  }
  action help(Agent - Checkable a) {
    preconditions = [
    ]
    effects = [
      checked(a) := true
    ]
  }
]

objects = [
  ReceptacleType: [sinkBasinType, microwaveType, fridgeType, tvStandType, towelHolderType, armChairType, laundryHamperType, bathtubBasinType, ottomanType, toasterType]
  ObjectType: [knifeType, butterKnifeType, bookType, cupType, breadType, clothType, remoteControlType, keyChainType, glassbottleType, basketBallType, potType]
  Checkable: [agent1, location1, location2, location3, location4, location5, location6, location7, location8, location9, location10, tvStand_1, tvStand_2, microwave_3, towelHolder_4, armChair_5, laundryHamper_6, armChair_7, bathtubBasin_8, ottoman_9, toaster_10, book_1, cup_2, bread_3, cloth_4, remoteControl_5, keyChain_6, glassbottle_7, basketBall_8, glassbottle_9, pot_10]
  Agent - Checkable: [agent1]
  Location - Checkable: [location1, location2, location3, location4, location5, location6, location7, location8, location9, location10]
  Receptacle - Checkable: [tvStand_1, tvStand_2, microwave_3, towelHolder_4, armChair_5, laundryHamper_6, armChair_7, bathtubBasin_8, ottoman_9, toaster_10]
  Obj - Checkable: [book_1, cup_2, bread_3, cloth_4, remoteControl_5, keyChain_6, glassbottle_7, basketBall_8, glassbottle_9, pot_10]
]

initial fluents default = [
  bool atLocation[a=Agent - Checkable, l=Location - Checkable] := false
  bool receptacleAtLocation[r=Receptacle - Checkable, l=Location - Checkable] := false
  bool objectAtLocation[o=Obj - Checkable, l=Location - Checkable] := false
  bool openable[r=Receptacle - Checkable] := false
  bool opened[r=Receptacle - Checkable] := false
  bool inReceptacle[o=Obj - Checkable, r=Receptacle - Checkable] := false
  bool isReceptacleObject[o=Obj - Checkable] := false
  bool inReceptacleObject[innerObject=Obj - Checkable, outObject=Obj - Checkable] := false
  bool isReceptacleObjectFull[o=Obj - Checkable] := false
  bool wasInReceptacle[o=Obj - Checkable, r=Receptacle - Checkable] := false
  bool checked[c=Checkable] := false
  bool examined[l=Location - Checkable] := false
  bool receptacleType[r=Receptacle - Checkable, rt=ReceptacleType] := false
  bool canContain[rt=ReceptacleType, ot=ObjectType] := false
  bool objectType[o=Obj - Checkable, t=ObjectType] := false
  bool holds[a=Agent - Checkable, o=Obj - Checkable] := false
  bool holdsAny[a=Agent - Checkable] := false
  bool holdsAnyReceptacleObject[a=Agent - Checkable] := false
  bool full[r=Receptacle - Checkable] := false
  bool isClean[o=Obj - Checkable] := false
  bool cleanable[o=Obj - Checkable] := false
  bool isHot[o=Obj - Checkable] := false
  bool heatable[o=Obj - Checkable] := false
  bool isCool[o=Obj - Checkable] := false
  bool coolable[o=Obj - Checkable] := false
  bool pickupable[o=Obj - Checkable] := false
  bool moveable[o=Obj - Checkable] := false
  bool toggleable[o=Obj - Checkable] := false
  bool isOn[o=Obj - Checkable] := false
  bool isToggled[o=Obj - Checkable] := false
  bool sliceable[o=Obj - Checkable] := false
  bool isSliced[o=Obj - Checkable] := false
]

initial values = [
  receptacleType(tvStand_1, tvStandType) := true
  receptacleType(tvStand_2, tvStandType) := true
  receptacleType(microwave_3, microwaveType) := true
  receptacleType(towelHolder_4, towelHolderType) := true
  receptacleType(armChair_5, armChairType) := true
  receptacleType(laundryHamper_6, laundryHamperType) := true
  receptacleType(armChair_7, armChairType) := true
  receptacleType(bathtubBasin_8, bathtubBasinType) := true
  receptacleType(ottoman_9, ottomanType) := true
  receptacleType(toaster_10, toasterType) := true
  objectType(book_1, bookType) := true
  objectType(cup_2, cupType) := true
  objectType(bread_3, breadType) := true
  objectType(cloth_4, clothType) := true
  objectType(remoteControl_5, remoteControlType) := true
  objectType(keyChain_6, keyChainType) := true
  objectType(glassbottle_7, glassbottleType) := true
  objectType(basketBall_8, basketBallType) := true
  objectType(glassbottle_9, glassbottleType) := true
  objectType(pot_10, potType) := true
  canContain(microwaveType, cupType) := true
  canContain(microwaveType, breadType) := true
  canContain(microwaveType, glassbottleType) := true
  canContain(armChairType, bookType) := true
  canContain(armChairType, clothType) := true
  canContain(armChairType, remoteControlType) := true
  canContain(armChairType, keyChainType) := true
  canContain(armChairType, basketBallType) := true
  canContain(laundryHamperType, clothType) := true
  canContain(bathtubBasinType, clothType) := true
  canContain(ottomanType, bookType) := true
  canContain(ottomanType, clothType) := true
  canContain(ottomanType, remoteControlType) := true
  canContain(ottomanType, keyChainType) := true
  canContain(ottomanType, basketBallType) := true
  pickupable(book_1) := true
  pickupable(cup_2) := true
  isReceptacleObject(cup_2) := true
  cleanable(cup_2) := true
  heatable(cup_2) := true
  coolable(cup_2) := true
  pickupable(bread_3) := true
  heatable(bread_3) := true
  coolable(bread_3) := true
  sliceable(bread_3) := true
  pickupable(cloth_4) := true
  cleanable(cloth_4) := true
  pickupable(remoteControl_5) := true
  pickupable(keyChain_6) := true
  pickupable(glassbottle_7) := true
  pickupable(basketBall_8) := true
  pickupable(glassbottle_9) := true
  pickupable(pot_10) := true
  isReceptacleObject(pot_10) := true
  cleanable(pot_10) := true
  coolable(pot_10) := true
  receptacleAtLocation(tvStand_1, location10) := true
  receptacleAtLocation(tvStand_2, location2) := true
  receptacleAtLocation(microwave_3, location2) := true
  receptacleAtLocation(towelHolder_4, location9) := true
  receptacleAtLocation(armChair_5, location6) := true
  receptacleAtLocation(laundryHamper_6, location1) := true
  receptacleAtLocation(armChair_7, location7) := true
  receptacleAtLocation(bathtubBasin_8, location1) := true
  receptacleAtLocation(ottoman_9, location4) := true
  receptacleAtLocation(toaster_10, location6) := true
  inReceptacle(cloth_4, armChair_7) := true
  inReceptacle(remoteControl_5, armChair_7) := true
  objectAtLocation(book_1, location3) := true
  objectAtLocation(cup_2, location4) := true
  objectAtLocation(bread_3, location7) := true
  objectAtLocation(cloth_4, location7) := true
  objectAtLocation(remoteControl_5, location7) := true
  objectAtLocation(keyChain_6, location4) := true
  objectAtLocation(glassbottle_7, location3) := true
  objectAtLocation(basketBall_8, location8) := true
  objectAtLocation(glassbottle_9, location10) := true
  objectAtLocation(pot_10, location3) := true
  atLocation(agent1, location7) := true
]

goals = [
  Exists (Receptacle - Checkable r) Exists (Obj - Checkable o) (inReceptacle(o, r) and objectType(o, remoteControlType) and receptacleType(r, ottomanType))
]

quality metrics = [
  minimize sequential-plan-length
]


2025-06-17 10:24:22,903 - INFO - Generating plan for unconstrained problem

2025-06-17 10:24:23,278 - INFO - Unconstrained plan generation time: 0.3746652603149414

2025-06-17 10:24:23,278 - INFO - Unconstrained plan and cost: 
2025-06-17 10:24:23,278 - INFO - SequentialPlan:
    pickupObject(agent1, location7, remoteControl_5, armChair_7)
    goToLocation(agent1, location7, location4)
    putObject(agent1, location4, remoteControl_5, ottoman_9, remoteControlType, ottomanType)
2025-06-17 10:24:23,278 - INFO - 3
2025-06-17 10:24:24,140 - INFO - Sampled constraints:

2025-06-17 10:24:24,140 - INFO - Sometime(atLocation(agent1, location4))
2025-06-17 10:24:24,140 - INFO - Sometime-Before(atLocation(agent1, location4), (checked(pot_10) or atLocation(agent1, location5)))
2025-06-17 10:24:24,140 - INFO - 
2025-06-17 10:24:24,140 - INFO - Generation time: 0.8614861965179443

2025-06-17 10:24:24,147 - INFO - Generating plan for constrained problem (with LiftedTCORE).

2025-06-17 10:24:24,195 - INFO - LiftedTCORE compilation time: 0.04767656326293945

2025-06-17 10:24:24,598 - INFO - Planning Time with LiftedTCORE's file: 0.39585137367248535

2025-06-17 10:24:24,599 - INFO - Plan found with LiftedTCORE + sym_bd: SequentialPlan:
    pickupObject(agent1, location7, remoteControl_5, armChair_7)
    goToLocation(agent1, location7, location5)
    goToLocation(agent1, location5, location4)
    putObject(agent1, location4, remoteControl_5, ottoman_9, remoteControlType, ottomanType)
2025-06-17 10:24:24,599 - INFO - Seed: 974 is solvable

2025-06-17 10:24:24,599 - INFO - Unconstrained cost: 3
2025-06-17 10:24:24,599 - INFO - Constrained cost: 4
2025-06-17 10:24:24,599 - INFO - Seed: 974 Plan simulation is feasible
2025-06-17 10:24:24,599 - INFO - 
Seed: 974 
 Plan: [pickupObject(agent1, location7, remoteControl_5, armChair_7), goToLocation(agent1, location7, location5), goToLocation(agent1, location5, location4), putObject(agent1, location4, remoteControl_5, ottoman_9, remoteControlType, ottomanType)]  
 Cost: 4

