2025-06-17 11:15:33,285 - INFO - 
================= Seed: 31 =================

2025-06-17 11:15:33,285 - INFO - problem name = alfred

types = [ReceptacleType, ObjectType, Checkable, Agent - Checkable, Location - Checkable, Receptacle - Checkable, Obj - Checkable]

fluents = [
  bool atLocation[a=Agent - Checkable, l=Location - Checkable]
  bool receptacleAtLocation[r=Receptacle - Checkable, l=Location - Checkable]
  bool objectAtLocation[o=Obj - Checkable, l=Location - Checkable]
  bool openable[r=Receptacle - Checkable]
  bool opened[r=Receptacle - Checkable]
  bool inReceptacle[o=Obj - Checkable, r=Receptacle - Checkable]
  bool isReceptacleObject[o=Obj - Checkable]
  bool inReceptacleObject[innerObject=Obj - Checkable, outObject=Obj - Checkable]
  bool isReceptacleObjectFull[o=Obj - Checkable]
  bool wasInReceptacle[o=Obj - Checkable, r=Receptacle - Checkable]
  bool checked[c=Checkable]
  bool examined[l=Location - Checkable]
  bool receptacleType[r=Receptacle - Checkable, rt=ReceptacleType]
  bool canContain[rt=ReceptacleType, ot=ObjectType]
  bool objectType[o=Obj - Checkable, t=ObjectType]
  bool holds[a=Agent - Checkable, o=Obj - Checkable]
  bool holdsAny[a=Agent - Checkable]
  bool holdsAnyReceptacleObject[a=Agent - Checkable]
  bool full[r=Receptacle - Checkable]
  bool isClean[o=Obj - Checkable]
  bool cleanable[o=Obj - Checkable]
  bool isHot[o=Obj - Checkable]
  bool heatable[o=Obj - Checkable]
  bool isCool[o=Obj - Checkable]
  bool coolable[o=Obj - Checkable]
  bool pickupable[o=Obj - Checkable]
  bool moveable[o=Obj - Checkable]
  bool toggleable[o=Obj - Checkable]
  bool isOn[o=Obj - Checkable]
  bool isToggled[o=Obj - Checkable]
  bool sliceable[o=Obj - Checkable]
  bool isSliced[o=Obj - Checkable]
]

actions = [
  action look(Agent - Checkable a, Location - Checkable l) {
    preconditions = [
      atLocation(a, l)
    ]
    effects = [
      checked(l) := true
    ]
  }
  action inventory(Agent - Checkable a) {
    preconditions = [
    ]
    effects = [
      checked(a) := true
    ]
  }
  action examineReceptacle(Agent - Checkable a, Receptacle - Checkable r) {
    preconditions = [
      Exists (Location - Checkable l) (atLocation(a, l) and receptacleAtLocation(r, l))
    ]
    effects = [
      checked(r) := true
    ]
  }
  action examineObject(Agent - Checkable a, Obj - Checkable o) {
    preconditions = [
      (Exists (Location - Checkable l) Exists (Receptacle - Checkable r) (atLocation(a, l) and receptacleAtLocation(r, l) and inReceptacle(o, r) and ((not openable(r)) or opened(r))) or holds(a, o))
    ]
    effects = [
      checked(o) := true
    ]
  }
  action goToLocation(Agent - Checkable a, Location - Checkable lstart, Location - Checkable lend) {
    preconditions = [
      atLocation(a, lstart)
    ]
    effects = [
      atLocation(a, lstart) := false
      atLocation(a, lend) := true
    ]
  }
  action openObject(Agent - Checkable a, Location - Checkable l, Receptacle - Checkable r) {
    preconditions = [
      (openable(r) and atLocation(a, l) and receptacleAtLocation(r, l) and (not opened(r)))
    ]
    effects = [
      opened(r) := true
      checked(r) := true
    ]
  }
  action closeObject(Agent - Checkable a, Location - Checkable l, Receptacle - Checkable r) {
    preconditions = [
      (openable(r) and atLocation(a, l) and receptacleAtLocation(r, l) and opened(r))
    ]
    effects = [
      opened(r) := false
    ]
  }
  action pickupObject(Agent - Checkable a, Location - Checkable l, Obj - Checkable o, Receptacle - Checkable r) {
    preconditions = [
      (pickupable(o) and atLocation(a, l) and receptacleAtLocation(r, l) and inReceptacle(o, r) and (not holdsAny(a)) and ((not openable(r)) or opened(r)))
    ]
    effects = [
      inReceptacle(o, r) := false
      holds(a, o) := true
      holdsAny(a) := true
      objectAtLocation(o, l) := false
    ]
  }
  action putObject(Agent - Checkable a, Location - Checkable l, Obj - Checkable o, Receptacle - Checkable r, ObjectType ot, ReceptacleType rt) {
    preconditions = [
      (holds(a, o) and atLocation(a, l) and receptacleAtLocation(r, l) and ((not openable(r)) or opened(r)) and objectType(o, ot) and receptacleType(r, rt) and canContain(rt, ot))
    ]
    effects = [
      inReceptacle(o, r) := true
      objectAtLocation(o, l) := true
      holds(a, o) := false
      holdsAny(a) := false
    ]
  }
  action cleanObject(Agent - Checkable a, Location - Checkable l, Receptacle - Checkable r, Obj - Checkable o) {
    preconditions = [
      (cleanable(o) and receptacleType(r, sinkBasinType) and atLocation(a, l) and receptacleAtLocation(r, l) and holds(a, o))
    ]
    effects = [
      isClean(o) := true
    ]
  }
  action heatObject(Agent - Checkable a, Location - Checkable l, Receptacle - Checkable r, Obj - Checkable o) {
    preconditions = [
      (heatable(o) and receptacleType(r, microwaveType) and atLocation(a, l) and receptacleAtLocation(r, l) and holds(a, o))
    ]
    effects = [
      isHot(o) := true
      isCool(o) := false
    ]
  }
  action coolObject(Agent - Checkable a, Location - Checkable l, Receptacle - Checkable r, Obj - Checkable o) {
    preconditions = [
      (coolable(o) and receptacleType(r, fridgeType) and atLocation(a, l) and receptacleAtLocation(r, l) and holds(a, o))
    ]
    effects = [
      isCool(o) := true
      isHot(o) := false
    ]
  }
  action toggleObject(Agent - Checkable a, Location - Checkable l, Obj - Checkable o, Receptacle - Checkable r) {
    preconditions = [
      (toggleable(o) and atLocation(a, l) and receptacleAtLocation(r, l) and inReceptacle(o, r))
    ]
    effects = [
      if isOn(o) then isOn(o) := false
      if (not isOn(o)) then isOn(o) := true
      isToggled(o) := true
    ]
  }
  action sliceObject(Agent - Checkable a, Location - Checkable l, Obj - Checkable co, Obj - Checkable ko) {
    preconditions = [
      (sliceable(co) and (objectType(ko, knifeType) or objectType(ko, butterKnifeType)) and atLocation(a, l) and objectAtLocation(co, l) and holds(a, ko))
    ]
    effects = [
      isSliced(co) := true
    ]
  }
  action help(Agent - Checkable a) {
    preconditions = [
    ]
    effects = [
      checked(a) := true
    ]
  }
]

objects = [
  ReceptacleType: [sinkBasinType, microwaveType, fridgeType, bathtubBasinType, toiletPaperHangerType, laundryHamperType, diningTableType, cabinetType, sofaType, drawerType]
  ObjectType: [knifeType, butterKnifeType, wineBottleType, bowlType, toiletPaperType, cupType, kettleType, pepperShakerType, tennisRacketType]
  Checkable: [agent1, location1, location2, location3, location4, location5, location6, location7, location8, location9, location10, bathtubBasin_1, toiletPaperHanger_2, sinkBasin_3, laundryHamper_4, diningTable_5, cabinet_6, sofa_7, drawer_8, cabinet_9, sinkBasin_10, microwave_11, fridge_12, wineBottle_1, bowl_2, toiletPaper_3, cup_4, bowl_5, wineBottle_6, kettle_7, pepperShaker_8, tennisRacket_9, bowl_10]
  Agent - Checkable: [agent1]
  Location - Checkable: [location1, location2, location3, location4, location5, location6, location7, location8, location9, location10]
  Receptacle - Checkable: [bathtubBasin_1, toiletPaperHanger_2, sinkBasin_3, laundryHamper_4, diningTable_5, cabinet_6, sofa_7, drawer_8, cabinet_9, sinkBasin_10, microwave_11, fridge_12]
  Obj - Checkable: [wineBottle_1, bowl_2, toiletPaper_3, cup_4, bowl_5, wineBottle_6, kettle_7, pepperShaker_8, tennisRacket_9, bowl_10]
]

initial fluents default = [
  bool atLocation[a=Agent - Checkable, l=Location - Checkable] := false
  bool receptacleAtLocation[r=Receptacle - Checkable, l=Location - Checkable] := false
  bool objectAtLocation[o=Obj - Checkable, l=Location - Checkable] := false
  bool openable[r=Receptacle - Checkable] := false
  bool opened[r=Receptacle - Checkable] := false
  bool inReceptacle[o=Obj - Checkable, r=Receptacle - Checkable] := false
  bool isReceptacleObject[o=Obj - Checkable] := false
  bool inReceptacleObject[innerObject=Obj - Checkable, outObject=Obj - Checkable] := false
  bool isReceptacleObjectFull[o=Obj - Checkable] := false
  bool wasInReceptacle[o=Obj - Checkable, r=Receptacle - Checkable] := false
  bool checked[c=Checkable] := false
  bool examined[l=Location - Checkable] := false
  bool receptacleType[r=Receptacle - Checkable, rt=ReceptacleType] := false
  bool canContain[rt=ReceptacleType, ot=ObjectType] := false
  bool objectType[o=Obj - Checkable, t=ObjectType] := false
  bool holds[a=Agent - Checkable, o=Obj - Checkable] := false
  bool holdsAny[a=Agent - Checkable] := false
  bool holdsAnyReceptacleObject[a=Agent - Checkable] := false
  bool full[r=Receptacle - Checkable] := false
  bool isClean[o=Obj - Checkable] := false
  bool cleanable[o=Obj - Checkable] := false
  bool isHot[o=Obj - Checkable] := false
  bool heatable[o=Obj - Checkable] := false
  bool isCool[o=Obj - Checkable] := false
  bool coolable[o=Obj - Checkable] := false
  bool pickupable[o=Obj - Checkable] := false
  bool moveable[o=Obj - Checkable] := false
  bool toggleable[o=Obj - Checkable] := false
  bool isOn[o=Obj - Checkable] := false
  bool isToggled[o=Obj - Checkable] := false
  bool sliceable[o=Obj - Checkable] := false
  bool isSliced[o=Obj - Checkable] := false
]

initial values = [
  receptacleType(bathtubBasin_1, bathtubBasinType) := true
  receptacleType(toiletPaperHanger_2, toiletPaperHangerType) := true
  receptacleType(sinkBasin_3, sinkBasinType) := true
  receptacleType(laundryHamper_4, laundryHamperType) := true
  receptacleType(diningTable_5, diningTableType) := true
  receptacleType(cabinet_6, cabinetType) := true
  receptacleType(sofa_7, sofaType) := true
  receptacleType(drawer_8, drawerType) := true
  receptacleType(cabinet_9, cabinetType) := true
  receptacleType(sinkBasin_10, sinkBasinType) := true
  receptacleType(microwave_11, microwaveType) := true
  receptacleType(fridge_12, fridgeType) := true
  objectType(wineBottle_1, wineBottleType) := true
  objectType(bowl_2, bowlType) := true
  objectType(toiletPaper_3, toiletPaperType) := true
  objectType(cup_4, cupType) := true
  objectType(bowl_5, bowlType) := true
  objectType(wineBottle_6, wineBottleType) := true
  objectType(kettle_7, kettleType) := true
  objectType(pepperShaker_8, pepperShakerType) := true
  objectType(tennisRacket_9, tennisRacketType) := true
  objectType(bowl_10, bowlType) := true
  canContain(toiletPaperHangerType, toiletPaperType) := true
  canContain(sinkBasinType, bowlType) := true
  canContain(sinkBasinType, cupType) := true
  canContain(sinkBasinType, kettleType) := true
  canContain(diningTableType, wineBottleType) := true
  canContain(diningTableType, bowlType) := true
  canContain(diningTableType, toiletPaperType) := true
  canContain(diningTableType, cupType) := true
  canContain(diningTableType, kettleType) := true
  canContain(diningTableType, pepperShakerType) := true
  canContain(diningTableType, tennisRacketType) := true
  canContain(cabinetType, wineBottleType) := true
  canContain(cabinetType, bowlType) := true
  canContain(cabinetType, toiletPaperType) := true
  canContain(cabinetType, cupType) := true
  canContain(cabinetType, kettleType) := true
  canContain(cabinetType, pepperShakerType) := true
  canContain(drawerType, toiletPaperType) := true
  canContain(drawerType, pepperShakerType) := true
  canContain(microwaveType, bowlType) := true
  canContain(microwaveType, cupType) := true
  canContain(fridgeType, wineBottleType) := true
  canContain(fridgeType, bowlType) := true
  canContain(fridgeType, cupType) := true
  pickupable(wineBottle_1) := true
  pickupable(bowl_2) := true
  isReceptacleObject(bowl_2) := true
  cleanable(bowl_2) := true
  coolable(bowl_2) := true
  pickupable(toiletPaper_3) := true
  pickupable(cup_4) := true
  isReceptacleObject(cup_4) := true
  cleanable(cup_4) := true
  heatable(cup_4) := true
  coolable(cup_4) := true
  pickupable(bowl_5) := true
  isReceptacleObject(bowl_5) := true
  cleanable(bowl_5) := true
  coolable(bowl_5) := true
  pickupable(wineBottle_6) := true
  pickupable(kettle_7) := true
  cleanable(kettle_7) := true
  pickupable(pepperShaker_8) := true
  pickupable(tennisRacket_9) := true
  pickupable(bowl_10) := true
  isReceptacleObject(bowl_10) := true
  cleanable(bowl_10) := true
  coolable(bowl_10) := true
  receptacleAtLocation(bathtubBasin_1, location1) := true
  receptacleAtLocation(toiletPaperHanger_2, location7) := true
  receptacleAtLocation(sinkBasin_3, location6) := true
  receptacleAtLocation(laundryHamper_4, location4) := true
  receptacleAtLocation(diningTable_5, location4) := true
  receptacleAtLocation(cabinet_6, location6) := true
  receptacleAtLocation(sofa_7, location7) := true
  receptacleAtLocation(drawer_8, location6) := true
  receptacleAtLocation(cabinet_9, location10) := true
  receptacleAtLocation(sinkBasin_10, location4) := true
  receptacleAtLocation(microwave_11, location4) := true
  receptacleAtLocation(fridge_12, location4) := true
  inReceptacle(wineBottle_1, cabinet_9) := true
  inReceptacle(bowl_2, sinkBasin_3) := true
  inReceptacle(toiletPaper_3, cabinet_6) := true
  inReceptacle(cup_4, sinkBasin_3) := true
  inReceptacle(bowl_5, sinkBasin_3) := true
  inReceptacle(wineBottle_6, fridge_12) := true
  inReceptacle(kettle_7, cabinet_9) := true
  inReceptacle(pepperShaker_8, drawer_8) := true
  inReceptacle(tennisRacket_9, diningTable_5) := true
  inReceptacle(bowl_10, cabinet_6) := true
  objectAtLocation(wineBottle_1, location10) := true
  objectAtLocation(bowl_2, location6) := true
  objectAtLocation(toiletPaper_3, location6) := true
  objectAtLocation(cup_4, location6) := true
  objectAtLocation(bowl_5, location6) := true
  objectAtLocation(wineBottle_6, location4) := true
  objectAtLocation(kettle_7, location10) := true
  objectAtLocation(pepperShaker_8, location6) := true
  objectAtLocation(tennisRacket_9, location4) := true
  objectAtLocation(bowl_10, location6) := true
  atLocation(agent1, location5) := true
]

goals = [
  Exists (Receptacle - Checkable r) Exists (Obj - Checkable o1) (inReceptacle(o1, r) and objectType(o1, pepperShakerType) and receptacleType(r, diningTableType) and Exists (Obj - Checkable o2) ((not (o1 == o2)) and objectType(o2, wineBottleType) and receptacleType(r, diningTableType) and inReceptacle(o2, r)))
]

quality metrics = [
  minimize sequential-plan-length
]


2025-06-17 11:15:33,287 - INFO - Generating plan for unconstrained problem

2025-06-17 11:15:33,701 - INFO - Unconstrained plan generation time: 0.41393160820007324

2025-06-17 11:15:33,701 - INFO - Unconstrained plan and cost: 
2025-06-17 11:15:33,701 - INFO - SequentialPlan:
    goToLocation(agent1, location5, location6)
    pickupObject(agent1, location6, pepperShaker_8, drawer_8)
    goToLocation(agent1, location6, location4)
    putObject(agent1, location4, pepperShaker_8, diningTable_5, pepperShakerType, diningTableType)
    pickupObject(agent1, location4, wineBottle_6, fridge_12)
    putObject(agent1, location4, wineBottle_6, diningTable_5, wineBottleType, diningTableType)
2025-06-17 11:15:33,701 - INFO - 6
2025-06-17 11:15:34,208 - INFO - Sampled constraints:

2025-06-17 11:15:34,208 - INFO - Sometime(atLocation(agent1, location6))
2025-06-17 11:15:34,208 - INFO - Sometime-Before(atLocation(agent1, location6), checked(wineBottle_1))
2025-06-17 11:15:34,208 - INFO - 
2025-06-17 11:15:34,208 - INFO - Generation time: 0.5065252780914307

2025-06-17 11:15:34,209 - INFO - Generating plan for constrained problem (with LiftedTCORE).

2025-06-17 11:15:34,260 - INFO - LiftedTCORE compilation time: 0.05162644386291504

2025-06-17 11:15:34,728 - INFO - Planning Time with LiftedTCORE's file: 0.4677000045776367

2025-06-17 11:15:34,729 - INFO - Plan found with LiftedTCORE + sym_bd: SequentialPlan:
    goToLocation(agent1, location5, location10)
    examineObject(agent1, wineBottle_1)
    goToLocation(agent1, location10, location6)
    pickupObject(agent1, location6, pepperShaker_8, drawer_8)
    goToLocation(agent1, location6, location4)
    putObject(agent1, location4, pepperShaker_8, diningTable_5, pepperShakerType, diningTableType)
    pickupObject(agent1, location4, wineBottle_6, fridge_12)
    putObject(agent1, location4, wineBottle_6, diningTable_5, wineBottleType, diningTableType)
2025-06-17 11:15:34,729 - INFO - Seed: 31 is solvable

2025-06-17 11:15:34,729 - INFO - Unconstrained cost: 6
2025-06-17 11:15:34,729 - INFO - Constrained cost: 8
2025-06-17 11:15:34,729 - INFO - Seed: 31 Plan simulation is feasible
2025-06-17 11:15:34,730 - INFO - 
Seed: 31 
 Plan: [goToLocation(agent1, location5, location10), examineObject(agent1, wineBottle_1), goToLocation(agent1, location10, location6), pickupObject(agent1, location6, pepperShaker_8, drawer_8), goToLocation(agent1, location6, location4), putObject(agent1, location4, pepperShaker_8, diningTable_5, pepperShakerType, diningTableType), pickupObject(agent1, location4, wineBottle_6, fridge_12), putObject(agent1, location4, wineBottle_6, diningTable_5, wineBottleType, diningTableType)]  
 Cost: 8

