2025-06-17 09:53:43,371 - INFO - 
================= Seed: 292 =================

2025-06-17 09:53:43,384 - INFO - problem name = alfred

types = [ReceptacleType, ObjectType, Checkable, Agent - Checkable, Location - Checkable, Receptacle - Checkable, Obj - Checkable]

fluents = [
  bool atLocation[a=Agent - Checkable, l=Location - Checkable]
  bool receptacleAtLocation[r=Receptacle - Checkable, l=Location - Checkable]
  bool objectAtLocation[o=Obj - Checkable, l=Location - Checkable]
  bool openable[r=Receptacle - Checkable]
  bool opened[r=Receptacle - Checkable]
  bool inReceptacle[o=Obj - Checkable, r=Receptacle - Checkable]
  bool isReceptacleObject[o=Obj - Checkable]
  bool inReceptacleObject[innerObject=Obj - Checkable, outObject=Obj - Checkable]
  bool isReceptacleObjectFull[o=Obj - Checkable]
  bool wasInReceptacle[o=Obj - Checkable, r=Receptacle - Checkable]
  bool checked[c=Checkable]
  bool examined[l=Location - Checkable]
  bool receptacleType[r=Receptacle - Checkable, rt=ReceptacleType]
  bool canContain[rt=ReceptacleType, ot=ObjectType]
  bool objectType[o=Obj - Checkable, t=ObjectType]
  bool holds[a=Agent - Checkable, o=Obj - Checkable]
  bool holdsAny[a=Agent - Checkable]
  bool holdsAnyReceptacleObject[a=Agent - Checkable]
  bool full[r=Receptacle - Checkable]
  bool isClean[o=Obj - Checkable]
  bool cleanable[o=Obj - Checkable]
  bool isHot[o=Obj - Checkable]
  bool heatable[o=Obj - Checkable]
  bool isCool[o=Obj - Checkable]
  bool coolable[o=Obj - Checkable]
  bool pickupable[o=Obj - Checkable]
  bool moveable[o=Obj - Checkable]
  bool toggleable[o=Obj - Checkable]
  bool isOn[o=Obj - Checkable]
  bool isToggled[o=Obj - Checkable]
  bool sliceable[o=Obj - Checkable]
  bool isSliced[o=Obj - Checkable]
]

actions = [
  action look(Agent - Checkable a, Location - Checkable l) {
    preconditions = [
      atLocation(a, l)
    ]
    effects = [
      checked(l) := true
    ]
  }
  action inventory(Agent - Checkable a) {
    preconditions = [
    ]
    effects = [
      checked(a) := true
    ]
  }
  action examineReceptacle(Agent - Checkable a, Receptacle - Checkable r) {
    preconditions = [
      Exists (Location - Checkable l) (atLocation(a, l) and receptacleAtLocation(r, l))
    ]
    effects = [
      checked(r) := true
    ]
  }
  action examineObject(Agent - Checkable a, Obj - Checkable o) {
    preconditions = [
      (Exists (Location - Checkable l) Exists (Receptacle - Checkable r) (atLocation(a, l) and receptacleAtLocation(r, l) and inReceptacle(o, r) and ((not openable(r)) or opened(r))) or holds(a, o))
    ]
    effects = [
      checked(o) := true
    ]
  }
  action goToLocation(Agent - Checkable a, Location - Checkable lstart, Location - Checkable lend) {
    preconditions = [
      atLocation(a, lstart)
    ]
    effects = [
      atLocation(a, lstart) := false
      atLocation(a, lend) := true
    ]
  }
  action openObject(Agent - Checkable a, Location - Checkable l, Receptacle - Checkable r) {
    preconditions = [
      (openable(r) and atLocation(a, l) and receptacleAtLocation(r, l) and (not opened(r)))
    ]
    effects = [
      opened(r) := true
      checked(r) := true
    ]
  }
  action closeObject(Agent - Checkable a, Location - Checkable l, Receptacle - Checkable r) {
    preconditions = [
      (openable(r) and atLocation(a, l) and receptacleAtLocation(r, l) and opened(r))
    ]
    effects = [
      opened(r) := false
    ]
  }
  action pickupObject(Agent - Checkable a, Location - Checkable l, Obj - Checkable o, Receptacle - Checkable r) {
    preconditions = [
      (pickupable(o) and atLocation(a, l) and receptacleAtLocation(r, l) and inReceptacle(o, r) and (not holdsAny(a)) and ((not openable(r)) or opened(r)))
    ]
    effects = [
      inReceptacle(o, r) := false
      holds(a, o) := true
      holdsAny(a) := true
      objectAtLocation(o, l) := false
    ]
  }
  action putObject(Agent - Checkable a, Location - Checkable l, Obj - Checkable o, Receptacle - Checkable r, ObjectType ot, ReceptacleType rt) {
    preconditions = [
      (holds(a, o) and atLocation(a, l) and receptacleAtLocation(r, l) and ((not openable(r)) or opened(r)) and objectType(o, ot) and receptacleType(r, rt) and canContain(rt, ot))
    ]
    effects = [
      inReceptacle(o, r) := true
      objectAtLocation(o, l) := true
      holds(a, o) := false
      holdsAny(a) := false
    ]
  }
  action cleanObject(Agent - Checkable a, Location - Checkable l, Receptacle - Checkable r, Obj - Checkable o) {
    preconditions = [
      (cleanable(o) and receptacleType(r, sinkBasinType) and atLocation(a, l) and receptacleAtLocation(r, l) and holds(a, o))
    ]
    effects = [
      isClean(o) := true
    ]
  }
  action heatObject(Agent - Checkable a, Location - Checkable l, Receptacle - Checkable r, Obj - Checkable o) {
    preconditions = [
      (heatable(o) and receptacleType(r, microwaveType) and atLocation(a, l) and receptacleAtLocation(r, l) and holds(a, o))
    ]
    effects = [
      isHot(o) := true
      isCool(o) := false
    ]
  }
  action coolObject(Agent - Checkable a, Location - Checkable l, Receptacle - Checkable r, Obj - Checkable o) {
    preconditions = [
      (coolable(o) and receptacleType(r, fridgeType) and atLocation(a, l) and receptacleAtLocation(r, l) and holds(a, o))
    ]
    effects = [
      isCool(o) := true
      isHot(o) := false
    ]
  }
  action toggleObject(Agent - Checkable a, Location - Checkable l, Obj - Checkable o, Receptacle - Checkable r) {
    preconditions = [
      (toggleable(o) and atLocation(a, l) and receptacleAtLocation(r, l) and inReceptacle(o, r))
    ]
    effects = [
      if isOn(o) then isOn(o) := false
      if (not isOn(o)) then isOn(o) := true
      isToggled(o) := true
    ]
  }
  action sliceObject(Agent - Checkable a, Location - Checkable l, Obj - Checkable co, Obj - Checkable ko) {
    preconditions = [
      (sliceable(co) and (objectType(ko, knifeType) or objectType(ko, butterKnifeType)) and atLocation(a, l) and objectAtLocation(co, l) and holds(a, ko))
    ]
    effects = [
      isSliced(co) := true
    ]
  }
  action help(Agent - Checkable a) {
    preconditions = [
    ]
    effects = [
      checked(a) := true
    ]
  }
]

objects = [
  ReceptacleType: [sinkBasinType, microwaveType, fridgeType, laundryHamperType, cabinetType, handTowelHolderType, sofaType, bedType, counterTopType, toasterType]
  ObjectType: [knifeType, butterKnifeType, potatoType, potType, soapBottleType, alarmClockType, wineBottleType, dishSpongeType, laptopType, candleType, boxType]
  Checkable: [agent1, location1, location2, location3, location4, location5, location6, location7, location8, location9, location10, laundryHamper_1, cabinet_2, laundryHamper_3, handTowelHolder_4, cabinet_5, sofa_6, bed_7, microwave_8, counterTop_9, toaster_10, potato_1, pot_2, soapBottle_3, alarmClock_4, wineBottle_5, dishSponge_6, butterKnife_7, laptop_8, candle_9, box_10]
  Agent - Checkable: [agent1]
  Location - Checkable: [location1, location2, location3, location4, location5, location6, location7, location8, location9, location10]
  Receptacle - Checkable: [laundryHamper_1, cabinet_2, laundryHamper_3, handTowelHolder_4, cabinet_5, sofa_6, bed_7, microwave_8, counterTop_9, toaster_10]
  Obj - Checkable: [potato_1, pot_2, soapBottle_3, alarmClock_4, wineBottle_5, dishSponge_6, butterKnife_7, laptop_8, candle_9, box_10]
]

initial fluents default = [
  bool atLocation[a=Agent - Checkable, l=Location - Checkable] := false
  bool receptacleAtLocation[r=Receptacle - Checkable, l=Location - Checkable] := false
  bool objectAtLocation[o=Obj - Checkable, l=Location - Checkable] := false
  bool openable[r=Receptacle - Checkable] := false
  bool opened[r=Receptacle - Checkable] := false
  bool inReceptacle[o=Obj - Checkable, r=Receptacle - Checkable] := false
  bool isReceptacleObject[o=Obj - Checkable] := false
  bool inReceptacleObject[innerObject=Obj - Checkable, outObject=Obj - Checkable] := false
  bool isReceptacleObjectFull[o=Obj - Checkable] := false
  bool wasInReceptacle[o=Obj - Checkable, r=Receptacle - Checkable] := false
  bool checked[c=Checkable] := false
  bool examined[l=Location - Checkable] := false
  bool receptacleType[r=Receptacle - Checkable, rt=ReceptacleType] := false
  bool canContain[rt=ReceptacleType, ot=ObjectType] := false
  bool objectType[o=Obj - Checkable, t=ObjectType] := false
  bool holds[a=Agent - Checkable, o=Obj - Checkable] := false
  bool holdsAny[a=Agent - Checkable] := false
  bool holdsAnyReceptacleObject[a=Agent - Checkable] := false
  bool full[r=Receptacle - Checkable] := false
  bool isClean[o=Obj - Checkable] := false
  bool cleanable[o=Obj - Checkable] := false
  bool isHot[o=Obj - Checkable] := false
  bool heatable[o=Obj - Checkable] := false
  bool isCool[o=Obj - Checkable] := false
  bool coolable[o=Obj - Checkable] := false
  bool pickupable[o=Obj - Checkable] := false
  bool moveable[o=Obj - Checkable] := false
  bool toggleable[o=Obj - Checkable] := false
  bool isOn[o=Obj - Checkable] := false
  bool isToggled[o=Obj - Checkable] := false
  bool sliceable[o=Obj - Checkable] := false
  bool isSliced[o=Obj - Checkable] := false
]

initial values = [
  receptacleType(laundryHamper_1, laundryHamperType) := true
  receptacleType(cabinet_2, cabinetType) := true
  receptacleType(laundryHamper_3, laundryHamperType) := true
  receptacleType(handTowelHolder_4, handTowelHolderType) := true
  receptacleType(cabinet_5, cabinetType) := true
  receptacleType(sofa_6, sofaType) := true
  receptacleType(bed_7, bedType) := true
  receptacleType(microwave_8, microwaveType) := true
  receptacleType(counterTop_9, counterTopType) := true
  receptacleType(toaster_10, toasterType) := true
  objectType(potato_1, potatoType) := true
  objectType(pot_2, potType) := true
  objectType(soapBottle_3, soapBottleType) := true
  objectType(alarmClock_4, alarmClockType) := true
  objectType(wineBottle_5, wineBottleType) := true
  objectType(dishSponge_6, dishSpongeType) := true
  objectType(butterKnife_7, butterKnifeType) := true
  objectType(laptop_8, laptopType) := true
  objectType(candle_9, candleType) := true
  objectType(box_10, boxType) := true
  canContain(cabinetType, potType) := true
  canContain(cabinetType, soapBottleType) := true
  canContain(cabinetType, wineBottleType) := true
  canContain(cabinetType, dishSpongeType) := true
  canContain(cabinetType, candleType) := true
  canContain(cabinetType, boxType) := true
  canContain(sofaType, laptopType) := true
  canContain(sofaType, boxType) := true
  canContain(bedType, laptopType) := true
  canContain(microwaveType, potatoType) := true
  canContain(counterTopType, potatoType) := true
  canContain(counterTopType, potType) := true
  canContain(counterTopType, soapBottleType) := true
  canContain(counterTopType, alarmClockType) := true
  canContain(counterTopType, wineBottleType) := true
  canContain(counterTopType, dishSpongeType) := true
  canContain(counterTopType, butterKnifeType) := true
  canContain(counterTopType, laptopType) := true
  canContain(counterTopType, candleType) := true
  canContain(counterTopType, boxType) := true
  pickupable(potato_1) := true
  cleanable(potato_1) := true
  heatable(potato_1) := true
  coolable(potato_1) := true
  sliceable(potato_1) := true
  pickupable(pot_2) := true
  isReceptacleObject(pot_2) := true
  cleanable(pot_2) := true
  coolable(pot_2) := true
  pickupable(soapBottle_3) := true
  pickupable(alarmClock_4) := true
  pickupable(wineBottle_5) := true
  pickupable(dishSponge_6) := true
  cleanable(dishSponge_6) := true
  pickupable(butterKnife_7) := true
  cleanable(butterKnife_7) := true
  pickupable(laptop_8) := true
  pickupable(candle_9) := true
  pickupable(box_10) := true
  isReceptacleObject(box_10) := true
  receptacleAtLocation(laundryHamper_1, location8) := true
  receptacleAtLocation(cabinet_2, location9) := true
  receptacleAtLocation(laundryHamper_3, location2) := true
  receptacleAtLocation(handTowelHolder_4, location10) := true
  receptacleAtLocation(cabinet_5, location4) := true
  receptacleAtLocation(sofa_6, location1) := true
  receptacleAtLocation(bed_7, location6) := true
  receptacleAtLocation(microwave_8, location3) := true
  receptacleAtLocation(counterTop_9, location2) := true
  receptacleAtLocation(toaster_10, location10) := true
  inReceptacle(alarmClock_4, counterTop_9) := true
  inReceptacle(wineBottle_5, cabinet_5) := true
  inReceptacle(dishSponge_6, counterTop_9) := true
  inReceptacle(laptop_8, bed_7) := true
  inReceptacle(box_10, cabinet_2) := true
  objectAtLocation(potato_1, location7) := true
  objectAtLocation(pot_2, location1) := true
  objectAtLocation(soapBottle_3, location8) := true
  objectAtLocation(alarmClock_4, location2) := true
  objectAtLocation(wineBottle_5, location4) := true
  objectAtLocation(dishSponge_6, location2) := true
  objectAtLocation(butterKnife_7, location2) := true
  objectAtLocation(laptop_8, location6) := true
  objectAtLocation(candle_9, location8) := true
  objectAtLocation(box_10, location9) := true
  atLocation(agent1, location10) := true
]

goals = [
  Exists (Receptacle - Checkable r) Exists (Obj - Checkable o) (heatable(o) and objectType(o, potatoType) and receptacleType(r, counterTopType) and isHot(o) and inReceptacle(o, r))
]

quality metrics = [
  minimize sequential-plan-length
]


2025-06-17 09:53:43,388 - INFO - Generating plan for unconstrained problem

2025-06-17 09:53:43,782 - INFO - Unconstrained plan generation time: 0.3946957588195801

