2025-06-17 11:20:43,901 - INFO - 
================= Seed: 227 =================

2025-06-17 11:20:43,901 - INFO - problem name = alfred

types = [ReceptacleType, ObjectType, Checkable, Agent - Checkable, Location - Checkable, Receptacle - Checkable, Obj - Checkable]

fluents = [
  bool atLocation[a=Agent - Checkable, l=Location - Checkable]
  bool receptacleAtLocation[r=Receptacle - Checkable, l=Location - Checkable]
  bool objectAtLocation[o=Obj - Checkable, l=Location - Checkable]
  bool openable[r=Receptacle - Checkable]
  bool opened[r=Receptacle - Checkable]
  bool inReceptacle[o=Obj - Checkable, r=Receptacle - Checkable]
  bool isReceptacleObject[o=Obj - Checkable]
  bool inReceptacleObject[innerObject=Obj - Checkable, outObject=Obj - Checkable]
  bool isReceptacleObjectFull[o=Obj - Checkable]
  bool wasInReceptacle[o=Obj - Checkable, r=Receptacle - Checkable]
  bool checked[c=Checkable]
  bool examined[l=Location - Checkable]
  bool receptacleType[r=Receptacle - Checkable, rt=ReceptacleType]
  bool canContain[rt=ReceptacleType, ot=ObjectType]
  bool objectType[o=Obj - Checkable, t=ObjectType]
  bool holds[a=Agent - Checkable, o=Obj - Checkable]
  bool holdsAny[a=Agent - Checkable]
  bool holdsAnyReceptacleObject[a=Agent - Checkable]
  bool full[r=Receptacle - Checkable]
  bool isClean[o=Obj - Checkable]
  bool cleanable[o=Obj - Checkable]
  bool isHot[o=Obj - Checkable]
  bool heatable[o=Obj - Checkable]
  bool isCool[o=Obj - Checkable]
  bool coolable[o=Obj - Checkable]
  bool pickupable[o=Obj - Checkable]
  bool moveable[o=Obj - Checkable]
  bool toggleable[o=Obj - Checkable]
  bool isOn[o=Obj - Checkable]
  bool isToggled[o=Obj - Checkable]
  bool sliceable[o=Obj - Checkable]
  bool isSliced[o=Obj - Checkable]
]

actions = [
  action look(Agent - Checkable a, Location - Checkable l) {
    preconditions = [
      atLocation(a, l)
    ]
    effects = [
      checked(l) := true
    ]
  }
  action inventory(Agent - Checkable a) {
    preconditions = [
    ]
    effects = [
      checked(a) := true
    ]
  }
  action examineReceptacle(Agent - Checkable a, Receptacle - Checkable r) {
    preconditions = [
      Exists (Location - Checkable l) (atLocation(a, l) and receptacleAtLocation(r, l))
    ]
    effects = [
      checked(r) := true
    ]
  }
  action examineObject(Agent - Checkable a, Obj - Checkable o) {
    preconditions = [
      (Exists (Location - Checkable l) Exists (Receptacle - Checkable r) (atLocation(a, l) and receptacleAtLocation(r, l) and inReceptacle(o, r) and ((not openable(r)) or opened(r))) or holds(a, o))
    ]
    effects = [
      checked(o) := true
    ]
  }
  action goToLocation(Agent - Checkable a, Location - Checkable lstart, Location - Checkable lend) {
    preconditions = [
      atLocation(a, lstart)
    ]
    effects = [
      atLocation(a, lstart) := false
      atLocation(a, lend) := true
    ]
  }
  action openObject(Agent - Checkable a, Location - Checkable l, Receptacle - Checkable r) {
    preconditions = [
      (openable(r) and atLocation(a, l) and receptacleAtLocation(r, l) and (not opened(r)))
    ]
    effects = [
      opened(r) := true
      checked(r) := true
    ]
  }
  action closeObject(Agent - Checkable a, Location - Checkable l, Receptacle - Checkable r) {
    preconditions = [
      (openable(r) and atLocation(a, l) and receptacleAtLocation(r, l) and opened(r))
    ]
    effects = [
      opened(r) := false
    ]
  }
  action pickupObject(Agent - Checkable a, Location - Checkable l, Obj - Checkable o, Receptacle - Checkable r) {
    preconditions = [
      (pickupable(o) and atLocation(a, l) and receptacleAtLocation(r, l) and inReceptacle(o, r) and (not holdsAny(a)) and ((not openable(r)) or opened(r)))
    ]
    effects = [
      inReceptacle(o, r) := false
      holds(a, o) := true
      holdsAny(a) := true
      objectAtLocation(o, l) := false
    ]
  }
  action putObject(Agent - Checkable a, Location - Checkable l, Obj - Checkable o, Receptacle - Checkable r, ObjectType ot, ReceptacleType rt) {
    preconditions = [
      (holds(a, o) and atLocation(a, l) and receptacleAtLocation(r, l) and ((not openable(r)) or opened(r)) and objectType(o, ot) and receptacleType(r, rt) and canContain(rt, ot))
    ]
    effects = [
      inReceptacle(o, r) := true
      objectAtLocation(o, l) := true
      holds(a, o) := false
      holdsAny(a) := false
    ]
  }
  action cleanObject(Agent - Checkable a, Location - Checkable l, Receptacle - Checkable r, Obj - Checkable o) {
    preconditions = [
      (cleanable(o) and receptacleType(r, sinkBasinType) and atLocation(a, l) and receptacleAtLocation(r, l) and holds(a, o))
    ]
    effects = [
      isClean(o) := true
    ]
  }
  action heatObject(Agent - Checkable a, Location - Checkable l, Receptacle - Checkable r, Obj - Checkable o) {
    preconditions = [
      (heatable(o) and receptacleType(r, microwaveType) and atLocation(a, l) and receptacleAtLocation(r, l) and holds(a, o))
    ]
    effects = [
      isHot(o) := true
      isCool(o) := false
    ]
  }
  action coolObject(Agent - Checkable a, Location - Checkable l, Receptacle - Checkable r, Obj - Checkable o) {
    preconditions = [
      (coolable(o) and receptacleType(r, fridgeType) and atLocation(a, l) and receptacleAtLocation(r, l) and holds(a, o))
    ]
    effects = [
      isCool(o) := true
      isHot(o) := false
    ]
  }
  action toggleObject(Agent - Checkable a, Location - Checkable l, Obj - Checkable o, Receptacle - Checkable r) {
    preconditions = [
      (toggleable(o) and atLocation(a, l) and receptacleAtLocation(r, l) and inReceptacle(o, r))
    ]
    effects = [
      if isOn(o) then isOn(o) := false
      if (not isOn(o)) then isOn(o) := true
      isToggled(o) := true
    ]
  }
  action sliceObject(Agent - Checkable a, Location - Checkable l, Obj - Checkable co, Obj - Checkable ko) {
    preconditions = [
      (sliceable(co) and (objectType(ko, knifeType) or objectType(ko, butterKnifeType)) and atLocation(a, l) and objectAtLocation(co, l) and holds(a, ko))
    ]
    effects = [
      isSliced(co) := true
    ]
  }
  action help(Agent - Checkable a) {
    preconditions = [
    ]
    effects = [
      checked(a) := true
    ]
  }
]

objects = [
  ReceptacleType: [sinkBasinType, microwaveType, fridgeType, diningTableType, toasterType, bedType, sofaType, stoveBurnerType, shelfType, sideTableType, dresserType]
  ObjectType: [knifeType, butterKnifeType, boxType, toiletPaperType, alarmClockType, spatulaType, pencilType, remoteControlType, bookType, vaseType]
  Checkable: [agent1, location1, location2, location3, location4, location5, location6, location7, location8, location9, location10, diningTable_1, toaster_2, bed_3, sofa_4, stoveBurner_5, shelf_6, sideTable_7, bed_8, fridge_9, dresser_10, microwave_11, fridge_12, box_1, toiletPaper_2, alarmClock_3, spatula_4, pencil_5, remoteControl_6, pencil_7, book_8, vase_9, box_10]
  Agent - Checkable: [agent1]
  Location - Checkable: [location1, location2, location3, location4, location5, location6, location7, location8, location9, location10]
  Receptacle - Checkable: [diningTable_1, toaster_2, bed_3, sofa_4, stoveBurner_5, shelf_6, sideTable_7, bed_8, fridge_9, dresser_10, microwave_11, fridge_12]
  Obj - Checkable: [box_1, toiletPaper_2, alarmClock_3, spatula_4, pencil_5, remoteControl_6, pencil_7, book_8, vase_9, box_10]
]

initial fluents default = [
  bool atLocation[a=Agent - Checkable, l=Location - Checkable] := false
  bool receptacleAtLocation[r=Receptacle - Checkable, l=Location - Checkable] := false
  bool objectAtLocation[o=Obj - Checkable, l=Location - Checkable] := false
  bool openable[r=Receptacle - Checkable] := false
  bool opened[r=Receptacle - Checkable] := false
  bool inReceptacle[o=Obj - Checkable, r=Receptacle - Checkable] := false
  bool isReceptacleObject[o=Obj - Checkable] := false
  bool inReceptacleObject[innerObject=Obj - Checkable, outObject=Obj - Checkable] := false
  bool isReceptacleObjectFull[o=Obj - Checkable] := false
  bool wasInReceptacle[o=Obj - Checkable, r=Receptacle - Checkable] := false
  bool checked[c=Checkable] := false
  bool examined[l=Location - Checkable] := false
  bool receptacleType[r=Receptacle - Checkable, rt=ReceptacleType] := false
  bool canContain[rt=ReceptacleType, ot=ObjectType] := false
  bool objectType[o=Obj - Checkable, t=ObjectType] := false
  bool holds[a=Agent - Checkable, o=Obj - Checkable] := false
  bool holdsAny[a=Agent - Checkable] := false
  bool holdsAnyReceptacleObject[a=Agent - Checkable] := false
  bool full[r=Receptacle - Checkable] := false
  bool isClean[o=Obj - Checkable] := false
  bool cleanable[o=Obj - Checkable] := false
  bool isHot[o=Obj - Checkable] := false
  bool heatable[o=Obj - Checkable] := false
  bool isCool[o=Obj - Checkable] := false
  bool coolable[o=Obj - Checkable] := false
  bool pickupable[o=Obj - Checkable] := false
  bool moveable[o=Obj - Checkable] := false
  bool toggleable[o=Obj - Checkable] := false
  bool isOn[o=Obj - Checkable] := false
  bool isToggled[o=Obj - Checkable] := false
  bool sliceable[o=Obj - Checkable] := false
  bool isSliced[o=Obj - Checkable] := false
]

initial values = [
  receptacleType(diningTable_1, diningTableType) := true
  receptacleType(toaster_2, toasterType) := true
  receptacleType(bed_3, bedType) := true
  receptacleType(sofa_4, sofaType) := true
  receptacleType(stoveBurner_5, stoveBurnerType) := true
  receptacleType(shelf_6, shelfType) := true
  receptacleType(sideTable_7, sideTableType) := true
  receptacleType(bed_8, bedType) := true
  receptacleType(fridge_9, fridgeType) := true
  receptacleType(dresser_10, dresserType) := true
  receptacleType(microwave_11, microwaveType) := true
  receptacleType(fridge_12, fridgeType) := true
  objectType(box_1, boxType) := true
  objectType(toiletPaper_2, toiletPaperType) := true
  objectType(alarmClock_3, alarmClockType) := true
  objectType(spatula_4, spatulaType) := true
  objectType(pencil_5, pencilType) := true
  objectType(remoteControl_6, remoteControlType) := true
  objectType(pencil_7, pencilType) := true
  objectType(book_8, bookType) := true
  objectType(vase_9, vaseType) := true
  objectType(box_10, boxType) := true
  canContain(diningTableType, boxType) := true
  canContain(diningTableType, toiletPaperType) := true
  canContain(diningTableType, alarmClockType) := true
  canContain(diningTableType, spatulaType) := true
  canContain(diningTableType, pencilType) := true
  canContain(diningTableType, remoteControlType) := true
  canContain(diningTableType, bookType) := true
  canContain(diningTableType, vaseType) := true
  canContain(bedType, bookType) := true
  canContain(sofaType, boxType) := true
  canContain(sofaType, remoteControlType) := true
  canContain(sofaType, bookType) := true
  canContain(shelfType, boxType) := true
  canContain(shelfType, toiletPaperType) := true
  canContain(shelfType, alarmClockType) := true
  canContain(shelfType, pencilType) := true
  canContain(shelfType, remoteControlType) := true
  canContain(shelfType, bookType) := true
  canContain(shelfType, vaseType) := true
  canContain(sideTableType, boxType) := true
  canContain(sideTableType, toiletPaperType) := true
  canContain(sideTableType, alarmClockType) := true
  canContain(sideTableType, spatulaType) := true
  canContain(sideTableType, pencilType) := true
  canContain(sideTableType, remoteControlType) := true
  canContain(sideTableType, bookType) := true
  canContain(sideTableType, vaseType) := true
  canContain(dresserType, boxType) := true
  canContain(dresserType, toiletPaperType) := true
  canContain(dresserType, alarmClockType) := true
  canContain(dresserType, pencilType) := true
  canContain(dresserType, remoteControlType) := true
  canContain(dresserType, bookType) := true
  canContain(dresserType, vaseType) := true
  pickupable(box_1) := true
  isReceptacleObject(box_1) := true
  pickupable(toiletPaper_2) := true
  pickupable(alarmClock_3) := true
  pickupable(spatula_4) := true
  cleanable(spatula_4) := true
  pickupable(pencil_5) := true
  pickupable(remoteControl_6) := true
  pickupable(pencil_7) := true
  pickupable(book_8) := true
  pickupable(vase_9) := true
  pickupable(box_10) := true
  isReceptacleObject(box_10) := true
  receptacleAtLocation(diningTable_1, location6) := true
  receptacleAtLocation(toaster_2, location6) := true
  receptacleAtLocation(bed_3, location8) := true
  receptacleAtLocation(sofa_4, location4) := true
  receptacleAtLocation(stoveBurner_5, location8) := true
  receptacleAtLocation(shelf_6, location10) := true
  receptacleAtLocation(sideTable_7, location4) := true
  receptacleAtLocation(bed_8, location5) := true
  receptacleAtLocation(fridge_9, location1) := true
  receptacleAtLocation(dresser_10, location8) := true
  receptacleAtLocation(microwave_11, location8) := true
  receptacleAtLocation(fridge_12, location3) := true
  inReceptacle(box_1, diningTable_1) := true
  inReceptacle(toiletPaper_2, shelf_6) := true
  inReceptacle(alarmClock_3, diningTable_1) := true
  inReceptacle(spatula_4, diningTable_1) := true
  inReceptacle(pencil_5, shelf_6) := true
  inReceptacle(remoteControl_6, sideTable_7) := true
  inReceptacle(pencil_7, diningTable_1) := true
  inReceptacle(book_8, bed_8) := true
  inReceptacle(vase_9, shelf_6) := true
  inReceptacle(box_10, sideTable_7) := true
  objectAtLocation(box_1, location6) := true
  objectAtLocation(toiletPaper_2, location10) := true
  objectAtLocation(alarmClock_3, location6) := true
  objectAtLocation(spatula_4, location6) := true
  objectAtLocation(pencil_5, location10) := true
  objectAtLocation(remoteControl_6, location4) := true
  objectAtLocation(pencil_7, location6) := true
  objectAtLocation(book_8, location5) := true
  objectAtLocation(vase_9, location10) := true
  objectAtLocation(box_10, location4) := true
  atLocation(agent1, location10) := true
]

goals = [
  Exists (Receptacle - Checkable r) Exists (Obj - Checkable o) (inReceptacle(o, r) and objectType(o, boxType) and receptacleType(r, shelfType))
]

quality metrics = [
  minimize sequential-plan-length
]


2025-06-17 11:20:43,904 - INFO - Generating plan for unconstrained problem

2025-06-17 11:20:44,347 - INFO - Unconstrained plan generation time: 0.4432249069213867

2025-06-17 11:20:44,347 - INFO - Unconstrained plan and cost: 
2025-06-17 11:20:44,347 - INFO - SequentialPlan:
    goToLocation(agent1, location10, location4)
    pickupObject(agent1, location4, box_10, sideTable_7)
    goToLocation(agent1, location4, location10)
    putObject(agent1, location10, box_10, shelf_6, boxType, shelfType)
2025-06-17 11:20:44,347 - INFO - 4
2025-06-17 11:20:44,806 - INFO - Sampled constraints:

2025-06-17 11:20:44,806 - INFO - Sometime(atLocation(agent1, location4))
2025-06-17 11:20:44,806 - INFO - Sometime-Before(atLocation(agent1, location4), checked(box_1))
2025-06-17 11:20:44,806 - INFO - 
2025-06-17 11:20:44,806 - INFO - Generation time: 0.45841503143310547

2025-06-17 11:20:44,806 - INFO - Generating plan for constrained problem (with LiftedTCORE).

2025-06-17 11:20:44,876 - INFO - LiftedTCORE compilation time: 0.06993556022644043

2025-06-17 11:20:45,353 - INFO - Planning Time with LiftedTCORE's file: 0.4768218994140625

2025-06-17 11:20:45,354 - INFO - Plan found with LiftedTCORE + sym_bd: SequentialPlan:
    goToLocation(agent1, location10, location6)
    pickupObject(agent1, location6, box_1, diningTable_1)
    goToLocation(agent1, location6, location10)
    putObject(agent1, location10, box_1, shelf_6, boxType, shelfType)
    examineObject(agent1, box_1)
    goToLocation(agent1, location10, location4)
2025-06-17 11:20:45,354 - INFO - Seed: 227 is solvable

2025-06-17 11:20:45,354 - INFO - Unconstrained cost: 4
2025-06-17 11:20:45,354 - INFO - Constrained cost: 6
2025-06-17 11:20:45,354 - INFO - Seed: 227 Plan simulation is feasible
2025-06-17 11:20:45,354 - INFO - 
Seed: 227 
 Plan: [goToLocation(agent1, location10, location6), pickupObject(agent1, location6, box_1, diningTable_1), goToLocation(agent1, location6, location10), putObject(agent1, location10, box_1, shelf_6, boxType, shelfType), examineObject(agent1, box_1), goToLocation(agent1, location10, location4)]  
 Cost: 6

