2025-06-17 10:22:06,791 - INFO - 
================= Seed: 771 =================

2025-06-17 10:22:06,796 - INFO - problem name = alfred

types = [ReceptacleType, ObjectType, Checkable, Agent - Checkable, Location - Checkable, Receptacle - Checkable, Obj - Checkable]

fluents = [
  bool atLocation[a=Agent - Checkable, l=Location - Checkable]
  bool receptacleAtLocation[r=Receptacle - Checkable, l=Location - Checkable]
  bool objectAtLocation[o=Obj - Checkable, l=Location - Checkable]
  bool openable[r=Receptacle - Checkable]
  bool opened[r=Receptacle - Checkable]
  bool inReceptacle[o=Obj - Checkable, r=Receptacle - Checkable]
  bool isReceptacleObject[o=Obj - Checkable]
  bool inReceptacleObject[innerObject=Obj - Checkable, outObject=Obj - Checkable]
  bool isReceptacleObjectFull[o=Obj - Checkable]
  bool wasInReceptacle[o=Obj - Checkable, r=Receptacle - Checkable]
  bool checked[c=Checkable]
  bool examined[l=Location - Checkable]
  bool receptacleType[r=Receptacle - Checkable, rt=ReceptacleType]
  bool canContain[rt=ReceptacleType, ot=ObjectType]
  bool objectType[o=Obj - Checkable, t=ObjectType]
  bool holds[a=Agent - Checkable, o=Obj - Checkable]
  bool holdsAny[a=Agent - Checkable]
  bool holdsAnyReceptacleObject[a=Agent - Checkable]
  bool full[r=Receptacle - Checkable]
  bool isClean[o=Obj - Checkable]
  bool cleanable[o=Obj - Checkable]
  bool isHot[o=Obj - Checkable]
  bool heatable[o=Obj - Checkable]
  bool isCool[o=Obj - Checkable]
  bool coolable[o=Obj - Checkable]
  bool pickupable[o=Obj - Checkable]
  bool moveable[o=Obj - Checkable]
  bool toggleable[o=Obj - Checkable]
  bool isOn[o=Obj - Checkable]
  bool isToggled[o=Obj - Checkable]
  bool sliceable[o=Obj - Checkable]
  bool isSliced[o=Obj - Checkable]
]

actions = [
  action look(Agent - Checkable a, Location - Checkable l) {
    preconditions = [
      atLocation(a, l)
    ]
    effects = [
      checked(l) := true
    ]
  }
  action inventory(Agent - Checkable a) {
    preconditions = [
    ]
    effects = [
      checked(a) := true
    ]
  }
  action examineReceptacle(Agent - Checkable a, Receptacle - Checkable r) {
    preconditions = [
      Exists (Location - Checkable l) (atLocation(a, l) and receptacleAtLocation(r, l))
    ]
    effects = [
      checked(r) := true
    ]
  }
  action examineObject(Agent - Checkable a, Obj - Checkable o) {
    preconditions = [
      (Exists (Location - Checkable l) Exists (Receptacle - Checkable r) (atLocation(a, l) and receptacleAtLocation(r, l) and inReceptacle(o, r) and ((not openable(r)) or opened(r))) or holds(a, o))
    ]
    effects = [
      checked(o) := true
    ]
  }
  action goToLocation(Agent - Checkable a, Location - Checkable lstart, Location - Checkable lend) {
    preconditions = [
      atLocation(a, lstart)
    ]
    effects = [
      atLocation(a, lstart) := false
      atLocation(a, lend) := true
    ]
  }
  action openObject(Agent - Checkable a, Location - Checkable l, Receptacle - Checkable r) {
    preconditions = [
      (openable(r) and atLocation(a, l) and receptacleAtLocation(r, l) and (not opened(r)))
    ]
    effects = [
      opened(r) := true
      checked(r) := true
    ]
  }
  action closeObject(Agent - Checkable a, Location - Checkable l, Receptacle - Checkable r) {
    preconditions = [
      (openable(r) and atLocation(a, l) and receptacleAtLocation(r, l) and opened(r))
    ]
    effects = [
      opened(r) := false
    ]
  }
  action pickupObject(Agent - Checkable a, Location - Checkable l, Obj - Checkable o, Receptacle - Checkable r) {
    preconditions = [
      (pickupable(o) and atLocation(a, l) and receptacleAtLocation(r, l) and inReceptacle(o, r) and (not holdsAny(a)) and ((not openable(r)) or opened(r)))
    ]
    effects = [
      inReceptacle(o, r) := false
      holds(a, o) := true
      holdsAny(a) := true
      objectAtLocation(o, l) := false
    ]
  }
  action putObject(Agent - Checkable a, Location - Checkable l, Obj - Checkable o, Receptacle - Checkable r, ObjectType ot, ReceptacleType rt) {
    preconditions = [
      (holds(a, o) and atLocation(a, l) and receptacleAtLocation(r, l) and ((not openable(r)) or opened(r)) and objectType(o, ot) and receptacleType(r, rt) and canContain(rt, ot))
    ]
    effects = [
      inReceptacle(o, r) := true
      objectAtLocation(o, l) := true
      holds(a, o) := false
      holdsAny(a) := false
    ]
  }
  action cleanObject(Agent - Checkable a, Location - Checkable l, Receptacle - Checkable r, Obj - Checkable o) {
    preconditions = [
      (cleanable(o) and receptacleType(r, sinkBasinType) and atLocation(a, l) and receptacleAtLocation(r, l) and holds(a, o))
    ]
    effects = [
      isClean(o) := true
    ]
  }
  action heatObject(Agent - Checkable a, Location - Checkable l, Receptacle - Checkable r, Obj - Checkable o) {
    preconditions = [
      (heatable(o) and receptacleType(r, microwaveType) and atLocation(a, l) and receptacleAtLocation(r, l) and holds(a, o))
    ]
    effects = [
      isHot(o) := true
      isCool(o) := false
    ]
  }
  action coolObject(Agent - Checkable a, Location - Checkable l, Receptacle - Checkable r, Obj - Checkable o) {
    preconditions = [
      (coolable(o) and receptacleType(r, fridgeType) and atLocation(a, l) and receptacleAtLocation(r, l) and holds(a, o))
    ]
    effects = [
      isCool(o) := true
      isHot(o) := false
    ]
  }
  action toggleObject(Agent - Checkable a, Location - Checkable l, Obj - Checkable o, Receptacle - Checkable r) {
    preconditions = [
      (toggleable(o) and atLocation(a, l) and receptacleAtLocation(r, l) and inReceptacle(o, r))
    ]
    effects = [
      if isOn(o) then isOn(o) := false
      if (not isOn(o)) then isOn(o) := true
      isToggled(o) := true
    ]
  }
  action sliceObject(Agent - Checkable a, Location - Checkable l, Obj - Checkable co, Obj - Checkable ko) {
    preconditions = [
      (sliceable(co) and (objectType(ko, knifeType) or objectType(ko, butterKnifeType)) and atLocation(a, l) and objectAtLocation(co, l) and holds(a, ko))
    ]
    effects = [
      isSliced(co) := true
    ]
  }
  action help(Agent - Checkable a) {
    preconditions = [
    ]
    effects = [
      checked(a) := true
    ]
  }
]

objects = [
  ReceptacleType: [sinkBasinType, microwaveType, fridgeType, diningTableType, cabinetType, coffeeMachineType, sideTableType, shelfType, handTowelHolderType, bathtubBasinType]
  ObjectType: [knifeType, butterKnifeType, statueType, clothType, keyChainType, toiletPaperType, pepperShakerType, cupType, glassbottleType, lettuceType, baseballBatType, panType]
  Checkable: [agent1, location1, location2, location3, location4, location5, location6, location7, location8, location9, location10, diningTable_1, cabinet_2, coffeeMachine_3, sideTable_4, diningTable_5, shelf_6, handTowelHolder_7, handTowelHolder_8, bathtubBasin_9, cabinet_10, statue_1, cloth_2, keyChain_3, toiletPaper_4, pepperShaker_5, cup_6, glassbottle_7, lettuce_8, baseballBat_9, pan_10]
  Agent - Checkable: [agent1]
  Location - Checkable: [location1, location2, location3, location4, location5, location6, location7, location8, location9, location10]
  Receptacle - Checkable: [diningTable_1, cabinet_2, coffeeMachine_3, sideTable_4, diningTable_5, shelf_6, handTowelHolder_7, handTowelHolder_8, bathtubBasin_9, cabinet_10]
  Obj - Checkable: [statue_1, cloth_2, keyChain_3, toiletPaper_4, pepperShaker_5, cup_6, glassbottle_7, lettuce_8, baseballBat_9, pan_10]
]

initial fluents default = [
  bool atLocation[a=Agent - Checkable, l=Location - Checkable] := false
  bool receptacleAtLocation[r=Receptacle - Checkable, l=Location - Checkable] := false
  bool objectAtLocation[o=Obj - Checkable, l=Location - Checkable] := false
  bool openable[r=Receptacle - Checkable] := false
  bool opened[r=Receptacle - Checkable] := false
  bool inReceptacle[o=Obj - Checkable, r=Receptacle - Checkable] := false
  bool isReceptacleObject[o=Obj - Checkable] := false
  bool inReceptacleObject[innerObject=Obj - Checkable, outObject=Obj - Checkable] := false
  bool isReceptacleObjectFull[o=Obj - Checkable] := false
  bool wasInReceptacle[o=Obj - Checkable, r=Receptacle - Checkable] := false
  bool checked[c=Checkable] := false
  bool examined[l=Location - Checkable] := false
  bool receptacleType[r=Receptacle - Checkable, rt=ReceptacleType] := false
  bool canContain[rt=ReceptacleType, ot=ObjectType] := false
  bool objectType[o=Obj - Checkable, t=ObjectType] := false
  bool holds[a=Agent - Checkable, o=Obj - Checkable] := false
  bool holdsAny[a=Agent - Checkable] := false
  bool holdsAnyReceptacleObject[a=Agent - Checkable] := false
  bool full[r=Receptacle - Checkable] := false
  bool isClean[o=Obj - Checkable] := false
  bool cleanable[o=Obj - Checkable] := false
  bool isHot[o=Obj - Checkable] := false
  bool heatable[o=Obj - Checkable] := false
  bool isCool[o=Obj - Checkable] := false
  bool coolable[o=Obj - Checkable] := false
  bool pickupable[o=Obj - Checkable] := false
  bool moveable[o=Obj - Checkable] := false
  bool toggleable[o=Obj - Checkable] := false
  bool isOn[o=Obj - Checkable] := false
  bool isToggled[o=Obj - Checkable] := false
  bool sliceable[o=Obj - Checkable] := false
  bool isSliced[o=Obj - Checkable] := false
]

initial values = [
  receptacleType(diningTable_1, diningTableType) := true
  receptacleType(cabinet_2, cabinetType) := true
  receptacleType(coffeeMachine_3, coffeeMachineType) := true
  receptacleType(sideTable_4, sideTableType) := true
  receptacleType(diningTable_5, diningTableType) := true
  receptacleType(shelf_6, shelfType) := true
  receptacleType(handTowelHolder_7, handTowelHolderType) := true
  receptacleType(handTowelHolder_8, handTowelHolderType) := true
  receptacleType(bathtubBasin_9, bathtubBasinType) := true
  receptacleType(cabinet_10, cabinetType) := true
  objectType(statue_1, statueType) := true
  objectType(cloth_2, clothType) := true
  objectType(keyChain_3, keyChainType) := true
  objectType(toiletPaper_4, toiletPaperType) := true
  objectType(pepperShaker_5, pepperShakerType) := true
  objectType(cup_6, cupType) := true
  objectType(glassbottle_7, glassbottleType) := true
  objectType(lettuce_8, lettuceType) := true
  objectType(baseballBat_9, baseballBatType) := true
  objectType(pan_10, panType) := true
  canContain(diningTableType, statueType) := true
  canContain(diningTableType, clothType) := true
  canContain(diningTableType, keyChainType) := true
  canContain(diningTableType, toiletPaperType) := true
  canContain(diningTableType, pepperShakerType) := true
  canContain(diningTableType, cupType) := true
  canContain(diningTableType, glassbottleType) := true
  canContain(diningTableType, lettuceType) := true
  canContain(diningTableType, baseballBatType) := true
  canContain(diningTableType, panType) := true
  canContain(cabinetType, clothType) := true
  canContain(cabinetType, toiletPaperType) := true
  canContain(cabinetType, pepperShakerType) := true
  canContain(cabinetType, cupType) := true
  canContain(cabinetType, glassbottleType) := true
  canContain(cabinetType, panType) := true
  canContain(sideTableType, statueType) := true
  canContain(sideTableType, clothType) := true
  canContain(sideTableType, keyChainType) := true
  canContain(sideTableType, toiletPaperType) := true
  canContain(sideTableType, pepperShakerType) := true
  canContain(sideTableType, cupType) := true
  canContain(sideTableType, glassbottleType) := true
  canContain(sideTableType, lettuceType) := true
  canContain(sideTableType, baseballBatType) := true
  canContain(sideTableType, panType) := true
  canContain(shelfType, statueType) := true
  canContain(shelfType, clothType) := true
  canContain(shelfType, keyChainType) := true
  canContain(shelfType, toiletPaperType) := true
  canContain(shelfType, pepperShakerType) := true
  canContain(shelfType, cupType) := true
  canContain(shelfType, glassbottleType) := true
  canContain(bathtubBasinType, clothType) := true
  pickupable(statue_1) := true
  pickupable(cloth_2) := true
  cleanable(cloth_2) := true
  pickupable(keyChain_3) := true
  pickupable(toiletPaper_4) := true
  pickupable(pepperShaker_5) := true
  pickupable(cup_6) := true
  isReceptacleObject(cup_6) := true
  cleanable(cup_6) := true
  heatable(cup_6) := true
  coolable(cup_6) := true
  pickupable(glassbottle_7) := true
  pickupable(lettuce_8) := true
  cleanable(lettuce_8) := true
  coolable(lettuce_8) := true
  sliceable(lettuce_8) := true
  pickupable(baseballBat_9) := true
  pickupable(pan_10) := true
  isReceptacleObject(pan_10) := true
  cleanable(pan_10) := true
  coolable(pan_10) := true
  receptacleAtLocation(diningTable_1, location4) := true
  receptacleAtLocation(cabinet_2, location7) := true
  receptacleAtLocation(coffeeMachine_3, location3) := true
  receptacleAtLocation(sideTable_4, location2) := true
  receptacleAtLocation(diningTable_5, location4) := true
  receptacleAtLocation(shelf_6, location9) := true
  receptacleAtLocation(handTowelHolder_7, location7) := true
  receptacleAtLocation(handTowelHolder_8, location6) := true
  receptacleAtLocation(bathtubBasin_9, location1) := true
  receptacleAtLocation(cabinet_10, location7) := true
  inReceptacle(toiletPaper_4, cabinet_2) := true
  inReceptacle(pepperShaker_5, shelf_6) := true
  inReceptacle(cup_6, shelf_6) := true
  inReceptacle(glassbottle_7, cabinet_2) := true
  inReceptacle(baseballBat_9, diningTable_1) := true
  objectAtLocation(statue_1, location2) := true
  objectAtLocation(cloth_2, location4) := true
  objectAtLocation(keyChain_3, location6) := true
  objectAtLocation(toiletPaper_4, location7) := true
  objectAtLocation(pepperShaker_5, location9) := true
  objectAtLocation(cup_6, location9) := true
  objectAtLocation(glassbottle_7, location7) := true
  objectAtLocation(lettuce_8, location7) := true
  objectAtLocation(baseballBat_9, location4) := true
  objectAtLocation(pan_10, location1) := true
  atLocation(agent1, location10) := true
]

goals = [
  Exists (Receptacle - Checkable r) Exists (Obj - Checkable o) (inReceptacle(o, r) and objectType(o, statueType) and receptacleType(r, shelfType))
]

quality metrics = [
  minimize sequential-plan-length
]


2025-06-17 10:22:06,798 - INFO - Generating plan for unconstrained problem

2025-06-17 10:22:07,117 - INFO - Unconstrained plan generation time: 0.31944870948791504

