2025-06-17 10:23:56,983 - INFO - 
================= Seed: 932 =================

2025-06-17 10:23:56,988 - INFO - problem name = alfred

types = [ReceptacleType, ObjectType, Checkable, Agent - Checkable, Location - Checkable, Receptacle - Checkable, Obj - Checkable]

fluents = [
  bool atLocation[a=Agent - Checkable, l=Location - Checkable]
  bool receptacleAtLocation[r=Receptacle - Checkable, l=Location - Checkable]
  bool objectAtLocation[o=Obj - Checkable, l=Location - Checkable]
  bool openable[r=Receptacle - Checkable]
  bool opened[r=Receptacle - Checkable]
  bool inReceptacle[o=Obj - Checkable, r=Receptacle - Checkable]
  bool isReceptacleObject[o=Obj - Checkable]
  bool inReceptacleObject[innerObject=Obj - Checkable, outObject=Obj - Checkable]
  bool isReceptacleObjectFull[o=Obj - Checkable]
  bool wasInReceptacle[o=Obj - Checkable, r=Receptacle - Checkable]
  bool checked[c=Checkable]
  bool examined[l=Location - Checkable]
  bool receptacleType[r=Receptacle - Checkable, rt=ReceptacleType]
  bool canContain[rt=ReceptacleType, ot=ObjectType]
  bool objectType[o=Obj - Checkable, t=ObjectType]
  bool holds[a=Agent - Checkable, o=Obj - Checkable]
  bool holdsAny[a=Agent - Checkable]
  bool holdsAnyReceptacleObject[a=Agent - Checkable]
  bool full[r=Receptacle - Checkable]
  bool isClean[o=Obj - Checkable]
  bool cleanable[o=Obj - Checkable]
  bool isHot[o=Obj - Checkable]
  bool heatable[o=Obj - Checkable]
  bool isCool[o=Obj - Checkable]
  bool coolable[o=Obj - Checkable]
  bool pickupable[o=Obj - Checkable]
  bool moveable[o=Obj - Checkable]
  bool toggleable[o=Obj - Checkable]
  bool isOn[o=Obj - Checkable]
  bool isToggled[o=Obj - Checkable]
  bool sliceable[o=Obj - Checkable]
  bool isSliced[o=Obj - Checkable]
]

actions = [
  action look(Agent - Checkable a, Location - Checkable l) {
    preconditions = [
      atLocation(a, l)
    ]
    effects = [
      checked(l) := true
    ]
  }
  action inventory(Agent - Checkable a) {
    preconditions = [
    ]
    effects = [
      checked(a) := true
    ]
  }
  action examineReceptacle(Agent - Checkable a, Receptacle - Checkable r) {
    preconditions = [
      Exists (Location - Checkable l) (atLocation(a, l) and receptacleAtLocation(r, l))
    ]
    effects = [
      checked(r) := true
    ]
  }
  action examineObject(Agent - Checkable a, Obj - Checkable o) {
    preconditions = [
      (Exists (Location - Checkable l) Exists (Receptacle - Checkable r) (atLocation(a, l) and receptacleAtLocation(r, l) and inReceptacle(o, r) and ((not openable(r)) or opened(r))) or holds(a, o))
    ]
    effects = [
      checked(o) := true
    ]
  }
  action goToLocation(Agent - Checkable a, Location - Checkable lstart, Location - Checkable lend) {
    preconditions = [
      atLocation(a, lstart)
    ]
    effects = [
      atLocation(a, lstart) := false
      atLocation(a, lend) := true
    ]
  }
  action openObject(Agent - Checkable a, Location - Checkable l, Receptacle - Checkable r) {
    preconditions = [
      (openable(r) and atLocation(a, l) and receptacleAtLocation(r, l) and (not opened(r)))
    ]
    effects = [
      opened(r) := true
      checked(r) := true
    ]
  }
  action closeObject(Agent - Checkable a, Location - Checkable l, Receptacle - Checkable r) {
    preconditions = [
      (openable(r) and atLocation(a, l) and receptacleAtLocation(r, l) and opened(r))
    ]
    effects = [
      opened(r) := false
    ]
  }
  action pickupObject(Agent - Checkable a, Location - Checkable l, Obj - Checkable o, Receptacle - Checkable r) {
    preconditions = [
      (pickupable(o) and atLocation(a, l) and receptacleAtLocation(r, l) and inReceptacle(o, r) and (not holdsAny(a)) and ((not openable(r)) or opened(r)))
    ]
    effects = [
      inReceptacle(o, r) := false
      holds(a, o) := true
      holdsAny(a) := true
      objectAtLocation(o, l) := false
    ]
  }
  action putObject(Agent - Checkable a, Location - Checkable l, Obj - Checkable o, Receptacle - Checkable r, ObjectType ot, ReceptacleType rt) {
    preconditions = [
      (holds(a, o) and atLocation(a, l) and receptacleAtLocation(r, l) and ((not openable(r)) or opened(r)) and objectType(o, ot) and receptacleType(r, rt) and canContain(rt, ot))
    ]
    effects = [
      inReceptacle(o, r) := true
      objectAtLocation(o, l) := true
      holds(a, o) := false
      holdsAny(a) := false
    ]
  }
  action cleanObject(Agent - Checkable a, Location - Checkable l, Receptacle - Checkable r, Obj - Checkable o) {
    preconditions = [
      (cleanable(o) and receptacleType(r, sinkBasinType) and atLocation(a, l) and receptacleAtLocation(r, l) and holds(a, o))
    ]
    effects = [
      isClean(o) := true
    ]
  }
  action heatObject(Agent - Checkable a, Location - Checkable l, Receptacle - Checkable r, Obj - Checkable o) {
    preconditions = [
      (heatable(o) and receptacleType(r, microwaveType) and atLocation(a, l) and receptacleAtLocation(r, l) and holds(a, o))
    ]
    effects = [
      isHot(o) := true
      isCool(o) := false
    ]
  }
  action coolObject(Agent - Checkable a, Location - Checkable l, Receptacle - Checkable r, Obj - Checkable o) {
    preconditions = [
      (coolable(o) and receptacleType(r, fridgeType) and atLocation(a, l) and receptacleAtLocation(r, l) and holds(a, o))
    ]
    effects = [
      isCool(o) := true
      isHot(o) := false
    ]
  }
  action toggleObject(Agent - Checkable a, Location - Checkable l, Obj - Checkable o, Receptacle - Checkable r) {
    preconditions = [
      (toggleable(o) and atLocation(a, l) and receptacleAtLocation(r, l) and inReceptacle(o, r))
    ]
    effects = [
      if isOn(o) then isOn(o) := false
      if (not isOn(o)) then isOn(o) := true
      isToggled(o) := true
    ]
  }
  action sliceObject(Agent - Checkable a, Location - Checkable l, Obj - Checkable co, Obj - Checkable ko) {
    preconditions = [
      (sliceable(co) and (objectType(ko, knifeType) or objectType(ko, butterKnifeType)) and atLocation(a, l) and objectAtLocation(co, l) and holds(a, ko))
    ]
    effects = [
      isSliced(co) := true
    ]
  }
  action help(Agent - Checkable a) {
    preconditions = [
    ]
    effects = [
      checked(a) := true
    ]
  }
]

objects = [
  ReceptacleType: [sinkBasinType, microwaveType, fridgeType, towelHolderType, bedType, cartType, sofaType, toiletType, dresserType, coffeeTableType]
  ObjectType: [knifeType, butterKnifeType, sprayBottleType, wineBottleType, creditCardType, toiletPaperType, toiletPaperRollType, boxType, mugType, pencilType, ladleType]
  Checkable: [agent1, location1, location2, location3, location4, location5, location6, location7, location8, location9, location10, towelHolder_1, bed_2, sinkBasin_3, cart_4, sofa_5, towelHolder_6, toilet_7, dresser_8, towelHolder_9, coffeeTable_10, sprayBottle_1, wineBottle_2, creditCard_3, toiletPaper_4, toiletPaperRoll_5, box_6, mug_7, pencil_8, ladle_9, box_10]
  Agent - Checkable: [agent1]
  Location - Checkable: [location1, location2, location3, location4, location5, location6, location7, location8, location9, location10]
  Receptacle - Checkable: [towelHolder_1, bed_2, sinkBasin_3, cart_4, sofa_5, towelHolder_6, toilet_7, dresser_8, towelHolder_9, coffeeTable_10]
  Obj - Checkable: [sprayBottle_1, wineBottle_2, creditCard_3, toiletPaper_4, toiletPaperRoll_5, box_6, mug_7, pencil_8, ladle_9, box_10]
]

initial fluents default = [
  bool atLocation[a=Agent - Checkable, l=Location - Checkable] := false
  bool receptacleAtLocation[r=Receptacle - Checkable, l=Location - Checkable] := false
  bool objectAtLocation[o=Obj - Checkable, l=Location - Checkable] := false
  bool openable[r=Receptacle - Checkable] := false
  bool opened[r=Receptacle - Checkable] := false
  bool inReceptacle[o=Obj - Checkable, r=Receptacle - Checkable] := false
  bool isReceptacleObject[o=Obj - Checkable] := false
  bool inReceptacleObject[innerObject=Obj - Checkable, outObject=Obj - Checkable] := false
  bool isReceptacleObjectFull[o=Obj - Checkable] := false
  bool wasInReceptacle[o=Obj - Checkable, r=Receptacle - Checkable] := false
  bool checked[c=Checkable] := false
  bool examined[l=Location - Checkable] := false
  bool receptacleType[r=Receptacle - Checkable, rt=ReceptacleType] := false
  bool canContain[rt=ReceptacleType, ot=ObjectType] := false
  bool objectType[o=Obj - Checkable, t=ObjectType] := false
  bool holds[a=Agent - Checkable, o=Obj - Checkable] := false
  bool holdsAny[a=Agent - Checkable] := false
  bool holdsAnyReceptacleObject[a=Agent - Checkable] := false
  bool full[r=Receptacle - Checkable] := false
  bool isClean[o=Obj - Checkable] := false
  bool cleanable[o=Obj - Checkable] := false
  bool isHot[o=Obj - Checkable] := false
  bool heatable[o=Obj - Checkable] := false
  bool isCool[o=Obj - Checkable] := false
  bool coolable[o=Obj - Checkable] := false
  bool pickupable[o=Obj - Checkable] := false
  bool moveable[o=Obj - Checkable] := false
  bool toggleable[o=Obj - Checkable] := false
  bool isOn[o=Obj - Checkable] := false
  bool isToggled[o=Obj - Checkable] := false
  bool sliceable[o=Obj - Checkable] := false
  bool isSliced[o=Obj - Checkable] := false
]

initial values = [
  receptacleType(towelHolder_1, towelHolderType) := true
  receptacleType(bed_2, bedType) := true
  receptacleType(sinkBasin_3, sinkBasinType) := true
  receptacleType(cart_4, cartType) := true
  receptacleType(sofa_5, sofaType) := true
  receptacleType(towelHolder_6, towelHolderType) := true
  receptacleType(toilet_7, toiletType) := true
  receptacleType(dresser_8, dresserType) := true
  receptacleType(towelHolder_9, towelHolderType) := true
  receptacleType(coffeeTable_10, coffeeTableType) := true
  objectType(sprayBottle_1, sprayBottleType) := true
  objectType(wineBottle_2, wineBottleType) := true
  objectType(creditCard_3, creditCardType) := true
  objectType(toiletPaper_4, toiletPaperType) := true
  objectType(toiletPaperRoll_5, toiletPaperRollType) := true
  objectType(box_6, boxType) := true
  objectType(mug_7, mugType) := true
  objectType(pencil_8, pencilType) := true
  objectType(ladle_9, ladleType) := true
  objectType(box_10, boxType) := true
  canContain(sinkBasinType, mugType) := true
  canContain(sinkBasinType, ladleType) := true
  canContain(cartType, sprayBottleType) := true
  canContain(cartType, toiletPaperType) := true
  canContain(cartType, toiletPaperRollType) := true
  canContain(cartType, mugType) := true
  canContain(sofaType, creditCardType) := true
  canContain(sofaType, boxType) := true
  canContain(toiletType, sprayBottleType) := true
  canContain(toiletType, toiletPaperType) := true
  canContain(toiletType, toiletPaperRollType) := true
  canContain(dresserType, sprayBottleType) := true
  canContain(dresserType, wineBottleType) := true
  canContain(dresserType, creditCardType) := true
  canContain(dresserType, toiletPaperType) := true
  canContain(dresserType, toiletPaperRollType) := true
  canContain(dresserType, boxType) := true
  canContain(dresserType, mugType) := true
  canContain(dresserType, pencilType) := true
  canContain(coffeeTableType, sprayBottleType) := true
  canContain(coffeeTableType, wineBottleType) := true
  canContain(coffeeTableType, creditCardType) := true
  canContain(coffeeTableType, toiletPaperType) := true
  canContain(coffeeTableType, toiletPaperRollType) := true
  canContain(coffeeTableType, boxType) := true
  canContain(coffeeTableType, mugType) := true
  canContain(coffeeTableType, pencilType) := true
  canContain(coffeeTableType, ladleType) := true
  pickupable(sprayBottle_1) := true
  pickupable(wineBottle_2) := true
  pickupable(creditCard_3) := true
  pickupable(toiletPaper_4) := true
  pickupable(toiletPaperRoll_5) := true
  pickupable(box_6) := true
  isReceptacleObject(box_6) := true
  pickupable(mug_7) := true
  isReceptacleObject(mug_7) := true
  cleanable(mug_7) := true
  heatable(mug_7) := true
  coolable(mug_7) := true
  pickupable(pencil_8) := true
  pickupable(ladle_9) := true
  cleanable(ladle_9) := true
  pickupable(box_10) := true
  isReceptacleObject(box_10) := true
  receptacleAtLocation(towelHolder_1, location6) := true
  receptacleAtLocation(bed_2, location4) := true
  receptacleAtLocation(sinkBasin_3, location9) := true
  receptacleAtLocation(cart_4, location2) := true
  receptacleAtLocation(sofa_5, location7) := true
  receptacleAtLocation(towelHolder_6, location6) := true
  receptacleAtLocation(toilet_7, location4) := true
  receptacleAtLocation(dresser_8, location10) := true
  receptacleAtLocation(towelHolder_9, location1) := true
  receptacleAtLocation(coffeeTable_10, location6) := true
  inReceptacle(sprayBottle_1, dresser_8) := true
  inReceptacle(wineBottle_2, coffeeTable_10) := true
  inReceptacle(pencil_8, dresser_8) := true
  inReceptacle(box_10, sofa_5) := true
  objectAtLocation(sprayBottle_1, location10) := true
  objectAtLocation(wineBottle_2, location6) := true
  objectAtLocation(creditCard_3, location1) := true
  objectAtLocation(toiletPaper_4, location5) := true
  objectAtLocation(toiletPaperRoll_5, location7) := true
  objectAtLocation(box_6, location8) := true
  objectAtLocation(mug_7, location8) := true
  objectAtLocation(pencil_8, location10) := true
  objectAtLocation(ladle_9, location9) := true
  objectAtLocation(box_10, location7) := true
  atLocation(agent1, location2) := true
]

goals = [
  Exists (Receptacle - Checkable r) Exists (Obj - Checkable o) (inReceptacle(o, r) and objectType(o, toiletPaperRollType) and receptacleType(r, toiletType))
]

quality metrics = [
  minimize sequential-plan-length
]


2025-06-17 10:23:56,990 - INFO - Generating plan for unconstrained problem

2025-06-17 10:23:57,331 - INFO - Unconstrained plan generation time: 0.34139084815979004

