2025-06-17 10:22:02,716 - INFO - 
================= Seed: 761 =================

2025-06-17 10:22:02,721 - INFO - problem name = alfred

types = [ReceptacleType, ObjectType, Checkable, Agent - Checkable, Location - Checkable, Receptacle - Checkable, Obj - Checkable]

fluents = [
  bool atLocation[a=Agent - Checkable, l=Location - Checkable]
  bool receptacleAtLocation[r=Receptacle - Checkable, l=Location - Checkable]
  bool objectAtLocation[o=Obj - Checkable, l=Location - Checkable]
  bool openable[r=Receptacle - Checkable]
  bool opened[r=Receptacle - Checkable]
  bool inReceptacle[o=Obj - Checkable, r=Receptacle - Checkable]
  bool isReceptacleObject[o=Obj - Checkable]
  bool inReceptacleObject[innerObject=Obj - Checkable, outObject=Obj - Checkable]
  bool isReceptacleObjectFull[o=Obj - Checkable]
  bool wasInReceptacle[o=Obj - Checkable, r=Receptacle - Checkable]
  bool checked[c=Checkable]
  bool examined[l=Location - Checkable]
  bool receptacleType[r=Receptacle - Checkable, rt=ReceptacleType]
  bool canContain[rt=ReceptacleType, ot=ObjectType]
  bool objectType[o=Obj - Checkable, t=ObjectType]
  bool holds[a=Agent - Checkable, o=Obj - Checkable]
  bool holdsAny[a=Agent - Checkable]
  bool holdsAnyReceptacleObject[a=Agent - Checkable]
  bool full[r=Receptacle - Checkable]
  bool isClean[o=Obj - Checkable]
  bool cleanable[o=Obj - Checkable]
  bool isHot[o=Obj - Checkable]
  bool heatable[o=Obj - Checkable]
  bool isCool[o=Obj - Checkable]
  bool coolable[o=Obj - Checkable]
  bool pickupable[o=Obj - Checkable]
  bool moveable[o=Obj - Checkable]
  bool toggleable[o=Obj - Checkable]
  bool isOn[o=Obj - Checkable]
  bool isToggled[o=Obj - Checkable]
  bool sliceable[o=Obj - Checkable]
  bool isSliced[o=Obj - Checkable]
]

actions = [
  action look(Agent - Checkable a, Location - Checkable l) {
    preconditions = [
      atLocation(a, l)
    ]
    effects = [
      checked(l) := true
    ]
  }
  action inventory(Agent - Checkable a) {
    preconditions = [
    ]
    effects = [
      checked(a) := true
    ]
  }
  action examineReceptacle(Agent - Checkable a, Receptacle - Checkable r) {
    preconditions = [
      Exists (Location - Checkable l) (atLocation(a, l) and receptacleAtLocation(r, l))
    ]
    effects = [
      checked(r) := true
    ]
  }
  action examineObject(Agent - Checkable a, Obj - Checkable o) {
    preconditions = [
      (Exists (Location - Checkable l) Exists (Receptacle - Checkable r) (atLocation(a, l) and receptacleAtLocation(r, l) and inReceptacle(o, r) and ((not openable(r)) or opened(r))) or holds(a, o))
    ]
    effects = [
      checked(o) := true
    ]
  }
  action goToLocation(Agent - Checkable a, Location - Checkable lstart, Location - Checkable lend) {
    preconditions = [
      atLocation(a, lstart)
    ]
    effects = [
      atLocation(a, lstart) := false
      atLocation(a, lend) := true
    ]
  }
  action openObject(Agent - Checkable a, Location - Checkable l, Receptacle - Checkable r) {
    preconditions = [
      (openable(r) and atLocation(a, l) and receptacleAtLocation(r, l) and (not opened(r)))
    ]
    effects = [
      opened(r) := true
      checked(r) := true
    ]
  }
  action closeObject(Agent - Checkable a, Location - Checkable l, Receptacle - Checkable r) {
    preconditions = [
      (openable(r) and atLocation(a, l) and receptacleAtLocation(r, l) and opened(r))
    ]
    effects = [
      opened(r) := false
    ]
  }
  action pickupObject(Agent - Checkable a, Location - Checkable l, Obj - Checkable o, Receptacle - Checkable r) {
    preconditions = [
      (pickupable(o) and atLocation(a, l) and receptacleAtLocation(r, l) and inReceptacle(o, r) and (not holdsAny(a)) and ((not openable(r)) or opened(r)))
    ]
    effects = [
      inReceptacle(o, r) := false
      holds(a, o) := true
      holdsAny(a) := true
      objectAtLocation(o, l) := false
    ]
  }
  action putObject(Agent - Checkable a, Location - Checkable l, Obj - Checkable o, Receptacle - Checkable r, ObjectType ot, ReceptacleType rt) {
    preconditions = [
      (holds(a, o) and atLocation(a, l) and receptacleAtLocation(r, l) and ((not openable(r)) or opened(r)) and objectType(o, ot) and receptacleType(r, rt) and canContain(rt, ot))
    ]
    effects = [
      inReceptacle(o, r) := true
      objectAtLocation(o, l) := true
      holds(a, o) := false
      holdsAny(a) := false
    ]
  }
  action cleanObject(Agent - Checkable a, Location - Checkable l, Receptacle - Checkable r, Obj - Checkable o) {
    preconditions = [
      (cleanable(o) and receptacleType(r, sinkBasinType) and atLocation(a, l) and receptacleAtLocation(r, l) and holds(a, o))
    ]
    effects = [
      isClean(o) := true
    ]
  }
  action heatObject(Agent - Checkable a, Location - Checkable l, Receptacle - Checkable r, Obj - Checkable o) {
    preconditions = [
      (heatable(o) and receptacleType(r, microwaveType) and atLocation(a, l) and receptacleAtLocation(r, l) and holds(a, o))
    ]
    effects = [
      isHot(o) := true
      isCool(o) := false
    ]
  }
  action coolObject(Agent - Checkable a, Location - Checkable l, Receptacle - Checkable r, Obj - Checkable o) {
    preconditions = [
      (coolable(o) and receptacleType(r, fridgeType) and atLocation(a, l) and receptacleAtLocation(r, l) and holds(a, o))
    ]
    effects = [
      isCool(o) := true
      isHot(o) := false
    ]
  }
  action toggleObject(Agent - Checkable a, Location - Checkable l, Obj - Checkable o, Receptacle - Checkable r) {
    preconditions = [
      (toggleable(o) and atLocation(a, l) and receptacleAtLocation(r, l) and inReceptacle(o, r))
    ]
    effects = [
      if isOn(o) then isOn(o) := false
      if (not isOn(o)) then isOn(o) := true
      isToggled(o) := true
    ]
  }
  action sliceObject(Agent - Checkable a, Location - Checkable l, Obj - Checkable co, Obj - Checkable ko) {
    preconditions = [
      (sliceable(co) and (objectType(ko, knifeType) or objectType(ko, butterKnifeType)) and atLocation(a, l) and objectAtLocation(co, l) and holds(a, ko))
    ]
    effects = [
      isSliced(co) := true
    ]
  }
  action help(Agent - Checkable a) {
    preconditions = [
    ]
    effects = [
      checked(a) := true
    ]
  }
]

objects = [
  ReceptacleType: [sinkBasinType, microwaveType, fridgeType, armChairType, laundryHamperType, sofaType, garbageCanType, bathtubBasinType, cartType]
  ObjectType: [knifeType, butterKnifeType, mugType, potatoType, paperTowelType, toiletPaperType, dishSpongeType, soapBarType, panType, pencilType, bookType, cupType]
  Checkable: [agent1, location1, location2, location3, location4, location5, location6, location7, location8, location9, location10, fridge_1, armChair_2, laundryHamper_3, sofa_4, fridge_5, armChair_6, garbageCan_7, bathtubBasin_8, cart_9, microwave_10, mug_1, potato_2, paperTowel_3, toiletPaper_4, dishSponge_5, soapBar_6, pan_7, pencil_8, book_9, cup_10]
  Agent - Checkable: [agent1]
  Location - Checkable: [location1, location2, location3, location4, location5, location6, location7, location8, location9, location10]
  Receptacle - Checkable: [fridge_1, armChair_2, laundryHamper_3, sofa_4, fridge_5, armChair_6, garbageCan_7, bathtubBasin_8, cart_9, microwave_10]
  Obj - Checkable: [mug_1, potato_2, paperTowel_3, toiletPaper_4, dishSponge_5, soapBar_6, pan_7, pencil_8, book_9, cup_10]
]

initial fluents default = [
  bool atLocation[a=Agent - Checkable, l=Location - Checkable] := false
  bool receptacleAtLocation[r=Receptacle - Checkable, l=Location - Checkable] := false
  bool objectAtLocation[o=Obj - Checkable, l=Location - Checkable] := false
  bool openable[r=Receptacle - Checkable] := false
  bool opened[r=Receptacle - Checkable] := false
  bool inReceptacle[o=Obj - Checkable, r=Receptacle - Checkable] := false
  bool isReceptacleObject[o=Obj - Checkable] := false
  bool inReceptacleObject[innerObject=Obj - Checkable, outObject=Obj - Checkable] := false
  bool isReceptacleObjectFull[o=Obj - Checkable] := false
  bool wasInReceptacle[o=Obj - Checkable, r=Receptacle - Checkable] := false
  bool checked[c=Checkable] := false
  bool examined[l=Location - Checkable] := false
  bool receptacleType[r=Receptacle - Checkable, rt=ReceptacleType] := false
  bool canContain[rt=ReceptacleType, ot=ObjectType] := false
  bool objectType[o=Obj - Checkable, t=ObjectType] := false
  bool holds[a=Agent - Checkable, o=Obj - Checkable] := false
  bool holdsAny[a=Agent - Checkable] := false
  bool holdsAnyReceptacleObject[a=Agent - Checkable] := false
  bool full[r=Receptacle - Checkable] := false
  bool isClean[o=Obj - Checkable] := false
  bool cleanable[o=Obj - Checkable] := false
  bool isHot[o=Obj - Checkable] := false
  bool heatable[o=Obj - Checkable] := false
  bool isCool[o=Obj - Checkable] := false
  bool coolable[o=Obj - Checkable] := false
  bool pickupable[o=Obj - Checkable] := false
  bool moveable[o=Obj - Checkable] := false
  bool toggleable[o=Obj - Checkable] := false
  bool isOn[o=Obj - Checkable] := false
  bool isToggled[o=Obj - Checkable] := false
  bool sliceable[o=Obj - Checkable] := false
  bool isSliced[o=Obj - Checkable] := false
]

initial values = [
  receptacleType(fridge_1, fridgeType) := true
  receptacleType(armChair_2, armChairType) := true
  receptacleType(laundryHamper_3, laundryHamperType) := true
  receptacleType(sofa_4, sofaType) := true
  receptacleType(fridge_5, fridgeType) := true
  receptacleType(armChair_6, armChairType) := true
  receptacleType(garbageCan_7, garbageCanType) := true
  receptacleType(bathtubBasin_8, bathtubBasinType) := true
  receptacleType(cart_9, cartType) := true
  receptacleType(microwave_10, microwaveType) := true
  objectType(mug_1, mugType) := true
  objectType(potato_2, potatoType) := true
  objectType(paperTowel_3, paperTowelType) := true
  objectType(toiletPaper_4, toiletPaperType) := true
  objectType(dishSponge_5, dishSpongeType) := true
  objectType(soapBar_6, soapBarType) := true
  objectType(pan_7, panType) := true
  objectType(pencil_8, pencilType) := true
  objectType(book_9, bookType) := true
  objectType(cup_10, cupType) := true
  canContain(fridgeType, mugType) := true
  canContain(fridgeType, potatoType) := true
  canContain(fridgeType, panType) := true
  canContain(fridgeType, cupType) := true
  canContain(armChairType, bookType) := true
  canContain(sofaType, bookType) := true
  canContain(garbageCanType, potatoType) := true
  canContain(garbageCanType, paperTowelType) := true
  canContain(garbageCanType, toiletPaperType) := true
  canContain(garbageCanType, dishSpongeType) := true
  canContain(garbageCanType, soapBarType) := true
  canContain(garbageCanType, pencilType) := true
  canContain(bathtubBasinType, dishSpongeType) := true
  canContain(bathtubBasinType, soapBarType) := true
  canContain(cartType, mugType) := true
  canContain(cartType, paperTowelType) := true
  canContain(cartType, toiletPaperType) := true
  canContain(cartType, dishSpongeType) := true
  canContain(cartType, soapBarType) := true
  canContain(microwaveType, mugType) := true
  canContain(microwaveType, potatoType) := true
  canContain(microwaveType, cupType) := true
  pickupable(mug_1) := true
  isReceptacleObject(mug_1) := true
  cleanable(mug_1) := true
  heatable(mug_1) := true
  coolable(mug_1) := true
  pickupable(potato_2) := true
  cleanable(potato_2) := true
  heatable(potato_2) := true
  coolable(potato_2) := true
  sliceable(potato_2) := true
  pickupable(paperTowel_3) := true
  pickupable(toiletPaper_4) := true
  pickupable(dishSponge_5) := true
  cleanable(dishSponge_5) := true
  pickupable(soapBar_6) := true
  cleanable(soapBar_6) := true
  pickupable(pan_7) := true
  isReceptacleObject(pan_7) := true
  cleanable(pan_7) := true
  coolable(pan_7) := true
  pickupable(pencil_8) := true
  pickupable(book_9) := true
  pickupable(cup_10) := true
  isReceptacleObject(cup_10) := true
  cleanable(cup_10) := true
  heatable(cup_10) := true
  coolable(cup_10) := true
  receptacleAtLocation(fridge_1, location2) := true
  receptacleAtLocation(armChair_2, location4) := true
  receptacleAtLocation(laundryHamper_3, location7) := true
  receptacleAtLocation(sofa_4, location4) := true
  receptacleAtLocation(fridge_5, location4) := true
  receptacleAtLocation(armChair_6, location4) := true
  receptacleAtLocation(garbageCan_7, location6) := true
  receptacleAtLocation(bathtubBasin_8, location7) := true
  receptacleAtLocation(cart_9, location7) := true
  receptacleAtLocation(microwave_10, location4) := true
  inReceptacle(potato_2, fridge_1) := true
  objectAtLocation(mug_1, location5) := true
  objectAtLocation(potato_2, location2) := true
  objectAtLocation(paperTowel_3, location6) := true
  objectAtLocation(toiletPaper_4, location2) := true
  objectAtLocation(dishSponge_5, location9) := true
  objectAtLocation(soapBar_6, location4) := true
  objectAtLocation(pan_7, location1) := true
  objectAtLocation(pencil_8, location2) := true
  objectAtLocation(book_9, location1) := true
  objectAtLocation(cup_10, location5) := true
  atLocation(agent1, location7) := true
]

goals = [
  Exists (Receptacle - Checkable r) Exists (Obj - Checkable o) (inReceptacle(o, r) and objectType(o, panType) and receptacleType(r, fridgeType))
]

quality metrics = [
  minimize sequential-plan-length
]


2025-06-17 10:22:02,723 - INFO - Generating plan for unconstrained problem

2025-06-17 10:22:03,059 - INFO - Unconstrained plan generation time: 0.33563756942749023

