2025-06-17 12:00:30,933 - INFO - 
================= Seed: 1 =================

2025-06-17 12:00:30,933 - INFO - problem name = alfred

types = [ReceptacleType, ObjectType, Checkable, Agent - Checkable, Location - Checkable, Receptacle - Checkable, Obj - Checkable]

fluents = [
  bool atLocation[a=Agent - Checkable, l=Location - Checkable]
  bool receptacleAtLocation[r=Receptacle - Checkable, l=Location - Checkable]
  bool objectAtLocation[o=Obj - Checkable, l=Location - Checkable]
  bool openable[r=Receptacle - Checkable]
  bool opened[r=Receptacle - Checkable]
  bool inReceptacle[o=Obj - Checkable, r=Receptacle - Checkable]
  bool isReceptacleObject[o=Obj - Checkable]
  bool inReceptacleObject[innerObject=Obj - Checkable, outObject=Obj - Checkable]
  bool isReceptacleObjectFull[o=Obj - Checkable]
  bool wasInReceptacle[o=Obj - Checkable, r=Receptacle - Checkable]
  bool checked[c=Checkable]
  bool examined[l=Location - Checkable]
  bool receptacleType[r=Receptacle - Checkable, rt=ReceptacleType]
  bool canContain[rt=ReceptacleType, ot=ObjectType]
  bool objectType[o=Obj - Checkable, t=ObjectType]
  bool holds[a=Agent - Checkable, o=Obj - Checkable]
  bool holdsAny[a=Agent - Checkable]
  bool holdsAnyReceptacleObject[a=Agent - Checkable]
  bool full[r=Receptacle - Checkable]
  bool isClean[o=Obj - Checkable]
  bool cleanable[o=Obj - Checkable]
  bool isHot[o=Obj - Checkable]
  bool heatable[o=Obj - Checkable]
  bool isCool[o=Obj - Checkable]
  bool coolable[o=Obj - Checkable]
  bool pickupable[o=Obj - Checkable]
  bool moveable[o=Obj - Checkable]
  bool toggleable[o=Obj - Checkable]
  bool isOn[o=Obj - Checkable]
  bool isToggled[o=Obj - Checkable]
  bool sliceable[o=Obj - Checkable]
  bool isSliced[o=Obj - Checkable]
]

actions = [
  action look(Agent - Checkable a, Location - Checkable l) {
    preconditions = [
      atLocation(a, l)
    ]
    effects = [
      checked(l) := true
    ]
  }
  action inventory(Agent - Checkable a) {
    preconditions = [
    ]
    effects = [
      checked(a) := true
    ]
  }
  action examineReceptacle(Agent - Checkable a, Receptacle - Checkable r) {
    preconditions = [
      Exists (Location - Checkable l) (atLocation(a, l) and receptacleAtLocation(r, l))
    ]
    effects = [
      checked(r) := true
    ]
  }
  action examineObject(Agent - Checkable a, Obj - Checkable o) {
    preconditions = [
      (Exists (Location - Checkable l) Exists (Receptacle - Checkable r) (atLocation(a, l) and receptacleAtLocation(r, l) and inReceptacle(o, r) and ((not openable(r)) or opened(r))) or holds(a, o))
    ]
    effects = [
      checked(o) := true
    ]
  }
  action goToLocation(Agent - Checkable a, Location - Checkable lstart, Location - Checkable lend) {
    preconditions = [
      atLocation(a, lstart)
    ]
    effects = [
      atLocation(a, lstart) := false
      atLocation(a, lend) := true
    ]
  }
  action openObject(Agent - Checkable a, Location - Checkable l, Receptacle - Checkable r) {
    preconditions = [
      (openable(r) and atLocation(a, l) and receptacleAtLocation(r, l) and (not opened(r)))
    ]
    effects = [
      opened(r) := true
      checked(r) := true
    ]
  }
  action closeObject(Agent - Checkable a, Location - Checkable l, Receptacle - Checkable r) {
    preconditions = [
      (openable(r) and atLocation(a, l) and receptacleAtLocation(r, l) and opened(r))
    ]
    effects = [
      opened(r) := false
    ]
  }
  action pickupObject(Agent - Checkable a, Location - Checkable l, Obj - Checkable o, Receptacle - Checkable r) {
    preconditions = [
      (pickupable(o) and atLocation(a, l) and receptacleAtLocation(r, l) and inReceptacle(o, r) and (not holdsAny(a)) and ((not openable(r)) or opened(r)))
    ]
    effects = [
      inReceptacle(o, r) := false
      holds(a, o) := true
      holdsAny(a) := true
      objectAtLocation(o, l) := false
    ]
  }
  action putObject(Agent - Checkable a, Location - Checkable l, Obj - Checkable o, Receptacle - Checkable r, ObjectType ot, ReceptacleType rt) {
    preconditions = [
      (holds(a, o) and atLocation(a, l) and receptacleAtLocation(r, l) and ((not openable(r)) or opened(r)) and objectType(o, ot) and receptacleType(r, rt) and canContain(rt, ot))
    ]
    effects = [
      inReceptacle(o, r) := true
      objectAtLocation(o, l) := true
      holds(a, o) := false
      holdsAny(a) := false
    ]
  }
  action cleanObject(Agent - Checkable a, Location - Checkable l, Receptacle - Checkable r, Obj - Checkable o) {
    preconditions = [
      (cleanable(o) and receptacleType(r, sinkBasinType) and atLocation(a, l) and receptacleAtLocation(r, l) and holds(a, o))
    ]
    effects = [
      isClean(o) := true
    ]
  }
  action heatObject(Agent - Checkable a, Location - Checkable l, Receptacle - Checkable r, Obj - Checkable o) {
    preconditions = [
      (heatable(o) and receptacleType(r, microwaveType) and atLocation(a, l) and receptacleAtLocation(r, l) and holds(a, o))
    ]
    effects = [
      isHot(o) := true
      isCool(o) := false
    ]
  }
  action coolObject(Agent - Checkable a, Location - Checkable l, Receptacle - Checkable r, Obj - Checkable o) {
    preconditions = [
      (coolable(o) and receptacleType(r, fridgeType) and atLocation(a, l) and receptacleAtLocation(r, l) and holds(a, o))
    ]
    effects = [
      isCool(o) := true
      isHot(o) := false
    ]
  }
  action toggleObject(Agent - Checkable a, Location - Checkable l, Obj - Checkable o, Receptacle - Checkable r) {
    preconditions = [
      (toggleable(o) and atLocation(a, l) and receptacleAtLocation(r, l) and inReceptacle(o, r))
    ]
    effects = [
      if isOn(o) then isOn(o) := false
      if (not isOn(o)) then isOn(o) := true
      isToggled(o) := true
    ]
  }
  action sliceObject(Agent - Checkable a, Location - Checkable l, Obj - Checkable co, Obj - Checkable ko) {
    preconditions = [
      (sliceable(co) and (objectType(ko, knifeType) or objectType(ko, butterKnifeType)) and atLocation(a, l) and objectAtLocation(co, l) and holds(a, ko))
    ]
    effects = [
      isSliced(co) := true
    ]
  }
  action help(Agent - Checkable a) {
    preconditions = [
    ]
    effects = [
      checked(a) := true
    ]
  }
]

objects = [
  ReceptacleType: [sinkBasinType, microwaveType, fridgeType, cabinetType, bathtubBasinType, cartType, deskType, laundryHamperType, shelfType, garbageCanType]
  ObjectType: [knifeType, butterKnifeType, plateType, potatoType, statueType, glassbottleType, watchType, spoonType, wineBottleType, panType]
  Checkable: [agent1, location1, location2, location3, location4, location5, location6, location7, location8, cabinet_1, bathtubBasin_2, cart_3, desk_4, laundryHamper_5, shelf_6, garbageCan_7, sinkBasin_8, microwave_9, fridge_10, plate_1, potato_2, statue_3, glassbottle_4, watch_5, spoon_6, wineBottle_7, pan_8]
  Agent - Checkable: [agent1]
  Location - Checkable: [location1, location2, location3, location4, location5, location6, location7, location8]
  Receptacle - Checkable: [cabinet_1, bathtubBasin_2, cart_3, desk_4, laundryHamper_5, shelf_6, garbageCan_7, sinkBasin_8, microwave_9, fridge_10]
  Obj - Checkable: [plate_1, potato_2, statue_3, glassbottle_4, watch_5, spoon_6, wineBottle_7, pan_8]
]

initial fluents default = [
  bool atLocation[a=Agent - Checkable, l=Location - Checkable] := false
  bool receptacleAtLocation[r=Receptacle - Checkable, l=Location - Checkable] := false
  bool objectAtLocation[o=Obj - Checkable, l=Location - Checkable] := false
  bool openable[r=Receptacle - Checkable] := false
  bool opened[r=Receptacle - Checkable] := false
  bool inReceptacle[o=Obj - Checkable, r=Receptacle - Checkable] := false
  bool isReceptacleObject[o=Obj - Checkable] := false
  bool inReceptacleObject[innerObject=Obj - Checkable, outObject=Obj - Checkable] := false
  bool isReceptacleObjectFull[o=Obj - Checkable] := false
  bool wasInReceptacle[o=Obj - Checkable, r=Receptacle - Checkable] := false
  bool checked[c=Checkable] := false
  bool examined[l=Location - Checkable] := false
  bool receptacleType[r=Receptacle - Checkable, rt=ReceptacleType] := false
  bool canContain[rt=ReceptacleType, ot=ObjectType] := false
  bool objectType[o=Obj - Checkable, t=ObjectType] := false
  bool holds[a=Agent - Checkable, o=Obj - Checkable] := false
  bool holdsAny[a=Agent - Checkable] := false
  bool holdsAnyReceptacleObject[a=Agent - Checkable] := false
  bool full[r=Receptacle - Checkable] := false
  bool isClean[o=Obj - Checkable] := false
  bool cleanable[o=Obj - Checkable] := false
  bool isHot[o=Obj - Checkable] := false
  bool heatable[o=Obj - Checkable] := false
  bool isCool[o=Obj - Checkable] := false
  bool coolable[o=Obj - Checkable] := false
  bool pickupable[o=Obj - Checkable] := false
  bool moveable[o=Obj - Checkable] := false
  bool toggleable[o=Obj - Checkable] := false
  bool isOn[o=Obj - Checkable] := false
  bool isToggled[o=Obj - Checkable] := false
  bool sliceable[o=Obj - Checkable] := false
  bool isSliced[o=Obj - Checkable] := false
]

initial values = [
  receptacleType(cabinet_1, cabinetType) := true
  receptacleType(bathtubBasin_2, bathtubBasinType) := true
  receptacleType(cart_3, cartType) := true
  receptacleType(desk_4, deskType) := true
  receptacleType(laundryHamper_5, laundryHamperType) := true
  receptacleType(shelf_6, shelfType) := true
  receptacleType(garbageCan_7, garbageCanType) := true
  receptacleType(sinkBasin_8, sinkBasinType) := true
  receptacleType(microwave_9, microwaveType) := true
  receptacleType(fridge_10, fridgeType) := true
  objectType(plate_1, plateType) := true
  objectType(potato_2, potatoType) := true
  objectType(statue_3, statueType) := true
  objectType(glassbottle_4, glassbottleType) := true
  objectType(watch_5, watchType) := true
  objectType(spoon_6, spoonType) := true
  objectType(wineBottle_7, wineBottleType) := true
  objectType(pan_8, panType) := true
  canContain(cabinetType, plateType) := true
  canContain(cabinetType, glassbottleType) := true
  canContain(cabinetType, wineBottleType) := true
  canContain(cabinetType, panType) := true
  canContain(cartType, statueType) := true
  canContain(deskType, plateType) := true
  canContain(deskType, statueType) := true
  canContain(deskType, glassbottleType) := true
  canContain(deskType, watchType) := true
  canContain(deskType, wineBottleType) := true
  canContain(shelfType, plateType) := true
  canContain(shelfType, statueType) := true
  canContain(shelfType, glassbottleType) := true
  canContain(shelfType, watchType) := true
  canContain(shelfType, wineBottleType) := true
  canContain(garbageCanType, potatoType) := true
  canContain(garbageCanType, wineBottleType) := true
  canContain(sinkBasinType, plateType) := true
  canContain(sinkBasinType, potatoType) := true
  canContain(sinkBasinType, glassbottleType) := true
  canContain(sinkBasinType, spoonType) := true
  canContain(sinkBasinType, panType) := true
  canContain(microwaveType, plateType) := true
  canContain(microwaveType, potatoType) := true
  canContain(microwaveType, glassbottleType) := true
  canContain(fridgeType, plateType) := true
  canContain(fridgeType, potatoType) := true
  canContain(fridgeType, glassbottleType) := true
  canContain(fridgeType, wineBottleType) := true
  canContain(fridgeType, panType) := true
  pickupable(plate_1) := true
  isReceptacleObject(plate_1) := true
  cleanable(plate_1) := true
  heatable(plate_1) := true
  coolable(plate_1) := true
  pickupable(potato_2) := true
  cleanable(potato_2) := true
  heatable(potato_2) := true
  coolable(potato_2) := true
  sliceable(potato_2) := true
  pickupable(statue_3) := true
  pickupable(glassbottle_4) := true
  pickupable(watch_5) := true
  pickupable(spoon_6) := true
  cleanable(spoon_6) := true
  pickupable(wineBottle_7) := true
  pickupable(pan_8) := true
  isReceptacleObject(pan_8) := true
  cleanable(pan_8) := true
  coolable(pan_8) := true
  receptacleAtLocation(cabinet_1, location8) := true
  receptacleAtLocation(bathtubBasin_2, location5) := true
  receptacleAtLocation(cart_3, location4) := true
  receptacleAtLocation(desk_4, location2) := true
  receptacleAtLocation(laundryHamper_5, location6) := true
  receptacleAtLocation(shelf_6, location1) := true
  receptacleAtLocation(garbageCan_7, location1) := true
  receptacleAtLocation(sinkBasin_8, location1) := true
  receptacleAtLocation(microwave_9, location1) := true
  receptacleAtLocation(fridge_10, location7) := true
  inReceptacle(plate_1, desk_4) := true
  inReceptacle(potato_2, garbageCan_7) := true
  inReceptacle(statue_3, desk_4) := true
  inReceptacle(glassbottle_4, sinkBasin_8) := true
  inReceptacle(watch_5, desk_4) := true
  inReceptacle(spoon_6, sinkBasin_8) := true
  inReceptacle(wineBottle_7, cabinet_1) := true
  inReceptacle(pan_8, fridge_10) := true
  objectAtLocation(plate_1, location2) := true
  objectAtLocation(potato_2, location1) := true
  objectAtLocation(statue_3, location2) := true
  objectAtLocation(glassbottle_4, location1) := true
  objectAtLocation(watch_5, location2) := true
  objectAtLocation(spoon_6, location1) := true
  objectAtLocation(wineBottle_7, location8) := true
  objectAtLocation(pan_8, location7) := true
  atLocation(agent1, location8) := true
]

goals = [
  Exists (Receptacle - Checkable r) Exists (Obj - Checkable o) (coolable(o) and objectType(o, plateType) and receptacleType(r, sinkBasinType) and isCool(o) and inReceptacle(o, r))
]

quality metrics = [
  minimize sequential-plan-length
]


2025-06-17 12:00:30,935 - INFO - Generating plan for unconstrained problem

2025-06-17 12:00:31,389 - INFO - Unconstrained plan generation time: 0.4545314311981201

2025-06-17 12:00:31,389 - INFO - Unconstrained plan and cost: 
2025-06-17 12:00:31,389 - INFO - SequentialPlan:
    goToLocation(agent1, location8, location2)
    pickupObject(agent1, location2, plate_1, desk_4)
    goToLocation(agent1, location2, location7)
    coolObject(agent1, location7, fridge_10, plate_1)
    goToLocation(agent1, location7, location1)
    putObject(agent1, location1, plate_1, sinkBasin_8, plateType, sinkBasinType)
2025-06-17 12:00:31,390 - INFO - 6
2025-06-17 12:00:31,608 - INFO - Sampled constraints:

2025-06-17 12:00:31,608 - INFO - Sometime((checked(garbageCan_7) or checked(wineBottle_7)))
2025-06-17 12:00:31,608 - INFO - 
2025-06-17 12:00:31,608 - INFO - Generation time: 0.21822595596313477

2025-06-17 12:00:31,609 - INFO - Generating plan for constrained problem (with LiftedTCORE).

2025-06-17 12:00:31,637 - INFO - LiftedTCORE compilation time: 0.02838277816772461

2025-06-17 12:00:32,089 - INFO - Planning Time with LiftedTCORE's file: 0.4517502784729004

2025-06-17 12:00:32,090 - INFO - Plan found with LiftedTCORE + sym_bd: SequentialPlan:
    goToLocation(agent1, location8, location2)
    pickupObject(agent1, location2, plate_1, desk_4)
    goToLocation(agent1, location2, location7)
    coolObject(agent1, location7, fridge_10, plate_1)
    goToLocation(agent1, location7, location1)
    examineReceptacle(agent1, garbageCan_7)
    putObject(agent1, location1, plate_1, sinkBasin_8, plateType, sinkBasinType)

2025-06-17 12:00:32,090 - INFO - Generating plan for constrained problem (with TCORE).

2025-06-17 12:01:52,162 - INFO - TCORE compilation time: 80.0715000629425

2025-06-17 12:01:52,876 - INFO - Planning Time with TCORE's file: 0.714503288269043

2025-06-17 12:01:52,877 - INFO - Plan found with TCORE + sym_bd: SequentialPlan:
    goToLocation(agent1, location8, location2)
    pickupObject(agent1, location2, plate_1, desk_4)
    goToLocation(agent1, location2, location7)
    coolObject(agent1, location7, fridge_10, plate_1)
    goToLocation(agent1, location7, location1)
    examineReceptacle(agent1, garbageCan_7)
    putObject(agent1, location1, plate_1, sinkBasin_8, plateType, sinkBasinType)

2025-06-17 12:01:52,877 - INFO - Seed: 1 is solvable

2025-06-17 12:01:52,877 - INFO - Unconstrained cost: 6
2025-06-17 12:01:52,877 - INFO - Constrained cost: 7
2025-06-17 12:01:52,877 - INFO - Seed: 1 Plan simulation is feasible
2025-06-17 12:01:52,877 - INFO - 
Seed: 1 
 Plan: [goToLocation(agent1, location8, location2), pickupObject(agent1, location2, plate_1, desk_4), goToLocation(agent1, location2, location7), coolObject(agent1, location7, fridge_10, plate_1), goToLocation(agent1, location7, location1), examineReceptacle(agent1, garbageCan_7), putObject(agent1, location1, plate_1, sinkBasin_8, plateType, sinkBasinType)]  
 Cost: 7

2025-06-17 12:01:53,011 - INFO - Time for Translating the Constrained Problem into NL: 4.76837158203125e-07

