2025-06-17 09:54:51,537 - INFO - 
================= Seed: 391 =================

2025-06-17 09:54:51,550 - INFO - problem name = alfred

types = [ReceptacleType, ObjectType, Checkable, Agent - Checkable, Location - Checkable, Receptacle - Checkable, Obj - Checkable]

fluents = [
  bool atLocation[a=Agent - Checkable, l=Location - Checkable]
  bool receptacleAtLocation[r=Receptacle - Checkable, l=Location - Checkable]
  bool objectAtLocation[o=Obj - Checkable, l=Location - Checkable]
  bool openable[r=Receptacle - Checkable]
  bool opened[r=Receptacle - Checkable]
  bool inReceptacle[o=Obj - Checkable, r=Receptacle - Checkable]
  bool isReceptacleObject[o=Obj - Checkable]
  bool inReceptacleObject[innerObject=Obj - Checkable, outObject=Obj - Checkable]
  bool isReceptacleObjectFull[o=Obj - Checkable]
  bool wasInReceptacle[o=Obj - Checkable, r=Receptacle - Checkable]
  bool checked[c=Checkable]
  bool examined[l=Location - Checkable]
  bool receptacleType[r=Receptacle - Checkable, rt=ReceptacleType]
  bool canContain[rt=ReceptacleType, ot=ObjectType]
  bool objectType[o=Obj - Checkable, t=ObjectType]
  bool holds[a=Agent - Checkable, o=Obj - Checkable]
  bool holdsAny[a=Agent - Checkable]
  bool holdsAnyReceptacleObject[a=Agent - Checkable]
  bool full[r=Receptacle - Checkable]
  bool isClean[o=Obj - Checkable]
  bool cleanable[o=Obj - Checkable]
  bool isHot[o=Obj - Checkable]
  bool heatable[o=Obj - Checkable]
  bool isCool[o=Obj - Checkable]
  bool coolable[o=Obj - Checkable]
  bool pickupable[o=Obj - Checkable]
  bool moveable[o=Obj - Checkable]
  bool toggleable[o=Obj - Checkable]
  bool isOn[o=Obj - Checkable]
  bool isToggled[o=Obj - Checkable]
  bool sliceable[o=Obj - Checkable]
  bool isSliced[o=Obj - Checkable]
]

actions = [
  action look(Agent - Checkable a, Location - Checkable l) {
    preconditions = [
      atLocation(a, l)
    ]
    effects = [
      checked(l) := true
    ]
  }
  action inventory(Agent - Checkable a) {
    preconditions = [
    ]
    effects = [
      checked(a) := true
    ]
  }
  action examineReceptacle(Agent - Checkable a, Receptacle - Checkable r) {
    preconditions = [
      Exists (Location - Checkable l) (atLocation(a, l) and receptacleAtLocation(r, l))
    ]
    effects = [
      checked(r) := true
    ]
  }
  action examineObject(Agent - Checkable a, Obj - Checkable o) {
    preconditions = [
      (Exists (Location - Checkable l) Exists (Receptacle - Checkable r) (atLocation(a, l) and receptacleAtLocation(r, l) and inReceptacle(o, r) and ((not openable(r)) or opened(r))) or holds(a, o))
    ]
    effects = [
      checked(o) := true
    ]
  }
  action goToLocation(Agent - Checkable a, Location - Checkable lstart, Location - Checkable lend) {
    preconditions = [
      atLocation(a, lstart)
    ]
    effects = [
      atLocation(a, lstart) := false
      atLocation(a, lend) := true
    ]
  }
  action openObject(Agent - Checkable a, Location - Checkable l, Receptacle - Checkable r) {
    preconditions = [
      (openable(r) and atLocation(a, l) and receptacleAtLocation(r, l) and (not opened(r)))
    ]
    effects = [
      opened(r) := true
      checked(r) := true
    ]
  }
  action closeObject(Agent - Checkable a, Location - Checkable l, Receptacle - Checkable r) {
    preconditions = [
      (openable(r) and atLocation(a, l) and receptacleAtLocation(r, l) and opened(r))
    ]
    effects = [
      opened(r) := false
    ]
  }
  action pickupObject(Agent - Checkable a, Location - Checkable l, Obj - Checkable o, Receptacle - Checkable r) {
    preconditions = [
      (pickupable(o) and atLocation(a, l) and receptacleAtLocation(r, l) and inReceptacle(o, r) and (not holdsAny(a)) and ((not openable(r)) or opened(r)))
    ]
    effects = [
      inReceptacle(o, r) := false
      holds(a, o) := true
      holdsAny(a) := true
      objectAtLocation(o, l) := false
    ]
  }
  action putObject(Agent - Checkable a, Location - Checkable l, Obj - Checkable o, Receptacle - Checkable r, ObjectType ot, ReceptacleType rt) {
    preconditions = [
      (holds(a, o) and atLocation(a, l) and receptacleAtLocation(r, l) and ((not openable(r)) or opened(r)) and objectType(o, ot) and receptacleType(r, rt) and canContain(rt, ot))
    ]
    effects = [
      inReceptacle(o, r) := true
      objectAtLocation(o, l) := true
      holds(a, o) := false
      holdsAny(a) := false
    ]
  }
  action cleanObject(Agent - Checkable a, Location - Checkable l, Receptacle - Checkable r, Obj - Checkable o) {
    preconditions = [
      (cleanable(o) and receptacleType(r, sinkBasinType) and atLocation(a, l) and receptacleAtLocation(r, l) and holds(a, o))
    ]
    effects = [
      isClean(o) := true
    ]
  }
  action heatObject(Agent - Checkable a, Location - Checkable l, Receptacle - Checkable r, Obj - Checkable o) {
    preconditions = [
      (heatable(o) and receptacleType(r, microwaveType) and atLocation(a, l) and receptacleAtLocation(r, l) and holds(a, o))
    ]
    effects = [
      isHot(o) := true
      isCool(o) := false
    ]
  }
  action coolObject(Agent - Checkable a, Location - Checkable l, Receptacle - Checkable r, Obj - Checkable o) {
    preconditions = [
      (coolable(o) and receptacleType(r, fridgeType) and atLocation(a, l) and receptacleAtLocation(r, l) and holds(a, o))
    ]
    effects = [
      isCool(o) := true
      isHot(o) := false
    ]
  }
  action toggleObject(Agent - Checkable a, Location - Checkable l, Obj - Checkable o, Receptacle - Checkable r) {
    preconditions = [
      (toggleable(o) and atLocation(a, l) and receptacleAtLocation(r, l) and inReceptacle(o, r))
    ]
    effects = [
      if isOn(o) then isOn(o) := false
      if (not isOn(o)) then isOn(o) := true
      isToggled(o) := true
    ]
  }
  action sliceObject(Agent - Checkable a, Location - Checkable l, Obj - Checkable co, Obj - Checkable ko) {
    preconditions = [
      (sliceable(co) and (objectType(ko, knifeType) or objectType(ko, butterKnifeType)) and atLocation(a, l) and objectAtLocation(co, l) and holds(a, ko))
    ]
    effects = [
      isSliced(co) := true
    ]
  }
  action help(Agent - Checkable a) {
    preconditions = [
    ]
    effects = [
      checked(a) := true
    ]
  }
]

objects = [
  ReceptacleType: [sinkBasinType, microwaveType, fridgeType, toiletPaperHangerType, coffeeMachineType, ottomanType, toiletType, sofaType, tvStandType, cabinetType, toasterType]
  ObjectType: [knifeType, butterKnifeType, newspaperType, appleType, tissueBoxType, plungerType, wineBottleType, soapBarType, glassbottleType, ladleType, panType]
  Checkable: [agent1, location1, location2, location3, location4, location5, location6, location7, location8, location9, location10, toiletPaperHanger_1, coffeeMachine_2, ottoman_3, toilet_4, fridge_5, sofa_6, tvStand_7, cabinet_8, coffeeMachine_9, toaster_10, newspaper_1, apple_2, tissueBox_3, plunger_4, wineBottle_5, newspaper_6, soapBar_7, glassbottle_8, ladle_9, pan_10]
  Agent - Checkable: [agent1]
  Location - Checkable: [location1, location2, location3, location4, location5, location6, location7, location8, location9, location10]
  Receptacle - Checkable: [toiletPaperHanger_1, coffeeMachine_2, ottoman_3, toilet_4, fridge_5, sofa_6, tvStand_7, cabinet_8, coffeeMachine_9, toaster_10]
  Obj - Checkable: [newspaper_1, apple_2, tissueBox_3, plunger_4, wineBottle_5, newspaper_6, soapBar_7, glassbottle_8, ladle_9, pan_10]
]

initial fluents default = [
  bool atLocation[a=Agent - Checkable, l=Location - Checkable] := false
  bool receptacleAtLocation[r=Receptacle - Checkable, l=Location - Checkable] := false
  bool objectAtLocation[o=Obj - Checkable, l=Location - Checkable] := false
  bool openable[r=Receptacle - Checkable] := false
  bool opened[r=Receptacle - Checkable] := false
  bool inReceptacle[o=Obj - Checkable, r=Receptacle - Checkable] := false
  bool isReceptacleObject[o=Obj - Checkable] := false
  bool inReceptacleObject[innerObject=Obj - Checkable, outObject=Obj - Checkable] := false
  bool isReceptacleObjectFull[o=Obj - Checkable] := false
  bool wasInReceptacle[o=Obj - Checkable, r=Receptacle - Checkable] := false
  bool checked[c=Checkable] := false
  bool examined[l=Location - Checkable] := false
  bool receptacleType[r=Receptacle - Checkable, rt=ReceptacleType] := false
  bool canContain[rt=ReceptacleType, ot=ObjectType] := false
  bool objectType[o=Obj - Checkable, t=ObjectType] := false
  bool holds[a=Agent - Checkable, o=Obj - Checkable] := false
  bool holdsAny[a=Agent - Checkable] := false
  bool holdsAnyReceptacleObject[a=Agent - Checkable] := false
  bool full[r=Receptacle - Checkable] := false
  bool isClean[o=Obj - Checkable] := false
  bool cleanable[o=Obj - Checkable] := false
  bool isHot[o=Obj - Checkable] := false
  bool heatable[o=Obj - Checkable] := false
  bool isCool[o=Obj - Checkable] := false
  bool coolable[o=Obj - Checkable] := false
  bool pickupable[o=Obj - Checkable] := false
  bool moveable[o=Obj - Checkable] := false
  bool toggleable[o=Obj - Checkable] := false
  bool isOn[o=Obj - Checkable] := false
  bool isToggled[o=Obj - Checkable] := false
  bool sliceable[o=Obj - Checkable] := false
  bool isSliced[o=Obj - Checkable] := false
]

initial values = [
  receptacleType(toiletPaperHanger_1, toiletPaperHangerType) := true
  receptacleType(coffeeMachine_2, coffeeMachineType) := true
  receptacleType(ottoman_3, ottomanType) := true
  receptacleType(toilet_4, toiletType) := true
  receptacleType(fridge_5, fridgeType) := true
  receptacleType(sofa_6, sofaType) := true
  receptacleType(tvStand_7, tvStandType) := true
  receptacleType(cabinet_8, cabinetType) := true
  receptacleType(coffeeMachine_9, coffeeMachineType) := true
  receptacleType(toaster_10, toasterType) := true
  objectType(newspaper_1, newspaperType) := true
  objectType(apple_2, appleType) := true
  objectType(tissueBox_3, tissueBoxType) := true
  objectType(plunger_4, plungerType) := true
  objectType(wineBottle_5, wineBottleType) := true
  objectType(newspaper_6, newspaperType) := true
  objectType(soapBar_7, soapBarType) := true
  objectType(glassbottle_8, glassbottleType) := true
  objectType(ladle_9, ladleType) := true
  objectType(pan_10, panType) := true
  canContain(ottomanType, newspaperType) := true
  canContain(toiletType, newspaperType) := true
  canContain(toiletType, tissueBoxType) := true
  canContain(toiletType, soapBarType) := true
  canContain(fridgeType, appleType) := true
  canContain(fridgeType, wineBottleType) := true
  canContain(fridgeType, glassbottleType) := true
  canContain(fridgeType, panType) := true
  canContain(sofaType, newspaperType) := true
  canContain(tvStandType, tissueBoxType) := true
  canContain(cabinetType, newspaperType) := true
  canContain(cabinetType, tissueBoxType) := true
  canContain(cabinetType, plungerType) := true
  canContain(cabinetType, wineBottleType) := true
  canContain(cabinetType, soapBarType) := true
  canContain(cabinetType, glassbottleType) := true
  canContain(cabinetType, ladleType) := true
  canContain(cabinetType, panType) := true
  pickupable(newspaper_1) := true
  pickupable(apple_2) := true
  cleanable(apple_2) := true
  heatable(apple_2) := true
  coolable(apple_2) := true
  sliceable(apple_2) := true
  pickupable(tissueBox_3) := true
  pickupable(plunger_4) := true
  pickupable(wineBottle_5) := true
  pickupable(newspaper_6) := true
  pickupable(soapBar_7) := true
  cleanable(soapBar_7) := true
  pickupable(glassbottle_8) := true
  pickupable(ladle_9) := true
  cleanable(ladle_9) := true
  pickupable(pan_10) := true
  isReceptacleObject(pan_10) := true
  cleanable(pan_10) := true
  coolable(pan_10) := true
  receptacleAtLocation(toiletPaperHanger_1, location4) := true
  receptacleAtLocation(coffeeMachine_2, location7) := true
  receptacleAtLocation(ottoman_3, location8) := true
  receptacleAtLocation(toilet_4, location8) := true
  receptacleAtLocation(fridge_5, location10) := true
  receptacleAtLocation(sofa_6, location2) := true
  receptacleAtLocation(tvStand_7, location1) := true
  receptacleAtLocation(cabinet_8, location6) := true
  receptacleAtLocation(coffeeMachine_9, location10) := true
  receptacleAtLocation(toaster_10, location7) := true
  inReceptacle(apple_2, fridge_5) := true
  inReceptacle(wineBottle_5, cabinet_8) := true
  objectAtLocation(newspaper_1, location8) := true
  objectAtLocation(apple_2, location10) := true
  objectAtLocation(tissueBox_3, location4) := true
  objectAtLocation(plunger_4, location8) := true
  objectAtLocation(wineBottle_5, location6) := true
  objectAtLocation(newspaper_6, location10) := true
  objectAtLocation(soapBar_7, location8) := true
  objectAtLocation(glassbottle_8, location5) := true
  objectAtLocation(ladle_9, location7) := true
  objectAtLocation(pan_10, location9) := true
  atLocation(agent1, location2) := true
]

goals = [
  Exists (Receptacle - Checkable r) Exists (Obj - Checkable o) (inReceptacle(o, r) and objectType(o, wineBottleType) and receptacleType(r, fridgeType))
]

quality metrics = [
  minimize sequential-plan-length
]


2025-06-17 09:54:51,554 - INFO - Generating plan for unconstrained problem

2025-06-17 09:54:51,990 - INFO - Unconstrained plan generation time: 0.4357433319091797

2025-06-17 09:54:51,990 - INFO - Unconstrained plan and cost: 
2025-06-17 09:54:51,990 - INFO - SequentialPlan:
    goToLocation(agent1, location2, location6)
    pickupObject(agent1, location6, wineBottle_5, cabinet_8)
    goToLocation(agent1, location6, location10)
    putObject(agent1, location10, wineBottle_5, fridge_5, wineBottleType, fridgeType)
2025-06-17 09:54:51,991 - INFO - 4
2025-06-17 09:54:52,726 - INFO - Sampled constraints:

2025-06-17 09:54:52,726 - INFO - Sometime(atLocation(agent1, location10))
2025-06-17 09:54:52,726 - INFO - Sometime-Before(atLocation(agent1, location10), atLocation(agent1, location4))
2025-06-17 09:54:52,726 - INFO - 
2025-06-17 09:54:52,726 - INFO - Generation time: 0.7353148460388184

2025-06-17 09:54:52,734 - INFO - Generating plan for constrained problem (with LiftedTCORE).

2025-06-17 09:54:52,783 - INFO - LiftedTCORE compilation time: 0.048647165298461914

2025-06-17 09:54:53,274 - INFO - Planning Time with LiftedTCORE's file: 0.48360633850097656

2025-06-17 09:54:53,274 - INFO - Plan found with LiftedTCORE + sym_bd: SequentialPlan:
    goToLocation(agent1, location2, location6)
    pickupObject(agent1, location6, wineBottle_5, cabinet_8)
    goToLocation(agent1, location6, location4)
    goToLocation(agent1, location4, location10)
    putObject(agent1, location10, wineBottle_5, fridge_5, wineBottleType, fridgeType)
2025-06-17 09:54:53,274 - INFO - Seed: 391 is solvable

2025-06-17 09:54:53,275 - INFO - Unconstrained cost: 4
2025-06-17 09:54:53,275 - INFO - Constrained cost: 5
2025-06-17 09:54:53,275 - INFO - Seed: 391 Plan simulation is feasible
2025-06-17 09:54:53,275 - INFO - 
Seed: 391 
 Plan: [goToLocation(agent1, location2, location6), pickupObject(agent1, location6, wineBottle_5, cabinet_8), goToLocation(agent1, location6, location4), goToLocation(agent1, location4, location10), putObject(agent1, location10, wineBottle_5, fridge_5, wineBottleType, fridgeType)]  
 Cost: 5

