2025-06-17 11:19:23,878 - INFO - 
================= Seed: 179 =================

2025-06-17 11:19:23,878 - INFO - problem name = alfred

types = [ReceptacleType, ObjectType, Checkable, Agent - Checkable, Location - Checkable, Receptacle - Checkable, Obj - Checkable]

fluents = [
  bool atLocation[a=Agent - Checkable, l=Location - Checkable]
  bool receptacleAtLocation[r=Receptacle - Checkable, l=Location - Checkable]
  bool objectAtLocation[o=Obj - Checkable, l=Location - Checkable]
  bool openable[r=Receptacle - Checkable]
  bool opened[r=Receptacle - Checkable]
  bool inReceptacle[o=Obj - Checkable, r=Receptacle - Checkable]
  bool isReceptacleObject[o=Obj - Checkable]
  bool inReceptacleObject[innerObject=Obj - Checkable, outObject=Obj - Checkable]
  bool isReceptacleObjectFull[o=Obj - Checkable]
  bool wasInReceptacle[o=Obj - Checkable, r=Receptacle - Checkable]
  bool checked[c=Checkable]
  bool examined[l=Location - Checkable]
  bool receptacleType[r=Receptacle - Checkable, rt=ReceptacleType]
  bool canContain[rt=ReceptacleType, ot=ObjectType]
  bool objectType[o=Obj - Checkable, t=ObjectType]
  bool holds[a=Agent - Checkable, o=Obj - Checkable]
  bool holdsAny[a=Agent - Checkable]
  bool holdsAnyReceptacleObject[a=Agent - Checkable]
  bool full[r=Receptacle - Checkable]
  bool isClean[o=Obj - Checkable]
  bool cleanable[o=Obj - Checkable]
  bool isHot[o=Obj - Checkable]
  bool heatable[o=Obj - Checkable]
  bool isCool[o=Obj - Checkable]
  bool coolable[o=Obj - Checkable]
  bool pickupable[o=Obj - Checkable]
  bool moveable[o=Obj - Checkable]
  bool toggleable[o=Obj - Checkable]
  bool isOn[o=Obj - Checkable]
  bool isToggled[o=Obj - Checkable]
  bool sliceable[o=Obj - Checkable]
  bool isSliced[o=Obj - Checkable]
]

actions = [
  action look(Agent - Checkable a, Location - Checkable l) {
    preconditions = [
      atLocation(a, l)
    ]
    effects = [
      checked(l) := true
    ]
  }
  action inventory(Agent - Checkable a) {
    preconditions = [
    ]
    effects = [
      checked(a) := true
    ]
  }
  action examineReceptacle(Agent - Checkable a, Receptacle - Checkable r) {
    preconditions = [
      Exists (Location - Checkable l) (atLocation(a, l) and receptacleAtLocation(r, l))
    ]
    effects = [
      checked(r) := true
    ]
  }
  action examineObject(Agent - Checkable a, Obj - Checkable o) {
    preconditions = [
      (Exists (Location - Checkable l) Exists (Receptacle - Checkable r) (atLocation(a, l) and receptacleAtLocation(r, l) and inReceptacle(o, r) and ((not openable(r)) or opened(r))) or holds(a, o))
    ]
    effects = [
      checked(o) := true
    ]
  }
  action goToLocation(Agent - Checkable a, Location - Checkable lstart, Location - Checkable lend) {
    preconditions = [
      atLocation(a, lstart)
    ]
    effects = [
      atLocation(a, lstart) := false
      atLocation(a, lend) := true
    ]
  }
  action openObject(Agent - Checkable a, Location - Checkable l, Receptacle - Checkable r) {
    preconditions = [
      (openable(r) and atLocation(a, l) and receptacleAtLocation(r, l) and (not opened(r)))
    ]
    effects = [
      opened(r) := true
      checked(r) := true
    ]
  }
  action closeObject(Agent - Checkable a, Location - Checkable l, Receptacle - Checkable r) {
    preconditions = [
      (openable(r) and atLocation(a, l) and receptacleAtLocation(r, l) and opened(r))
    ]
    effects = [
      opened(r) := false
    ]
  }
  action pickupObject(Agent - Checkable a, Location - Checkable l, Obj - Checkable o, Receptacle - Checkable r) {
    preconditions = [
      (pickupable(o) and atLocation(a, l) and receptacleAtLocation(r, l) and inReceptacle(o, r) and (not holdsAny(a)) and ((not openable(r)) or opened(r)))
    ]
    effects = [
      inReceptacle(o, r) := false
      holds(a, o) := true
      holdsAny(a) := true
      objectAtLocation(o, l) := false
    ]
  }
  action putObject(Agent - Checkable a, Location - Checkable l, Obj - Checkable o, Receptacle - Checkable r, ObjectType ot, ReceptacleType rt) {
    preconditions = [
      (holds(a, o) and atLocation(a, l) and receptacleAtLocation(r, l) and ((not openable(r)) or opened(r)) and objectType(o, ot) and receptacleType(r, rt) and canContain(rt, ot))
    ]
    effects = [
      inReceptacle(o, r) := true
      objectAtLocation(o, l) := true
      holds(a, o) := false
      holdsAny(a) := false
    ]
  }
  action cleanObject(Agent - Checkable a, Location - Checkable l, Receptacle - Checkable r, Obj - Checkable o) {
    preconditions = [
      (cleanable(o) and receptacleType(r, sinkBasinType) and atLocation(a, l) and receptacleAtLocation(r, l) and holds(a, o))
    ]
    effects = [
      isClean(o) := true
    ]
  }
  action heatObject(Agent - Checkable a, Location - Checkable l, Receptacle - Checkable r, Obj - Checkable o) {
    preconditions = [
      (heatable(o) and receptacleType(r, microwaveType) and atLocation(a, l) and receptacleAtLocation(r, l) and holds(a, o))
    ]
    effects = [
      isHot(o) := true
      isCool(o) := false
    ]
  }
  action coolObject(Agent - Checkable a, Location - Checkable l, Receptacle - Checkable r, Obj - Checkable o) {
    preconditions = [
      (coolable(o) and receptacleType(r, fridgeType) and atLocation(a, l) and receptacleAtLocation(r, l) and holds(a, o))
    ]
    effects = [
      isCool(o) := true
      isHot(o) := false
    ]
  }
  action toggleObject(Agent - Checkable a, Location - Checkable l, Obj - Checkable o, Receptacle - Checkable r) {
    preconditions = [
      (toggleable(o) and atLocation(a, l) and receptacleAtLocation(r, l) and inReceptacle(o, r))
    ]
    effects = [
      if isOn(o) then isOn(o) := false
      if (not isOn(o)) then isOn(o) := true
      isToggled(o) := true
    ]
  }
  action sliceObject(Agent - Checkable a, Location - Checkable l, Obj - Checkable co, Obj - Checkable ko) {
    preconditions = [
      (sliceable(co) and (objectType(ko, knifeType) or objectType(ko, butterKnifeType)) and atLocation(a, l) and objectAtLocation(co, l) and holds(a, ko))
    ]
    effects = [
      isSliced(co) := true
    ]
  }
  action help(Agent - Checkable a) {
    preconditions = [
    ]
    effects = [
      checked(a) := true
    ]
  }
]

objects = [
  ReceptacleType: [sinkBasinType, microwaveType, fridgeType, tvStandType, cartType, counterTopType, bedType, shelfType, drawerType, toasterType, towelHolderType, handTowelHolderType]
  ObjectType: [knifeType, butterKnifeType, appleType, basketBallType, clothType, creditCardType, ladleType, soapBottleType, potatoType, mugType]
  Checkable: [agent1, location1, location2, location3, location4, location5, location6, location7, location8, location9, location10, tvStand_1, cart_2, counterTop_3, sinkBasin_4, bed_5, shelf_6, drawer_7, toaster_8, towelHolder_9, handTowelHolder_10, microwave_11, fridge_12, apple_1, basketBall_2, cloth_3, creditCard_4, ladle_5, soapBottle_6, potato_7, mug_8, butterKnife_9, mug_10]
  Agent - Checkable: [agent1]
  Location - Checkable: [location1, location2, location3, location4, location5, location6, location7, location8, location9, location10]
  Receptacle - Checkable: [tvStand_1, cart_2, counterTop_3, sinkBasin_4, bed_5, shelf_6, drawer_7, toaster_8, towelHolder_9, handTowelHolder_10, microwave_11, fridge_12]
  Obj - Checkable: [apple_1, basketBall_2, cloth_3, creditCard_4, ladle_5, soapBottle_6, potato_7, mug_8, butterKnife_9, mug_10]
]

initial fluents default = [
  bool atLocation[a=Agent - Checkable, l=Location - Checkable] := false
  bool receptacleAtLocation[r=Receptacle - Checkable, l=Location - Checkable] := false
  bool objectAtLocation[o=Obj - Checkable, l=Location - Checkable] := false
  bool openable[r=Receptacle - Checkable] := false
  bool opened[r=Receptacle - Checkable] := false
  bool inReceptacle[o=Obj - Checkable, r=Receptacle - Checkable] := false
  bool isReceptacleObject[o=Obj - Checkable] := false
  bool inReceptacleObject[innerObject=Obj - Checkable, outObject=Obj - Checkable] := false
  bool isReceptacleObjectFull[o=Obj - Checkable] := false
  bool wasInReceptacle[o=Obj - Checkable, r=Receptacle - Checkable] := false
  bool checked[c=Checkable] := false
  bool examined[l=Location - Checkable] := false
  bool receptacleType[r=Receptacle - Checkable, rt=ReceptacleType] := false
  bool canContain[rt=ReceptacleType, ot=ObjectType] := false
  bool objectType[o=Obj - Checkable, t=ObjectType] := false
  bool holds[a=Agent - Checkable, o=Obj - Checkable] := false
  bool holdsAny[a=Agent - Checkable] := false
  bool holdsAnyReceptacleObject[a=Agent - Checkable] := false
  bool full[r=Receptacle - Checkable] := false
  bool isClean[o=Obj - Checkable] := false
  bool cleanable[o=Obj - Checkable] := false
  bool isHot[o=Obj - Checkable] := false
  bool heatable[o=Obj - Checkable] := false
  bool isCool[o=Obj - Checkable] := false
  bool coolable[o=Obj - Checkable] := false
  bool pickupable[o=Obj - Checkable] := false
  bool moveable[o=Obj - Checkable] := false
  bool toggleable[o=Obj - Checkable] := false
  bool isOn[o=Obj - Checkable] := false
  bool isToggled[o=Obj - Checkable] := false
  bool sliceable[o=Obj - Checkable] := false
  bool isSliced[o=Obj - Checkable] := false
]

initial values = [
  receptacleType(tvStand_1, tvStandType) := true
  receptacleType(cart_2, cartType) := true
  receptacleType(counterTop_3, counterTopType) := true
  receptacleType(sinkBasin_4, sinkBasinType) := true
  receptacleType(bed_5, bedType) := true
  receptacleType(shelf_6, shelfType) := true
  receptacleType(drawer_7, drawerType) := true
  receptacleType(toaster_8, toasterType) := true
  receptacleType(towelHolder_9, towelHolderType) := true
  receptacleType(handTowelHolder_10, handTowelHolderType) := true
  receptacleType(microwave_11, microwaveType) := true
  receptacleType(fridge_12, fridgeType) := true
  objectType(apple_1, appleType) := true
  objectType(basketBall_2, basketBallType) := true
  objectType(cloth_3, clothType) := true
  objectType(creditCard_4, creditCardType) := true
  objectType(ladle_5, ladleType) := true
  objectType(soapBottle_6, soapBottleType) := true
  objectType(potato_7, potatoType) := true
  objectType(mug_8, mugType) := true
  objectType(butterKnife_9, butterKnifeType) := true
  objectType(mug_10, mugType) := true
  canContain(cartType, clothType) := true
  canContain(cartType, soapBottleType) := true
  canContain(cartType, mugType) := true
  canContain(counterTopType, appleType) := true
  canContain(counterTopType, basketBallType) := true
  canContain(counterTopType, clothType) := true
  canContain(counterTopType, creditCardType) := true
  canContain(counterTopType, ladleType) := true
  canContain(counterTopType, soapBottleType) := true
  canContain(counterTopType, potatoType) := true
  canContain(counterTopType, mugType) := true
  canContain(counterTopType, butterKnifeType) := true
  canContain(sinkBasinType, appleType) := true
  canContain(sinkBasinType, clothType) := true
  canContain(sinkBasinType, ladleType) := true
  canContain(sinkBasinType, potatoType) := true
  canContain(sinkBasinType, mugType) := true
  canContain(sinkBasinType, butterKnifeType) := true
  canContain(bedType, basketBallType) := true
  canContain(shelfType, clothType) := true
  canContain(shelfType, creditCardType) := true
  canContain(shelfType, soapBottleType) := true
  canContain(shelfType, mugType) := true
  canContain(drawerType, clothType) := true
  canContain(drawerType, creditCardType) := true
  canContain(drawerType, ladleType) := true
  canContain(drawerType, soapBottleType) := true
  canContain(drawerType, butterKnifeType) := true
  canContain(microwaveType, appleType) := true
  canContain(microwaveType, potatoType) := true
  canContain(microwaveType, mugType) := true
  canContain(fridgeType, appleType) := true
  canContain(fridgeType, potatoType) := true
  canContain(fridgeType, mugType) := true
  pickupable(apple_1) := true
  cleanable(apple_1) := true
  heatable(apple_1) := true
  coolable(apple_1) := true
  sliceable(apple_1) := true
  pickupable(basketBall_2) := true
  pickupable(cloth_3) := true
  cleanable(cloth_3) := true
  pickupable(creditCard_4) := true
  pickupable(ladle_5) := true
  cleanable(ladle_5) := true
  pickupable(soapBottle_6) := true
  pickupable(potato_7) := true
  cleanable(potato_7) := true
  heatable(potato_7) := true
  coolable(potato_7) := true
  sliceable(potato_7) := true
  pickupable(mug_8) := true
  isReceptacleObject(mug_8) := true
  cleanable(mug_8) := true
  heatable(mug_8) := true
  coolable(mug_8) := true
  pickupable(butterKnife_9) := true
  cleanable(butterKnife_9) := true
  pickupable(mug_10) := true
  isReceptacleObject(mug_10) := true
  cleanable(mug_10) := true
  heatable(mug_10) := true
  coolable(mug_10) := true
  receptacleAtLocation(tvStand_1, location3) := true
  receptacleAtLocation(cart_2, location6) := true
  receptacleAtLocation(counterTop_3, location3) := true
  receptacleAtLocation(sinkBasin_4, location10) := true
  receptacleAtLocation(bed_5, location10) := true
  receptacleAtLocation(shelf_6, location10) := true
  receptacleAtLocation(drawer_7, location5) := true
  receptacleAtLocation(toaster_8, location3) := true
  receptacleAtLocation(towelHolder_9, location3) := true
  receptacleAtLocation(handTowelHolder_10, location4) := true
  receptacleAtLocation(microwave_11, location2) := true
  receptacleAtLocation(fridge_12, location5) := true
  inReceptacle(apple_1, fridge_12) := true
  inReceptacle(basketBall_2, bed_5) := true
  inReceptacle(cloth_3, counterTop_3) := true
  inReceptacle(creditCard_4, shelf_6) := true
  inReceptacle(ladle_5, sinkBasin_4) := true
  inReceptacle(soapBottle_6, counterTop_3) := true
  inReceptacle(potato_7, microwave_11) := true
  inReceptacle(mug_8, cart_2) := true
  inReceptacle(butterKnife_9, counterTop_3) := true
  inReceptacle(mug_10, microwave_11) := true
  objectAtLocation(apple_1, location5) := true
  objectAtLocation(basketBall_2, location10) := true
  objectAtLocation(cloth_3, location3) := true
  objectAtLocation(creditCard_4, location10) := true
  objectAtLocation(ladle_5, location10) := true
  objectAtLocation(soapBottle_6, location3) := true
  objectAtLocation(potato_7, location2) := true
  objectAtLocation(mug_8, location6) := true
  objectAtLocation(butterKnife_9, location3) := true
  objectAtLocation(mug_10, location2) := true
  atLocation(agent1, location2) := true
]

goals = [
  Exists (Receptacle - Checkable r) Exists (Obj - Checkable o) (heatable(o) and objectType(o, potatoType) and receptacleType(r, fridgeType) and isHot(o) and inReceptacle(o, r))
]

quality metrics = [
  minimize sequential-plan-length
]


2025-06-17 11:19:23,883 - INFO - Generating plan for unconstrained problem

2025-06-17 11:19:24,324 - INFO - Unconstrained plan generation time: 0.44176363945007324

2025-06-17 11:19:24,325 - INFO - Unconstrained plan and cost: 
2025-06-17 11:19:24,325 - INFO - SequentialPlan:
    pickupObject(agent1, location2, potato_7, microwave_11)
    heatObject(agent1, location2, microwave_11, potato_7)
    goToLocation(agent1, location2, location5)
    putObject(agent1, location5, potato_7, fridge_12, potatoType, fridgeType)
2025-06-17 11:19:24,325 - INFO - 4
2025-06-17 11:19:24,553 - INFO - Sampled constraints:

2025-06-17 11:19:24,553 - INFO - Sometime(atLocation(agent1, location9))
2025-06-17 11:19:24,553 - INFO - 
2025-06-17 11:19:24,553 - INFO - Generation time: 0.22759413719177246

2025-06-17 11:19:24,553 - INFO - Generating plan for constrained problem (with LiftedTCORE).

2025-06-17 11:19:24,592 - INFO - LiftedTCORE compilation time: 0.03879046440124512

2025-06-17 11:19:25,057 - INFO - Planning Time with LiftedTCORE's file: 0.46451258659362793

2025-06-17 11:19:25,057 - INFO - Plan found with LiftedTCORE + sym_bd: SequentialPlan:
    pickupObject(agent1, location2, potato_7, microwave_11)
    heatObject(agent1, location2, microwave_11, potato_7)
    goToLocation(agent1, location2, location5)
    putObject(agent1, location5, potato_7, fridge_12, potatoType, fridgeType)
    goToLocation(agent1, location5, location9)
2025-06-17 11:19:25,058 - INFO - Seed: 179 is solvable

2025-06-17 11:19:25,058 - INFO - Unconstrained cost: 4
2025-06-17 11:19:25,058 - INFO - Constrained cost: 5
2025-06-17 11:19:25,058 - INFO - Seed: 179 Plan simulation is feasible
2025-06-17 11:19:25,058 - INFO - 
Seed: 179 
 Plan: [pickupObject(agent1, location2, potato_7, microwave_11), heatObject(agent1, location2, microwave_11, potato_7), goToLocation(agent1, location2, location5), putObject(agent1, location5, potato_7, fridge_12, potatoType, fridgeType), goToLocation(agent1, location5, location9)]  
 Cost: 5

