2025-06-17 10:23:24,412 - INFO - 
================= Seed: 885 =================

2025-06-17 10:23:24,417 - INFO - problem name = alfred

types = [ReceptacleType, ObjectType, Checkable, Agent - Checkable, Location - Checkable, Receptacle - Checkable, Obj - Checkable]

fluents = [
  bool atLocation[a=Agent - Checkable, l=Location - Checkable]
  bool receptacleAtLocation[r=Receptacle - Checkable, l=Location - Checkable]
  bool objectAtLocation[o=Obj - Checkable, l=Location - Checkable]
  bool openable[r=Receptacle - Checkable]
  bool opened[r=Receptacle - Checkable]
  bool inReceptacle[o=Obj - Checkable, r=Receptacle - Checkable]
  bool isReceptacleObject[o=Obj - Checkable]
  bool inReceptacleObject[innerObject=Obj - Checkable, outObject=Obj - Checkable]
  bool isReceptacleObjectFull[o=Obj - Checkable]
  bool wasInReceptacle[o=Obj - Checkable, r=Receptacle - Checkable]
  bool checked[c=Checkable]
  bool examined[l=Location - Checkable]
  bool receptacleType[r=Receptacle - Checkable, rt=ReceptacleType]
  bool canContain[rt=ReceptacleType, ot=ObjectType]
  bool objectType[o=Obj - Checkable, t=ObjectType]
  bool holds[a=Agent - Checkable, o=Obj - Checkable]
  bool holdsAny[a=Agent - Checkable]
  bool holdsAnyReceptacleObject[a=Agent - Checkable]
  bool full[r=Receptacle - Checkable]
  bool isClean[o=Obj - Checkable]
  bool cleanable[o=Obj - Checkable]
  bool isHot[o=Obj - Checkable]
  bool heatable[o=Obj - Checkable]
  bool isCool[o=Obj - Checkable]
  bool coolable[o=Obj - Checkable]
  bool pickupable[o=Obj - Checkable]
  bool moveable[o=Obj - Checkable]
  bool toggleable[o=Obj - Checkable]
  bool isOn[o=Obj - Checkable]
  bool isToggled[o=Obj - Checkable]
  bool sliceable[o=Obj - Checkable]
  bool isSliced[o=Obj - Checkable]
]

actions = [
  action look(Agent - Checkable a, Location - Checkable l) {
    preconditions = [
      atLocation(a, l)
    ]
    effects = [
      checked(l) := true
    ]
  }
  action inventory(Agent - Checkable a) {
    preconditions = [
    ]
    effects = [
      checked(a) := true
    ]
  }
  action examineReceptacle(Agent - Checkable a, Receptacle - Checkable r) {
    preconditions = [
      Exists (Location - Checkable l) (atLocation(a, l) and receptacleAtLocation(r, l))
    ]
    effects = [
      checked(r) := true
    ]
  }
  action examineObject(Agent - Checkable a, Obj - Checkable o) {
    preconditions = [
      (Exists (Location - Checkable l) Exists (Receptacle - Checkable r) (atLocation(a, l) and receptacleAtLocation(r, l) and inReceptacle(o, r) and ((not openable(r)) or opened(r))) or holds(a, o))
    ]
    effects = [
      checked(o) := true
    ]
  }
  action goToLocation(Agent - Checkable a, Location - Checkable lstart, Location - Checkable lend) {
    preconditions = [
      atLocation(a, lstart)
    ]
    effects = [
      atLocation(a, lstart) := false
      atLocation(a, lend) := true
    ]
  }
  action openObject(Agent - Checkable a, Location - Checkable l, Receptacle - Checkable r) {
    preconditions = [
      (openable(r) and atLocation(a, l) and receptacleAtLocation(r, l) and (not opened(r)))
    ]
    effects = [
      opened(r) := true
      checked(r) := true
    ]
  }
  action closeObject(Agent - Checkable a, Location - Checkable l, Receptacle - Checkable r) {
    preconditions = [
      (openable(r) and atLocation(a, l) and receptacleAtLocation(r, l) and opened(r))
    ]
    effects = [
      opened(r) := false
    ]
  }
  action pickupObject(Agent - Checkable a, Location - Checkable l, Obj - Checkable o, Receptacle - Checkable r) {
    preconditions = [
      (pickupable(o) and atLocation(a, l) and receptacleAtLocation(r, l) and inReceptacle(o, r) and (not holdsAny(a)) and ((not openable(r)) or opened(r)))
    ]
    effects = [
      inReceptacle(o, r) := false
      holds(a, o) := true
      holdsAny(a) := true
      objectAtLocation(o, l) := false
    ]
  }
  action putObject(Agent - Checkable a, Location - Checkable l, Obj - Checkable o, Receptacle - Checkable r, ObjectType ot, ReceptacleType rt) {
    preconditions = [
      (holds(a, o) and atLocation(a, l) and receptacleAtLocation(r, l) and ((not openable(r)) or opened(r)) and objectType(o, ot) and receptacleType(r, rt) and canContain(rt, ot))
    ]
    effects = [
      inReceptacle(o, r) := true
      objectAtLocation(o, l) := true
      holds(a, o) := false
      holdsAny(a) := false
    ]
  }
  action cleanObject(Agent - Checkable a, Location - Checkable l, Receptacle - Checkable r, Obj - Checkable o) {
    preconditions = [
      (cleanable(o) and receptacleType(r, sinkBasinType) and atLocation(a, l) and receptacleAtLocation(r, l) and holds(a, o))
    ]
    effects = [
      isClean(o) := true
    ]
  }
  action heatObject(Agent - Checkable a, Location - Checkable l, Receptacle - Checkable r, Obj - Checkable o) {
    preconditions = [
      (heatable(o) and receptacleType(r, microwaveType) and atLocation(a, l) and receptacleAtLocation(r, l) and holds(a, o))
    ]
    effects = [
      isHot(o) := true
      isCool(o) := false
    ]
  }
  action coolObject(Agent - Checkable a, Location - Checkable l, Receptacle - Checkable r, Obj - Checkable o) {
    preconditions = [
      (coolable(o) and receptacleType(r, fridgeType) and atLocation(a, l) and receptacleAtLocation(r, l) and holds(a, o))
    ]
    effects = [
      isCool(o) := true
      isHot(o) := false
    ]
  }
  action toggleObject(Agent - Checkable a, Location - Checkable l, Obj - Checkable o, Receptacle - Checkable r) {
    preconditions = [
      (toggleable(o) and atLocation(a, l) and receptacleAtLocation(r, l) and inReceptacle(o, r))
    ]
    effects = [
      if isOn(o) then isOn(o) := false
      if (not isOn(o)) then isOn(o) := true
      isToggled(o) := true
    ]
  }
  action sliceObject(Agent - Checkable a, Location - Checkable l, Obj - Checkable co, Obj - Checkable ko) {
    preconditions = [
      (sliceable(co) and (objectType(ko, knifeType) or objectType(ko, butterKnifeType)) and atLocation(a, l) and objectAtLocation(co, l) and holds(a, ko))
    ]
    effects = [
      isSliced(co) := true
    ]
  }
  action help(Agent - Checkable a) {
    preconditions = [
    ]
    effects = [
      checked(a) := true
    ]
  }
]

objects = [
  ReceptacleType: [sinkBasinType, microwaveType, fridgeType, stoveBurnerType, coffeeTableType, toasterType, bedType, drawerType, deskType, handTowelHolderType, shelfType]
  ObjectType: [knifeType, butterKnifeType, remoteControlType, sprayBottleType, soapBottleType, plateType, wineBottleType, vaseType, pepperShakerType, potType]
  Checkable: [agent1, location1, location2, location3, location4, location5, location6, location7, location8, location9, location10, stoveBurner_1, coffeeTable_2, toaster_3, bed_4, drawer_5, desk_6, handTowelHolder_7, coffeeTable_8, shelf_9, microwave_10, remoteControl_1, sprayBottle_2, soapBottle_3, plate_4, wineBottle_5, wineBottle_6, vase_7, plate_8, pepperShaker_9, pot_10]
  Agent - Checkable: [agent1]
  Location - Checkable: [location1, location2, location3, location4, location5, location6, location7, location8, location9, location10]
  Receptacle - Checkable: [stoveBurner_1, coffeeTable_2, toaster_3, bed_4, drawer_5, desk_6, handTowelHolder_7, coffeeTable_8, shelf_9, microwave_10]
  Obj - Checkable: [remoteControl_1, sprayBottle_2, soapBottle_3, plate_4, wineBottle_5, wineBottle_6, vase_7, plate_8, pepperShaker_9, pot_10]
]

initial fluents default = [
  bool atLocation[a=Agent - Checkable, l=Location - Checkable] := false
  bool receptacleAtLocation[r=Receptacle - Checkable, l=Location - Checkable] := false
  bool objectAtLocation[o=Obj - Checkable, l=Location - Checkable] := false
  bool openable[r=Receptacle - Checkable] := false
  bool opened[r=Receptacle - Checkable] := false
  bool inReceptacle[o=Obj - Checkable, r=Receptacle - Checkable] := false
  bool isReceptacleObject[o=Obj - Checkable] := false
  bool inReceptacleObject[innerObject=Obj - Checkable, outObject=Obj - Checkable] := false
  bool isReceptacleObjectFull[o=Obj - Checkable] := false
  bool wasInReceptacle[o=Obj - Checkable, r=Receptacle - Checkable] := false
  bool checked[c=Checkable] := false
  bool examined[l=Location - Checkable] := false
  bool receptacleType[r=Receptacle - Checkable, rt=ReceptacleType] := false
  bool canContain[rt=ReceptacleType, ot=ObjectType] := false
  bool objectType[o=Obj - Checkable, t=ObjectType] := false
  bool holds[a=Agent - Checkable, o=Obj - Checkable] := false
  bool holdsAny[a=Agent - Checkable] := false
  bool holdsAnyReceptacleObject[a=Agent - Checkable] := false
  bool full[r=Receptacle - Checkable] := false
  bool isClean[o=Obj - Checkable] := false
  bool cleanable[o=Obj - Checkable] := false
  bool isHot[o=Obj - Checkable] := false
  bool heatable[o=Obj - Checkable] := false
  bool isCool[o=Obj - Checkable] := false
  bool coolable[o=Obj - Checkable] := false
  bool pickupable[o=Obj - Checkable] := false
  bool moveable[o=Obj - Checkable] := false
  bool toggleable[o=Obj - Checkable] := false
  bool isOn[o=Obj - Checkable] := false
  bool isToggled[o=Obj - Checkable] := false
  bool sliceable[o=Obj - Checkable] := false
  bool isSliced[o=Obj - Checkable] := false
]

initial values = [
  receptacleType(stoveBurner_1, stoveBurnerType) := true
  receptacleType(coffeeTable_2, coffeeTableType) := true
  receptacleType(toaster_3, toasterType) := true
  receptacleType(bed_4, bedType) := true
  receptacleType(drawer_5, drawerType) := true
  receptacleType(desk_6, deskType) := true
  receptacleType(handTowelHolder_7, handTowelHolderType) := true
  receptacleType(coffeeTable_8, coffeeTableType) := true
  receptacleType(shelf_9, shelfType) := true
  receptacleType(microwave_10, microwaveType) := true
  objectType(remoteControl_1, remoteControlType) := true
  objectType(sprayBottle_2, sprayBottleType) := true
  objectType(soapBottle_3, soapBottleType) := true
  objectType(plate_4, plateType) := true
  objectType(wineBottle_5, wineBottleType) := true
  objectType(wineBottle_6, wineBottleType) := true
  objectType(vase_7, vaseType) := true
  objectType(plate_8, plateType) := true
  objectType(pepperShaker_9, pepperShakerType) := true
  objectType(pot_10, potType) := true
  canContain(stoveBurnerType, potType) := true
  canContain(coffeeTableType, remoteControlType) := true
  canContain(coffeeTableType, sprayBottleType) := true
  canContain(coffeeTableType, soapBottleType) := true
  canContain(coffeeTableType, plateType) := true
  canContain(coffeeTableType, wineBottleType) := true
  canContain(coffeeTableType, vaseType) := true
  canContain(coffeeTableType, pepperShakerType) := true
  canContain(coffeeTableType, potType) := true
  canContain(drawerType, remoteControlType) := true
  canContain(drawerType, sprayBottleType) := true
  canContain(drawerType, soapBottleType) := true
  canContain(drawerType, pepperShakerType) := true
  canContain(deskType, remoteControlType) := true
  canContain(deskType, sprayBottleType) := true
  canContain(deskType, soapBottleType) := true
  canContain(deskType, plateType) := true
  canContain(deskType, wineBottleType) := true
  canContain(deskType, vaseType) := true
  canContain(shelfType, remoteControlType) := true
  canContain(shelfType, sprayBottleType) := true
  canContain(shelfType, soapBottleType) := true
  canContain(shelfType, plateType) := true
  canContain(shelfType, wineBottleType) := true
  canContain(shelfType, vaseType) := true
  canContain(shelfType, pepperShakerType) := true
  canContain(shelfType, potType) := true
  canContain(microwaveType, plateType) := true
  pickupable(remoteControl_1) := true
  pickupable(sprayBottle_2) := true
  pickupable(soapBottle_3) := true
  pickupable(plate_4) := true
  isReceptacleObject(plate_4) := true
  cleanable(plate_4) := true
  heatable(plate_4) := true
  coolable(plate_4) := true
  pickupable(wineBottle_5) := true
  pickupable(wineBottle_6) := true
  pickupable(vase_7) := true
  pickupable(plate_8) := true
  isReceptacleObject(plate_8) := true
  cleanable(plate_8) := true
  heatable(plate_8) := true
  coolable(plate_8) := true
  pickupable(pepperShaker_9) := true
  pickupable(pot_10) := true
  isReceptacleObject(pot_10) := true
  cleanable(pot_10) := true
  coolable(pot_10) := true
  receptacleAtLocation(stoveBurner_1, location1) := true
  receptacleAtLocation(coffeeTable_2, location6) := true
  receptacleAtLocation(toaster_3, location2) := true
  receptacleAtLocation(bed_4, location7) := true
  receptacleAtLocation(drawer_5, location7) := true
  receptacleAtLocation(desk_6, location5) := true
  receptacleAtLocation(handTowelHolder_7, location4) := true
  receptacleAtLocation(coffeeTable_8, location3) := true
  receptacleAtLocation(shelf_9, location8) := true
  receptacleAtLocation(microwave_10, location9) := true
  inReceptacle(remoteControl_1, desk_6) := true
  inReceptacle(sprayBottle_2, shelf_9) := true
  inReceptacle(soapBottle_3, shelf_9) := true
  inReceptacle(plate_4, coffeeTable_2) := true
  inReceptacle(wineBottle_5, shelf_9) := true
  inReceptacle(wineBottle_6, desk_6) := true
  inReceptacle(plate_8, desk_6) := true
  objectAtLocation(remoteControl_1, location5) := true
  objectAtLocation(sprayBottle_2, location8) := true
  objectAtLocation(soapBottle_3, location8) := true
  objectAtLocation(plate_4, location6) := true
  objectAtLocation(wineBottle_5, location8) := true
  objectAtLocation(wineBottle_6, location5) := true
  objectAtLocation(vase_7, location2) := true
  objectAtLocation(plate_8, location5) := true
  objectAtLocation(pepperShaker_9, location4) := true
  objectAtLocation(pot_10, location2) := true
  atLocation(agent1, location7) := true
]

goals = [
  Exists (Receptacle - Checkable r) Exists (Obj - Checkable o) (inReceptacle(o, r) and objectType(o, remoteControlType) and receptacleType(r, coffeeTableType))
]

quality metrics = [
  minimize sequential-plan-length
]


2025-06-17 10:23:24,419 - INFO - Generating plan for unconstrained problem

2025-06-17 10:23:24,847 - INFO - Unconstrained plan generation time: 0.4279625415802002

2025-06-17 10:23:24,847 - INFO - Unconstrained plan and cost: 
2025-06-17 10:23:24,847 - INFO - SequentialPlan:
    goToLocation(agent1, location7, location5)
    pickupObject(agent1, location5, remoteControl_1, desk_6)
    goToLocation(agent1, location5, location3)
    putObject(agent1, location3, remoteControl_1, coffeeTable_8, remoteControlType, coffeeTableType)
2025-06-17 10:23:24,847 - INFO - 4
2025-06-17 10:23:25,156 - INFO - Sampled constraints:

2025-06-17 10:23:25,156 - INFO - Sometime(checked(plate_4))
2025-06-17 10:23:25,156 - INFO - 
2025-06-17 10:23:25,156 - INFO - Generation time: 0.308091402053833

2025-06-17 10:23:25,168 - INFO - Generating plan for constrained problem (with LiftedTCORE).

2025-06-17 10:23:25,204 - INFO - LiftedTCORE compilation time: 0.03580927848815918

2025-06-17 10:23:25,678 - INFO - Planning Time with LiftedTCORE's file: 0.4674665927886963

2025-06-17 10:23:25,679 - INFO - Plan found with LiftedTCORE + sym_bd: SequentialPlan:
    goToLocation(agent1, location7, location5)
    pickupObject(agent1, location5, remoteControl_1, desk_6)
    goToLocation(agent1, location5, location6)
    examineObject(agent1, plate_4)
    putObject(agent1, location6, remoteControl_1, coffeeTable_2, remoteControlType, coffeeTableType)
2025-06-17 10:23:25,679 - INFO - Seed: 885 is solvable

2025-06-17 10:23:25,679 - INFO - Unconstrained cost: 4
2025-06-17 10:23:25,679 - INFO - Constrained cost: 5
2025-06-17 10:23:25,679 - INFO - Seed: 885 Plan simulation is feasible
2025-06-17 10:23:25,679 - INFO - 
Seed: 885 
 Plan: [goToLocation(agent1, location7, location5), pickupObject(agent1, location5, remoteControl_1, desk_6), goToLocation(agent1, location5, location6), examineObject(agent1, plate_4), putObject(agent1, location6, remoteControl_1, coffeeTable_2, remoteControlType, coffeeTableType)]  
 Cost: 5

