2025-06-17 09:53:49,246 - INFO - 
================= Seed: 301 =================

2025-06-17 09:53:49,259 - INFO - problem name = alfred

types = [ReceptacleType, ObjectType, Checkable, Agent - Checkable, Location - Checkable, Receptacle - Checkable, Obj - Checkable]

fluents = [
  bool atLocation[a=Agent - Checkable, l=Location - Checkable]
  bool receptacleAtLocation[r=Receptacle - Checkable, l=Location - Checkable]
  bool objectAtLocation[o=Obj - Checkable, l=Location - Checkable]
  bool openable[r=Receptacle - Checkable]
  bool opened[r=Receptacle - Checkable]
  bool inReceptacle[o=Obj - Checkable, r=Receptacle - Checkable]
  bool isReceptacleObject[o=Obj - Checkable]
  bool inReceptacleObject[innerObject=Obj - Checkable, outObject=Obj - Checkable]
  bool isReceptacleObjectFull[o=Obj - Checkable]
  bool wasInReceptacle[o=Obj - Checkable, r=Receptacle - Checkable]
  bool checked[c=Checkable]
  bool examined[l=Location - Checkable]
  bool receptacleType[r=Receptacle - Checkable, rt=ReceptacleType]
  bool canContain[rt=ReceptacleType, ot=ObjectType]
  bool objectType[o=Obj - Checkable, t=ObjectType]
  bool holds[a=Agent - Checkable, o=Obj - Checkable]
  bool holdsAny[a=Agent - Checkable]
  bool holdsAnyReceptacleObject[a=Agent - Checkable]
  bool full[r=Receptacle - Checkable]
  bool isClean[o=Obj - Checkable]
  bool cleanable[o=Obj - Checkable]
  bool isHot[o=Obj - Checkable]
  bool heatable[o=Obj - Checkable]
  bool isCool[o=Obj - Checkable]
  bool coolable[o=Obj - Checkable]
  bool pickupable[o=Obj - Checkable]
  bool moveable[o=Obj - Checkable]
  bool toggleable[o=Obj - Checkable]
  bool isOn[o=Obj - Checkable]
  bool isToggled[o=Obj - Checkable]
  bool sliceable[o=Obj - Checkable]
  bool isSliced[o=Obj - Checkable]
]

actions = [
  action look(Agent - Checkable a, Location - Checkable l) {
    preconditions = [
      atLocation(a, l)
    ]
    effects = [
      checked(l) := true
    ]
  }
  action inventory(Agent - Checkable a) {
    preconditions = [
    ]
    effects = [
      checked(a) := true
    ]
  }
  action examineReceptacle(Agent - Checkable a, Receptacle - Checkable r) {
    preconditions = [
      Exists (Location - Checkable l) (atLocation(a, l) and receptacleAtLocation(r, l))
    ]
    effects = [
      checked(r) := true
    ]
  }
  action examineObject(Agent - Checkable a, Obj - Checkable o) {
    preconditions = [
      (Exists (Location - Checkable l) Exists (Receptacle - Checkable r) (atLocation(a, l) and receptacleAtLocation(r, l) and inReceptacle(o, r) and ((not openable(r)) or opened(r))) or holds(a, o))
    ]
    effects = [
      checked(o) := true
    ]
  }
  action goToLocation(Agent - Checkable a, Location - Checkable lstart, Location - Checkable lend) {
    preconditions = [
      atLocation(a, lstart)
    ]
    effects = [
      atLocation(a, lstart) := false
      atLocation(a, lend) := true
    ]
  }
  action openObject(Agent - Checkable a, Location - Checkable l, Receptacle - Checkable r) {
    preconditions = [
      (openable(r) and atLocation(a, l) and receptacleAtLocation(r, l) and (not opened(r)))
    ]
    effects = [
      opened(r) := true
      checked(r) := true
    ]
  }
  action closeObject(Agent - Checkable a, Location - Checkable l, Receptacle - Checkable r) {
    preconditions = [
      (openable(r) and atLocation(a, l) and receptacleAtLocation(r, l) and opened(r))
    ]
    effects = [
      opened(r) := false
    ]
  }
  action pickupObject(Agent - Checkable a, Location - Checkable l, Obj - Checkable o, Receptacle - Checkable r) {
    preconditions = [
      (pickupable(o) and atLocation(a, l) and receptacleAtLocation(r, l) and inReceptacle(o, r) and (not holdsAny(a)) and ((not openable(r)) or opened(r)))
    ]
    effects = [
      inReceptacle(o, r) := false
      holds(a, o) := true
      holdsAny(a) := true
      objectAtLocation(o, l) := false
    ]
  }
  action putObject(Agent - Checkable a, Location - Checkable l, Obj - Checkable o, Receptacle - Checkable r, ObjectType ot, ReceptacleType rt) {
    preconditions = [
      (holds(a, o) and atLocation(a, l) and receptacleAtLocation(r, l) and ((not openable(r)) or opened(r)) and objectType(o, ot) and receptacleType(r, rt) and canContain(rt, ot))
    ]
    effects = [
      inReceptacle(o, r) := true
      objectAtLocation(o, l) := true
      holds(a, o) := false
      holdsAny(a) := false
    ]
  }
  action cleanObject(Agent - Checkable a, Location - Checkable l, Receptacle - Checkable r, Obj - Checkable o) {
    preconditions = [
      (cleanable(o) and receptacleType(r, sinkBasinType) and atLocation(a, l) and receptacleAtLocation(r, l) and holds(a, o))
    ]
    effects = [
      isClean(o) := true
    ]
  }
  action heatObject(Agent - Checkable a, Location - Checkable l, Receptacle - Checkable r, Obj - Checkable o) {
    preconditions = [
      (heatable(o) and receptacleType(r, microwaveType) and atLocation(a, l) and receptacleAtLocation(r, l) and holds(a, o))
    ]
    effects = [
      isHot(o) := true
      isCool(o) := false
    ]
  }
  action coolObject(Agent - Checkable a, Location - Checkable l, Receptacle - Checkable r, Obj - Checkable o) {
    preconditions = [
      (coolable(o) and receptacleType(r, fridgeType) and atLocation(a, l) and receptacleAtLocation(r, l) and holds(a, o))
    ]
    effects = [
      isCool(o) := true
      isHot(o) := false
    ]
  }
  action toggleObject(Agent - Checkable a, Location - Checkable l, Obj - Checkable o, Receptacle - Checkable r) {
    preconditions = [
      (toggleable(o) and atLocation(a, l) and receptacleAtLocation(r, l) and inReceptacle(o, r))
    ]
    effects = [
      if isOn(o) then isOn(o) := false
      if (not isOn(o)) then isOn(o) := true
      isToggled(o) := true
    ]
  }
  action sliceObject(Agent - Checkable a, Location - Checkable l, Obj - Checkable co, Obj - Checkable ko) {
    preconditions = [
      (sliceable(co) and (objectType(ko, knifeType) or objectType(ko, butterKnifeType)) and atLocation(a, l) and objectAtLocation(co, l) and holds(a, ko))
    ]
    effects = [
      isSliced(co) := true
    ]
  }
  action help(Agent - Checkable a) {
    preconditions = [
    ]
    effects = [
      checked(a) := true
    ]
  }
]

objects = [
  ReceptacleType: [sinkBasinType, microwaveType, fridgeType, diningTableType, toiletType, deskType, toasterType, toiletPaperHangerType, safeType, sideTableType, sofaType]
  ObjectType: [knifeType, butterKnifeType, wineBottleType, breadType, boxType, lettuceType, tomatoType, creditCardType, ladleType, laptopType]
  Checkable: [agent1, location1, location2, location3, location4, location5, location6, location7, location8, location9, location10, diningTable_1, toilet_2, desk_3, toaster_4, toiletPaperHanger_5, safe_6, sideTable_7, toilet_8, fridge_9, sofa_10, wineBottle_1, bread_2, box_3, lettuce_4, tomato_5, creditCard_6, ladle_7, knife_8, laptop_9, box_10]
  Agent - Checkable: [agent1]
  Location - Checkable: [location1, location2, location3, location4, location5, location6, location7, location8, location9, location10]
  Receptacle - Checkable: [diningTable_1, toilet_2, desk_3, toaster_4, toiletPaperHanger_5, safe_6, sideTable_7, toilet_8, fridge_9, sofa_10]
  Obj - Checkable: [wineBottle_1, bread_2, box_3, lettuce_4, tomato_5, creditCard_6, ladle_7, knife_8, laptop_9, box_10]
]

initial fluents default = [
  bool atLocation[a=Agent - Checkable, l=Location - Checkable] := false
  bool receptacleAtLocation[r=Receptacle - Checkable, l=Location - Checkable] := false
  bool objectAtLocation[o=Obj - Checkable, l=Location - Checkable] := false
  bool openable[r=Receptacle - Checkable] := false
  bool opened[r=Receptacle - Checkable] := false
  bool inReceptacle[o=Obj - Checkable, r=Receptacle - Checkable] := false
  bool isReceptacleObject[o=Obj - Checkable] := false
  bool inReceptacleObject[innerObject=Obj - Checkable, outObject=Obj - Checkable] := false
  bool isReceptacleObjectFull[o=Obj - Checkable] := false
  bool wasInReceptacle[o=Obj - Checkable, r=Receptacle - Checkable] := false
  bool checked[c=Checkable] := false
  bool examined[l=Location - Checkable] := false
  bool receptacleType[r=Receptacle - Checkable, rt=ReceptacleType] := false
  bool canContain[rt=ReceptacleType, ot=ObjectType] := false
  bool objectType[o=Obj - Checkable, t=ObjectType] := false
  bool holds[a=Agent - Checkable, o=Obj - Checkable] := false
  bool holdsAny[a=Agent - Checkable] := false
  bool holdsAnyReceptacleObject[a=Agent - Checkable] := false
  bool full[r=Receptacle - Checkable] := false
  bool isClean[o=Obj - Checkable] := false
  bool cleanable[o=Obj - Checkable] := false
  bool isHot[o=Obj - Checkable] := false
  bool heatable[o=Obj - Checkable] := false
  bool isCool[o=Obj - Checkable] := false
  bool coolable[o=Obj - Checkable] := false
  bool pickupable[o=Obj - Checkable] := false
  bool moveable[o=Obj - Checkable] := false
  bool toggleable[o=Obj - Checkable] := false
  bool isOn[o=Obj - Checkable] := false
  bool isToggled[o=Obj - Checkable] := false
  bool sliceable[o=Obj - Checkable] := false
  bool isSliced[o=Obj - Checkable] := false
]

initial values = [
  receptacleType(diningTable_1, diningTableType) := true
  receptacleType(toilet_2, toiletType) := true
  receptacleType(desk_3, deskType) := true
  receptacleType(toaster_4, toasterType) := true
  receptacleType(toiletPaperHanger_5, toiletPaperHangerType) := true
  receptacleType(safe_6, safeType) := true
  receptacleType(sideTable_7, sideTableType) := true
  receptacleType(toilet_8, toiletType) := true
  receptacleType(fridge_9, fridgeType) := true
  receptacleType(sofa_10, sofaType) := true
  objectType(wineBottle_1, wineBottleType) := true
  objectType(bread_2, breadType) := true
  objectType(box_3, boxType) := true
  objectType(lettuce_4, lettuceType) := true
  objectType(tomato_5, tomatoType) := true
  objectType(creditCard_6, creditCardType) := true
  objectType(ladle_7, ladleType) := true
  objectType(knife_8, knifeType) := true
  objectType(laptop_9, laptopType) := true
  objectType(box_10, boxType) := true
  canContain(diningTableType, wineBottleType) := true
  canContain(diningTableType, breadType) := true
  canContain(diningTableType, boxType) := true
  canContain(diningTableType, lettuceType) := true
  canContain(diningTableType, tomatoType) := true
  canContain(diningTableType, creditCardType) := true
  canContain(diningTableType, ladleType) := true
  canContain(diningTableType, knifeType) := true
  canContain(diningTableType, laptopType) := true
  canContain(deskType, wineBottleType) := true
  canContain(deskType, boxType) := true
  canContain(deskType, creditCardType) := true
  canContain(deskType, laptopType) := true
  canContain(safeType, creditCardType) := true
  canContain(sideTableType, wineBottleType) := true
  canContain(sideTableType, breadType) := true
  canContain(sideTableType, boxType) := true
  canContain(sideTableType, lettuceType) := true
  canContain(sideTableType, tomatoType) := true
  canContain(sideTableType, creditCardType) := true
  canContain(sideTableType, ladleType) := true
  canContain(sideTableType, knifeType) := true
  canContain(sideTableType, laptopType) := true
  canContain(fridgeType, wineBottleType) := true
  canContain(fridgeType, breadType) := true
  canContain(fridgeType, lettuceType) := true
  canContain(fridgeType, tomatoType) := true
  canContain(sofaType, boxType) := true
  canContain(sofaType, creditCardType) := true
  canContain(sofaType, laptopType) := true
  pickupable(wineBottle_1) := true
  pickupable(bread_2) := true
  heatable(bread_2) := true
  coolable(bread_2) := true
  sliceable(bread_2) := true
  pickupable(box_3) := true
  isReceptacleObject(box_3) := true
  pickupable(lettuce_4) := true
  cleanable(lettuce_4) := true
  coolable(lettuce_4) := true
  sliceable(lettuce_4) := true
  pickupable(tomato_5) := true
  cleanable(tomato_5) := true
  heatable(tomato_5) := true
  coolable(tomato_5) := true
  sliceable(tomato_5) := true
  pickupable(creditCard_6) := true
  pickupable(ladle_7) := true
  cleanable(ladle_7) := true
  pickupable(knife_8) := true
  cleanable(knife_8) := true
  pickupable(laptop_9) := true
  pickupable(box_10) := true
  isReceptacleObject(box_10) := true
  receptacleAtLocation(diningTable_1, location10) := true
  receptacleAtLocation(toilet_2, location8) := true
  receptacleAtLocation(desk_3, location1) := true
  receptacleAtLocation(toaster_4, location1) := true
  receptacleAtLocation(toiletPaperHanger_5, location2) := true
  receptacleAtLocation(safe_6, location8) := true
  receptacleAtLocation(sideTable_7, location5) := true
  receptacleAtLocation(toilet_8, location4) := true
  receptacleAtLocation(fridge_9, location6) := true
  receptacleAtLocation(sofa_10, location3) := true
  inReceptacle(box_3, sofa_10) := true
  inReceptacle(lettuce_4, diningTable_1) := true
  inReceptacle(creditCard_6, safe_6) := true
  inReceptacle(ladle_7, diningTable_1) := true
  inReceptacle(box_10, desk_3) := true
  objectAtLocation(wineBottle_1, location7) := true
  objectAtLocation(bread_2, location2) := true
  objectAtLocation(box_3, location3) := true
  objectAtLocation(lettuce_4, location10) := true
  objectAtLocation(tomato_5, location1) := true
  objectAtLocation(creditCard_6, location8) := true
  objectAtLocation(ladle_7, location10) := true
  objectAtLocation(knife_8, location8) := true
  objectAtLocation(laptop_9, location5) := true
  objectAtLocation(box_10, location1) := true
  atLocation(agent1, location7) := true
]

goals = [
  Exists (Receptacle - Checkable r) Exists (Obj - Checkable o) (inReceptacle(o, r) and objectType(o, lettuceType) and receptacleType(r, diningTableType))
]

quality metrics = [
  minimize sequential-plan-length
]


2025-06-17 09:53:49,263 - INFO - Generating plan for unconstrained problem

2025-06-17 09:53:49,683 - INFO - Unconstrained plan generation time: 0.42002129554748535

2025-06-17 09:53:49,683 - INFO - Unconstrained plan and cost: 
2025-06-17 09:53:49,683 - INFO - SequentialPlan:
2025-06-17 09:53:49,683 - INFO - 0
2025-06-17 09:53:51,015 - INFO - Sampled constraints:

2025-06-17 09:53:51,015 - INFO - Sometime(atLocation(agent1, location2))
2025-06-17 09:53:51,015 - INFO - 
2025-06-17 09:53:51,015 - INFO - Generation time: 1.33119797706604

2025-06-17 09:53:51,022 - INFO - Generating plan for constrained problem (with LiftedTCORE).

2025-06-17 09:53:51,059 - INFO - LiftedTCORE compilation time: 0.03602123260498047

2025-06-17 09:53:51,452 - INFO - Planning Time with LiftedTCORE's file: 0.3861081600189209

2025-06-17 09:53:51,452 - INFO - Plan found with LiftedTCORE + sym_bd: SequentialPlan:
    goToLocation(agent1, location7, location2)
2025-06-17 09:53:51,452 - INFO - Seed: 301 is solvable

2025-06-17 09:53:51,452 - INFO - Unconstrained cost: 0
2025-06-17 09:53:51,452 - INFO - Constrained cost: 1
2025-06-17 09:53:51,452 - INFO - Seed: 301 Plan simulation is feasible
2025-06-17 09:53:51,452 - INFO - 
Seed: 301 
 Plan: [goToLocation(agent1, location7, location2)]  
 Cost: 1

