2025-06-17 10:21:36,371 - INFO - 
================= Seed: 716 =================

2025-06-17 10:21:36,376 - INFO - problem name = alfred

types = [ReceptacleType, ObjectType, Checkable, Agent - Checkable, Location - Checkable, Receptacle - Checkable, Obj - Checkable]

fluents = [
  bool atLocation[a=Agent - Checkable, l=Location - Checkable]
  bool receptacleAtLocation[r=Receptacle - Checkable, l=Location - Checkable]
  bool objectAtLocation[o=Obj - Checkable, l=Location - Checkable]
  bool openable[r=Receptacle - Checkable]
  bool opened[r=Receptacle - Checkable]
  bool inReceptacle[o=Obj - Checkable, r=Receptacle - Checkable]
  bool isReceptacleObject[o=Obj - Checkable]
  bool inReceptacleObject[innerObject=Obj - Checkable, outObject=Obj - Checkable]
  bool isReceptacleObjectFull[o=Obj - Checkable]
  bool wasInReceptacle[o=Obj - Checkable, r=Receptacle - Checkable]
  bool checked[c=Checkable]
  bool examined[l=Location - Checkable]
  bool receptacleType[r=Receptacle - Checkable, rt=ReceptacleType]
  bool canContain[rt=ReceptacleType, ot=ObjectType]
  bool objectType[o=Obj - Checkable, t=ObjectType]
  bool holds[a=Agent - Checkable, o=Obj - Checkable]
  bool holdsAny[a=Agent - Checkable]
  bool holdsAnyReceptacleObject[a=Agent - Checkable]
  bool full[r=Receptacle - Checkable]
  bool isClean[o=Obj - Checkable]
  bool cleanable[o=Obj - Checkable]
  bool isHot[o=Obj - Checkable]
  bool heatable[o=Obj - Checkable]
  bool isCool[o=Obj - Checkable]
  bool coolable[o=Obj - Checkable]
  bool pickupable[o=Obj - Checkable]
  bool moveable[o=Obj - Checkable]
  bool toggleable[o=Obj - Checkable]
  bool isOn[o=Obj - Checkable]
  bool isToggled[o=Obj - Checkable]
  bool sliceable[o=Obj - Checkable]
  bool isSliced[o=Obj - Checkable]
]

actions = [
  action look(Agent - Checkable a, Location - Checkable l) {
    preconditions = [
      atLocation(a, l)
    ]
    effects = [
      checked(l) := true
    ]
  }
  action inventory(Agent - Checkable a) {
    preconditions = [
    ]
    effects = [
      checked(a) := true
    ]
  }
  action examineReceptacle(Agent - Checkable a, Receptacle - Checkable r) {
    preconditions = [
      Exists (Location - Checkable l) (atLocation(a, l) and receptacleAtLocation(r, l))
    ]
    effects = [
      checked(r) := true
    ]
  }
  action examineObject(Agent - Checkable a, Obj - Checkable o) {
    preconditions = [
      (Exists (Location - Checkable l) Exists (Receptacle - Checkable r) (atLocation(a, l) and receptacleAtLocation(r, l) and inReceptacle(o, r) and ((not openable(r)) or opened(r))) or holds(a, o))
    ]
    effects = [
      checked(o) := true
    ]
  }
  action goToLocation(Agent - Checkable a, Location - Checkable lstart, Location - Checkable lend) {
    preconditions = [
      atLocation(a, lstart)
    ]
    effects = [
      atLocation(a, lstart) := false
      atLocation(a, lend) := true
    ]
  }
  action openObject(Agent - Checkable a, Location - Checkable l, Receptacle - Checkable r) {
    preconditions = [
      (openable(r) and atLocation(a, l) and receptacleAtLocation(r, l) and (not opened(r)))
    ]
    effects = [
      opened(r) := true
      checked(r) := true
    ]
  }
  action closeObject(Agent - Checkable a, Location - Checkable l, Receptacle - Checkable r) {
    preconditions = [
      (openable(r) and atLocation(a, l) and receptacleAtLocation(r, l) and opened(r))
    ]
    effects = [
      opened(r) := false
    ]
  }
  action pickupObject(Agent - Checkable a, Location - Checkable l, Obj - Checkable o, Receptacle - Checkable r) {
    preconditions = [
      (pickupable(o) and atLocation(a, l) and receptacleAtLocation(r, l) and inReceptacle(o, r) and (not holdsAny(a)) and ((not openable(r)) or opened(r)))
    ]
    effects = [
      inReceptacle(o, r) := false
      holds(a, o) := true
      holdsAny(a) := true
      objectAtLocation(o, l) := false
    ]
  }
  action putObject(Agent - Checkable a, Location - Checkable l, Obj - Checkable o, Receptacle - Checkable r, ObjectType ot, ReceptacleType rt) {
    preconditions = [
      (holds(a, o) and atLocation(a, l) and receptacleAtLocation(r, l) and ((not openable(r)) or opened(r)) and objectType(o, ot) and receptacleType(r, rt) and canContain(rt, ot))
    ]
    effects = [
      inReceptacle(o, r) := true
      objectAtLocation(o, l) := true
      holds(a, o) := false
      holdsAny(a) := false
    ]
  }
  action cleanObject(Agent - Checkable a, Location - Checkable l, Receptacle - Checkable r, Obj - Checkable o) {
    preconditions = [
      (cleanable(o) and receptacleType(r, sinkBasinType) and atLocation(a, l) and receptacleAtLocation(r, l) and holds(a, o))
    ]
    effects = [
      isClean(o) := true
    ]
  }
  action heatObject(Agent - Checkable a, Location - Checkable l, Receptacle - Checkable r, Obj - Checkable o) {
    preconditions = [
      (heatable(o) and receptacleType(r, microwaveType) and atLocation(a, l) and receptacleAtLocation(r, l) and holds(a, o))
    ]
    effects = [
      isHot(o) := true
      isCool(o) := false
    ]
  }
  action coolObject(Agent - Checkable a, Location - Checkable l, Receptacle - Checkable r, Obj - Checkable o) {
    preconditions = [
      (coolable(o) and receptacleType(r, fridgeType) and atLocation(a, l) and receptacleAtLocation(r, l) and holds(a, o))
    ]
    effects = [
      isCool(o) := true
      isHot(o) := false
    ]
  }
  action toggleObject(Agent - Checkable a, Location - Checkable l, Obj - Checkable o, Receptacle - Checkable r) {
    preconditions = [
      (toggleable(o) and atLocation(a, l) and receptacleAtLocation(r, l) and inReceptacle(o, r))
    ]
    effects = [
      if isOn(o) then isOn(o) := false
      if (not isOn(o)) then isOn(o) := true
      isToggled(o) := true
    ]
  }
  action sliceObject(Agent - Checkable a, Location - Checkable l, Obj - Checkable co, Obj - Checkable ko) {
    preconditions = [
      (sliceable(co) and (objectType(ko, knifeType) or objectType(ko, butterKnifeType)) and atLocation(a, l) and objectAtLocation(co, l) and holds(a, ko))
    ]
    effects = [
      isSliced(co) := true
    ]
  }
  action help(Agent - Checkable a) {
    preconditions = [
    ]
    effects = [
      checked(a) := true
    ]
  }
]

objects = [
  ReceptacleType: [sinkBasinType, microwaveType, fridgeType, coffeeMachineType, sideTableType, dresserType, deskType, cabinetType, tvStandType, toasterType, sofaType]
  ObjectType: [knifeType, butterKnifeType, tennisRacketType, potatoType, kettleType, pillowType, keyChainType, baseballBatType, saltShakerType, cupType, ladleType, mugType]
  Checkable: [agent1, location1, location2, location3, location4, location5, location6, location7, location8, location9, location10, coffeeMachine_1, sideTable_2, dresser_3, desk_4, fridge_5, cabinet_6, tvStand_7, sinkBasin_8, toaster_9, sofa_10, tennisRacket_1, potato_2, kettle_3, pillow_4, keyChain_5, baseballBat_6, saltShaker_7, cup_8, ladle_9, mug_10]
  Agent - Checkable: [agent1]
  Location - Checkable: [location1, location2, location3, location4, location5, location6, location7, location8, location9, location10]
  Receptacle - Checkable: [coffeeMachine_1, sideTable_2, dresser_3, desk_4, fridge_5, cabinet_6, tvStand_7, sinkBasin_8, toaster_9, sofa_10]
  Obj - Checkable: [tennisRacket_1, potato_2, kettle_3, pillow_4, keyChain_5, baseballBat_6, saltShaker_7, cup_8, ladle_9, mug_10]
]

initial fluents default = [
  bool atLocation[a=Agent - Checkable, l=Location - Checkable] := false
  bool receptacleAtLocation[r=Receptacle - Checkable, l=Location - Checkable] := false
  bool objectAtLocation[o=Obj - Checkable, l=Location - Checkable] := false
  bool openable[r=Receptacle - Checkable] := false
  bool opened[r=Receptacle - Checkable] := false
  bool inReceptacle[o=Obj - Checkable, r=Receptacle - Checkable] := false
  bool isReceptacleObject[o=Obj - Checkable] := false
  bool inReceptacleObject[innerObject=Obj - Checkable, outObject=Obj - Checkable] := false
  bool isReceptacleObjectFull[o=Obj - Checkable] := false
  bool wasInReceptacle[o=Obj - Checkable, r=Receptacle - Checkable] := false
  bool checked[c=Checkable] := false
  bool examined[l=Location - Checkable] := false
  bool receptacleType[r=Receptacle - Checkable, rt=ReceptacleType] := false
  bool canContain[rt=ReceptacleType, ot=ObjectType] := false
  bool objectType[o=Obj - Checkable, t=ObjectType] := false
  bool holds[a=Agent - Checkable, o=Obj - Checkable] := false
  bool holdsAny[a=Agent - Checkable] := false
  bool holdsAnyReceptacleObject[a=Agent - Checkable] := false
  bool full[r=Receptacle - Checkable] := false
  bool isClean[o=Obj - Checkable] := false
  bool cleanable[o=Obj - Checkable] := false
  bool isHot[o=Obj - Checkable] := false
  bool heatable[o=Obj - Checkable] := false
  bool isCool[o=Obj - Checkable] := false
  bool coolable[o=Obj - Checkable] := false
  bool pickupable[o=Obj - Checkable] := false
  bool moveable[o=Obj - Checkable] := false
  bool toggleable[o=Obj - Checkable] := false
  bool isOn[o=Obj - Checkable] := false
  bool isToggled[o=Obj - Checkable] := false
  bool sliceable[o=Obj - Checkable] := false
  bool isSliced[o=Obj - Checkable] := false
]

initial values = [
  receptacleType(coffeeMachine_1, coffeeMachineType) := true
  receptacleType(sideTable_2, sideTableType) := true
  receptacleType(dresser_3, dresserType) := true
  receptacleType(desk_4, deskType) := true
  receptacleType(fridge_5, fridgeType) := true
  receptacleType(cabinet_6, cabinetType) := true
  receptacleType(tvStand_7, tvStandType) := true
  receptacleType(sinkBasin_8, sinkBasinType) := true
  receptacleType(toaster_9, toasterType) := true
  receptacleType(sofa_10, sofaType) := true
  objectType(tennisRacket_1, tennisRacketType) := true
  objectType(potato_2, potatoType) := true
  objectType(kettle_3, kettleType) := true
  objectType(pillow_4, pillowType) := true
  objectType(keyChain_5, keyChainType) := true
  objectType(baseballBat_6, baseballBatType) := true
  objectType(saltShaker_7, saltShakerType) := true
  objectType(cup_8, cupType) := true
  objectType(ladle_9, ladleType) := true
  objectType(mug_10, mugType) := true
  canContain(coffeeMachineType, mugType) := true
  canContain(sideTableType, tennisRacketType) := true
  canContain(sideTableType, potatoType) := true
  canContain(sideTableType, kettleType) := true
  canContain(sideTableType, keyChainType) := true
  canContain(sideTableType, baseballBatType) := true
  canContain(sideTableType, saltShakerType) := true
  canContain(sideTableType, cupType) := true
  canContain(sideTableType, ladleType) := true
  canContain(sideTableType, mugType) := true
  canContain(dresserType, tennisRacketType) := true
  canContain(dresserType, keyChainType) := true
  canContain(dresserType, cupType) := true
  canContain(dresserType, mugType) := true
  canContain(deskType, tennisRacketType) := true
  canContain(deskType, keyChainType) := true
  canContain(deskType, cupType) := true
  canContain(deskType, mugType) := true
  canContain(fridgeType, potatoType) := true
  canContain(fridgeType, cupType) := true
  canContain(fridgeType, mugType) := true
  canContain(cabinetType, kettleType) := true
  canContain(cabinetType, saltShakerType) := true
  canContain(cabinetType, cupType) := true
  canContain(cabinetType, ladleType) := true
  canContain(cabinetType, mugType) := true
  canContain(sinkBasinType, potatoType) := true
  canContain(sinkBasinType, kettleType) := true
  canContain(sinkBasinType, cupType) := true
  canContain(sinkBasinType, ladleType) := true
  canContain(sinkBasinType, mugType) := true
  canContain(sofaType, pillowType) := true
  canContain(sofaType, keyChainType) := true
  pickupable(tennisRacket_1) := true
  pickupable(potato_2) := true
  cleanable(potato_2) := true
  heatable(potato_2) := true
  coolable(potato_2) := true
  sliceable(potato_2) := true
  pickupable(kettle_3) := true
  cleanable(kettle_3) := true
  pickupable(pillow_4) := true
  pickupable(keyChain_5) := true
  pickupable(baseballBat_6) := true
  pickupable(saltShaker_7) := true
  pickupable(cup_8) := true
  isReceptacleObject(cup_8) := true
  cleanable(cup_8) := true
  heatable(cup_8) := true
  coolable(cup_8) := true
  pickupable(ladle_9) := true
  cleanable(ladle_9) := true
  pickupable(mug_10) := true
  isReceptacleObject(mug_10) := true
  cleanable(mug_10) := true
  heatable(mug_10) := true
  coolable(mug_10) := true
  receptacleAtLocation(coffeeMachine_1, location4) := true
  receptacleAtLocation(sideTable_2, location7) := true
  receptacleAtLocation(dresser_3, location4) := true
  receptacleAtLocation(desk_4, location10) := true
  receptacleAtLocation(fridge_5, location3) := true
  receptacleAtLocation(cabinet_6, location4) := true
  receptacleAtLocation(tvStand_7, location9) := true
  receptacleAtLocation(sinkBasin_8, location7) := true
  receptacleAtLocation(toaster_9, location6) := true
  receptacleAtLocation(sofa_10, location3) := true
  inReceptacle(potato_2, sideTable_2) := true
  inReceptacle(kettle_3, cabinet_6) := true
  objectAtLocation(tennisRacket_1, location9) := true
  objectAtLocation(potato_2, location7) := true
  objectAtLocation(kettle_3, location4) := true
  objectAtLocation(pillow_4, location5) := true
  objectAtLocation(keyChain_5, location3) := true
  objectAtLocation(baseballBat_6, location1) := true
  objectAtLocation(saltShaker_7, location8) := true
  objectAtLocation(cup_8, location5) := true
  objectAtLocation(ladle_9, location9) := true
  objectAtLocation(mug_10, location4) := true
  atLocation(agent1, location5) := true
]

goals = [
  Exists (Receptacle - Checkable r) Exists (Obj - Checkable o) (inReceptacle(o, r) and objectType(o, mugType) and receptacleType(r, dresserType))
]

quality metrics = [
  minimize sequential-plan-length
]


2025-06-17 10:21:36,377 - INFO - Generating plan for unconstrained problem

2025-06-17 10:21:36,687 - INFO - Unconstrained plan generation time: 0.30903172492980957

