2025-06-17 09:54:45,430 - INFO - 
================= Seed: 383 =================

2025-06-17 09:54:45,445 - INFO - problem name = alfred

types = [ReceptacleType, ObjectType, Checkable, Agent - Checkable, Location - Checkable, Receptacle - Checkable, Obj - Checkable]

fluents = [
  bool atLocation[a=Agent - Checkable, l=Location - Checkable]
  bool receptacleAtLocation[r=Receptacle - Checkable, l=Location - Checkable]
  bool objectAtLocation[o=Obj - Checkable, l=Location - Checkable]
  bool openable[r=Receptacle - Checkable]
  bool opened[r=Receptacle - Checkable]
  bool inReceptacle[o=Obj - Checkable, r=Receptacle - Checkable]
  bool isReceptacleObject[o=Obj - Checkable]
  bool inReceptacleObject[innerObject=Obj - Checkable, outObject=Obj - Checkable]
  bool isReceptacleObjectFull[o=Obj - Checkable]
  bool wasInReceptacle[o=Obj - Checkable, r=Receptacle - Checkable]
  bool checked[c=Checkable]
  bool examined[l=Location - Checkable]
  bool receptacleType[r=Receptacle - Checkable, rt=ReceptacleType]
  bool canContain[rt=ReceptacleType, ot=ObjectType]
  bool objectType[o=Obj - Checkable, t=ObjectType]
  bool holds[a=Agent - Checkable, o=Obj - Checkable]
  bool holdsAny[a=Agent - Checkable]
  bool holdsAnyReceptacleObject[a=Agent - Checkable]
  bool full[r=Receptacle - Checkable]
  bool isClean[o=Obj - Checkable]
  bool cleanable[o=Obj - Checkable]
  bool isHot[o=Obj - Checkable]
  bool heatable[o=Obj - Checkable]
  bool isCool[o=Obj - Checkable]
  bool coolable[o=Obj - Checkable]
  bool pickupable[o=Obj - Checkable]
  bool moveable[o=Obj - Checkable]
  bool toggleable[o=Obj - Checkable]
  bool isOn[o=Obj - Checkable]
  bool isToggled[o=Obj - Checkable]
  bool sliceable[o=Obj - Checkable]
  bool isSliced[o=Obj - Checkable]
]

actions = [
  action look(Agent - Checkable a, Location - Checkable l) {
    preconditions = [
      atLocation(a, l)
    ]
    effects = [
      checked(l) := true
    ]
  }
  action inventory(Agent - Checkable a) {
    preconditions = [
    ]
    effects = [
      checked(a) := true
    ]
  }
  action examineReceptacle(Agent - Checkable a, Receptacle - Checkable r) {
    preconditions = [
      Exists (Location - Checkable l) (atLocation(a, l) and receptacleAtLocation(r, l))
    ]
    effects = [
      checked(r) := true
    ]
  }
  action examineObject(Agent - Checkable a, Obj - Checkable o) {
    preconditions = [
      (Exists (Location - Checkable l) Exists (Receptacle - Checkable r) (atLocation(a, l) and receptacleAtLocation(r, l) and inReceptacle(o, r) and ((not openable(r)) or opened(r))) or holds(a, o))
    ]
    effects = [
      checked(o) := true
    ]
  }
  action goToLocation(Agent - Checkable a, Location - Checkable lstart, Location - Checkable lend) {
    preconditions = [
      atLocation(a, lstart)
    ]
    effects = [
      atLocation(a, lstart) := false
      atLocation(a, lend) := true
    ]
  }
  action openObject(Agent - Checkable a, Location - Checkable l, Receptacle - Checkable r) {
    preconditions = [
      (openable(r) and atLocation(a, l) and receptacleAtLocation(r, l) and (not opened(r)))
    ]
    effects = [
      opened(r) := true
      checked(r) := true
    ]
  }
  action closeObject(Agent - Checkable a, Location - Checkable l, Receptacle - Checkable r) {
    preconditions = [
      (openable(r) and atLocation(a, l) and receptacleAtLocation(r, l) and opened(r))
    ]
    effects = [
      opened(r) := false
    ]
  }
  action pickupObject(Agent - Checkable a, Location - Checkable l, Obj - Checkable o, Receptacle - Checkable r) {
    preconditions = [
      (pickupable(o) and atLocation(a, l) and receptacleAtLocation(r, l) and inReceptacle(o, r) and (not holdsAny(a)) and ((not openable(r)) or opened(r)))
    ]
    effects = [
      inReceptacle(o, r) := false
      holds(a, o) := true
      holdsAny(a) := true
      objectAtLocation(o, l) := false
    ]
  }
  action putObject(Agent - Checkable a, Location - Checkable l, Obj - Checkable o, Receptacle - Checkable r, ObjectType ot, ReceptacleType rt) {
    preconditions = [
      (holds(a, o) and atLocation(a, l) and receptacleAtLocation(r, l) and ((not openable(r)) or opened(r)) and objectType(o, ot) and receptacleType(r, rt) and canContain(rt, ot))
    ]
    effects = [
      inReceptacle(o, r) := true
      objectAtLocation(o, l) := true
      holds(a, o) := false
      holdsAny(a) := false
    ]
  }
  action cleanObject(Agent - Checkable a, Location - Checkable l, Receptacle - Checkable r, Obj - Checkable o) {
    preconditions = [
      (cleanable(o) and receptacleType(r, sinkBasinType) and atLocation(a, l) and receptacleAtLocation(r, l) and holds(a, o))
    ]
    effects = [
      isClean(o) := true
    ]
  }
  action heatObject(Agent - Checkable a, Location - Checkable l, Receptacle - Checkable r, Obj - Checkable o) {
    preconditions = [
      (heatable(o) and receptacleType(r, microwaveType) and atLocation(a, l) and receptacleAtLocation(r, l) and holds(a, o))
    ]
    effects = [
      isHot(o) := true
      isCool(o) := false
    ]
  }
  action coolObject(Agent - Checkable a, Location - Checkable l, Receptacle - Checkable r, Obj - Checkable o) {
    preconditions = [
      (coolable(o) and receptacleType(r, fridgeType) and atLocation(a, l) and receptacleAtLocation(r, l) and holds(a, o))
    ]
    effects = [
      isCool(o) := true
      isHot(o) := false
    ]
  }
  action toggleObject(Agent - Checkable a, Location - Checkable l, Obj - Checkable o, Receptacle - Checkable r) {
    preconditions = [
      (toggleable(o) and atLocation(a, l) and receptacleAtLocation(r, l) and inReceptacle(o, r))
    ]
    effects = [
      if isOn(o) then isOn(o) := false
      if (not isOn(o)) then isOn(o) := true
      isToggled(o) := true
    ]
  }
  action sliceObject(Agent - Checkable a, Location - Checkable l, Obj - Checkable co, Obj - Checkable ko) {
    preconditions = [
      (sliceable(co) and (objectType(ko, knifeType) or objectType(ko, butterKnifeType)) and atLocation(a, l) and objectAtLocation(co, l) and holds(a, ko))
    ]
    effects = [
      isSliced(co) := true
    ]
  }
  action help(Agent - Checkable a) {
    preconditions = [
    ]
    effects = [
      checked(a) := true
    ]
  }
]

objects = [
  ReceptacleType: [sinkBasinType, microwaveType, fridgeType, towelHolderType, cartType, diningTableType, cabinetType, toiletPaperHangerType, deskType, toiletType]
  ObjectType: [knifeType, butterKnifeType, forkType, basketBallType, eggType, statueType, mugType, toiletPaperType, spoonType, plateType]
  Checkable: [agent1, location1, location2, location3, location4, location5, location6, location7, location8, location9, location10, towelHolder_1, cart_2, towelHolder_3, diningTable_4, cabinet_5, fridge_6, toiletPaperHanger_7, sinkBasin_8, desk_9, toilet_10, fork_1, basketBall_2, egg_3, basketBall_4, statue_5, mug_6, toiletPaper_7, fork_8, spoon_9, plate_10]
  Agent - Checkable: [agent1]
  Location - Checkable: [location1, location2, location3, location4, location5, location6, location7, location8, location9, location10]
  Receptacle - Checkable: [towelHolder_1, cart_2, towelHolder_3, diningTable_4, cabinet_5, fridge_6, toiletPaperHanger_7, sinkBasin_8, desk_9, toilet_10]
  Obj - Checkable: [fork_1, basketBall_2, egg_3, basketBall_4, statue_5, mug_6, toiletPaper_7, fork_8, spoon_9, plate_10]
]

initial fluents default = [
  bool atLocation[a=Agent - Checkable, l=Location - Checkable] := false
  bool receptacleAtLocation[r=Receptacle - Checkable, l=Location - Checkable] := false
  bool objectAtLocation[o=Obj - Checkable, l=Location - Checkable] := false
  bool openable[r=Receptacle - Checkable] := false
  bool opened[r=Receptacle - Checkable] := false
  bool inReceptacle[o=Obj - Checkable, r=Receptacle - Checkable] := false
  bool isReceptacleObject[o=Obj - Checkable] := false
  bool inReceptacleObject[innerObject=Obj - Checkable, outObject=Obj - Checkable] := false
  bool isReceptacleObjectFull[o=Obj - Checkable] := false
  bool wasInReceptacle[o=Obj - Checkable, r=Receptacle - Checkable] := false
  bool checked[c=Checkable] := false
  bool examined[l=Location - Checkable] := false
  bool receptacleType[r=Receptacle - Checkable, rt=ReceptacleType] := false
  bool canContain[rt=ReceptacleType, ot=ObjectType] := false
  bool objectType[o=Obj - Checkable, t=ObjectType] := false
  bool holds[a=Agent - Checkable, o=Obj - Checkable] := false
  bool holdsAny[a=Agent - Checkable] := false
  bool holdsAnyReceptacleObject[a=Agent - Checkable] := false
  bool full[r=Receptacle - Checkable] := false
  bool isClean[o=Obj - Checkable] := false
  bool cleanable[o=Obj - Checkable] := false
  bool isHot[o=Obj - Checkable] := false
  bool heatable[o=Obj - Checkable] := false
  bool isCool[o=Obj - Checkable] := false
  bool coolable[o=Obj - Checkable] := false
  bool pickupable[o=Obj - Checkable] := false
  bool moveable[o=Obj - Checkable] := false
  bool toggleable[o=Obj - Checkable] := false
  bool isOn[o=Obj - Checkable] := false
  bool isToggled[o=Obj - Checkable] := false
  bool sliceable[o=Obj - Checkable] := false
  bool isSliced[o=Obj - Checkable] := false
]

initial values = [
  receptacleType(towelHolder_1, towelHolderType) := true
  receptacleType(cart_2, cartType) := true
  receptacleType(towelHolder_3, towelHolderType) := true
  receptacleType(diningTable_4, diningTableType) := true
  receptacleType(cabinet_5, cabinetType) := true
  receptacleType(fridge_6, fridgeType) := true
  receptacleType(toiletPaperHanger_7, toiletPaperHangerType) := true
  receptacleType(sinkBasin_8, sinkBasinType) := true
  receptacleType(desk_9, deskType) := true
  receptacleType(toilet_10, toiletType) := true
  objectType(fork_1, forkType) := true
  objectType(basketBall_2, basketBallType) := true
  objectType(egg_3, eggType) := true
  objectType(basketBall_4, basketBallType) := true
  objectType(statue_5, statueType) := true
  objectType(mug_6, mugType) := true
  objectType(toiletPaper_7, toiletPaperType) := true
  objectType(fork_8, forkType) := true
  objectType(spoon_9, spoonType) := true
  objectType(plate_10, plateType) := true
  canContain(cartType, statueType) := true
  canContain(cartType, mugType) := true
  canContain(cartType, toiletPaperType) := true
  canContain(diningTableType, forkType) := true
  canContain(diningTableType, basketBallType) := true
  canContain(diningTableType, eggType) := true
  canContain(diningTableType, statueType) := true
  canContain(diningTableType, mugType) := true
  canContain(diningTableType, toiletPaperType) := true
  canContain(diningTableType, spoonType) := true
  canContain(diningTableType, plateType) := true
  canContain(cabinetType, mugType) := true
  canContain(cabinetType, toiletPaperType) := true
  canContain(cabinetType, plateType) := true
  canContain(fridgeType, eggType) := true
  canContain(fridgeType, mugType) := true
  canContain(fridgeType, plateType) := true
  canContain(toiletPaperHangerType, toiletPaperType) := true
  canContain(sinkBasinType, forkType) := true
  canContain(sinkBasinType, eggType) := true
  canContain(sinkBasinType, mugType) := true
  canContain(sinkBasinType, spoonType) := true
  canContain(sinkBasinType, plateType) := true
  canContain(deskType, basketBallType) := true
  canContain(deskType, statueType) := true
  canContain(deskType, mugType) := true
  canContain(deskType, toiletPaperType) := true
  canContain(deskType, plateType) := true
  canContain(toiletType, toiletPaperType) := true
  pickupable(fork_1) := true
  cleanable(fork_1) := true
  pickupable(basketBall_2) := true
  pickupable(egg_3) := true
  cleanable(egg_3) := true
  heatable(egg_3) := true
  coolable(egg_3) := true
  sliceable(egg_3) := true
  pickupable(basketBall_4) := true
  pickupable(statue_5) := true
  pickupable(mug_6) := true
  isReceptacleObject(mug_6) := true
  cleanable(mug_6) := true
  heatable(mug_6) := true
  coolable(mug_6) := true
  pickupable(toiletPaper_7) := true
  pickupable(fork_8) := true
  cleanable(fork_8) := true
  pickupable(spoon_9) := true
  cleanable(spoon_9) := true
  pickupable(plate_10) := true
  isReceptacleObject(plate_10) := true
  cleanable(plate_10) := true
  heatable(plate_10) := true
  coolable(plate_10) := true
  receptacleAtLocation(towelHolder_1, location5) := true
  receptacleAtLocation(cart_2, location10) := true
  receptacleAtLocation(towelHolder_3, location8) := true
  receptacleAtLocation(diningTable_4, location6) := true
  receptacleAtLocation(cabinet_5, location7) := true
  receptacleAtLocation(fridge_6, location10) := true
  receptacleAtLocation(toiletPaperHanger_7, location10) := true
  receptacleAtLocation(sinkBasin_8, location6) := true
  receptacleAtLocation(desk_9, location8) := true
  receptacleAtLocation(toilet_10, location2) := true
  inReceptacle(mug_6, diningTable_4) := true
  inReceptacle(toiletPaper_7, diningTable_4) := true
  inReceptacle(plate_10, diningTable_4) := true
  objectAtLocation(fork_1, location5) := true
  objectAtLocation(basketBall_2, location1) := true
  objectAtLocation(egg_3, location1) := true
  objectAtLocation(basketBall_4, location2) := true
  objectAtLocation(statue_5, location6) := true
  objectAtLocation(mug_6, location6) := true
  objectAtLocation(toiletPaper_7, location6) := true
  objectAtLocation(fork_8, location8) := true
  objectAtLocation(spoon_9, location3) := true
  objectAtLocation(plate_10, location6) := true
  atLocation(agent1, location10) := true
]

goals = [
  Exists (Receptacle - Checkable r) Exists (Obj - Checkable o) (inReceptacle(o, r) and objectType(o, statueType) and receptacleType(r, cartType))
]

quality metrics = [
  minimize sequential-plan-length
]


2025-06-17 09:54:45,450 - INFO - Generating plan for unconstrained problem

2025-06-17 09:54:45,863 - INFO - Unconstrained plan generation time: 0.41295933723449707

