2025-06-17 10:21:55,048 - INFO - 
================= Seed: 746 =================

2025-06-17 10:21:55,053 - INFO - problem name = alfred

types = [ReceptacleType, ObjectType, Checkable, Agent - Checkable, Location - Checkable, Receptacle - Checkable, Obj - Checkable]

fluents = [
  bool atLocation[a=Agent - Checkable, l=Location - Checkable]
  bool receptacleAtLocation[r=Receptacle - Checkable, l=Location - Checkable]
  bool objectAtLocation[o=Obj - Checkable, l=Location - Checkable]
  bool openable[r=Receptacle - Checkable]
  bool opened[r=Receptacle - Checkable]
  bool inReceptacle[o=Obj - Checkable, r=Receptacle - Checkable]
  bool isReceptacleObject[o=Obj - Checkable]
  bool inReceptacleObject[innerObject=Obj - Checkable, outObject=Obj - Checkable]
  bool isReceptacleObjectFull[o=Obj - Checkable]
  bool wasInReceptacle[o=Obj - Checkable, r=Receptacle - Checkable]
  bool checked[c=Checkable]
  bool examined[l=Location - Checkable]
  bool receptacleType[r=Receptacle - Checkable, rt=ReceptacleType]
  bool canContain[rt=ReceptacleType, ot=ObjectType]
  bool objectType[o=Obj - Checkable, t=ObjectType]
  bool holds[a=Agent - Checkable, o=Obj - Checkable]
  bool holdsAny[a=Agent - Checkable]
  bool holdsAnyReceptacleObject[a=Agent - Checkable]
  bool full[r=Receptacle - Checkable]
  bool isClean[o=Obj - Checkable]
  bool cleanable[o=Obj - Checkable]
  bool isHot[o=Obj - Checkable]
  bool heatable[o=Obj - Checkable]
  bool isCool[o=Obj - Checkable]
  bool coolable[o=Obj - Checkable]
  bool pickupable[o=Obj - Checkable]
  bool moveable[o=Obj - Checkable]
  bool toggleable[o=Obj - Checkable]
  bool isOn[o=Obj - Checkable]
  bool isToggled[o=Obj - Checkable]
  bool sliceable[o=Obj - Checkable]
  bool isSliced[o=Obj - Checkable]
]

actions = [
  action look(Agent - Checkable a, Location - Checkable l) {
    preconditions = [
      atLocation(a, l)
    ]
    effects = [
      checked(l) := true
    ]
  }
  action inventory(Agent - Checkable a) {
    preconditions = [
    ]
    effects = [
      checked(a) := true
    ]
  }
  action examineReceptacle(Agent - Checkable a, Receptacle - Checkable r) {
    preconditions = [
      Exists (Location - Checkable l) (atLocation(a, l) and receptacleAtLocation(r, l))
    ]
    effects = [
      checked(r) := true
    ]
  }
  action examineObject(Agent - Checkable a, Obj - Checkable o) {
    preconditions = [
      (Exists (Location - Checkable l) Exists (Receptacle - Checkable r) (atLocation(a, l) and receptacleAtLocation(r, l) and inReceptacle(o, r) and ((not openable(r)) or opened(r))) or holds(a, o))
    ]
    effects = [
      checked(o) := true
    ]
  }
  action goToLocation(Agent - Checkable a, Location - Checkable lstart, Location - Checkable lend) {
    preconditions = [
      atLocation(a, lstart)
    ]
    effects = [
      atLocation(a, lstart) := false
      atLocation(a, lend) := true
    ]
  }
  action openObject(Agent - Checkable a, Location - Checkable l, Receptacle - Checkable r) {
    preconditions = [
      (openable(r) and atLocation(a, l) and receptacleAtLocation(r, l) and (not opened(r)))
    ]
    effects = [
      opened(r) := true
      checked(r) := true
    ]
  }
  action closeObject(Agent - Checkable a, Location - Checkable l, Receptacle - Checkable r) {
    preconditions = [
      (openable(r) and atLocation(a, l) and receptacleAtLocation(r, l) and opened(r))
    ]
    effects = [
      opened(r) := false
    ]
  }
  action pickupObject(Agent - Checkable a, Location - Checkable l, Obj - Checkable o, Receptacle - Checkable r) {
    preconditions = [
      (pickupable(o) and atLocation(a, l) and receptacleAtLocation(r, l) and inReceptacle(o, r) and (not holdsAny(a)) and ((not openable(r)) or opened(r)))
    ]
    effects = [
      inReceptacle(o, r) := false
      holds(a, o) := true
      holdsAny(a) := true
      objectAtLocation(o, l) := false
    ]
  }
  action putObject(Agent - Checkable a, Location - Checkable l, Obj - Checkable o, Receptacle - Checkable r, ObjectType ot, ReceptacleType rt) {
    preconditions = [
      (holds(a, o) and atLocation(a, l) and receptacleAtLocation(r, l) and ((not openable(r)) or opened(r)) and objectType(o, ot) and receptacleType(r, rt) and canContain(rt, ot))
    ]
    effects = [
      inReceptacle(o, r) := true
      objectAtLocation(o, l) := true
      holds(a, o) := false
      holdsAny(a) := false
    ]
  }
  action cleanObject(Agent - Checkable a, Location - Checkable l, Receptacle - Checkable r, Obj - Checkable o) {
    preconditions = [
      (cleanable(o) and receptacleType(r, sinkBasinType) and atLocation(a, l) and receptacleAtLocation(r, l) and holds(a, o))
    ]
    effects = [
      isClean(o) := true
    ]
  }
  action heatObject(Agent - Checkable a, Location - Checkable l, Receptacle - Checkable r, Obj - Checkable o) {
    preconditions = [
      (heatable(o) and receptacleType(r, microwaveType) and atLocation(a, l) and receptacleAtLocation(r, l) and holds(a, o))
    ]
    effects = [
      isHot(o) := true
      isCool(o) := false
    ]
  }
  action coolObject(Agent - Checkable a, Location - Checkable l, Receptacle - Checkable r, Obj - Checkable o) {
    preconditions = [
      (coolable(o) and receptacleType(r, fridgeType) and atLocation(a, l) and receptacleAtLocation(r, l) and holds(a, o))
    ]
    effects = [
      isCool(o) := true
      isHot(o) := false
    ]
  }
  action toggleObject(Agent - Checkable a, Location - Checkable l, Obj - Checkable o, Receptacle - Checkable r) {
    preconditions = [
      (toggleable(o) and atLocation(a, l) and receptacleAtLocation(r, l) and inReceptacle(o, r))
    ]
    effects = [
      if isOn(o) then isOn(o) := false
      if (not isOn(o)) then isOn(o) := true
      isToggled(o) := true
    ]
  }
  action sliceObject(Agent - Checkable a, Location - Checkable l, Obj - Checkable co, Obj - Checkable ko) {
    preconditions = [
      (sliceable(co) and (objectType(ko, knifeType) or objectType(ko, butterKnifeType)) and atLocation(a, l) and objectAtLocation(co, l) and holds(a, ko))
    ]
    effects = [
      isSliced(co) := true
    ]
  }
  action help(Agent - Checkable a) {
    preconditions = [
    ]
    effects = [
      checked(a) := true
    ]
  }
]

objects = [
  ReceptacleType: [sinkBasinType, microwaveType, fridgeType, coffeeTableType, towelHolderType, coffeeMachineType, diningTableType, deskType, sideTableType, bathtubBasinType, dresserType, cartType]
  ObjectType: [knifeType, butterKnifeType, basketBallType, plungerType, clothType, saltShakerType, baseballBatType, handTowelType, cupType, keyChainType, bowlType, boxType]
  Checkable: [agent1, location1, location2, location3, location4, location5, location6, location7, location8, location9, location10, coffeeTable_1, towelHolder_2, coffeeMachine_3, diningTable_4, desk_5, sideTable_6, bathtubBasin_7, dresser_8, towelHolder_9, cart_10, basketBall_1, plunger_2, cloth_3, saltShaker_4, baseballBat_5, handTowel_6, cup_7, keyChain_8, bowl_9, box_10]
  Agent - Checkable: [agent1]
  Location - Checkable: [location1, location2, location3, location4, location5, location6, location7, location8, location9, location10]
  Receptacle - Checkable: [coffeeTable_1, towelHolder_2, coffeeMachine_3, diningTable_4, desk_5, sideTable_6, bathtubBasin_7, dresser_8, towelHolder_9, cart_10]
  Obj - Checkable: [basketBall_1, plunger_2, cloth_3, saltShaker_4, baseballBat_5, handTowel_6, cup_7, keyChain_8, bowl_9, box_10]
]

initial fluents default = [
  bool atLocation[a=Agent - Checkable, l=Location - Checkable] := false
  bool receptacleAtLocation[r=Receptacle - Checkable, l=Location - Checkable] := false
  bool objectAtLocation[o=Obj - Checkable, l=Location - Checkable] := false
  bool openable[r=Receptacle - Checkable] := false
  bool opened[r=Receptacle - Checkable] := false
  bool inReceptacle[o=Obj - Checkable, r=Receptacle - Checkable] := false
  bool isReceptacleObject[o=Obj - Checkable] := false
  bool inReceptacleObject[innerObject=Obj - Checkable, outObject=Obj - Checkable] := false
  bool isReceptacleObjectFull[o=Obj - Checkable] := false
  bool wasInReceptacle[o=Obj - Checkable, r=Receptacle - Checkable] := false
  bool checked[c=Checkable] := false
  bool examined[l=Location - Checkable] := false
  bool receptacleType[r=Receptacle - Checkable, rt=ReceptacleType] := false
  bool canContain[rt=ReceptacleType, ot=ObjectType] := false
  bool objectType[o=Obj - Checkable, t=ObjectType] := false
  bool holds[a=Agent - Checkable, o=Obj - Checkable] := false
  bool holdsAny[a=Agent - Checkable] := false
  bool holdsAnyReceptacleObject[a=Agent - Checkable] := false
  bool full[r=Receptacle - Checkable] := false
  bool isClean[o=Obj - Checkable] := false
  bool cleanable[o=Obj - Checkable] := false
  bool isHot[o=Obj - Checkable] := false
  bool heatable[o=Obj - Checkable] := false
  bool isCool[o=Obj - Checkable] := false
  bool coolable[o=Obj - Checkable] := false
  bool pickupable[o=Obj - Checkable] := false
  bool moveable[o=Obj - Checkable] := false
  bool toggleable[o=Obj - Checkable] := false
  bool isOn[o=Obj - Checkable] := false
  bool isToggled[o=Obj - Checkable] := false
  bool sliceable[o=Obj - Checkable] := false
  bool isSliced[o=Obj - Checkable] := false
]

initial values = [
  receptacleType(coffeeTable_1, coffeeTableType) := true
  receptacleType(towelHolder_2, towelHolderType) := true
  receptacleType(coffeeMachine_3, coffeeMachineType) := true
  receptacleType(diningTable_4, diningTableType) := true
  receptacleType(desk_5, deskType) := true
  receptacleType(sideTable_6, sideTableType) := true
  receptacleType(bathtubBasin_7, bathtubBasinType) := true
  receptacleType(dresser_8, dresserType) := true
  receptacleType(towelHolder_9, towelHolderType) := true
  receptacleType(cart_10, cartType) := true
  objectType(basketBall_1, basketBallType) := true
  objectType(plunger_2, plungerType) := true
  objectType(cloth_3, clothType) := true
  objectType(saltShaker_4, saltShakerType) := true
  objectType(baseballBat_5, baseballBatType) := true
  objectType(handTowel_6, handTowelType) := true
  objectType(cup_7, cupType) := true
  objectType(keyChain_8, keyChainType) := true
  objectType(bowl_9, bowlType) := true
  objectType(box_10, boxType) := true
  canContain(coffeeTableType, basketBallType) := true
  canContain(coffeeTableType, clothType) := true
  canContain(coffeeTableType, saltShakerType) := true
  canContain(coffeeTableType, baseballBatType) := true
  canContain(coffeeTableType, handTowelType) := true
  canContain(coffeeTableType, cupType) := true
  canContain(coffeeTableType, keyChainType) := true
  canContain(coffeeTableType, bowlType) := true
  canContain(coffeeTableType, boxType) := true
  canContain(diningTableType, basketBallType) := true
  canContain(diningTableType, clothType) := true
  canContain(diningTableType, saltShakerType) := true
  canContain(diningTableType, baseballBatType) := true
  canContain(diningTableType, handTowelType) := true
  canContain(diningTableType, cupType) := true
  canContain(diningTableType, keyChainType) := true
  canContain(diningTableType, bowlType) := true
  canContain(diningTableType, boxType) := true
  canContain(deskType, basketBallType) := true
  canContain(deskType, clothType) := true
  canContain(deskType, cupType) := true
  canContain(deskType, keyChainType) := true
  canContain(deskType, bowlType) := true
  canContain(deskType, boxType) := true
  canContain(sideTableType, basketBallType) := true
  canContain(sideTableType, clothType) := true
  canContain(sideTableType, saltShakerType) := true
  canContain(sideTableType, baseballBatType) := true
  canContain(sideTableType, handTowelType) := true
  canContain(sideTableType, cupType) := true
  canContain(sideTableType, keyChainType) := true
  canContain(sideTableType, bowlType) := true
  canContain(sideTableType, boxType) := true
  canContain(bathtubBasinType, clothType) := true
  canContain(bathtubBasinType, handTowelType) := true
  canContain(dresserType, basketBallType) := true
  canContain(dresserType, clothType) := true
  canContain(dresserType, cupType) := true
  canContain(dresserType, keyChainType) := true
  canContain(dresserType, bowlType) := true
  canContain(dresserType, boxType) := true
  canContain(cartType, plungerType) := true
  canContain(cartType, clothType) := true
  canContain(cartType, handTowelType) := true
  pickupable(basketBall_1) := true
  pickupable(plunger_2) := true
  pickupable(cloth_3) := true
  cleanable(cloth_3) := true
  pickupable(saltShaker_4) := true
  pickupable(baseballBat_5) := true
  pickupable(handTowel_6) := true
  pickupable(cup_7) := true
  isReceptacleObject(cup_7) := true
  cleanable(cup_7) := true
  heatable(cup_7) := true
  coolable(cup_7) := true
  pickupable(keyChain_8) := true
  pickupable(bowl_9) := true
  isReceptacleObject(bowl_9) := true
  cleanable(bowl_9) := true
  coolable(bowl_9) := true
  pickupable(box_10) := true
  isReceptacleObject(box_10) := true
  receptacleAtLocation(coffeeTable_1, location9) := true
  receptacleAtLocation(towelHolder_2, location9) := true
  receptacleAtLocation(coffeeMachine_3, location6) := true
  receptacleAtLocation(diningTable_4, location4) := true
  receptacleAtLocation(desk_5, location10) := true
  receptacleAtLocation(sideTable_6, location10) := true
  receptacleAtLocation(bathtubBasin_7, location7) := true
  receptacleAtLocation(dresser_8, location10) := true
  receptacleAtLocation(towelHolder_9, location5) := true
  receptacleAtLocation(cart_10, location5) := true
  inReceptacle(plunger_2, cart_10) := true
  inReceptacle(cloth_3, dresser_8) := true
  inReceptacle(handTowel_6, diningTable_4) := true
  inReceptacle(bowl_9, diningTable_4) := true
  objectAtLocation(basketBall_1, location4) := true
  objectAtLocation(plunger_2, location5) := true
  objectAtLocation(cloth_3, location10) := true
  objectAtLocation(saltShaker_4, location3) := true
  objectAtLocation(baseballBat_5, location8) := true
  objectAtLocation(handTowel_6, location4) := true
  objectAtLocation(cup_7, location9) := true
  objectAtLocation(keyChain_8, location5) := true
  objectAtLocation(bowl_9, location4) := true
  objectAtLocation(box_10, location9) := true
  atLocation(agent1, location6) := true
]

goals = [
  Exists (Receptacle - Checkable r) Exists (Obj - Checkable o1) (inReceptacle(o1, r) and objectType(o1, basketBallType) and receptacleType(r, dresserType) and Exists (Obj - Checkable o2) ((not (o1 == o2)) and objectType(o2, clothType) and receptacleType(r, dresserType) and inReceptacle(o2, r)))
]

quality metrics = [
  minimize sequential-plan-length
]


2025-06-17 10:21:55,055 - INFO - Generating plan for unconstrained problem

2025-06-17 10:21:55,375 - INFO - Unconstrained plan generation time: 0.31949710845947266

