2025-06-17 10:21:05,963 - INFO - 
================= Seed: 674 =================

2025-06-17 10:21:05,967 - INFO - problem name = alfred

types = [ReceptacleType, ObjectType, Checkable, Agent - Checkable, Location - Checkable, Receptacle - Checkable, Obj - Checkable]

fluents = [
  bool atLocation[a=Agent - Checkable, l=Location - Checkable]
  bool receptacleAtLocation[r=Receptacle - Checkable, l=Location - Checkable]
  bool objectAtLocation[o=Obj - Checkable, l=Location - Checkable]
  bool openable[r=Receptacle - Checkable]
  bool opened[r=Receptacle - Checkable]
  bool inReceptacle[o=Obj - Checkable, r=Receptacle - Checkable]
  bool isReceptacleObject[o=Obj - Checkable]
  bool inReceptacleObject[innerObject=Obj - Checkable, outObject=Obj - Checkable]
  bool isReceptacleObjectFull[o=Obj - Checkable]
  bool wasInReceptacle[o=Obj - Checkable, r=Receptacle - Checkable]
  bool checked[c=Checkable]
  bool examined[l=Location - Checkable]
  bool receptacleType[r=Receptacle - Checkable, rt=ReceptacleType]
  bool canContain[rt=ReceptacleType, ot=ObjectType]
  bool objectType[o=Obj - Checkable, t=ObjectType]
  bool holds[a=Agent - Checkable, o=Obj - Checkable]
  bool holdsAny[a=Agent - Checkable]
  bool holdsAnyReceptacleObject[a=Agent - Checkable]
  bool full[r=Receptacle - Checkable]
  bool isClean[o=Obj - Checkable]
  bool cleanable[o=Obj - Checkable]
  bool isHot[o=Obj - Checkable]
  bool heatable[o=Obj - Checkable]
  bool isCool[o=Obj - Checkable]
  bool coolable[o=Obj - Checkable]
  bool pickupable[o=Obj - Checkable]
  bool moveable[o=Obj - Checkable]
  bool toggleable[o=Obj - Checkable]
  bool isOn[o=Obj - Checkable]
  bool isToggled[o=Obj - Checkable]
  bool sliceable[o=Obj - Checkable]
  bool isSliced[o=Obj - Checkable]
]

actions = [
  action look(Agent - Checkable a, Location - Checkable l) {
    preconditions = [
      atLocation(a, l)
    ]
    effects = [
      checked(l) := true
    ]
  }
  action inventory(Agent - Checkable a) {
    preconditions = [
    ]
    effects = [
      checked(a) := true
    ]
  }
  action examineReceptacle(Agent - Checkable a, Receptacle - Checkable r) {
    preconditions = [
      Exists (Location - Checkable l) (atLocation(a, l) and receptacleAtLocation(r, l))
    ]
    effects = [
      checked(r) := true
    ]
  }
  action examineObject(Agent - Checkable a, Obj - Checkable o) {
    preconditions = [
      (Exists (Location - Checkable l) Exists (Receptacle - Checkable r) (atLocation(a, l) and receptacleAtLocation(r, l) and inReceptacle(o, r) and ((not openable(r)) or opened(r))) or holds(a, o))
    ]
    effects = [
      checked(o) := true
    ]
  }
  action goToLocation(Agent - Checkable a, Location - Checkable lstart, Location - Checkable lend) {
    preconditions = [
      atLocation(a, lstart)
    ]
    effects = [
      atLocation(a, lstart) := false
      atLocation(a, lend) := true
    ]
  }
  action openObject(Agent - Checkable a, Location - Checkable l, Receptacle - Checkable r) {
    preconditions = [
      (openable(r) and atLocation(a, l) and receptacleAtLocation(r, l) and (not opened(r)))
    ]
    effects = [
      opened(r) := true
      checked(r) := true
    ]
  }
  action closeObject(Agent - Checkable a, Location - Checkable l, Receptacle - Checkable r) {
    preconditions = [
      (openable(r) and atLocation(a, l) and receptacleAtLocation(r, l) and opened(r))
    ]
    effects = [
      opened(r) := false
    ]
  }
  action pickupObject(Agent - Checkable a, Location - Checkable l, Obj - Checkable o, Receptacle - Checkable r) {
    preconditions = [
      (pickupable(o) and atLocation(a, l) and receptacleAtLocation(r, l) and inReceptacle(o, r) and (not holdsAny(a)) and ((not openable(r)) or opened(r)))
    ]
    effects = [
      inReceptacle(o, r) := false
      holds(a, o) := true
      holdsAny(a) := true
      objectAtLocation(o, l) := false
    ]
  }
  action putObject(Agent - Checkable a, Location - Checkable l, Obj - Checkable o, Receptacle - Checkable r, ObjectType ot, ReceptacleType rt) {
    preconditions = [
      (holds(a, o) and atLocation(a, l) and receptacleAtLocation(r, l) and ((not openable(r)) or opened(r)) and objectType(o, ot) and receptacleType(r, rt) and canContain(rt, ot))
    ]
    effects = [
      inReceptacle(o, r) := true
      objectAtLocation(o, l) := true
      holds(a, o) := false
      holdsAny(a) := false
    ]
  }
  action cleanObject(Agent - Checkable a, Location - Checkable l, Receptacle - Checkable r, Obj - Checkable o) {
    preconditions = [
      (cleanable(o) and receptacleType(r, sinkBasinType) and atLocation(a, l) and receptacleAtLocation(r, l) and holds(a, o))
    ]
    effects = [
      isClean(o) := true
    ]
  }
  action heatObject(Agent - Checkable a, Location - Checkable l, Receptacle - Checkable r, Obj - Checkable o) {
    preconditions = [
      (heatable(o) and receptacleType(r, microwaveType) and atLocation(a, l) and receptacleAtLocation(r, l) and holds(a, o))
    ]
    effects = [
      isHot(o) := true
      isCool(o) := false
    ]
  }
  action coolObject(Agent - Checkable a, Location - Checkable l, Receptacle - Checkable r, Obj - Checkable o) {
    preconditions = [
      (coolable(o) and receptacleType(r, fridgeType) and atLocation(a, l) and receptacleAtLocation(r, l) and holds(a, o))
    ]
    effects = [
      isCool(o) := true
      isHot(o) := false
    ]
  }
  action toggleObject(Agent - Checkable a, Location - Checkable l, Obj - Checkable o, Receptacle - Checkable r) {
    preconditions = [
      (toggleable(o) and atLocation(a, l) and receptacleAtLocation(r, l) and inReceptacle(o, r))
    ]
    effects = [
      if isOn(o) then isOn(o) := false
      if (not isOn(o)) then isOn(o) := true
      isToggled(o) := true
    ]
  }
  action sliceObject(Agent - Checkable a, Location - Checkable l, Obj - Checkable co, Obj - Checkable ko) {
    preconditions = [
      (sliceable(co) and (objectType(ko, knifeType) or objectType(ko, butterKnifeType)) and atLocation(a, l) and objectAtLocation(co, l) and holds(a, ko))
    ]
    effects = [
      isSliced(co) := true
    ]
  }
  action help(Agent - Checkable a) {
    preconditions = [
    ]
    effects = [
      checked(a) := true
    ]
  }
]

objects = [
  ReceptacleType: [sinkBasinType, microwaveType, fridgeType, diningTableType, shelfType, toasterType, cabinetType, toiletType, cartType, coffeeMachineType, handTowelHolderType]
  ObjectType: [knifeType, butterKnifeType, kettleType, basketBallType, keyChainType, creditCardType, newspaperType, forkType, saltShakerType, cupType]
  Checkable: [agent1, location1, location2, location3, location4, location5, location6, location7, location8, location9, location10, diningTable_1, shelf_2, shelf_3, toaster_4, cabinet_5, toilet_6, cart_7, coffeeMachine_8, handTowelHolder_9, microwave_10, kettle_1, basketBall_2, keyChain_3, basketBall_4, creditCard_5, newspaper_6, basketBall_7, fork_8, saltShaker_9, cup_10]
  Agent - Checkable: [agent1]
  Location - Checkable: [location1, location2, location3, location4, location5, location6, location7, location8, location9, location10]
  Receptacle - Checkable: [diningTable_1, shelf_2, shelf_3, toaster_4, cabinet_5, toilet_6, cart_7, coffeeMachine_8, handTowelHolder_9, microwave_10]
  Obj - Checkable: [kettle_1, basketBall_2, keyChain_3, basketBall_4, creditCard_5, newspaper_6, basketBall_7, fork_8, saltShaker_9, cup_10]
]

initial fluents default = [
  bool atLocation[a=Agent - Checkable, l=Location - Checkable] := false
  bool receptacleAtLocation[r=Receptacle - Checkable, l=Location - Checkable] := false
  bool objectAtLocation[o=Obj - Checkable, l=Location - Checkable] := false
  bool openable[r=Receptacle - Checkable] := false
  bool opened[r=Receptacle - Checkable] := false
  bool inReceptacle[o=Obj - Checkable, r=Receptacle - Checkable] := false
  bool isReceptacleObject[o=Obj - Checkable] := false
  bool inReceptacleObject[innerObject=Obj - Checkable, outObject=Obj - Checkable] := false
  bool isReceptacleObjectFull[o=Obj - Checkable] := false
  bool wasInReceptacle[o=Obj - Checkable, r=Receptacle - Checkable] := false
  bool checked[c=Checkable] := false
  bool examined[l=Location - Checkable] := false
  bool receptacleType[r=Receptacle - Checkable, rt=ReceptacleType] := false
  bool canContain[rt=ReceptacleType, ot=ObjectType] := false
  bool objectType[o=Obj - Checkable, t=ObjectType] := false
  bool holds[a=Agent - Checkable, o=Obj - Checkable] := false
  bool holdsAny[a=Agent - Checkable] := false
  bool holdsAnyReceptacleObject[a=Agent - Checkable] := false
  bool full[r=Receptacle - Checkable] := false
  bool isClean[o=Obj - Checkable] := false
  bool cleanable[o=Obj - Checkable] := false
  bool isHot[o=Obj - Checkable] := false
  bool heatable[o=Obj - Checkable] := false
  bool isCool[o=Obj - Checkable] := false
  bool coolable[o=Obj - Checkable] := false
  bool pickupable[o=Obj - Checkable] := false
  bool moveable[o=Obj - Checkable] := false
  bool toggleable[o=Obj - Checkable] := false
  bool isOn[o=Obj - Checkable] := false
  bool isToggled[o=Obj - Checkable] := false
  bool sliceable[o=Obj - Checkable] := false
  bool isSliced[o=Obj - Checkable] := false
]

initial values = [
  receptacleType(diningTable_1, diningTableType) := true
  receptacleType(shelf_2, shelfType) := true
  receptacleType(shelf_3, shelfType) := true
  receptacleType(toaster_4, toasterType) := true
  receptacleType(cabinet_5, cabinetType) := true
  receptacleType(toilet_6, toiletType) := true
  receptacleType(cart_7, cartType) := true
  receptacleType(coffeeMachine_8, coffeeMachineType) := true
  receptacleType(handTowelHolder_9, handTowelHolderType) := true
  receptacleType(microwave_10, microwaveType) := true
  objectType(kettle_1, kettleType) := true
  objectType(basketBall_2, basketBallType) := true
  objectType(keyChain_3, keyChainType) := true
  objectType(basketBall_4, basketBallType) := true
  objectType(creditCard_5, creditCardType) := true
  objectType(newspaper_6, newspaperType) := true
  objectType(basketBall_7, basketBallType) := true
  objectType(fork_8, forkType) := true
  objectType(saltShaker_9, saltShakerType) := true
  objectType(cup_10, cupType) := true
  canContain(diningTableType, kettleType) := true
  canContain(diningTableType, basketBallType) := true
  canContain(diningTableType, keyChainType) := true
  canContain(diningTableType, creditCardType) := true
  canContain(diningTableType, newspaperType) := true
  canContain(diningTableType, forkType) := true
  canContain(diningTableType, saltShakerType) := true
  canContain(diningTableType, cupType) := true
  canContain(shelfType, kettleType) := true
  canContain(shelfType, keyChainType) := true
  canContain(shelfType, creditCardType) := true
  canContain(shelfType, newspaperType) := true
  canContain(shelfType, saltShakerType) := true
  canContain(shelfType, cupType) := true
  canContain(cabinetType, kettleType) := true
  canContain(cabinetType, newspaperType) := true
  canContain(cabinetType, saltShakerType) := true
  canContain(cabinetType, cupType) := true
  canContain(toiletType, newspaperType) := true
  canContain(microwaveType, cupType) := true
  pickupable(kettle_1) := true
  cleanable(kettle_1) := true
  pickupable(basketBall_2) := true
  pickupable(keyChain_3) := true
  pickupable(basketBall_4) := true
  pickupable(creditCard_5) := true
  pickupable(newspaper_6) := true
  pickupable(basketBall_7) := true
  pickupable(fork_8) := true
  cleanable(fork_8) := true
  pickupable(saltShaker_9) := true
  pickupable(cup_10) := true
  isReceptacleObject(cup_10) := true
  cleanable(cup_10) := true
  heatable(cup_10) := true
  coolable(cup_10) := true
  receptacleAtLocation(diningTable_1, location4) := true
  receptacleAtLocation(shelf_2, location9) := true
  receptacleAtLocation(shelf_3, location6) := true
  receptacleAtLocation(toaster_4, location7) := true
  receptacleAtLocation(cabinet_5, location6) := true
  receptacleAtLocation(toilet_6, location3) := true
  receptacleAtLocation(cart_7, location6) := true
  receptacleAtLocation(coffeeMachine_8, location4) := true
  receptacleAtLocation(handTowelHolder_9, location3) := true
  receptacleAtLocation(microwave_10, location2) := true
  inReceptacle(keyChain_3, shelf_3) := true
  inReceptacle(newspaper_6, shelf_2) := true
  inReceptacle(saltShaker_9, shelf_2) := true
  inReceptacle(cup_10, shelf_2) := true
  objectAtLocation(kettle_1, location7) := true
  objectAtLocation(basketBall_2, location3) := true
  objectAtLocation(keyChain_3, location6) := true
  objectAtLocation(basketBall_4, location1) := true
  objectAtLocation(creditCard_5, location10) := true
  objectAtLocation(newspaper_6, location9) := true
  objectAtLocation(basketBall_7, location6) := true
  objectAtLocation(fork_8, location4) := true
  objectAtLocation(saltShaker_9, location9) := true
  objectAtLocation(cup_10, location9) := true
  atLocation(agent1, location1) := true
]

goals = [
  Exists (Receptacle - Checkable r) Exists (Obj - Checkable o) (heatable(o) and objectType(o, cupType) and receptacleType(r, microwaveType) and isHot(o) and inReceptacle(o, r))
]

quality metrics = [
  minimize sequential-plan-length
]


2025-06-17 10:21:05,969 - INFO - Generating plan for unconstrained problem

2025-06-17 10:21:06,314 - INFO - Unconstrained plan generation time: 0.34517550468444824

2025-06-17 10:21:06,314 - INFO - Unconstrained plan and cost: 
2025-06-17 10:21:06,314 - INFO - SequentialPlan:
    goToLocation(agent1, location1, location9)
    pickupObject(agent1, location9, cup_10, shelf_2)
    goToLocation(agent1, location9, location2)
    heatObject(agent1, location2, microwave_10, cup_10)
    putObject(agent1, location2, cup_10, microwave_10, cupType, microwaveType)
2025-06-17 10:21:06,314 - INFO - 5
2025-06-17 10:21:06,731 - INFO - Sampled constraints:

2025-06-17 10:21:06,731 - INFO - Sometime(atLocation(agent1, location9))
2025-06-17 10:21:06,732 - INFO - Sometime-Before(atLocation(agent1, location9), checked(saltShaker_9))
2025-06-17 10:21:06,732 - INFO - 
2025-06-17 10:21:06,732 - INFO - Generation time: 0.4168238639831543

2025-06-17 10:21:06,739 - INFO - Generating plan for constrained problem (with LiftedTCORE).

2025-06-17 10:21:06,785 - INFO - LiftedTCORE compilation time: 0.04620051383972168

2025-06-17 10:21:07,175 - INFO - Planning Time with LiftedTCORE's file: 0.38027477264404297

