2025-06-17 10:23:14,490 - INFO - 
================= Seed: 871 =================

2025-06-17 10:23:14,495 - INFO - problem name = alfred

types = [ReceptacleType, ObjectType, Checkable, Agent - Checkable, Location - Checkable, Receptacle - Checkable, Obj - Checkable]

fluents = [
  bool atLocation[a=Agent - Checkable, l=Location - Checkable]
  bool receptacleAtLocation[r=Receptacle - Checkable, l=Location - Checkable]
  bool objectAtLocation[o=Obj - Checkable, l=Location - Checkable]
  bool openable[r=Receptacle - Checkable]
  bool opened[r=Receptacle - Checkable]
  bool inReceptacle[o=Obj - Checkable, r=Receptacle - Checkable]
  bool isReceptacleObject[o=Obj - Checkable]
  bool inReceptacleObject[innerObject=Obj - Checkable, outObject=Obj - Checkable]
  bool isReceptacleObjectFull[o=Obj - Checkable]
  bool wasInReceptacle[o=Obj - Checkable, r=Receptacle - Checkable]
  bool checked[c=Checkable]
  bool examined[l=Location - Checkable]
  bool receptacleType[r=Receptacle - Checkable, rt=ReceptacleType]
  bool canContain[rt=ReceptacleType, ot=ObjectType]
  bool objectType[o=Obj - Checkable, t=ObjectType]
  bool holds[a=Agent - Checkable, o=Obj - Checkable]
  bool holdsAny[a=Agent - Checkable]
  bool holdsAnyReceptacleObject[a=Agent - Checkable]
  bool full[r=Receptacle - Checkable]
  bool isClean[o=Obj - Checkable]
  bool cleanable[o=Obj - Checkable]
  bool isHot[o=Obj - Checkable]
  bool heatable[o=Obj - Checkable]
  bool isCool[o=Obj - Checkable]
  bool coolable[o=Obj - Checkable]
  bool pickupable[o=Obj - Checkable]
  bool moveable[o=Obj - Checkable]
  bool toggleable[o=Obj - Checkable]
  bool isOn[o=Obj - Checkable]
  bool isToggled[o=Obj - Checkable]
  bool sliceable[o=Obj - Checkable]
  bool isSliced[o=Obj - Checkable]
]

actions = [
  action look(Agent - Checkable a, Location - Checkable l) {
    preconditions = [
      atLocation(a, l)
    ]
    effects = [
      checked(l) := true
    ]
  }
  action inventory(Agent - Checkable a) {
    preconditions = [
    ]
    effects = [
      checked(a) := true
    ]
  }
  action examineReceptacle(Agent - Checkable a, Receptacle - Checkable r) {
    preconditions = [
      Exists (Location - Checkable l) (atLocation(a, l) and receptacleAtLocation(r, l))
    ]
    effects = [
      checked(r) := true
    ]
  }
  action examineObject(Agent - Checkable a, Obj - Checkable o) {
    preconditions = [
      (Exists (Location - Checkable l) Exists (Receptacle - Checkable r) (atLocation(a, l) and receptacleAtLocation(r, l) and inReceptacle(o, r) and ((not openable(r)) or opened(r))) or holds(a, o))
    ]
    effects = [
      checked(o) := true
    ]
  }
  action goToLocation(Agent - Checkable a, Location - Checkable lstart, Location - Checkable lend) {
    preconditions = [
      atLocation(a, lstart)
    ]
    effects = [
      atLocation(a, lstart) := false
      atLocation(a, lend) := true
    ]
  }
  action openObject(Agent - Checkable a, Location - Checkable l, Receptacle - Checkable r) {
    preconditions = [
      (openable(r) and atLocation(a, l) and receptacleAtLocation(r, l) and (not opened(r)))
    ]
    effects = [
      opened(r) := true
      checked(r) := true
    ]
  }
  action closeObject(Agent - Checkable a, Location - Checkable l, Receptacle - Checkable r) {
    preconditions = [
      (openable(r) and atLocation(a, l) and receptacleAtLocation(r, l) and opened(r))
    ]
    effects = [
      opened(r) := false
    ]
  }
  action pickupObject(Agent - Checkable a, Location - Checkable l, Obj - Checkable o, Receptacle - Checkable r) {
    preconditions = [
      (pickupable(o) and atLocation(a, l) and receptacleAtLocation(r, l) and inReceptacle(o, r) and (not holdsAny(a)) and ((not openable(r)) or opened(r)))
    ]
    effects = [
      inReceptacle(o, r) := false
      holds(a, o) := true
      holdsAny(a) := true
      objectAtLocation(o, l) := false
    ]
  }
  action putObject(Agent - Checkable a, Location - Checkable l, Obj - Checkable o, Receptacle - Checkable r, ObjectType ot, ReceptacleType rt) {
    preconditions = [
      (holds(a, o) and atLocation(a, l) and receptacleAtLocation(r, l) and ((not openable(r)) or opened(r)) and objectType(o, ot) and receptacleType(r, rt) and canContain(rt, ot))
    ]
    effects = [
      inReceptacle(o, r) := true
      objectAtLocation(o, l) := true
      holds(a, o) := false
      holdsAny(a) := false
    ]
  }
  action cleanObject(Agent - Checkable a, Location - Checkable l, Receptacle - Checkable r, Obj - Checkable o) {
    preconditions = [
      (cleanable(o) and receptacleType(r, sinkBasinType) and atLocation(a, l) and receptacleAtLocation(r, l) and holds(a, o))
    ]
    effects = [
      isClean(o) := true
    ]
  }
  action heatObject(Agent - Checkable a, Location - Checkable l, Receptacle - Checkable r, Obj - Checkable o) {
    preconditions = [
      (heatable(o) and receptacleType(r, microwaveType) and atLocation(a, l) and receptacleAtLocation(r, l) and holds(a, o))
    ]
    effects = [
      isHot(o) := true
      isCool(o) := false
    ]
  }
  action coolObject(Agent - Checkable a, Location - Checkable l, Receptacle - Checkable r, Obj - Checkable o) {
    preconditions = [
      (coolable(o) and receptacleType(r, fridgeType) and atLocation(a, l) and receptacleAtLocation(r, l) and holds(a, o))
    ]
    effects = [
      isCool(o) := true
      isHot(o) := false
    ]
  }
  action toggleObject(Agent - Checkable a, Location - Checkable l, Obj - Checkable o, Receptacle - Checkable r) {
    preconditions = [
      (toggleable(o) and atLocation(a, l) and receptacleAtLocation(r, l) and inReceptacle(o, r))
    ]
    effects = [
      if isOn(o) then isOn(o) := false
      if (not isOn(o)) then isOn(o) := true
      isToggled(o) := true
    ]
  }
  action sliceObject(Agent - Checkable a, Location - Checkable l, Obj - Checkable co, Obj - Checkable ko) {
    preconditions = [
      (sliceable(co) and (objectType(ko, knifeType) or objectType(ko, butterKnifeType)) and atLocation(a, l) and objectAtLocation(co, l) and holds(a, ko))
    ]
    effects = [
      isSliced(co) := true
    ]
  }
  action help(Agent - Checkable a) {
    preconditions = [
    ]
    effects = [
      checked(a) := true
    ]
  }
]

objects = [
  ReceptacleType: [sinkBasinType, microwaveType, fridgeType, stoveBurnerType, safeType, cartType, sideTableType, dresserType, garbageCanType]
  ObjectType: [knifeType, butterKnifeType, glassbottleType, cellPhoneType, sprayBottleType, cdType, handTowelType, tomatoType, kettleType, appleType, plateType]
  Checkable: [agent1, location1, location2, location3, location4, location5, location6, location7, location8, location9, location10, stoveBurner_1, safe_2, cart_3, sinkBasin_4, cart_5, sideTable_6, dresser_7, sinkBasin_8, microwave_9, garbageCan_10, glassbottle_1, cellPhone_2, sprayBottle_3, cd_4, handTowel_5, tomato_6, kettle_7, cd_8, apple_9, plate_10]
  Agent - Checkable: [agent1]
  Location - Checkable: [location1, location2, location3, location4, location5, location6, location7, location8, location9, location10]
  Receptacle - Checkable: [stoveBurner_1, safe_2, cart_3, sinkBasin_4, cart_5, sideTable_6, dresser_7, sinkBasin_8, microwave_9, garbageCan_10]
  Obj - Checkable: [glassbottle_1, cellPhone_2, sprayBottle_3, cd_4, handTowel_5, tomato_6, kettle_7, cd_8, apple_9, plate_10]
]

initial fluents default = [
  bool atLocation[a=Agent - Checkable, l=Location - Checkable] := false
  bool receptacleAtLocation[r=Receptacle - Checkable, l=Location - Checkable] := false
  bool objectAtLocation[o=Obj - Checkable, l=Location - Checkable] := false
  bool openable[r=Receptacle - Checkable] := false
  bool opened[r=Receptacle - Checkable] := false
  bool inReceptacle[o=Obj - Checkable, r=Receptacle - Checkable] := false
  bool isReceptacleObject[o=Obj - Checkable] := false
  bool inReceptacleObject[innerObject=Obj - Checkable, outObject=Obj - Checkable] := false
  bool isReceptacleObjectFull[o=Obj - Checkable] := false
  bool wasInReceptacle[o=Obj - Checkable, r=Receptacle - Checkable] := false
  bool checked[c=Checkable] := false
  bool examined[l=Location - Checkable] := false
  bool receptacleType[r=Receptacle - Checkable, rt=ReceptacleType] := false
  bool canContain[rt=ReceptacleType, ot=ObjectType] := false
  bool objectType[o=Obj - Checkable, t=ObjectType] := false
  bool holds[a=Agent - Checkable, o=Obj - Checkable] := false
  bool holdsAny[a=Agent - Checkable] := false
  bool holdsAnyReceptacleObject[a=Agent - Checkable] := false
  bool full[r=Receptacle - Checkable] := false
  bool isClean[o=Obj - Checkable] := false
  bool cleanable[o=Obj - Checkable] := false
  bool isHot[o=Obj - Checkable] := false
  bool heatable[o=Obj - Checkable] := false
  bool isCool[o=Obj - Checkable] := false
  bool coolable[o=Obj - Checkable] := false
  bool pickupable[o=Obj - Checkable] := false
  bool moveable[o=Obj - Checkable] := false
  bool toggleable[o=Obj - Checkable] := false
  bool isOn[o=Obj - Checkable] := false
  bool isToggled[o=Obj - Checkable] := false
  bool sliceable[o=Obj - Checkable] := false
  bool isSliced[o=Obj - Checkable] := false
]

initial values = [
  receptacleType(stoveBurner_1, stoveBurnerType) := true
  receptacleType(safe_2, safeType) := true
  receptacleType(cart_3, cartType) := true
  receptacleType(sinkBasin_4, sinkBasinType) := true
  receptacleType(cart_5, cartType) := true
  receptacleType(sideTable_6, sideTableType) := true
  receptacleType(dresser_7, dresserType) := true
  receptacleType(sinkBasin_8, sinkBasinType) := true
  receptacleType(microwave_9, microwaveType) := true
  receptacleType(garbageCan_10, garbageCanType) := true
  objectType(glassbottle_1, glassbottleType) := true
  objectType(cellPhone_2, cellPhoneType) := true
  objectType(sprayBottle_3, sprayBottleType) := true
  objectType(cd_4, cdType) := true
  objectType(handTowel_5, handTowelType) := true
  objectType(tomato_6, tomatoType) := true
  objectType(kettle_7, kettleType) := true
  objectType(cd_8, cdType) := true
  objectType(apple_9, appleType) := true
  objectType(plate_10, plateType) := true
  canContain(stoveBurnerType, kettleType) := true
  canContain(safeType, cellPhoneType) := true
  canContain(safeType, cdType) := true
  canContain(cartType, sprayBottleType) := true
  canContain(cartType, handTowelType) := true
  canContain(sinkBasinType, glassbottleType) := true
  canContain(sinkBasinType, handTowelType) := true
  canContain(sinkBasinType, tomatoType) := true
  canContain(sinkBasinType, kettleType) := true
  canContain(sinkBasinType, appleType) := true
  canContain(sinkBasinType, plateType) := true
  canContain(sideTableType, glassbottleType) := true
  canContain(sideTableType, cellPhoneType) := true
  canContain(sideTableType, sprayBottleType) := true
  canContain(sideTableType, handTowelType) := true
  canContain(sideTableType, tomatoType) := true
  canContain(sideTableType, kettleType) := true
  canContain(sideTableType, appleType) := true
  canContain(sideTableType, plateType) := true
  canContain(dresserType, glassbottleType) := true
  canContain(dresserType, cellPhoneType) := true
  canContain(dresserType, sprayBottleType) := true
  canContain(dresserType, plateType) := true
  canContain(microwaveType, glassbottleType) := true
  canContain(microwaveType, tomatoType) := true
  canContain(microwaveType, appleType) := true
  canContain(microwaveType, plateType) := true
  canContain(garbageCanType, sprayBottleType) := true
  canContain(garbageCanType, handTowelType) := true
  canContain(garbageCanType, tomatoType) := true
  canContain(garbageCanType, appleType) := true
  pickupable(glassbottle_1) := true
  pickupable(cellPhone_2) := true
  pickupable(sprayBottle_3) := true
  pickupable(cd_4) := true
  pickupable(handTowel_5) := true
  pickupable(tomato_6) := true
  cleanable(tomato_6) := true
  heatable(tomato_6) := true
  coolable(tomato_6) := true
  sliceable(tomato_6) := true
  pickupable(kettle_7) := true
  cleanable(kettle_7) := true
  pickupable(cd_8) := true
  pickupable(apple_9) := true
  cleanable(apple_9) := true
  heatable(apple_9) := true
  coolable(apple_9) := true
  sliceable(apple_9) := true
  pickupable(plate_10) := true
  isReceptacleObject(plate_10) := true
  cleanable(plate_10) := true
  heatable(plate_10) := true
  coolable(plate_10) := true
  receptacleAtLocation(stoveBurner_1, location10) := true
  receptacleAtLocation(safe_2, location5) := true
  receptacleAtLocation(cart_3, location6) := true
  receptacleAtLocation(sinkBasin_4, location3) := true
  receptacleAtLocation(cart_5, location1) := true
  receptacleAtLocation(sideTable_6, location10) := true
  receptacleAtLocation(dresser_7, location1) := true
  receptacleAtLocation(sinkBasin_8, location5) := true
  receptacleAtLocation(microwave_9, location9) := true
  receptacleAtLocation(garbageCan_10, location5) := true
  inReceptacle(handTowel_5, sideTable_6) := true
  inReceptacle(apple_9, sinkBasin_8) := true
  objectAtLocation(glassbottle_1, location5) := true
  objectAtLocation(cellPhone_2, location1) := true
  objectAtLocation(sprayBottle_3, location9) := true
  objectAtLocation(cd_4, location7) := true
  objectAtLocation(handTowel_5, location10) := true
  objectAtLocation(tomato_6, location2) := true
  objectAtLocation(kettle_7, location8) := true
  objectAtLocation(cd_8, location2) := true
  objectAtLocation(apple_9, location5) := true
  objectAtLocation(plate_10, location5) := true
  atLocation(agent1, location8) := true
]

goals = [
  Exists (Receptacle - Checkable r) Exists (Obj - Checkable o1) (inReceptacle(o1, r) and objectType(o1, glassbottleType) and receptacleType(r, dresserType) and Exists (Obj - Checkable o2) ((not (o1 == o2)) and objectType(o2, plateType) and receptacleType(r, dresserType) and inReceptacle(o2, r)))
]

quality metrics = [
  minimize sequential-plan-length
]


2025-06-17 10:23:14,497 - INFO - Generating plan for unconstrained problem

2025-06-17 10:23:14,870 - INFO - Unconstrained plan generation time: 0.37218761444091797

