2025-06-17 11:20:19,780 - INFO - 
================= Seed: 214 =================

2025-06-17 11:20:19,781 - INFO - problem name = alfred

types = [ReceptacleType, ObjectType, Checkable, Agent - Checkable, Location - Checkable, Receptacle - Checkable, Obj - Checkable]

fluents = [
  bool atLocation[a=Agent - Checkable, l=Location - Checkable]
  bool receptacleAtLocation[r=Receptacle - Checkable, l=Location - Checkable]
  bool objectAtLocation[o=Obj - Checkable, l=Location - Checkable]
  bool openable[r=Receptacle - Checkable]
  bool opened[r=Receptacle - Checkable]
  bool inReceptacle[o=Obj - Checkable, r=Receptacle - Checkable]
  bool isReceptacleObject[o=Obj - Checkable]
  bool inReceptacleObject[innerObject=Obj - Checkable, outObject=Obj - Checkable]
  bool isReceptacleObjectFull[o=Obj - Checkable]
  bool wasInReceptacle[o=Obj - Checkable, r=Receptacle - Checkable]
  bool checked[c=Checkable]
  bool examined[l=Location - Checkable]
  bool receptacleType[r=Receptacle - Checkable, rt=ReceptacleType]
  bool canContain[rt=ReceptacleType, ot=ObjectType]
  bool objectType[o=Obj - Checkable, t=ObjectType]
  bool holds[a=Agent - Checkable, o=Obj - Checkable]
  bool holdsAny[a=Agent - Checkable]
  bool holdsAnyReceptacleObject[a=Agent - Checkable]
  bool full[r=Receptacle - Checkable]
  bool isClean[o=Obj - Checkable]
  bool cleanable[o=Obj - Checkable]
  bool isHot[o=Obj - Checkable]
  bool heatable[o=Obj - Checkable]
  bool isCool[o=Obj - Checkable]
  bool coolable[o=Obj - Checkable]
  bool pickupable[o=Obj - Checkable]
  bool moveable[o=Obj - Checkable]
  bool toggleable[o=Obj - Checkable]
  bool isOn[o=Obj - Checkable]
  bool isToggled[o=Obj - Checkable]
  bool sliceable[o=Obj - Checkable]
  bool isSliced[o=Obj - Checkable]
]

actions = [
  action look(Agent - Checkable a, Location - Checkable l) {
    preconditions = [
      atLocation(a, l)
    ]
    effects = [
      checked(l) := true
    ]
  }
  action inventory(Agent - Checkable a) {
    preconditions = [
    ]
    effects = [
      checked(a) := true
    ]
  }
  action examineReceptacle(Agent - Checkable a, Receptacle - Checkable r) {
    preconditions = [
      Exists (Location - Checkable l) (atLocation(a, l) and receptacleAtLocation(r, l))
    ]
    effects = [
      checked(r) := true
    ]
  }
  action examineObject(Agent - Checkable a, Obj - Checkable o) {
    preconditions = [
      (Exists (Location - Checkable l) Exists (Receptacle - Checkable r) (atLocation(a, l) and receptacleAtLocation(r, l) and inReceptacle(o, r) and ((not openable(r)) or opened(r))) or holds(a, o))
    ]
    effects = [
      checked(o) := true
    ]
  }
  action goToLocation(Agent - Checkable a, Location - Checkable lstart, Location - Checkable lend) {
    preconditions = [
      atLocation(a, lstart)
    ]
    effects = [
      atLocation(a, lstart) := false
      atLocation(a, lend) := true
    ]
  }
  action openObject(Agent - Checkable a, Location - Checkable l, Receptacle - Checkable r) {
    preconditions = [
      (openable(r) and atLocation(a, l) and receptacleAtLocation(r, l) and (not opened(r)))
    ]
    effects = [
      opened(r) := true
      checked(r) := true
    ]
  }
  action closeObject(Agent - Checkable a, Location - Checkable l, Receptacle - Checkable r) {
    preconditions = [
      (openable(r) and atLocation(a, l) and receptacleAtLocation(r, l) and opened(r))
    ]
    effects = [
      opened(r) := false
    ]
  }
  action pickupObject(Agent - Checkable a, Location - Checkable l, Obj - Checkable o, Receptacle - Checkable r) {
    preconditions = [
      (pickupable(o) and atLocation(a, l) and receptacleAtLocation(r, l) and inReceptacle(o, r) and (not holdsAny(a)) and ((not openable(r)) or opened(r)))
    ]
    effects = [
      inReceptacle(o, r) := false
      holds(a, o) := true
      holdsAny(a) := true
      objectAtLocation(o, l) := false
    ]
  }
  action putObject(Agent - Checkable a, Location - Checkable l, Obj - Checkable o, Receptacle - Checkable r, ObjectType ot, ReceptacleType rt) {
    preconditions = [
      (holds(a, o) and atLocation(a, l) and receptacleAtLocation(r, l) and ((not openable(r)) or opened(r)) and objectType(o, ot) and receptacleType(r, rt) and canContain(rt, ot))
    ]
    effects = [
      inReceptacle(o, r) := true
      objectAtLocation(o, l) := true
      holds(a, o) := false
      holdsAny(a) := false
    ]
  }
  action cleanObject(Agent - Checkable a, Location - Checkable l, Receptacle - Checkable r, Obj - Checkable o) {
    preconditions = [
      (cleanable(o) and receptacleType(r, sinkBasinType) and atLocation(a, l) and receptacleAtLocation(r, l) and holds(a, o))
    ]
    effects = [
      isClean(o) := true
    ]
  }
  action heatObject(Agent - Checkable a, Location - Checkable l, Receptacle - Checkable r, Obj - Checkable o) {
    preconditions = [
      (heatable(o) and receptacleType(r, microwaveType) and atLocation(a, l) and receptacleAtLocation(r, l) and holds(a, o))
    ]
    effects = [
      isHot(o) := true
      isCool(o) := false
    ]
  }
  action coolObject(Agent - Checkable a, Location - Checkable l, Receptacle - Checkable r, Obj - Checkable o) {
    preconditions = [
      (coolable(o) and receptacleType(r, fridgeType) and atLocation(a, l) and receptacleAtLocation(r, l) and holds(a, o))
    ]
    effects = [
      isCool(o) := true
      isHot(o) := false
    ]
  }
  action toggleObject(Agent - Checkable a, Location - Checkable l, Obj - Checkable o, Receptacle - Checkable r) {
    preconditions = [
      (toggleable(o) and atLocation(a, l) and receptacleAtLocation(r, l) and inReceptacle(o, r))
    ]
    effects = [
      if isOn(o) then isOn(o) := false
      if (not isOn(o)) then isOn(o) := true
      isToggled(o) := true
    ]
  }
  action sliceObject(Agent - Checkable a, Location - Checkable l, Obj - Checkable co, Obj - Checkable ko) {
    preconditions = [
      (sliceable(co) and (objectType(ko, knifeType) or objectType(ko, butterKnifeType)) and atLocation(a, l) and objectAtLocation(co, l) and holds(a, ko))
    ]
    effects = [
      isSliced(co) := true
    ]
  }
  action help(Agent - Checkable a) {
    preconditions = [
    ]
    effects = [
      checked(a) := true
    ]
  }
]

objects = [
  ReceptacleType: [sinkBasinType, microwaveType, fridgeType, towelHolderType, dresserType, stoveBurnerType, coffeeTableType, handTowelHolderType, toiletType, safeType, laundryHamperType, sideTableType, toasterType]
  ObjectType: [knifeType, butterKnifeType, creditCardType, clothType, pepperShakerType, soapBottleType, tennisRacketType, tissueBoxType, soapBarType, basketBallType, potType]
  Checkable: [agent1, location1, location2, location3, location4, location5, location6, location7, location8, location9, location10, towelHolder_1, dresser_2, stoveBurner_3, coffeeTable_4, handTowelHolder_5, toilet_6, safe_7, laundryHamper_8, sideTable_9, toaster_10, microwave_11, fridge_12, creditCard_1, cloth_2, pepperShaker_3, soapBottle_4, tennisRacket_5, tissueBox_6, soapBar_7, butterKnife_8, basketBall_9, pot_10]
  Agent - Checkable: [agent1]
  Location - Checkable: [location1, location2, location3, location4, location5, location6, location7, location8, location9, location10]
  Receptacle - Checkable: [towelHolder_1, dresser_2, stoveBurner_3, coffeeTable_4, handTowelHolder_5, toilet_6, safe_7, laundryHamper_8, sideTable_9, toaster_10, microwave_11, fridge_12]
  Obj - Checkable: [creditCard_1, cloth_2, pepperShaker_3, soapBottle_4, tennisRacket_5, tissueBox_6, soapBar_7, butterKnife_8, basketBall_9, pot_10]
]

initial fluents default = [
  bool atLocation[a=Agent - Checkable, l=Location - Checkable] := false
  bool receptacleAtLocation[r=Receptacle - Checkable, l=Location - Checkable] := false
  bool objectAtLocation[o=Obj - Checkable, l=Location - Checkable] := false
  bool openable[r=Receptacle - Checkable] := false
  bool opened[r=Receptacle - Checkable] := false
  bool inReceptacle[o=Obj - Checkable, r=Receptacle - Checkable] := false
  bool isReceptacleObject[o=Obj - Checkable] := false
  bool inReceptacleObject[innerObject=Obj - Checkable, outObject=Obj - Checkable] := false
  bool isReceptacleObjectFull[o=Obj - Checkable] := false
  bool wasInReceptacle[o=Obj - Checkable, r=Receptacle - Checkable] := false
  bool checked[c=Checkable] := false
  bool examined[l=Location - Checkable] := false
  bool receptacleType[r=Receptacle - Checkable, rt=ReceptacleType] := false
  bool canContain[rt=ReceptacleType, ot=ObjectType] := false
  bool objectType[o=Obj - Checkable, t=ObjectType] := false
  bool holds[a=Agent - Checkable, o=Obj - Checkable] := false
  bool holdsAny[a=Agent - Checkable] := false
  bool holdsAnyReceptacleObject[a=Agent - Checkable] := false
  bool full[r=Receptacle - Checkable] := false
  bool isClean[o=Obj - Checkable] := false
  bool cleanable[o=Obj - Checkable] := false
  bool isHot[o=Obj - Checkable] := false
  bool heatable[o=Obj - Checkable] := false
  bool isCool[o=Obj - Checkable] := false
  bool coolable[o=Obj - Checkable] := false
  bool pickupable[o=Obj - Checkable] := false
  bool moveable[o=Obj - Checkable] := false
  bool toggleable[o=Obj - Checkable] := false
  bool isOn[o=Obj - Checkable] := false
  bool isToggled[o=Obj - Checkable] := false
  bool sliceable[o=Obj - Checkable] := false
  bool isSliced[o=Obj - Checkable] := false
]

initial values = [
  receptacleType(towelHolder_1, towelHolderType) := true
  receptacleType(dresser_2, dresserType) := true
  receptacleType(stoveBurner_3, stoveBurnerType) := true
  receptacleType(coffeeTable_4, coffeeTableType) := true
  receptacleType(handTowelHolder_5, handTowelHolderType) := true
  receptacleType(toilet_6, toiletType) := true
  receptacleType(safe_7, safeType) := true
  receptacleType(laundryHamper_8, laundryHamperType) := true
  receptacleType(sideTable_9, sideTableType) := true
  receptacleType(toaster_10, toasterType) := true
  receptacleType(microwave_11, microwaveType) := true
  receptacleType(fridge_12, fridgeType) := true
  objectType(creditCard_1, creditCardType) := true
  objectType(cloth_2, clothType) := true
  objectType(pepperShaker_3, pepperShakerType) := true
  objectType(soapBottle_4, soapBottleType) := true
  objectType(tennisRacket_5, tennisRacketType) := true
  objectType(tissueBox_6, tissueBoxType) := true
  objectType(soapBar_7, soapBarType) := true
  objectType(butterKnife_8, butterKnifeType) := true
  objectType(basketBall_9, basketBallType) := true
  objectType(pot_10, potType) := true
  canContain(dresserType, creditCardType) := true
  canContain(dresserType, clothType) := true
  canContain(dresserType, tennisRacketType) := true
  canContain(dresserType, tissueBoxType) := true
  canContain(dresserType, basketBallType) := true
  canContain(stoveBurnerType, potType) := true
  canContain(coffeeTableType, creditCardType) := true
  canContain(coffeeTableType, clothType) := true
  canContain(coffeeTableType, pepperShakerType) := true
  canContain(coffeeTableType, soapBottleType) := true
  canContain(coffeeTableType, tennisRacketType) := true
  canContain(coffeeTableType, tissueBoxType) := true
  canContain(coffeeTableType, soapBarType) := true
  canContain(coffeeTableType, butterKnifeType) := true
  canContain(coffeeTableType, basketBallType) := true
  canContain(coffeeTableType, potType) := true
  canContain(toiletType, clothType) := true
  canContain(toiletType, soapBottleType) := true
  canContain(toiletType, tissueBoxType) := true
  canContain(toiletType, soapBarType) := true
  canContain(safeType, creditCardType) := true
  canContain(laundryHamperType, clothType) := true
  canContain(sideTableType, creditCardType) := true
  canContain(sideTableType, clothType) := true
  canContain(sideTableType, pepperShakerType) := true
  canContain(sideTableType, soapBottleType) := true
  canContain(sideTableType, tennisRacketType) := true
  canContain(sideTableType, tissueBoxType) := true
  canContain(sideTableType, soapBarType) := true
  canContain(sideTableType, butterKnifeType) := true
  canContain(sideTableType, basketBallType) := true
  canContain(sideTableType, potType) := true
  canContain(fridgeType, potType) := true
  pickupable(creditCard_1) := true
  pickupable(cloth_2) := true
  cleanable(cloth_2) := true
  pickupable(pepperShaker_3) := true
  pickupable(soapBottle_4) := true
  pickupable(tennisRacket_5) := true
  pickupable(tissueBox_6) := true
  pickupable(soapBar_7) := true
  cleanable(soapBar_7) := true
  pickupable(butterKnife_8) := true
  cleanable(butterKnife_8) := true
  pickupable(basketBall_9) := true
  pickupable(pot_10) := true
  isReceptacleObject(pot_10) := true
  cleanable(pot_10) := true
  coolable(pot_10) := true
  receptacleAtLocation(towelHolder_1, location4) := true
  receptacleAtLocation(dresser_2, location10) := true
  receptacleAtLocation(stoveBurner_3, location10) := true
  receptacleAtLocation(coffeeTable_4, location1) := true
  receptacleAtLocation(handTowelHolder_5, location3) := true
  receptacleAtLocation(toilet_6, location6) := true
  receptacleAtLocation(safe_7, location6) := true
  receptacleAtLocation(laundryHamper_8, location4) := true
  receptacleAtLocation(sideTable_9, location1) := true
  receptacleAtLocation(toaster_10, location7) := true
  receptacleAtLocation(microwave_11, location8) := true
  receptacleAtLocation(fridge_12, location8) := true
  inReceptacle(creditCard_1, dresser_2) := true
  inReceptacle(cloth_2, sideTable_9) := true
  inReceptacle(pepperShaker_3, coffeeTable_4) := true
  inReceptacle(soapBottle_4, toilet_6) := true
  inReceptacle(tennisRacket_5, coffeeTable_4) := true
  inReceptacle(tissueBox_6, coffeeTable_4) := true
  inReceptacle(soapBar_7, toilet_6) := true
  inReceptacle(butterKnife_8, sideTable_9) := true
  inReceptacle(basketBall_9, sideTable_9) := true
  inReceptacle(pot_10, coffeeTable_4) := true
  objectAtLocation(creditCard_1, location10) := true
  objectAtLocation(cloth_2, location1) := true
  objectAtLocation(pepperShaker_3, location1) := true
  objectAtLocation(soapBottle_4, location6) := true
  objectAtLocation(tennisRacket_5, location1) := true
  objectAtLocation(tissueBox_6, location1) := true
  objectAtLocation(soapBar_7, location6) := true
  objectAtLocation(butterKnife_8, location1) := true
  objectAtLocation(basketBall_9, location1) := true
  objectAtLocation(pot_10, location1) := true
  atLocation(agent1, location3) := true
]

goals = [
  Exists (Receptacle - Checkable r) Exists (Obj - Checkable o1) (inReceptacle(o1, r) and objectType(o1, creditCardType) and receptacleType(r, coffeeTableType) and Exists (Obj - Checkable o2) ((not (o1 == o2)) and objectType(o2, soapBarType) and receptacleType(r, coffeeTableType) and inReceptacle(o2, r)))
]

quality metrics = [
  minimize sequential-plan-length
]


2025-06-17 11:20:19,783 - INFO - Generating plan for unconstrained problem

2025-06-17 11:20:20,209 - INFO - Unconstrained plan generation time: 0.4263901710510254

2025-06-17 11:20:20,209 - INFO - Unconstrained plan and cost: 
2025-06-17 11:20:20,209 - INFO - SequentialPlan:
    goToLocation(agent1, location3, location10)
    pickupObject(agent1, location10, creditCard_1, dresser_2)
    goToLocation(agent1, location10, location1)
    putObject(agent1, location1, creditCard_1, coffeeTable_4, creditCardType, coffeeTableType)
    goToLocation(agent1, location1, location6)
    pickupObject(agent1, location6, soapBar_7, toilet_6)
    goToLocation(agent1, location6, location1)
    putObject(agent1, location1, soapBar_7, coffeeTable_4, soapBarType, coffeeTableType)
2025-06-17 11:20:20,210 - INFO - 8
2025-06-17 11:20:20,559 - INFO - Sampled constraints:

2025-06-17 11:20:20,559 - INFO - At-Most-Once(atLocation(agent1, location1))
2025-06-17 11:20:20,559 - INFO - 
2025-06-17 11:20:20,559 - INFO - Generation time: 0.3491189479827881

2025-06-17 11:20:20,560 - INFO - Generating plan for constrained problem (with LiftedTCORE).

2025-06-17 11:20:20,604 - INFO - LiftedTCORE compilation time: 0.04439234733581543

2025-06-17 11:20:21,053 - INFO - Planning Time with LiftedTCORE's file: 0.4490656852722168

