2025-06-17 10:22:14,686 - INFO - 
================= Seed: 784 =================

2025-06-17 10:22:14,693 - INFO - problem name = alfred

types = [ReceptacleType, ObjectType, Checkable, Agent - Checkable, Location - Checkable, Receptacle - Checkable, Obj - Checkable]

fluents = [
  bool atLocation[a=Agent - Checkable, l=Location - Checkable]
  bool receptacleAtLocation[r=Receptacle - Checkable, l=Location - Checkable]
  bool objectAtLocation[o=Obj - Checkable, l=Location - Checkable]
  bool openable[r=Receptacle - Checkable]
  bool opened[r=Receptacle - Checkable]
  bool inReceptacle[o=Obj - Checkable, r=Receptacle - Checkable]
  bool isReceptacleObject[o=Obj - Checkable]
  bool inReceptacleObject[innerObject=Obj - Checkable, outObject=Obj - Checkable]
  bool isReceptacleObjectFull[o=Obj - Checkable]
  bool wasInReceptacle[o=Obj - Checkable, r=Receptacle - Checkable]
  bool checked[c=Checkable]
  bool examined[l=Location - Checkable]
  bool receptacleType[r=Receptacle - Checkable, rt=ReceptacleType]
  bool canContain[rt=ReceptacleType, ot=ObjectType]
  bool objectType[o=Obj - Checkable, t=ObjectType]
  bool holds[a=Agent - Checkable, o=Obj - Checkable]
  bool holdsAny[a=Agent - Checkable]
  bool holdsAnyReceptacleObject[a=Agent - Checkable]
  bool full[r=Receptacle - Checkable]
  bool isClean[o=Obj - Checkable]
  bool cleanable[o=Obj - Checkable]
  bool isHot[o=Obj - Checkable]
  bool heatable[o=Obj - Checkable]
  bool isCool[o=Obj - Checkable]
  bool coolable[o=Obj - Checkable]
  bool pickupable[o=Obj - Checkable]
  bool moveable[o=Obj - Checkable]
  bool toggleable[o=Obj - Checkable]
  bool isOn[o=Obj - Checkable]
  bool isToggled[o=Obj - Checkable]
  bool sliceable[o=Obj - Checkable]
  bool isSliced[o=Obj - Checkable]
]

actions = [
  action look(Agent - Checkable a, Location - Checkable l) {
    preconditions = [
      atLocation(a, l)
    ]
    effects = [
      checked(l) := true
    ]
  }
  action inventory(Agent - Checkable a) {
    preconditions = [
    ]
    effects = [
      checked(a) := true
    ]
  }
  action examineReceptacle(Agent - Checkable a, Receptacle - Checkable r) {
    preconditions = [
      Exists (Location - Checkable l) (atLocation(a, l) and receptacleAtLocation(r, l))
    ]
    effects = [
      checked(r) := true
    ]
  }
  action examineObject(Agent - Checkable a, Obj - Checkable o) {
    preconditions = [
      (Exists (Location - Checkable l) Exists (Receptacle - Checkable r) (atLocation(a, l) and receptacleAtLocation(r, l) and inReceptacle(o, r) and ((not openable(r)) or opened(r))) or holds(a, o))
    ]
    effects = [
      checked(o) := true
    ]
  }
  action goToLocation(Agent - Checkable a, Location - Checkable lstart, Location - Checkable lend) {
    preconditions = [
      atLocation(a, lstart)
    ]
    effects = [
      atLocation(a, lstart) := false
      atLocation(a, lend) := true
    ]
  }
  action openObject(Agent - Checkable a, Location - Checkable l, Receptacle - Checkable r) {
    preconditions = [
      (openable(r) and atLocation(a, l) and receptacleAtLocation(r, l) and (not opened(r)))
    ]
    effects = [
      opened(r) := true
      checked(r) := true
    ]
  }
  action closeObject(Agent - Checkable a, Location - Checkable l, Receptacle - Checkable r) {
    preconditions = [
      (openable(r) and atLocation(a, l) and receptacleAtLocation(r, l) and opened(r))
    ]
    effects = [
      opened(r) := false
    ]
  }
  action pickupObject(Agent - Checkable a, Location - Checkable l, Obj - Checkable o, Receptacle - Checkable r) {
    preconditions = [
      (pickupable(o) and atLocation(a, l) and receptacleAtLocation(r, l) and inReceptacle(o, r) and (not holdsAny(a)) and ((not openable(r)) or opened(r)))
    ]
    effects = [
      inReceptacle(o, r) := false
      holds(a, o) := true
      holdsAny(a) := true
      objectAtLocation(o, l) := false
    ]
  }
  action putObject(Agent - Checkable a, Location - Checkable l, Obj - Checkable o, Receptacle - Checkable r, ObjectType ot, ReceptacleType rt) {
    preconditions = [
      (holds(a, o) and atLocation(a, l) and receptacleAtLocation(r, l) and ((not openable(r)) or opened(r)) and objectType(o, ot) and receptacleType(r, rt) and canContain(rt, ot))
    ]
    effects = [
      inReceptacle(o, r) := true
      objectAtLocation(o, l) := true
      holds(a, o) := false
      holdsAny(a) := false
    ]
  }
  action cleanObject(Agent - Checkable a, Location - Checkable l, Receptacle - Checkable r, Obj - Checkable o) {
    preconditions = [
      (cleanable(o) and receptacleType(r, sinkBasinType) and atLocation(a, l) and receptacleAtLocation(r, l) and holds(a, o))
    ]
    effects = [
      isClean(o) := true
    ]
  }
  action heatObject(Agent - Checkable a, Location - Checkable l, Receptacle - Checkable r, Obj - Checkable o) {
    preconditions = [
      (heatable(o) and receptacleType(r, microwaveType) and atLocation(a, l) and receptacleAtLocation(r, l) and holds(a, o))
    ]
    effects = [
      isHot(o) := true
      isCool(o) := false
    ]
  }
  action coolObject(Agent - Checkable a, Location - Checkable l, Receptacle - Checkable r, Obj - Checkable o) {
    preconditions = [
      (coolable(o) and receptacleType(r, fridgeType) and atLocation(a, l) and receptacleAtLocation(r, l) and holds(a, o))
    ]
    effects = [
      isCool(o) := true
      isHot(o) := false
    ]
  }
  action toggleObject(Agent - Checkable a, Location - Checkable l, Obj - Checkable o, Receptacle - Checkable r) {
    preconditions = [
      (toggleable(o) and atLocation(a, l) and receptacleAtLocation(r, l) and inReceptacle(o, r))
    ]
    effects = [
      if isOn(o) then isOn(o) := false
      if (not isOn(o)) then isOn(o) := true
      isToggled(o) := true
    ]
  }
  action sliceObject(Agent - Checkable a, Location - Checkable l, Obj - Checkable co, Obj - Checkable ko) {
    preconditions = [
      (sliceable(co) and (objectType(ko, knifeType) or objectType(ko, butterKnifeType)) and atLocation(a, l) and objectAtLocation(co, l) and holds(a, ko))
    ]
    effects = [
      isSliced(co) := true
    ]
  }
  action help(Agent - Checkable a) {
    preconditions = [
    ]
    effects = [
      checked(a) := true
    ]
  }
]

objects = [
  ReceptacleType: [sinkBasinType, microwaveType, fridgeType, coffeeTableType, armChairType, drawerType, handTowelHolderType, toasterType, toiletType]
  ObjectType: [knifeType, butterKnifeType, cupType, laptopType, baseballBatType, paperTowelType, lettuceType, watchType, breadType, eggType, pillowType, panType]
  Checkable: [agent1, location1, location2, location3, location4, location5, location6, location7, location8, location9, location10, coffeeTable_1, armChair_2, drawer_3, handTowelHolder_4, fridge_5, toaster_6, handTowelHolder_7, toilet_8, handTowelHolder_9, microwave_10, cup_1, laptop_2, baseballBat_3, paperTowel_4, lettuce_5, watch_6, bread_7, egg_8, pillow_9, pan_10]
  Agent - Checkable: [agent1]
  Location - Checkable: [location1, location2, location3, location4, location5, location6, location7, location8, location9, location10]
  Receptacle - Checkable: [coffeeTable_1, armChair_2, drawer_3, handTowelHolder_4, fridge_5, toaster_6, handTowelHolder_7, toilet_8, handTowelHolder_9, microwave_10]
  Obj - Checkable: [cup_1, laptop_2, baseballBat_3, paperTowel_4, lettuce_5, watch_6, bread_7, egg_8, pillow_9, pan_10]
]

initial fluents default = [
  bool atLocation[a=Agent - Checkable, l=Location - Checkable] := false
  bool receptacleAtLocation[r=Receptacle - Checkable, l=Location - Checkable] := false
  bool objectAtLocation[o=Obj - Checkable, l=Location - Checkable] := false
  bool openable[r=Receptacle - Checkable] := false
  bool opened[r=Receptacle - Checkable] := false
  bool inReceptacle[o=Obj - Checkable, r=Receptacle - Checkable] := false
  bool isReceptacleObject[o=Obj - Checkable] := false
  bool inReceptacleObject[innerObject=Obj - Checkable, outObject=Obj - Checkable] := false
  bool isReceptacleObjectFull[o=Obj - Checkable] := false
  bool wasInReceptacle[o=Obj - Checkable, r=Receptacle - Checkable] := false
  bool checked[c=Checkable] := false
  bool examined[l=Location - Checkable] := false
  bool receptacleType[r=Receptacle - Checkable, rt=ReceptacleType] := false
  bool canContain[rt=ReceptacleType, ot=ObjectType] := false
  bool objectType[o=Obj - Checkable, t=ObjectType] := false
  bool holds[a=Agent - Checkable, o=Obj - Checkable] := false
  bool holdsAny[a=Agent - Checkable] := false
  bool holdsAnyReceptacleObject[a=Agent - Checkable] := false
  bool full[r=Receptacle - Checkable] := false
  bool isClean[o=Obj - Checkable] := false
  bool cleanable[o=Obj - Checkable] := false
  bool isHot[o=Obj - Checkable] := false
  bool heatable[o=Obj - Checkable] := false
  bool isCool[o=Obj - Checkable] := false
  bool coolable[o=Obj - Checkable] := false
  bool pickupable[o=Obj - Checkable] := false
  bool moveable[o=Obj - Checkable] := false
  bool toggleable[o=Obj - Checkable] := false
  bool isOn[o=Obj - Checkable] := false
  bool isToggled[o=Obj - Checkable] := false
  bool sliceable[o=Obj - Checkable] := false
  bool isSliced[o=Obj - Checkable] := false
]

initial values = [
  receptacleType(coffeeTable_1, coffeeTableType) := true
  receptacleType(armChair_2, armChairType) := true
  receptacleType(drawer_3, drawerType) := true
  receptacleType(handTowelHolder_4, handTowelHolderType) := true
  receptacleType(fridge_5, fridgeType) := true
  receptacleType(toaster_6, toasterType) := true
  receptacleType(handTowelHolder_7, handTowelHolderType) := true
  receptacleType(toilet_8, toiletType) := true
  receptacleType(handTowelHolder_9, handTowelHolderType) := true
  receptacleType(microwave_10, microwaveType) := true
  objectType(cup_1, cupType) := true
  objectType(laptop_2, laptopType) := true
  objectType(baseballBat_3, baseballBatType) := true
  objectType(paperTowel_4, paperTowelType) := true
  objectType(lettuce_5, lettuceType) := true
  objectType(watch_6, watchType) := true
  objectType(bread_7, breadType) := true
  objectType(egg_8, eggType) := true
  objectType(pillow_9, pillowType) := true
  objectType(pan_10, panType) := true
  canContain(coffeeTableType, cupType) := true
  canContain(coffeeTableType, laptopType) := true
  canContain(coffeeTableType, baseballBatType) := true
  canContain(coffeeTableType, paperTowelType) := true
  canContain(coffeeTableType, lettuceType) := true
  canContain(coffeeTableType, watchType) := true
  canContain(coffeeTableType, breadType) := true
  canContain(coffeeTableType, eggType) := true
  canContain(coffeeTableType, panType) := true
  canContain(armChairType, laptopType) := true
  canContain(armChairType, pillowType) := true
  canContain(drawerType, watchType) := true
  canContain(fridgeType, cupType) := true
  canContain(fridgeType, lettuceType) := true
  canContain(fridgeType, breadType) := true
  canContain(fridgeType, eggType) := true
  canContain(fridgeType, panType) := true
  canContain(toiletType, paperTowelType) := true
  canContain(microwaveType, cupType) := true
  canContain(microwaveType, breadType) := true
  canContain(microwaveType, eggType) := true
  pickupable(cup_1) := true
  isReceptacleObject(cup_1) := true
  cleanable(cup_1) := true
  heatable(cup_1) := true
  coolable(cup_1) := true
  pickupable(laptop_2) := true
  pickupable(baseballBat_3) := true
  pickupable(paperTowel_4) := true
  pickupable(lettuce_5) := true
  cleanable(lettuce_5) := true
  coolable(lettuce_5) := true
  sliceable(lettuce_5) := true
  pickupable(watch_6) := true
  pickupable(bread_7) := true
  heatable(bread_7) := true
  coolable(bread_7) := true
  sliceable(bread_7) := true
  pickupable(egg_8) := true
  cleanable(egg_8) := true
  heatable(egg_8) := true
  coolable(egg_8) := true
  sliceable(egg_8) := true
  pickupable(pillow_9) := true
  pickupable(pan_10) := true
  isReceptacleObject(pan_10) := true
  cleanable(pan_10) := true
  coolable(pan_10) := true
  receptacleAtLocation(coffeeTable_1, location7) := true
  receptacleAtLocation(armChair_2, location3) := true
  receptacleAtLocation(drawer_3, location10) := true
  receptacleAtLocation(handTowelHolder_4, location7) := true
  receptacleAtLocation(fridge_5, location9) := true
  receptacleAtLocation(toaster_6, location7) := true
  receptacleAtLocation(handTowelHolder_7, location8) := true
  receptacleAtLocation(toilet_8, location6) := true
  receptacleAtLocation(handTowelHolder_9, location3) := true
  receptacleAtLocation(microwave_10, location8) := true
  inReceptacle(cup_1, fridge_5) := true
  inReceptacle(laptop_2, armChair_2) := true
  inReceptacle(watch_6, coffeeTable_1) := true
  objectAtLocation(cup_1, location9) := true
  objectAtLocation(laptop_2, location3) := true
  objectAtLocation(baseballBat_3, location9) := true
  objectAtLocation(paperTowel_4, location4) := true
  objectAtLocation(lettuce_5, location7) := true
  objectAtLocation(watch_6, location7) := true
  objectAtLocation(bread_7, location2) := true
  objectAtLocation(egg_8, location7) := true
  objectAtLocation(pillow_9, location7) := true
  objectAtLocation(pan_10, location9) := true
  atLocation(agent1, location3) := true
]

goals = [
  Exists (Receptacle - Checkable r) Exists (Obj - Checkable o1) (inReceptacle(o1, r) and objectType(o1, cupType) and receptacleType(r, coffeeTableType) and Exists (Obj - Checkable o2) ((not (o1 == o2)) and objectType(o2, cupType) and receptacleType(r, coffeeTableType) and inReceptacle(o2, r)))
]

quality metrics = [
  minimize sequential-plan-length
]


2025-06-17 10:22:14,695 - INFO - Generating plan for unconstrained problem

2025-06-17 10:22:15,073 - INFO - Unconstrained plan generation time: 0.378002405166626

