2025-06-17 09:56:01,457 - INFO - 
================= Seed: 479 =================

2025-06-17 09:56:01,465 - INFO - problem name = alfred

types = [ReceptacleType, ObjectType, Checkable, Agent - Checkable, Location - Checkable, Receptacle - Checkable, Obj - Checkable]

fluents = [
  bool atLocation[a=Agent - Checkable, l=Location - Checkable]
  bool receptacleAtLocation[r=Receptacle - Checkable, l=Location - Checkable]
  bool objectAtLocation[o=Obj - Checkable, l=Location - Checkable]
  bool openable[r=Receptacle - Checkable]
  bool opened[r=Receptacle - Checkable]
  bool inReceptacle[o=Obj - Checkable, r=Receptacle - Checkable]
  bool isReceptacleObject[o=Obj - Checkable]
  bool inReceptacleObject[innerObject=Obj - Checkable, outObject=Obj - Checkable]
  bool isReceptacleObjectFull[o=Obj - Checkable]
  bool wasInReceptacle[o=Obj - Checkable, r=Receptacle - Checkable]
  bool checked[c=Checkable]
  bool examined[l=Location - Checkable]
  bool receptacleType[r=Receptacle - Checkable, rt=ReceptacleType]
  bool canContain[rt=ReceptacleType, ot=ObjectType]
  bool objectType[o=Obj - Checkable, t=ObjectType]
  bool holds[a=Agent - Checkable, o=Obj - Checkable]
  bool holdsAny[a=Agent - Checkable]
  bool holdsAnyReceptacleObject[a=Agent - Checkable]
  bool full[r=Receptacle - Checkable]
  bool isClean[o=Obj - Checkable]
  bool cleanable[o=Obj - Checkable]
  bool isHot[o=Obj - Checkable]
  bool heatable[o=Obj - Checkable]
  bool isCool[o=Obj - Checkable]
  bool coolable[o=Obj - Checkable]
  bool pickupable[o=Obj - Checkable]
  bool moveable[o=Obj - Checkable]
  bool toggleable[o=Obj - Checkable]
  bool isOn[o=Obj - Checkable]
  bool isToggled[o=Obj - Checkable]
  bool sliceable[o=Obj - Checkable]
  bool isSliced[o=Obj - Checkable]
]

actions = [
  action look(Agent - Checkable a, Location - Checkable l) {
    preconditions = [
      atLocation(a, l)
    ]
    effects = [
      checked(l) := true
    ]
  }
  action inventory(Agent - Checkable a) {
    preconditions = [
    ]
    effects = [
      checked(a) := true
    ]
  }
  action examineReceptacle(Agent - Checkable a, Receptacle - Checkable r) {
    preconditions = [
      Exists (Location - Checkable l) (atLocation(a, l) and receptacleAtLocation(r, l))
    ]
    effects = [
      checked(r) := true
    ]
  }
  action examineObject(Agent - Checkable a, Obj - Checkable o) {
    preconditions = [
      (Exists (Location - Checkable l) Exists (Receptacle - Checkable r) (atLocation(a, l) and receptacleAtLocation(r, l) and inReceptacle(o, r) and ((not openable(r)) or opened(r))) or holds(a, o))
    ]
    effects = [
      checked(o) := true
    ]
  }
  action goToLocation(Agent - Checkable a, Location - Checkable lstart, Location - Checkable lend) {
    preconditions = [
      atLocation(a, lstart)
    ]
    effects = [
      atLocation(a, lstart) := false
      atLocation(a, lend) := true
    ]
  }
  action openObject(Agent - Checkable a, Location - Checkable l, Receptacle - Checkable r) {
    preconditions = [
      (openable(r) and atLocation(a, l) and receptacleAtLocation(r, l) and (not opened(r)))
    ]
    effects = [
      opened(r) := true
      checked(r) := true
    ]
  }
  action closeObject(Agent - Checkable a, Location - Checkable l, Receptacle - Checkable r) {
    preconditions = [
      (openable(r) and atLocation(a, l) and receptacleAtLocation(r, l) and opened(r))
    ]
    effects = [
      opened(r) := false
    ]
  }
  action pickupObject(Agent - Checkable a, Location - Checkable l, Obj - Checkable o, Receptacle - Checkable r) {
    preconditions = [
      (pickupable(o) and atLocation(a, l) and receptacleAtLocation(r, l) and inReceptacle(o, r) and (not holdsAny(a)) and ((not openable(r)) or opened(r)))
    ]
    effects = [
      inReceptacle(o, r) := false
      holds(a, o) := true
      holdsAny(a) := true
      objectAtLocation(o, l) := false
    ]
  }
  action putObject(Agent - Checkable a, Location - Checkable l, Obj - Checkable o, Receptacle - Checkable r, ObjectType ot, ReceptacleType rt) {
    preconditions = [
      (holds(a, o) and atLocation(a, l) and receptacleAtLocation(r, l) and ((not openable(r)) or opened(r)) and objectType(o, ot) and receptacleType(r, rt) and canContain(rt, ot))
    ]
    effects = [
      inReceptacle(o, r) := true
      objectAtLocation(o, l) := true
      holds(a, o) := false
      holdsAny(a) := false
    ]
  }
  action cleanObject(Agent - Checkable a, Location - Checkable l, Receptacle - Checkable r, Obj - Checkable o) {
    preconditions = [
      (cleanable(o) and receptacleType(r, sinkBasinType) and atLocation(a, l) and receptacleAtLocation(r, l) and holds(a, o))
    ]
    effects = [
      isClean(o) := true
    ]
  }
  action heatObject(Agent - Checkable a, Location - Checkable l, Receptacle - Checkable r, Obj - Checkable o) {
    preconditions = [
      (heatable(o) and receptacleType(r, microwaveType) and atLocation(a, l) and receptacleAtLocation(r, l) and holds(a, o))
    ]
    effects = [
      isHot(o) := true
      isCool(o) := false
    ]
  }
  action coolObject(Agent - Checkable a, Location - Checkable l, Receptacle - Checkable r, Obj - Checkable o) {
    preconditions = [
      (coolable(o) and receptacleType(r, fridgeType) and atLocation(a, l) and receptacleAtLocation(r, l) and holds(a, o))
    ]
    effects = [
      isCool(o) := true
      isHot(o) := false
    ]
  }
  action toggleObject(Agent - Checkable a, Location - Checkable l, Obj - Checkable o, Receptacle - Checkable r) {
    preconditions = [
      (toggleable(o) and atLocation(a, l) and receptacleAtLocation(r, l) and inReceptacle(o, r))
    ]
    effects = [
      if isOn(o) then isOn(o) := false
      if (not isOn(o)) then isOn(o) := true
      isToggled(o) := true
    ]
  }
  action sliceObject(Agent - Checkable a, Location - Checkable l, Obj - Checkable co, Obj - Checkable ko) {
    preconditions = [
      (sliceable(co) and (objectType(ko, knifeType) or objectType(ko, butterKnifeType)) and atLocation(a, l) and objectAtLocation(co, l) and holds(a, ko))
    ]
    effects = [
      isSliced(co) := true
    ]
  }
  action help(Agent - Checkable a) {
    preconditions = [
    ]
    effects = [
      checked(a) := true
    ]
  }
]

objects = [
  ReceptacleType: [sinkBasinType, microwaveType, fridgeType, toasterType, deskType, tvStandType, coffeeTableType, safeType, towelHolderType, toiletType, cartType]
  ObjectType: [knifeType, butterKnifeType, saltShakerType, vaseType, candleType, pepperShakerType, sprayBottleType, creditCardType, bookType, toiletPaperRollType, cupType]
  Checkable: [agent1, location1, location2, location3, location4, location5, location6, location7, location8, location9, location10, toaster_1, desk_2, tvStand_3, coffeeTable_4, safe_5, towelHolder_6, towelHolder_7, towelHolder_8, toilet_9, cart_10, butterKnife_1, saltShaker_2, vase_3, candle_4, pepperShaker_5, sprayBottle_6, creditCard_7, book_8, toiletPaperRoll_9, cup_10]
  Agent - Checkable: [agent1]
  Location - Checkable: [location1, location2, location3, location4, location5, location6, location7, location8, location9, location10]
  Receptacle - Checkable: [toaster_1, desk_2, tvStand_3, coffeeTable_4, safe_5, towelHolder_6, towelHolder_7, towelHolder_8, toilet_9, cart_10]
  Obj - Checkable: [butterKnife_1, saltShaker_2, vase_3, candle_4, pepperShaker_5, sprayBottle_6, creditCard_7, book_8, toiletPaperRoll_9, cup_10]
]

initial fluents default = [
  bool atLocation[a=Agent - Checkable, l=Location - Checkable] := false
  bool receptacleAtLocation[r=Receptacle - Checkable, l=Location - Checkable] := false
  bool objectAtLocation[o=Obj - Checkable, l=Location - Checkable] := false
  bool openable[r=Receptacle - Checkable] := false
  bool opened[r=Receptacle - Checkable] := false
  bool inReceptacle[o=Obj - Checkable, r=Receptacle - Checkable] := false
  bool isReceptacleObject[o=Obj - Checkable] := false
  bool inReceptacleObject[innerObject=Obj - Checkable, outObject=Obj - Checkable] := false
  bool isReceptacleObjectFull[o=Obj - Checkable] := false
  bool wasInReceptacle[o=Obj - Checkable, r=Receptacle - Checkable] := false
  bool checked[c=Checkable] := false
  bool examined[l=Location - Checkable] := false
  bool receptacleType[r=Receptacle - Checkable, rt=ReceptacleType] := false
  bool canContain[rt=ReceptacleType, ot=ObjectType] := false
  bool objectType[o=Obj - Checkable, t=ObjectType] := false
  bool holds[a=Agent - Checkable, o=Obj - Checkable] := false
  bool holdsAny[a=Agent - Checkable] := false
  bool holdsAnyReceptacleObject[a=Agent - Checkable] := false
  bool full[r=Receptacle - Checkable] := false
  bool isClean[o=Obj - Checkable] := false
  bool cleanable[o=Obj - Checkable] := false
  bool isHot[o=Obj - Checkable] := false
  bool heatable[o=Obj - Checkable] := false
  bool isCool[o=Obj - Checkable] := false
  bool coolable[o=Obj - Checkable] := false
  bool pickupable[o=Obj - Checkable] := false
  bool moveable[o=Obj - Checkable] := false
  bool toggleable[o=Obj - Checkable] := false
  bool isOn[o=Obj - Checkable] := false
  bool isToggled[o=Obj - Checkable] := false
  bool sliceable[o=Obj - Checkable] := false
  bool isSliced[o=Obj - Checkable] := false
]

initial values = [
  receptacleType(toaster_1, toasterType) := true
  receptacleType(desk_2, deskType) := true
  receptacleType(tvStand_3, tvStandType) := true
  receptacleType(coffeeTable_4, coffeeTableType) := true
  receptacleType(safe_5, safeType) := true
  receptacleType(towelHolder_6, towelHolderType) := true
  receptacleType(towelHolder_7, towelHolderType) := true
  receptacleType(towelHolder_8, towelHolderType) := true
  receptacleType(toilet_9, toiletType) := true
  receptacleType(cart_10, cartType) := true
  objectType(butterKnife_1, butterKnifeType) := true
  objectType(saltShaker_2, saltShakerType) := true
  objectType(vase_3, vaseType) := true
  objectType(candle_4, candleType) := true
  objectType(pepperShaker_5, pepperShakerType) := true
  objectType(sprayBottle_6, sprayBottleType) := true
  objectType(creditCard_7, creditCardType) := true
  objectType(book_8, bookType) := true
  objectType(toiletPaperRoll_9, toiletPaperRollType) := true
  objectType(cup_10, cupType) := true
  canContain(deskType, vaseType) := true
  canContain(deskType, candleType) := true
  canContain(deskType, sprayBottleType) := true
  canContain(deskType, creditCardType) := true
  canContain(deskType, bookType) := true
  canContain(deskType, toiletPaperRollType) := true
  canContain(deskType, cupType) := true
  canContain(coffeeTableType, butterKnifeType) := true
  canContain(coffeeTableType, saltShakerType) := true
  canContain(coffeeTableType, vaseType) := true
  canContain(coffeeTableType, candleType) := true
  canContain(coffeeTableType, pepperShakerType) := true
  canContain(coffeeTableType, sprayBottleType) := true
  canContain(coffeeTableType, creditCardType) := true
  canContain(coffeeTableType, bookType) := true
  canContain(coffeeTableType, toiletPaperRollType) := true
  canContain(coffeeTableType, cupType) := true
  canContain(safeType, vaseType) := true
  canContain(safeType, creditCardType) := true
  canContain(toiletType, candleType) := true
  canContain(toiletType, sprayBottleType) := true
  canContain(toiletType, toiletPaperRollType) := true
  canContain(cartType, vaseType) := true
  canContain(cartType, candleType) := true
  canContain(cartType, sprayBottleType) := true
  canContain(cartType, toiletPaperRollType) := true
  pickupable(butterKnife_1) := true
  cleanable(butterKnife_1) := true
  pickupable(saltShaker_2) := true
  pickupable(vase_3) := true
  pickupable(candle_4) := true
  pickupable(pepperShaker_5) := true
  pickupable(sprayBottle_6) := true
  pickupable(creditCard_7) := true
  pickupable(book_8) := true
  pickupable(toiletPaperRoll_9) := true
  pickupable(cup_10) := true
  isReceptacleObject(cup_10) := true
  cleanable(cup_10) := true
  heatable(cup_10) := true
  coolable(cup_10) := true
  receptacleAtLocation(toaster_1, location1) := true
  receptacleAtLocation(desk_2, location3) := true
  receptacleAtLocation(tvStand_3, location5) := true
  receptacleAtLocation(coffeeTable_4, location8) := true
  receptacleAtLocation(safe_5, location6) := true
  receptacleAtLocation(towelHolder_6, location10) := true
  receptacleAtLocation(towelHolder_7, location9) := true
  receptacleAtLocation(towelHolder_8, location5) := true
  receptacleAtLocation(toilet_9, location7) := true
  receptacleAtLocation(cart_10, location10) := true
  inReceptacle(vase_3, safe_5) := true
  inReceptacle(sprayBottle_6, cart_10) := true
  inReceptacle(book_8, desk_2) := true
  inReceptacle(cup_10, desk_2) := true
  objectAtLocation(butterKnife_1, location2) := true
  objectAtLocation(saltShaker_2, location3) := true
  objectAtLocation(vase_3, location6) := true
  objectAtLocation(candle_4, location4) := true
  objectAtLocation(pepperShaker_5, location1) := true
  objectAtLocation(sprayBottle_6, location10) := true
  objectAtLocation(creditCard_7, location3) := true
  objectAtLocation(book_8, location3) := true
  objectAtLocation(toiletPaperRoll_9, location8) := true
  objectAtLocation(cup_10, location3) := true
  atLocation(agent1, location10) := true
]

goals = [
  Exists (Receptacle - Checkable r) Exists (Obj - Checkable o) (inReceptacle(o, r) and objectType(o, toiletPaperRollType) and receptacleType(r, toiletType))
]

quality metrics = [
  minimize sequential-plan-length
]


2025-06-17 09:56:01,468 - INFO - Generating plan for unconstrained problem

2025-06-17 09:56:01,877 - INFO - Unconstrained plan generation time: 0.4086334705352783

