2025-06-17 11:20:58,984 - INFO - 
================= Seed: 236 =================

2025-06-17 11:20:58,984 - INFO - problem name = alfred

types = [ReceptacleType, ObjectType, Checkable, Agent - Checkable, Location - Checkable, Receptacle - Checkable, Obj - Checkable]

fluents = [
  bool atLocation[a=Agent - Checkable, l=Location - Checkable]
  bool receptacleAtLocation[r=Receptacle - Checkable, l=Location - Checkable]
  bool objectAtLocation[o=Obj - Checkable, l=Location - Checkable]
  bool openable[r=Receptacle - Checkable]
  bool opened[r=Receptacle - Checkable]
  bool inReceptacle[o=Obj - Checkable, r=Receptacle - Checkable]
  bool isReceptacleObject[o=Obj - Checkable]
  bool inReceptacleObject[innerObject=Obj - Checkable, outObject=Obj - Checkable]
  bool isReceptacleObjectFull[o=Obj - Checkable]
  bool wasInReceptacle[o=Obj - Checkable, r=Receptacle - Checkable]
  bool checked[c=Checkable]
  bool examined[l=Location - Checkable]
  bool receptacleType[r=Receptacle - Checkable, rt=ReceptacleType]
  bool canContain[rt=ReceptacleType, ot=ObjectType]
  bool objectType[o=Obj - Checkable, t=ObjectType]
  bool holds[a=Agent - Checkable, o=Obj - Checkable]
  bool holdsAny[a=Agent - Checkable]
  bool holdsAnyReceptacleObject[a=Agent - Checkable]
  bool full[r=Receptacle - Checkable]
  bool isClean[o=Obj - Checkable]
  bool cleanable[o=Obj - Checkable]
  bool isHot[o=Obj - Checkable]
  bool heatable[o=Obj - Checkable]
  bool isCool[o=Obj - Checkable]
  bool coolable[o=Obj - Checkable]
  bool pickupable[o=Obj - Checkable]
  bool moveable[o=Obj - Checkable]
  bool toggleable[o=Obj - Checkable]
  bool isOn[o=Obj - Checkable]
  bool isToggled[o=Obj - Checkable]
  bool sliceable[o=Obj - Checkable]
  bool isSliced[o=Obj - Checkable]
]

actions = [
  action look(Agent - Checkable a, Location - Checkable l) {
    preconditions = [
      atLocation(a, l)
    ]
    effects = [
      checked(l) := true
    ]
  }
  action inventory(Agent - Checkable a) {
    preconditions = [
    ]
    effects = [
      checked(a) := true
    ]
  }
  action examineReceptacle(Agent - Checkable a, Receptacle - Checkable r) {
    preconditions = [
      Exists (Location - Checkable l) (atLocation(a, l) and receptacleAtLocation(r, l))
    ]
    effects = [
      checked(r) := true
    ]
  }
  action examineObject(Agent - Checkable a, Obj - Checkable o) {
    preconditions = [
      (Exists (Location - Checkable l) Exists (Receptacle - Checkable r) (atLocation(a, l) and receptacleAtLocation(r, l) and inReceptacle(o, r) and ((not openable(r)) or opened(r))) or holds(a, o))
    ]
    effects = [
      checked(o) := true
    ]
  }
  action goToLocation(Agent - Checkable a, Location - Checkable lstart, Location - Checkable lend) {
    preconditions = [
      atLocation(a, lstart)
    ]
    effects = [
      atLocation(a, lstart) := false
      atLocation(a, lend) := true
    ]
  }
  action openObject(Agent - Checkable a, Location - Checkable l, Receptacle - Checkable r) {
    preconditions = [
      (openable(r) and atLocation(a, l) and receptacleAtLocation(r, l) and (not opened(r)))
    ]
    effects = [
      opened(r) := true
      checked(r) := true
    ]
  }
  action closeObject(Agent - Checkable a, Location - Checkable l, Receptacle - Checkable r) {
    preconditions = [
      (openable(r) and atLocation(a, l) and receptacleAtLocation(r, l) and opened(r))
    ]
    effects = [
      opened(r) := false
    ]
  }
  action pickupObject(Agent - Checkable a, Location - Checkable l, Obj - Checkable o, Receptacle - Checkable r) {
    preconditions = [
      (pickupable(o) and atLocation(a, l) and receptacleAtLocation(r, l) and inReceptacle(o, r) and (not holdsAny(a)) and ((not openable(r)) or opened(r)))
    ]
    effects = [
      inReceptacle(o, r) := false
      holds(a, o) := true
      holdsAny(a) := true
      objectAtLocation(o, l) := false
    ]
  }
  action putObject(Agent - Checkable a, Location - Checkable l, Obj - Checkable o, Receptacle - Checkable r, ObjectType ot, ReceptacleType rt) {
    preconditions = [
      (holds(a, o) and atLocation(a, l) and receptacleAtLocation(r, l) and ((not openable(r)) or opened(r)) and objectType(o, ot) and receptacleType(r, rt) and canContain(rt, ot))
    ]
    effects = [
      inReceptacle(o, r) := true
      objectAtLocation(o, l) := true
      holds(a, o) := false
      holdsAny(a) := false
    ]
  }
  action cleanObject(Agent - Checkable a, Location - Checkable l, Receptacle - Checkable r, Obj - Checkable o) {
    preconditions = [
      (cleanable(o) and receptacleType(r, sinkBasinType) and atLocation(a, l) and receptacleAtLocation(r, l) and holds(a, o))
    ]
    effects = [
      isClean(o) := true
    ]
  }
  action heatObject(Agent - Checkable a, Location - Checkable l, Receptacle - Checkable r, Obj - Checkable o) {
    preconditions = [
      (heatable(o) and receptacleType(r, microwaveType) and atLocation(a, l) and receptacleAtLocation(r, l) and holds(a, o))
    ]
    effects = [
      isHot(o) := true
      isCool(o) := false
    ]
  }
  action coolObject(Agent - Checkable a, Location - Checkable l, Receptacle - Checkable r, Obj - Checkable o) {
    preconditions = [
      (coolable(o) and receptacleType(r, fridgeType) and atLocation(a, l) and receptacleAtLocation(r, l) and holds(a, o))
    ]
    effects = [
      isCool(o) := true
      isHot(o) := false
    ]
  }
  action toggleObject(Agent - Checkable a, Location - Checkable l, Obj - Checkable o, Receptacle - Checkable r) {
    preconditions = [
      (toggleable(o) and atLocation(a, l) and receptacleAtLocation(r, l) and inReceptacle(o, r))
    ]
    effects = [
      if isOn(o) then isOn(o) := false
      if (not isOn(o)) then isOn(o) := true
      isToggled(o) := true
    ]
  }
  action sliceObject(Agent - Checkable a, Location - Checkable l, Obj - Checkable co, Obj - Checkable ko) {
    preconditions = [
      (sliceable(co) and (objectType(ko, knifeType) or objectType(ko, butterKnifeType)) and atLocation(a, l) and objectAtLocation(co, l) and holds(a, ko))
    ]
    effects = [
      isSliced(co) := true
    ]
  }
  action help(Agent - Checkable a) {
    preconditions = [
    ]
    effects = [
      checked(a) := true
    ]
  }
]

objects = [
  ReceptacleType: [sinkBasinType, microwaveType, fridgeType, sofaType, stoveBurnerType, toiletPaperHangerType, dresserType, shelfType, diningTableType, ottomanType, cabinetType, laundryHamperType]
  ObjectType: [knifeType, butterKnifeType, potatoType, ladleType, clothType, newspaperType, appleType, bowlType, forkType]
  Checkable: [agent1, location1, location2, location3, location4, location5, location6, location7, location8, location9, location10, sofa_1, stoveBurner_2, toiletPaperHanger_3, dresser_4, stoveBurner_5, shelf_6, diningTable_7, ottoman_8, cabinet_9, laundryHamper_10, microwave_11, fridge_12, potato_1, ladle_2, cloth_3, newspaper_4, apple_5, bowl_6, knife_7, knife_8, fork_9, bowl_10]
  Agent - Checkable: [agent1]
  Location - Checkable: [location1, location2, location3, location4, location5, location6, location7, location8, location9, location10]
  Receptacle - Checkable: [sofa_1, stoveBurner_2, toiletPaperHanger_3, dresser_4, stoveBurner_5, shelf_6, diningTable_7, ottoman_8, cabinet_9, laundryHamper_10, microwave_11, fridge_12]
  Obj - Checkable: [potato_1, ladle_2, cloth_3, newspaper_4, apple_5, bowl_6, knife_7, knife_8, fork_9, bowl_10]
]

initial fluents default = [
  bool atLocation[a=Agent - Checkable, l=Location - Checkable] := false
  bool receptacleAtLocation[r=Receptacle - Checkable, l=Location - Checkable] := false
  bool objectAtLocation[o=Obj - Checkable, l=Location - Checkable] := false
  bool openable[r=Receptacle - Checkable] := false
  bool opened[r=Receptacle - Checkable] := false
  bool inReceptacle[o=Obj - Checkable, r=Receptacle - Checkable] := false
  bool isReceptacleObject[o=Obj - Checkable] := false
  bool inReceptacleObject[innerObject=Obj - Checkable, outObject=Obj - Checkable] := false
  bool isReceptacleObjectFull[o=Obj - Checkable] := false
  bool wasInReceptacle[o=Obj - Checkable, r=Receptacle - Checkable] := false
  bool checked[c=Checkable] := false
  bool examined[l=Location - Checkable] := false
  bool receptacleType[r=Receptacle - Checkable, rt=ReceptacleType] := false
  bool canContain[rt=ReceptacleType, ot=ObjectType] := false
  bool objectType[o=Obj - Checkable, t=ObjectType] := false
  bool holds[a=Agent - Checkable, o=Obj - Checkable] := false
  bool holdsAny[a=Agent - Checkable] := false
  bool holdsAnyReceptacleObject[a=Agent - Checkable] := false
  bool full[r=Receptacle - Checkable] := false
  bool isClean[o=Obj - Checkable] := false
  bool cleanable[o=Obj - Checkable] := false
  bool isHot[o=Obj - Checkable] := false
  bool heatable[o=Obj - Checkable] := false
  bool isCool[o=Obj - Checkable] := false
  bool coolable[o=Obj - Checkable] := false
  bool pickupable[o=Obj - Checkable] := false
  bool moveable[o=Obj - Checkable] := false
  bool toggleable[o=Obj - Checkable] := false
  bool isOn[o=Obj - Checkable] := false
  bool isToggled[o=Obj - Checkable] := false
  bool sliceable[o=Obj - Checkable] := false
  bool isSliced[o=Obj - Checkable] := false
]

initial values = [
  receptacleType(sofa_1, sofaType) := true
  receptacleType(stoveBurner_2, stoveBurnerType) := true
  receptacleType(toiletPaperHanger_3, toiletPaperHangerType) := true
  receptacleType(dresser_4, dresserType) := true
  receptacleType(stoveBurner_5, stoveBurnerType) := true
  receptacleType(shelf_6, shelfType) := true
  receptacleType(diningTable_7, diningTableType) := true
  receptacleType(ottoman_8, ottomanType) := true
  receptacleType(cabinet_9, cabinetType) := true
  receptacleType(laundryHamper_10, laundryHamperType) := true
  receptacleType(microwave_11, microwaveType) := true
  receptacleType(fridge_12, fridgeType) := true
  objectType(potato_1, potatoType) := true
  objectType(ladle_2, ladleType) := true
  objectType(cloth_3, clothType) := true
  objectType(newspaper_4, newspaperType) := true
  objectType(apple_5, appleType) := true
  objectType(bowl_6, bowlType) := true
  objectType(knife_7, knifeType) := true
  objectType(knife_8, knifeType) := true
  objectType(fork_9, forkType) := true
  objectType(bowl_10, bowlType) := true
  canContain(sofaType, clothType) := true
  canContain(sofaType, newspaperType) := true
  canContain(dresserType, clothType) := true
  canContain(dresserType, newspaperType) := true
  canContain(dresserType, bowlType) := true
  canContain(shelfType, clothType) := true
  canContain(shelfType, newspaperType) := true
  canContain(shelfType, bowlType) := true
  canContain(diningTableType, potatoType) := true
  canContain(diningTableType, ladleType) := true
  canContain(diningTableType, clothType) := true
  canContain(diningTableType, newspaperType) := true
  canContain(diningTableType, appleType) := true
  canContain(diningTableType, bowlType) := true
  canContain(diningTableType, knifeType) := true
  canContain(diningTableType, forkType) := true
  canContain(ottomanType, clothType) := true
  canContain(ottomanType, newspaperType) := true
  canContain(cabinetType, ladleType) := true
  canContain(cabinetType, clothType) := true
  canContain(cabinetType, newspaperType) := true
  canContain(cabinetType, bowlType) := true
  canContain(laundryHamperType, clothType) := true
  canContain(microwaveType, potatoType) := true
  canContain(microwaveType, appleType) := true
  canContain(microwaveType, bowlType) := true
  canContain(fridgeType, potatoType) := true
  canContain(fridgeType, appleType) := true
  canContain(fridgeType, bowlType) := true
  pickupable(potato_1) := true
  cleanable(potato_1) := true
  heatable(potato_1) := true
  coolable(potato_1) := true
  sliceable(potato_1) := true
  pickupable(ladle_2) := true
  cleanable(ladle_2) := true
  pickupable(cloth_3) := true
  cleanable(cloth_3) := true
  pickupable(newspaper_4) := true
  pickupable(apple_5) := true
  cleanable(apple_5) := true
  heatable(apple_5) := true
  coolable(apple_5) := true
  sliceable(apple_5) := true
  pickupable(bowl_6) := true
  isReceptacleObject(bowl_6) := true
  cleanable(bowl_6) := true
  coolable(bowl_6) := true
  pickupable(knife_7) := true
  cleanable(knife_7) := true
  pickupable(knife_8) := true
  cleanable(knife_8) := true
  pickupable(fork_9) := true
  cleanable(fork_9) := true
  pickupable(bowl_10) := true
  isReceptacleObject(bowl_10) := true
  cleanable(bowl_10) := true
  coolable(bowl_10) := true
  receptacleAtLocation(sofa_1, location7) := true
  receptacleAtLocation(stoveBurner_2, location1) := true
  receptacleAtLocation(toiletPaperHanger_3, location1) := true
  receptacleAtLocation(dresser_4, location2) := true
  receptacleAtLocation(stoveBurner_5, location6) := true
  receptacleAtLocation(shelf_6, location2) := true
  receptacleAtLocation(diningTable_7, location4) := true
  receptacleAtLocation(ottoman_8, location2) := true
  receptacleAtLocation(cabinet_9, location7) := true
  receptacleAtLocation(laundryHamper_10, location5) := true
  receptacleAtLocation(microwave_11, location6) := true
  receptacleAtLocation(fridge_12, location6) := true
  inReceptacle(potato_1, microwave_11) := true
  inReceptacle(ladle_2, cabinet_9) := true
  inReceptacle(cloth_3, shelf_6) := true
  inReceptacle(newspaper_4, diningTable_7) := true
  inReceptacle(apple_5, diningTable_7) := true
  inReceptacle(bowl_6, shelf_6) := true
  inReceptacle(knife_7, diningTable_7) := true
  inReceptacle(knife_8, diningTable_7) := true
  inReceptacle(fork_9, diningTable_7) := true
  inReceptacle(bowl_10, dresser_4) := true
  objectAtLocation(potato_1, location6) := true
  objectAtLocation(ladle_2, location7) := true
  objectAtLocation(cloth_3, location2) := true
  objectAtLocation(newspaper_4, location4) := true
  objectAtLocation(apple_5, location4) := true
  objectAtLocation(bowl_6, location2) := true
  objectAtLocation(knife_7, location4) := true
  objectAtLocation(knife_8, location4) := true
  objectAtLocation(fork_9, location4) := true
  objectAtLocation(bowl_10, location2) := true
  atLocation(agent1, location9) := true
]

goals = [
  Exists (Receptacle - Checkable r) Exists (Obj - Checkable o) (inReceptacle(o, r) and objectType(o, newspaperType) and receptacleType(r, diningTableType))
]

quality metrics = [
  minimize sequential-plan-length
]


2025-06-17 11:20:58,986 - INFO - Generating plan for unconstrained problem

2025-06-17 11:20:59,461 - INFO - Unconstrained plan generation time: 0.47464799880981445

2025-06-17 11:20:59,461 - INFO - Unconstrained plan and cost: 
2025-06-17 11:20:59,461 - INFO - SequentialPlan:
2025-06-17 11:20:59,461 - INFO - 0
2025-06-17 11:20:59,723 - INFO - Sampled constraints:

2025-06-17 11:20:59,724 - INFO - Sometime(checked(knife_8))
2025-06-17 11:20:59,724 - INFO - 
2025-06-17 11:20:59,724 - INFO - Generation time: 0.2620680332183838

2025-06-17 11:20:59,725 - INFO - Generating plan for constrained problem (with LiftedTCORE).

2025-06-17 11:20:59,778 - INFO - LiftedTCORE compilation time: 0.053333282470703125

2025-06-17 11:21:00,239 - INFO - Planning Time with LiftedTCORE's file: 0.4612436294555664

2025-06-17 11:21:00,240 - INFO - Plan found with LiftedTCORE + sym_bd: SequentialPlan:
    goToLocation(agent1, location9, location4)
    examineObject(agent1, knife_8)
2025-06-17 11:21:00,240 - INFO - Seed: 236 is solvable

2025-06-17 11:21:00,240 - INFO - Unconstrained cost: 0
2025-06-17 11:21:00,240 - INFO - Constrained cost: 2
2025-06-17 11:21:00,240 - INFO - Seed: 236 Plan simulation is feasible
2025-06-17 11:21:00,240 - INFO - 
Seed: 236 
 Plan: [goToLocation(agent1, location9, location4), examineObject(agent1, knife_8)]  
 Cost: 2

