2025-06-17 10:24:24,777 - INFO - 
================= Seed: 975 =================

2025-06-17 10:24:24,781 - INFO - problem name = alfred

types = [ReceptacleType, ObjectType, Checkable, Agent - Checkable, Location - Checkable, Receptacle - Checkable, Obj - Checkable]

fluents = [
  bool atLocation[a=Agent - Checkable, l=Location - Checkable]
  bool receptacleAtLocation[r=Receptacle - Checkable, l=Location - Checkable]
  bool objectAtLocation[o=Obj - Checkable, l=Location - Checkable]
  bool openable[r=Receptacle - Checkable]
  bool opened[r=Receptacle - Checkable]
  bool inReceptacle[o=Obj - Checkable, r=Receptacle - Checkable]
  bool isReceptacleObject[o=Obj - Checkable]
  bool inReceptacleObject[innerObject=Obj - Checkable, outObject=Obj - Checkable]
  bool isReceptacleObjectFull[o=Obj - Checkable]
  bool wasInReceptacle[o=Obj - Checkable, r=Receptacle - Checkable]
  bool checked[c=Checkable]
  bool examined[l=Location - Checkable]
  bool receptacleType[r=Receptacle - Checkable, rt=ReceptacleType]
  bool canContain[rt=ReceptacleType, ot=ObjectType]
  bool objectType[o=Obj - Checkable, t=ObjectType]
  bool holds[a=Agent - Checkable, o=Obj - Checkable]
  bool holdsAny[a=Agent - Checkable]
  bool holdsAnyReceptacleObject[a=Agent - Checkable]
  bool full[r=Receptacle - Checkable]
  bool isClean[o=Obj - Checkable]
  bool cleanable[o=Obj - Checkable]
  bool isHot[o=Obj - Checkable]
  bool heatable[o=Obj - Checkable]
  bool isCool[o=Obj - Checkable]
  bool coolable[o=Obj - Checkable]
  bool pickupable[o=Obj - Checkable]
  bool moveable[o=Obj - Checkable]
  bool toggleable[o=Obj - Checkable]
  bool isOn[o=Obj - Checkable]
  bool isToggled[o=Obj - Checkable]
  bool sliceable[o=Obj - Checkable]
  bool isSliced[o=Obj - Checkable]
]

actions = [
  action look(Agent - Checkable a, Location - Checkable l) {
    preconditions = [
      atLocation(a, l)
    ]
    effects = [
      checked(l) := true
    ]
  }
  action inventory(Agent - Checkable a) {
    preconditions = [
    ]
    effects = [
      checked(a) := true
    ]
  }
  action examineReceptacle(Agent - Checkable a, Receptacle - Checkable r) {
    preconditions = [
      Exists (Location - Checkable l) (atLocation(a, l) and receptacleAtLocation(r, l))
    ]
    effects = [
      checked(r) := true
    ]
  }
  action examineObject(Agent - Checkable a, Obj - Checkable o) {
    preconditions = [
      (Exists (Location - Checkable l) Exists (Receptacle - Checkable r) (atLocation(a, l) and receptacleAtLocation(r, l) and inReceptacle(o, r) and ((not openable(r)) or opened(r))) or holds(a, o))
    ]
    effects = [
      checked(o) := true
    ]
  }
  action goToLocation(Agent - Checkable a, Location - Checkable lstart, Location - Checkable lend) {
    preconditions = [
      atLocation(a, lstart)
    ]
    effects = [
      atLocation(a, lstart) := false
      atLocation(a, lend) := true
    ]
  }
  action openObject(Agent - Checkable a, Location - Checkable l, Receptacle - Checkable r) {
    preconditions = [
      (openable(r) and atLocation(a, l) and receptacleAtLocation(r, l) and (not opened(r)))
    ]
    effects = [
      opened(r) := true
      checked(r) := true
    ]
  }
  action closeObject(Agent - Checkable a, Location - Checkable l, Receptacle - Checkable r) {
    preconditions = [
      (openable(r) and atLocation(a, l) and receptacleAtLocation(r, l) and opened(r))
    ]
    effects = [
      opened(r) := false
    ]
  }
  action pickupObject(Agent - Checkable a, Location - Checkable l, Obj - Checkable o, Receptacle - Checkable r) {
    preconditions = [
      (pickupable(o) and atLocation(a, l) and receptacleAtLocation(r, l) and inReceptacle(o, r) and (not holdsAny(a)) and ((not openable(r)) or opened(r)))
    ]
    effects = [
      inReceptacle(o, r) := false
      holds(a, o) := true
      holdsAny(a) := true
      objectAtLocation(o, l) := false
    ]
  }
  action putObject(Agent - Checkable a, Location - Checkable l, Obj - Checkable o, Receptacle - Checkable r, ObjectType ot, ReceptacleType rt) {
    preconditions = [
      (holds(a, o) and atLocation(a, l) and receptacleAtLocation(r, l) and ((not openable(r)) or opened(r)) and objectType(o, ot) and receptacleType(r, rt) and canContain(rt, ot))
    ]
    effects = [
      inReceptacle(o, r) := true
      objectAtLocation(o, l) := true
      holds(a, o) := false
      holdsAny(a) := false
    ]
  }
  action cleanObject(Agent - Checkable a, Location - Checkable l, Receptacle - Checkable r, Obj - Checkable o) {
    preconditions = [
      (cleanable(o) and receptacleType(r, sinkBasinType) and atLocation(a, l) and receptacleAtLocation(r, l) and holds(a, o))
    ]
    effects = [
      isClean(o) := true
    ]
  }
  action heatObject(Agent - Checkable a, Location - Checkable l, Receptacle - Checkable r, Obj - Checkable o) {
    preconditions = [
      (heatable(o) and receptacleType(r, microwaveType) and atLocation(a, l) and receptacleAtLocation(r, l) and holds(a, o))
    ]
    effects = [
      isHot(o) := true
      isCool(o) := false
    ]
  }
  action coolObject(Agent - Checkable a, Location - Checkable l, Receptacle - Checkable r, Obj - Checkable o) {
    preconditions = [
      (coolable(o) and receptacleType(r, fridgeType) and atLocation(a, l) and receptacleAtLocation(r, l) and holds(a, o))
    ]
    effects = [
      isCool(o) := true
      isHot(o) := false
    ]
  }
  action toggleObject(Agent - Checkable a, Location - Checkable l, Obj - Checkable o, Receptacle - Checkable r) {
    preconditions = [
      (toggleable(o) and atLocation(a, l) and receptacleAtLocation(r, l) and inReceptacle(o, r))
    ]
    effects = [
      if isOn(o) then isOn(o) := false
      if (not isOn(o)) then isOn(o) := true
      isToggled(o) := true
    ]
  }
  action sliceObject(Agent - Checkable a, Location - Checkable l, Obj - Checkable co, Obj - Checkable ko) {
    preconditions = [
      (sliceable(co) and (objectType(ko, knifeType) or objectType(ko, butterKnifeType)) and atLocation(a, l) and objectAtLocation(co, l) and holds(a, ko))
    ]
    effects = [
      isSliced(co) := true
    ]
  }
  action help(Agent - Checkable a) {
    preconditions = [
    ]
    effects = [
      checked(a) := true
    ]
  }
]

objects = [
  ReceptacleType: [sinkBasinType, microwaveType, fridgeType, toiletPaperHangerType, ottomanType, drawerType, toiletType, bathtubBasinType, safeType, deskType, bedType, sofaType]
  ObjectType: [knifeType, butterKnifeType, bowlType, forkType, dishSpongeType, penType, boxType, glassbottleType, remoteControlType, potType]
  Checkable: [agent1, location1, location2, location3, location4, location5, location6, location7, location8, location9, location10, toiletPaperHanger_1, ottoman_2, ottoman_3, drawer_4, toilet_5, bathtubBasin_6, safe_7, desk_8, bed_9, sofa_10, bowl_1, fork_2, dishSponge_3, bowl_4, pen_5, knife_6, box_7, glassbottle_8, remoteControl_9, pot_10]
  Agent - Checkable: [agent1]
  Location - Checkable: [location1, location2, location3, location4, location5, location6, location7, location8, location9, location10]
  Receptacle - Checkable: [toiletPaperHanger_1, ottoman_2, ottoman_3, drawer_4, toilet_5, bathtubBasin_6, safe_7, desk_8, bed_9, sofa_10]
  Obj - Checkable: [bowl_1, fork_2, dishSponge_3, bowl_4, pen_5, knife_6, box_7, glassbottle_8, remoteControl_9, pot_10]
]

initial fluents default = [
  bool atLocation[a=Agent - Checkable, l=Location - Checkable] := false
  bool receptacleAtLocation[r=Receptacle - Checkable, l=Location - Checkable] := false
  bool objectAtLocation[o=Obj - Checkable, l=Location - Checkable] := false
  bool openable[r=Receptacle - Checkable] := false
  bool opened[r=Receptacle - Checkable] := false
  bool inReceptacle[o=Obj - Checkable, r=Receptacle - Checkable] := false
  bool isReceptacleObject[o=Obj - Checkable] := false
  bool inReceptacleObject[innerObject=Obj - Checkable, outObject=Obj - Checkable] := false
  bool isReceptacleObjectFull[o=Obj - Checkable] := false
  bool wasInReceptacle[o=Obj - Checkable, r=Receptacle - Checkable] := false
  bool checked[c=Checkable] := false
  bool examined[l=Location - Checkable] := false
  bool receptacleType[r=Receptacle - Checkable, rt=ReceptacleType] := false
  bool canContain[rt=ReceptacleType, ot=ObjectType] := false
  bool objectType[o=Obj - Checkable, t=ObjectType] := false
  bool holds[a=Agent - Checkable, o=Obj - Checkable] := false
  bool holdsAny[a=Agent - Checkable] := false
  bool holdsAnyReceptacleObject[a=Agent - Checkable] := false
  bool full[r=Receptacle - Checkable] := false
  bool isClean[o=Obj - Checkable] := false
  bool cleanable[o=Obj - Checkable] := false
  bool isHot[o=Obj - Checkable] := false
  bool heatable[o=Obj - Checkable] := false
  bool isCool[o=Obj - Checkable] := false
  bool coolable[o=Obj - Checkable] := false
  bool pickupable[o=Obj - Checkable] := false
  bool moveable[o=Obj - Checkable] := false
  bool toggleable[o=Obj - Checkable] := false
  bool isOn[o=Obj - Checkable] := false
  bool isToggled[o=Obj - Checkable] := false
  bool sliceable[o=Obj - Checkable] := false
  bool isSliced[o=Obj - Checkable] := false
]

initial values = [
  receptacleType(toiletPaperHanger_1, toiletPaperHangerType) := true
  receptacleType(ottoman_2, ottomanType) := true
  receptacleType(ottoman_3, ottomanType) := true
  receptacleType(drawer_4, drawerType) := true
  receptacleType(toilet_5, toiletType) := true
  receptacleType(bathtubBasin_6, bathtubBasinType) := true
  receptacleType(safe_7, safeType) := true
  receptacleType(desk_8, deskType) := true
  receptacleType(bed_9, bedType) := true
  receptacleType(sofa_10, sofaType) := true
  objectType(bowl_1, bowlType) := true
  objectType(fork_2, forkType) := true
  objectType(dishSponge_3, dishSpongeType) := true
  objectType(bowl_4, bowlType) := true
  objectType(pen_5, penType) := true
  objectType(knife_6, knifeType) := true
  objectType(box_7, boxType) := true
  objectType(glassbottle_8, glassbottleType) := true
  objectType(remoteControl_9, remoteControlType) := true
  objectType(pot_10, potType) := true
  canContain(ottomanType, boxType) := true
  canContain(ottomanType, remoteControlType) := true
  canContain(drawerType, forkType) := true
  canContain(drawerType, dishSpongeType) := true
  canContain(drawerType, penType) := true
  canContain(drawerType, knifeType) := true
  canContain(drawerType, remoteControlType) := true
  canContain(toiletType, dishSpongeType) := true
  canContain(bathtubBasinType, dishSpongeType) := true
  canContain(deskType, bowlType) := true
  canContain(deskType, penType) := true
  canContain(deskType, boxType) := true
  canContain(deskType, glassbottleType) := true
  canContain(deskType, remoteControlType) := true
  canContain(sofaType, boxType) := true
  canContain(sofaType, remoteControlType) := true
  pickupable(bowl_1) := true
  isReceptacleObject(bowl_1) := true
  cleanable(bowl_1) := true
  coolable(bowl_1) := true
  pickupable(fork_2) := true
  cleanable(fork_2) := true
  pickupable(dishSponge_3) := true
  cleanable(dishSponge_3) := true
  pickupable(bowl_4) := true
  isReceptacleObject(bowl_4) := true
  cleanable(bowl_4) := true
  coolable(bowl_4) := true
  pickupable(pen_5) := true
  pickupable(knife_6) := true
  cleanable(knife_6) := true
  pickupable(box_7) := true
  isReceptacleObject(box_7) := true
  pickupable(glassbottle_8) := true
  pickupable(remoteControl_9) := true
  pickupable(pot_10) := true
  isReceptacleObject(pot_10) := true
  cleanable(pot_10) := true
  coolable(pot_10) := true
  receptacleAtLocation(toiletPaperHanger_1, location6) := true
  receptacleAtLocation(ottoman_2, location3) := true
  receptacleAtLocation(ottoman_3, location5) := true
  receptacleAtLocation(drawer_4, location9) := true
  receptacleAtLocation(toilet_5, location10) := true
  receptacleAtLocation(bathtubBasin_6, location7) := true
  receptacleAtLocation(safe_7, location4) := true
  receptacleAtLocation(desk_8, location4) := true
  receptacleAtLocation(bed_9, location7) := true
  receptacleAtLocation(sofa_10, location6) := true
  inReceptacle(dishSponge_3, drawer_4) := true
  inReceptacle(remoteControl_9, desk_8) := true
  objectAtLocation(bowl_1, location4) := true
  objectAtLocation(fork_2, location2) := true
  objectAtLocation(dishSponge_3, location9) := true
  objectAtLocation(bowl_4, location2) := true
  objectAtLocation(pen_5, location2) := true
  objectAtLocation(knife_6, location3) := true
  objectAtLocation(box_7, location8) := true
  objectAtLocation(glassbottle_8, location1) := true
  objectAtLocation(remoteControl_9, location4) := true
  objectAtLocation(pot_10, location1) := true
  atLocation(agent1, location3) := true
]

goals = [
  Exists (Receptacle - Checkable r) Exists (Obj - Checkable o) (inReceptacle(o, r) and objectType(o, forkType) and receptacleType(r, drawerType))
]

quality metrics = [
  minimize sequential-plan-length
]


2025-06-17 10:24:24,783 - INFO - Generating plan for unconstrained problem

2025-06-17 10:24:25,092 - INFO - Unconstrained plan generation time: 0.30851316452026367

