2025-06-17 10:22:55,720 - INFO - 
================= Seed: 840 =================

2025-06-17 10:22:55,725 - INFO - problem name = alfred

types = [ReceptacleType, ObjectType, Checkable, Agent - Checkable, Location - Checkable, Receptacle - Checkable, Obj - Checkable]

fluents = [
  bool atLocation[a=Agent - Checkable, l=Location - Checkable]
  bool receptacleAtLocation[r=Receptacle - Checkable, l=Location - Checkable]
  bool objectAtLocation[o=Obj - Checkable, l=Location - Checkable]
  bool openable[r=Receptacle - Checkable]
  bool opened[r=Receptacle - Checkable]
  bool inReceptacle[o=Obj - Checkable, r=Receptacle - Checkable]
  bool isReceptacleObject[o=Obj - Checkable]
  bool inReceptacleObject[innerObject=Obj - Checkable, outObject=Obj - Checkable]
  bool isReceptacleObjectFull[o=Obj - Checkable]
  bool wasInReceptacle[o=Obj - Checkable, r=Receptacle - Checkable]
  bool checked[c=Checkable]
  bool examined[l=Location - Checkable]
  bool receptacleType[r=Receptacle - Checkable, rt=ReceptacleType]
  bool canContain[rt=ReceptacleType, ot=ObjectType]
  bool objectType[o=Obj - Checkable, t=ObjectType]
  bool holds[a=Agent - Checkable, o=Obj - Checkable]
  bool holdsAny[a=Agent - Checkable]
  bool holdsAnyReceptacleObject[a=Agent - Checkable]
  bool full[r=Receptacle - Checkable]
  bool isClean[o=Obj - Checkable]
  bool cleanable[o=Obj - Checkable]
  bool isHot[o=Obj - Checkable]
  bool heatable[o=Obj - Checkable]
  bool isCool[o=Obj - Checkable]
  bool coolable[o=Obj - Checkable]
  bool pickupable[o=Obj - Checkable]
  bool moveable[o=Obj - Checkable]
  bool toggleable[o=Obj - Checkable]
  bool isOn[o=Obj - Checkable]
  bool isToggled[o=Obj - Checkable]
  bool sliceable[o=Obj - Checkable]
  bool isSliced[o=Obj - Checkable]
]

actions = [
  action look(Agent - Checkable a, Location - Checkable l) {
    preconditions = [
      atLocation(a, l)
    ]
    effects = [
      checked(l) := true
    ]
  }
  action inventory(Agent - Checkable a) {
    preconditions = [
    ]
    effects = [
      checked(a) := true
    ]
  }
  action examineReceptacle(Agent - Checkable a, Receptacle - Checkable r) {
    preconditions = [
      Exists (Location - Checkable l) (atLocation(a, l) and receptacleAtLocation(r, l))
    ]
    effects = [
      checked(r) := true
    ]
  }
  action examineObject(Agent - Checkable a, Obj - Checkable o) {
    preconditions = [
      (Exists (Location - Checkable l) Exists (Receptacle - Checkable r) (atLocation(a, l) and receptacleAtLocation(r, l) and inReceptacle(o, r) and ((not openable(r)) or opened(r))) or holds(a, o))
    ]
    effects = [
      checked(o) := true
    ]
  }
  action goToLocation(Agent - Checkable a, Location - Checkable lstart, Location - Checkable lend) {
    preconditions = [
      atLocation(a, lstart)
    ]
    effects = [
      atLocation(a, lstart) := false
      atLocation(a, lend) := true
    ]
  }
  action openObject(Agent - Checkable a, Location - Checkable l, Receptacle - Checkable r) {
    preconditions = [
      (openable(r) and atLocation(a, l) and receptacleAtLocation(r, l) and (not opened(r)))
    ]
    effects = [
      opened(r) := true
      checked(r) := true
    ]
  }
  action closeObject(Agent - Checkable a, Location - Checkable l, Receptacle - Checkable r) {
    preconditions = [
      (openable(r) and atLocation(a, l) and receptacleAtLocation(r, l) and opened(r))
    ]
    effects = [
      opened(r) := false
    ]
  }
  action pickupObject(Agent - Checkable a, Location - Checkable l, Obj - Checkable o, Receptacle - Checkable r) {
    preconditions = [
      (pickupable(o) and atLocation(a, l) and receptacleAtLocation(r, l) and inReceptacle(o, r) and (not holdsAny(a)) and ((not openable(r)) or opened(r)))
    ]
    effects = [
      inReceptacle(o, r) := false
      holds(a, o) := true
      holdsAny(a) := true
      objectAtLocation(o, l) := false
    ]
  }
  action putObject(Agent - Checkable a, Location - Checkable l, Obj - Checkable o, Receptacle - Checkable r, ObjectType ot, ReceptacleType rt) {
    preconditions = [
      (holds(a, o) and atLocation(a, l) and receptacleAtLocation(r, l) and ((not openable(r)) or opened(r)) and objectType(o, ot) and receptacleType(r, rt) and canContain(rt, ot))
    ]
    effects = [
      inReceptacle(o, r) := true
      objectAtLocation(o, l) := true
      holds(a, o) := false
      holdsAny(a) := false
    ]
  }
  action cleanObject(Agent - Checkable a, Location - Checkable l, Receptacle - Checkable r, Obj - Checkable o) {
    preconditions = [
      (cleanable(o) and receptacleType(r, sinkBasinType) and atLocation(a, l) and receptacleAtLocation(r, l) and holds(a, o))
    ]
    effects = [
      isClean(o) := true
    ]
  }
  action heatObject(Agent - Checkable a, Location - Checkable l, Receptacle - Checkable r, Obj - Checkable o) {
    preconditions = [
      (heatable(o) and receptacleType(r, microwaveType) and atLocation(a, l) and receptacleAtLocation(r, l) and holds(a, o))
    ]
    effects = [
      isHot(o) := true
      isCool(o) := false
    ]
  }
  action coolObject(Agent - Checkable a, Location - Checkable l, Receptacle - Checkable r, Obj - Checkable o) {
    preconditions = [
      (coolable(o) and receptacleType(r, fridgeType) and atLocation(a, l) and receptacleAtLocation(r, l) and holds(a, o))
    ]
    effects = [
      isCool(o) := true
      isHot(o) := false
    ]
  }
  action toggleObject(Agent - Checkable a, Location - Checkable l, Obj - Checkable o, Receptacle - Checkable r) {
    preconditions = [
      (toggleable(o) and atLocation(a, l) and receptacleAtLocation(r, l) and inReceptacle(o, r))
    ]
    effects = [
      if isOn(o) then isOn(o) := false
      if (not isOn(o)) then isOn(o) := true
      isToggled(o) := true
    ]
  }
  action sliceObject(Agent - Checkable a, Location - Checkable l, Obj - Checkable co, Obj - Checkable ko) {
    preconditions = [
      (sliceable(co) and (objectType(ko, knifeType) or objectType(ko, butterKnifeType)) and atLocation(a, l) and objectAtLocation(co, l) and holds(a, ko))
    ]
    effects = [
      isSliced(co) := true
    ]
  }
  action help(Agent - Checkable a) {
    preconditions = [
    ]
    effects = [
      checked(a) := true
    ]
  }
]

objects = [
  ReceptacleType: [sinkBasinType, microwaveType, fridgeType, counterTopType, toasterType, coffeeTableType, sideTableType, safeType, cartType, stoveBurnerType]
  ObjectType: [knifeType, butterKnifeType, plateType, cupType, glassbottleType, mugType, watchType, newspaperType, remoteControlType, cdType, creditCardType, panType]
  Checkable: [agent1, location1, location2, location3, location4, location5, location6, location7, location8, location9, location10, counterTop_1, toaster_2, coffeeTable_3, sideTable_4, safe_5, cart_6, sideTable_7, sideTable_8, stoveBurner_9, fridge_10, plate_1, cup_2, glassbottle_3, mug_4, watch_5, newspaper_6, remoteControl_7, cd_8, creditCard_9, pan_10]
  Agent - Checkable: [agent1]
  Location - Checkable: [location1, location2, location3, location4, location5, location6, location7, location8, location9, location10]
  Receptacle - Checkable: [counterTop_1, toaster_2, coffeeTable_3, sideTable_4, safe_5, cart_6, sideTable_7, sideTable_8, stoveBurner_9, fridge_10]
  Obj - Checkable: [plate_1, cup_2, glassbottle_3, mug_4, watch_5, newspaper_6, remoteControl_7, cd_8, creditCard_9, pan_10]
]

initial fluents default = [
  bool atLocation[a=Agent - Checkable, l=Location - Checkable] := false
  bool receptacleAtLocation[r=Receptacle - Checkable, l=Location - Checkable] := false
  bool objectAtLocation[o=Obj - Checkable, l=Location - Checkable] := false
  bool openable[r=Receptacle - Checkable] := false
  bool opened[r=Receptacle - Checkable] := false
  bool inReceptacle[o=Obj - Checkable, r=Receptacle - Checkable] := false
  bool isReceptacleObject[o=Obj - Checkable] := false
  bool inReceptacleObject[innerObject=Obj - Checkable, outObject=Obj - Checkable] := false
  bool isReceptacleObjectFull[o=Obj - Checkable] := false
  bool wasInReceptacle[o=Obj - Checkable, r=Receptacle - Checkable] := false
  bool checked[c=Checkable] := false
  bool examined[l=Location - Checkable] := false
  bool receptacleType[r=Receptacle - Checkable, rt=ReceptacleType] := false
  bool canContain[rt=ReceptacleType, ot=ObjectType] := false
  bool objectType[o=Obj - Checkable, t=ObjectType] := false
  bool holds[a=Agent - Checkable, o=Obj - Checkable] := false
  bool holdsAny[a=Agent - Checkable] := false
  bool holdsAnyReceptacleObject[a=Agent - Checkable] := false
  bool full[r=Receptacle - Checkable] := false
  bool isClean[o=Obj - Checkable] := false
  bool cleanable[o=Obj - Checkable] := false
  bool isHot[o=Obj - Checkable] := false
  bool heatable[o=Obj - Checkable] := false
  bool isCool[o=Obj - Checkable] := false
  bool coolable[o=Obj - Checkable] := false
  bool pickupable[o=Obj - Checkable] := false
  bool moveable[o=Obj - Checkable] := false
  bool toggleable[o=Obj - Checkable] := false
  bool isOn[o=Obj - Checkable] := false
  bool isToggled[o=Obj - Checkable] := false
  bool sliceable[o=Obj - Checkable] := false
  bool isSliced[o=Obj - Checkable] := false
]

initial values = [
  receptacleType(counterTop_1, counterTopType) := true
  receptacleType(toaster_2, toasterType) := true
  receptacleType(coffeeTable_3, coffeeTableType) := true
  receptacleType(sideTable_4, sideTableType) := true
  receptacleType(safe_5, safeType) := true
  receptacleType(cart_6, cartType) := true
  receptacleType(sideTable_7, sideTableType) := true
  receptacleType(sideTable_8, sideTableType) := true
  receptacleType(stoveBurner_9, stoveBurnerType) := true
  receptacleType(fridge_10, fridgeType) := true
  objectType(plate_1, plateType) := true
  objectType(cup_2, cupType) := true
  objectType(glassbottle_3, glassbottleType) := true
  objectType(mug_4, mugType) := true
  objectType(watch_5, watchType) := true
  objectType(newspaper_6, newspaperType) := true
  objectType(remoteControl_7, remoteControlType) := true
  objectType(cd_8, cdType) := true
  objectType(creditCard_9, creditCardType) := true
  objectType(pan_10, panType) := true
  canContain(counterTopType, plateType) := true
  canContain(counterTopType, cupType) := true
  canContain(counterTopType, glassbottleType) := true
  canContain(counterTopType, mugType) := true
  canContain(counterTopType, watchType) := true
  canContain(counterTopType, newspaperType) := true
  canContain(counterTopType, remoteControlType) := true
  canContain(counterTopType, cdType) := true
  canContain(counterTopType, creditCardType) := true
  canContain(counterTopType, panType) := true
  canContain(coffeeTableType, plateType) := true
  canContain(coffeeTableType, cupType) := true
  canContain(coffeeTableType, glassbottleType) := true
  canContain(coffeeTableType, mugType) := true
  canContain(coffeeTableType, watchType) := true
  canContain(coffeeTableType, newspaperType) := true
  canContain(coffeeTableType, remoteControlType) := true
  canContain(coffeeTableType, creditCardType) := true
  canContain(coffeeTableType, panType) := true
  canContain(sideTableType, plateType) := true
  canContain(sideTableType, cupType) := true
  canContain(sideTableType, glassbottleType) := true
  canContain(sideTableType, mugType) := true
  canContain(sideTableType, watchType) := true
  canContain(sideTableType, newspaperType) := true
  canContain(sideTableType, remoteControlType) := true
  canContain(sideTableType, creditCardType) := true
  canContain(sideTableType, panType) := true
  canContain(safeType, watchType) := true
  canContain(safeType, cdType) := true
  canContain(safeType, creditCardType) := true
  canContain(cartType, mugType) := true
  canContain(stoveBurnerType, panType) := true
  canContain(fridgeType, plateType) := true
  canContain(fridgeType, cupType) := true
  canContain(fridgeType, glassbottleType) := true
  canContain(fridgeType, mugType) := true
  canContain(fridgeType, panType) := true
  pickupable(plate_1) := true
  isReceptacleObject(plate_1) := true
  cleanable(plate_1) := true
  heatable(plate_1) := true
  coolable(plate_1) := true
  pickupable(cup_2) := true
  isReceptacleObject(cup_2) := true
  cleanable(cup_2) := true
  heatable(cup_2) := true
  coolable(cup_2) := true
  pickupable(glassbottle_3) := true
  pickupable(mug_4) := true
  isReceptacleObject(mug_4) := true
  cleanable(mug_4) := true
  heatable(mug_4) := true
  coolable(mug_4) := true
  pickupable(watch_5) := true
  pickupable(newspaper_6) := true
  pickupable(remoteControl_7) := true
  pickupable(cd_8) := true
  pickupable(creditCard_9) := true
  pickupable(pan_10) := true
  isReceptacleObject(pan_10) := true
  cleanable(pan_10) := true
  coolable(pan_10) := true
  receptacleAtLocation(counterTop_1, location7) := true
  receptacleAtLocation(toaster_2, location9) := true
  receptacleAtLocation(coffeeTable_3, location9) := true
  receptacleAtLocation(sideTable_4, location4) := true
  receptacleAtLocation(safe_5, location9) := true
  receptacleAtLocation(cart_6, location8) := true
  receptacleAtLocation(sideTable_7, location8) := true
  receptacleAtLocation(sideTable_8, location2) := true
  receptacleAtLocation(stoveBurner_9, location3) := true
  receptacleAtLocation(fridge_10, location5) := true
  inReceptacle(cup_2, sideTable_7) := true
  inReceptacle(glassbottle_3, sideTable_8) := true
  inReceptacle(mug_4, fridge_10) := true
  inReceptacle(watch_5, sideTable_7) := true
  inReceptacle(newspaper_6, coffeeTable_3) := true
  inReceptacle(remoteControl_7, sideTable_7) := true
  objectAtLocation(plate_1, location7) := true
  objectAtLocation(cup_2, location8) := true
  objectAtLocation(glassbottle_3, location2) := true
  objectAtLocation(mug_4, location5) := true
  objectAtLocation(watch_5, location8) := true
  objectAtLocation(newspaper_6, location9) := true
  objectAtLocation(remoteControl_7, location8) := true
  objectAtLocation(cd_8, location3) := true
  objectAtLocation(creditCard_9, location8) := true
  objectAtLocation(pan_10, location1) := true
  atLocation(agent1, location9) := true
]

goals = [
  Exists (Receptacle - Checkable r) Exists (Obj - Checkable o) (coolable(o) and objectType(o, panType) and receptacleType(r, stoveBurnerType) and isCool(o) and inReceptacle(o, r))
]

quality metrics = [
  minimize sequential-plan-length
]


2025-06-17 10:22:55,727 - INFO - Generating plan for unconstrained problem

2025-06-17 10:22:56,067 - INFO - Unconstrained plan generation time: 0.34007716178894043

