2025-06-17 10:22:08,598 - INFO - 
================= Seed: 775 =================

2025-06-17 10:22:08,602 - INFO - problem name = alfred

types = [ReceptacleType, ObjectType, Checkable, Agent - Checkable, Location - Checkable, Receptacle - Checkable, Obj - Checkable]

fluents = [
  bool atLocation[a=Agent - Checkable, l=Location - Checkable]
  bool receptacleAtLocation[r=Receptacle - Checkable, l=Location - Checkable]
  bool objectAtLocation[o=Obj - Checkable, l=Location - Checkable]
  bool openable[r=Receptacle - Checkable]
  bool opened[r=Receptacle - Checkable]
  bool inReceptacle[o=Obj - Checkable, r=Receptacle - Checkable]
  bool isReceptacleObject[o=Obj - Checkable]
  bool inReceptacleObject[innerObject=Obj - Checkable, outObject=Obj - Checkable]
  bool isReceptacleObjectFull[o=Obj - Checkable]
  bool wasInReceptacle[o=Obj - Checkable, r=Receptacle - Checkable]
  bool checked[c=Checkable]
  bool examined[l=Location - Checkable]
  bool receptacleType[r=Receptacle - Checkable, rt=ReceptacleType]
  bool canContain[rt=ReceptacleType, ot=ObjectType]
  bool objectType[o=Obj - Checkable, t=ObjectType]
  bool holds[a=Agent - Checkable, o=Obj - Checkable]
  bool holdsAny[a=Agent - Checkable]
  bool holdsAnyReceptacleObject[a=Agent - Checkable]
  bool full[r=Receptacle - Checkable]
  bool isClean[o=Obj - Checkable]
  bool cleanable[o=Obj - Checkable]
  bool isHot[o=Obj - Checkable]
  bool heatable[o=Obj - Checkable]
  bool isCool[o=Obj - Checkable]
  bool coolable[o=Obj - Checkable]
  bool pickupable[o=Obj - Checkable]
  bool moveable[o=Obj - Checkable]
  bool toggleable[o=Obj - Checkable]
  bool isOn[o=Obj - Checkable]
  bool isToggled[o=Obj - Checkable]
  bool sliceable[o=Obj - Checkable]
  bool isSliced[o=Obj - Checkable]
]

actions = [
  action look(Agent - Checkable a, Location - Checkable l) {
    preconditions = [
      atLocation(a, l)
    ]
    effects = [
      checked(l) := true
    ]
  }
  action inventory(Agent - Checkable a) {
    preconditions = [
    ]
    effects = [
      checked(a) := true
    ]
  }
  action examineReceptacle(Agent - Checkable a, Receptacle - Checkable r) {
    preconditions = [
      Exists (Location - Checkable l) (atLocation(a, l) and receptacleAtLocation(r, l))
    ]
    effects = [
      checked(r) := true
    ]
  }
  action examineObject(Agent - Checkable a, Obj - Checkable o) {
    preconditions = [
      (Exists (Location - Checkable l) Exists (Receptacle - Checkable r) (atLocation(a, l) and receptacleAtLocation(r, l) and inReceptacle(o, r) and ((not openable(r)) or opened(r))) or holds(a, o))
    ]
    effects = [
      checked(o) := true
    ]
  }
  action goToLocation(Agent - Checkable a, Location - Checkable lstart, Location - Checkable lend) {
    preconditions = [
      atLocation(a, lstart)
    ]
    effects = [
      atLocation(a, lstart) := false
      atLocation(a, lend) := true
    ]
  }
  action openObject(Agent - Checkable a, Location - Checkable l, Receptacle - Checkable r) {
    preconditions = [
      (openable(r) and atLocation(a, l) and receptacleAtLocation(r, l) and (not opened(r)))
    ]
    effects = [
      opened(r) := true
      checked(r) := true
    ]
  }
  action closeObject(Agent - Checkable a, Location - Checkable l, Receptacle - Checkable r) {
    preconditions = [
      (openable(r) and atLocation(a, l) and receptacleAtLocation(r, l) and opened(r))
    ]
    effects = [
      opened(r) := false
    ]
  }
  action pickupObject(Agent - Checkable a, Location - Checkable l, Obj - Checkable o, Receptacle - Checkable r) {
    preconditions = [
      (pickupable(o) and atLocation(a, l) and receptacleAtLocation(r, l) and inReceptacle(o, r) and (not holdsAny(a)) and ((not openable(r)) or opened(r)))
    ]
    effects = [
      inReceptacle(o, r) := false
      holds(a, o) := true
      holdsAny(a) := true
      objectAtLocation(o, l) := false
    ]
  }
  action putObject(Agent - Checkable a, Location - Checkable l, Obj - Checkable o, Receptacle - Checkable r, ObjectType ot, ReceptacleType rt) {
    preconditions = [
      (holds(a, o) and atLocation(a, l) and receptacleAtLocation(r, l) and ((not openable(r)) or opened(r)) and objectType(o, ot) and receptacleType(r, rt) and canContain(rt, ot))
    ]
    effects = [
      inReceptacle(o, r) := true
      objectAtLocation(o, l) := true
      holds(a, o) := false
      holdsAny(a) := false
    ]
  }
  action cleanObject(Agent - Checkable a, Location - Checkable l, Receptacle - Checkable r, Obj - Checkable o) {
    preconditions = [
      (cleanable(o) and receptacleType(r, sinkBasinType) and atLocation(a, l) and receptacleAtLocation(r, l) and holds(a, o))
    ]
    effects = [
      isClean(o) := true
    ]
  }
  action heatObject(Agent - Checkable a, Location - Checkable l, Receptacle - Checkable r, Obj - Checkable o) {
    preconditions = [
      (heatable(o) and receptacleType(r, microwaveType) and atLocation(a, l) and receptacleAtLocation(r, l) and holds(a, o))
    ]
    effects = [
      isHot(o) := true
      isCool(o) := false
    ]
  }
  action coolObject(Agent - Checkable a, Location - Checkable l, Receptacle - Checkable r, Obj - Checkable o) {
    preconditions = [
      (coolable(o) and receptacleType(r, fridgeType) and atLocation(a, l) and receptacleAtLocation(r, l) and holds(a, o))
    ]
    effects = [
      isCool(o) := true
      isHot(o) := false
    ]
  }
  action toggleObject(Agent - Checkable a, Location - Checkable l, Obj - Checkable o, Receptacle - Checkable r) {
    preconditions = [
      (toggleable(o) and atLocation(a, l) and receptacleAtLocation(r, l) and inReceptacle(o, r))
    ]
    effects = [
      if isOn(o) then isOn(o) := false
      if (not isOn(o)) then isOn(o) := true
      isToggled(o) := true
    ]
  }
  action sliceObject(Agent - Checkable a, Location - Checkable l, Obj - Checkable co, Obj - Checkable ko) {
    preconditions = [
      (sliceable(co) and (objectType(ko, knifeType) or objectType(ko, butterKnifeType)) and atLocation(a, l) and objectAtLocation(co, l) and holds(a, ko))
    ]
    effects = [
      isSliced(co) := true
    ]
  }
  action help(Agent - Checkable a) {
    preconditions = [
    ]
    effects = [
      checked(a) := true
    ]
  }
]

objects = [
  ReceptacleType: [sinkBasinType, microwaveType, fridgeType, toiletPaperHangerType, tvStandType, bathtubBasinType, coffeeMachineType, toiletType, coffeeTableType, deskType]
  ObjectType: [knifeType, butterKnifeType, bookType, lettuceType, keyChainType, boxType, cupType, eggType, soapBottleType, newspaperType]
  Checkable: [agent1, location1, location2, location3, location4, location5, location6, location7, location8, location9, location10, toiletPaperHanger_1, tvStand_2, bathtubBasin_3, tvStand_4, coffeeMachine_5, toilet_6, coffeeTable_7, desk_8, tvStand_9, coffeeTable_10, book_1, lettuce_2, knife_3, keyChain_4, box_5, cup_6, egg_7, soapBottle_8, newspaper_9, cup_10]
  Agent - Checkable: [agent1]
  Location - Checkable: [location1, location2, location3, location4, location5, location6, location7, location8, location9, location10]
  Receptacle - Checkable: [toiletPaperHanger_1, tvStand_2, bathtubBasin_3, tvStand_4, coffeeMachine_5, toilet_6, coffeeTable_7, desk_8, tvStand_9, coffeeTable_10]
  Obj - Checkable: [book_1, lettuce_2, knife_3, keyChain_4, box_5, cup_6, egg_7, soapBottle_8, newspaper_9, cup_10]
]

initial fluents default = [
  bool atLocation[a=Agent - Checkable, l=Location - Checkable] := false
  bool receptacleAtLocation[r=Receptacle - Checkable, l=Location - Checkable] := false
  bool objectAtLocation[o=Obj - Checkable, l=Location - Checkable] := false
  bool openable[r=Receptacle - Checkable] := false
  bool opened[r=Receptacle - Checkable] := false
  bool inReceptacle[o=Obj - Checkable, r=Receptacle - Checkable] := false
  bool isReceptacleObject[o=Obj - Checkable] := false
  bool inReceptacleObject[innerObject=Obj - Checkable, outObject=Obj - Checkable] := false
  bool isReceptacleObjectFull[o=Obj - Checkable] := false
  bool wasInReceptacle[o=Obj - Checkable, r=Receptacle - Checkable] := false
  bool checked[c=Checkable] := false
  bool examined[l=Location - Checkable] := false
  bool receptacleType[r=Receptacle - Checkable, rt=ReceptacleType] := false
  bool canContain[rt=ReceptacleType, ot=ObjectType] := false
  bool objectType[o=Obj - Checkable, t=ObjectType] := false
  bool holds[a=Agent - Checkable, o=Obj - Checkable] := false
  bool holdsAny[a=Agent - Checkable] := false
  bool holdsAnyReceptacleObject[a=Agent - Checkable] := false
  bool full[r=Receptacle - Checkable] := false
  bool isClean[o=Obj - Checkable] := false
  bool cleanable[o=Obj - Checkable] := false
  bool isHot[o=Obj - Checkable] := false
  bool heatable[o=Obj - Checkable] := false
  bool isCool[o=Obj - Checkable] := false
  bool coolable[o=Obj - Checkable] := false
  bool pickupable[o=Obj - Checkable] := false
  bool moveable[o=Obj - Checkable] := false
  bool toggleable[o=Obj - Checkable] := false
  bool isOn[o=Obj - Checkable] := false
  bool isToggled[o=Obj - Checkable] := false
  bool sliceable[o=Obj - Checkable] := false
  bool isSliced[o=Obj - Checkable] := false
]

initial values = [
  receptacleType(toiletPaperHanger_1, toiletPaperHangerType) := true
  receptacleType(tvStand_2, tvStandType) := true
  receptacleType(bathtubBasin_3, bathtubBasinType) := true
  receptacleType(tvStand_4, tvStandType) := true
  receptacleType(coffeeMachine_5, coffeeMachineType) := true
  receptacleType(toilet_6, toiletType) := true
  receptacleType(coffeeTable_7, coffeeTableType) := true
  receptacleType(desk_8, deskType) := true
  receptacleType(tvStand_9, tvStandType) := true
  receptacleType(coffeeTable_10, coffeeTableType) := true
  objectType(book_1, bookType) := true
  objectType(lettuce_2, lettuceType) := true
  objectType(knife_3, knifeType) := true
  objectType(keyChain_4, keyChainType) := true
  objectType(box_5, boxType) := true
  objectType(cup_6, cupType) := true
  objectType(egg_7, eggType) := true
  objectType(soapBottle_8, soapBottleType) := true
  objectType(newspaper_9, newspaperType) := true
  objectType(cup_10, cupType) := true
  canContain(toiletType, soapBottleType) := true
  canContain(toiletType, newspaperType) := true
  canContain(coffeeTableType, bookType) := true
  canContain(coffeeTableType, lettuceType) := true
  canContain(coffeeTableType, knifeType) := true
  canContain(coffeeTableType, keyChainType) := true
  canContain(coffeeTableType, boxType) := true
  canContain(coffeeTableType, cupType) := true
  canContain(coffeeTableType, eggType) := true
  canContain(coffeeTableType, soapBottleType) := true
  canContain(coffeeTableType, newspaperType) := true
  canContain(deskType, bookType) := true
  canContain(deskType, keyChainType) := true
  canContain(deskType, boxType) := true
  canContain(deskType, cupType) := true
  canContain(deskType, soapBottleType) := true
  canContain(deskType, newspaperType) := true
  pickupable(book_1) := true
  pickupable(lettuce_2) := true
  cleanable(lettuce_2) := true
  coolable(lettuce_2) := true
  sliceable(lettuce_2) := true
  pickupable(knife_3) := true
  cleanable(knife_3) := true
  pickupable(keyChain_4) := true
  pickupable(box_5) := true
  isReceptacleObject(box_5) := true
  pickupable(cup_6) := true
  isReceptacleObject(cup_6) := true
  cleanable(cup_6) := true
  heatable(cup_6) := true
  coolable(cup_6) := true
  pickupable(egg_7) := true
  cleanable(egg_7) := true
  heatable(egg_7) := true
  coolable(egg_7) := true
  sliceable(egg_7) := true
  pickupable(soapBottle_8) := true
  pickupable(newspaper_9) := true
  pickupable(cup_10) := true
  isReceptacleObject(cup_10) := true
  cleanable(cup_10) := true
  heatable(cup_10) := true
  coolable(cup_10) := true
  receptacleAtLocation(toiletPaperHanger_1, location8) := true
  receptacleAtLocation(tvStand_2, location4) := true
  receptacleAtLocation(bathtubBasin_3, location3) := true
  receptacleAtLocation(tvStand_4, location5) := true
  receptacleAtLocation(coffeeMachine_5, location8) := true
  receptacleAtLocation(toilet_6, location6) := true
  receptacleAtLocation(coffeeTable_7, location6) := true
  receptacleAtLocation(desk_8, location5) := true
  receptacleAtLocation(tvStand_9, location3) := true
  receptacleAtLocation(coffeeTable_10, location10) := true
  inReceptacle(lettuce_2, coffeeTable_7) := true
  inReceptacle(knife_3, coffeeTable_10) := true
  inReceptacle(soapBottle_8, toilet_6) := true
  objectAtLocation(book_1, location6) := true
  objectAtLocation(lettuce_2, location6) := true
  objectAtLocation(knife_3, location10) := true
  objectAtLocation(keyChain_4, location2) := true
  objectAtLocation(box_5, location6) := true
  objectAtLocation(cup_6, location9) := true
  objectAtLocation(egg_7, location10) := true
  objectAtLocation(soapBottle_8, location6) := true
  objectAtLocation(newspaper_9, location10) := true
  objectAtLocation(cup_10, location1) := true
  atLocation(agent1, location3) := true
]

goals = [
  Exists (Receptacle - Checkable r) Exists (Obj - Checkable o) (inReceptacle(o, r) and objectType(o, newspaperType) and receptacleType(r, deskType))
]

quality metrics = [
  minimize sequential-plan-length
]


2025-06-17 10:22:08,604 - INFO - Generating plan for unconstrained problem

2025-06-17 10:22:08,917 - INFO - Unconstrained plan generation time: 0.31291961669921875

