2025-06-17 11:18:00,557 - INFO - 
================= Seed: 124 =================

2025-06-17 11:18:00,557 - INFO - problem name = alfred

types = [ReceptacleType, ObjectType, Checkable, Agent - Checkable, Location - Checkable, Receptacle - Checkable, Obj - Checkable]

fluents = [
  bool atLocation[a=Agent - Checkable, l=Location - Checkable]
  bool receptacleAtLocation[r=Receptacle - Checkable, l=Location - Checkable]
  bool objectAtLocation[o=Obj - Checkable, l=Location - Checkable]
  bool openable[r=Receptacle - Checkable]
  bool opened[r=Receptacle - Checkable]
  bool inReceptacle[o=Obj - Checkable, r=Receptacle - Checkable]
  bool isReceptacleObject[o=Obj - Checkable]
  bool inReceptacleObject[innerObject=Obj - Checkable, outObject=Obj - Checkable]
  bool isReceptacleObjectFull[o=Obj - Checkable]
  bool wasInReceptacle[o=Obj - Checkable, r=Receptacle - Checkable]
  bool checked[c=Checkable]
  bool examined[l=Location - Checkable]
  bool receptacleType[r=Receptacle - Checkable, rt=ReceptacleType]
  bool canContain[rt=ReceptacleType, ot=ObjectType]
  bool objectType[o=Obj - Checkable, t=ObjectType]
  bool holds[a=Agent - Checkable, o=Obj - Checkable]
  bool holdsAny[a=Agent - Checkable]
  bool holdsAnyReceptacleObject[a=Agent - Checkable]
  bool full[r=Receptacle - Checkable]
  bool isClean[o=Obj - Checkable]
  bool cleanable[o=Obj - Checkable]
  bool isHot[o=Obj - Checkable]
  bool heatable[o=Obj - Checkable]
  bool isCool[o=Obj - Checkable]
  bool coolable[o=Obj - Checkable]
  bool pickupable[o=Obj - Checkable]
  bool moveable[o=Obj - Checkable]
  bool toggleable[o=Obj - Checkable]
  bool isOn[o=Obj - Checkable]
  bool isToggled[o=Obj - Checkable]
  bool sliceable[o=Obj - Checkable]
  bool isSliced[o=Obj - Checkable]
]

actions = [
  action look(Agent - Checkable a, Location - Checkable l) {
    preconditions = [
      atLocation(a, l)
    ]
    effects = [
      checked(l) := true
    ]
  }
  action inventory(Agent - Checkable a) {
    preconditions = [
    ]
    effects = [
      checked(a) := true
    ]
  }
  action examineReceptacle(Agent - Checkable a, Receptacle - Checkable r) {
    preconditions = [
      Exists (Location - Checkable l) (atLocation(a, l) and receptacleAtLocation(r, l))
    ]
    effects = [
      checked(r) := true
    ]
  }
  action examineObject(Agent - Checkable a, Obj - Checkable o) {
    preconditions = [
      (Exists (Location - Checkable l) Exists (Receptacle - Checkable r) (atLocation(a, l) and receptacleAtLocation(r, l) and inReceptacle(o, r) and ((not openable(r)) or opened(r))) or holds(a, o))
    ]
    effects = [
      checked(o) := true
    ]
  }
  action goToLocation(Agent - Checkable a, Location - Checkable lstart, Location - Checkable lend) {
    preconditions = [
      atLocation(a, lstart)
    ]
    effects = [
      atLocation(a, lstart) := false
      atLocation(a, lend) := true
    ]
  }
  action openObject(Agent - Checkable a, Location - Checkable l, Receptacle - Checkable r) {
    preconditions = [
      (openable(r) and atLocation(a, l) and receptacleAtLocation(r, l) and (not opened(r)))
    ]
    effects = [
      opened(r) := true
      checked(r) := true
    ]
  }
  action closeObject(Agent - Checkable a, Location - Checkable l, Receptacle - Checkable r) {
    preconditions = [
      (openable(r) and atLocation(a, l) and receptacleAtLocation(r, l) and opened(r))
    ]
    effects = [
      opened(r) := false
    ]
  }
  action pickupObject(Agent - Checkable a, Location - Checkable l, Obj - Checkable o, Receptacle - Checkable r) {
    preconditions = [
      (pickupable(o) and atLocation(a, l) and receptacleAtLocation(r, l) and inReceptacle(o, r) and (not holdsAny(a)) and ((not openable(r)) or opened(r)))
    ]
    effects = [
      inReceptacle(o, r) := false
      holds(a, o) := true
      holdsAny(a) := true
      objectAtLocation(o, l) := false
    ]
  }
  action putObject(Agent - Checkable a, Location - Checkable l, Obj - Checkable o, Receptacle - Checkable r, ObjectType ot, ReceptacleType rt) {
    preconditions = [
      (holds(a, o) and atLocation(a, l) and receptacleAtLocation(r, l) and ((not openable(r)) or opened(r)) and objectType(o, ot) and receptacleType(r, rt) and canContain(rt, ot))
    ]
    effects = [
      inReceptacle(o, r) := true
      objectAtLocation(o, l) := true
      holds(a, o) := false
      holdsAny(a) := false
    ]
  }
  action cleanObject(Agent - Checkable a, Location - Checkable l, Receptacle - Checkable r, Obj - Checkable o) {
    preconditions = [
      (cleanable(o) and receptacleType(r, sinkBasinType) and atLocation(a, l) and receptacleAtLocation(r, l) and holds(a, o))
    ]
    effects = [
      isClean(o) := true
    ]
  }
  action heatObject(Agent - Checkable a, Location - Checkable l, Receptacle - Checkable r, Obj - Checkable o) {
    preconditions = [
      (heatable(o) and receptacleType(r, microwaveType) and atLocation(a, l) and receptacleAtLocation(r, l) and holds(a, o))
    ]
    effects = [
      isHot(o) := true
      isCool(o) := false
    ]
  }
  action coolObject(Agent - Checkable a, Location - Checkable l, Receptacle - Checkable r, Obj - Checkable o) {
    preconditions = [
      (coolable(o) and receptacleType(r, fridgeType) and atLocation(a, l) and receptacleAtLocation(r, l) and holds(a, o))
    ]
    effects = [
      isCool(o) := true
      isHot(o) := false
    ]
  }
  action toggleObject(Agent - Checkable a, Location - Checkable l, Obj - Checkable o, Receptacle - Checkable r) {
    preconditions = [
      (toggleable(o) and atLocation(a, l) and receptacleAtLocation(r, l) and inReceptacle(o, r))
    ]
    effects = [
      if isOn(o) then isOn(o) := false
      if (not isOn(o)) then isOn(o) := true
      isToggled(o) := true
    ]
  }
  action sliceObject(Agent - Checkable a, Location - Checkable l, Obj - Checkable co, Obj - Checkable ko) {
    preconditions = [
      (sliceable(co) and (objectType(ko, knifeType) or objectType(ko, butterKnifeType)) and atLocation(a, l) and objectAtLocation(co, l) and holds(a, ko))
    ]
    effects = [
      isSliced(co) := true
    ]
  }
  action help(Agent - Checkable a) {
    preconditions = [
    ]
    effects = [
      checked(a) := true
    ]
  }
]

objects = [
  ReceptacleType: [sinkBasinType, microwaveType, fridgeType, garbageCanType, safeType, bathtubBasinType, coffeeMachineType, drawerType, coffeeTableType, deskType, stoveBurnerType]
  ObjectType: [knifeType, butterKnifeType, mugType, tissueBoxType, potType, boxType, paperTowelType, cdType, eggType, tomatoType]
  Checkable: [agent1, location1, location2, location3, location4, location5, location6, location7, location8, location9, location10, garbageCan_1, safe_2, bathtubBasin_3, coffeeMachine_4, drawer_5, coffeeTable_6, garbageCan_7, desk_8, stoveBurner_9, drawer_10, microwave_11, fridge_12, mug_1, tissueBox_2, pot_3, box_4, paperTowel_5, cd_6, egg_7, tomato_8, paperTowel_9, box_10]
  Agent - Checkable: [agent1]
  Location - Checkable: [location1, location2, location3, location4, location5, location6, location7, location8, location9, location10]
  Receptacle - Checkable: [garbageCan_1, safe_2, bathtubBasin_3, coffeeMachine_4, drawer_5, coffeeTable_6, garbageCan_7, desk_8, stoveBurner_9, drawer_10, microwave_11, fridge_12]
  Obj - Checkable: [mug_1, tissueBox_2, pot_3, box_4, paperTowel_5, cd_6, egg_7, tomato_8, paperTowel_9, box_10]
]

initial fluents default = [
  bool atLocation[a=Agent - Checkable, l=Location - Checkable] := false
  bool receptacleAtLocation[r=Receptacle - Checkable, l=Location - Checkable] := false
  bool objectAtLocation[o=Obj - Checkable, l=Location - Checkable] := false
  bool openable[r=Receptacle - Checkable] := false
  bool opened[r=Receptacle - Checkable] := false
  bool inReceptacle[o=Obj - Checkable, r=Receptacle - Checkable] := false
  bool isReceptacleObject[o=Obj - Checkable] := false
  bool inReceptacleObject[innerObject=Obj - Checkable, outObject=Obj - Checkable] := false
  bool isReceptacleObjectFull[o=Obj - Checkable] := false
  bool wasInReceptacle[o=Obj - Checkable, r=Receptacle - Checkable] := false
  bool checked[c=Checkable] := false
  bool examined[l=Location - Checkable] := false
  bool receptacleType[r=Receptacle - Checkable, rt=ReceptacleType] := false
  bool canContain[rt=ReceptacleType, ot=ObjectType] := false
  bool objectType[o=Obj - Checkable, t=ObjectType] := false
  bool holds[a=Agent - Checkable, o=Obj - Checkable] := false
  bool holdsAny[a=Agent - Checkable] := false
  bool holdsAnyReceptacleObject[a=Agent - Checkable] := false
  bool full[r=Receptacle - Checkable] := false
  bool isClean[o=Obj - Checkable] := false
  bool cleanable[o=Obj - Checkable] := false
  bool isHot[o=Obj - Checkable] := false
  bool heatable[o=Obj - Checkable] := false
  bool isCool[o=Obj - Checkable] := false
  bool coolable[o=Obj - Checkable] := false
  bool pickupable[o=Obj - Checkable] := false
  bool moveable[o=Obj - Checkable] := false
  bool toggleable[o=Obj - Checkable] := false
  bool isOn[o=Obj - Checkable] := false
  bool isToggled[o=Obj - Checkable] := false
  bool sliceable[o=Obj - Checkable] := false
  bool isSliced[o=Obj - Checkable] := false
]

initial values = [
  receptacleType(garbageCan_1, garbageCanType) := true
  receptacleType(safe_2, safeType) := true
  receptacleType(bathtubBasin_3, bathtubBasinType) := true
  receptacleType(coffeeMachine_4, coffeeMachineType) := true
  receptacleType(drawer_5, drawerType) := true
  receptacleType(coffeeTable_6, coffeeTableType) := true
  receptacleType(garbageCan_7, garbageCanType) := true
  receptacleType(desk_8, deskType) := true
  receptacleType(stoveBurner_9, stoveBurnerType) := true
  receptacleType(drawer_10, drawerType) := true
  receptacleType(microwave_11, microwaveType) := true
  receptacleType(fridge_12, fridgeType) := true
  objectType(mug_1, mugType) := true
  objectType(tissueBox_2, tissueBoxType) := true
  objectType(pot_3, potType) := true
  objectType(box_4, boxType) := true
  objectType(paperTowel_5, paperTowelType) := true
  objectType(cd_6, cdType) := true
  objectType(egg_7, eggType) := true
  objectType(tomato_8, tomatoType) := true
  objectType(paperTowel_9, paperTowelType) := true
  objectType(box_10, boxType) := true
  canContain(garbageCanType, tissueBoxType) := true
  canContain(garbageCanType, paperTowelType) := true
  canContain(garbageCanType, eggType) := true
  canContain(garbageCanType, tomatoType) := true
  canContain(safeType, cdType) := true
  canContain(coffeeMachineType, mugType) := true
  canContain(drawerType, tissueBoxType) := true
  canContain(coffeeTableType, mugType) := true
  canContain(coffeeTableType, tissueBoxType) := true
  canContain(coffeeTableType, potType) := true
  canContain(coffeeTableType, boxType) := true
  canContain(coffeeTableType, paperTowelType) := true
  canContain(coffeeTableType, eggType) := true
  canContain(coffeeTableType, tomatoType) := true
  canContain(deskType, mugType) := true
  canContain(deskType, tissueBoxType) := true
  canContain(deskType, boxType) := true
  canContain(stoveBurnerType, potType) := true
  canContain(microwaveType, mugType) := true
  canContain(microwaveType, eggType) := true
  canContain(microwaveType, tomatoType) := true
  canContain(fridgeType, mugType) := true
  canContain(fridgeType, potType) := true
  canContain(fridgeType, eggType) := true
  canContain(fridgeType, tomatoType) := true
  pickupable(mug_1) := true
  isReceptacleObject(mug_1) := true
  cleanable(mug_1) := true
  heatable(mug_1) := true
  coolable(mug_1) := true
  pickupable(tissueBox_2) := true
  pickupable(pot_3) := true
  isReceptacleObject(pot_3) := true
  cleanable(pot_3) := true
  coolable(pot_3) := true
  pickupable(box_4) := true
  isReceptacleObject(box_4) := true
  pickupable(paperTowel_5) := true
  pickupable(cd_6) := true
  pickupable(egg_7) := true
  cleanable(egg_7) := true
  heatable(egg_7) := true
  coolable(egg_7) := true
  sliceable(egg_7) := true
  pickupable(tomato_8) := true
  cleanable(tomato_8) := true
  heatable(tomato_8) := true
  coolable(tomato_8) := true
  sliceable(tomato_8) := true
  pickupable(paperTowel_9) := true
  pickupable(box_10) := true
  isReceptacleObject(box_10) := true
  receptacleAtLocation(garbageCan_1, location4) := true
  receptacleAtLocation(safe_2, location2) := true
  receptacleAtLocation(bathtubBasin_3, location7) := true
  receptacleAtLocation(coffeeMachine_4, location6) := true
  receptacleAtLocation(drawer_5, location4) := true
  receptacleAtLocation(coffeeTable_6, location3) := true
  receptacleAtLocation(garbageCan_7, location7) := true
  receptacleAtLocation(desk_8, location4) := true
  receptacleAtLocation(stoveBurner_9, location6) := true
  receptacleAtLocation(drawer_10, location9) := true
  receptacleAtLocation(microwave_11, location5) := true
  receptacleAtLocation(fridge_12, location7) := true
  inReceptacle(mug_1, desk_8) := true
  inReceptacle(tissueBox_2, drawer_10) := true
  inReceptacle(pot_3, fridge_12) := true
  inReceptacle(box_4, desk_8) := true
  inReceptacle(paperTowel_5, garbageCan_7) := true
  inReceptacle(cd_6, safe_2) := true
  inReceptacle(egg_7, garbageCan_1) := true
  inReceptacle(tomato_8, garbageCan_1) := true
  inReceptacle(paperTowel_9, garbageCan_1) := true
  inReceptacle(box_10, desk_8) := true
  objectAtLocation(mug_1, location4) := true
  objectAtLocation(tissueBox_2, location9) := true
  objectAtLocation(pot_3, location7) := true
  objectAtLocation(box_4, location4) := true
  objectAtLocation(paperTowel_5, location7) := true
  objectAtLocation(cd_6, location2) := true
  objectAtLocation(egg_7, location4) := true
  objectAtLocation(tomato_8, location4) := true
  objectAtLocation(paperTowel_9, location4) := true
  objectAtLocation(box_10, location4) := true
  atLocation(agent1, location4) := true
]

goals = [
  Exists (Receptacle - Checkable r) Exists (Obj - Checkable o) (inReceptacle(o, r) and objectType(o, tissueBoxType) and receptacleType(r, deskType))
]

quality metrics = [
  minimize sequential-plan-length
]


2025-06-17 11:18:00,559 - INFO - Generating plan for unconstrained problem

2025-06-17 11:18:01,012 - INFO - Unconstrained plan generation time: 0.45241379737854004

2025-06-17 11:18:01,012 - INFO - Unconstrained plan and cost: 
2025-06-17 11:18:01,012 - INFO - SequentialPlan:
    goToLocation(agent1, location4, location9)
    pickupObject(agent1, location9, tissueBox_2, drawer_10)
    goToLocation(agent1, location9, location4)
    putObject(agent1, location4, tissueBox_2, desk_8, tissueBoxType, deskType)
2025-06-17 11:18:01,012 - INFO - 4
2025-06-17 11:18:01,250 - INFO - Sampled constraints:

2025-06-17 11:18:01,250 - INFO - At-Most-Once(atLocation(agent1, location4))
2025-06-17 11:18:01,250 - INFO - 
2025-06-17 11:18:01,250 - INFO - Generation time: 0.23728084564208984

2025-06-17 11:18:01,250 - INFO - Generating plan for constrained problem (with LiftedTCORE).

2025-06-17 11:18:01,289 - INFO - LiftedTCORE compilation time: 0.03830432891845703

2025-06-17 11:18:01,727 - INFO - Planning Time with LiftedTCORE's file: 0.43757104873657227

