2025-06-17 11:18:31,036 - INFO - 
================= Seed: 144 =================

2025-06-17 11:18:31,036 - INFO - problem name = alfred

types = [ReceptacleType, ObjectType, Checkable, Agent - Checkable, Location - Checkable, Receptacle - Checkable, Obj - Checkable]

fluents = [
  bool atLocation[a=Agent - Checkable, l=Location - Checkable]
  bool receptacleAtLocation[r=Receptacle - Checkable, l=Location - Checkable]
  bool objectAtLocation[o=Obj - Checkable, l=Location - Checkable]
  bool openable[r=Receptacle - Checkable]
  bool opened[r=Receptacle - Checkable]
  bool inReceptacle[o=Obj - Checkable, r=Receptacle - Checkable]
  bool isReceptacleObject[o=Obj - Checkable]
  bool inReceptacleObject[innerObject=Obj - Checkable, outObject=Obj - Checkable]
  bool isReceptacleObjectFull[o=Obj - Checkable]
  bool wasInReceptacle[o=Obj - Checkable, r=Receptacle - Checkable]
  bool checked[c=Checkable]
  bool examined[l=Location - Checkable]
  bool receptacleType[r=Receptacle - Checkable, rt=ReceptacleType]
  bool canContain[rt=ReceptacleType, ot=ObjectType]
  bool objectType[o=Obj - Checkable, t=ObjectType]
  bool holds[a=Agent - Checkable, o=Obj - Checkable]
  bool holdsAny[a=Agent - Checkable]
  bool holdsAnyReceptacleObject[a=Agent - Checkable]
  bool full[r=Receptacle - Checkable]
  bool isClean[o=Obj - Checkable]
  bool cleanable[o=Obj - Checkable]
  bool isHot[o=Obj - Checkable]
  bool heatable[o=Obj - Checkable]
  bool isCool[o=Obj - Checkable]
  bool coolable[o=Obj - Checkable]
  bool pickupable[o=Obj - Checkable]
  bool moveable[o=Obj - Checkable]
  bool toggleable[o=Obj - Checkable]
  bool isOn[o=Obj - Checkable]
  bool isToggled[o=Obj - Checkable]
  bool sliceable[o=Obj - Checkable]
  bool isSliced[o=Obj - Checkable]
]

actions = [
  action look(Agent - Checkable a, Location - Checkable l) {
    preconditions = [
      atLocation(a, l)
    ]
    effects = [
      checked(l) := true
    ]
  }
  action inventory(Agent - Checkable a) {
    preconditions = [
    ]
    effects = [
      checked(a) := true
    ]
  }
  action examineReceptacle(Agent - Checkable a, Receptacle - Checkable r) {
    preconditions = [
      Exists (Location - Checkable l) (atLocation(a, l) and receptacleAtLocation(r, l))
    ]
    effects = [
      checked(r) := true
    ]
  }
  action examineObject(Agent - Checkable a, Obj - Checkable o) {
    preconditions = [
      (Exists (Location - Checkable l) Exists (Receptacle - Checkable r) (atLocation(a, l) and receptacleAtLocation(r, l) and inReceptacle(o, r) and ((not openable(r)) or opened(r))) or holds(a, o))
    ]
    effects = [
      checked(o) := true
    ]
  }
  action goToLocation(Agent - Checkable a, Location - Checkable lstart, Location - Checkable lend) {
    preconditions = [
      atLocation(a, lstart)
    ]
    effects = [
      atLocation(a, lstart) := false
      atLocation(a, lend) := true
    ]
  }
  action openObject(Agent - Checkable a, Location - Checkable l, Receptacle - Checkable r) {
    preconditions = [
      (openable(r) and atLocation(a, l) and receptacleAtLocation(r, l) and (not opened(r)))
    ]
    effects = [
      opened(r) := true
      checked(r) := true
    ]
  }
  action closeObject(Agent - Checkable a, Location - Checkable l, Receptacle - Checkable r) {
    preconditions = [
      (openable(r) and atLocation(a, l) and receptacleAtLocation(r, l) and opened(r))
    ]
    effects = [
      opened(r) := false
    ]
  }
  action pickupObject(Agent - Checkable a, Location - Checkable l, Obj - Checkable o, Receptacle - Checkable r) {
    preconditions = [
      (pickupable(o) and atLocation(a, l) and receptacleAtLocation(r, l) and inReceptacle(o, r) and (not holdsAny(a)) and ((not openable(r)) or opened(r)))
    ]
    effects = [
      inReceptacle(o, r) := false
      holds(a, o) := true
      holdsAny(a) := true
      objectAtLocation(o, l) := false
    ]
  }
  action putObject(Agent - Checkable a, Location - Checkable l, Obj - Checkable o, Receptacle - Checkable r, ObjectType ot, ReceptacleType rt) {
    preconditions = [
      (holds(a, o) and atLocation(a, l) and receptacleAtLocation(r, l) and ((not openable(r)) or opened(r)) and objectType(o, ot) and receptacleType(r, rt) and canContain(rt, ot))
    ]
    effects = [
      inReceptacle(o, r) := true
      objectAtLocation(o, l) := true
      holds(a, o) := false
      holdsAny(a) := false
    ]
  }
  action cleanObject(Agent - Checkable a, Location - Checkable l, Receptacle - Checkable r, Obj - Checkable o) {
    preconditions = [
      (cleanable(o) and receptacleType(r, sinkBasinType) and atLocation(a, l) and receptacleAtLocation(r, l) and holds(a, o))
    ]
    effects = [
      isClean(o) := true
    ]
  }
  action heatObject(Agent - Checkable a, Location - Checkable l, Receptacle - Checkable r, Obj - Checkable o) {
    preconditions = [
      (heatable(o) and receptacleType(r, microwaveType) and atLocation(a, l) and receptacleAtLocation(r, l) and holds(a, o))
    ]
    effects = [
      isHot(o) := true
      isCool(o) := false
    ]
  }
  action coolObject(Agent - Checkable a, Location - Checkable l, Receptacle - Checkable r, Obj - Checkable o) {
    preconditions = [
      (coolable(o) and receptacleType(r, fridgeType) and atLocation(a, l) and receptacleAtLocation(r, l) and holds(a, o))
    ]
    effects = [
      isCool(o) := true
      isHot(o) := false
    ]
  }
  action toggleObject(Agent - Checkable a, Location - Checkable l, Obj - Checkable o, Receptacle - Checkable r) {
    preconditions = [
      (toggleable(o) and atLocation(a, l) and receptacleAtLocation(r, l) and inReceptacle(o, r))
    ]
    effects = [
      if isOn(o) then isOn(o) := false
      if (not isOn(o)) then isOn(o) := true
      isToggled(o) := true
    ]
  }
  action sliceObject(Agent - Checkable a, Location - Checkable l, Obj - Checkable co, Obj - Checkable ko) {
    preconditions = [
      (sliceable(co) and (objectType(ko, knifeType) or objectType(ko, butterKnifeType)) and atLocation(a, l) and objectAtLocation(co, l) and holds(a, ko))
    ]
    effects = [
      isSliced(co) := true
    ]
  }
  action help(Agent - Checkable a) {
    preconditions = [
    ]
    effects = [
      checked(a) := true
    ]
  }
]

objects = [
  ReceptacleType: [sinkBasinType, microwaveType, fridgeType, sideTableType, drawerType, shelfType, cartType, dresserType, coffeeMachineType, deskType, diningTableType]
  ObjectType: [knifeType, butterKnifeType, watchType, pencilType, panType, bowlType, creditCardType, boxType, toiletPaperType, plateType]
  Checkable: [agent1, location1, location2, location3, location4, location5, location6, location7, location8, location9, location10, sideTable_1, drawer_2, sideTable_3, shelf_4, cart_5, dresser_6, coffeeMachine_7, desk_8, diningTable_9, shelf_10, microwave_11, fridge_12, watch_1, pencil_2, pan_3, bowl_4, creditCard_5, box_6, toiletPaper_7, pan_8, pencil_9, plate_10]
  Agent - Checkable: [agent1]
  Location - Checkable: [location1, location2, location3, location4, location5, location6, location7, location8, location9, location10]
  Receptacle - Checkable: [sideTable_1, drawer_2, sideTable_3, shelf_4, cart_5, dresser_6, coffeeMachine_7, desk_8, diningTable_9, shelf_10, microwave_11, fridge_12]
  Obj - Checkable: [watch_1, pencil_2, pan_3, bowl_4, creditCard_5, box_6, toiletPaper_7, pan_8, pencil_9, plate_10]
]

initial fluents default = [
  bool atLocation[a=Agent - Checkable, l=Location - Checkable] := false
  bool receptacleAtLocation[r=Receptacle - Checkable, l=Location - Checkable] := false
  bool objectAtLocation[o=Obj - Checkable, l=Location - Checkable] := false
  bool openable[r=Receptacle - Checkable] := false
  bool opened[r=Receptacle - Checkable] := false
  bool inReceptacle[o=Obj - Checkable, r=Receptacle - Checkable] := false
  bool isReceptacleObject[o=Obj - Checkable] := false
  bool inReceptacleObject[innerObject=Obj - Checkable, outObject=Obj - Checkable] := false
  bool isReceptacleObjectFull[o=Obj - Checkable] := false
  bool wasInReceptacle[o=Obj - Checkable, r=Receptacle - Checkable] := false
  bool checked[c=Checkable] := false
  bool examined[l=Location - Checkable] := false
  bool receptacleType[r=Receptacle - Checkable, rt=ReceptacleType] := false
  bool canContain[rt=ReceptacleType, ot=ObjectType] := false
  bool objectType[o=Obj - Checkable, t=ObjectType] := false
  bool holds[a=Agent - Checkable, o=Obj - Checkable] := false
  bool holdsAny[a=Agent - Checkable] := false
  bool holdsAnyReceptacleObject[a=Agent - Checkable] := false
  bool full[r=Receptacle - Checkable] := false
  bool isClean[o=Obj - Checkable] := false
  bool cleanable[o=Obj - Checkable] := false
  bool isHot[o=Obj - Checkable] := false
  bool heatable[o=Obj - Checkable] := false
  bool isCool[o=Obj - Checkable] := false
  bool coolable[o=Obj - Checkable] := false
  bool pickupable[o=Obj - Checkable] := false
  bool moveable[o=Obj - Checkable] := false
  bool toggleable[o=Obj - Checkable] := false
  bool isOn[o=Obj - Checkable] := false
  bool isToggled[o=Obj - Checkable] := false
  bool sliceable[o=Obj - Checkable] := false
  bool isSliced[o=Obj - Checkable] := false
]

initial values = [
  receptacleType(sideTable_1, sideTableType) := true
  receptacleType(drawer_2, drawerType) := true
  receptacleType(sideTable_3, sideTableType) := true
  receptacleType(shelf_4, shelfType) := true
  receptacleType(cart_5, cartType) := true
  receptacleType(dresser_6, dresserType) := true
  receptacleType(coffeeMachine_7, coffeeMachineType) := true
  receptacleType(desk_8, deskType) := true
  receptacleType(diningTable_9, diningTableType) := true
  receptacleType(shelf_10, shelfType) := true
  receptacleType(microwave_11, microwaveType) := true
  receptacleType(fridge_12, fridgeType) := true
  objectType(watch_1, watchType) := true
  objectType(pencil_2, pencilType) := true
  objectType(pan_3, panType) := true
  objectType(bowl_4, bowlType) := true
  objectType(creditCard_5, creditCardType) := true
  objectType(box_6, boxType) := true
  objectType(toiletPaper_7, toiletPaperType) := true
  objectType(pan_8, panType) := true
  objectType(pencil_9, pencilType) := true
  objectType(plate_10, plateType) := true
  canContain(sideTableType, watchType) := true
  canContain(sideTableType, pencilType) := true
  canContain(sideTableType, panType) := true
  canContain(sideTableType, bowlType) := true
  canContain(sideTableType, creditCardType) := true
  canContain(sideTableType, boxType) := true
  canContain(sideTableType, toiletPaperType) := true
  canContain(sideTableType, plateType) := true
  canContain(drawerType, watchType) := true
  canContain(drawerType, pencilType) := true
  canContain(drawerType, creditCardType) := true
  canContain(drawerType, toiletPaperType) := true
  canContain(shelfType, watchType) := true
  canContain(shelfType, pencilType) := true
  canContain(shelfType, bowlType) := true
  canContain(shelfType, creditCardType) := true
  canContain(shelfType, boxType) := true
  canContain(shelfType, toiletPaperType) := true
  canContain(shelfType, plateType) := true
  canContain(cartType, toiletPaperType) := true
  canContain(dresserType, watchType) := true
  canContain(dresserType, pencilType) := true
  canContain(dresserType, bowlType) := true
  canContain(dresserType, creditCardType) := true
  canContain(dresserType, boxType) := true
  canContain(dresserType, toiletPaperType) := true
  canContain(dresserType, plateType) := true
  canContain(deskType, watchType) := true
  canContain(deskType, pencilType) := true
  canContain(deskType, bowlType) := true
  canContain(deskType, creditCardType) := true
  canContain(deskType, boxType) := true
  canContain(deskType, toiletPaperType) := true
  canContain(deskType, plateType) := true
  canContain(diningTableType, watchType) := true
  canContain(diningTableType, pencilType) := true
  canContain(diningTableType, panType) := true
  canContain(diningTableType, bowlType) := true
  canContain(diningTableType, creditCardType) := true
  canContain(diningTableType, boxType) := true
  canContain(diningTableType, toiletPaperType) := true
  canContain(diningTableType, plateType) := true
  canContain(microwaveType, bowlType) := true
  canContain(microwaveType, plateType) := true
  canContain(fridgeType, panType) := true
  canContain(fridgeType, bowlType) := true
  canContain(fridgeType, plateType) := true
  pickupable(watch_1) := true
  pickupable(pencil_2) := true
  pickupable(pan_3) := true
  isReceptacleObject(pan_3) := true
  cleanable(pan_3) := true
  coolable(pan_3) := true
  pickupable(bowl_4) := true
  isReceptacleObject(bowl_4) := true
  cleanable(bowl_4) := true
  coolable(bowl_4) := true
  pickupable(creditCard_5) := true
  pickupable(box_6) := true
  isReceptacleObject(box_6) := true
  pickupable(toiletPaper_7) := true
  pickupable(pan_8) := true
  isReceptacleObject(pan_8) := true
  cleanable(pan_8) := true
  coolable(pan_8) := true
  pickupable(pencil_9) := true
  pickupable(plate_10) := true
  isReceptacleObject(plate_10) := true
  cleanable(plate_10) := true
  heatable(plate_10) := true
  coolable(plate_10) := true
  receptacleAtLocation(sideTable_1, location5) := true
  receptacleAtLocation(drawer_2, location4) := true
  receptacleAtLocation(sideTable_3, location5) := true
  receptacleAtLocation(shelf_4, location1) := true
  receptacleAtLocation(cart_5, location7) := true
  receptacleAtLocation(dresser_6, location2) := true
  receptacleAtLocation(coffeeMachine_7, location9) := true
  receptacleAtLocation(desk_8, location6) := true
  receptacleAtLocation(diningTable_9, location4) := true
  receptacleAtLocation(shelf_10, location10) := true
  receptacleAtLocation(microwave_11, location4) := true
  receptacleAtLocation(fridge_12, location10) := true
  inReceptacle(watch_1, drawer_2) := true
  inReceptacle(pencil_2, desk_8) := true
  inReceptacle(pan_3, fridge_12) := true
  inReceptacle(bowl_4, shelf_10) := true
  inReceptacle(creditCard_5, shelf_4) := true
  inReceptacle(box_6, sideTable_3) := true
  inReceptacle(toiletPaper_7, shelf_10) := true
  inReceptacle(pan_8, sideTable_3) := true
  inReceptacle(pencil_9, drawer_2) := true
  inReceptacle(plate_10, fridge_12) := true
  objectAtLocation(watch_1, location4) := true
  objectAtLocation(pencil_2, location6) := true
  objectAtLocation(pan_3, location10) := true
  objectAtLocation(bowl_4, location10) := true
  objectAtLocation(creditCard_5, location1) := true
  objectAtLocation(box_6, location5) := true
  objectAtLocation(toiletPaper_7, location10) := true
  objectAtLocation(pan_8, location5) := true
  objectAtLocation(pencil_9, location4) := true
  objectAtLocation(plate_10, location10) := true
  atLocation(agent1, location8) := true
]

goals = [
  Exists (Receptacle - Checkable r) Exists (Obj - Checkable o) (coolable(o) and objectType(o, bowlType) and receptacleType(r, microwaveType) and isCool(o) and inReceptacle(o, r))
]

quality metrics = [
  minimize sequential-plan-length
]


2025-06-17 11:18:31,038 - INFO - Generating plan for unconstrained problem

2025-06-17 11:18:31,464 - INFO - Unconstrained plan generation time: 0.4258427619934082

2025-06-17 11:18:31,464 - INFO - Unconstrained plan and cost: 
2025-06-17 11:18:31,464 - INFO - SequentialPlan:
    goToLocation(agent1, location8, location10)
    pickupObject(agent1, location10, bowl_4, shelf_10)
    coolObject(agent1, location10, fridge_12, bowl_4)
    goToLocation(agent1, location10, location4)
    putObject(agent1, location4, bowl_4, microwave_11, bowlType, microwaveType)
2025-06-17 11:18:31,464 - INFO - 5
2025-06-17 11:18:31,862 - INFO - Sampled constraints:

2025-06-17 11:18:31,862 - INFO - Sometime(atLocation(agent1, location4))
2025-06-17 11:18:31,862 - INFO - Sometime-Before(atLocation(agent1, location4), (checked(location2) or checked(location7)))
2025-06-17 11:18:31,862 - INFO - 
2025-06-17 11:18:31,862 - INFO - Generation time: 0.3976712226867676

2025-06-17 11:18:31,863 - INFO - Generating plan for constrained problem (with LiftedTCORE).

2025-06-17 11:18:31,919 - INFO - LiftedTCORE compilation time: 0.05566763877868652

2025-06-17 11:18:32,433 - INFO - Planning Time with LiftedTCORE's file: 0.5142078399658203

2025-06-17 11:18:32,433 - INFO - Plan found with LiftedTCORE + sym_bd: SequentialPlan:
    goToLocation(agent1, location8, location10)
    pickupObject(agent1, location10, bowl_4, shelf_10)
    coolObject(agent1, location10, fridge_12, bowl_4)
    goToLocation(agent1, location10, location2)
    look(agent1, location2)
    goToLocation(agent1, location2, location4)
    putObject(agent1, location4, bowl_4, microwave_11, bowlType, microwaveType)
2025-06-17 11:18:32,434 - INFO - Seed: 144 is solvable

2025-06-17 11:18:32,434 - INFO - Unconstrained cost: 5
2025-06-17 11:18:32,434 - INFO - Constrained cost: 7
2025-06-17 11:18:32,434 - INFO - Seed: 144 Plan simulation is feasible
2025-06-17 11:18:32,434 - INFO - 
Seed: 144 
 Plan: [goToLocation(agent1, location8, location10), pickupObject(agent1, location10, bowl_4, shelf_10), coolObject(agent1, location10, fridge_12, bowl_4), goToLocation(agent1, location10, location2), look(agent1, location2), goToLocation(agent1, location2, location4), putObject(agent1, location4, bowl_4, microwave_11, bowlType, microwaveType)]  
 Cost: 7

