2025-06-17 11:17:10,015 - INFO - 
================= Seed: 92 =================

2025-06-17 11:17:10,016 - INFO - problem name = alfred

types = [ReceptacleType, ObjectType, Checkable, Agent - Checkable, Location - Checkable, Receptacle - Checkable, Obj - Checkable]

fluents = [
  bool atLocation[a=Agent - Checkable, l=Location - Checkable]
  bool receptacleAtLocation[r=Receptacle - Checkable, l=Location - Checkable]
  bool objectAtLocation[o=Obj - Checkable, l=Location - Checkable]
  bool openable[r=Receptacle - Checkable]
  bool opened[r=Receptacle - Checkable]
  bool inReceptacle[o=Obj - Checkable, r=Receptacle - Checkable]
  bool isReceptacleObject[o=Obj - Checkable]
  bool inReceptacleObject[innerObject=Obj - Checkable, outObject=Obj - Checkable]
  bool isReceptacleObjectFull[o=Obj - Checkable]
  bool wasInReceptacle[o=Obj - Checkable, r=Receptacle - Checkable]
  bool checked[c=Checkable]
  bool examined[l=Location - Checkable]
  bool receptacleType[r=Receptacle - Checkable, rt=ReceptacleType]
  bool canContain[rt=ReceptacleType, ot=ObjectType]
  bool objectType[o=Obj - Checkable, t=ObjectType]
  bool holds[a=Agent - Checkable, o=Obj - Checkable]
  bool holdsAny[a=Agent - Checkable]
  bool holdsAnyReceptacleObject[a=Agent - Checkable]
  bool full[r=Receptacle - Checkable]
  bool isClean[o=Obj - Checkable]
  bool cleanable[o=Obj - Checkable]
  bool isHot[o=Obj - Checkable]
  bool heatable[o=Obj - Checkable]
  bool isCool[o=Obj - Checkable]
  bool coolable[o=Obj - Checkable]
  bool pickupable[o=Obj - Checkable]
  bool moveable[o=Obj - Checkable]
  bool toggleable[o=Obj - Checkable]
  bool isOn[o=Obj - Checkable]
  bool isToggled[o=Obj - Checkable]
  bool sliceable[o=Obj - Checkable]
  bool isSliced[o=Obj - Checkable]
]

actions = [
  action look(Agent - Checkable a, Location - Checkable l) {
    preconditions = [
      atLocation(a, l)
    ]
    effects = [
      checked(l) := true
    ]
  }
  action inventory(Agent - Checkable a) {
    preconditions = [
    ]
    effects = [
      checked(a) := true
    ]
  }
  action examineReceptacle(Agent - Checkable a, Receptacle - Checkable r) {
    preconditions = [
      Exists (Location - Checkable l) (atLocation(a, l) and receptacleAtLocation(r, l))
    ]
    effects = [
      checked(r) := true
    ]
  }
  action examineObject(Agent - Checkable a, Obj - Checkable o) {
    preconditions = [
      (Exists (Location - Checkable l) Exists (Receptacle - Checkable r) (atLocation(a, l) and receptacleAtLocation(r, l) and inReceptacle(o, r) and ((not openable(r)) or opened(r))) or holds(a, o))
    ]
    effects = [
      checked(o) := true
    ]
  }
  action goToLocation(Agent - Checkable a, Location - Checkable lstart, Location - Checkable lend) {
    preconditions = [
      atLocation(a, lstart)
    ]
    effects = [
      atLocation(a, lstart) := false
      atLocation(a, lend) := true
    ]
  }
  action openObject(Agent - Checkable a, Location - Checkable l, Receptacle - Checkable r) {
    preconditions = [
      (openable(r) and atLocation(a, l) and receptacleAtLocation(r, l) and (not opened(r)))
    ]
    effects = [
      opened(r) := true
      checked(r) := true
    ]
  }
  action closeObject(Agent - Checkable a, Location - Checkable l, Receptacle - Checkable r) {
    preconditions = [
      (openable(r) and atLocation(a, l) and receptacleAtLocation(r, l) and opened(r))
    ]
    effects = [
      opened(r) := false
    ]
  }
  action pickupObject(Agent - Checkable a, Location - Checkable l, Obj - Checkable o, Receptacle - Checkable r) {
    preconditions = [
      (pickupable(o) and atLocation(a, l) and receptacleAtLocation(r, l) and inReceptacle(o, r) and (not holdsAny(a)) and ((not openable(r)) or opened(r)))
    ]
    effects = [
      inReceptacle(o, r) := false
      holds(a, o) := true
      holdsAny(a) := true
      objectAtLocation(o, l) := false
    ]
  }
  action putObject(Agent - Checkable a, Location - Checkable l, Obj - Checkable o, Receptacle - Checkable r, ObjectType ot, ReceptacleType rt) {
    preconditions = [
      (holds(a, o) and atLocation(a, l) and receptacleAtLocation(r, l) and ((not openable(r)) or opened(r)) and objectType(o, ot) and receptacleType(r, rt) and canContain(rt, ot))
    ]
    effects = [
      inReceptacle(o, r) := true
      objectAtLocation(o, l) := true
      holds(a, o) := false
      holdsAny(a) := false
    ]
  }
  action cleanObject(Agent - Checkable a, Location - Checkable l, Receptacle - Checkable r, Obj - Checkable o) {
    preconditions = [
      (cleanable(o) and receptacleType(r, sinkBasinType) and atLocation(a, l) and receptacleAtLocation(r, l) and holds(a, o))
    ]
    effects = [
      isClean(o) := true
    ]
  }
  action heatObject(Agent - Checkable a, Location - Checkable l, Receptacle - Checkable r, Obj - Checkable o) {
    preconditions = [
      (heatable(o) and receptacleType(r, microwaveType) and atLocation(a, l) and receptacleAtLocation(r, l) and holds(a, o))
    ]
    effects = [
      isHot(o) := true
      isCool(o) := false
    ]
  }
  action coolObject(Agent - Checkable a, Location - Checkable l, Receptacle - Checkable r, Obj - Checkable o) {
    preconditions = [
      (coolable(o) and receptacleType(r, fridgeType) and atLocation(a, l) and receptacleAtLocation(r, l) and holds(a, o))
    ]
    effects = [
      isCool(o) := true
      isHot(o) := false
    ]
  }
  action toggleObject(Agent - Checkable a, Location - Checkable l, Obj - Checkable o, Receptacle - Checkable r) {
    preconditions = [
      (toggleable(o) and atLocation(a, l) and receptacleAtLocation(r, l) and inReceptacle(o, r))
    ]
    effects = [
      if isOn(o) then isOn(o) := false
      if (not isOn(o)) then isOn(o) := true
      isToggled(o) := true
    ]
  }
  action sliceObject(Agent - Checkable a, Location - Checkable l, Obj - Checkable co, Obj - Checkable ko) {
    preconditions = [
      (sliceable(co) and (objectType(ko, knifeType) or objectType(ko, butterKnifeType)) and atLocation(a, l) and objectAtLocation(co, l) and holds(a, ko))
    ]
    effects = [
      isSliced(co) := true
    ]
  }
  action help(Agent - Checkable a) {
    preconditions = [
    ]
    effects = [
      checked(a) := true
    ]
  }
]

objects = [
  ReceptacleType: [sinkBasinType, microwaveType, fridgeType, coffeeTableType, towelHolderType, bathtubBasinType, safeType, deskType, garbageCanType]
  ObjectType: [knifeType, butterKnifeType, alarmClockType, ladleType, cellPhoneType, cdType, remoteControlType, towelType, cupType, vaseType, tissueBoxType, potType]
  Checkable: [agent1, location1, location2, location3, location4, location5, location6, location7, location8, location9, location10, coffeeTable_1, towelHolder_2, bathtubBasin_3, safe_4, safe_5, desk_6, bathtubBasin_7, garbageCan_8, desk_9, desk_10, microwave_11, fridge_12, alarmClock_1, ladle_2, cellPhone_3, cd_4, remoteControl_5, towel_6, cup_7, vase_8, tissueBox_9, pot_10]
  Agent - Checkable: [agent1]
  Location - Checkable: [location1, location2, location3, location4, location5, location6, location7, location8, location9, location10]
  Receptacle - Checkable: [coffeeTable_1, towelHolder_2, bathtubBasin_3, safe_4, safe_5, desk_6, bathtubBasin_7, garbageCan_8, desk_9, desk_10, microwave_11, fridge_12]
  Obj - Checkable: [alarmClock_1, ladle_2, cellPhone_3, cd_4, remoteControl_5, towel_6, cup_7, vase_8, tissueBox_9, pot_10]
]

initial fluents default = [
  bool atLocation[a=Agent - Checkable, l=Location - Checkable] := false
  bool receptacleAtLocation[r=Receptacle - Checkable, l=Location - Checkable] := false
  bool objectAtLocation[o=Obj - Checkable, l=Location - Checkable] := false
  bool openable[r=Receptacle - Checkable] := false
  bool opened[r=Receptacle - Checkable] := false
  bool inReceptacle[o=Obj - Checkable, r=Receptacle - Checkable] := false
  bool isReceptacleObject[o=Obj - Checkable] := false
  bool inReceptacleObject[innerObject=Obj - Checkable, outObject=Obj - Checkable] := false
  bool isReceptacleObjectFull[o=Obj - Checkable] := false
  bool wasInReceptacle[o=Obj - Checkable, r=Receptacle - Checkable] := false
  bool checked[c=Checkable] := false
  bool examined[l=Location - Checkable] := false
  bool receptacleType[r=Receptacle - Checkable, rt=ReceptacleType] := false
  bool canContain[rt=ReceptacleType, ot=ObjectType] := false
  bool objectType[o=Obj - Checkable, t=ObjectType] := false
  bool holds[a=Agent - Checkable, o=Obj - Checkable] := false
  bool holdsAny[a=Agent - Checkable] := false
  bool holdsAnyReceptacleObject[a=Agent - Checkable] := false
  bool full[r=Receptacle - Checkable] := false
  bool isClean[o=Obj - Checkable] := false
  bool cleanable[o=Obj - Checkable] := false
  bool isHot[o=Obj - Checkable] := false
  bool heatable[o=Obj - Checkable] := false
  bool isCool[o=Obj - Checkable] := false
  bool coolable[o=Obj - Checkable] := false
  bool pickupable[o=Obj - Checkable] := false
  bool moveable[o=Obj - Checkable] := false
  bool toggleable[o=Obj - Checkable] := false
  bool isOn[o=Obj - Checkable] := false
  bool isToggled[o=Obj - Checkable] := false
  bool sliceable[o=Obj - Checkable] := false
  bool isSliced[o=Obj - Checkable] := false
]

initial values = [
  receptacleType(coffeeTable_1, coffeeTableType) := true
  receptacleType(towelHolder_2, towelHolderType) := true
  receptacleType(bathtubBasin_3, bathtubBasinType) := true
  receptacleType(safe_4, safeType) := true
  receptacleType(safe_5, safeType) := true
  receptacleType(desk_6, deskType) := true
  receptacleType(bathtubBasin_7, bathtubBasinType) := true
  receptacleType(garbageCan_8, garbageCanType) := true
  receptacleType(desk_9, deskType) := true
  receptacleType(desk_10, deskType) := true
  receptacleType(microwave_11, microwaveType) := true
  receptacleType(fridge_12, fridgeType) := true
  objectType(alarmClock_1, alarmClockType) := true
  objectType(ladle_2, ladleType) := true
  objectType(cellPhone_3, cellPhoneType) := true
  objectType(cd_4, cdType) := true
  objectType(remoteControl_5, remoteControlType) := true
  objectType(towel_6, towelType) := true
  objectType(cup_7, cupType) := true
  objectType(vase_8, vaseType) := true
  objectType(tissueBox_9, tissueBoxType) := true
  objectType(pot_10, potType) := true
  canContain(coffeeTableType, alarmClockType) := true
  canContain(coffeeTableType, ladleType) := true
  canContain(coffeeTableType, cellPhoneType) := true
  canContain(coffeeTableType, remoteControlType) := true
  canContain(coffeeTableType, cupType) := true
  canContain(coffeeTableType, vaseType) := true
  canContain(coffeeTableType, tissueBoxType) := true
  canContain(coffeeTableType, potType) := true
  canContain(towelHolderType, towelType) := true
  canContain(safeType, cellPhoneType) := true
  canContain(safeType, cdType) := true
  canContain(safeType, vaseType) := true
  canContain(deskType, alarmClockType) := true
  canContain(deskType, cellPhoneType) := true
  canContain(deskType, remoteControlType) := true
  canContain(deskType, cupType) := true
  canContain(deskType, vaseType) := true
  canContain(deskType, tissueBoxType) := true
  canContain(garbageCanType, tissueBoxType) := true
  canContain(microwaveType, cupType) := true
  canContain(fridgeType, cupType) := true
  canContain(fridgeType, potType) := true
  pickupable(alarmClock_1) := true
  pickupable(ladle_2) := true
  cleanable(ladle_2) := true
  pickupable(cellPhone_3) := true
  pickupable(cd_4) := true
  pickupable(remoteControl_5) := true
  pickupable(towel_6) := true
  pickupable(cup_7) := true
  isReceptacleObject(cup_7) := true
  cleanable(cup_7) := true
  heatable(cup_7) := true
  coolable(cup_7) := true
  pickupable(vase_8) := true
  pickupable(tissueBox_9) := true
  pickupable(pot_10) := true
  isReceptacleObject(pot_10) := true
  cleanable(pot_10) := true
  coolable(pot_10) := true
  receptacleAtLocation(coffeeTable_1, location10) := true
  receptacleAtLocation(towelHolder_2, location3) := true
  receptacleAtLocation(bathtubBasin_3, location10) := true
  receptacleAtLocation(safe_4, location10) := true
  receptacleAtLocation(safe_5, location3) := true
  receptacleAtLocation(desk_6, location7) := true
  receptacleAtLocation(bathtubBasin_7, location8) := true
  receptacleAtLocation(garbageCan_8, location3) := true
  receptacleAtLocation(desk_9, location2) := true
  receptacleAtLocation(desk_10, location3) := true
  receptacleAtLocation(microwave_11, location8) := true
  receptacleAtLocation(fridge_12, location2) := true
  inReceptacle(alarmClock_1, desk_6) := true
  inReceptacle(ladle_2, coffeeTable_1) := true
  inReceptacle(cellPhone_3, safe_5) := true
  inReceptacle(cd_4, safe_4) := true
  inReceptacle(remoteControl_5, desk_10) := true
  inReceptacle(towel_6, towelHolder_2) := true
  inReceptacle(cup_7, microwave_11) := true
  inReceptacle(vase_8, desk_10) := true
  inReceptacle(tissueBox_9, desk_9) := true
  inReceptacle(pot_10, coffeeTable_1) := true
  objectAtLocation(alarmClock_1, location7) := true
  objectAtLocation(ladle_2, location10) := true
  objectAtLocation(cellPhone_3, location3) := true
  objectAtLocation(cd_4, location10) := true
  objectAtLocation(remoteControl_5, location3) := true
  objectAtLocation(towel_6, location3) := true
  objectAtLocation(cup_7, location8) := true
  objectAtLocation(vase_8, location3) := true
  objectAtLocation(tissueBox_9, location2) := true
  objectAtLocation(pot_10, location10) := true
  atLocation(agent1, location6) := true
]

goals = [
  Exists (Receptacle - Checkable r) Exists (Obj - Checkable o) (inReceptacle(o, r) and objectType(o, tissueBoxType) and receptacleType(r, garbageCanType))
]

quality metrics = [
  minimize sequential-plan-length
]


2025-06-17 11:17:10,017 - INFO - Generating plan for unconstrained problem

2025-06-17 11:17:10,483 - INFO - Unconstrained plan generation time: 0.46519899368286133

2025-06-17 11:17:10,483 - INFO - Unconstrained plan and cost: 
2025-06-17 11:17:10,483 - INFO - SequentialPlan:
    goToLocation(agent1, location6, location2)
    pickupObject(agent1, location2, tissueBox_9, desk_9)
    goToLocation(agent1, location2, location3)
    putObject(agent1, location3, tissueBox_9, garbageCan_8, tissueBoxType, garbageCanType)
2025-06-17 11:17:10,483 - INFO - 4
2025-06-17 11:17:10,893 - INFO - Sampled constraints:

2025-06-17 11:17:10,893 - INFO - Sometime(atLocation(agent1, location3))
2025-06-17 11:17:10,893 - INFO - Sometime-Before(atLocation(agent1, location3), checked(location4))
2025-06-17 11:17:10,893 - INFO - 
2025-06-17 11:17:10,893 - INFO - Generation time: 0.409527063369751

2025-06-17 11:17:10,894 - INFO - Generating plan for constrained problem (with LiftedTCORE).

2025-06-17 11:17:10,944 - INFO - LiftedTCORE compilation time: 0.05081987380981445

2025-06-17 11:17:11,423 - INFO - Planning Time with LiftedTCORE's file: 0.478801965713501

2025-06-17 11:17:11,424 - INFO - Plan found with LiftedTCORE + sym_bd: SequentialPlan:
    goToLocation(agent1, location6, location2)
    pickupObject(agent1, location2, tissueBox_9, desk_9)
    goToLocation(agent1, location2, location4)
    look(agent1, location4)
    goToLocation(agent1, location4, location3)
    putObject(agent1, location3, tissueBox_9, garbageCan_8, tissueBoxType, garbageCanType)
2025-06-17 11:17:11,424 - INFO - Seed: 92 is solvable

2025-06-17 11:17:11,424 - INFO - Unconstrained cost: 4
2025-06-17 11:17:11,424 - INFO - Constrained cost: 6
2025-06-17 11:17:11,424 - INFO - Seed: 92 Plan simulation is feasible
2025-06-17 11:17:11,424 - INFO - 
Seed: 92 
 Plan: [goToLocation(agent1, location6, location2), pickupObject(agent1, location2, tissueBox_9, desk_9), goToLocation(agent1, location2, location4), look(agent1, location4), goToLocation(agent1, location4, location3), putObject(agent1, location3, tissueBox_9, garbageCan_8, tissueBoxType, garbageCanType)]  
 Cost: 6

