2025-06-17 09:55:14,565 - INFO - 
================= Seed: 425 =================

2025-06-17 09:55:14,577 - INFO - problem name = alfred

types = [ReceptacleType, ObjectType, Checkable, Agent - Checkable, Location - Checkable, Receptacle - Checkable, Obj - Checkable]

fluents = [
  bool atLocation[a=Agent - Checkable, l=Location - Checkable]
  bool receptacleAtLocation[r=Receptacle - Checkable, l=Location - Checkable]
  bool objectAtLocation[o=Obj - Checkable, l=Location - Checkable]
  bool openable[r=Receptacle - Checkable]
  bool opened[r=Receptacle - Checkable]
  bool inReceptacle[o=Obj - Checkable, r=Receptacle - Checkable]
  bool isReceptacleObject[o=Obj - Checkable]
  bool inReceptacleObject[innerObject=Obj - Checkable, outObject=Obj - Checkable]
  bool isReceptacleObjectFull[o=Obj - Checkable]
  bool wasInReceptacle[o=Obj - Checkable, r=Receptacle - Checkable]
  bool checked[c=Checkable]
  bool examined[l=Location - Checkable]
  bool receptacleType[r=Receptacle - Checkable, rt=ReceptacleType]
  bool canContain[rt=ReceptacleType, ot=ObjectType]
  bool objectType[o=Obj - Checkable, t=ObjectType]
  bool holds[a=Agent - Checkable, o=Obj - Checkable]
  bool holdsAny[a=Agent - Checkable]
  bool holdsAnyReceptacleObject[a=Agent - Checkable]
  bool full[r=Receptacle - Checkable]
  bool isClean[o=Obj - Checkable]
  bool cleanable[o=Obj - Checkable]
  bool isHot[o=Obj - Checkable]
  bool heatable[o=Obj - Checkable]
  bool isCool[o=Obj - Checkable]
  bool coolable[o=Obj - Checkable]
  bool pickupable[o=Obj - Checkable]
  bool moveable[o=Obj - Checkable]
  bool toggleable[o=Obj - Checkable]
  bool isOn[o=Obj - Checkable]
  bool isToggled[o=Obj - Checkable]
  bool sliceable[o=Obj - Checkable]
  bool isSliced[o=Obj - Checkable]
]

actions = [
  action look(Agent - Checkable a, Location - Checkable l) {
    preconditions = [
      atLocation(a, l)
    ]
    effects = [
      checked(l) := true
    ]
  }
  action inventory(Agent - Checkable a) {
    preconditions = [
    ]
    effects = [
      checked(a) := true
    ]
  }
  action examineReceptacle(Agent - Checkable a, Receptacle - Checkable r) {
    preconditions = [
      Exists (Location - Checkable l) (atLocation(a, l) and receptacleAtLocation(r, l))
    ]
    effects = [
      checked(r) := true
    ]
  }
  action examineObject(Agent - Checkable a, Obj - Checkable o) {
    preconditions = [
      (Exists (Location - Checkable l) Exists (Receptacle - Checkable r) (atLocation(a, l) and receptacleAtLocation(r, l) and inReceptacle(o, r) and ((not openable(r)) or opened(r))) or holds(a, o))
    ]
    effects = [
      checked(o) := true
    ]
  }
  action goToLocation(Agent - Checkable a, Location - Checkable lstart, Location - Checkable lend) {
    preconditions = [
      atLocation(a, lstart)
    ]
    effects = [
      atLocation(a, lstart) := false
      atLocation(a, lend) := true
    ]
  }
  action openObject(Agent - Checkable a, Location - Checkable l, Receptacle - Checkable r) {
    preconditions = [
      (openable(r) and atLocation(a, l) and receptacleAtLocation(r, l) and (not opened(r)))
    ]
    effects = [
      opened(r) := true
      checked(r) := true
    ]
  }
  action closeObject(Agent - Checkable a, Location - Checkable l, Receptacle - Checkable r) {
    preconditions = [
      (openable(r) and atLocation(a, l) and receptacleAtLocation(r, l) and opened(r))
    ]
    effects = [
      opened(r) := false
    ]
  }
  action pickupObject(Agent - Checkable a, Location - Checkable l, Obj - Checkable o, Receptacle - Checkable r) {
    preconditions = [
      (pickupable(o) and atLocation(a, l) and receptacleAtLocation(r, l) and inReceptacle(o, r) and (not holdsAny(a)) and ((not openable(r)) or opened(r)))
    ]
    effects = [
      inReceptacle(o, r) := false
      holds(a, o) := true
      holdsAny(a) := true
      objectAtLocation(o, l) := false
    ]
  }
  action putObject(Agent - Checkable a, Location - Checkable l, Obj - Checkable o, Receptacle - Checkable r, ObjectType ot, ReceptacleType rt) {
    preconditions = [
      (holds(a, o) and atLocation(a, l) and receptacleAtLocation(r, l) and ((not openable(r)) or opened(r)) and objectType(o, ot) and receptacleType(r, rt) and canContain(rt, ot))
    ]
    effects = [
      inReceptacle(o, r) := true
      objectAtLocation(o, l) := true
      holds(a, o) := false
      holdsAny(a) := false
    ]
  }
  action cleanObject(Agent - Checkable a, Location - Checkable l, Receptacle - Checkable r, Obj - Checkable o) {
    preconditions = [
      (cleanable(o) and receptacleType(r, sinkBasinType) and atLocation(a, l) and receptacleAtLocation(r, l) and holds(a, o))
    ]
    effects = [
      isClean(o) := true
    ]
  }
  action heatObject(Agent - Checkable a, Location - Checkable l, Receptacle - Checkable r, Obj - Checkable o) {
    preconditions = [
      (heatable(o) and receptacleType(r, microwaveType) and atLocation(a, l) and receptacleAtLocation(r, l) and holds(a, o))
    ]
    effects = [
      isHot(o) := true
      isCool(o) := false
    ]
  }
  action coolObject(Agent - Checkable a, Location - Checkable l, Receptacle - Checkable r, Obj - Checkable o) {
    preconditions = [
      (coolable(o) and receptacleType(r, fridgeType) and atLocation(a, l) and receptacleAtLocation(r, l) and holds(a, o))
    ]
    effects = [
      isCool(o) := true
      isHot(o) := false
    ]
  }
  action toggleObject(Agent - Checkable a, Location - Checkable l, Obj - Checkable o, Receptacle - Checkable r) {
    preconditions = [
      (toggleable(o) and atLocation(a, l) and receptacleAtLocation(r, l) and inReceptacle(o, r))
    ]
    effects = [
      if isOn(o) then isOn(o) := false
      if (not isOn(o)) then isOn(o) := true
      isToggled(o) := true
    ]
  }
  action sliceObject(Agent - Checkable a, Location - Checkable l, Obj - Checkable co, Obj - Checkable ko) {
    preconditions = [
      (sliceable(co) and (objectType(ko, knifeType) or objectType(ko, butterKnifeType)) and atLocation(a, l) and objectAtLocation(co, l) and holds(a, ko))
    ]
    effects = [
      isSliced(co) := true
    ]
  }
  action help(Agent - Checkable a) {
    preconditions = [
    ]
    effects = [
      checked(a) := true
    ]
  }
]

objects = [
  ReceptacleType: [sinkBasinType, microwaveType, fridgeType, coffeeTableType, shelfType, coffeeMachineType, stoveBurnerType, drawerType, armChairType, dresserType, safeType, deskType]
  ObjectType: [knifeType, butterKnifeType, keyChainType, cellPhoneType, alarmClockType, bowlType, boxType, laptopType, panType]
  Checkable: [agent1, location1, location2, location3, location4, location5, location6, location7, location8, location9, location10, coffeeTable_1, shelf_2, coffeeMachine_3, stoveBurner_4, drawer_5, armChair_6, dresser_7, safe_8, dresser_9, desk_10, keyChain_1, cellPhone_2, alarmClock_3, butterKnife_4, bowl_5, box_6, laptop_7, box_8, bowl_9, pan_10]
  Agent - Checkable: [agent1]
  Location - Checkable: [location1, location2, location3, location4, location5, location6, location7, location8, location9, location10]
  Receptacle - Checkable: [coffeeTable_1, shelf_2, coffeeMachine_3, stoveBurner_4, drawer_5, armChair_6, dresser_7, safe_8, dresser_9, desk_10]
  Obj - Checkable: [keyChain_1, cellPhone_2, alarmClock_3, butterKnife_4, bowl_5, box_6, laptop_7, box_8, bowl_9, pan_10]
]

initial fluents default = [
  bool atLocation[a=Agent - Checkable, l=Location - Checkable] := false
  bool receptacleAtLocation[r=Receptacle - Checkable, l=Location - Checkable] := false
  bool objectAtLocation[o=Obj - Checkable, l=Location - Checkable] := false
  bool openable[r=Receptacle - Checkable] := false
  bool opened[r=Receptacle - Checkable] := false
  bool inReceptacle[o=Obj - Checkable, r=Receptacle - Checkable] := false
  bool isReceptacleObject[o=Obj - Checkable] := false
  bool inReceptacleObject[innerObject=Obj - Checkable, outObject=Obj - Checkable] := false
  bool isReceptacleObjectFull[o=Obj - Checkable] := false
  bool wasInReceptacle[o=Obj - Checkable, r=Receptacle - Checkable] := false
  bool checked[c=Checkable] := false
  bool examined[l=Location - Checkable] := false
  bool receptacleType[r=Receptacle - Checkable, rt=ReceptacleType] := false
  bool canContain[rt=ReceptacleType, ot=ObjectType] := false
  bool objectType[o=Obj - Checkable, t=ObjectType] := false
  bool holds[a=Agent - Checkable, o=Obj - Checkable] := false
  bool holdsAny[a=Agent - Checkable] := false
  bool holdsAnyReceptacleObject[a=Agent - Checkable] := false
  bool full[r=Receptacle - Checkable] := false
  bool isClean[o=Obj - Checkable] := false
  bool cleanable[o=Obj - Checkable] := false
  bool isHot[o=Obj - Checkable] := false
  bool heatable[o=Obj - Checkable] := false
  bool isCool[o=Obj - Checkable] := false
  bool coolable[o=Obj - Checkable] := false
  bool pickupable[o=Obj - Checkable] := false
  bool moveable[o=Obj - Checkable] := false
  bool toggleable[o=Obj - Checkable] := false
  bool isOn[o=Obj - Checkable] := false
  bool isToggled[o=Obj - Checkable] := false
  bool sliceable[o=Obj - Checkable] := false
  bool isSliced[o=Obj - Checkable] := false
]

initial values = [
  receptacleType(coffeeTable_1, coffeeTableType) := true
  receptacleType(shelf_2, shelfType) := true
  receptacleType(coffeeMachine_3, coffeeMachineType) := true
  receptacleType(stoveBurner_4, stoveBurnerType) := true
  receptacleType(drawer_5, drawerType) := true
  receptacleType(armChair_6, armChairType) := true
  receptacleType(dresser_7, dresserType) := true
  receptacleType(safe_8, safeType) := true
  receptacleType(dresser_9, dresserType) := true
  receptacleType(desk_10, deskType) := true
  objectType(keyChain_1, keyChainType) := true
  objectType(cellPhone_2, cellPhoneType) := true
  objectType(alarmClock_3, alarmClockType) := true
  objectType(butterKnife_4, butterKnifeType) := true
  objectType(bowl_5, bowlType) := true
  objectType(box_6, boxType) := true
  objectType(laptop_7, laptopType) := true
  objectType(box_8, boxType) := true
  objectType(bowl_9, bowlType) := true
  objectType(pan_10, panType) := true
  canContain(coffeeTableType, keyChainType) := true
  canContain(coffeeTableType, cellPhoneType) := true
  canContain(coffeeTableType, alarmClockType) := true
  canContain(coffeeTableType, butterKnifeType) := true
  canContain(coffeeTableType, bowlType) := true
  canContain(coffeeTableType, boxType) := true
  canContain(coffeeTableType, laptopType) := true
  canContain(coffeeTableType, panType) := true
  canContain(shelfType, keyChainType) := true
  canContain(shelfType, cellPhoneType) := true
  canContain(shelfType, alarmClockType) := true
  canContain(shelfType, bowlType) := true
  canContain(shelfType, boxType) := true
  canContain(stoveBurnerType, panType) := true
  canContain(drawerType, keyChainType) := true
  canContain(drawerType, cellPhoneType) := true
  canContain(drawerType, butterKnifeType) := true
  canContain(armChairType, keyChainType) := true
  canContain(armChairType, cellPhoneType) := true
  canContain(armChairType, boxType) := true
  canContain(armChairType, laptopType) := true
  canContain(dresserType, keyChainType) := true
  canContain(dresserType, cellPhoneType) := true
  canContain(dresserType, alarmClockType) := true
  canContain(dresserType, bowlType) := true
  canContain(dresserType, boxType) := true
  canContain(dresserType, laptopType) := true
  canContain(safeType, keyChainType) := true
  canContain(safeType, cellPhoneType) := true
  canContain(deskType, keyChainType) := true
  canContain(deskType, cellPhoneType) := true
  canContain(deskType, alarmClockType) := true
  canContain(deskType, bowlType) := true
  canContain(deskType, boxType) := true
  canContain(deskType, laptopType) := true
  pickupable(keyChain_1) := true
  pickupable(cellPhone_2) := true
  pickupable(alarmClock_3) := true
  pickupable(butterKnife_4) := true
  cleanable(butterKnife_4) := true
  pickupable(bowl_5) := true
  isReceptacleObject(bowl_5) := true
  cleanable(bowl_5) := true
  coolable(bowl_5) := true
  pickupable(box_6) := true
  isReceptacleObject(box_6) := true
  pickupable(laptop_7) := true
  pickupable(box_8) := true
  isReceptacleObject(box_8) := true
  pickupable(bowl_9) := true
  isReceptacleObject(bowl_9) := true
  cleanable(bowl_9) := true
  coolable(bowl_9) := true
  pickupable(pan_10) := true
  isReceptacleObject(pan_10) := true
  cleanable(pan_10) := true
  coolable(pan_10) := true
  receptacleAtLocation(coffeeTable_1, location1) := true
  receptacleAtLocation(shelf_2, location7) := true
  receptacleAtLocation(coffeeMachine_3, location8) := true
  receptacleAtLocation(stoveBurner_4, location4) := true
  receptacleAtLocation(drawer_5, location5) := true
  receptacleAtLocation(armChair_6, location6) := true
  receptacleAtLocation(dresser_7, location8) := true
  receptacleAtLocation(safe_8, location3) := true
  receptacleAtLocation(dresser_9, location7) := true
  receptacleAtLocation(desk_10, location6) := true
  inReceptacle(keyChain_1, dresser_7) := true
  inReceptacle(cellPhone_2, shelf_2) := true
  inReceptacle(box_6, dresser_9) := true
  inReceptacle(laptop_7, coffeeTable_1) := true
  inReceptacle(box_8, armChair_6) := true
  objectAtLocation(keyChain_1, location8) := true
  objectAtLocation(cellPhone_2, location7) := true
  objectAtLocation(alarmClock_3, location10) := true
  objectAtLocation(butterKnife_4, location5) := true
  objectAtLocation(bowl_5, location7) := true
  objectAtLocation(box_6, location7) := true
  objectAtLocation(laptop_7, location1) := true
  objectAtLocation(box_8, location6) := true
  objectAtLocation(bowl_9, location7) := true
  objectAtLocation(pan_10, location6) := true
  atLocation(agent1, location4) := true
]

goals = [
  Exists (Receptacle - Checkable r) Exists (Obj - Checkable o) (inReceptacle(o, r) and objectType(o, alarmClockType) and receptacleType(r, dresserType))
]

quality metrics = [
  minimize sequential-plan-length
]


2025-06-17 09:55:14,581 - INFO - Generating plan for unconstrained problem

2025-06-17 09:55:14,961 - INFO - Unconstrained plan generation time: 0.3794877529144287

