2025-06-17 10:21:39,172 - INFO - 
================= Seed: 722 =================

2025-06-17 10:21:39,177 - INFO - problem name = alfred

types = [ReceptacleType, ObjectType, Checkable, Agent - Checkable, Location - Checkable, Receptacle - Checkable, Obj - Checkable]

fluents = [
  bool atLocation[a=Agent - Checkable, l=Location - Checkable]
  bool receptacleAtLocation[r=Receptacle - Checkable, l=Location - Checkable]
  bool objectAtLocation[o=Obj - Checkable, l=Location - Checkable]
  bool openable[r=Receptacle - Checkable]
  bool opened[r=Receptacle - Checkable]
  bool inReceptacle[o=Obj - Checkable, r=Receptacle - Checkable]
  bool isReceptacleObject[o=Obj - Checkable]
  bool inReceptacleObject[innerObject=Obj - Checkable, outObject=Obj - Checkable]
  bool isReceptacleObjectFull[o=Obj - Checkable]
  bool wasInReceptacle[o=Obj - Checkable, r=Receptacle - Checkable]
  bool checked[c=Checkable]
  bool examined[l=Location - Checkable]
  bool receptacleType[r=Receptacle - Checkable, rt=ReceptacleType]
  bool canContain[rt=ReceptacleType, ot=ObjectType]
  bool objectType[o=Obj - Checkable, t=ObjectType]
  bool holds[a=Agent - Checkable, o=Obj - Checkable]
  bool holdsAny[a=Agent - Checkable]
  bool holdsAnyReceptacleObject[a=Agent - Checkable]
  bool full[r=Receptacle - Checkable]
  bool isClean[o=Obj - Checkable]
  bool cleanable[o=Obj - Checkable]
  bool isHot[o=Obj - Checkable]
  bool heatable[o=Obj - Checkable]
  bool isCool[o=Obj - Checkable]
  bool coolable[o=Obj - Checkable]
  bool pickupable[o=Obj - Checkable]
  bool moveable[o=Obj - Checkable]
  bool toggleable[o=Obj - Checkable]
  bool isOn[o=Obj - Checkable]
  bool isToggled[o=Obj - Checkable]
  bool sliceable[o=Obj - Checkable]
  bool isSliced[o=Obj - Checkable]
]

actions = [
  action look(Agent - Checkable a, Location - Checkable l) {
    preconditions = [
      atLocation(a, l)
    ]
    effects = [
      checked(l) := true
    ]
  }
  action inventory(Agent - Checkable a) {
    preconditions = [
    ]
    effects = [
      checked(a) := true
    ]
  }
  action examineReceptacle(Agent - Checkable a, Receptacle - Checkable r) {
    preconditions = [
      Exists (Location - Checkable l) (atLocation(a, l) and receptacleAtLocation(r, l))
    ]
    effects = [
      checked(r) := true
    ]
  }
  action examineObject(Agent - Checkable a, Obj - Checkable o) {
    preconditions = [
      (Exists (Location - Checkable l) Exists (Receptacle - Checkable r) (atLocation(a, l) and receptacleAtLocation(r, l) and inReceptacle(o, r) and ((not openable(r)) or opened(r))) or holds(a, o))
    ]
    effects = [
      checked(o) := true
    ]
  }
  action goToLocation(Agent - Checkable a, Location - Checkable lstart, Location - Checkable lend) {
    preconditions = [
      atLocation(a, lstart)
    ]
    effects = [
      atLocation(a, lstart) := false
      atLocation(a, lend) := true
    ]
  }
  action openObject(Agent - Checkable a, Location - Checkable l, Receptacle - Checkable r) {
    preconditions = [
      (openable(r) and atLocation(a, l) and receptacleAtLocation(r, l) and (not opened(r)))
    ]
    effects = [
      opened(r) := true
      checked(r) := true
    ]
  }
  action closeObject(Agent - Checkable a, Location - Checkable l, Receptacle - Checkable r) {
    preconditions = [
      (openable(r) and atLocation(a, l) and receptacleAtLocation(r, l) and opened(r))
    ]
    effects = [
      opened(r) := false
    ]
  }
  action pickupObject(Agent - Checkable a, Location - Checkable l, Obj - Checkable o, Receptacle - Checkable r) {
    preconditions = [
      (pickupable(o) and atLocation(a, l) and receptacleAtLocation(r, l) and inReceptacle(o, r) and (not holdsAny(a)) and ((not openable(r)) or opened(r)))
    ]
    effects = [
      inReceptacle(o, r) := false
      holds(a, o) := true
      holdsAny(a) := true
      objectAtLocation(o, l) := false
    ]
  }
  action putObject(Agent - Checkable a, Location - Checkable l, Obj - Checkable o, Receptacle - Checkable r, ObjectType ot, ReceptacleType rt) {
    preconditions = [
      (holds(a, o) and atLocation(a, l) and receptacleAtLocation(r, l) and ((not openable(r)) or opened(r)) and objectType(o, ot) and receptacleType(r, rt) and canContain(rt, ot))
    ]
    effects = [
      inReceptacle(o, r) := true
      objectAtLocation(o, l) := true
      holds(a, o) := false
      holdsAny(a) := false
    ]
  }
  action cleanObject(Agent - Checkable a, Location - Checkable l, Receptacle - Checkable r, Obj - Checkable o) {
    preconditions = [
      (cleanable(o) and receptacleType(r, sinkBasinType) and atLocation(a, l) and receptacleAtLocation(r, l) and holds(a, o))
    ]
    effects = [
      isClean(o) := true
    ]
  }
  action heatObject(Agent - Checkable a, Location - Checkable l, Receptacle - Checkable r, Obj - Checkable o) {
    preconditions = [
      (heatable(o) and receptacleType(r, microwaveType) and atLocation(a, l) and receptacleAtLocation(r, l) and holds(a, o))
    ]
    effects = [
      isHot(o) := true
      isCool(o) := false
    ]
  }
  action coolObject(Agent - Checkable a, Location - Checkable l, Receptacle - Checkable r, Obj - Checkable o) {
    preconditions = [
      (coolable(o) and receptacleType(r, fridgeType) and atLocation(a, l) and receptacleAtLocation(r, l) and holds(a, o))
    ]
    effects = [
      isCool(o) := true
      isHot(o) := false
    ]
  }
  action toggleObject(Agent - Checkable a, Location - Checkable l, Obj - Checkable o, Receptacle - Checkable r) {
    preconditions = [
      (toggleable(o) and atLocation(a, l) and receptacleAtLocation(r, l) and inReceptacle(o, r))
    ]
    effects = [
      if isOn(o) then isOn(o) := false
      if (not isOn(o)) then isOn(o) := true
      isToggled(o) := true
    ]
  }
  action sliceObject(Agent - Checkable a, Location - Checkable l, Obj - Checkable co, Obj - Checkable ko) {
    preconditions = [
      (sliceable(co) and (objectType(ko, knifeType) or objectType(ko, butterKnifeType)) and atLocation(a, l) and objectAtLocation(co, l) and holds(a, ko))
    ]
    effects = [
      isSliced(co) := true
    ]
  }
  action help(Agent - Checkable a) {
    preconditions = [
    ]
    effects = [
      checked(a) := true
    ]
  }
]

objects = [
  ReceptacleType: [sinkBasinType, microwaveType, fridgeType, armChairType, ottomanType, cabinetType, coffeeMachineType, handTowelHolderType, tvStandType, safeType, coffeeTableType, garbageCanType]
  ObjectType: [knifeType, butterKnifeType, plungerType, statueType, creditCardType, soapBottleType, laptopType, plateType, pepperShakerType, watchType, cupType]
  Checkable: [agent1, location1, location2, location3, location4, location5, location6, location7, location8, location9, location10, armChair_1, ottoman_2, cabinet_3, coffeeMachine_4, handTowelHolder_5, tvStand_6, safe_7, coffeeTable_8, garbageCan_9, cabinet_10, plunger_1, statue_2, creditCard_3, soapBottle_4, laptop_5, plate_6, pepperShaker_7, watch_8, creditCard_9, cup_10]
  Agent - Checkable: [agent1]
  Location - Checkable: [location1, location2, location3, location4, location5, location6, location7, location8, location9, location10]
  Receptacle - Checkable: [armChair_1, ottoman_2, cabinet_3, coffeeMachine_4, handTowelHolder_5, tvStand_6, safe_7, coffeeTable_8, garbageCan_9, cabinet_10]
  Obj - Checkable: [plunger_1, statue_2, creditCard_3, soapBottle_4, laptop_5, plate_6, pepperShaker_7, watch_8, creditCard_9, cup_10]
]

initial fluents default = [
  bool atLocation[a=Agent - Checkable, l=Location - Checkable] := false
  bool receptacleAtLocation[r=Receptacle - Checkable, l=Location - Checkable] := false
  bool objectAtLocation[o=Obj - Checkable, l=Location - Checkable] := false
  bool openable[r=Receptacle - Checkable] := false
  bool opened[r=Receptacle - Checkable] := false
  bool inReceptacle[o=Obj - Checkable, r=Receptacle - Checkable] := false
  bool isReceptacleObject[o=Obj - Checkable] := false
  bool inReceptacleObject[innerObject=Obj - Checkable, outObject=Obj - Checkable] := false
  bool isReceptacleObjectFull[o=Obj - Checkable] := false
  bool wasInReceptacle[o=Obj - Checkable, r=Receptacle - Checkable] := false
  bool checked[c=Checkable] := false
  bool examined[l=Location - Checkable] := false
  bool receptacleType[r=Receptacle - Checkable, rt=ReceptacleType] := false
  bool canContain[rt=ReceptacleType, ot=ObjectType] := false
  bool objectType[o=Obj - Checkable, t=ObjectType] := false
  bool holds[a=Agent - Checkable, o=Obj - Checkable] := false
  bool holdsAny[a=Agent - Checkable] := false
  bool holdsAnyReceptacleObject[a=Agent - Checkable] := false
  bool full[r=Receptacle - Checkable] := false
  bool isClean[o=Obj - Checkable] := false
  bool cleanable[o=Obj - Checkable] := false
  bool isHot[o=Obj - Checkable] := false
  bool heatable[o=Obj - Checkable] := false
  bool isCool[o=Obj - Checkable] := false
  bool coolable[o=Obj - Checkable] := false
  bool pickupable[o=Obj - Checkable] := false
  bool moveable[o=Obj - Checkable] := false
  bool toggleable[o=Obj - Checkable] := false
  bool isOn[o=Obj - Checkable] := false
  bool isToggled[o=Obj - Checkable] := false
  bool sliceable[o=Obj - Checkable] := false
  bool isSliced[o=Obj - Checkable] := false
]

initial values = [
  receptacleType(armChair_1, armChairType) := true
  receptacleType(ottoman_2, ottomanType) := true
  receptacleType(cabinet_3, cabinetType) := true
  receptacleType(coffeeMachine_4, coffeeMachineType) := true
  receptacleType(handTowelHolder_5, handTowelHolderType) := true
  receptacleType(tvStand_6, tvStandType) := true
  receptacleType(safe_7, safeType) := true
  receptacleType(coffeeTable_8, coffeeTableType) := true
  receptacleType(garbageCan_9, garbageCanType) := true
  receptacleType(cabinet_10, cabinetType) := true
  objectType(plunger_1, plungerType) := true
  objectType(statue_2, statueType) := true
  objectType(creditCard_3, creditCardType) := true
  objectType(soapBottle_4, soapBottleType) := true
  objectType(laptop_5, laptopType) := true
  objectType(plate_6, plateType) := true
  objectType(pepperShaker_7, pepperShakerType) := true
  objectType(watch_8, watchType) := true
  objectType(creditCard_9, creditCardType) := true
  objectType(cup_10, cupType) := true
  canContain(armChairType, creditCardType) := true
  canContain(armChairType, laptopType) := true
  canContain(ottomanType, creditCardType) := true
  canContain(ottomanType, laptopType) := true
  canContain(cabinetType, plungerType) := true
  canContain(cabinetType, soapBottleType) := true
  canContain(cabinetType, plateType) := true
  canContain(cabinetType, pepperShakerType) := true
  canContain(cabinetType, cupType) := true
  canContain(safeType, statueType) := true
  canContain(safeType, creditCardType) := true
  canContain(safeType, watchType) := true
  canContain(coffeeTableType, statueType) := true
  canContain(coffeeTableType, creditCardType) := true
  canContain(coffeeTableType, soapBottleType) := true
  canContain(coffeeTableType, laptopType) := true
  canContain(coffeeTableType, plateType) := true
  canContain(coffeeTableType, pepperShakerType) := true
  canContain(coffeeTableType, watchType) := true
  canContain(coffeeTableType, cupType) := true
  canContain(garbageCanType, soapBottleType) := true
  pickupable(plunger_1) := true
  pickupable(statue_2) := true
  pickupable(creditCard_3) := true
  pickupable(soapBottle_4) := true
  pickupable(laptop_5) := true
  pickupable(plate_6) := true
  isReceptacleObject(plate_6) := true
  cleanable(plate_6) := true
  heatable(plate_6) := true
  coolable(plate_6) := true
  pickupable(pepperShaker_7) := true
  pickupable(watch_8) := true
  pickupable(creditCard_9) := true
  pickupable(cup_10) := true
  isReceptacleObject(cup_10) := true
  cleanable(cup_10) := true
  heatable(cup_10) := true
  coolable(cup_10) := true
  receptacleAtLocation(armChair_1, location6) := true
  receptacleAtLocation(ottoman_2, location7) := true
  receptacleAtLocation(cabinet_3, location10) := true
  receptacleAtLocation(coffeeMachine_4, location7) := true
  receptacleAtLocation(handTowelHolder_5, location4) := true
  receptacleAtLocation(tvStand_6, location10) := true
  receptacleAtLocation(safe_7, location4) := true
  receptacleAtLocation(coffeeTable_8, location1) := true
  receptacleAtLocation(garbageCan_9, location2) := true
  receptacleAtLocation(cabinet_10, location4) := true
  inReceptacle(creditCard_9, coffeeTable_8) := true
  objectAtLocation(plunger_1, location10) := true
  objectAtLocation(statue_2, location7) := true
  objectAtLocation(creditCard_3, location6) := true
  objectAtLocation(soapBottle_4, location1) := true
  objectAtLocation(laptop_5, location10) := true
  objectAtLocation(plate_6, location7) := true
  objectAtLocation(pepperShaker_7, location6) := true
  objectAtLocation(watch_8, location5) := true
  objectAtLocation(creditCard_9, location1) := true
  objectAtLocation(cup_10, location8) := true
  atLocation(agent1, location4) := true
]

goals = [
  Exists (Receptacle - Checkable r) Exists (Obj - Checkable o) (inReceptacle(o, r) and objectType(o, laptopType) and receptacleType(r, coffeeTableType))
]

quality metrics = [
  minimize sequential-plan-length
]


2025-06-17 10:21:39,179 - INFO - Generating plan for unconstrained problem

2025-06-17 10:21:39,496 - INFO - Unconstrained plan generation time: 0.31680965423583984

