2025-06-17 10:22:21,039 - INFO - 
================= Seed: 794 =================

2025-06-17 10:22:21,044 - INFO - problem name = alfred

types = [ReceptacleType, ObjectType, Checkable, Agent - Checkable, Location - Checkable, Receptacle - Checkable, Obj - Checkable]

fluents = [
  bool atLocation[a=Agent - Checkable, l=Location - Checkable]
  bool receptacleAtLocation[r=Receptacle - Checkable, l=Location - Checkable]
  bool objectAtLocation[o=Obj - Checkable, l=Location - Checkable]
  bool openable[r=Receptacle - Checkable]
  bool opened[r=Receptacle - Checkable]
  bool inReceptacle[o=Obj - Checkable, r=Receptacle - Checkable]
  bool isReceptacleObject[o=Obj - Checkable]
  bool inReceptacleObject[innerObject=Obj - Checkable, outObject=Obj - Checkable]
  bool isReceptacleObjectFull[o=Obj - Checkable]
  bool wasInReceptacle[o=Obj - Checkable, r=Receptacle - Checkable]
  bool checked[c=Checkable]
  bool examined[l=Location - Checkable]
  bool receptacleType[r=Receptacle - Checkable, rt=ReceptacleType]
  bool canContain[rt=ReceptacleType, ot=ObjectType]
  bool objectType[o=Obj - Checkable, t=ObjectType]
  bool holds[a=Agent - Checkable, o=Obj - Checkable]
  bool holdsAny[a=Agent - Checkable]
  bool holdsAnyReceptacleObject[a=Agent - Checkable]
  bool full[r=Receptacle - Checkable]
  bool isClean[o=Obj - Checkable]
  bool cleanable[o=Obj - Checkable]
  bool isHot[o=Obj - Checkable]
  bool heatable[o=Obj - Checkable]
  bool isCool[o=Obj - Checkable]
  bool coolable[o=Obj - Checkable]
  bool pickupable[o=Obj - Checkable]
  bool moveable[o=Obj - Checkable]
  bool toggleable[o=Obj - Checkable]
  bool isOn[o=Obj - Checkable]
  bool isToggled[o=Obj - Checkable]
  bool sliceable[o=Obj - Checkable]
  bool isSliced[o=Obj - Checkable]
]

actions = [
  action look(Agent - Checkable a, Location - Checkable l) {
    preconditions = [
      atLocation(a, l)
    ]
    effects = [
      checked(l) := true
    ]
  }
  action inventory(Agent - Checkable a) {
    preconditions = [
    ]
    effects = [
      checked(a) := true
    ]
  }
  action examineReceptacle(Agent - Checkable a, Receptacle - Checkable r) {
    preconditions = [
      Exists (Location - Checkable l) (atLocation(a, l) and receptacleAtLocation(r, l))
    ]
    effects = [
      checked(r) := true
    ]
  }
  action examineObject(Agent - Checkable a, Obj - Checkable o) {
    preconditions = [
      (Exists (Location - Checkable l) Exists (Receptacle - Checkable r) (atLocation(a, l) and receptacleAtLocation(r, l) and inReceptacle(o, r) and ((not openable(r)) or opened(r))) or holds(a, o))
    ]
    effects = [
      checked(o) := true
    ]
  }
  action goToLocation(Agent - Checkable a, Location - Checkable lstart, Location - Checkable lend) {
    preconditions = [
      atLocation(a, lstart)
    ]
    effects = [
      atLocation(a, lstart) := false
      atLocation(a, lend) := true
    ]
  }
  action openObject(Agent - Checkable a, Location - Checkable l, Receptacle - Checkable r) {
    preconditions = [
      (openable(r) and atLocation(a, l) and receptacleAtLocation(r, l) and (not opened(r)))
    ]
    effects = [
      opened(r) := true
      checked(r) := true
    ]
  }
  action closeObject(Agent - Checkable a, Location - Checkable l, Receptacle - Checkable r) {
    preconditions = [
      (openable(r) and atLocation(a, l) and receptacleAtLocation(r, l) and opened(r))
    ]
    effects = [
      opened(r) := false
    ]
  }
  action pickupObject(Agent - Checkable a, Location - Checkable l, Obj - Checkable o, Receptacle - Checkable r) {
    preconditions = [
      (pickupable(o) and atLocation(a, l) and receptacleAtLocation(r, l) and inReceptacle(o, r) and (not holdsAny(a)) and ((not openable(r)) or opened(r)))
    ]
    effects = [
      inReceptacle(o, r) := false
      holds(a, o) := true
      holdsAny(a) := true
      objectAtLocation(o, l) := false
    ]
  }
  action putObject(Agent - Checkable a, Location - Checkable l, Obj - Checkable o, Receptacle - Checkable r, ObjectType ot, ReceptacleType rt) {
    preconditions = [
      (holds(a, o) and atLocation(a, l) and receptacleAtLocation(r, l) and ((not openable(r)) or opened(r)) and objectType(o, ot) and receptacleType(r, rt) and canContain(rt, ot))
    ]
    effects = [
      inReceptacle(o, r) := true
      objectAtLocation(o, l) := true
      holds(a, o) := false
      holdsAny(a) := false
    ]
  }
  action cleanObject(Agent - Checkable a, Location - Checkable l, Receptacle - Checkable r, Obj - Checkable o) {
    preconditions = [
      (cleanable(o) and receptacleType(r, sinkBasinType) and atLocation(a, l) and receptacleAtLocation(r, l) and holds(a, o))
    ]
    effects = [
      isClean(o) := true
    ]
  }
  action heatObject(Agent - Checkable a, Location - Checkable l, Receptacle - Checkable r, Obj - Checkable o) {
    preconditions = [
      (heatable(o) and receptacleType(r, microwaveType) and atLocation(a, l) and receptacleAtLocation(r, l) and holds(a, o))
    ]
    effects = [
      isHot(o) := true
      isCool(o) := false
    ]
  }
  action coolObject(Agent - Checkable a, Location - Checkable l, Receptacle - Checkable r, Obj - Checkable o) {
    preconditions = [
      (coolable(o) and receptacleType(r, fridgeType) and atLocation(a, l) and receptacleAtLocation(r, l) and holds(a, o))
    ]
    effects = [
      isCool(o) := true
      isHot(o) := false
    ]
  }
  action toggleObject(Agent - Checkable a, Location - Checkable l, Obj - Checkable o, Receptacle - Checkable r) {
    preconditions = [
      (toggleable(o) and atLocation(a, l) and receptacleAtLocation(r, l) and inReceptacle(o, r))
    ]
    effects = [
      if isOn(o) then isOn(o) := false
      if (not isOn(o)) then isOn(o) := true
      isToggled(o) := true
    ]
  }
  action sliceObject(Agent - Checkable a, Location - Checkable l, Obj - Checkable co, Obj - Checkable ko) {
    preconditions = [
      (sliceable(co) and (objectType(ko, knifeType) or objectType(ko, butterKnifeType)) and atLocation(a, l) and objectAtLocation(co, l) and holds(a, ko))
    ]
    effects = [
      isSliced(co) := true
    ]
  }
  action help(Agent - Checkable a) {
    preconditions = [
    ]
    effects = [
      checked(a) := true
    ]
  }
]

objects = [
  ReceptacleType: [sinkBasinType, microwaveType, fridgeType, handTowelHolderType, coffeeMachineType, towelHolderType, shelfType, tvStandType, coffeeTableType]
  ObjectType: [knifeType, butterKnifeType, appleType, toiletPaperType, breadType, panType, basketBallType, remoteControlType, glassbottleType, creditCardType, plateType]
  Checkable: [agent1, location1, location2, location3, location4, location5, location6, location7, location8, location9, location10, handTowelHolder_1, coffeeMachine_2, towelHolder_3, shelf_4, handTowelHolder_5, tvStand_6, tvStand_7, coffeeTable_8, coffeeTable_9, shelf_10, apple_1, toiletPaper_2, bread_3, pan_4, basketBall_5, remoteControl_6, glassbottle_7, creditCard_8, knife_9, plate_10]
  Agent - Checkable: [agent1]
  Location - Checkable: [location1, location2, location3, location4, location5, location6, location7, location8, location9, location10]
  Receptacle - Checkable: [handTowelHolder_1, coffeeMachine_2, towelHolder_3, shelf_4, handTowelHolder_5, tvStand_6, tvStand_7, coffeeTable_8, coffeeTable_9, shelf_10]
  Obj - Checkable: [apple_1, toiletPaper_2, bread_3, pan_4, basketBall_5, remoteControl_6, glassbottle_7, creditCard_8, knife_9, plate_10]
]

initial fluents default = [
  bool atLocation[a=Agent - Checkable, l=Location - Checkable] := false
  bool receptacleAtLocation[r=Receptacle - Checkable, l=Location - Checkable] := false
  bool objectAtLocation[o=Obj - Checkable, l=Location - Checkable] := false
  bool openable[r=Receptacle - Checkable] := false
  bool opened[r=Receptacle - Checkable] := false
  bool inReceptacle[o=Obj - Checkable, r=Receptacle - Checkable] := false
  bool isReceptacleObject[o=Obj - Checkable] := false
  bool inReceptacleObject[innerObject=Obj - Checkable, outObject=Obj - Checkable] := false
  bool isReceptacleObjectFull[o=Obj - Checkable] := false
  bool wasInReceptacle[o=Obj - Checkable, r=Receptacle - Checkable] := false
  bool checked[c=Checkable] := false
  bool examined[l=Location - Checkable] := false
  bool receptacleType[r=Receptacle - Checkable, rt=ReceptacleType] := false
  bool canContain[rt=ReceptacleType, ot=ObjectType] := false
  bool objectType[o=Obj - Checkable, t=ObjectType] := false
  bool holds[a=Agent - Checkable, o=Obj - Checkable] := false
  bool holdsAny[a=Agent - Checkable] := false
  bool holdsAnyReceptacleObject[a=Agent - Checkable] := false
  bool full[r=Receptacle - Checkable] := false
  bool isClean[o=Obj - Checkable] := false
  bool cleanable[o=Obj - Checkable] := false
  bool isHot[o=Obj - Checkable] := false
  bool heatable[o=Obj - Checkable] := false
  bool isCool[o=Obj - Checkable] := false
  bool coolable[o=Obj - Checkable] := false
  bool pickupable[o=Obj - Checkable] := false
  bool moveable[o=Obj - Checkable] := false
  bool toggleable[o=Obj - Checkable] := false
  bool isOn[o=Obj - Checkable] := false
  bool isToggled[o=Obj - Checkable] := false
  bool sliceable[o=Obj - Checkable] := false
  bool isSliced[o=Obj - Checkable] := false
]

initial values = [
  receptacleType(handTowelHolder_1, handTowelHolderType) := true
  receptacleType(coffeeMachine_2, coffeeMachineType) := true
  receptacleType(towelHolder_3, towelHolderType) := true
  receptacleType(shelf_4, shelfType) := true
  receptacleType(handTowelHolder_5, handTowelHolderType) := true
  receptacleType(tvStand_6, tvStandType) := true
  receptacleType(tvStand_7, tvStandType) := true
  receptacleType(coffeeTable_8, coffeeTableType) := true
  receptacleType(coffeeTable_9, coffeeTableType) := true
  receptacleType(shelf_10, shelfType) := true
  objectType(apple_1, appleType) := true
  objectType(toiletPaper_2, toiletPaperType) := true
  objectType(bread_3, breadType) := true
  objectType(pan_4, panType) := true
  objectType(basketBall_5, basketBallType) := true
  objectType(remoteControl_6, remoteControlType) := true
  objectType(glassbottle_7, glassbottleType) := true
  objectType(creditCard_8, creditCardType) := true
  objectType(knife_9, knifeType) := true
  objectType(plate_10, plateType) := true
  canContain(shelfType, toiletPaperType) := true
  canContain(shelfType, remoteControlType) := true
  canContain(shelfType, glassbottleType) := true
  canContain(shelfType, creditCardType) := true
  canContain(shelfType, plateType) := true
  canContain(coffeeTableType, appleType) := true
  canContain(coffeeTableType, toiletPaperType) := true
  canContain(coffeeTableType, breadType) := true
  canContain(coffeeTableType, panType) := true
  canContain(coffeeTableType, basketBallType) := true
  canContain(coffeeTableType, remoteControlType) := true
  canContain(coffeeTableType, glassbottleType) := true
  canContain(coffeeTableType, creditCardType) := true
  canContain(coffeeTableType, knifeType) := true
  canContain(coffeeTableType, plateType) := true
  pickupable(apple_1) := true
  cleanable(apple_1) := true
  heatable(apple_1) := true
  coolable(apple_1) := true
  sliceable(apple_1) := true
  pickupable(toiletPaper_2) := true
  pickupable(bread_3) := true
  heatable(bread_3) := true
  coolable(bread_3) := true
  sliceable(bread_3) := true
  pickupable(pan_4) := true
  isReceptacleObject(pan_4) := true
  cleanable(pan_4) := true
  coolable(pan_4) := true
  pickupable(basketBall_5) := true
  pickupable(remoteControl_6) := true
  pickupable(glassbottle_7) := true
  pickupable(creditCard_8) := true
  pickupable(knife_9) := true
  cleanable(knife_9) := true
  pickupable(plate_10) := true
  isReceptacleObject(plate_10) := true
  cleanable(plate_10) := true
  heatable(plate_10) := true
  coolable(plate_10) := true
  receptacleAtLocation(handTowelHolder_1, location6) := true
  receptacleAtLocation(coffeeMachine_2, location10) := true
  receptacleAtLocation(towelHolder_3, location6) := true
  receptacleAtLocation(shelf_4, location10) := true
  receptacleAtLocation(handTowelHolder_5, location3) := true
  receptacleAtLocation(tvStand_6, location2) := true
  receptacleAtLocation(tvStand_7, location5) := true
  receptacleAtLocation(coffeeTable_8, location8) := true
  receptacleAtLocation(coffeeTable_9, location5) := true
  receptacleAtLocation(shelf_10, location8) := true
  inReceptacle(toiletPaper_2, coffeeTable_9) := true
  inReceptacle(bread_3, coffeeTable_8) := true
  inReceptacle(pan_4, coffeeTable_8) := true
  inReceptacle(remoteControl_6, coffeeTable_9) := true
  objectAtLocation(apple_1, location1) := true
  objectAtLocation(toiletPaper_2, location5) := true
  objectAtLocation(bread_3, location8) := true
  objectAtLocation(pan_4, location8) := true
  objectAtLocation(basketBall_5, location4) := true
  objectAtLocation(remoteControl_6, location5) := true
  objectAtLocation(glassbottle_7, location7) := true
  objectAtLocation(creditCard_8, location2) := true
  objectAtLocation(knife_9, location9) := true
  objectAtLocation(plate_10, location8) := true
  atLocation(agent1, location4) := true
]

goals = [
  Exists (Receptacle - Checkable r) Exists (Obj - Checkable o1) (inReceptacle(o1, r) and objectType(o1, remoteControlType) and receptacleType(r, coffeeTableType) and Exists (Obj - Checkable o2) ((not (o1 == o2)) and objectType(o2, creditCardType) and receptacleType(r, coffeeTableType) and inReceptacle(o2, r)))
]

quality metrics = [
  minimize sequential-plan-length
]


2025-06-17 10:22:21,046 - INFO - Generating plan for unconstrained problem

2025-06-17 10:22:21,357 - INFO - Unconstrained plan generation time: 0.311565637588501

