2025-06-17 09:56:40,194 - INFO - 
================= Seed: 531 =================

2025-06-17 09:56:40,206 - INFO - problem name = alfred

types = [ReceptacleType, ObjectType, Checkable, Agent - Checkable, Location - Checkable, Receptacle - Checkable, Obj - Checkable]

fluents = [
  bool atLocation[a=Agent - Checkable, l=Location - Checkable]
  bool receptacleAtLocation[r=Receptacle - Checkable, l=Location - Checkable]
  bool objectAtLocation[o=Obj - Checkable, l=Location - Checkable]
  bool openable[r=Receptacle - Checkable]
  bool opened[r=Receptacle - Checkable]
  bool inReceptacle[o=Obj - Checkable, r=Receptacle - Checkable]
  bool isReceptacleObject[o=Obj - Checkable]
  bool inReceptacleObject[innerObject=Obj - Checkable, outObject=Obj - Checkable]
  bool isReceptacleObjectFull[o=Obj - Checkable]
  bool wasInReceptacle[o=Obj - Checkable, r=Receptacle - Checkable]
  bool checked[c=Checkable]
  bool examined[l=Location - Checkable]
  bool receptacleType[r=Receptacle - Checkable, rt=ReceptacleType]
  bool canContain[rt=ReceptacleType, ot=ObjectType]
  bool objectType[o=Obj - Checkable, t=ObjectType]
  bool holds[a=Agent - Checkable, o=Obj - Checkable]
  bool holdsAny[a=Agent - Checkable]
  bool holdsAnyReceptacleObject[a=Agent - Checkable]
  bool full[r=Receptacle - Checkable]
  bool isClean[o=Obj - Checkable]
  bool cleanable[o=Obj - Checkable]
  bool isHot[o=Obj - Checkable]
  bool heatable[o=Obj - Checkable]
  bool isCool[o=Obj - Checkable]
  bool coolable[o=Obj - Checkable]
  bool pickupable[o=Obj - Checkable]
  bool moveable[o=Obj - Checkable]
  bool toggleable[o=Obj - Checkable]
  bool isOn[o=Obj - Checkable]
  bool isToggled[o=Obj - Checkable]
  bool sliceable[o=Obj - Checkable]
  bool isSliced[o=Obj - Checkable]
]

actions = [
  action look(Agent - Checkable a, Location - Checkable l) {
    preconditions = [
      atLocation(a, l)
    ]
    effects = [
      checked(l) := true
    ]
  }
  action inventory(Agent - Checkable a) {
    preconditions = [
    ]
    effects = [
      checked(a) := true
    ]
  }
  action examineReceptacle(Agent - Checkable a, Receptacle - Checkable r) {
    preconditions = [
      Exists (Location - Checkable l) (atLocation(a, l) and receptacleAtLocation(r, l))
    ]
    effects = [
      checked(r) := true
    ]
  }
  action examineObject(Agent - Checkable a, Obj - Checkable o) {
    preconditions = [
      (Exists (Location - Checkable l) Exists (Receptacle - Checkable r) (atLocation(a, l) and receptacleAtLocation(r, l) and inReceptacle(o, r) and ((not openable(r)) or opened(r))) or holds(a, o))
    ]
    effects = [
      checked(o) := true
    ]
  }
  action goToLocation(Agent - Checkable a, Location - Checkable lstart, Location - Checkable lend) {
    preconditions = [
      atLocation(a, lstart)
    ]
    effects = [
      atLocation(a, lstart) := false
      atLocation(a, lend) := true
    ]
  }
  action openObject(Agent - Checkable a, Location - Checkable l, Receptacle - Checkable r) {
    preconditions = [
      (openable(r) and atLocation(a, l) and receptacleAtLocation(r, l) and (not opened(r)))
    ]
    effects = [
      opened(r) := true
      checked(r) := true
    ]
  }
  action closeObject(Agent - Checkable a, Location - Checkable l, Receptacle - Checkable r) {
    preconditions = [
      (openable(r) and atLocation(a, l) and receptacleAtLocation(r, l) and opened(r))
    ]
    effects = [
      opened(r) := false
    ]
  }
  action pickupObject(Agent - Checkable a, Location - Checkable l, Obj - Checkable o, Receptacle - Checkable r) {
    preconditions = [
      (pickupable(o) and atLocation(a, l) and receptacleAtLocation(r, l) and inReceptacle(o, r) and (not holdsAny(a)) and ((not openable(r)) or opened(r)))
    ]
    effects = [
      inReceptacle(o, r) := false
      holds(a, o) := true
      holdsAny(a) := true
      objectAtLocation(o, l) := false
    ]
  }
  action putObject(Agent - Checkable a, Location - Checkable l, Obj - Checkable o, Receptacle - Checkable r, ObjectType ot, ReceptacleType rt) {
    preconditions = [
      (holds(a, o) and atLocation(a, l) and receptacleAtLocation(r, l) and ((not openable(r)) or opened(r)) and objectType(o, ot) and receptacleType(r, rt) and canContain(rt, ot))
    ]
    effects = [
      inReceptacle(o, r) := true
      objectAtLocation(o, l) := true
      holds(a, o) := false
      holdsAny(a) := false
    ]
  }
  action cleanObject(Agent - Checkable a, Location - Checkable l, Receptacle - Checkable r, Obj - Checkable o) {
    preconditions = [
      (cleanable(o) and receptacleType(r, sinkBasinType) and atLocation(a, l) and receptacleAtLocation(r, l) and holds(a, o))
    ]
    effects = [
      isClean(o) := true
    ]
  }
  action heatObject(Agent - Checkable a, Location - Checkable l, Receptacle - Checkable r, Obj - Checkable o) {
    preconditions = [
      (heatable(o) and receptacleType(r, microwaveType) and atLocation(a, l) and receptacleAtLocation(r, l) and holds(a, o))
    ]
    effects = [
      isHot(o) := true
      isCool(o) := false
    ]
  }
  action coolObject(Agent - Checkable a, Location - Checkable l, Receptacle - Checkable r, Obj - Checkable o) {
    preconditions = [
      (coolable(o) and receptacleType(r, fridgeType) and atLocation(a, l) and receptacleAtLocation(r, l) and holds(a, o))
    ]
    effects = [
      isCool(o) := true
      isHot(o) := false
    ]
  }
  action toggleObject(Agent - Checkable a, Location - Checkable l, Obj - Checkable o, Receptacle - Checkable r) {
    preconditions = [
      (toggleable(o) and atLocation(a, l) and receptacleAtLocation(r, l) and inReceptacle(o, r))
    ]
    effects = [
      if isOn(o) then isOn(o) := false
      if (not isOn(o)) then isOn(o) := true
      isToggled(o) := true
    ]
  }
  action sliceObject(Agent - Checkable a, Location - Checkable l, Obj - Checkable co, Obj - Checkable ko) {
    preconditions = [
      (sliceable(co) and (objectType(ko, knifeType) or objectType(ko, butterKnifeType)) and atLocation(a, l) and objectAtLocation(co, l) and holds(a, ko))
    ]
    effects = [
      isSliced(co) := true
    ]
  }
  action help(Agent - Checkable a) {
    preconditions = [
    ]
    effects = [
      checked(a) := true
    ]
  }
]

objects = [
  ReceptacleType: [sinkBasinType, microwaveType, fridgeType, tvStandType, dresserType, sofaType, cabinetType, sideTableType, bathtubBasinType, stoveBurnerType, coffeeTableType, safeType]
  ObjectType: [knifeType, butterKnifeType, eggType, bowlType, wineBottleType, ladleType, basketBallType, saltShakerType, tissueBoxType, boxType]
  Checkable: [agent1, location1, location2, location3, location4, location5, location6, location7, location8, location9, location10, tvStand_1, dresser_2, sofa_3, cabinet_4, dresser_5, sideTable_6, bathtubBasin_7, stoveBurner_8, coffeeTable_9, safe_10, egg_1, bowl_2, wineBottle_3, ladle_4, basketBall_5, egg_6, saltShaker_7, tissueBox_8, box_9, bowl_10]
  Agent - Checkable: [agent1]
  Location - Checkable: [location1, location2, location3, location4, location5, location6, location7, location8, location9, location10]
  Receptacle - Checkable: [tvStand_1, dresser_2, sofa_3, cabinet_4, dresser_5, sideTable_6, bathtubBasin_7, stoveBurner_8, coffeeTable_9, safe_10]
  Obj - Checkable: [egg_1, bowl_2, wineBottle_3, ladle_4, basketBall_5, egg_6, saltShaker_7, tissueBox_8, box_9, bowl_10]
]

initial fluents default = [
  bool atLocation[a=Agent - Checkable, l=Location - Checkable] := false
  bool receptacleAtLocation[r=Receptacle - Checkable, l=Location - Checkable] := false
  bool objectAtLocation[o=Obj - Checkable, l=Location - Checkable] := false
  bool openable[r=Receptacle - Checkable] := false
  bool opened[r=Receptacle - Checkable] := false
  bool inReceptacle[o=Obj - Checkable, r=Receptacle - Checkable] := false
  bool isReceptacleObject[o=Obj - Checkable] := false
  bool inReceptacleObject[innerObject=Obj - Checkable, outObject=Obj - Checkable] := false
  bool isReceptacleObjectFull[o=Obj - Checkable] := false
  bool wasInReceptacle[o=Obj - Checkable, r=Receptacle - Checkable] := false
  bool checked[c=Checkable] := false
  bool examined[l=Location - Checkable] := false
  bool receptacleType[r=Receptacle - Checkable, rt=ReceptacleType] := false
  bool canContain[rt=ReceptacleType, ot=ObjectType] := false
  bool objectType[o=Obj - Checkable, t=ObjectType] := false
  bool holds[a=Agent - Checkable, o=Obj - Checkable] := false
  bool holdsAny[a=Agent - Checkable] := false
  bool holdsAnyReceptacleObject[a=Agent - Checkable] := false
  bool full[r=Receptacle - Checkable] := false
  bool isClean[o=Obj - Checkable] := false
  bool cleanable[o=Obj - Checkable] := false
  bool isHot[o=Obj - Checkable] := false
  bool heatable[o=Obj - Checkable] := false
  bool isCool[o=Obj - Checkable] := false
  bool coolable[o=Obj - Checkable] := false
  bool pickupable[o=Obj - Checkable] := false
  bool moveable[o=Obj - Checkable] := false
  bool toggleable[o=Obj - Checkable] := false
  bool isOn[o=Obj - Checkable] := false
  bool isToggled[o=Obj - Checkable] := false
  bool sliceable[o=Obj - Checkable] := false
  bool isSliced[o=Obj - Checkable] := false
]

initial values = [
  receptacleType(tvStand_1, tvStandType) := true
  receptacleType(dresser_2, dresserType) := true
  receptacleType(sofa_3, sofaType) := true
  receptacleType(cabinet_4, cabinetType) := true
  receptacleType(dresser_5, dresserType) := true
  receptacleType(sideTable_6, sideTableType) := true
  receptacleType(bathtubBasin_7, bathtubBasinType) := true
  receptacleType(stoveBurner_8, stoveBurnerType) := true
  receptacleType(coffeeTable_9, coffeeTableType) := true
  receptacleType(safe_10, safeType) := true
  objectType(egg_1, eggType) := true
  objectType(bowl_2, bowlType) := true
  objectType(wineBottle_3, wineBottleType) := true
  objectType(ladle_4, ladleType) := true
  objectType(basketBall_5, basketBallType) := true
  objectType(egg_6, eggType) := true
  objectType(saltShaker_7, saltShakerType) := true
  objectType(tissueBox_8, tissueBoxType) := true
  objectType(box_9, boxType) := true
  objectType(bowl_10, bowlType) := true
  canContain(tvStandType, tissueBoxType) := true
  canContain(dresserType, bowlType) := true
  canContain(dresserType, wineBottleType) := true
  canContain(dresserType, basketBallType) := true
  canContain(dresserType, tissueBoxType) := true
  canContain(dresserType, boxType) := true
  canContain(sofaType, basketBallType) := true
  canContain(sofaType, boxType) := true
  canContain(cabinetType, bowlType) := true
  canContain(cabinetType, wineBottleType) := true
  canContain(cabinetType, ladleType) := true
  canContain(cabinetType, saltShakerType) := true
  canContain(cabinetType, tissueBoxType) := true
  canContain(cabinetType, boxType) := true
  canContain(sideTableType, eggType) := true
  canContain(sideTableType, bowlType) := true
  canContain(sideTableType, wineBottleType) := true
  canContain(sideTableType, ladleType) := true
  canContain(sideTableType, basketBallType) := true
  canContain(sideTableType, saltShakerType) := true
  canContain(sideTableType, tissueBoxType) := true
  canContain(sideTableType, boxType) := true
  canContain(coffeeTableType, eggType) := true
  canContain(coffeeTableType, bowlType) := true
  canContain(coffeeTableType, wineBottleType) := true
  canContain(coffeeTableType, ladleType) := true
  canContain(coffeeTableType, basketBallType) := true
  canContain(coffeeTableType, saltShakerType) := true
  canContain(coffeeTableType, tissueBoxType) := true
  canContain(coffeeTableType, boxType) := true
  pickupable(egg_1) := true
  cleanable(egg_1) := true
  heatable(egg_1) := true
  coolable(egg_1) := true
  sliceable(egg_1) := true
  pickupable(bowl_2) := true
  isReceptacleObject(bowl_2) := true
  cleanable(bowl_2) := true
  coolable(bowl_2) := true
  pickupable(wineBottle_3) := true
  pickupable(ladle_4) := true
  cleanable(ladle_4) := true
  pickupable(basketBall_5) := true
  pickupable(egg_6) := true
  cleanable(egg_6) := true
  heatable(egg_6) := true
  coolable(egg_6) := true
  sliceable(egg_6) := true
  pickupable(saltShaker_7) := true
  pickupable(tissueBox_8) := true
  pickupable(box_9) := true
  isReceptacleObject(box_9) := true
  pickupable(bowl_10) := true
  isReceptacleObject(bowl_10) := true
  cleanable(bowl_10) := true
  coolable(bowl_10) := true
  receptacleAtLocation(tvStand_1, location1) := true
  receptacleAtLocation(dresser_2, location4) := true
  receptacleAtLocation(sofa_3, location7) := true
  receptacleAtLocation(cabinet_4, location7) := true
  receptacleAtLocation(dresser_5, location8) := true
  receptacleAtLocation(sideTable_6, location5) := true
  receptacleAtLocation(bathtubBasin_7, location3) := true
  receptacleAtLocation(stoveBurner_8, location10) := true
  receptacleAtLocation(coffeeTable_9, location5) := true
  receptacleAtLocation(safe_10, location4) := true
  inReceptacle(bowl_2, dresser_5) := true
  inReceptacle(ladle_4, sideTable_6) := true
  inReceptacle(egg_6, sideTable_6) := true
  inReceptacle(tissueBox_8, dresser_2) := true
  inReceptacle(box_9, sideTable_6) := true
  inReceptacle(bowl_10, dresser_5) := true
  objectAtLocation(egg_1, location4) := true
  objectAtLocation(bowl_2, location8) := true
  objectAtLocation(wineBottle_3, location10) := true
  objectAtLocation(ladle_4, location5) := true
  objectAtLocation(basketBall_5, location4) := true
  objectAtLocation(egg_6, location5) := true
  objectAtLocation(saltShaker_7, location8) := true
  objectAtLocation(tissueBox_8, location4) := true
  objectAtLocation(box_9, location5) := true
  objectAtLocation(bowl_10, location8) := true
  atLocation(agent1, location3) := true
]

goals = [
  Exists (Receptacle - Checkable r) Exists (Obj - Checkable o) (inReceptacle(o, r) and objectType(o, tissueBoxType) and receptacleType(r, dresserType))
]

quality metrics = [
  minimize sequential-plan-length
]


2025-06-17 09:56:40,210 - INFO - Generating plan for unconstrained problem

2025-06-17 09:56:40,696 - INFO - Unconstrained plan generation time: 0.4864990711212158

2025-06-17 09:56:40,696 - INFO - Unconstrained plan and cost: 
2025-06-17 09:56:40,697 - INFO - SequentialPlan:
2025-06-17 09:56:40,697 - INFO - 0
2025-06-17 09:56:40,802 - INFO - Sampled constraints:

2025-06-17 09:56:40,803 - INFO - Sometime((checked(bathtubBasin_7) and atLocation(agent1, location1)))
2025-06-17 09:56:40,803 - INFO - 
2025-06-17 09:56:40,803 - INFO - Generation time: 0.10573267936706543

2025-06-17 09:56:40,810 - INFO - Generating plan for constrained problem (with LiftedTCORE).

2025-06-17 09:56:40,846 - INFO - LiftedTCORE compilation time: 0.03653240203857422

2025-06-17 09:56:41,345 - INFO - Planning Time with LiftedTCORE's file: 0.49181556701660156

2025-06-17 09:56:41,346 - INFO - Plan found with LiftedTCORE + sym_bd: SequentialPlan:
    examineReceptacle(agent1, bathtubBasin_7)
    goToLocation(agent1, location3, location1)
2025-06-17 09:56:41,346 - INFO - Seed: 531 is solvable

2025-06-17 09:56:41,346 - INFO - Unconstrained cost: 0
2025-06-17 09:56:41,346 - INFO - Constrained cost: 2
2025-06-17 09:56:41,346 - INFO - Seed: 531 Plan simulation is feasible
2025-06-17 09:56:41,346 - INFO - 
Seed: 531 
 Plan: [examineReceptacle(agent1, bathtubBasin_7), goToLocation(agent1, location3, location1)]  
 Cost: 2

