2025-06-17 10:24:00,279 - INFO - 
================= Seed: 938 =================

2025-06-17 10:24:00,283 - INFO - problem name = alfred

types = [ReceptacleType, ObjectType, Checkable, Agent - Checkable, Location - Checkable, Receptacle - Checkable, Obj - Checkable]

fluents = [
  bool atLocation[a=Agent - Checkable, l=Location - Checkable]
  bool receptacleAtLocation[r=Receptacle - Checkable, l=Location - Checkable]
  bool objectAtLocation[o=Obj - Checkable, l=Location - Checkable]
  bool openable[r=Receptacle - Checkable]
  bool opened[r=Receptacle - Checkable]
  bool inReceptacle[o=Obj - Checkable, r=Receptacle - Checkable]
  bool isReceptacleObject[o=Obj - Checkable]
  bool inReceptacleObject[innerObject=Obj - Checkable, outObject=Obj - Checkable]
  bool isReceptacleObjectFull[o=Obj - Checkable]
  bool wasInReceptacle[o=Obj - Checkable, r=Receptacle - Checkable]
  bool checked[c=Checkable]
  bool examined[l=Location - Checkable]
  bool receptacleType[r=Receptacle - Checkable, rt=ReceptacleType]
  bool canContain[rt=ReceptacleType, ot=ObjectType]
  bool objectType[o=Obj - Checkable, t=ObjectType]
  bool holds[a=Agent - Checkable, o=Obj - Checkable]
  bool holdsAny[a=Agent - Checkable]
  bool holdsAnyReceptacleObject[a=Agent - Checkable]
  bool full[r=Receptacle - Checkable]
  bool isClean[o=Obj - Checkable]
  bool cleanable[o=Obj - Checkable]
  bool isHot[o=Obj - Checkable]
  bool heatable[o=Obj - Checkable]
  bool isCool[o=Obj - Checkable]
  bool coolable[o=Obj - Checkable]
  bool pickupable[o=Obj - Checkable]
  bool moveable[o=Obj - Checkable]
  bool toggleable[o=Obj - Checkable]
  bool isOn[o=Obj - Checkable]
  bool isToggled[o=Obj - Checkable]
  bool sliceable[o=Obj - Checkable]
  bool isSliced[o=Obj - Checkable]
]

actions = [
  action look(Agent - Checkable a, Location - Checkable l) {
    preconditions = [
      atLocation(a, l)
    ]
    effects = [
      checked(l) := true
    ]
  }
  action inventory(Agent - Checkable a) {
    preconditions = [
    ]
    effects = [
      checked(a) := true
    ]
  }
  action examineReceptacle(Agent - Checkable a, Receptacle - Checkable r) {
    preconditions = [
      Exists (Location - Checkable l) (atLocation(a, l) and receptacleAtLocation(r, l))
    ]
    effects = [
      checked(r) := true
    ]
  }
  action examineObject(Agent - Checkable a, Obj - Checkable o) {
    preconditions = [
      (Exists (Location - Checkable l) Exists (Receptacle - Checkable r) (atLocation(a, l) and receptacleAtLocation(r, l) and inReceptacle(o, r) and ((not openable(r)) or opened(r))) or holds(a, o))
    ]
    effects = [
      checked(o) := true
    ]
  }
  action goToLocation(Agent - Checkable a, Location - Checkable lstart, Location - Checkable lend) {
    preconditions = [
      atLocation(a, lstart)
    ]
    effects = [
      atLocation(a, lstart) := false
      atLocation(a, lend) := true
    ]
  }
  action openObject(Agent - Checkable a, Location - Checkable l, Receptacle - Checkable r) {
    preconditions = [
      (openable(r) and atLocation(a, l) and receptacleAtLocation(r, l) and (not opened(r)))
    ]
    effects = [
      opened(r) := true
      checked(r) := true
    ]
  }
  action closeObject(Agent - Checkable a, Location - Checkable l, Receptacle - Checkable r) {
    preconditions = [
      (openable(r) and atLocation(a, l) and receptacleAtLocation(r, l) and opened(r))
    ]
    effects = [
      opened(r) := false
    ]
  }
  action pickupObject(Agent - Checkable a, Location - Checkable l, Obj - Checkable o, Receptacle - Checkable r) {
    preconditions = [
      (pickupable(o) and atLocation(a, l) and receptacleAtLocation(r, l) and inReceptacle(o, r) and (not holdsAny(a)) and ((not openable(r)) or opened(r)))
    ]
    effects = [
      inReceptacle(o, r) := false
      holds(a, o) := true
      holdsAny(a) := true
      objectAtLocation(o, l) := false
    ]
  }
  action putObject(Agent - Checkable a, Location - Checkable l, Obj - Checkable o, Receptacle - Checkable r, ObjectType ot, ReceptacleType rt) {
    preconditions = [
      (holds(a, o) and atLocation(a, l) and receptacleAtLocation(r, l) and ((not openable(r)) or opened(r)) and objectType(o, ot) and receptacleType(r, rt) and canContain(rt, ot))
    ]
    effects = [
      inReceptacle(o, r) := true
      objectAtLocation(o, l) := true
      holds(a, o) := false
      holdsAny(a) := false
    ]
  }
  action cleanObject(Agent - Checkable a, Location - Checkable l, Receptacle - Checkable r, Obj - Checkable o) {
    preconditions = [
      (cleanable(o) and receptacleType(r, sinkBasinType) and atLocation(a, l) and receptacleAtLocation(r, l) and holds(a, o))
    ]
    effects = [
      isClean(o) := true
    ]
  }
  action heatObject(Agent - Checkable a, Location - Checkable l, Receptacle - Checkable r, Obj - Checkable o) {
    preconditions = [
      (heatable(o) and receptacleType(r, microwaveType) and atLocation(a, l) and receptacleAtLocation(r, l) and holds(a, o))
    ]
    effects = [
      isHot(o) := true
      isCool(o) := false
    ]
  }
  action coolObject(Agent - Checkable a, Location - Checkable l, Receptacle - Checkable r, Obj - Checkable o) {
    preconditions = [
      (coolable(o) and receptacleType(r, fridgeType) and atLocation(a, l) and receptacleAtLocation(r, l) and holds(a, o))
    ]
    effects = [
      isCool(o) := true
      isHot(o) := false
    ]
  }
  action toggleObject(Agent - Checkable a, Location - Checkable l, Obj - Checkable o, Receptacle - Checkable r) {
    preconditions = [
      (toggleable(o) and atLocation(a, l) and receptacleAtLocation(r, l) and inReceptacle(o, r))
    ]
    effects = [
      if isOn(o) then isOn(o) := false
      if (not isOn(o)) then isOn(o) := true
      isToggled(o) := true
    ]
  }
  action sliceObject(Agent - Checkable a, Location - Checkable l, Obj - Checkable co, Obj - Checkable ko) {
    preconditions = [
      (sliceable(co) and (objectType(ko, knifeType) or objectType(ko, butterKnifeType)) and atLocation(a, l) and objectAtLocation(co, l) and holds(a, ko))
    ]
    effects = [
      isSliced(co) := true
    ]
  }
  action help(Agent - Checkable a) {
    preconditions = [
    ]
    effects = [
      checked(a) := true
    ]
  }
]

objects = [
  ReceptacleType: [sinkBasinType, microwaveType, fridgeType, sideTableType, toiletPaperHangerType, stoveBurnerType, tvStandType, sofaType, safeType, toiletType, coffeeMachineType, toasterType, dresserType]
  ObjectType: [knifeType, butterKnifeType, paperTowelType, tomatoType, wineBottleType, saltShakerType, panType, potType, mugType]
  Checkable: [agent1, location1, location2, location3, location4, location5, location6, location7, location8, location9, location10, sideTable_1, toiletPaperHanger_2, stoveBurner_3, tvStand_4, sofa_5, safe_6, toilet_7, coffeeMachine_8, toaster_9, dresser_10, paperTowel_1, paperTowel_2, tomato_3, wineBottle_4, wineBottle_5, saltShaker_6, pan_7, pot_8, mug_9, pot_10]
  Agent - Checkable: [agent1]
  Location - Checkable: [location1, location2, location3, location4, location5, location6, location7, location8, location9, location10]
  Receptacle - Checkable: [sideTable_1, toiletPaperHanger_2, stoveBurner_3, tvStand_4, sofa_5, safe_6, toilet_7, coffeeMachine_8, toaster_9, dresser_10]
  Obj - Checkable: [paperTowel_1, paperTowel_2, tomato_3, wineBottle_4, wineBottle_5, saltShaker_6, pan_7, pot_8, mug_9, pot_10]
]

initial fluents default = [
  bool atLocation[a=Agent - Checkable, l=Location - Checkable] := false
  bool receptacleAtLocation[r=Receptacle - Checkable, l=Location - Checkable] := false
  bool objectAtLocation[o=Obj - Checkable, l=Location - Checkable] := false
  bool openable[r=Receptacle - Checkable] := false
  bool opened[r=Receptacle - Checkable] := false
  bool inReceptacle[o=Obj - Checkable, r=Receptacle - Checkable] := false
  bool isReceptacleObject[o=Obj - Checkable] := false
  bool inReceptacleObject[innerObject=Obj - Checkable, outObject=Obj - Checkable] := false
  bool isReceptacleObjectFull[o=Obj - Checkable] := false
  bool wasInReceptacle[o=Obj - Checkable, r=Receptacle - Checkable] := false
  bool checked[c=Checkable] := false
  bool examined[l=Location - Checkable] := false
  bool receptacleType[r=Receptacle - Checkable, rt=ReceptacleType] := false
  bool canContain[rt=ReceptacleType, ot=ObjectType] := false
  bool objectType[o=Obj - Checkable, t=ObjectType] := false
  bool holds[a=Agent - Checkable, o=Obj - Checkable] := false
  bool holdsAny[a=Agent - Checkable] := false
  bool holdsAnyReceptacleObject[a=Agent - Checkable] := false
  bool full[r=Receptacle - Checkable] := false
  bool isClean[o=Obj - Checkable] := false
  bool cleanable[o=Obj - Checkable] := false
  bool isHot[o=Obj - Checkable] := false
  bool heatable[o=Obj - Checkable] := false
  bool isCool[o=Obj - Checkable] := false
  bool coolable[o=Obj - Checkable] := false
  bool pickupable[o=Obj - Checkable] := false
  bool moveable[o=Obj - Checkable] := false
  bool toggleable[o=Obj - Checkable] := false
  bool isOn[o=Obj - Checkable] := false
  bool isToggled[o=Obj - Checkable] := false
  bool sliceable[o=Obj - Checkable] := false
  bool isSliced[o=Obj - Checkable] := false
]

initial values = [
  receptacleType(sideTable_1, sideTableType) := true
  receptacleType(toiletPaperHanger_2, toiletPaperHangerType) := true
  receptacleType(stoveBurner_3, stoveBurnerType) := true
  receptacleType(tvStand_4, tvStandType) := true
  receptacleType(sofa_5, sofaType) := true
  receptacleType(safe_6, safeType) := true
  receptacleType(toilet_7, toiletType) := true
  receptacleType(coffeeMachine_8, coffeeMachineType) := true
  receptacleType(toaster_9, toasterType) := true
  receptacleType(dresser_10, dresserType) := true
  objectType(paperTowel_1, paperTowelType) := true
  objectType(paperTowel_2, paperTowelType) := true
  objectType(tomato_3, tomatoType) := true
  objectType(wineBottle_4, wineBottleType) := true
  objectType(wineBottle_5, wineBottleType) := true
  objectType(saltShaker_6, saltShakerType) := true
  objectType(pan_7, panType) := true
  objectType(pot_8, potType) := true
  objectType(mug_9, mugType) := true
  objectType(pot_10, potType) := true
  canContain(sideTableType, paperTowelType) := true
  canContain(sideTableType, tomatoType) := true
  canContain(sideTableType, wineBottleType) := true
  canContain(sideTableType, saltShakerType) := true
  canContain(sideTableType, panType) := true
  canContain(sideTableType, potType) := true
  canContain(sideTableType, mugType) := true
  canContain(stoveBurnerType, panType) := true
  canContain(stoveBurnerType, potType) := true
  canContain(toiletType, paperTowelType) := true
  canContain(coffeeMachineType, mugType) := true
  canContain(dresserType, wineBottleType) := true
  canContain(dresserType, mugType) := true
  pickupable(paperTowel_1) := true
  pickupable(paperTowel_2) := true
  pickupable(tomato_3) := true
  cleanable(tomato_3) := true
  heatable(tomato_3) := true
  coolable(tomato_3) := true
  sliceable(tomato_3) := true
  pickupable(wineBottle_4) := true
  pickupable(wineBottle_5) := true
  pickupable(saltShaker_6) := true
  pickupable(pan_7) := true
  isReceptacleObject(pan_7) := true
  cleanable(pan_7) := true
  coolable(pan_7) := true
  pickupable(pot_8) := true
  isReceptacleObject(pot_8) := true
  cleanable(pot_8) := true
  coolable(pot_8) := true
  pickupable(mug_9) := true
  isReceptacleObject(mug_9) := true
  cleanable(mug_9) := true
  heatable(mug_9) := true
  coolable(mug_9) := true
  pickupable(pot_10) := true
  isReceptacleObject(pot_10) := true
  cleanable(pot_10) := true
  coolable(pot_10) := true
  receptacleAtLocation(sideTable_1, location1) := true
  receptacleAtLocation(toiletPaperHanger_2, location8) := true
  receptacleAtLocation(stoveBurner_3, location5) := true
  receptacleAtLocation(tvStand_4, location3) := true
  receptacleAtLocation(sofa_5, location3) := true
  receptacleAtLocation(safe_6, location4) := true
  receptacleAtLocation(toilet_7, location9) := true
  receptacleAtLocation(coffeeMachine_8, location10) := true
  receptacleAtLocation(toaster_9, location4) := true
  receptacleAtLocation(dresser_10, location2) := true
  inReceptacle(wineBottle_5, dresser_10) := true
  inReceptacle(mug_9, coffeeMachine_8) := true
  objectAtLocation(paperTowel_1, location5) := true
  objectAtLocation(paperTowel_2, location9) := true
  objectAtLocation(tomato_3, location4) := true
  objectAtLocation(wineBottle_4, location4) := true
  objectAtLocation(wineBottle_5, location2) := true
  objectAtLocation(saltShaker_6, location5) := true
  objectAtLocation(pan_7, location3) := true
  objectAtLocation(pot_8, location1) := true
  objectAtLocation(mug_9, location10) := true
  objectAtLocation(pot_10, location8) := true
  atLocation(agent1, location1) := true
]

goals = [
  Exists (Receptacle - Checkable r) Exists (Obj - Checkable o) (coolable(o) and objectType(o, mugType) and receptacleType(r, coffeeMachineType) and isCool(o) and inReceptacle(o, r))
]

quality metrics = [
  minimize sequential-plan-length
]


2025-06-17 10:24:00,285 - INFO - Generating plan for unconstrained problem

2025-06-17 10:24:00,630 - INFO - Unconstrained plan generation time: 0.34473490715026855

