2025-06-17 09:56:16,338 - INFO - 
================= Seed: 498 =================

2025-06-17 09:56:16,350 - INFO - problem name = alfred

types = [ReceptacleType, ObjectType, Checkable, Agent - Checkable, Location - Checkable, Receptacle - Checkable, Obj - Checkable]

fluents = [
  bool atLocation[a=Agent - Checkable, l=Location - Checkable]
  bool receptacleAtLocation[r=Receptacle - Checkable, l=Location - Checkable]
  bool objectAtLocation[o=Obj - Checkable, l=Location - Checkable]
  bool openable[r=Receptacle - Checkable]
  bool opened[r=Receptacle - Checkable]
  bool inReceptacle[o=Obj - Checkable, r=Receptacle - Checkable]
  bool isReceptacleObject[o=Obj - Checkable]
  bool inReceptacleObject[innerObject=Obj - Checkable, outObject=Obj - Checkable]
  bool isReceptacleObjectFull[o=Obj - Checkable]
  bool wasInReceptacle[o=Obj - Checkable, r=Receptacle - Checkable]
  bool checked[c=Checkable]
  bool examined[l=Location - Checkable]
  bool receptacleType[r=Receptacle - Checkable, rt=ReceptacleType]
  bool canContain[rt=ReceptacleType, ot=ObjectType]
  bool objectType[o=Obj - Checkable, t=ObjectType]
  bool holds[a=Agent - Checkable, o=Obj - Checkable]
  bool holdsAny[a=Agent - Checkable]
  bool holdsAnyReceptacleObject[a=Agent - Checkable]
  bool full[r=Receptacle - Checkable]
  bool isClean[o=Obj - Checkable]
  bool cleanable[o=Obj - Checkable]
  bool isHot[o=Obj - Checkable]
  bool heatable[o=Obj - Checkable]
  bool isCool[o=Obj - Checkable]
  bool coolable[o=Obj - Checkable]
  bool pickupable[o=Obj - Checkable]
  bool moveable[o=Obj - Checkable]
  bool toggleable[o=Obj - Checkable]
  bool isOn[o=Obj - Checkable]
  bool isToggled[o=Obj - Checkable]
  bool sliceable[o=Obj - Checkable]
  bool isSliced[o=Obj - Checkable]
]

actions = [
  action look(Agent - Checkable a, Location - Checkable l) {
    preconditions = [
      atLocation(a, l)
    ]
    effects = [
      checked(l) := true
    ]
  }
  action inventory(Agent - Checkable a) {
    preconditions = [
    ]
    effects = [
      checked(a) := true
    ]
  }
  action examineReceptacle(Agent - Checkable a, Receptacle - Checkable r) {
    preconditions = [
      Exists (Location - Checkable l) (atLocation(a, l) and receptacleAtLocation(r, l))
    ]
    effects = [
      checked(r) := true
    ]
  }
  action examineObject(Agent - Checkable a, Obj - Checkable o) {
    preconditions = [
      (Exists (Location - Checkable l) Exists (Receptacle - Checkable r) (atLocation(a, l) and receptacleAtLocation(r, l) and inReceptacle(o, r) and ((not openable(r)) or opened(r))) or holds(a, o))
    ]
    effects = [
      checked(o) := true
    ]
  }
  action goToLocation(Agent - Checkable a, Location - Checkable lstart, Location - Checkable lend) {
    preconditions = [
      atLocation(a, lstart)
    ]
    effects = [
      atLocation(a, lstart) := false
      atLocation(a, lend) := true
    ]
  }
  action openObject(Agent - Checkable a, Location - Checkable l, Receptacle - Checkable r) {
    preconditions = [
      (openable(r) and atLocation(a, l) and receptacleAtLocation(r, l) and (not opened(r)))
    ]
    effects = [
      opened(r) := true
      checked(r) := true
    ]
  }
  action closeObject(Agent - Checkable a, Location - Checkable l, Receptacle - Checkable r) {
    preconditions = [
      (openable(r) and atLocation(a, l) and receptacleAtLocation(r, l) and opened(r))
    ]
    effects = [
      opened(r) := false
    ]
  }
  action pickupObject(Agent - Checkable a, Location - Checkable l, Obj - Checkable o, Receptacle - Checkable r) {
    preconditions = [
      (pickupable(o) and atLocation(a, l) and receptacleAtLocation(r, l) and inReceptacle(o, r) and (not holdsAny(a)) and ((not openable(r)) or opened(r)))
    ]
    effects = [
      inReceptacle(o, r) := false
      holds(a, o) := true
      holdsAny(a) := true
      objectAtLocation(o, l) := false
    ]
  }
  action putObject(Agent - Checkable a, Location - Checkable l, Obj - Checkable o, Receptacle - Checkable r, ObjectType ot, ReceptacleType rt) {
    preconditions = [
      (holds(a, o) and atLocation(a, l) and receptacleAtLocation(r, l) and ((not openable(r)) or opened(r)) and objectType(o, ot) and receptacleType(r, rt) and canContain(rt, ot))
    ]
    effects = [
      inReceptacle(o, r) := true
      objectAtLocation(o, l) := true
      holds(a, o) := false
      holdsAny(a) := false
    ]
  }
  action cleanObject(Agent - Checkable a, Location - Checkable l, Receptacle - Checkable r, Obj - Checkable o) {
    preconditions = [
      (cleanable(o) and receptacleType(r, sinkBasinType) and atLocation(a, l) and receptacleAtLocation(r, l) and holds(a, o))
    ]
    effects = [
      isClean(o) := true
    ]
  }
  action heatObject(Agent - Checkable a, Location - Checkable l, Receptacle - Checkable r, Obj - Checkable o) {
    preconditions = [
      (heatable(o) and receptacleType(r, microwaveType) and atLocation(a, l) and receptacleAtLocation(r, l) and holds(a, o))
    ]
    effects = [
      isHot(o) := true
      isCool(o) := false
    ]
  }
  action coolObject(Agent - Checkable a, Location - Checkable l, Receptacle - Checkable r, Obj - Checkable o) {
    preconditions = [
      (coolable(o) and receptacleType(r, fridgeType) and atLocation(a, l) and receptacleAtLocation(r, l) and holds(a, o))
    ]
    effects = [
      isCool(o) := true
      isHot(o) := false
    ]
  }
  action toggleObject(Agent - Checkable a, Location - Checkable l, Obj - Checkable o, Receptacle - Checkable r) {
    preconditions = [
      (toggleable(o) and atLocation(a, l) and receptacleAtLocation(r, l) and inReceptacle(o, r))
    ]
    effects = [
      if isOn(o) then isOn(o) := false
      if (not isOn(o)) then isOn(o) := true
      isToggled(o) := true
    ]
  }
  action sliceObject(Agent - Checkable a, Location - Checkable l, Obj - Checkable co, Obj - Checkable ko) {
    preconditions = [
      (sliceable(co) and (objectType(ko, knifeType) or objectType(ko, butterKnifeType)) and atLocation(a, l) and objectAtLocation(co, l) and holds(a, ko))
    ]
    effects = [
      isSliced(co) := true
    ]
  }
  action help(Agent - Checkable a) {
    preconditions = [
    ]
    effects = [
      checked(a) := true
    ]
  }
]

objects = [
  ReceptacleType: [sinkBasinType, microwaveType, fridgeType, toiletPaperHangerType, coffeeTableType, armChairType, deskType, stoveBurnerType, bedType, diningTableType, bathtubBasinType]
  ObjectType: [knifeType, butterKnifeType, keyChainType, cupType, penType, lettuceType, statueType, tomatoType, laptopType, boxType]
  Checkable: [agent1, location1, location2, location3, location4, location5, location6, location7, location8, location9, location10, toiletPaperHanger_1, coffeeTable_2, armChair_3, desk_4, fridge_5, fridge_6, stoveBurner_7, bed_8, diningTable_9, bathtubBasin_10, keyChain_1, cup_2, keyChain_3, pen_4, lettuce_5, statue_6, tomato_7, tomato_8, laptop_9, box_10]
  Agent - Checkable: [agent1]
  Location - Checkable: [location1, location2, location3, location4, location5, location6, location7, location8, location9, location10]
  Receptacle - Checkable: [toiletPaperHanger_1, coffeeTable_2, armChair_3, desk_4, fridge_5, fridge_6, stoveBurner_7, bed_8, diningTable_9, bathtubBasin_10]
  Obj - Checkable: [keyChain_1, cup_2, keyChain_3, pen_4, lettuce_5, statue_6, tomato_7, tomato_8, laptop_9, box_10]
]

initial fluents default = [
  bool atLocation[a=Agent - Checkable, l=Location - Checkable] := false
  bool receptacleAtLocation[r=Receptacle - Checkable, l=Location - Checkable] := false
  bool objectAtLocation[o=Obj - Checkable, l=Location - Checkable] := false
  bool openable[r=Receptacle - Checkable] := false
  bool opened[r=Receptacle - Checkable] := false
  bool inReceptacle[o=Obj - Checkable, r=Receptacle - Checkable] := false
  bool isReceptacleObject[o=Obj - Checkable] := false
  bool inReceptacleObject[innerObject=Obj - Checkable, outObject=Obj - Checkable] := false
  bool isReceptacleObjectFull[o=Obj - Checkable] := false
  bool wasInReceptacle[o=Obj - Checkable, r=Receptacle - Checkable] := false
  bool checked[c=Checkable] := false
  bool examined[l=Location - Checkable] := false
  bool receptacleType[r=Receptacle - Checkable, rt=ReceptacleType] := false
  bool canContain[rt=ReceptacleType, ot=ObjectType] := false
  bool objectType[o=Obj - Checkable, t=ObjectType] := false
  bool holds[a=Agent - Checkable, o=Obj - Checkable] := false
  bool holdsAny[a=Agent - Checkable] := false
  bool holdsAnyReceptacleObject[a=Agent - Checkable] := false
  bool full[r=Receptacle - Checkable] := false
  bool isClean[o=Obj - Checkable] := false
  bool cleanable[o=Obj - Checkable] := false
  bool isHot[o=Obj - Checkable] := false
  bool heatable[o=Obj - Checkable] := false
  bool isCool[o=Obj - Checkable] := false
  bool coolable[o=Obj - Checkable] := false
  bool pickupable[o=Obj - Checkable] := false
  bool moveable[o=Obj - Checkable] := false
  bool toggleable[o=Obj - Checkable] := false
  bool isOn[o=Obj - Checkable] := false
  bool isToggled[o=Obj - Checkable] := false
  bool sliceable[o=Obj - Checkable] := false
  bool isSliced[o=Obj - Checkable] := false
]

initial values = [
  receptacleType(toiletPaperHanger_1, toiletPaperHangerType) := true
  receptacleType(coffeeTable_2, coffeeTableType) := true
  receptacleType(armChair_3, armChairType) := true
  receptacleType(desk_4, deskType) := true
  receptacleType(fridge_5, fridgeType) := true
  receptacleType(fridge_6, fridgeType) := true
  receptacleType(stoveBurner_7, stoveBurnerType) := true
  receptacleType(bed_8, bedType) := true
  receptacleType(diningTable_9, diningTableType) := true
  receptacleType(bathtubBasin_10, bathtubBasinType) := true
  objectType(keyChain_1, keyChainType) := true
  objectType(cup_2, cupType) := true
  objectType(keyChain_3, keyChainType) := true
  objectType(pen_4, penType) := true
  objectType(lettuce_5, lettuceType) := true
  objectType(statue_6, statueType) := true
  objectType(tomato_7, tomatoType) := true
  objectType(tomato_8, tomatoType) := true
  objectType(laptop_9, laptopType) := true
  objectType(box_10, boxType) := true
  canContain(coffeeTableType, keyChainType) := true
  canContain(coffeeTableType, cupType) := true
  canContain(coffeeTableType, penType) := true
  canContain(coffeeTableType, lettuceType) := true
  canContain(coffeeTableType, statueType) := true
  canContain(coffeeTableType, tomatoType) := true
  canContain(coffeeTableType, laptopType) := true
  canContain(coffeeTableType, boxType) := true
  canContain(armChairType, keyChainType) := true
  canContain(armChairType, laptopType) := true
  canContain(armChairType, boxType) := true
  canContain(deskType, keyChainType) := true
  canContain(deskType, cupType) := true
  canContain(deskType, penType) := true
  canContain(deskType, statueType) := true
  canContain(deskType, laptopType) := true
  canContain(deskType, boxType) := true
  canContain(fridgeType, cupType) := true
  canContain(fridgeType, lettuceType) := true
  canContain(fridgeType, tomatoType) := true
  canContain(bedType, laptopType) := true
  canContain(diningTableType, keyChainType) := true
  canContain(diningTableType, cupType) := true
  canContain(diningTableType, penType) := true
  canContain(diningTableType, lettuceType) := true
  canContain(diningTableType, statueType) := true
  canContain(diningTableType, tomatoType) := true
  canContain(diningTableType, laptopType) := true
  canContain(diningTableType, boxType) := true
  pickupable(keyChain_1) := true
  pickupable(cup_2) := true
  isReceptacleObject(cup_2) := true
  cleanable(cup_2) := true
  heatable(cup_2) := true
  coolable(cup_2) := true
  pickupable(keyChain_3) := true
  pickupable(pen_4) := true
  pickupable(lettuce_5) := true
  cleanable(lettuce_5) := true
  coolable(lettuce_5) := true
  sliceable(lettuce_5) := true
  pickupable(statue_6) := true
  pickupable(tomato_7) := true
  cleanable(tomato_7) := true
  heatable(tomato_7) := true
  coolable(tomato_7) := true
  sliceable(tomato_7) := true
  pickupable(tomato_8) := true
  cleanable(tomato_8) := true
  heatable(tomato_8) := true
  coolable(tomato_8) := true
  sliceable(tomato_8) := true
  pickupable(laptop_9) := true
  pickupable(box_10) := true
  isReceptacleObject(box_10) := true
  receptacleAtLocation(toiletPaperHanger_1, location6) := true
  receptacleAtLocation(coffeeTable_2, location9) := true
  receptacleAtLocation(armChair_3, location3) := true
  receptacleAtLocation(desk_4, location2) := true
  receptacleAtLocation(fridge_5, location5) := true
  receptacleAtLocation(fridge_6, location7) := true
  receptacleAtLocation(stoveBurner_7, location9) := true
  receptacleAtLocation(bed_8, location9) := true
  receptacleAtLocation(diningTable_9, location9) := true
  receptacleAtLocation(bathtubBasin_10, location7) := true
  inReceptacle(keyChain_1, desk_4) := true
  inReceptacle(cup_2, desk_4) := true
  inReceptacle(keyChain_3, diningTable_9) := true
  inReceptacle(lettuce_5, coffeeTable_2) := true
  inReceptacle(tomato_8, diningTable_9) := true
  objectAtLocation(keyChain_1, location2) := true
  objectAtLocation(cup_2, location2) := true
  objectAtLocation(keyChain_3, location9) := true
  objectAtLocation(pen_4, location9) := true
  objectAtLocation(lettuce_5, location9) := true
  objectAtLocation(statue_6, location6) := true
  objectAtLocation(tomato_7, location6) := true
  objectAtLocation(tomato_8, location9) := true
  objectAtLocation(laptop_9, location7) := true
  objectAtLocation(box_10, location5) := true
  atLocation(agent1, location2) := true
]

goals = [
  Exists (Receptacle - Checkable r) Exists (Obj - Checkable o) (inReceptacle(o, r) and objectType(o, cupType) and receptacleType(r, deskType))
]

quality metrics = [
  minimize sequential-plan-length
]


2025-06-17 09:56:16,353 - INFO - Generating plan for unconstrained problem

2025-06-17 09:56:16,797 - INFO - Unconstrained plan generation time: 0.4433562755584717

2025-06-17 09:56:16,797 - INFO - Unconstrained plan and cost: 
2025-06-17 09:56:16,797 - INFO - SequentialPlan:
2025-06-17 09:56:16,797 - INFO - 0
2025-06-17 09:56:18,871 - INFO - Sampled constraints:

2025-06-17 09:56:18,871 - INFO - Sometime((checked(armChair_3) or atLocation(agent1, location10)))
2025-06-17 09:56:18,872 - INFO - 
2025-06-17 09:56:18,872 - INFO - Generation time: 2.074293851852417

2025-06-17 09:56:18,879 - INFO - Generating plan for constrained problem (with LiftedTCORE).

2025-06-17 09:56:18,917 - INFO - LiftedTCORE compilation time: 0.03763914108276367

2025-06-17 09:56:19,352 - INFO - Planning Time with LiftedTCORE's file: 0.4282505512237549

2025-06-17 09:56:19,353 - INFO - Plan found with LiftedTCORE + sym_bd: SequentialPlan:
    goToLocation(agent1, location2, location10)
2025-06-17 09:56:19,353 - INFO - Seed: 498 is solvable

2025-06-17 09:56:19,353 - INFO - Unconstrained cost: 0
2025-06-17 09:56:19,353 - INFO - Constrained cost: 1
2025-06-17 09:56:19,353 - INFO - Seed: 498 Plan simulation is feasible
2025-06-17 09:56:19,353 - INFO - 
Seed: 498 
 Plan: [goToLocation(agent1, location2, location10)]  
 Cost: 1

