2025-06-17 11:15:23,881 - INFO - 
================= Seed: 25 =================

2025-06-17 11:15:23,881 - INFO - problem name = alfred

types = [ReceptacleType, ObjectType, Checkable, Agent - Checkable, Location - Checkable, Receptacle - Checkable, Obj - Checkable]

fluents = [
  bool atLocation[a=Agent - Checkable, l=Location - Checkable]
  bool receptacleAtLocation[r=Receptacle - Checkable, l=Location - Checkable]
  bool objectAtLocation[o=Obj - Checkable, l=Location - Checkable]
  bool openable[r=Receptacle - Checkable]
  bool opened[r=Receptacle - Checkable]
  bool inReceptacle[o=Obj - Checkable, r=Receptacle - Checkable]
  bool isReceptacleObject[o=Obj - Checkable]
  bool inReceptacleObject[innerObject=Obj - Checkable, outObject=Obj - Checkable]
  bool isReceptacleObjectFull[o=Obj - Checkable]
  bool wasInReceptacle[o=Obj - Checkable, r=Receptacle - Checkable]
  bool checked[c=Checkable]
  bool examined[l=Location - Checkable]
  bool receptacleType[r=Receptacle - Checkable, rt=ReceptacleType]
  bool canContain[rt=ReceptacleType, ot=ObjectType]
  bool objectType[o=Obj - Checkable, t=ObjectType]
  bool holds[a=Agent - Checkable, o=Obj - Checkable]
  bool holdsAny[a=Agent - Checkable]
  bool holdsAnyReceptacleObject[a=Agent - Checkable]
  bool full[r=Receptacle - Checkable]
  bool isClean[o=Obj - Checkable]
  bool cleanable[o=Obj - Checkable]
  bool isHot[o=Obj - Checkable]
  bool heatable[o=Obj - Checkable]
  bool isCool[o=Obj - Checkable]
  bool coolable[o=Obj - Checkable]
  bool pickupable[o=Obj - Checkable]
  bool moveable[o=Obj - Checkable]
  bool toggleable[o=Obj - Checkable]
  bool isOn[o=Obj - Checkable]
  bool isToggled[o=Obj - Checkable]
  bool sliceable[o=Obj - Checkable]
  bool isSliced[o=Obj - Checkable]
]

actions = [
  action look(Agent - Checkable a, Location - Checkable l) {
    preconditions = [
      atLocation(a, l)
    ]
    effects = [
      checked(l) := true
    ]
  }
  action inventory(Agent - Checkable a) {
    preconditions = [
    ]
    effects = [
      checked(a) := true
    ]
  }
  action examineReceptacle(Agent - Checkable a, Receptacle - Checkable r) {
    preconditions = [
      Exists (Location - Checkable l) (atLocation(a, l) and receptacleAtLocation(r, l))
    ]
    effects = [
      checked(r) := true
    ]
  }
  action examineObject(Agent - Checkable a, Obj - Checkable o) {
    preconditions = [
      (Exists (Location - Checkable l) Exists (Receptacle - Checkable r) (atLocation(a, l) and receptacleAtLocation(r, l) and inReceptacle(o, r) and ((not openable(r)) or opened(r))) or holds(a, o))
    ]
    effects = [
      checked(o) := true
    ]
  }
  action goToLocation(Agent - Checkable a, Location - Checkable lstart, Location - Checkable lend) {
    preconditions = [
      atLocation(a, lstart)
    ]
    effects = [
      atLocation(a, lstart) := false
      atLocation(a, lend) := true
    ]
  }
  action openObject(Agent - Checkable a, Location - Checkable l, Receptacle - Checkable r) {
    preconditions = [
      (openable(r) and atLocation(a, l) and receptacleAtLocation(r, l) and (not opened(r)))
    ]
    effects = [
      opened(r) := true
      checked(r) := true
    ]
  }
  action closeObject(Agent - Checkable a, Location - Checkable l, Receptacle - Checkable r) {
    preconditions = [
      (openable(r) and atLocation(a, l) and receptacleAtLocation(r, l) and opened(r))
    ]
    effects = [
      opened(r) := false
    ]
  }
  action pickupObject(Agent - Checkable a, Location - Checkable l, Obj - Checkable o, Receptacle - Checkable r) {
    preconditions = [
      (pickupable(o) and atLocation(a, l) and receptacleAtLocation(r, l) and inReceptacle(o, r) and (not holdsAny(a)) and ((not openable(r)) or opened(r)))
    ]
    effects = [
      inReceptacle(o, r) := false
      holds(a, o) := true
      holdsAny(a) := true
      objectAtLocation(o, l) := false
    ]
  }
  action putObject(Agent - Checkable a, Location - Checkable l, Obj - Checkable o, Receptacle - Checkable r, ObjectType ot, ReceptacleType rt) {
    preconditions = [
      (holds(a, o) and atLocation(a, l) and receptacleAtLocation(r, l) and ((not openable(r)) or opened(r)) and objectType(o, ot) and receptacleType(r, rt) and canContain(rt, ot))
    ]
    effects = [
      inReceptacle(o, r) := true
      objectAtLocation(o, l) := true
      holds(a, o) := false
      holdsAny(a) := false
    ]
  }
  action cleanObject(Agent - Checkable a, Location - Checkable l, Receptacle - Checkable r, Obj - Checkable o) {
    preconditions = [
      (cleanable(o) and receptacleType(r, sinkBasinType) and atLocation(a, l) and receptacleAtLocation(r, l) and holds(a, o))
    ]
    effects = [
      isClean(o) := true
    ]
  }
  action heatObject(Agent - Checkable a, Location - Checkable l, Receptacle - Checkable r, Obj - Checkable o) {
    preconditions = [
      (heatable(o) and receptacleType(r, microwaveType) and atLocation(a, l) and receptacleAtLocation(r, l) and holds(a, o))
    ]
    effects = [
      isHot(o) := true
      isCool(o) := false
    ]
  }
  action coolObject(Agent - Checkable a, Location - Checkable l, Receptacle - Checkable r, Obj - Checkable o) {
    preconditions = [
      (coolable(o) and receptacleType(r, fridgeType) and atLocation(a, l) and receptacleAtLocation(r, l) and holds(a, o))
    ]
    effects = [
      isCool(o) := true
      isHot(o) := false
    ]
  }
  action toggleObject(Agent - Checkable a, Location - Checkable l, Obj - Checkable o, Receptacle - Checkable r) {
    preconditions = [
      (toggleable(o) and atLocation(a, l) and receptacleAtLocation(r, l) and inReceptacle(o, r))
    ]
    effects = [
      if isOn(o) then isOn(o) := false
      if (not isOn(o)) then isOn(o) := true
      isToggled(o) := true
    ]
  }
  action sliceObject(Agent - Checkable a, Location - Checkable l, Obj - Checkable co, Obj - Checkable ko) {
    preconditions = [
      (sliceable(co) and (objectType(ko, knifeType) or objectType(ko, butterKnifeType)) and atLocation(a, l) and objectAtLocation(co, l) and holds(a, ko))
    ]
    effects = [
      isSliced(co) := true
    ]
  }
  action help(Agent - Checkable a) {
    preconditions = [
    ]
    effects = [
      checked(a) := true
    ]
  }
]

objects = [
  ReceptacleType: [sinkBasinType, microwaveType, fridgeType, diningTableType, laundryHamperType, toasterType, bedType, bathtubBasinType, counterTopType, cartType, handTowelHolderType]
  ObjectType: [knifeType, butterKnifeType, cdType, clothType, toiletPaperType, ladleType, tomatoType, alarmClockType, spoonType, forkType, mugType, potType]
  Checkable: [agent1, location1, location2, location3, location4, location5, location6, location7, location8, location9, location10, diningTable_1, laundryHamper_2, toaster_3, bed_4, bed_5, bathtubBasin_6, counterTop_7, toaster_8, cart_9, handTowelHolder_10, microwave_11, fridge_12, cd_1, cloth_2, toiletPaper_3, ladle_4, tomato_5, alarmClock_6, spoon_7, fork_8, mug_9, pot_10]
  Agent - Checkable: [agent1]
  Location - Checkable: [location1, location2, location3, location4, location5, location6, location7, location8, location9, location10]
  Receptacle - Checkable: [diningTable_1, laundryHamper_2, toaster_3, bed_4, bed_5, bathtubBasin_6, counterTop_7, toaster_8, cart_9, handTowelHolder_10, microwave_11, fridge_12]
  Obj - Checkable: [cd_1, cloth_2, toiletPaper_3, ladle_4, tomato_5, alarmClock_6, spoon_7, fork_8, mug_9, pot_10]
]

initial fluents default = [
  bool atLocation[a=Agent - Checkable, l=Location - Checkable] := false
  bool receptacleAtLocation[r=Receptacle - Checkable, l=Location - Checkable] := false
  bool objectAtLocation[o=Obj - Checkable, l=Location - Checkable] := false
  bool openable[r=Receptacle - Checkable] := false
  bool opened[r=Receptacle - Checkable] := false
  bool inReceptacle[o=Obj - Checkable, r=Receptacle - Checkable] := false
  bool isReceptacleObject[o=Obj - Checkable] := false
  bool inReceptacleObject[innerObject=Obj - Checkable, outObject=Obj - Checkable] := false
  bool isReceptacleObjectFull[o=Obj - Checkable] := false
  bool wasInReceptacle[o=Obj - Checkable, r=Receptacle - Checkable] := false
  bool checked[c=Checkable] := false
  bool examined[l=Location - Checkable] := false
  bool receptacleType[r=Receptacle - Checkable, rt=ReceptacleType] := false
  bool canContain[rt=ReceptacleType, ot=ObjectType] := false
  bool objectType[o=Obj - Checkable, t=ObjectType] := false
  bool holds[a=Agent - Checkable, o=Obj - Checkable] := false
  bool holdsAny[a=Agent - Checkable] := false
  bool holdsAnyReceptacleObject[a=Agent - Checkable] := false
  bool full[r=Receptacle - Checkable] := false
  bool isClean[o=Obj - Checkable] := false
  bool cleanable[o=Obj - Checkable] := false
  bool isHot[o=Obj - Checkable] := false
  bool heatable[o=Obj - Checkable] := false
  bool isCool[o=Obj - Checkable] := false
  bool coolable[o=Obj - Checkable] := false
  bool pickupable[o=Obj - Checkable] := false
  bool moveable[o=Obj - Checkable] := false
  bool toggleable[o=Obj - Checkable] := false
  bool isOn[o=Obj - Checkable] := false
  bool isToggled[o=Obj - Checkable] := false
  bool sliceable[o=Obj - Checkable] := false
  bool isSliced[o=Obj - Checkable] := false
]

initial values = [
  receptacleType(diningTable_1, diningTableType) := true
  receptacleType(laundryHamper_2, laundryHamperType) := true
  receptacleType(toaster_3, toasterType) := true
  receptacleType(bed_4, bedType) := true
  receptacleType(bed_5, bedType) := true
  receptacleType(bathtubBasin_6, bathtubBasinType) := true
  receptacleType(counterTop_7, counterTopType) := true
  receptacleType(toaster_8, toasterType) := true
  receptacleType(cart_9, cartType) := true
  receptacleType(handTowelHolder_10, handTowelHolderType) := true
  receptacleType(microwave_11, microwaveType) := true
  receptacleType(fridge_12, fridgeType) := true
  objectType(cd_1, cdType) := true
  objectType(cloth_2, clothType) := true
  objectType(toiletPaper_3, toiletPaperType) := true
  objectType(ladle_4, ladleType) := true
  objectType(tomato_5, tomatoType) := true
  objectType(alarmClock_6, alarmClockType) := true
  objectType(spoon_7, spoonType) := true
  objectType(fork_8, forkType) := true
  objectType(mug_9, mugType) := true
  objectType(pot_10, potType) := true
  canContain(diningTableType, clothType) := true
  canContain(diningTableType, toiletPaperType) := true
  canContain(diningTableType, ladleType) := true
  canContain(diningTableType, tomatoType) := true
  canContain(diningTableType, alarmClockType) := true
  canContain(diningTableType, spoonType) := true
  canContain(diningTableType, forkType) := true
  canContain(diningTableType, mugType) := true
  canContain(diningTableType, potType) := true
  canContain(laundryHamperType, clothType) := true
  canContain(bathtubBasinType, clothType) := true
  canContain(counterTopType, cdType) := true
  canContain(counterTopType, clothType) := true
  canContain(counterTopType, toiletPaperType) := true
  canContain(counterTopType, ladleType) := true
  canContain(counterTopType, tomatoType) := true
  canContain(counterTopType, alarmClockType) := true
  canContain(counterTopType, spoonType) := true
  canContain(counterTopType, forkType) := true
  canContain(counterTopType, mugType) := true
  canContain(counterTopType, potType) := true
  canContain(cartType, clothType) := true
  canContain(cartType, toiletPaperType) := true
  canContain(cartType, mugType) := true
  canContain(microwaveType, tomatoType) := true
  canContain(microwaveType, mugType) := true
  canContain(fridgeType, tomatoType) := true
  canContain(fridgeType, mugType) := true
  canContain(fridgeType, potType) := true
  pickupable(cd_1) := true
  pickupable(cloth_2) := true
  cleanable(cloth_2) := true
  pickupable(toiletPaper_3) := true
  pickupable(ladle_4) := true
  cleanable(ladle_4) := true
  pickupable(tomato_5) := true
  cleanable(tomato_5) := true
  heatable(tomato_5) := true
  coolable(tomato_5) := true
  sliceable(tomato_5) := true
  pickupable(alarmClock_6) := true
  pickupable(spoon_7) := true
  cleanable(spoon_7) := true
  pickupable(fork_8) := true
  cleanable(fork_8) := true
  pickupable(mug_9) := true
  isReceptacleObject(mug_9) := true
  cleanable(mug_9) := true
  heatable(mug_9) := true
  coolable(mug_9) := true
  pickupable(pot_10) := true
  isReceptacleObject(pot_10) := true
  cleanable(pot_10) := true
  coolable(pot_10) := true
  receptacleAtLocation(diningTable_1, location3) := true
  receptacleAtLocation(laundryHamper_2, location9) := true
  receptacleAtLocation(toaster_3, location6) := true
  receptacleAtLocation(bed_4, location9) := true
  receptacleAtLocation(bed_5, location8) := true
  receptacleAtLocation(bathtubBasin_6, location9) := true
  receptacleAtLocation(counterTop_7, location2) := true
  receptacleAtLocation(toaster_8, location2) := true
  receptacleAtLocation(cart_9, location10) := true
  receptacleAtLocation(handTowelHolder_10, location10) := true
  receptacleAtLocation(microwave_11, location6) := true
  receptacleAtLocation(fridge_12, location7) := true
  inReceptacle(cd_1, counterTop_7) := true
  inReceptacle(cloth_2, laundryHamper_2) := true
  inReceptacle(toiletPaper_3, cart_9) := true
  inReceptacle(ladle_4, diningTable_1) := true
  inReceptacle(tomato_5, counterTop_7) := true
  inReceptacle(alarmClock_6, counterTop_7) := true
  inReceptacle(spoon_7, diningTable_1) := true
  inReceptacle(fork_8, diningTable_1) := true
  inReceptacle(mug_9, counterTop_7) := true
  inReceptacle(pot_10, counterTop_7) := true
  objectAtLocation(cd_1, location2) := true
  objectAtLocation(cloth_2, location9) := true
  objectAtLocation(toiletPaper_3, location10) := true
  objectAtLocation(ladle_4, location3) := true
  objectAtLocation(tomato_5, location2) := true
  objectAtLocation(alarmClock_6, location2) := true
  objectAtLocation(spoon_7, location3) := true
  objectAtLocation(fork_8, location3) := true
  objectAtLocation(mug_9, location2) := true
  objectAtLocation(pot_10, location2) := true
  atLocation(agent1, location8) := true
]

goals = [
  Exists (Receptacle - Checkable r) Exists (Obj - Checkable o) (coolable(o) and objectType(o, potType) and receptacleType(r, fridgeType) and isCool(o) and inReceptacle(o, r))
]

quality metrics = [
  minimize sequential-plan-length
]


2025-06-17 11:15:23,883 - INFO - Generating plan for unconstrained problem

2025-06-17 11:15:24,329 - INFO - Unconstrained plan generation time: 0.44577836990356445

2025-06-17 11:15:24,329 - INFO - Unconstrained plan and cost: 
2025-06-17 11:15:24,329 - INFO - SequentialPlan:
    goToLocation(agent1, location8, location2)
    pickupObject(agent1, location2, pot_10, counterTop_7)
    goToLocation(agent1, location2, location7)
    coolObject(agent1, location7, fridge_12, pot_10)
    putObject(agent1, location7, pot_10, fridge_12, potType, fridgeType)
2025-06-17 11:15:24,330 - INFO - 5
2025-06-17 11:15:24,931 - INFO - Sampled constraints:

2025-06-17 11:15:24,931 - INFO - Sometime(atLocation(agent1, location7))
2025-06-17 11:15:24,931 - INFO - Sometime-Before(atLocation(agent1, location7), atLocation(agent1, location9))
2025-06-17 11:15:24,931 - INFO - 
2025-06-17 11:15:24,931 - INFO - Generation time: 0.6010653972625732

2025-06-17 11:15:24,932 - INFO - Generating plan for constrained problem (with LiftedTCORE).

2025-06-17 11:15:24,983 - INFO - LiftedTCORE compilation time: 0.05122208595275879

2025-06-17 11:15:25,441 - INFO - Planning Time with LiftedTCORE's file: 0.4575662612915039

2025-06-17 11:15:25,441 - INFO - Plan found with LiftedTCORE + sym_bd: SequentialPlan:
    goToLocation(agent1, location8, location2)
    pickupObject(agent1, location2, pot_10, counterTop_7)
    goToLocation(agent1, location2, location9)
    goToLocation(agent1, location9, location7)
    coolObject(agent1, location7, fridge_12, pot_10)
    putObject(agent1, location7, pot_10, fridge_12, potType, fridgeType)
2025-06-17 11:15:25,441 - INFO - Seed: 25 is solvable

2025-06-17 11:15:25,441 - INFO - Unconstrained cost: 5
2025-06-17 11:15:25,441 - INFO - Constrained cost: 6
2025-06-17 11:15:25,442 - INFO - Seed: 25 Plan simulation is feasible
2025-06-17 11:15:25,442 - INFO - 
Seed: 25 
 Plan: [goToLocation(agent1, location8, location2), pickupObject(agent1, location2, pot_10, counterTop_7), goToLocation(agent1, location2, location9), goToLocation(agent1, location9, location7), coolObject(agent1, location7, fridge_12, pot_10), putObject(agent1, location7, pot_10, fridge_12, potType, fridgeType)]  
 Cost: 6

