2025-06-17 10:22:21,362 - INFO - 
================= Seed: 795 =================

2025-06-17 10:22:21,367 - INFO - problem name = alfred

types = [ReceptacleType, ObjectType, Checkable, Agent - Checkable, Location - Checkable, Receptacle - Checkable, Obj - Checkable]

fluents = [
  bool atLocation[a=Agent - Checkable, l=Location - Checkable]
  bool receptacleAtLocation[r=Receptacle - Checkable, l=Location - Checkable]
  bool objectAtLocation[o=Obj - Checkable, l=Location - Checkable]
  bool openable[r=Receptacle - Checkable]
  bool opened[r=Receptacle - Checkable]
  bool inReceptacle[o=Obj - Checkable, r=Receptacle - Checkable]
  bool isReceptacleObject[o=Obj - Checkable]
  bool inReceptacleObject[innerObject=Obj - Checkable, outObject=Obj - Checkable]
  bool isReceptacleObjectFull[o=Obj - Checkable]
  bool wasInReceptacle[o=Obj - Checkable, r=Receptacle - Checkable]
  bool checked[c=Checkable]
  bool examined[l=Location - Checkable]
  bool receptacleType[r=Receptacle - Checkable, rt=ReceptacleType]
  bool canContain[rt=ReceptacleType, ot=ObjectType]
  bool objectType[o=Obj - Checkable, t=ObjectType]
  bool holds[a=Agent - Checkable, o=Obj - Checkable]
  bool holdsAny[a=Agent - Checkable]
  bool holdsAnyReceptacleObject[a=Agent - Checkable]
  bool full[r=Receptacle - Checkable]
  bool isClean[o=Obj - Checkable]
  bool cleanable[o=Obj - Checkable]
  bool isHot[o=Obj - Checkable]
  bool heatable[o=Obj - Checkable]
  bool isCool[o=Obj - Checkable]
  bool coolable[o=Obj - Checkable]
  bool pickupable[o=Obj - Checkable]
  bool moveable[o=Obj - Checkable]
  bool toggleable[o=Obj - Checkable]
  bool isOn[o=Obj - Checkable]
  bool isToggled[o=Obj - Checkable]
  bool sliceable[o=Obj - Checkable]
  bool isSliced[o=Obj - Checkable]
]

actions = [
  action look(Agent - Checkable a, Location - Checkable l) {
    preconditions = [
      atLocation(a, l)
    ]
    effects = [
      checked(l) := true
    ]
  }
  action inventory(Agent - Checkable a) {
    preconditions = [
    ]
    effects = [
      checked(a) := true
    ]
  }
  action examineReceptacle(Agent - Checkable a, Receptacle - Checkable r) {
    preconditions = [
      Exists (Location - Checkable l) (atLocation(a, l) and receptacleAtLocation(r, l))
    ]
    effects = [
      checked(r) := true
    ]
  }
  action examineObject(Agent - Checkable a, Obj - Checkable o) {
    preconditions = [
      (Exists (Location - Checkable l) Exists (Receptacle - Checkable r) (atLocation(a, l) and receptacleAtLocation(r, l) and inReceptacle(o, r) and ((not openable(r)) or opened(r))) or holds(a, o))
    ]
    effects = [
      checked(o) := true
    ]
  }
  action goToLocation(Agent - Checkable a, Location - Checkable lstart, Location - Checkable lend) {
    preconditions = [
      atLocation(a, lstart)
    ]
    effects = [
      atLocation(a, lstart) := false
      atLocation(a, lend) := true
    ]
  }
  action openObject(Agent - Checkable a, Location - Checkable l, Receptacle - Checkable r) {
    preconditions = [
      (openable(r) and atLocation(a, l) and receptacleAtLocation(r, l) and (not opened(r)))
    ]
    effects = [
      opened(r) := true
      checked(r) := true
    ]
  }
  action closeObject(Agent - Checkable a, Location - Checkable l, Receptacle - Checkable r) {
    preconditions = [
      (openable(r) and atLocation(a, l) and receptacleAtLocation(r, l) and opened(r))
    ]
    effects = [
      opened(r) := false
    ]
  }
  action pickupObject(Agent - Checkable a, Location - Checkable l, Obj - Checkable o, Receptacle - Checkable r) {
    preconditions = [
      (pickupable(o) and atLocation(a, l) and receptacleAtLocation(r, l) and inReceptacle(o, r) and (not holdsAny(a)) and ((not openable(r)) or opened(r)))
    ]
    effects = [
      inReceptacle(o, r) := false
      holds(a, o) := true
      holdsAny(a) := true
      objectAtLocation(o, l) := false
    ]
  }
  action putObject(Agent - Checkable a, Location - Checkable l, Obj - Checkable o, Receptacle - Checkable r, ObjectType ot, ReceptacleType rt) {
    preconditions = [
      (holds(a, o) and atLocation(a, l) and receptacleAtLocation(r, l) and ((not openable(r)) or opened(r)) and objectType(o, ot) and receptacleType(r, rt) and canContain(rt, ot))
    ]
    effects = [
      inReceptacle(o, r) := true
      objectAtLocation(o, l) := true
      holds(a, o) := false
      holdsAny(a) := false
    ]
  }
  action cleanObject(Agent - Checkable a, Location - Checkable l, Receptacle - Checkable r, Obj - Checkable o) {
    preconditions = [
      (cleanable(o) and receptacleType(r, sinkBasinType) and atLocation(a, l) and receptacleAtLocation(r, l) and holds(a, o))
    ]
    effects = [
      isClean(o) := true
    ]
  }
  action heatObject(Agent - Checkable a, Location - Checkable l, Receptacle - Checkable r, Obj - Checkable o) {
    preconditions = [
      (heatable(o) and receptacleType(r, microwaveType) and atLocation(a, l) and receptacleAtLocation(r, l) and holds(a, o))
    ]
    effects = [
      isHot(o) := true
      isCool(o) := false
    ]
  }
  action coolObject(Agent - Checkable a, Location - Checkable l, Receptacle - Checkable r, Obj - Checkable o) {
    preconditions = [
      (coolable(o) and receptacleType(r, fridgeType) and atLocation(a, l) and receptacleAtLocation(r, l) and holds(a, o))
    ]
    effects = [
      isCool(o) := true
      isHot(o) := false
    ]
  }
  action toggleObject(Agent - Checkable a, Location - Checkable l, Obj - Checkable o, Receptacle - Checkable r) {
    preconditions = [
      (toggleable(o) and atLocation(a, l) and receptacleAtLocation(r, l) and inReceptacle(o, r))
    ]
    effects = [
      if isOn(o) then isOn(o) := false
      if (not isOn(o)) then isOn(o) := true
      isToggled(o) := true
    ]
  }
  action sliceObject(Agent - Checkable a, Location - Checkable l, Obj - Checkable co, Obj - Checkable ko) {
    preconditions = [
      (sliceable(co) and (objectType(ko, knifeType) or objectType(ko, butterKnifeType)) and atLocation(a, l) and objectAtLocation(co, l) and holds(a, ko))
    ]
    effects = [
      isSliced(co) := true
    ]
  }
  action help(Agent - Checkable a) {
    preconditions = [
    ]
    effects = [
      checked(a) := true
    ]
  }
]

objects = [
  ReceptacleType: [sinkBasinType, microwaveType, fridgeType, diningTableType, tvStandType, sideTableType, toiletPaperHangerType, coffeeMachineType, handTowelHolderType, laundryHamperType, counterTopType]
  ObjectType: [knifeType, butterKnifeType, cdType, keyChainType, watchType, baseballBatType, toiletPaperRollType, bowlType, spoonType, appleType, laptopType, mugType]
  Checkable: [agent1, location1, location2, location3, location4, location5, location6, location7, location8, location9, location10, diningTable_1, tvStand_2, sideTable_3, toiletPaperHanger_4, coffeeMachine_5, handTowelHolder_6, handTowelHolder_7, laundryHamper_8, tvStand_9, counterTop_10, cd_1, keyChain_2, watch_3, baseballBat_4, toiletPaperRoll_5, bowl_6, spoon_7, apple_8, laptop_9, mug_10]
  Agent - Checkable: [agent1]
  Location - Checkable: [location1, location2, location3, location4, location5, location6, location7, location8, location9, location10]
  Receptacle - Checkable: [diningTable_1, tvStand_2, sideTable_3, toiletPaperHanger_4, coffeeMachine_5, handTowelHolder_6, handTowelHolder_7, laundryHamper_8, tvStand_9, counterTop_10]
  Obj - Checkable: [cd_1, keyChain_2, watch_3, baseballBat_4, toiletPaperRoll_5, bowl_6, spoon_7, apple_8, laptop_9, mug_10]
]

initial fluents default = [
  bool atLocation[a=Agent - Checkable, l=Location - Checkable] := false
  bool receptacleAtLocation[r=Receptacle - Checkable, l=Location - Checkable] := false
  bool objectAtLocation[o=Obj - Checkable, l=Location - Checkable] := false
  bool openable[r=Receptacle - Checkable] := false
  bool opened[r=Receptacle - Checkable] := false
  bool inReceptacle[o=Obj - Checkable, r=Receptacle - Checkable] := false
  bool isReceptacleObject[o=Obj - Checkable] := false
  bool inReceptacleObject[innerObject=Obj - Checkable, outObject=Obj - Checkable] := false
  bool isReceptacleObjectFull[o=Obj - Checkable] := false
  bool wasInReceptacle[o=Obj - Checkable, r=Receptacle - Checkable] := false
  bool checked[c=Checkable] := false
  bool examined[l=Location - Checkable] := false
  bool receptacleType[r=Receptacle - Checkable, rt=ReceptacleType] := false
  bool canContain[rt=ReceptacleType, ot=ObjectType] := false
  bool objectType[o=Obj - Checkable, t=ObjectType] := false
  bool holds[a=Agent - Checkable, o=Obj - Checkable] := false
  bool holdsAny[a=Agent - Checkable] := false
  bool holdsAnyReceptacleObject[a=Agent - Checkable] := false
  bool full[r=Receptacle - Checkable] := false
  bool isClean[o=Obj - Checkable] := false
  bool cleanable[o=Obj - Checkable] := false
  bool isHot[o=Obj - Checkable] := false
  bool heatable[o=Obj - Checkable] := false
  bool isCool[o=Obj - Checkable] := false
  bool coolable[o=Obj - Checkable] := false
  bool pickupable[o=Obj - Checkable] := false
  bool moveable[o=Obj - Checkable] := false
  bool toggleable[o=Obj - Checkable] := false
  bool isOn[o=Obj - Checkable] := false
  bool isToggled[o=Obj - Checkable] := false
  bool sliceable[o=Obj - Checkable] := false
  bool isSliced[o=Obj - Checkable] := false
]

initial values = [
  receptacleType(diningTable_1, diningTableType) := true
  receptacleType(tvStand_2, tvStandType) := true
  receptacleType(sideTable_3, sideTableType) := true
  receptacleType(toiletPaperHanger_4, toiletPaperHangerType) := true
  receptacleType(coffeeMachine_5, coffeeMachineType) := true
  receptacleType(handTowelHolder_6, handTowelHolderType) := true
  receptacleType(handTowelHolder_7, handTowelHolderType) := true
  receptacleType(laundryHamper_8, laundryHamperType) := true
  receptacleType(tvStand_9, tvStandType) := true
  receptacleType(counterTop_10, counterTopType) := true
  objectType(cd_1, cdType) := true
  objectType(keyChain_2, keyChainType) := true
  objectType(watch_3, watchType) := true
  objectType(baseballBat_4, baseballBatType) := true
  objectType(toiletPaperRoll_5, toiletPaperRollType) := true
  objectType(bowl_6, bowlType) := true
  objectType(spoon_7, spoonType) := true
  objectType(apple_8, appleType) := true
  objectType(laptop_9, laptopType) := true
  objectType(mug_10, mugType) := true
  canContain(diningTableType, keyChainType) := true
  canContain(diningTableType, watchType) := true
  canContain(diningTableType, baseballBatType) := true
  canContain(diningTableType, toiletPaperRollType) := true
  canContain(diningTableType, bowlType) := true
  canContain(diningTableType, spoonType) := true
  canContain(diningTableType, appleType) := true
  canContain(diningTableType, laptopType) := true
  canContain(diningTableType, mugType) := true
  canContain(sideTableType, keyChainType) := true
  canContain(sideTableType, watchType) := true
  canContain(sideTableType, baseballBatType) := true
  canContain(sideTableType, toiletPaperRollType) := true
  canContain(sideTableType, bowlType) := true
  canContain(sideTableType, spoonType) := true
  canContain(sideTableType, appleType) := true
  canContain(sideTableType, laptopType) := true
  canContain(sideTableType, mugType) := true
  canContain(toiletPaperHangerType, toiletPaperRollType) := true
  canContain(coffeeMachineType, mugType) := true
  canContain(counterTopType, cdType) := true
  canContain(counterTopType, keyChainType) := true
  canContain(counterTopType, watchType) := true
  canContain(counterTopType, baseballBatType) := true
  canContain(counterTopType, toiletPaperRollType) := true
  canContain(counterTopType, bowlType) := true
  canContain(counterTopType, spoonType) := true
  canContain(counterTopType, appleType) := true
  canContain(counterTopType, laptopType) := true
  canContain(counterTopType, mugType) := true
  pickupable(cd_1) := true
  pickupable(keyChain_2) := true
  pickupable(watch_3) := true
  pickupable(baseballBat_4) := true
  pickupable(toiletPaperRoll_5) := true
  pickupable(bowl_6) := true
  isReceptacleObject(bowl_6) := true
  cleanable(bowl_6) := true
  coolable(bowl_6) := true
  pickupable(spoon_7) := true
  cleanable(spoon_7) := true
  pickupable(apple_8) := true
  cleanable(apple_8) := true
  heatable(apple_8) := true
  coolable(apple_8) := true
  sliceable(apple_8) := true
  pickupable(laptop_9) := true
  pickupable(mug_10) := true
  isReceptacleObject(mug_10) := true
  cleanable(mug_10) := true
  heatable(mug_10) := true
  coolable(mug_10) := true
  receptacleAtLocation(diningTable_1, location4) := true
  receptacleAtLocation(tvStand_2, location8) := true
  receptacleAtLocation(sideTable_3, location7) := true
  receptacleAtLocation(toiletPaperHanger_4, location10) := true
  receptacleAtLocation(coffeeMachine_5, location1) := true
  receptacleAtLocation(handTowelHolder_6, location6) := true
  receptacleAtLocation(handTowelHolder_7, location10) := true
  receptacleAtLocation(laundryHamper_8, location9) := true
  receptacleAtLocation(tvStand_9, location1) := true
  receptacleAtLocation(counterTop_10, location4) := true
  inReceptacle(watch_3, diningTable_1) := true
  inReceptacle(toiletPaperRoll_5, counterTop_10) := true
  inReceptacle(apple_8, diningTable_1) := true
  inReceptacle(mug_10, sideTable_3) := true
  objectAtLocation(cd_1, location10) := true
  objectAtLocation(keyChain_2, location2) := true
  objectAtLocation(watch_3, location4) := true
  objectAtLocation(baseballBat_4, location2) := true
  objectAtLocation(toiletPaperRoll_5, location4) := true
  objectAtLocation(bowl_6, location6) := true
  objectAtLocation(spoon_7, location9) := true
  objectAtLocation(apple_8, location4) := true
  objectAtLocation(laptop_9, location2) := true
  objectAtLocation(mug_10, location7) := true
  atLocation(agent1, location4) := true
]

goals = [
  Exists (Receptacle - Checkable r) Exists (Obj - Checkable o) (inReceptacle(o, r) and objectType(o, spoonType) and receptacleType(r, counterTopType))
]

quality metrics = [
  minimize sequential-plan-length
]


2025-06-17 10:22:21,369 - INFO - Generating plan for unconstrained problem

2025-06-17 10:22:21,680 - INFO - Unconstrained plan generation time: 0.31108546257019043

