2025-06-17 11:15:57,934 - INFO - 
================= Seed: 47 =================

2025-06-17 11:15:57,934 - INFO - problem name = alfred

types = [ReceptacleType, ObjectType, Checkable, Agent - Checkable, Location - Checkable, Receptacle - Checkable, Obj - Checkable]

fluents = [
  bool atLocation[a=Agent - Checkable, l=Location - Checkable]
  bool receptacleAtLocation[r=Receptacle - Checkable, l=Location - Checkable]
  bool objectAtLocation[o=Obj - Checkable, l=Location - Checkable]
  bool openable[r=Receptacle - Checkable]
  bool opened[r=Receptacle - Checkable]
  bool inReceptacle[o=Obj - Checkable, r=Receptacle - Checkable]
  bool isReceptacleObject[o=Obj - Checkable]
  bool inReceptacleObject[innerObject=Obj - Checkable, outObject=Obj - Checkable]
  bool isReceptacleObjectFull[o=Obj - Checkable]
  bool wasInReceptacle[o=Obj - Checkable, r=Receptacle - Checkable]
  bool checked[c=Checkable]
  bool examined[l=Location - Checkable]
  bool receptacleType[r=Receptacle - Checkable, rt=ReceptacleType]
  bool canContain[rt=ReceptacleType, ot=ObjectType]
  bool objectType[o=Obj - Checkable, t=ObjectType]
  bool holds[a=Agent - Checkable, o=Obj - Checkable]
  bool holdsAny[a=Agent - Checkable]
  bool holdsAnyReceptacleObject[a=Agent - Checkable]
  bool full[r=Receptacle - Checkable]
  bool isClean[o=Obj - Checkable]
  bool cleanable[o=Obj - Checkable]
  bool isHot[o=Obj - Checkable]
  bool heatable[o=Obj - Checkable]
  bool isCool[o=Obj - Checkable]
  bool coolable[o=Obj - Checkable]
  bool pickupable[o=Obj - Checkable]
  bool moveable[o=Obj - Checkable]
  bool toggleable[o=Obj - Checkable]
  bool isOn[o=Obj - Checkable]
  bool isToggled[o=Obj - Checkable]
  bool sliceable[o=Obj - Checkable]
  bool isSliced[o=Obj - Checkable]
]

actions = [
  action look(Agent - Checkable a, Location - Checkable l) {
    preconditions = [
      atLocation(a, l)
    ]
    effects = [
      checked(l) := true
    ]
  }
  action inventory(Agent - Checkable a) {
    preconditions = [
    ]
    effects = [
      checked(a) := true
    ]
  }
  action examineReceptacle(Agent - Checkable a, Receptacle - Checkable r) {
    preconditions = [
      Exists (Location - Checkable l) (atLocation(a, l) and receptacleAtLocation(r, l))
    ]
    effects = [
      checked(r) := true
    ]
  }
  action examineObject(Agent - Checkable a, Obj - Checkable o) {
    preconditions = [
      (Exists (Location - Checkable l) Exists (Receptacle - Checkable r) (atLocation(a, l) and receptacleAtLocation(r, l) and inReceptacle(o, r) and ((not openable(r)) or opened(r))) or holds(a, o))
    ]
    effects = [
      checked(o) := true
    ]
  }
  action goToLocation(Agent - Checkable a, Location - Checkable lstart, Location - Checkable lend) {
    preconditions = [
      atLocation(a, lstart)
    ]
    effects = [
      atLocation(a, lstart) := false
      atLocation(a, lend) := true
    ]
  }
  action openObject(Agent - Checkable a, Location - Checkable l, Receptacle - Checkable r) {
    preconditions = [
      (openable(r) and atLocation(a, l) and receptacleAtLocation(r, l) and (not opened(r)))
    ]
    effects = [
      opened(r) := true
      checked(r) := true
    ]
  }
  action closeObject(Agent - Checkable a, Location - Checkable l, Receptacle - Checkable r) {
    preconditions = [
      (openable(r) and atLocation(a, l) and receptacleAtLocation(r, l) and opened(r))
    ]
    effects = [
      opened(r) := false
    ]
  }
  action pickupObject(Agent - Checkable a, Location - Checkable l, Obj - Checkable o, Receptacle - Checkable r) {
    preconditions = [
      (pickupable(o) and atLocation(a, l) and receptacleAtLocation(r, l) and inReceptacle(o, r) and (not holdsAny(a)) and ((not openable(r)) or opened(r)))
    ]
    effects = [
      inReceptacle(o, r) := false
      holds(a, o) := true
      holdsAny(a) := true
      objectAtLocation(o, l) := false
    ]
  }
  action putObject(Agent - Checkable a, Location - Checkable l, Obj - Checkable o, Receptacle - Checkable r, ObjectType ot, ReceptacleType rt) {
    preconditions = [
      (holds(a, o) and atLocation(a, l) and receptacleAtLocation(r, l) and ((not openable(r)) or opened(r)) and objectType(o, ot) and receptacleType(r, rt) and canContain(rt, ot))
    ]
    effects = [
      inReceptacle(o, r) := true
      objectAtLocation(o, l) := true
      holds(a, o) := false
      holdsAny(a) := false
    ]
  }
  action cleanObject(Agent - Checkable a, Location - Checkable l, Receptacle - Checkable r, Obj - Checkable o) {
    preconditions = [
      (cleanable(o) and receptacleType(r, sinkBasinType) and atLocation(a, l) and receptacleAtLocation(r, l) and holds(a, o))
    ]
    effects = [
      isClean(o) := true
    ]
  }
  action heatObject(Agent - Checkable a, Location - Checkable l, Receptacle - Checkable r, Obj - Checkable o) {
    preconditions = [
      (heatable(o) and receptacleType(r, microwaveType) and atLocation(a, l) and receptacleAtLocation(r, l) and holds(a, o))
    ]
    effects = [
      isHot(o) := true
      isCool(o) := false
    ]
  }
  action coolObject(Agent - Checkable a, Location - Checkable l, Receptacle - Checkable r, Obj - Checkable o) {
    preconditions = [
      (coolable(o) and receptacleType(r, fridgeType) and atLocation(a, l) and receptacleAtLocation(r, l) and holds(a, o))
    ]
    effects = [
      isCool(o) := true
      isHot(o) := false
    ]
  }
  action toggleObject(Agent - Checkable a, Location - Checkable l, Obj - Checkable o, Receptacle - Checkable r) {
    preconditions = [
      (toggleable(o) and atLocation(a, l) and receptacleAtLocation(r, l) and inReceptacle(o, r))
    ]
    effects = [
      if isOn(o) then isOn(o) := false
      if (not isOn(o)) then isOn(o) := true
      isToggled(o) := true
    ]
  }
  action sliceObject(Agent - Checkable a, Location - Checkable l, Obj - Checkable co, Obj - Checkable ko) {
    preconditions = [
      (sliceable(co) and (objectType(ko, knifeType) or objectType(ko, butterKnifeType)) and atLocation(a, l) and objectAtLocation(co, l) and holds(a, ko))
    ]
    effects = [
      isSliced(co) := true
    ]
  }
  action help(Agent - Checkable a) {
    preconditions = [
    ]
    effects = [
      checked(a) := true
    ]
  }
]

objects = [
  ReceptacleType: [sinkBasinType, microwaveType, fridgeType, stoveBurnerType, shelfType, coffeeTableType, safeType, sideTableType, bathtubBasinType, garbageCanType, towelHolderType, diningTableType]
  ObjectType: [knifeType, butterKnifeType, potType, eggType, boxType, vaseType, glassbottleType, laptopType, handTowelType, mugType, ladleType]
  Checkable: [agent1, location1, location2, location3, location4, location5, location6, location7, location8, location9, location10, stoveBurner_1, shelf_2, coffeeTable_3, safe_4, sideTable_5, bathtubBasin_6, microwave_7, garbageCan_8, towelHolder_9, diningTable_10, microwave_11, fridge_12, pot_1, egg_2, box_3, vase_4, glassbottle_5, laptop_6, handTowel_7, mug_8, ladle_9, mug_10]
  Agent - Checkable: [agent1]
  Location - Checkable: [location1, location2, location3, location4, location5, location6, location7, location8, location9, location10]
  Receptacle - Checkable: [stoveBurner_1, shelf_2, coffeeTable_3, safe_4, sideTable_5, bathtubBasin_6, microwave_7, garbageCan_8, towelHolder_9, diningTable_10, microwave_11, fridge_12]
  Obj - Checkable: [pot_1, egg_2, box_3, vase_4, glassbottle_5, laptop_6, handTowel_7, mug_8, ladle_9, mug_10]
]

initial fluents default = [
  bool atLocation[a=Agent - Checkable, l=Location - Checkable] := false
  bool receptacleAtLocation[r=Receptacle - Checkable, l=Location - Checkable] := false
  bool objectAtLocation[o=Obj - Checkable, l=Location - Checkable] := false
  bool openable[r=Receptacle - Checkable] := false
  bool opened[r=Receptacle - Checkable] := false
  bool inReceptacle[o=Obj - Checkable, r=Receptacle - Checkable] := false
  bool isReceptacleObject[o=Obj - Checkable] := false
  bool inReceptacleObject[innerObject=Obj - Checkable, outObject=Obj - Checkable] := false
  bool isReceptacleObjectFull[o=Obj - Checkable] := false
  bool wasInReceptacle[o=Obj - Checkable, r=Receptacle - Checkable] := false
  bool checked[c=Checkable] := false
  bool examined[l=Location - Checkable] := false
  bool receptacleType[r=Receptacle - Checkable, rt=ReceptacleType] := false
  bool canContain[rt=ReceptacleType, ot=ObjectType] := false
  bool objectType[o=Obj - Checkable, t=ObjectType] := false
  bool holds[a=Agent - Checkable, o=Obj - Checkable] := false
  bool holdsAny[a=Agent - Checkable] := false
  bool holdsAnyReceptacleObject[a=Agent - Checkable] := false
  bool full[r=Receptacle - Checkable] := false
  bool isClean[o=Obj - Checkable] := false
  bool cleanable[o=Obj - Checkable] := false
  bool isHot[o=Obj - Checkable] := false
  bool heatable[o=Obj - Checkable] := false
  bool isCool[o=Obj - Checkable] := false
  bool coolable[o=Obj - Checkable] := false
  bool pickupable[o=Obj - Checkable] := false
  bool moveable[o=Obj - Checkable] := false
  bool toggleable[o=Obj - Checkable] := false
  bool isOn[o=Obj - Checkable] := false
  bool isToggled[o=Obj - Checkable] := false
  bool sliceable[o=Obj - Checkable] := false
  bool isSliced[o=Obj - Checkable] := false
]

initial values = [
  receptacleType(stoveBurner_1, stoveBurnerType) := true
  receptacleType(shelf_2, shelfType) := true
  receptacleType(coffeeTable_3, coffeeTableType) := true
  receptacleType(safe_4, safeType) := true
  receptacleType(sideTable_5, sideTableType) := true
  receptacleType(bathtubBasin_6, bathtubBasinType) := true
  receptacleType(microwave_7, microwaveType) := true
  receptacleType(garbageCan_8, garbageCanType) := true
  receptacleType(towelHolder_9, towelHolderType) := true
  receptacleType(diningTable_10, diningTableType) := true
  receptacleType(microwave_11, microwaveType) := true
  receptacleType(fridge_12, fridgeType) := true
  objectType(pot_1, potType) := true
  objectType(egg_2, eggType) := true
  objectType(box_3, boxType) := true
  objectType(vase_4, vaseType) := true
  objectType(glassbottle_5, glassbottleType) := true
  objectType(laptop_6, laptopType) := true
  objectType(handTowel_7, handTowelType) := true
  objectType(mug_8, mugType) := true
  objectType(ladle_9, ladleType) := true
  objectType(mug_10, mugType) := true
  canContain(stoveBurnerType, potType) := true
  canContain(shelfType, potType) := true
  canContain(shelfType, boxType) := true
  canContain(shelfType, vaseType) := true
  canContain(shelfType, glassbottleType) := true
  canContain(shelfType, handTowelType) := true
  canContain(shelfType, mugType) := true
  canContain(coffeeTableType, potType) := true
  canContain(coffeeTableType, eggType) := true
  canContain(coffeeTableType, boxType) := true
  canContain(coffeeTableType, vaseType) := true
  canContain(coffeeTableType, glassbottleType) := true
  canContain(coffeeTableType, laptopType) := true
  canContain(coffeeTableType, handTowelType) := true
  canContain(coffeeTableType, mugType) := true
  canContain(coffeeTableType, ladleType) := true
  canContain(safeType, vaseType) := true
  canContain(sideTableType, potType) := true
  canContain(sideTableType, eggType) := true
  canContain(sideTableType, boxType) := true
  canContain(sideTableType, vaseType) := true
  canContain(sideTableType, glassbottleType) := true
  canContain(sideTableType, laptopType) := true
  canContain(sideTableType, handTowelType) := true
  canContain(sideTableType, mugType) := true
  canContain(sideTableType, ladleType) := true
  canContain(bathtubBasinType, handTowelType) := true
  canContain(microwaveType, eggType) := true
  canContain(microwaveType, glassbottleType) := true
  canContain(microwaveType, mugType) := true
  canContain(garbageCanType, eggType) := true
  canContain(garbageCanType, handTowelType) := true
  canContain(diningTableType, potType) := true
  canContain(diningTableType, eggType) := true
  canContain(diningTableType, boxType) := true
  canContain(diningTableType, vaseType) := true
  canContain(diningTableType, glassbottleType) := true
  canContain(diningTableType, laptopType) := true
  canContain(diningTableType, handTowelType) := true
  canContain(diningTableType, mugType) := true
  canContain(diningTableType, ladleType) := true
  canContain(fridgeType, potType) := true
  canContain(fridgeType, eggType) := true
  canContain(fridgeType, glassbottleType) := true
  canContain(fridgeType, mugType) := true
  pickupable(pot_1) := true
  isReceptacleObject(pot_1) := true
  cleanable(pot_1) := true
  coolable(pot_1) := true
  pickupable(egg_2) := true
  cleanable(egg_2) := true
  heatable(egg_2) := true
  coolable(egg_2) := true
  sliceable(egg_2) := true
  pickupable(box_3) := true
  isReceptacleObject(box_3) := true
  pickupable(vase_4) := true
  pickupable(glassbottle_5) := true
  pickupable(laptop_6) := true
  pickupable(handTowel_7) := true
  pickupable(mug_8) := true
  isReceptacleObject(mug_8) := true
  cleanable(mug_8) := true
  heatable(mug_8) := true
  coolable(mug_8) := true
  pickupable(ladle_9) := true
  cleanable(ladle_9) := true
  pickupable(mug_10) := true
  isReceptacleObject(mug_10) := true
  cleanable(mug_10) := true
  heatable(mug_10) := true
  coolable(mug_10) := true
  receptacleAtLocation(stoveBurner_1, location4) := true
  receptacleAtLocation(shelf_2, location4) := true
  receptacleAtLocation(coffeeTable_3, location9) := true
  receptacleAtLocation(safe_4, location9) := true
  receptacleAtLocation(sideTable_5, location6) := true
  receptacleAtLocation(bathtubBasin_6, location8) := true
  receptacleAtLocation(microwave_7, location4) := true
  receptacleAtLocation(garbageCan_8, location1) := true
  receptacleAtLocation(towelHolder_9, location9) := true
  receptacleAtLocation(diningTable_10, location6) := true
  receptacleAtLocation(microwave_11, location6) := true
  receptacleAtLocation(fridge_12, location10) := true
  inReceptacle(pot_1, diningTable_10) := true
  inReceptacle(egg_2, fridge_12) := true
  inReceptacle(box_3, coffeeTable_3) := true
  inReceptacle(vase_4, shelf_2) := true
  inReceptacle(glassbottle_5, diningTable_10) := true
  inReceptacle(laptop_6, sideTable_5) := true
  inReceptacle(handTowel_7, shelf_2) := true
  inReceptacle(mug_8, microwave_11) := true
  inReceptacle(ladle_9, diningTable_10) := true
  inReceptacle(mug_10, microwave_11) := true
  objectAtLocation(pot_1, location6) := true
  objectAtLocation(egg_2, location10) := true
  objectAtLocation(box_3, location9) := true
  objectAtLocation(vase_4, location4) := true
  objectAtLocation(glassbottle_5, location6) := true
  objectAtLocation(laptop_6, location6) := true
  objectAtLocation(handTowel_7, location4) := true
  objectAtLocation(mug_8, location6) := true
  objectAtLocation(ladle_9, location6) := true
  objectAtLocation(mug_10, location6) := true
  atLocation(agent1, location5) := true
]

goals = [
  Exists (Receptacle - Checkable r) Exists (Obj - Checkable o) (heatable(o) and objectType(o, eggType) and receptacleType(r, fridgeType) and isHot(o) and inReceptacle(o, r))
]

quality metrics = [
  minimize sequential-plan-length
]


2025-06-17 11:15:57,937 - INFO - Generating plan for unconstrained problem

2025-06-17 11:15:58,403 - INFO - Unconstrained plan generation time: 0.4667811393737793

2025-06-17 11:15:58,404 - INFO - Unconstrained plan and cost: 
2025-06-17 11:15:58,404 - INFO - SequentialPlan:
    goToLocation(agent1, location5, location10)
    pickupObject(agent1, location10, egg_2, fridge_12)
    goToLocation(agent1, location10, location4)
    heatObject(agent1, location4, microwave_7, egg_2)
    goToLocation(agent1, location4, location10)
    putObject(agent1, location10, egg_2, fridge_12, eggType, fridgeType)
2025-06-17 11:15:58,404 - INFO - 6
2025-06-17 11:15:59,002 - INFO - Sampled constraints:

2025-06-17 11:15:59,002 - INFO - At-Most-Once(atLocation(agent1, location10))
2025-06-17 11:15:59,002 - INFO - 
2025-06-17 11:15:59,002 - INFO - Generation time: 0.5974400043487549

2025-06-17 11:15:59,002 - INFO - Generating plan for constrained problem (with LiftedTCORE).

2025-06-17 11:15:59,043 - INFO - LiftedTCORE compilation time: 0.04060864448547363

2025-06-17 11:15:59,482 - INFO - Planning Time with LiftedTCORE's file: 0.43892788887023926

