2025-06-17 10:21:13,004 - INFO - 
================= Seed: 681 =================

2025-06-17 10:21:13,009 - INFO - problem name = alfred

types = [ReceptacleType, ObjectType, Checkable, Agent - Checkable, Location - Checkable, Receptacle - Checkable, Obj - Checkable]

fluents = [
  bool atLocation[a=Agent - Checkable, l=Location - Checkable]
  bool receptacleAtLocation[r=Receptacle - Checkable, l=Location - Checkable]
  bool objectAtLocation[o=Obj - Checkable, l=Location - Checkable]
  bool openable[r=Receptacle - Checkable]
  bool opened[r=Receptacle - Checkable]
  bool inReceptacle[o=Obj - Checkable, r=Receptacle - Checkable]
  bool isReceptacleObject[o=Obj - Checkable]
  bool inReceptacleObject[innerObject=Obj - Checkable, outObject=Obj - Checkable]
  bool isReceptacleObjectFull[o=Obj - Checkable]
  bool wasInReceptacle[o=Obj - Checkable, r=Receptacle - Checkable]
  bool checked[c=Checkable]
  bool examined[l=Location - Checkable]
  bool receptacleType[r=Receptacle - Checkable, rt=ReceptacleType]
  bool canContain[rt=ReceptacleType, ot=ObjectType]
  bool objectType[o=Obj - Checkable, t=ObjectType]
  bool holds[a=Agent - Checkable, o=Obj - Checkable]
  bool holdsAny[a=Agent - Checkable]
  bool holdsAnyReceptacleObject[a=Agent - Checkable]
  bool full[r=Receptacle - Checkable]
  bool isClean[o=Obj - Checkable]
  bool cleanable[o=Obj - Checkable]
  bool isHot[o=Obj - Checkable]
  bool heatable[o=Obj - Checkable]
  bool isCool[o=Obj - Checkable]
  bool coolable[o=Obj - Checkable]
  bool pickupable[o=Obj - Checkable]
  bool moveable[o=Obj - Checkable]
  bool toggleable[o=Obj - Checkable]
  bool isOn[o=Obj - Checkable]
  bool isToggled[o=Obj - Checkable]
  bool sliceable[o=Obj - Checkable]
  bool isSliced[o=Obj - Checkable]
]

actions = [
  action look(Agent - Checkable a, Location - Checkable l) {
    preconditions = [
      atLocation(a, l)
    ]
    effects = [
      checked(l) := true
    ]
  }
  action inventory(Agent - Checkable a) {
    preconditions = [
    ]
    effects = [
      checked(a) := true
    ]
  }
  action examineReceptacle(Agent - Checkable a, Receptacle - Checkable r) {
    preconditions = [
      Exists (Location - Checkable l) (atLocation(a, l) and receptacleAtLocation(r, l))
    ]
    effects = [
      checked(r) := true
    ]
  }
  action examineObject(Agent - Checkable a, Obj - Checkable o) {
    preconditions = [
      (Exists (Location - Checkable l) Exists (Receptacle - Checkable r) (atLocation(a, l) and receptacleAtLocation(r, l) and inReceptacle(o, r) and ((not openable(r)) or opened(r))) or holds(a, o))
    ]
    effects = [
      checked(o) := true
    ]
  }
  action goToLocation(Agent - Checkable a, Location - Checkable lstart, Location - Checkable lend) {
    preconditions = [
      atLocation(a, lstart)
    ]
    effects = [
      atLocation(a, lstart) := false
      atLocation(a, lend) := true
    ]
  }
  action openObject(Agent - Checkable a, Location - Checkable l, Receptacle - Checkable r) {
    preconditions = [
      (openable(r) and atLocation(a, l) and receptacleAtLocation(r, l) and (not opened(r)))
    ]
    effects = [
      opened(r) := true
      checked(r) := true
    ]
  }
  action closeObject(Agent - Checkable a, Location - Checkable l, Receptacle - Checkable r) {
    preconditions = [
      (openable(r) and atLocation(a, l) and receptacleAtLocation(r, l) and opened(r))
    ]
    effects = [
      opened(r) := false
    ]
  }
  action pickupObject(Agent - Checkable a, Location - Checkable l, Obj - Checkable o, Receptacle - Checkable r) {
    preconditions = [
      (pickupable(o) and atLocation(a, l) and receptacleAtLocation(r, l) and inReceptacle(o, r) and (not holdsAny(a)) and ((not openable(r)) or opened(r)))
    ]
    effects = [
      inReceptacle(o, r) := false
      holds(a, o) := true
      holdsAny(a) := true
      objectAtLocation(o, l) := false
    ]
  }
  action putObject(Agent - Checkable a, Location - Checkable l, Obj - Checkable o, Receptacle - Checkable r, ObjectType ot, ReceptacleType rt) {
    preconditions = [
      (holds(a, o) and atLocation(a, l) and receptacleAtLocation(r, l) and ((not openable(r)) or opened(r)) and objectType(o, ot) and receptacleType(r, rt) and canContain(rt, ot))
    ]
    effects = [
      inReceptacle(o, r) := true
      objectAtLocation(o, l) := true
      holds(a, o) := false
      holdsAny(a) := false
    ]
  }
  action cleanObject(Agent - Checkable a, Location - Checkable l, Receptacle - Checkable r, Obj - Checkable o) {
    preconditions = [
      (cleanable(o) and receptacleType(r, sinkBasinType) and atLocation(a, l) and receptacleAtLocation(r, l) and holds(a, o))
    ]
    effects = [
      isClean(o) := true
    ]
  }
  action heatObject(Agent - Checkable a, Location - Checkable l, Receptacle - Checkable r, Obj - Checkable o) {
    preconditions = [
      (heatable(o) and receptacleType(r, microwaveType) and atLocation(a, l) and receptacleAtLocation(r, l) and holds(a, o))
    ]
    effects = [
      isHot(o) := true
      isCool(o) := false
    ]
  }
  action coolObject(Agent - Checkable a, Location - Checkable l, Receptacle - Checkable r, Obj - Checkable o) {
    preconditions = [
      (coolable(o) and receptacleType(r, fridgeType) and atLocation(a, l) and receptacleAtLocation(r, l) and holds(a, o))
    ]
    effects = [
      isCool(o) := true
      isHot(o) := false
    ]
  }
  action toggleObject(Agent - Checkable a, Location - Checkable l, Obj - Checkable o, Receptacle - Checkable r) {
    preconditions = [
      (toggleable(o) and atLocation(a, l) and receptacleAtLocation(r, l) and inReceptacle(o, r))
    ]
    effects = [
      if isOn(o) then isOn(o) := false
      if (not isOn(o)) then isOn(o) := true
      isToggled(o) := true
    ]
  }
  action sliceObject(Agent - Checkable a, Location - Checkable l, Obj - Checkable co, Obj - Checkable ko) {
    preconditions = [
      (sliceable(co) and (objectType(ko, knifeType) or objectType(ko, butterKnifeType)) and atLocation(a, l) and objectAtLocation(co, l) and holds(a, ko))
    ]
    effects = [
      isSliced(co) := true
    ]
  }
  action help(Agent - Checkable a) {
    preconditions = [
    ]
    effects = [
      checked(a) := true
    ]
  }
]

objects = [
  ReceptacleType: [sinkBasinType, microwaveType, fridgeType, coffeeTableType, ottomanType, toasterType, sideTableType, laundryHamperType, diningTableType, drawerType, toiletPaperHangerType]
  ObjectType: [knifeType, butterKnifeType, paperTowelType, wineBottleType, vaseType, candleType, sprayBottleType, ladleType, soapBottleType, toiletPaperType, newspaperType, panType]
  Checkable: [agent1, location1, location2, location3, location4, location5, location6, location7, location8, location9, location10, coffeeTable_1, ottoman_2, microwave_3, sinkBasin_4, toaster_5, sideTable_6, laundryHamper_7, diningTable_8, drawer_9, toiletPaperHanger_10, paperTowel_1, wineBottle_2, vase_3, candle_4, sprayBottle_5, ladle_6, soapBottle_7, toiletPaper_8, newspaper_9, pan_10]
  Agent - Checkable: [agent1]
  Location - Checkable: [location1, location2, location3, location4, location5, location6, location7, location8, location9, location10]
  Receptacle - Checkable: [coffeeTable_1, ottoman_2, microwave_3, sinkBasin_4, toaster_5, sideTable_6, laundryHamper_7, diningTable_8, drawer_9, toiletPaperHanger_10]
  Obj - Checkable: [paperTowel_1, wineBottle_2, vase_3, candle_4, sprayBottle_5, ladle_6, soapBottle_7, toiletPaper_8, newspaper_9, pan_10]
]

initial fluents default = [
  bool atLocation[a=Agent - Checkable, l=Location - Checkable] := false
  bool receptacleAtLocation[r=Receptacle - Checkable, l=Location - Checkable] := false
  bool objectAtLocation[o=Obj - Checkable, l=Location - Checkable] := false
  bool openable[r=Receptacle - Checkable] := false
  bool opened[r=Receptacle - Checkable] := false
  bool inReceptacle[o=Obj - Checkable, r=Receptacle - Checkable] := false
  bool isReceptacleObject[o=Obj - Checkable] := false
  bool inReceptacleObject[innerObject=Obj - Checkable, outObject=Obj - Checkable] := false
  bool isReceptacleObjectFull[o=Obj - Checkable] := false
  bool wasInReceptacle[o=Obj - Checkable, r=Receptacle - Checkable] := false
  bool checked[c=Checkable] := false
  bool examined[l=Location - Checkable] := false
  bool receptacleType[r=Receptacle - Checkable, rt=ReceptacleType] := false
  bool canContain[rt=ReceptacleType, ot=ObjectType] := false
  bool objectType[o=Obj - Checkable, t=ObjectType] := false
  bool holds[a=Agent - Checkable, o=Obj - Checkable] := false
  bool holdsAny[a=Agent - Checkable] := false
  bool holdsAnyReceptacleObject[a=Agent - Checkable] := false
  bool full[r=Receptacle - Checkable] := false
  bool isClean[o=Obj - Checkable] := false
  bool cleanable[o=Obj - Checkable] := false
  bool isHot[o=Obj - Checkable] := false
  bool heatable[o=Obj - Checkable] := false
  bool isCool[o=Obj - Checkable] := false
  bool coolable[o=Obj - Checkable] := false
  bool pickupable[o=Obj - Checkable] := false
  bool moveable[o=Obj - Checkable] := false
  bool toggleable[o=Obj - Checkable] := false
  bool isOn[o=Obj - Checkable] := false
  bool isToggled[o=Obj - Checkable] := false
  bool sliceable[o=Obj - Checkable] := false
  bool isSliced[o=Obj - Checkable] := false
]

initial values = [
  receptacleType(coffeeTable_1, coffeeTableType) := true
  receptacleType(ottoman_2, ottomanType) := true
  receptacleType(microwave_3, microwaveType) := true
  receptacleType(sinkBasin_4, sinkBasinType) := true
  receptacleType(toaster_5, toasterType) := true
  receptacleType(sideTable_6, sideTableType) := true
  receptacleType(laundryHamper_7, laundryHamperType) := true
  receptacleType(diningTable_8, diningTableType) := true
  receptacleType(drawer_9, drawerType) := true
  receptacleType(toiletPaperHanger_10, toiletPaperHangerType) := true
  objectType(paperTowel_1, paperTowelType) := true
  objectType(wineBottle_2, wineBottleType) := true
  objectType(vase_3, vaseType) := true
  objectType(candle_4, candleType) := true
  objectType(sprayBottle_5, sprayBottleType) := true
  objectType(ladle_6, ladleType) := true
  objectType(soapBottle_7, soapBottleType) := true
  objectType(toiletPaper_8, toiletPaperType) := true
  objectType(newspaper_9, newspaperType) := true
  objectType(pan_10, panType) := true
  canContain(coffeeTableType, paperTowelType) := true
  canContain(coffeeTableType, wineBottleType) := true
  canContain(coffeeTableType, vaseType) := true
  canContain(coffeeTableType, candleType) := true
  canContain(coffeeTableType, sprayBottleType) := true
  canContain(coffeeTableType, ladleType) := true
  canContain(coffeeTableType, soapBottleType) := true
  canContain(coffeeTableType, toiletPaperType) := true
  canContain(coffeeTableType, newspaperType) := true
  canContain(coffeeTableType, panType) := true
  canContain(ottomanType, newspaperType) := true
  canContain(sinkBasinType, ladleType) := true
  canContain(sinkBasinType, panType) := true
  canContain(sideTableType, paperTowelType) := true
  canContain(sideTableType, wineBottleType) := true
  canContain(sideTableType, vaseType) := true
  canContain(sideTableType, candleType) := true
  canContain(sideTableType, sprayBottleType) := true
  canContain(sideTableType, ladleType) := true
  canContain(sideTableType, soapBottleType) := true
  canContain(sideTableType, toiletPaperType) := true
  canContain(sideTableType, newspaperType) := true
  canContain(sideTableType, panType) := true
  canContain(diningTableType, paperTowelType) := true
  canContain(diningTableType, wineBottleType) := true
  canContain(diningTableType, vaseType) := true
  canContain(diningTableType, candleType) := true
  canContain(diningTableType, sprayBottleType) := true
  canContain(diningTableType, ladleType) := true
  canContain(diningTableType, soapBottleType) := true
  canContain(diningTableType, toiletPaperType) := true
  canContain(diningTableType, newspaperType) := true
  canContain(diningTableType, panType) := true
  canContain(drawerType, candleType) := true
  canContain(drawerType, sprayBottleType) := true
  canContain(drawerType, ladleType) := true
  canContain(drawerType, soapBottleType) := true
  canContain(drawerType, toiletPaperType) := true
  canContain(drawerType, newspaperType) := true
  canContain(toiletPaperHangerType, toiletPaperType) := true
  pickupable(paperTowel_1) := true
  pickupable(wineBottle_2) := true
  pickupable(vase_3) := true
  pickupable(candle_4) := true
  pickupable(sprayBottle_5) := true
  pickupable(ladle_6) := true
  cleanable(ladle_6) := true
  pickupable(soapBottle_7) := true
  pickupable(toiletPaper_8) := true
  pickupable(newspaper_9) := true
  pickupable(pan_10) := true
  isReceptacleObject(pan_10) := true
  cleanable(pan_10) := true
  coolable(pan_10) := true
  receptacleAtLocation(coffeeTable_1, location8) := true
  receptacleAtLocation(ottoman_2, location7) := true
  receptacleAtLocation(microwave_3, location3) := true
  receptacleAtLocation(sinkBasin_4, location2) := true
  receptacleAtLocation(toaster_5, location1) := true
  receptacleAtLocation(sideTable_6, location2) := true
  receptacleAtLocation(laundryHamper_7, location10) := true
  receptacleAtLocation(diningTable_8, location10) := true
  receptacleAtLocation(drawer_9, location1) := true
  receptacleAtLocation(toiletPaperHanger_10, location5) := true
  inReceptacle(ladle_6, coffeeTable_1) := true
  inReceptacle(newspaper_9, ottoman_2) := true
  inReceptacle(pan_10, coffeeTable_1) := true
  objectAtLocation(paperTowel_1, location1) := true
  objectAtLocation(wineBottle_2, location6) := true
  objectAtLocation(vase_3, location5) := true
  objectAtLocation(candle_4, location10) := true
  objectAtLocation(sprayBottle_5, location7) := true
  objectAtLocation(ladle_6, location8) := true
  objectAtLocation(soapBottle_7, location10) := true
  objectAtLocation(toiletPaper_8, location10) := true
  objectAtLocation(newspaper_9, location7) := true
  objectAtLocation(pan_10, location8) := true
  atLocation(agent1, location4) := true
]

goals = [
  Exists (Receptacle - Checkable r) Exists (Obj - Checkable o) (inReceptacle(o, r) and objectType(o, soapBottleType) and receptacleType(r, sideTableType))
]

quality metrics = [
  minimize sequential-plan-length
]


2025-06-17 10:21:13,011 - INFO - Generating plan for unconstrained problem

2025-06-17 10:21:13,322 - INFO - Unconstrained plan generation time: 0.31140708923339844

