2025-06-17 10:24:02,268 - INFO - 
================= Seed: 941 =================

2025-06-17 10:24:02,273 - INFO - problem name = alfred

types = [ReceptacleType, ObjectType, Checkable, Agent - Checkable, Location - Checkable, Receptacle - Checkable, Obj - Checkable]

fluents = [
  bool atLocation[a=Agent - Checkable, l=Location - Checkable]
  bool receptacleAtLocation[r=Receptacle - Checkable, l=Location - Checkable]
  bool objectAtLocation[o=Obj - Checkable, l=Location - Checkable]
  bool openable[r=Receptacle - Checkable]
  bool opened[r=Receptacle - Checkable]
  bool inReceptacle[o=Obj - Checkable, r=Receptacle - Checkable]
  bool isReceptacleObject[o=Obj - Checkable]
  bool inReceptacleObject[innerObject=Obj - Checkable, outObject=Obj - Checkable]
  bool isReceptacleObjectFull[o=Obj - Checkable]
  bool wasInReceptacle[o=Obj - Checkable, r=Receptacle - Checkable]
  bool checked[c=Checkable]
  bool examined[l=Location - Checkable]
  bool receptacleType[r=Receptacle - Checkable, rt=ReceptacleType]
  bool canContain[rt=ReceptacleType, ot=ObjectType]
  bool objectType[o=Obj - Checkable, t=ObjectType]
  bool holds[a=Agent - Checkable, o=Obj - Checkable]
  bool holdsAny[a=Agent - Checkable]
  bool holdsAnyReceptacleObject[a=Agent - Checkable]
  bool full[r=Receptacle - Checkable]
  bool isClean[o=Obj - Checkable]
  bool cleanable[o=Obj - Checkable]
  bool isHot[o=Obj - Checkable]
  bool heatable[o=Obj - Checkable]
  bool isCool[o=Obj - Checkable]
  bool coolable[o=Obj - Checkable]
  bool pickupable[o=Obj - Checkable]
  bool moveable[o=Obj - Checkable]
  bool toggleable[o=Obj - Checkable]
  bool isOn[o=Obj - Checkable]
  bool isToggled[o=Obj - Checkable]
  bool sliceable[o=Obj - Checkable]
  bool isSliced[o=Obj - Checkable]
]

actions = [
  action look(Agent - Checkable a, Location - Checkable l) {
    preconditions = [
      atLocation(a, l)
    ]
    effects = [
      checked(l) := true
    ]
  }
  action inventory(Agent - Checkable a) {
    preconditions = [
    ]
    effects = [
      checked(a) := true
    ]
  }
  action examineReceptacle(Agent - Checkable a, Receptacle - Checkable r) {
    preconditions = [
      Exists (Location - Checkable l) (atLocation(a, l) and receptacleAtLocation(r, l))
    ]
    effects = [
      checked(r) := true
    ]
  }
  action examineObject(Agent - Checkable a, Obj - Checkable o) {
    preconditions = [
      (Exists (Location - Checkable l) Exists (Receptacle - Checkable r) (atLocation(a, l) and receptacleAtLocation(r, l) and inReceptacle(o, r) and ((not openable(r)) or opened(r))) or holds(a, o))
    ]
    effects = [
      checked(o) := true
    ]
  }
  action goToLocation(Agent - Checkable a, Location - Checkable lstart, Location - Checkable lend) {
    preconditions = [
      atLocation(a, lstart)
    ]
    effects = [
      atLocation(a, lstart) := false
      atLocation(a, lend) := true
    ]
  }
  action openObject(Agent - Checkable a, Location - Checkable l, Receptacle - Checkable r) {
    preconditions = [
      (openable(r) and atLocation(a, l) and receptacleAtLocation(r, l) and (not opened(r)))
    ]
    effects = [
      opened(r) := true
      checked(r) := true
    ]
  }
  action closeObject(Agent - Checkable a, Location - Checkable l, Receptacle - Checkable r) {
    preconditions = [
      (openable(r) and atLocation(a, l) and receptacleAtLocation(r, l) and opened(r))
    ]
    effects = [
      opened(r) := false
    ]
  }
  action pickupObject(Agent - Checkable a, Location - Checkable l, Obj - Checkable o, Receptacle - Checkable r) {
    preconditions = [
      (pickupable(o) and atLocation(a, l) and receptacleAtLocation(r, l) and inReceptacle(o, r) and (not holdsAny(a)) and ((not openable(r)) or opened(r)))
    ]
    effects = [
      inReceptacle(o, r) := false
      holds(a, o) := true
      holdsAny(a) := true
      objectAtLocation(o, l) := false
    ]
  }
  action putObject(Agent - Checkable a, Location - Checkable l, Obj - Checkable o, Receptacle - Checkable r, ObjectType ot, ReceptacleType rt) {
    preconditions = [
      (holds(a, o) and atLocation(a, l) and receptacleAtLocation(r, l) and ((not openable(r)) or opened(r)) and objectType(o, ot) and receptacleType(r, rt) and canContain(rt, ot))
    ]
    effects = [
      inReceptacle(o, r) := true
      objectAtLocation(o, l) := true
      holds(a, o) := false
      holdsAny(a) := false
    ]
  }
  action cleanObject(Agent - Checkable a, Location - Checkable l, Receptacle - Checkable r, Obj - Checkable o) {
    preconditions = [
      (cleanable(o) and receptacleType(r, sinkBasinType) and atLocation(a, l) and receptacleAtLocation(r, l) and holds(a, o))
    ]
    effects = [
      isClean(o) := true
    ]
  }
  action heatObject(Agent - Checkable a, Location - Checkable l, Receptacle - Checkable r, Obj - Checkable o) {
    preconditions = [
      (heatable(o) and receptacleType(r, microwaveType) and atLocation(a, l) and receptacleAtLocation(r, l) and holds(a, o))
    ]
    effects = [
      isHot(o) := true
      isCool(o) := false
    ]
  }
  action coolObject(Agent - Checkable a, Location - Checkable l, Receptacle - Checkable r, Obj - Checkable o) {
    preconditions = [
      (coolable(o) and receptacleType(r, fridgeType) and atLocation(a, l) and receptacleAtLocation(r, l) and holds(a, o))
    ]
    effects = [
      isCool(o) := true
      isHot(o) := false
    ]
  }
  action toggleObject(Agent - Checkable a, Location - Checkable l, Obj - Checkable o, Receptacle - Checkable r) {
    preconditions = [
      (toggleable(o) and atLocation(a, l) and receptacleAtLocation(r, l) and inReceptacle(o, r))
    ]
    effects = [
      if isOn(o) then isOn(o) := false
      if (not isOn(o)) then isOn(o) := true
      isToggled(o) := true
    ]
  }
  action sliceObject(Agent - Checkable a, Location - Checkable l, Obj - Checkable co, Obj - Checkable ko) {
    preconditions = [
      (sliceable(co) and (objectType(ko, knifeType) or objectType(ko, butterKnifeType)) and atLocation(a, l) and objectAtLocation(co, l) and holds(a, ko))
    ]
    effects = [
      isSliced(co) := true
    ]
  }
  action help(Agent - Checkable a) {
    preconditions = [
    ]
    effects = [
      checked(a) := true
    ]
  }
]

objects = [
  ReceptacleType: [sinkBasinType, microwaveType, fridgeType, stoveBurnerType, towelHolderType, safeType, diningTableType, dresserType, cartType, sofaType, coffeeTableType]
  ObjectType: [knifeType, butterKnifeType, potType, paperTowelType, tissueBoxType, keyChainType, cupType, plateType, eggType, pencilType, bowlType]
  Checkable: [agent1, location1, location2, location3, location4, location5, location6, location7, location8, location9, location10, stoveBurner_1, towelHolder_2, safe_3, diningTable_4, dresser_5, cart_6, sofa_7, sofa_8, dresser_9, coffeeTable_10, knife_1, pot_2, paperTowel_3, tissueBox_4, keyChain_5, cup_6, plate_7, egg_8, pencil_9, bowl_10]
  Agent - Checkable: [agent1]
  Location - Checkable: [location1, location2, location3, location4, location5, location6, location7, location8, location9, location10]
  Receptacle - Checkable: [stoveBurner_1, towelHolder_2, safe_3, diningTable_4, dresser_5, cart_6, sofa_7, sofa_8, dresser_9, coffeeTable_10]
  Obj - Checkable: [knife_1, pot_2, paperTowel_3, tissueBox_4, keyChain_5, cup_6, plate_7, egg_8, pencil_9, bowl_10]
]

initial fluents default = [
  bool atLocation[a=Agent - Checkable, l=Location - Checkable] := false
  bool receptacleAtLocation[r=Receptacle - Checkable, l=Location - Checkable] := false
  bool objectAtLocation[o=Obj - Checkable, l=Location - Checkable] := false
  bool openable[r=Receptacle - Checkable] := false
  bool opened[r=Receptacle - Checkable] := false
  bool inReceptacle[o=Obj - Checkable, r=Receptacle - Checkable] := false
  bool isReceptacleObject[o=Obj - Checkable] := false
  bool inReceptacleObject[innerObject=Obj - Checkable, outObject=Obj - Checkable] := false
  bool isReceptacleObjectFull[o=Obj - Checkable] := false
  bool wasInReceptacle[o=Obj - Checkable, r=Receptacle - Checkable] := false
  bool checked[c=Checkable] := false
  bool examined[l=Location - Checkable] := false
  bool receptacleType[r=Receptacle - Checkable, rt=ReceptacleType] := false
  bool canContain[rt=ReceptacleType, ot=ObjectType] := false
  bool objectType[o=Obj - Checkable, t=ObjectType] := false
  bool holds[a=Agent - Checkable, o=Obj - Checkable] := false
  bool holdsAny[a=Agent - Checkable] := false
  bool holdsAnyReceptacleObject[a=Agent - Checkable] := false
  bool full[r=Receptacle - Checkable] := false
  bool isClean[o=Obj - Checkable] := false
  bool cleanable[o=Obj - Checkable] := false
  bool isHot[o=Obj - Checkable] := false
  bool heatable[o=Obj - Checkable] := false
  bool isCool[o=Obj - Checkable] := false
  bool coolable[o=Obj - Checkable] := false
  bool pickupable[o=Obj - Checkable] := false
  bool moveable[o=Obj - Checkable] := false
  bool toggleable[o=Obj - Checkable] := false
  bool isOn[o=Obj - Checkable] := false
  bool isToggled[o=Obj - Checkable] := false
  bool sliceable[o=Obj - Checkable] := false
  bool isSliced[o=Obj - Checkable] := false
]

initial values = [
  receptacleType(stoveBurner_1, stoveBurnerType) := true
  receptacleType(towelHolder_2, towelHolderType) := true
  receptacleType(safe_3, safeType) := true
  receptacleType(diningTable_4, diningTableType) := true
  receptacleType(dresser_5, dresserType) := true
  receptacleType(cart_6, cartType) := true
  receptacleType(sofa_7, sofaType) := true
  receptacleType(sofa_8, sofaType) := true
  receptacleType(dresser_9, dresserType) := true
  receptacleType(coffeeTable_10, coffeeTableType) := true
  objectType(knife_1, knifeType) := true
  objectType(pot_2, potType) := true
  objectType(paperTowel_3, paperTowelType) := true
  objectType(tissueBox_4, tissueBoxType) := true
  objectType(keyChain_5, keyChainType) := true
  objectType(cup_6, cupType) := true
  objectType(plate_7, plateType) := true
  objectType(egg_8, eggType) := true
  objectType(pencil_9, pencilType) := true
  objectType(bowl_10, bowlType) := true
  canContain(stoveBurnerType, potType) := true
  canContain(safeType, keyChainType) := true
  canContain(diningTableType, knifeType) := true
  canContain(diningTableType, potType) := true
  canContain(diningTableType, paperTowelType) := true
  canContain(diningTableType, tissueBoxType) := true
  canContain(diningTableType, keyChainType) := true
  canContain(diningTableType, cupType) := true
  canContain(diningTableType, plateType) := true
  canContain(diningTableType, eggType) := true
  canContain(diningTableType, pencilType) := true
  canContain(diningTableType, bowlType) := true
  canContain(dresserType, tissueBoxType) := true
  canContain(dresserType, keyChainType) := true
  canContain(dresserType, cupType) := true
  canContain(dresserType, plateType) := true
  canContain(dresserType, pencilType) := true
  canContain(dresserType, bowlType) := true
  canContain(cartType, paperTowelType) := true
  canContain(cartType, tissueBoxType) := true
  canContain(sofaType, keyChainType) := true
  canContain(coffeeTableType, knifeType) := true
  canContain(coffeeTableType, potType) := true
  canContain(coffeeTableType, paperTowelType) := true
  canContain(coffeeTableType, tissueBoxType) := true
  canContain(coffeeTableType, keyChainType) := true
  canContain(coffeeTableType, cupType) := true
  canContain(coffeeTableType, plateType) := true
  canContain(coffeeTableType, eggType) := true
  canContain(coffeeTableType, pencilType) := true
  canContain(coffeeTableType, bowlType) := true
  pickupable(knife_1) := true
  cleanable(knife_1) := true
  pickupable(pot_2) := true
  isReceptacleObject(pot_2) := true
  cleanable(pot_2) := true
  coolable(pot_2) := true
  pickupable(paperTowel_3) := true
  pickupable(tissueBox_4) := true
  pickupable(keyChain_5) := true
  pickupable(cup_6) := true
  isReceptacleObject(cup_6) := true
  cleanable(cup_6) := true
  heatable(cup_6) := true
  coolable(cup_6) := true
  pickupable(plate_7) := true
  isReceptacleObject(plate_7) := true
  cleanable(plate_7) := true
  heatable(plate_7) := true
  coolable(plate_7) := true
  pickupable(egg_8) := true
  cleanable(egg_8) := true
  heatable(egg_8) := true
  coolable(egg_8) := true
  sliceable(egg_8) := true
  pickupable(pencil_9) := true
  pickupable(bowl_10) := true
  isReceptacleObject(bowl_10) := true
  cleanable(bowl_10) := true
  coolable(bowl_10) := true
  receptacleAtLocation(stoveBurner_1, location10) := true
  receptacleAtLocation(towelHolder_2, location5) := true
  receptacleAtLocation(safe_3, location10) := true
  receptacleAtLocation(diningTable_4, location4) := true
  receptacleAtLocation(dresser_5, location10) := true
  receptacleAtLocation(cart_6, location3) := true
  receptacleAtLocation(sofa_7, location8) := true
  receptacleAtLocation(sofa_8, location4) := true
  receptacleAtLocation(dresser_9, location10) := true
  receptacleAtLocation(coffeeTable_10, location2) := true
  inReceptacle(pot_2, coffeeTable_10) := true
  inReceptacle(keyChain_5, dresser_5) := true
  inReceptacle(cup_6, dresser_9) := true
  inReceptacle(bowl_10, dresser_9) := true
  objectAtLocation(knife_1, location9) := true
  objectAtLocation(pot_2, location2) := true
  objectAtLocation(paperTowel_3, location10) := true
  objectAtLocation(tissueBox_4, location3) := true
  objectAtLocation(keyChain_5, location10) := true
  objectAtLocation(cup_6, location10) := true
  objectAtLocation(plate_7, location5) := true
  objectAtLocation(egg_8, location2) := true
  objectAtLocation(pencil_9, location3) := true
  objectAtLocation(bowl_10, location10) := true
  atLocation(agent1, location9) := true
]

goals = [
  Exists (Receptacle - Checkable r) Exists (Obj - Checkable o) (inReceptacle(o, r) and objectType(o, plateType) and receptacleType(r, coffeeTableType))
]

quality metrics = [
  minimize sequential-plan-length
]


2025-06-17 10:24:02,275 - INFO - Generating plan for unconstrained problem

2025-06-17 10:24:02,587 - INFO - Unconstrained plan generation time: 0.31223106384277344

