2025-06-17 11:19:53,617 - INFO - 
================= Seed: 197 =================

2025-06-17 11:19:53,617 - INFO - problem name = alfred

types = [ReceptacleType, ObjectType, Checkable, Agent - Checkable, Location - Checkable, Receptacle - Checkable, Obj - Checkable]

fluents = [
  bool atLocation[a=Agent - Checkable, l=Location - Checkable]
  bool receptacleAtLocation[r=Receptacle - Checkable, l=Location - Checkable]
  bool objectAtLocation[o=Obj - Checkable, l=Location - Checkable]
  bool openable[r=Receptacle - Checkable]
  bool opened[r=Receptacle - Checkable]
  bool inReceptacle[o=Obj - Checkable, r=Receptacle - Checkable]
  bool isReceptacleObject[o=Obj - Checkable]
  bool inReceptacleObject[innerObject=Obj - Checkable, outObject=Obj - Checkable]
  bool isReceptacleObjectFull[o=Obj - Checkable]
  bool wasInReceptacle[o=Obj - Checkable, r=Receptacle - Checkable]
  bool checked[c=Checkable]
  bool examined[l=Location - Checkable]
  bool receptacleType[r=Receptacle - Checkable, rt=ReceptacleType]
  bool canContain[rt=ReceptacleType, ot=ObjectType]
  bool objectType[o=Obj - Checkable, t=ObjectType]
  bool holds[a=Agent - Checkable, o=Obj - Checkable]
  bool holdsAny[a=Agent - Checkable]
  bool holdsAnyReceptacleObject[a=Agent - Checkable]
  bool full[r=Receptacle - Checkable]
  bool isClean[o=Obj - Checkable]
  bool cleanable[o=Obj - Checkable]
  bool isHot[o=Obj - Checkable]
  bool heatable[o=Obj - Checkable]
  bool isCool[o=Obj - Checkable]
  bool coolable[o=Obj - Checkable]
  bool pickupable[o=Obj - Checkable]
  bool moveable[o=Obj - Checkable]
  bool toggleable[o=Obj - Checkable]
  bool isOn[o=Obj - Checkable]
  bool isToggled[o=Obj - Checkable]
  bool sliceable[o=Obj - Checkable]
  bool isSliced[o=Obj - Checkable]
]

actions = [
  action look(Agent - Checkable a, Location - Checkable l) {
    preconditions = [
      atLocation(a, l)
    ]
    effects = [
      checked(l) := true
    ]
  }
  action inventory(Agent - Checkable a) {
    preconditions = [
    ]
    effects = [
      checked(a) := true
    ]
  }
  action examineReceptacle(Agent - Checkable a, Receptacle - Checkable r) {
    preconditions = [
      Exists (Location - Checkable l) (atLocation(a, l) and receptacleAtLocation(r, l))
    ]
    effects = [
      checked(r) := true
    ]
  }
  action examineObject(Agent - Checkable a, Obj - Checkable o) {
    preconditions = [
      (Exists (Location - Checkable l) Exists (Receptacle - Checkable r) (atLocation(a, l) and receptacleAtLocation(r, l) and inReceptacle(o, r) and ((not openable(r)) or opened(r))) or holds(a, o))
    ]
    effects = [
      checked(o) := true
    ]
  }
  action goToLocation(Agent - Checkable a, Location - Checkable lstart, Location - Checkable lend) {
    preconditions = [
      atLocation(a, lstart)
    ]
    effects = [
      atLocation(a, lstart) := false
      atLocation(a, lend) := true
    ]
  }
  action openObject(Agent - Checkable a, Location - Checkable l, Receptacle - Checkable r) {
    preconditions = [
      (openable(r) and atLocation(a, l) and receptacleAtLocation(r, l) and (not opened(r)))
    ]
    effects = [
      opened(r) := true
      checked(r) := true
    ]
  }
  action closeObject(Agent - Checkable a, Location - Checkable l, Receptacle - Checkable r) {
    preconditions = [
      (openable(r) and atLocation(a, l) and receptacleAtLocation(r, l) and opened(r))
    ]
    effects = [
      opened(r) := false
    ]
  }
  action pickupObject(Agent - Checkable a, Location - Checkable l, Obj - Checkable o, Receptacle - Checkable r) {
    preconditions = [
      (pickupable(o) and atLocation(a, l) and receptacleAtLocation(r, l) and inReceptacle(o, r) and (not holdsAny(a)) and ((not openable(r)) or opened(r)))
    ]
    effects = [
      inReceptacle(o, r) := false
      holds(a, o) := true
      holdsAny(a) := true
      objectAtLocation(o, l) := false
    ]
  }
  action putObject(Agent - Checkable a, Location - Checkable l, Obj - Checkable o, Receptacle - Checkable r, ObjectType ot, ReceptacleType rt) {
    preconditions = [
      (holds(a, o) and atLocation(a, l) and receptacleAtLocation(r, l) and ((not openable(r)) or opened(r)) and objectType(o, ot) and receptacleType(r, rt) and canContain(rt, ot))
    ]
    effects = [
      inReceptacle(o, r) := true
      objectAtLocation(o, l) := true
      holds(a, o) := false
      holdsAny(a) := false
    ]
  }
  action cleanObject(Agent - Checkable a, Location - Checkable l, Receptacle - Checkable r, Obj - Checkable o) {
    preconditions = [
      (cleanable(o) and receptacleType(r, sinkBasinType) and atLocation(a, l) and receptacleAtLocation(r, l) and holds(a, o))
    ]
    effects = [
      isClean(o) := true
    ]
  }
  action heatObject(Agent - Checkable a, Location - Checkable l, Receptacle - Checkable r, Obj - Checkable o) {
    preconditions = [
      (heatable(o) and receptacleType(r, microwaveType) and atLocation(a, l) and receptacleAtLocation(r, l) and holds(a, o))
    ]
    effects = [
      isHot(o) := true
      isCool(o) := false
    ]
  }
  action coolObject(Agent - Checkable a, Location - Checkable l, Receptacle - Checkable r, Obj - Checkable o) {
    preconditions = [
      (coolable(o) and receptacleType(r, fridgeType) and atLocation(a, l) and receptacleAtLocation(r, l) and holds(a, o))
    ]
    effects = [
      isCool(o) := true
      isHot(o) := false
    ]
  }
  action toggleObject(Agent - Checkable a, Location - Checkable l, Obj - Checkable o, Receptacle - Checkable r) {
    preconditions = [
      (toggleable(o) and atLocation(a, l) and receptacleAtLocation(r, l) and inReceptacle(o, r))
    ]
    effects = [
      if isOn(o) then isOn(o) := false
      if (not isOn(o)) then isOn(o) := true
      isToggled(o) := true
    ]
  }
  action sliceObject(Agent - Checkable a, Location - Checkable l, Obj - Checkable co, Obj - Checkable ko) {
    preconditions = [
      (sliceable(co) and (objectType(ko, knifeType) or objectType(ko, butterKnifeType)) and atLocation(a, l) and objectAtLocation(co, l) and holds(a, ko))
    ]
    effects = [
      isSliced(co) := true
    ]
  }
  action help(Agent - Checkable a) {
    preconditions = [
    ]
    effects = [
      checked(a) := true
    ]
  }
]

objects = [
  ReceptacleType: [sinkBasinType, microwaveType, fridgeType, safeType, bathtubBasinType, cabinetType, coffeeMachineType, ottomanType, counterTopType, drawerType]
  ObjectType: [knifeType, butterKnifeType, bookType, baseballBatType, alarmClockType, pepperShakerType, boxType, creditCardType, tissueBoxType, dishSpongeType, mugType]
  Checkable: [agent1, location1, location2, location3, location4, location5, location6, location7, location8, location9, location10, safe_1, bathtubBasin_2, cabinet_3, coffeeMachine_4, bathtubBasin_5, ottoman_6, counterTop_7, bathtubBasin_8, sinkBasin_9, drawer_10, microwave_11, fridge_12, book_1, baseballBat_2, alarmClock_3, pepperShaker_4, box_5, creditCard_6, tissueBox_7, dishSponge_8, book_9, mug_10]
  Agent - Checkable: [agent1]
  Location - Checkable: [location1, location2, location3, location4, location5, location6, location7, location8, location9, location10]
  Receptacle - Checkable: [safe_1, bathtubBasin_2, cabinet_3, coffeeMachine_4, bathtubBasin_5, ottoman_6, counterTop_7, bathtubBasin_8, sinkBasin_9, drawer_10, microwave_11, fridge_12]
  Obj - Checkable: [book_1, baseballBat_2, alarmClock_3, pepperShaker_4, box_5, creditCard_6, tissueBox_7, dishSponge_8, book_9, mug_10]
]

initial fluents default = [
  bool atLocation[a=Agent - Checkable, l=Location - Checkable] := false
  bool receptacleAtLocation[r=Receptacle - Checkable, l=Location - Checkable] := false
  bool objectAtLocation[o=Obj - Checkable, l=Location - Checkable] := false
  bool openable[r=Receptacle - Checkable] := false
  bool opened[r=Receptacle - Checkable] := false
  bool inReceptacle[o=Obj - Checkable, r=Receptacle - Checkable] := false
  bool isReceptacleObject[o=Obj - Checkable] := false
  bool inReceptacleObject[innerObject=Obj - Checkable, outObject=Obj - Checkable] := false
  bool isReceptacleObjectFull[o=Obj - Checkable] := false
  bool wasInReceptacle[o=Obj - Checkable, r=Receptacle - Checkable] := false
  bool checked[c=Checkable] := false
  bool examined[l=Location - Checkable] := false
  bool receptacleType[r=Receptacle - Checkable, rt=ReceptacleType] := false
  bool canContain[rt=ReceptacleType, ot=ObjectType] := false
  bool objectType[o=Obj - Checkable, t=ObjectType] := false
  bool holds[a=Agent - Checkable, o=Obj - Checkable] := false
  bool holdsAny[a=Agent - Checkable] := false
  bool holdsAnyReceptacleObject[a=Agent - Checkable] := false
  bool full[r=Receptacle - Checkable] := false
  bool isClean[o=Obj - Checkable] := false
  bool cleanable[o=Obj - Checkable] := false
  bool isHot[o=Obj - Checkable] := false
  bool heatable[o=Obj - Checkable] := false
  bool isCool[o=Obj - Checkable] := false
  bool coolable[o=Obj - Checkable] := false
  bool pickupable[o=Obj - Checkable] := false
  bool moveable[o=Obj - Checkable] := false
  bool toggleable[o=Obj - Checkable] := false
  bool isOn[o=Obj - Checkable] := false
  bool isToggled[o=Obj - Checkable] := false
  bool sliceable[o=Obj - Checkable] := false
  bool isSliced[o=Obj - Checkable] := false
]

initial values = [
  receptacleType(safe_1, safeType) := true
  receptacleType(bathtubBasin_2, bathtubBasinType) := true
  receptacleType(cabinet_3, cabinetType) := true
  receptacleType(coffeeMachine_4, coffeeMachineType) := true
  receptacleType(bathtubBasin_5, bathtubBasinType) := true
  receptacleType(ottoman_6, ottomanType) := true
  receptacleType(counterTop_7, counterTopType) := true
  receptacleType(bathtubBasin_8, bathtubBasinType) := true
  receptacleType(sinkBasin_9, sinkBasinType) := true
  receptacleType(drawer_10, drawerType) := true
  receptacleType(microwave_11, microwaveType) := true
  receptacleType(fridge_12, fridgeType) := true
  objectType(book_1, bookType) := true
  objectType(baseballBat_2, baseballBatType) := true
  objectType(alarmClock_3, alarmClockType) := true
  objectType(pepperShaker_4, pepperShakerType) := true
  objectType(box_5, boxType) := true
  objectType(creditCard_6, creditCardType) := true
  objectType(tissueBox_7, tissueBoxType) := true
  objectType(dishSponge_8, dishSpongeType) := true
  objectType(book_9, bookType) := true
  objectType(mug_10, mugType) := true
  canContain(safeType, creditCardType) := true
  canContain(bathtubBasinType, dishSpongeType) := true
  canContain(cabinetType, bookType) := true
  canContain(cabinetType, pepperShakerType) := true
  canContain(cabinetType, boxType) := true
  canContain(cabinetType, tissueBoxType) := true
  canContain(cabinetType, dishSpongeType) := true
  canContain(cabinetType, mugType) := true
  canContain(coffeeMachineType, mugType) := true
  canContain(ottomanType, bookType) := true
  canContain(ottomanType, boxType) := true
  canContain(ottomanType, creditCardType) := true
  canContain(counterTopType, bookType) := true
  canContain(counterTopType, baseballBatType) := true
  canContain(counterTopType, alarmClockType) := true
  canContain(counterTopType, pepperShakerType) := true
  canContain(counterTopType, boxType) := true
  canContain(counterTopType, creditCardType) := true
  canContain(counterTopType, tissueBoxType) := true
  canContain(counterTopType, dishSpongeType) := true
  canContain(counterTopType, mugType) := true
  canContain(sinkBasinType, dishSpongeType) := true
  canContain(sinkBasinType, mugType) := true
  canContain(drawerType, bookType) := true
  canContain(drawerType, pepperShakerType) := true
  canContain(drawerType, creditCardType) := true
  canContain(drawerType, tissueBoxType) := true
  canContain(drawerType, dishSpongeType) := true
  canContain(microwaveType, mugType) := true
  canContain(fridgeType, mugType) := true
  pickupable(book_1) := true
  pickupable(baseballBat_2) := true
  pickupable(alarmClock_3) := true
  pickupable(pepperShaker_4) := true
  pickupable(box_5) := true
  isReceptacleObject(box_5) := true
  pickupable(creditCard_6) := true
  pickupable(tissueBox_7) := true
  pickupable(dishSponge_8) := true
  cleanable(dishSponge_8) := true
  pickupable(book_9) := true
  pickupable(mug_10) := true
  isReceptacleObject(mug_10) := true
  cleanable(mug_10) := true
  heatable(mug_10) := true
  coolable(mug_10) := true
  receptacleAtLocation(safe_1, location8) := true
  receptacleAtLocation(bathtubBasin_2, location9) := true
  receptacleAtLocation(cabinet_3, location9) := true
  receptacleAtLocation(coffeeMachine_4, location5) := true
  receptacleAtLocation(bathtubBasin_5, location10) := true
  receptacleAtLocation(ottoman_6, location8) := true
  receptacleAtLocation(counterTop_7, location5) := true
  receptacleAtLocation(bathtubBasin_8, location2) := true
  receptacleAtLocation(sinkBasin_9, location4) := true
  receptacleAtLocation(drawer_10, location7) := true
  receptacleAtLocation(microwave_11, location4) := true
  receptacleAtLocation(fridge_12, location8) := true
  inReceptacle(book_1, ottoman_6) := true
  inReceptacle(baseballBat_2, counterTop_7) := true
  inReceptacle(alarmClock_3, counterTop_7) := true
  inReceptacle(pepperShaker_4, counterTop_7) := true
  inReceptacle(box_5, cabinet_3) := true
  inReceptacle(creditCard_6, counterTop_7) := true
  inReceptacle(tissueBox_7, drawer_10) := true
  inReceptacle(dishSponge_8, counterTop_7) := true
  inReceptacle(book_9, counterTop_7) := true
  inReceptacle(mug_10, counterTop_7) := true
  objectAtLocation(book_1, location8) := true
  objectAtLocation(baseballBat_2, location5) := true
  objectAtLocation(alarmClock_3, location5) := true
  objectAtLocation(pepperShaker_4, location5) := true
  objectAtLocation(box_5, location9) := true
  objectAtLocation(creditCard_6, location5) := true
  objectAtLocation(tissueBox_7, location7) := true
  objectAtLocation(dishSponge_8, location5) := true
  objectAtLocation(book_9, location5) := true
  objectAtLocation(mug_10, location5) := true
  atLocation(agent1, location3) := true
]

goals = [
  Exists (Receptacle - Checkable r) Exists (Obj - Checkable o1) (inReceptacle(o1, r) and objectType(o1, alarmClockType) and receptacleType(r, counterTopType) and Exists (Obj - Checkable o2) ((not (o1 == o2)) and objectType(o2, dishSpongeType) and receptacleType(r, counterTopType) and inReceptacle(o2, r)))
]

quality metrics = [
  minimize sequential-plan-length
]


2025-06-17 11:19:53,620 - INFO - Generating plan for unconstrained problem

2025-06-17 11:19:54,067 - INFO - Unconstrained plan generation time: 0.4470236301422119

2025-06-17 11:19:54,067 - INFO - Unconstrained plan and cost: 
2025-06-17 11:19:54,067 - INFO - SequentialPlan:
2025-06-17 11:19:54,067 - INFO - 0
2025-06-17 11:19:54,199 - INFO - Sampled constraints:

2025-06-17 11:19:54,199 - INFO - Sometime((atLocation(agent1, location7) and checked(box_5)))
2025-06-17 11:19:54,199 - INFO - 
2025-06-17 11:19:54,199 - INFO - Generation time: 0.13206696510314941

2025-06-17 11:19:54,200 - INFO - Generating plan for constrained problem (with LiftedTCORE).

2025-06-17 11:19:54,240 - INFO - LiftedTCORE compilation time: 0.0404362678527832

2025-06-17 11:19:54,700 - INFO - Planning Time with LiftedTCORE's file: 0.45946407318115234

2025-06-17 11:19:54,700 - INFO - Plan found with LiftedTCORE + sym_bd: SequentialPlan:
    goToLocation(agent1, location3, location9)
    examineObject(agent1, box_5)
    goToLocation(agent1, location9, location7)
2025-06-17 11:19:54,700 - INFO - Seed: 197 is solvable

2025-06-17 11:19:54,700 - INFO - Unconstrained cost: 0
2025-06-17 11:19:54,700 - INFO - Constrained cost: 3
2025-06-17 11:19:54,700 - INFO - Seed: 197 Plan simulation is feasible
2025-06-17 11:19:54,701 - INFO - 
Seed: 197 
 Plan: [goToLocation(agent1, location3, location9), examineObject(agent1, box_5), goToLocation(agent1, location9, location7)]  
 Cost: 3

