2025-06-17 10:22:21,686 - INFO - 
================= Seed: 796 =================

2025-06-17 10:22:21,691 - INFO - problem name = alfred

types = [ReceptacleType, ObjectType, Checkable, Agent - Checkable, Location - Checkable, Receptacle - Checkable, Obj - Checkable]

fluents = [
  bool atLocation[a=Agent - Checkable, l=Location - Checkable]
  bool receptacleAtLocation[r=Receptacle - Checkable, l=Location - Checkable]
  bool objectAtLocation[o=Obj - Checkable, l=Location - Checkable]
  bool openable[r=Receptacle - Checkable]
  bool opened[r=Receptacle - Checkable]
  bool inReceptacle[o=Obj - Checkable, r=Receptacle - Checkable]
  bool isReceptacleObject[o=Obj - Checkable]
  bool inReceptacleObject[innerObject=Obj - Checkable, outObject=Obj - Checkable]
  bool isReceptacleObjectFull[o=Obj - Checkable]
  bool wasInReceptacle[o=Obj - Checkable, r=Receptacle - Checkable]
  bool checked[c=Checkable]
  bool examined[l=Location - Checkable]
  bool receptacleType[r=Receptacle - Checkable, rt=ReceptacleType]
  bool canContain[rt=ReceptacleType, ot=ObjectType]
  bool objectType[o=Obj - Checkable, t=ObjectType]
  bool holds[a=Agent - Checkable, o=Obj - Checkable]
  bool holdsAny[a=Agent - Checkable]
  bool holdsAnyReceptacleObject[a=Agent - Checkable]
  bool full[r=Receptacle - Checkable]
  bool isClean[o=Obj - Checkable]
  bool cleanable[o=Obj - Checkable]
  bool isHot[o=Obj - Checkable]
  bool heatable[o=Obj - Checkable]
  bool isCool[o=Obj - Checkable]
  bool coolable[o=Obj - Checkable]
  bool pickupable[o=Obj - Checkable]
  bool moveable[o=Obj - Checkable]
  bool toggleable[o=Obj - Checkable]
  bool isOn[o=Obj - Checkable]
  bool isToggled[o=Obj - Checkable]
  bool sliceable[o=Obj - Checkable]
  bool isSliced[o=Obj - Checkable]
]

actions = [
  action look(Agent - Checkable a, Location - Checkable l) {
    preconditions = [
      atLocation(a, l)
    ]
    effects = [
      checked(l) := true
    ]
  }
  action inventory(Agent - Checkable a) {
    preconditions = [
    ]
    effects = [
      checked(a) := true
    ]
  }
  action examineReceptacle(Agent - Checkable a, Receptacle - Checkable r) {
    preconditions = [
      Exists (Location - Checkable l) (atLocation(a, l) and receptacleAtLocation(r, l))
    ]
    effects = [
      checked(r) := true
    ]
  }
  action examineObject(Agent - Checkable a, Obj - Checkable o) {
    preconditions = [
      (Exists (Location - Checkable l) Exists (Receptacle - Checkable r) (atLocation(a, l) and receptacleAtLocation(r, l) and inReceptacle(o, r) and ((not openable(r)) or opened(r))) or holds(a, o))
    ]
    effects = [
      checked(o) := true
    ]
  }
  action goToLocation(Agent - Checkable a, Location - Checkable lstart, Location - Checkable lend) {
    preconditions = [
      atLocation(a, lstart)
    ]
    effects = [
      atLocation(a, lstart) := false
      atLocation(a, lend) := true
    ]
  }
  action openObject(Agent - Checkable a, Location - Checkable l, Receptacle - Checkable r) {
    preconditions = [
      (openable(r) and atLocation(a, l) and receptacleAtLocation(r, l) and (not opened(r)))
    ]
    effects = [
      opened(r) := true
      checked(r) := true
    ]
  }
  action closeObject(Agent - Checkable a, Location - Checkable l, Receptacle - Checkable r) {
    preconditions = [
      (openable(r) and atLocation(a, l) and receptacleAtLocation(r, l) and opened(r))
    ]
    effects = [
      opened(r) := false
    ]
  }
  action pickupObject(Agent - Checkable a, Location - Checkable l, Obj - Checkable o, Receptacle - Checkable r) {
    preconditions = [
      (pickupable(o) and atLocation(a, l) and receptacleAtLocation(r, l) and inReceptacle(o, r) and (not holdsAny(a)) and ((not openable(r)) or opened(r)))
    ]
    effects = [
      inReceptacle(o, r) := false
      holds(a, o) := true
      holdsAny(a) := true
      objectAtLocation(o, l) := false
    ]
  }
  action putObject(Agent - Checkable a, Location - Checkable l, Obj - Checkable o, Receptacle - Checkable r, ObjectType ot, ReceptacleType rt) {
    preconditions = [
      (holds(a, o) and atLocation(a, l) and receptacleAtLocation(r, l) and ((not openable(r)) or opened(r)) and objectType(o, ot) and receptacleType(r, rt) and canContain(rt, ot))
    ]
    effects = [
      inReceptacle(o, r) := true
      objectAtLocation(o, l) := true
      holds(a, o) := false
      holdsAny(a) := false
    ]
  }
  action cleanObject(Agent - Checkable a, Location - Checkable l, Receptacle - Checkable r, Obj - Checkable o) {
    preconditions = [
      (cleanable(o) and receptacleType(r, sinkBasinType) and atLocation(a, l) and receptacleAtLocation(r, l) and holds(a, o))
    ]
    effects = [
      isClean(o) := true
    ]
  }
  action heatObject(Agent - Checkable a, Location - Checkable l, Receptacle - Checkable r, Obj - Checkable o) {
    preconditions = [
      (heatable(o) and receptacleType(r, microwaveType) and atLocation(a, l) and receptacleAtLocation(r, l) and holds(a, o))
    ]
    effects = [
      isHot(o) := true
      isCool(o) := false
    ]
  }
  action coolObject(Agent - Checkable a, Location - Checkable l, Receptacle - Checkable r, Obj - Checkable o) {
    preconditions = [
      (coolable(o) and receptacleType(r, fridgeType) and atLocation(a, l) and receptacleAtLocation(r, l) and holds(a, o))
    ]
    effects = [
      isCool(o) := true
      isHot(o) := false
    ]
  }
  action toggleObject(Agent - Checkable a, Location - Checkable l, Obj - Checkable o, Receptacle - Checkable r) {
    preconditions = [
      (toggleable(o) and atLocation(a, l) and receptacleAtLocation(r, l) and inReceptacle(o, r))
    ]
    effects = [
      if isOn(o) then isOn(o) := false
      if (not isOn(o)) then isOn(o) := true
      isToggled(o) := true
    ]
  }
  action sliceObject(Agent - Checkable a, Location - Checkable l, Obj - Checkable co, Obj - Checkable ko) {
    preconditions = [
      (sliceable(co) and (objectType(ko, knifeType) or objectType(ko, butterKnifeType)) and atLocation(a, l) and objectAtLocation(co, l) and holds(a, ko))
    ]
    effects = [
      isSliced(co) := true
    ]
  }
  action help(Agent - Checkable a) {
    preconditions = [
    ]
    effects = [
      checked(a) := true
    ]
  }
]

objects = [
  ReceptacleType: [sinkBasinType, microwaveType, fridgeType, safeType, sideTableType, toiletPaperHangerType, armChairType, diningTableType, coffeeTableType, toasterType, bedType]
  ObjectType: [knifeType, butterKnifeType, boxType, laptopType, keyChainType, tomatoType, alarmClockType, bookType, eggType, soapBottleType, plateType]
  Checkable: [agent1, location1, location2, location3, location4, location5, location6, location7, location8, location9, location10, safe_1, sideTable_2, toiletPaperHanger_3, safe_4, armChair_5, diningTable_6, coffeeTable_7, toaster_8, bed_9, coffeeTable_10, box_1, laptop_2, keyChain_3, tomato_4, alarmClock_5, book_6, knife_7, egg_8, soapBottle_9, plate_10]
  Agent - Checkable: [agent1]
  Location - Checkable: [location1, location2, location3, location4, location5, location6, location7, location8, location9, location10]
  Receptacle - Checkable: [safe_1, sideTable_2, toiletPaperHanger_3, safe_4, armChair_5, diningTable_6, coffeeTable_7, toaster_8, bed_9, coffeeTable_10]
  Obj - Checkable: [box_1, laptop_2, keyChain_3, tomato_4, alarmClock_5, book_6, knife_7, egg_8, soapBottle_9, plate_10]
]

initial fluents default = [
  bool atLocation[a=Agent - Checkable, l=Location - Checkable] := false
  bool receptacleAtLocation[r=Receptacle - Checkable, l=Location - Checkable] := false
  bool objectAtLocation[o=Obj - Checkable, l=Location - Checkable] := false
  bool openable[r=Receptacle - Checkable] := false
  bool opened[r=Receptacle - Checkable] := false
  bool inReceptacle[o=Obj - Checkable, r=Receptacle - Checkable] := false
  bool isReceptacleObject[o=Obj - Checkable] := false
  bool inReceptacleObject[innerObject=Obj - Checkable, outObject=Obj - Checkable] := false
  bool isReceptacleObjectFull[o=Obj - Checkable] := false
  bool wasInReceptacle[o=Obj - Checkable, r=Receptacle - Checkable] := false
  bool checked[c=Checkable] := false
  bool examined[l=Location - Checkable] := false
  bool receptacleType[r=Receptacle - Checkable, rt=ReceptacleType] := false
  bool canContain[rt=ReceptacleType, ot=ObjectType] := false
  bool objectType[o=Obj - Checkable, t=ObjectType] := false
  bool holds[a=Agent - Checkable, o=Obj - Checkable] := false
  bool holdsAny[a=Agent - Checkable] := false
  bool holdsAnyReceptacleObject[a=Agent - Checkable] := false
  bool full[r=Receptacle - Checkable] := false
  bool isClean[o=Obj - Checkable] := false
  bool cleanable[o=Obj - Checkable] := false
  bool isHot[o=Obj - Checkable] := false
  bool heatable[o=Obj - Checkable] := false
  bool isCool[o=Obj - Checkable] := false
  bool coolable[o=Obj - Checkable] := false
  bool pickupable[o=Obj - Checkable] := false
  bool moveable[o=Obj - Checkable] := false
  bool toggleable[o=Obj - Checkable] := false
  bool isOn[o=Obj - Checkable] := false
  bool isToggled[o=Obj - Checkable] := false
  bool sliceable[o=Obj - Checkable] := false
  bool isSliced[o=Obj - Checkable] := false
]

initial values = [
  receptacleType(safe_1, safeType) := true
  receptacleType(sideTable_2, sideTableType) := true
  receptacleType(toiletPaperHanger_3, toiletPaperHangerType) := true
  receptacleType(safe_4, safeType) := true
  receptacleType(armChair_5, armChairType) := true
  receptacleType(diningTable_6, diningTableType) := true
  receptacleType(coffeeTable_7, coffeeTableType) := true
  receptacleType(toaster_8, toasterType) := true
  receptacleType(bed_9, bedType) := true
  receptacleType(coffeeTable_10, coffeeTableType) := true
  objectType(box_1, boxType) := true
  objectType(laptop_2, laptopType) := true
  objectType(keyChain_3, keyChainType) := true
  objectType(tomato_4, tomatoType) := true
  objectType(alarmClock_5, alarmClockType) := true
  objectType(book_6, bookType) := true
  objectType(knife_7, knifeType) := true
  objectType(egg_8, eggType) := true
  objectType(soapBottle_9, soapBottleType) := true
  objectType(plate_10, plateType) := true
  canContain(safeType, keyChainType) := true
  canContain(sideTableType, boxType) := true
  canContain(sideTableType, laptopType) := true
  canContain(sideTableType, keyChainType) := true
  canContain(sideTableType, tomatoType) := true
  canContain(sideTableType, alarmClockType) := true
  canContain(sideTableType, bookType) := true
  canContain(sideTableType, knifeType) := true
  canContain(sideTableType, eggType) := true
  canContain(sideTableType, soapBottleType) := true
  canContain(sideTableType, plateType) := true
  canContain(armChairType, boxType) := true
  canContain(armChairType, laptopType) := true
  canContain(armChairType, keyChainType) := true
  canContain(armChairType, bookType) := true
  canContain(diningTableType, boxType) := true
  canContain(diningTableType, laptopType) := true
  canContain(diningTableType, keyChainType) := true
  canContain(diningTableType, tomatoType) := true
  canContain(diningTableType, alarmClockType) := true
  canContain(diningTableType, bookType) := true
  canContain(diningTableType, knifeType) := true
  canContain(diningTableType, eggType) := true
  canContain(diningTableType, soapBottleType) := true
  canContain(diningTableType, plateType) := true
  canContain(coffeeTableType, boxType) := true
  canContain(coffeeTableType, laptopType) := true
  canContain(coffeeTableType, keyChainType) := true
  canContain(coffeeTableType, tomatoType) := true
  canContain(coffeeTableType, alarmClockType) := true
  canContain(coffeeTableType, bookType) := true
  canContain(coffeeTableType, knifeType) := true
  canContain(coffeeTableType, eggType) := true
  canContain(coffeeTableType, soapBottleType) := true
  canContain(coffeeTableType, plateType) := true
  canContain(bedType, laptopType) := true
  canContain(bedType, bookType) := true
  pickupable(box_1) := true
  isReceptacleObject(box_1) := true
  pickupable(laptop_2) := true
  pickupable(keyChain_3) := true
  pickupable(tomato_4) := true
  cleanable(tomato_4) := true
  heatable(tomato_4) := true
  coolable(tomato_4) := true
  sliceable(tomato_4) := true
  pickupable(alarmClock_5) := true
  pickupable(book_6) := true
  pickupable(knife_7) := true
  cleanable(knife_7) := true
  pickupable(egg_8) := true
  cleanable(egg_8) := true
  heatable(egg_8) := true
  coolable(egg_8) := true
  sliceable(egg_8) := true
  pickupable(soapBottle_9) := true
  pickupable(plate_10) := true
  isReceptacleObject(plate_10) := true
  cleanable(plate_10) := true
  heatable(plate_10) := true
  coolable(plate_10) := true
  receptacleAtLocation(safe_1, location2) := true
  receptacleAtLocation(sideTable_2, location5) := true
  receptacleAtLocation(toiletPaperHanger_3, location7) := true
  receptacleAtLocation(safe_4, location5) := true
  receptacleAtLocation(armChair_5, location3) := true
  receptacleAtLocation(diningTable_6, location1) := true
  receptacleAtLocation(coffeeTable_7, location5) := true
  receptacleAtLocation(toaster_8, location8) := true
  receptacleAtLocation(bed_9, location6) := true
  receptacleAtLocation(coffeeTable_10, location10) := true
  inReceptacle(box_1, coffeeTable_10) := true
  inReceptacle(laptop_2, armChair_5) := true
  inReceptacle(alarmClock_5, sideTable_2) := true
  inReceptacle(egg_8, coffeeTable_7) := true
  inReceptacle(soapBottle_9, coffeeTable_7) := true
  inReceptacle(plate_10, coffeeTable_7) := true
  objectAtLocation(box_1, location10) := true
  objectAtLocation(laptop_2, location3) := true
  objectAtLocation(keyChain_3, location5) := true
  objectAtLocation(tomato_4, location7) := true
  objectAtLocation(alarmClock_5, location5) := true
  objectAtLocation(book_6, location9) := true
  objectAtLocation(knife_7, location5) := true
  objectAtLocation(egg_8, location5) := true
  objectAtLocation(soapBottle_9, location5) := true
  objectAtLocation(plate_10, location5) := true
  atLocation(agent1, location2) := true
]

goals = [
  Exists (Receptacle - Checkable r) Exists (Obj - Checkable o1) (inReceptacle(o1, r) and objectType(o1, boxType) and receptacleType(r, armChairType) and Exists (Obj - Checkable o2) ((not (o1 == o2)) and objectType(o2, keyChainType) and receptacleType(r, armChairType) and inReceptacle(o2, r)))
]

quality metrics = [
  minimize sequential-plan-length
]


2025-06-17 10:22:21,693 - INFO - Generating plan for unconstrained problem

2025-06-17 10:22:22,007 - INFO - Unconstrained plan generation time: 0.3140132427215576

