2025-06-17 10:23:50,590 - INFO - 
================= Seed: 922 =================

2025-06-17 10:23:50,596 - INFO - problem name = alfred

types = [ReceptacleType, ObjectType, Checkable, Agent - Checkable, Location - Checkable, Receptacle - Checkable, Obj - Checkable]

fluents = [
  bool atLocation[a=Agent - Checkable, l=Location - Checkable]
  bool receptacleAtLocation[r=Receptacle - Checkable, l=Location - Checkable]
  bool objectAtLocation[o=Obj - Checkable, l=Location - Checkable]
  bool openable[r=Receptacle - Checkable]
  bool opened[r=Receptacle - Checkable]
  bool inReceptacle[o=Obj - Checkable, r=Receptacle - Checkable]
  bool isReceptacleObject[o=Obj - Checkable]
  bool inReceptacleObject[innerObject=Obj - Checkable, outObject=Obj - Checkable]
  bool isReceptacleObjectFull[o=Obj - Checkable]
  bool wasInReceptacle[o=Obj - Checkable, r=Receptacle - Checkable]
  bool checked[c=Checkable]
  bool examined[l=Location - Checkable]
  bool receptacleType[r=Receptacle - Checkable, rt=ReceptacleType]
  bool canContain[rt=ReceptacleType, ot=ObjectType]
  bool objectType[o=Obj - Checkable, t=ObjectType]
  bool holds[a=Agent - Checkable, o=Obj - Checkable]
  bool holdsAny[a=Agent - Checkable]
  bool holdsAnyReceptacleObject[a=Agent - Checkable]
  bool full[r=Receptacle - Checkable]
  bool isClean[o=Obj - Checkable]
  bool cleanable[o=Obj - Checkable]
  bool isHot[o=Obj - Checkable]
  bool heatable[o=Obj - Checkable]
  bool isCool[o=Obj - Checkable]
  bool coolable[o=Obj - Checkable]
  bool pickupable[o=Obj - Checkable]
  bool moveable[o=Obj - Checkable]
  bool toggleable[o=Obj - Checkable]
  bool isOn[o=Obj - Checkable]
  bool isToggled[o=Obj - Checkable]
  bool sliceable[o=Obj - Checkable]
  bool isSliced[o=Obj - Checkable]
]

actions = [
  action look(Agent - Checkable a, Location - Checkable l) {
    preconditions = [
      atLocation(a, l)
    ]
    effects = [
      checked(l) := true
    ]
  }
  action inventory(Agent - Checkable a) {
    preconditions = [
    ]
    effects = [
      checked(a) := true
    ]
  }
  action examineReceptacle(Agent - Checkable a, Receptacle - Checkable r) {
    preconditions = [
      Exists (Location - Checkable l) (atLocation(a, l) and receptacleAtLocation(r, l))
    ]
    effects = [
      checked(r) := true
    ]
  }
  action examineObject(Agent - Checkable a, Obj - Checkable o) {
    preconditions = [
      (Exists (Location - Checkable l) Exists (Receptacle - Checkable r) (atLocation(a, l) and receptacleAtLocation(r, l) and inReceptacle(o, r) and ((not openable(r)) or opened(r))) or holds(a, o))
    ]
    effects = [
      checked(o) := true
    ]
  }
  action goToLocation(Agent - Checkable a, Location - Checkable lstart, Location - Checkable lend) {
    preconditions = [
      atLocation(a, lstart)
    ]
    effects = [
      atLocation(a, lstart) := false
      atLocation(a, lend) := true
    ]
  }
  action openObject(Agent - Checkable a, Location - Checkable l, Receptacle - Checkable r) {
    preconditions = [
      (openable(r) and atLocation(a, l) and receptacleAtLocation(r, l) and (not opened(r)))
    ]
    effects = [
      opened(r) := true
      checked(r) := true
    ]
  }
  action closeObject(Agent - Checkable a, Location - Checkable l, Receptacle - Checkable r) {
    preconditions = [
      (openable(r) and atLocation(a, l) and receptacleAtLocation(r, l) and opened(r))
    ]
    effects = [
      opened(r) := false
    ]
  }
  action pickupObject(Agent - Checkable a, Location - Checkable l, Obj - Checkable o, Receptacle - Checkable r) {
    preconditions = [
      (pickupable(o) and atLocation(a, l) and receptacleAtLocation(r, l) and inReceptacle(o, r) and (not holdsAny(a)) and ((not openable(r)) or opened(r)))
    ]
    effects = [
      inReceptacle(o, r) := false
      holds(a, o) := true
      holdsAny(a) := true
      objectAtLocation(o, l) := false
    ]
  }
  action putObject(Agent - Checkable a, Location - Checkable l, Obj - Checkable o, Receptacle - Checkable r, ObjectType ot, ReceptacleType rt) {
    preconditions = [
      (holds(a, o) and atLocation(a, l) and receptacleAtLocation(r, l) and ((not openable(r)) or opened(r)) and objectType(o, ot) and receptacleType(r, rt) and canContain(rt, ot))
    ]
    effects = [
      inReceptacle(o, r) := true
      objectAtLocation(o, l) := true
      holds(a, o) := false
      holdsAny(a) := false
    ]
  }
  action cleanObject(Agent - Checkable a, Location - Checkable l, Receptacle - Checkable r, Obj - Checkable o) {
    preconditions = [
      (cleanable(o) and receptacleType(r, sinkBasinType) and atLocation(a, l) and receptacleAtLocation(r, l) and holds(a, o))
    ]
    effects = [
      isClean(o) := true
    ]
  }
  action heatObject(Agent - Checkable a, Location - Checkable l, Receptacle - Checkable r, Obj - Checkable o) {
    preconditions = [
      (heatable(o) and receptacleType(r, microwaveType) and atLocation(a, l) and receptacleAtLocation(r, l) and holds(a, o))
    ]
    effects = [
      isHot(o) := true
      isCool(o) := false
    ]
  }
  action coolObject(Agent - Checkable a, Location - Checkable l, Receptacle - Checkable r, Obj - Checkable o) {
    preconditions = [
      (coolable(o) and receptacleType(r, fridgeType) and atLocation(a, l) and receptacleAtLocation(r, l) and holds(a, o))
    ]
    effects = [
      isCool(o) := true
      isHot(o) := false
    ]
  }
  action toggleObject(Agent - Checkable a, Location - Checkable l, Obj - Checkable o, Receptacle - Checkable r) {
    preconditions = [
      (toggleable(o) and atLocation(a, l) and receptacleAtLocation(r, l) and inReceptacle(o, r))
    ]
    effects = [
      if isOn(o) then isOn(o) := false
      if (not isOn(o)) then isOn(o) := true
      isToggled(o) := true
    ]
  }
  action sliceObject(Agent - Checkable a, Location - Checkable l, Obj - Checkable co, Obj - Checkable ko) {
    preconditions = [
      (sliceable(co) and (objectType(ko, knifeType) or objectType(ko, butterKnifeType)) and atLocation(a, l) and objectAtLocation(co, l) and holds(a, ko))
    ]
    effects = [
      isSliced(co) := true
    ]
  }
  action help(Agent - Checkable a) {
    preconditions = [
    ]
    effects = [
      checked(a) := true
    ]
  }
]

objects = [
  ReceptacleType: [sinkBasinType, microwaveType, fridgeType, drawerType, towelHolderType, toasterType, bedType, tvStandType, toiletPaperHangerType, counterTopType]
  ObjectType: [knifeType, butterKnifeType, kettleType, soapBottleType, mugType, potatoType, lettuceType, ladleType]
  Checkable: [agent1, location1, location2, location3, location4, location5, location6, location7, location8, location9, location10, drawer_1, towelHolder_2, toaster_3, bed_4, toaster_5, tvStand_6, toiletPaperHanger_7, counterTop_8, tvStand_9, counterTop_10, kettle_1, soapBottle_2, knife_3, mug_4, potato_5, lettuce_6, ladle_7, knife_8, knife_9, mug_10]
  Agent - Checkable: [agent1]
  Location - Checkable: [location1, location2, location3, location4, location5, location6, location7, location8, location9, location10]
  Receptacle - Checkable: [drawer_1, towelHolder_2, toaster_3, bed_4, toaster_5, tvStand_6, toiletPaperHanger_7, counterTop_8, tvStand_9, counterTop_10]
  Obj - Checkable: [kettle_1, soapBottle_2, knife_3, mug_4, potato_5, lettuce_6, ladle_7, knife_8, knife_9, mug_10]
]

initial fluents default = [
  bool atLocation[a=Agent - Checkable, l=Location - Checkable] := false
  bool receptacleAtLocation[r=Receptacle - Checkable, l=Location - Checkable] := false
  bool objectAtLocation[o=Obj - Checkable, l=Location - Checkable] := false
  bool openable[r=Receptacle - Checkable] := false
  bool opened[r=Receptacle - Checkable] := false
  bool inReceptacle[o=Obj - Checkable, r=Receptacle - Checkable] := false
  bool isReceptacleObject[o=Obj - Checkable] := false
  bool inReceptacleObject[innerObject=Obj - Checkable, outObject=Obj - Checkable] := false
  bool isReceptacleObjectFull[o=Obj - Checkable] := false
  bool wasInReceptacle[o=Obj - Checkable, r=Receptacle - Checkable] := false
  bool checked[c=Checkable] := false
  bool examined[l=Location - Checkable] := false
  bool receptacleType[r=Receptacle - Checkable, rt=ReceptacleType] := false
  bool canContain[rt=ReceptacleType, ot=ObjectType] := false
  bool objectType[o=Obj - Checkable, t=ObjectType] := false
  bool holds[a=Agent - Checkable, o=Obj - Checkable] := false
  bool holdsAny[a=Agent - Checkable] := false
  bool holdsAnyReceptacleObject[a=Agent - Checkable] := false
  bool full[r=Receptacle - Checkable] := false
  bool isClean[o=Obj - Checkable] := false
  bool cleanable[o=Obj - Checkable] := false
  bool isHot[o=Obj - Checkable] := false
  bool heatable[o=Obj - Checkable] := false
  bool isCool[o=Obj - Checkable] := false
  bool coolable[o=Obj - Checkable] := false
  bool pickupable[o=Obj - Checkable] := false
  bool moveable[o=Obj - Checkable] := false
  bool toggleable[o=Obj - Checkable] := false
  bool isOn[o=Obj - Checkable] := false
  bool isToggled[o=Obj - Checkable] := false
  bool sliceable[o=Obj - Checkable] := false
  bool isSliced[o=Obj - Checkable] := false
]

initial values = [
  receptacleType(drawer_1, drawerType) := true
  receptacleType(towelHolder_2, towelHolderType) := true
  receptacleType(toaster_3, toasterType) := true
  receptacleType(bed_4, bedType) := true
  receptacleType(toaster_5, toasterType) := true
  receptacleType(tvStand_6, tvStandType) := true
  receptacleType(toiletPaperHanger_7, toiletPaperHangerType) := true
  receptacleType(counterTop_8, counterTopType) := true
  receptacleType(tvStand_9, tvStandType) := true
  receptacleType(counterTop_10, counterTopType) := true
  objectType(kettle_1, kettleType) := true
  objectType(soapBottle_2, soapBottleType) := true
  objectType(knife_3, knifeType) := true
  objectType(mug_4, mugType) := true
  objectType(potato_5, potatoType) := true
  objectType(lettuce_6, lettuceType) := true
  objectType(ladle_7, ladleType) := true
  objectType(knife_8, knifeType) := true
  objectType(knife_9, knifeType) := true
  objectType(mug_10, mugType) := true
  canContain(drawerType, soapBottleType) := true
  canContain(drawerType, knifeType) := true
  canContain(drawerType, ladleType) := true
  canContain(counterTopType, kettleType) := true
  canContain(counterTopType, soapBottleType) := true
  canContain(counterTopType, knifeType) := true
  canContain(counterTopType, mugType) := true
  canContain(counterTopType, potatoType) := true
  canContain(counterTopType, lettuceType) := true
  canContain(counterTopType, ladleType) := true
  pickupable(kettle_1) := true
  cleanable(kettle_1) := true
  pickupable(soapBottle_2) := true
  pickupable(knife_3) := true
  cleanable(knife_3) := true
  pickupable(mug_4) := true
  isReceptacleObject(mug_4) := true
  cleanable(mug_4) := true
  heatable(mug_4) := true
  coolable(mug_4) := true
  pickupable(potato_5) := true
  cleanable(potato_5) := true
  heatable(potato_5) := true
  coolable(potato_5) := true
  sliceable(potato_5) := true
  pickupable(lettuce_6) := true
  cleanable(lettuce_6) := true
  coolable(lettuce_6) := true
  sliceable(lettuce_6) := true
  pickupable(ladle_7) := true
  cleanable(ladle_7) := true
  pickupable(knife_8) := true
  cleanable(knife_8) := true
  pickupable(knife_9) := true
  cleanable(knife_9) := true
  pickupable(mug_10) := true
  isReceptacleObject(mug_10) := true
  cleanable(mug_10) := true
  heatable(mug_10) := true
  coolable(mug_10) := true
  receptacleAtLocation(drawer_1, location3) := true
  receptacleAtLocation(towelHolder_2, location7) := true
  receptacleAtLocation(toaster_3, location4) := true
  receptacleAtLocation(bed_4, location3) := true
  receptacleAtLocation(toaster_5, location5) := true
  receptacleAtLocation(tvStand_6, location9) := true
  receptacleAtLocation(toiletPaperHanger_7, location3) := true
  receptacleAtLocation(counterTop_8, location4) := true
  receptacleAtLocation(tvStand_9, location7) := true
  receptacleAtLocation(counterTop_10, location4) := true
  inReceptacle(knife_3, counterTop_10) := true
  inReceptacle(lettuce_6, counterTop_10) := true
  inReceptacle(knife_9, counterTop_8) := true
  objectAtLocation(kettle_1, location10) := true
  objectAtLocation(soapBottle_2, location10) := true
  objectAtLocation(knife_3, location4) := true
  objectAtLocation(mug_4, location2) := true
  objectAtLocation(potato_5, location3) := true
  objectAtLocation(lettuce_6, location4) := true
  objectAtLocation(ladle_7, location7) := true
  objectAtLocation(knife_8, location3) := true
  objectAtLocation(knife_9, location4) := true
  objectAtLocation(mug_10, location9) := true
  atLocation(agent1, location1) := true
]

goals = [
  Exists (Receptacle - Checkable r) Exists (Obj - Checkable o) (inReceptacle(o, r) and objectType(o, knifeType) and receptacleType(r, drawerType))
]

quality metrics = [
  minimize sequential-plan-length
]


2025-06-17 10:23:50,598 - INFO - Generating plan for unconstrained problem

2025-06-17 10:23:50,984 - INFO - Unconstrained plan generation time: 0.3865077495574951

2025-06-17 10:23:50,984 - INFO - Unconstrained plan and cost: 
2025-06-17 10:23:50,985 - INFO - SequentialPlan:
    goToLocation(agent1, location1, location4)
    pickupObject(agent1, location4, knife_3, counterTop_10)
    goToLocation(agent1, location4, location3)
    putObject(agent1, location3, knife_3, drawer_1, knifeType, drawerType)
2025-06-17 10:23:50,985 - INFO - 4
2025-06-17 10:23:51,137 - INFO - Sampled constraints:

2025-06-17 10:23:51,137 - INFO - Sometime(checked(location10))
2025-06-17 10:23:51,137 - INFO - 
2025-06-17 10:23:51,137 - INFO - Generation time: 0.1523430347442627

2025-06-17 10:23:51,145 - INFO - Generating plan for constrained problem (with LiftedTCORE).

2025-06-17 10:23:51,178 - INFO - LiftedTCORE compilation time: 0.03335070610046387

2025-06-17 10:23:51,610 - INFO - Planning Time with LiftedTCORE's file: 0.4250974655151367

2025-06-17 10:23:51,610 - INFO - Plan found with LiftedTCORE + sym_bd: SequentialPlan:
    goToLocation(agent1, location1, location4)
    pickupObject(agent1, location4, knife_3, counterTop_10)
    goToLocation(agent1, location4, location10)
    look(agent1, location10)
    goToLocation(agent1, location10, location3)
    putObject(agent1, location3, knife_3, drawer_1, knifeType, drawerType)
2025-06-17 10:23:51,610 - INFO - Seed: 922 is solvable

2025-06-17 10:23:51,610 - INFO - Unconstrained cost: 4
2025-06-17 10:23:51,610 - INFO - Constrained cost: 6
2025-06-17 10:23:51,610 - INFO - Seed: 922 Plan simulation is feasible
2025-06-17 10:23:51,610 - INFO - 
Seed: 922 
 Plan: [goToLocation(agent1, location1, location4), pickupObject(agent1, location4, knife_3, counterTop_10), goToLocation(agent1, location4, location10), look(agent1, location10), goToLocation(agent1, location10, location3), putObject(agent1, location3, knife_3, drawer_1, knifeType, drawerType)]  
 Cost: 6

