2025-06-17 10:23:52,502 - INFO - 
================= Seed: 925 =================

2025-06-17 10:23:52,507 - INFO - problem name = alfred

types = [ReceptacleType, ObjectType, Checkable, Agent - Checkable, Location - Checkable, Receptacle - Checkable, Obj - Checkable]

fluents = [
  bool atLocation[a=Agent - Checkable, l=Location - Checkable]
  bool receptacleAtLocation[r=Receptacle - Checkable, l=Location - Checkable]
  bool objectAtLocation[o=Obj - Checkable, l=Location - Checkable]
  bool openable[r=Receptacle - Checkable]
  bool opened[r=Receptacle - Checkable]
  bool inReceptacle[o=Obj - Checkable, r=Receptacle - Checkable]
  bool isReceptacleObject[o=Obj - Checkable]
  bool inReceptacleObject[innerObject=Obj - Checkable, outObject=Obj - Checkable]
  bool isReceptacleObjectFull[o=Obj - Checkable]
  bool wasInReceptacle[o=Obj - Checkable, r=Receptacle - Checkable]
  bool checked[c=Checkable]
  bool examined[l=Location - Checkable]
  bool receptacleType[r=Receptacle - Checkable, rt=ReceptacleType]
  bool canContain[rt=ReceptacleType, ot=ObjectType]
  bool objectType[o=Obj - Checkable, t=ObjectType]
  bool holds[a=Agent - Checkable, o=Obj - Checkable]
  bool holdsAny[a=Agent - Checkable]
  bool holdsAnyReceptacleObject[a=Agent - Checkable]
  bool full[r=Receptacle - Checkable]
  bool isClean[o=Obj - Checkable]
  bool cleanable[o=Obj - Checkable]
  bool isHot[o=Obj - Checkable]
  bool heatable[o=Obj - Checkable]
  bool isCool[o=Obj - Checkable]
  bool coolable[o=Obj - Checkable]
  bool pickupable[o=Obj - Checkable]
  bool moveable[o=Obj - Checkable]
  bool toggleable[o=Obj - Checkable]
  bool isOn[o=Obj - Checkable]
  bool isToggled[o=Obj - Checkable]
  bool sliceable[o=Obj - Checkable]
  bool isSliced[o=Obj - Checkable]
]

actions = [
  action look(Agent - Checkable a, Location - Checkable l) {
    preconditions = [
      atLocation(a, l)
    ]
    effects = [
      checked(l) := true
    ]
  }
  action inventory(Agent - Checkable a) {
    preconditions = [
    ]
    effects = [
      checked(a) := true
    ]
  }
  action examineReceptacle(Agent - Checkable a, Receptacle - Checkable r) {
    preconditions = [
      Exists (Location - Checkable l) (atLocation(a, l) and receptacleAtLocation(r, l))
    ]
    effects = [
      checked(r) := true
    ]
  }
  action examineObject(Agent - Checkable a, Obj - Checkable o) {
    preconditions = [
      (Exists (Location - Checkable l) Exists (Receptacle - Checkable r) (atLocation(a, l) and receptacleAtLocation(r, l) and inReceptacle(o, r) and ((not openable(r)) or opened(r))) or holds(a, o))
    ]
    effects = [
      checked(o) := true
    ]
  }
  action goToLocation(Agent - Checkable a, Location - Checkable lstart, Location - Checkable lend) {
    preconditions = [
      atLocation(a, lstart)
    ]
    effects = [
      atLocation(a, lstart) := false
      atLocation(a, lend) := true
    ]
  }
  action openObject(Agent - Checkable a, Location - Checkable l, Receptacle - Checkable r) {
    preconditions = [
      (openable(r) and atLocation(a, l) and receptacleAtLocation(r, l) and (not opened(r)))
    ]
    effects = [
      opened(r) := true
      checked(r) := true
    ]
  }
  action closeObject(Agent - Checkable a, Location - Checkable l, Receptacle - Checkable r) {
    preconditions = [
      (openable(r) and atLocation(a, l) and receptacleAtLocation(r, l) and opened(r))
    ]
    effects = [
      opened(r) := false
    ]
  }
  action pickupObject(Agent - Checkable a, Location - Checkable l, Obj - Checkable o, Receptacle - Checkable r) {
    preconditions = [
      (pickupable(o) and atLocation(a, l) and receptacleAtLocation(r, l) and inReceptacle(o, r) and (not holdsAny(a)) and ((not openable(r)) or opened(r)))
    ]
    effects = [
      inReceptacle(o, r) := false
      holds(a, o) := true
      holdsAny(a) := true
      objectAtLocation(o, l) := false
    ]
  }
  action putObject(Agent - Checkable a, Location - Checkable l, Obj - Checkable o, Receptacle - Checkable r, ObjectType ot, ReceptacleType rt) {
    preconditions = [
      (holds(a, o) and atLocation(a, l) and receptacleAtLocation(r, l) and ((not openable(r)) or opened(r)) and objectType(o, ot) and receptacleType(r, rt) and canContain(rt, ot))
    ]
    effects = [
      inReceptacle(o, r) := true
      objectAtLocation(o, l) := true
      holds(a, o) := false
      holdsAny(a) := false
    ]
  }
  action cleanObject(Agent - Checkable a, Location - Checkable l, Receptacle - Checkable r, Obj - Checkable o) {
    preconditions = [
      (cleanable(o) and receptacleType(r, sinkBasinType) and atLocation(a, l) and receptacleAtLocation(r, l) and holds(a, o))
    ]
    effects = [
      isClean(o) := true
    ]
  }
  action heatObject(Agent - Checkable a, Location - Checkable l, Receptacle - Checkable r, Obj - Checkable o) {
    preconditions = [
      (heatable(o) and receptacleType(r, microwaveType) and atLocation(a, l) and receptacleAtLocation(r, l) and holds(a, o))
    ]
    effects = [
      isHot(o) := true
      isCool(o) := false
    ]
  }
  action coolObject(Agent - Checkable a, Location - Checkable l, Receptacle - Checkable r, Obj - Checkable o) {
    preconditions = [
      (coolable(o) and receptacleType(r, fridgeType) and atLocation(a, l) and receptacleAtLocation(r, l) and holds(a, o))
    ]
    effects = [
      isCool(o) := true
      isHot(o) := false
    ]
  }
  action toggleObject(Agent - Checkable a, Location - Checkable l, Obj - Checkable o, Receptacle - Checkable r) {
    preconditions = [
      (toggleable(o) and atLocation(a, l) and receptacleAtLocation(r, l) and inReceptacle(o, r))
    ]
    effects = [
      if isOn(o) then isOn(o) := false
      if (not isOn(o)) then isOn(o) := true
      isToggled(o) := true
    ]
  }
  action sliceObject(Agent - Checkable a, Location - Checkable l, Obj - Checkable co, Obj - Checkable ko) {
    preconditions = [
      (sliceable(co) and (objectType(ko, knifeType) or objectType(ko, butterKnifeType)) and atLocation(a, l) and objectAtLocation(co, l) and holds(a, ko))
    ]
    effects = [
      isSliced(co) := true
    ]
  }
  action help(Agent - Checkable a) {
    preconditions = [
    ]
    effects = [
      checked(a) := true
    ]
  }
]

objects = [
  ReceptacleType: [sinkBasinType, microwaveType, fridgeType, tvStandType, shelfType, drawerType, cartType, ottomanType, garbageCanType, dresserType, diningTableType, bedType]
  ObjectType: [knifeType, butterKnifeType, sprayBottleType, plateType, eggType, pillowType, baseballBatType, handTowelType, laptopType, dishSpongeType, bowlType]
  Checkable: [agent1, location1, location2, location3, location4, location5, location6, location7, location8, location9, location10, tvStand_1, shelf_2, drawer_3, cart_4, ottoman_5, garbageCan_6, dresser_7, diningTable_8, drawer_9, bed_10, sprayBottle_1, plate_2, egg_3, pillow_4, baseballBat_5, handTowel_6, plate_7, laptop_8, dishSponge_9, bowl_10]
  Agent - Checkable: [agent1]
  Location - Checkable: [location1, location2, location3, location4, location5, location6, location7, location8, location9, location10]
  Receptacle - Checkable: [tvStand_1, shelf_2, drawer_3, cart_4, ottoman_5, garbageCan_6, dresser_7, diningTable_8, drawer_9, bed_10]
  Obj - Checkable: [sprayBottle_1, plate_2, egg_3, pillow_4, baseballBat_5, handTowel_6, plate_7, laptop_8, dishSponge_9, bowl_10]
]

initial fluents default = [
  bool atLocation[a=Agent - Checkable, l=Location - Checkable] := false
  bool receptacleAtLocation[r=Receptacle - Checkable, l=Location - Checkable] := false
  bool objectAtLocation[o=Obj - Checkable, l=Location - Checkable] := false
  bool openable[r=Receptacle - Checkable] := false
  bool opened[r=Receptacle - Checkable] := false
  bool inReceptacle[o=Obj - Checkable, r=Receptacle - Checkable] := false
  bool isReceptacleObject[o=Obj - Checkable] := false
  bool inReceptacleObject[innerObject=Obj - Checkable, outObject=Obj - Checkable] := false
  bool isReceptacleObjectFull[o=Obj - Checkable] := false
  bool wasInReceptacle[o=Obj - Checkable, r=Receptacle - Checkable] := false
  bool checked[c=Checkable] := false
  bool examined[l=Location - Checkable] := false
  bool receptacleType[r=Receptacle - Checkable, rt=ReceptacleType] := false
  bool canContain[rt=ReceptacleType, ot=ObjectType] := false
  bool objectType[o=Obj - Checkable, t=ObjectType] := false
  bool holds[a=Agent - Checkable, o=Obj - Checkable] := false
  bool holdsAny[a=Agent - Checkable] := false
  bool holdsAnyReceptacleObject[a=Agent - Checkable] := false
  bool full[r=Receptacle - Checkable] := false
  bool isClean[o=Obj - Checkable] := false
  bool cleanable[o=Obj - Checkable] := false
  bool isHot[o=Obj - Checkable] := false
  bool heatable[o=Obj - Checkable] := false
  bool isCool[o=Obj - Checkable] := false
  bool coolable[o=Obj - Checkable] := false
  bool pickupable[o=Obj - Checkable] := false
  bool moveable[o=Obj - Checkable] := false
  bool toggleable[o=Obj - Checkable] := false
  bool isOn[o=Obj - Checkable] := false
  bool isToggled[o=Obj - Checkable] := false
  bool sliceable[o=Obj - Checkable] := false
  bool isSliced[o=Obj - Checkable] := false
]

initial values = [
  receptacleType(tvStand_1, tvStandType) := true
  receptacleType(shelf_2, shelfType) := true
  receptacleType(drawer_3, drawerType) := true
  receptacleType(cart_4, cartType) := true
  receptacleType(ottoman_5, ottomanType) := true
  receptacleType(garbageCan_6, garbageCanType) := true
  receptacleType(dresser_7, dresserType) := true
  receptacleType(diningTable_8, diningTableType) := true
  receptacleType(drawer_9, drawerType) := true
  receptacleType(bed_10, bedType) := true
  objectType(sprayBottle_1, sprayBottleType) := true
  objectType(plate_2, plateType) := true
  objectType(egg_3, eggType) := true
  objectType(pillow_4, pillowType) := true
  objectType(baseballBat_5, baseballBatType) := true
  objectType(handTowel_6, handTowelType) := true
  objectType(plate_7, plateType) := true
  objectType(laptop_8, laptopType) := true
  objectType(dishSponge_9, dishSpongeType) := true
  objectType(bowl_10, bowlType) := true
  canContain(shelfType, sprayBottleType) := true
  canContain(shelfType, plateType) := true
  canContain(shelfType, handTowelType) := true
  canContain(shelfType, dishSpongeType) := true
  canContain(shelfType, bowlType) := true
  canContain(drawerType, sprayBottleType) := true
  canContain(drawerType, handTowelType) := true
  canContain(drawerType, dishSpongeType) := true
  canContain(cartType, sprayBottleType) := true
  canContain(cartType, handTowelType) := true
  canContain(cartType, dishSpongeType) := true
  canContain(ottomanType, pillowType) := true
  canContain(ottomanType, laptopType) := true
  canContain(garbageCanType, sprayBottleType) := true
  canContain(garbageCanType, eggType) := true
  canContain(garbageCanType, handTowelType) := true
  canContain(garbageCanType, dishSpongeType) := true
  canContain(dresserType, sprayBottleType) := true
  canContain(dresserType, plateType) := true
  canContain(dresserType, laptopType) := true
  canContain(dresserType, bowlType) := true
  canContain(diningTableType, sprayBottleType) := true
  canContain(diningTableType, plateType) := true
  canContain(diningTableType, eggType) := true
  canContain(diningTableType, baseballBatType) := true
  canContain(diningTableType, handTowelType) := true
  canContain(diningTableType, laptopType) := true
  canContain(diningTableType, dishSpongeType) := true
  canContain(diningTableType, bowlType) := true
  canContain(bedType, pillowType) := true
  canContain(bedType, baseballBatType) := true
  canContain(bedType, laptopType) := true
  pickupable(sprayBottle_1) := true
  pickupable(plate_2) := true
  isReceptacleObject(plate_2) := true
  cleanable(plate_2) := true
  heatable(plate_2) := true
  coolable(plate_2) := true
  pickupable(egg_3) := true
  cleanable(egg_3) := true
  heatable(egg_3) := true
  coolable(egg_3) := true
  sliceable(egg_3) := true
  pickupable(pillow_4) := true
  pickupable(baseballBat_5) := true
  pickupable(handTowel_6) := true
  pickupable(plate_7) := true
  isReceptacleObject(plate_7) := true
  cleanable(plate_7) := true
  heatable(plate_7) := true
  coolable(plate_7) := true
  pickupable(laptop_8) := true
  pickupable(dishSponge_9) := true
  cleanable(dishSponge_9) := true
  pickupable(bowl_10) := true
  isReceptacleObject(bowl_10) := true
  cleanable(bowl_10) := true
  coolable(bowl_10) := true
  receptacleAtLocation(tvStand_1, location4) := true
  receptacleAtLocation(shelf_2, location2) := true
  receptacleAtLocation(drawer_3, location6) := true
  receptacleAtLocation(cart_4, location5) := true
  receptacleAtLocation(ottoman_5, location6) := true
  receptacleAtLocation(garbageCan_6, location1) := true
  receptacleAtLocation(dresser_7, location5) := true
  receptacleAtLocation(diningTable_8, location6) := true
  receptacleAtLocation(drawer_9, location10) := true
  receptacleAtLocation(bed_10, location7) := true
  inReceptacle(sprayBottle_1, dresser_7) := true
  inReceptacle(handTowel_6, shelf_2) := true
  inReceptacle(bowl_10, diningTable_8) := true
  objectAtLocation(sprayBottle_1, location5) := true
  objectAtLocation(plate_2, location4) := true
  objectAtLocation(egg_3, location3) := true
  objectAtLocation(pillow_4, location6) := true
  objectAtLocation(baseballBat_5, location4) := true
  objectAtLocation(handTowel_6, location2) := true
  objectAtLocation(plate_7, location6) := true
  objectAtLocation(laptop_8, location5) := true
  objectAtLocation(dishSponge_9, location4) := true
  objectAtLocation(bowl_10, location6) := true
  atLocation(agent1, location1) := true
]

goals = [
  Exists (Receptacle - Checkable r) Exists (Obj - Checkable o) (inReceptacle(o, r) and objectType(o, dishSpongeType) and receptacleType(r, drawerType))
]

quality metrics = [
  minimize sequential-plan-length
]


2025-06-17 10:23:52,509 - INFO - Generating plan for unconstrained problem

2025-06-17 10:23:52,849 - INFO - Unconstrained plan generation time: 0.3404977321624756

