2025-06-17 10:21:10,791 - INFO - 
================= Seed: 680 =================

2025-06-17 10:21:10,795 - INFO - problem name = alfred

types = [ReceptacleType, ObjectType, Checkable, Agent - Checkable, Location - Checkable, Receptacle - Checkable, Obj - Checkable]

fluents = [
  bool atLocation[a=Agent - Checkable, l=Location - Checkable]
  bool receptacleAtLocation[r=Receptacle - Checkable, l=Location - Checkable]
  bool objectAtLocation[o=Obj - Checkable, l=Location - Checkable]
  bool openable[r=Receptacle - Checkable]
  bool opened[r=Receptacle - Checkable]
  bool inReceptacle[o=Obj - Checkable, r=Receptacle - Checkable]
  bool isReceptacleObject[o=Obj - Checkable]
  bool inReceptacleObject[innerObject=Obj - Checkable, outObject=Obj - Checkable]
  bool isReceptacleObjectFull[o=Obj - Checkable]
  bool wasInReceptacle[o=Obj - Checkable, r=Receptacle - Checkable]
  bool checked[c=Checkable]
  bool examined[l=Location - Checkable]
  bool receptacleType[r=Receptacle - Checkable, rt=ReceptacleType]
  bool canContain[rt=ReceptacleType, ot=ObjectType]
  bool objectType[o=Obj - Checkable, t=ObjectType]
  bool holds[a=Agent - Checkable, o=Obj - Checkable]
  bool holdsAny[a=Agent - Checkable]
  bool holdsAnyReceptacleObject[a=Agent - Checkable]
  bool full[r=Receptacle - Checkable]
  bool isClean[o=Obj - Checkable]
  bool cleanable[o=Obj - Checkable]
  bool isHot[o=Obj - Checkable]
  bool heatable[o=Obj - Checkable]
  bool isCool[o=Obj - Checkable]
  bool coolable[o=Obj - Checkable]
  bool pickupable[o=Obj - Checkable]
  bool moveable[o=Obj - Checkable]
  bool toggleable[o=Obj - Checkable]
  bool isOn[o=Obj - Checkable]
  bool isToggled[o=Obj - Checkable]
  bool sliceable[o=Obj - Checkable]
  bool isSliced[o=Obj - Checkable]
]

actions = [
  action look(Agent - Checkable a, Location - Checkable l) {
    preconditions = [
      atLocation(a, l)
    ]
    effects = [
      checked(l) := true
    ]
  }
  action inventory(Agent - Checkable a) {
    preconditions = [
    ]
    effects = [
      checked(a) := true
    ]
  }
  action examineReceptacle(Agent - Checkable a, Receptacle - Checkable r) {
    preconditions = [
      Exists (Location - Checkable l) (atLocation(a, l) and receptacleAtLocation(r, l))
    ]
    effects = [
      checked(r) := true
    ]
  }
  action examineObject(Agent - Checkable a, Obj - Checkable o) {
    preconditions = [
      (Exists (Location - Checkable l) Exists (Receptacle - Checkable r) (atLocation(a, l) and receptacleAtLocation(r, l) and inReceptacle(o, r) and ((not openable(r)) or opened(r))) or holds(a, o))
    ]
    effects = [
      checked(o) := true
    ]
  }
  action goToLocation(Agent - Checkable a, Location - Checkable lstart, Location - Checkable lend) {
    preconditions = [
      atLocation(a, lstart)
    ]
    effects = [
      atLocation(a, lstart) := false
      atLocation(a, lend) := true
    ]
  }
  action openObject(Agent - Checkable a, Location - Checkable l, Receptacle - Checkable r) {
    preconditions = [
      (openable(r) and atLocation(a, l) and receptacleAtLocation(r, l) and (not opened(r)))
    ]
    effects = [
      opened(r) := true
      checked(r) := true
    ]
  }
  action closeObject(Agent - Checkable a, Location - Checkable l, Receptacle - Checkable r) {
    preconditions = [
      (openable(r) and atLocation(a, l) and receptacleAtLocation(r, l) and opened(r))
    ]
    effects = [
      opened(r) := false
    ]
  }
  action pickupObject(Agent - Checkable a, Location - Checkable l, Obj - Checkable o, Receptacle - Checkable r) {
    preconditions = [
      (pickupable(o) and atLocation(a, l) and receptacleAtLocation(r, l) and inReceptacle(o, r) and (not holdsAny(a)) and ((not openable(r)) or opened(r)))
    ]
    effects = [
      inReceptacle(o, r) := false
      holds(a, o) := true
      holdsAny(a) := true
      objectAtLocation(o, l) := false
    ]
  }
  action putObject(Agent - Checkable a, Location - Checkable l, Obj - Checkable o, Receptacle - Checkable r, ObjectType ot, ReceptacleType rt) {
    preconditions = [
      (holds(a, o) and atLocation(a, l) and receptacleAtLocation(r, l) and ((not openable(r)) or opened(r)) and objectType(o, ot) and receptacleType(r, rt) and canContain(rt, ot))
    ]
    effects = [
      inReceptacle(o, r) := true
      objectAtLocation(o, l) := true
      holds(a, o) := false
      holdsAny(a) := false
    ]
  }
  action cleanObject(Agent - Checkable a, Location - Checkable l, Receptacle - Checkable r, Obj - Checkable o) {
    preconditions = [
      (cleanable(o) and receptacleType(r, sinkBasinType) and atLocation(a, l) and receptacleAtLocation(r, l) and holds(a, o))
    ]
    effects = [
      isClean(o) := true
    ]
  }
  action heatObject(Agent - Checkable a, Location - Checkable l, Receptacle - Checkable r, Obj - Checkable o) {
    preconditions = [
      (heatable(o) and receptacleType(r, microwaveType) and atLocation(a, l) and receptacleAtLocation(r, l) and holds(a, o))
    ]
    effects = [
      isHot(o) := true
      isCool(o) := false
    ]
  }
  action coolObject(Agent - Checkable a, Location - Checkable l, Receptacle - Checkable r, Obj - Checkable o) {
    preconditions = [
      (coolable(o) and receptacleType(r, fridgeType) and atLocation(a, l) and receptacleAtLocation(r, l) and holds(a, o))
    ]
    effects = [
      isCool(o) := true
      isHot(o) := false
    ]
  }
  action toggleObject(Agent - Checkable a, Location - Checkable l, Obj - Checkable o, Receptacle - Checkable r) {
    preconditions = [
      (toggleable(o) and atLocation(a, l) and receptacleAtLocation(r, l) and inReceptacle(o, r))
    ]
    effects = [
      if isOn(o) then isOn(o) := false
      if (not isOn(o)) then isOn(o) := true
      isToggled(o) := true
    ]
  }
  action sliceObject(Agent - Checkable a, Location - Checkable l, Obj - Checkable co, Obj - Checkable ko) {
    preconditions = [
      (sliceable(co) and (objectType(ko, knifeType) or objectType(ko, butterKnifeType)) and atLocation(a, l) and objectAtLocation(co, l) and holds(a, ko))
    ]
    effects = [
      isSliced(co) := true
    ]
  }
  action help(Agent - Checkable a) {
    preconditions = [
    ]
    effects = [
      checked(a) := true
    ]
  }
]

objects = [
  ReceptacleType: [sinkBasinType, microwaveType, fridgeType, armChairType, toiletPaperHangerType, cartType, bathtubBasinType, cabinetType, deskType, bedType, towelHolderType]
  ObjectType: [knifeType, butterKnifeType, statueType, clothType, panType, vaseType, toiletPaperRollType, dishSpongeType, paperTowelType, glassbottleType, boxType]
  Checkable: [agent1, location1, location2, location3, location4, location5, location6, location7, location8, location9, location10, armChair_1, toiletPaperHanger_2, cart_3, bathtubBasin_4, cabinet_5, desk_6, desk_7, bed_8, towelHolder_9, bed_10, statue_1, cloth_2, pan_3, vase_4, toiletPaperRoll_5, dishSponge_6, paperTowel_7, vase_8, glassbottle_9, box_10]
  Agent - Checkable: [agent1]
  Location - Checkable: [location1, location2, location3, location4, location5, location6, location7, location8, location9, location10]
  Receptacle - Checkable: [armChair_1, toiletPaperHanger_2, cart_3, bathtubBasin_4, cabinet_5, desk_6, desk_7, bed_8, towelHolder_9, bed_10]
  Obj - Checkable: [statue_1, cloth_2, pan_3, vase_4, toiletPaperRoll_5, dishSponge_6, paperTowel_7, vase_8, glassbottle_9, box_10]
]

initial fluents default = [
  bool atLocation[a=Agent - Checkable, l=Location - Checkable] := false
  bool receptacleAtLocation[r=Receptacle - Checkable, l=Location - Checkable] := false
  bool objectAtLocation[o=Obj - Checkable, l=Location - Checkable] := false
  bool openable[r=Receptacle - Checkable] := false
  bool opened[r=Receptacle - Checkable] := false
  bool inReceptacle[o=Obj - Checkable, r=Receptacle - Checkable] := false
  bool isReceptacleObject[o=Obj - Checkable] := false
  bool inReceptacleObject[innerObject=Obj - Checkable, outObject=Obj - Checkable] := false
  bool isReceptacleObjectFull[o=Obj - Checkable] := false
  bool wasInReceptacle[o=Obj - Checkable, r=Receptacle - Checkable] := false
  bool checked[c=Checkable] := false
  bool examined[l=Location - Checkable] := false
  bool receptacleType[r=Receptacle - Checkable, rt=ReceptacleType] := false
  bool canContain[rt=ReceptacleType, ot=ObjectType] := false
  bool objectType[o=Obj - Checkable, t=ObjectType] := false
  bool holds[a=Agent - Checkable, o=Obj - Checkable] := false
  bool holdsAny[a=Agent - Checkable] := false
  bool holdsAnyReceptacleObject[a=Agent - Checkable] := false
  bool full[r=Receptacle - Checkable] := false
  bool isClean[o=Obj - Checkable] := false
  bool cleanable[o=Obj - Checkable] := false
  bool isHot[o=Obj - Checkable] := false
  bool heatable[o=Obj - Checkable] := false
  bool isCool[o=Obj - Checkable] := false
  bool coolable[o=Obj - Checkable] := false
  bool pickupable[o=Obj - Checkable] := false
  bool moveable[o=Obj - Checkable] := false
  bool toggleable[o=Obj - Checkable] := false
  bool isOn[o=Obj - Checkable] := false
  bool isToggled[o=Obj - Checkable] := false
  bool sliceable[o=Obj - Checkable] := false
  bool isSliced[o=Obj - Checkable] := false
]

initial values = [
  receptacleType(armChair_1, armChairType) := true
  receptacleType(toiletPaperHanger_2, toiletPaperHangerType) := true
  receptacleType(cart_3, cartType) := true
  receptacleType(bathtubBasin_4, bathtubBasinType) := true
  receptacleType(cabinet_5, cabinetType) := true
  receptacleType(desk_6, deskType) := true
  receptacleType(desk_7, deskType) := true
  receptacleType(bed_8, bedType) := true
  receptacleType(towelHolder_9, towelHolderType) := true
  receptacleType(bed_10, bedType) := true
  objectType(statue_1, statueType) := true
  objectType(cloth_2, clothType) := true
  objectType(pan_3, panType) := true
  objectType(vase_4, vaseType) := true
  objectType(toiletPaperRoll_5, toiletPaperRollType) := true
  objectType(dishSponge_6, dishSpongeType) := true
  objectType(paperTowel_7, paperTowelType) := true
  objectType(vase_8, vaseType) := true
  objectType(glassbottle_9, glassbottleType) := true
  objectType(box_10, boxType) := true
  canContain(armChairType, clothType) := true
  canContain(armChairType, boxType) := true
  canContain(toiletPaperHangerType, toiletPaperRollType) := true
  canContain(cartType, statueType) := true
  canContain(cartType, clothType) := true
  canContain(cartType, vaseType) := true
  canContain(cartType, toiletPaperRollType) := true
  canContain(cartType, dishSpongeType) := true
  canContain(cartType, paperTowelType) := true
  canContain(bathtubBasinType, clothType) := true
  canContain(bathtubBasinType, dishSpongeType) := true
  canContain(cabinetType, clothType) := true
  canContain(cabinetType, panType) := true
  canContain(cabinetType, vaseType) := true
  canContain(cabinetType, toiletPaperRollType) := true
  canContain(cabinetType, dishSpongeType) := true
  canContain(cabinetType, glassbottleType) := true
  canContain(cabinetType, boxType) := true
  canContain(deskType, statueType) := true
  canContain(deskType, clothType) := true
  canContain(deskType, vaseType) := true
  canContain(deskType, toiletPaperRollType) := true
  canContain(deskType, glassbottleType) := true
  canContain(deskType, boxType) := true
  pickupable(statue_1) := true
  pickupable(cloth_2) := true
  cleanable(cloth_2) := true
  pickupable(pan_3) := true
  isReceptacleObject(pan_3) := true
  cleanable(pan_3) := true
  coolable(pan_3) := true
  pickupable(vase_4) := true
  pickupable(toiletPaperRoll_5) := true
  pickupable(dishSponge_6) := true
  cleanable(dishSponge_6) := true
  pickupable(paperTowel_7) := true
  pickupable(vase_8) := true
  pickupable(glassbottle_9) := true
  pickupable(box_10) := true
  isReceptacleObject(box_10) := true
  receptacleAtLocation(armChair_1, location2) := true
  receptacleAtLocation(toiletPaperHanger_2, location9) := true
  receptacleAtLocation(cart_3, location2) := true
  receptacleAtLocation(bathtubBasin_4, location6) := true
  receptacleAtLocation(cabinet_5, location7) := true
  receptacleAtLocation(desk_6, location10) := true
  receptacleAtLocation(desk_7, location10) := true
  receptacleAtLocation(bed_8, location10) := true
  receptacleAtLocation(towelHolder_9, location2) := true
  receptacleAtLocation(bed_10, location4) := true
  inReceptacle(cloth_2, desk_6) := true
  inReceptacle(dishSponge_6, cabinet_5) := true
  inReceptacle(box_10, armChair_1) := true
  objectAtLocation(statue_1, location8) := true
  objectAtLocation(cloth_2, location10) := true
  objectAtLocation(pan_3, location6) := true
  objectAtLocation(vase_4, location1) := true
  objectAtLocation(toiletPaperRoll_5, location5) := true
  objectAtLocation(dishSponge_6, location7) := true
  objectAtLocation(paperTowel_7, location6) := true
  objectAtLocation(vase_8, location6) := true
  objectAtLocation(glassbottle_9, location1) := true
  objectAtLocation(box_10, location2) := true
  atLocation(agent1, location3) := true
]

goals = [
  Exists (Receptacle - Checkable r) Exists (Obj - Checkable o) (inReceptacle(o, r) and objectType(o, clothType) and receptacleType(r, cartType))
]

quality metrics = [
  minimize sequential-plan-length
]


2025-06-17 10:21:10,797 - INFO - Generating plan for unconstrained problem

2025-06-17 10:21:11,208 - INFO - Unconstrained plan generation time: 0.4105494022369385

2025-06-17 10:21:11,208 - INFO - Unconstrained plan and cost: 
2025-06-17 10:21:11,208 - INFO - SequentialPlan:
    goToLocation(agent1, location3, location10)
    pickupObject(agent1, location10, cloth_2, desk_6)
    goToLocation(agent1, location10, location2)
    putObject(agent1, location2, cloth_2, cart_3, clothType, cartType)
2025-06-17 10:21:11,208 - INFO - 4
2025-06-17 10:21:12,393 - INFO - Sampled constraints:

2025-06-17 10:21:12,393 - INFO - Sometime(atLocation(agent1, location2))
2025-06-17 10:21:12,393 - INFO - Sometime-Before(atLocation(agent1, location2), atLocation(agent1, location8))
2025-06-17 10:21:12,393 - INFO - 
2025-06-17 10:21:12,393 - INFO - Generation time: 1.1849052906036377

2025-06-17 10:21:12,400 - INFO - Generating plan for constrained problem (with LiftedTCORE).

2025-06-17 10:21:12,447 - INFO - LiftedTCORE compilation time: 0.046906471252441406

2025-06-17 10:21:12,827 - INFO - Planning Time with LiftedTCORE's file: 0.37253665924072266

2025-06-17 10:21:12,828 - INFO - Plan found with LiftedTCORE + sym_bd: SequentialPlan:
    goToLocation(agent1, location3, location10)
    pickupObject(agent1, location10, cloth_2, desk_6)
    goToLocation(agent1, location10, location8)
    goToLocation(agent1, location8, location2)
    putObject(agent1, location2, cloth_2, cart_3, clothType, cartType)
2025-06-17 10:21:12,828 - INFO - Seed: 680 is solvable

2025-06-17 10:21:12,828 - INFO - Unconstrained cost: 4
2025-06-17 10:21:12,828 - INFO - Constrained cost: 5
2025-06-17 10:21:12,828 - INFO - Seed: 680 Plan simulation is feasible
2025-06-17 10:21:12,828 - INFO - 
Seed: 680 
 Plan: [goToLocation(agent1, location3, location10), pickupObject(agent1, location10, cloth_2, desk_6), goToLocation(agent1, location10, location8), goToLocation(agent1, location8, location2), putObject(agent1, location2, cloth_2, cart_3, clothType, cartType)]  
 Cost: 5

