2025-06-17 09:55:52,066 - INFO - 
================= Seed: 463 =================

2025-06-17 09:55:52,071 - INFO - problem name = alfred

types = [ReceptacleType, ObjectType, Checkable, Agent - Checkable, Location - Checkable, Receptacle - Checkable, Obj - Checkable]

fluents = [
  bool atLocation[a=Agent - Checkable, l=Location - Checkable]
  bool receptacleAtLocation[r=Receptacle - Checkable, l=Location - Checkable]
  bool objectAtLocation[o=Obj - Checkable, l=Location - Checkable]
  bool openable[r=Receptacle - Checkable]
  bool opened[r=Receptacle - Checkable]
  bool inReceptacle[o=Obj - Checkable, r=Receptacle - Checkable]
  bool isReceptacleObject[o=Obj - Checkable]
  bool inReceptacleObject[innerObject=Obj - Checkable, outObject=Obj - Checkable]
  bool isReceptacleObjectFull[o=Obj - Checkable]
  bool wasInReceptacle[o=Obj - Checkable, r=Receptacle - Checkable]
  bool checked[c=Checkable]
  bool examined[l=Location - Checkable]
  bool receptacleType[r=Receptacle - Checkable, rt=ReceptacleType]
  bool canContain[rt=ReceptacleType, ot=ObjectType]
  bool objectType[o=Obj - Checkable, t=ObjectType]
  bool holds[a=Agent - Checkable, o=Obj - Checkable]
  bool holdsAny[a=Agent - Checkable]
  bool holdsAnyReceptacleObject[a=Agent - Checkable]
  bool full[r=Receptacle - Checkable]
  bool isClean[o=Obj - Checkable]
  bool cleanable[o=Obj - Checkable]
  bool isHot[o=Obj - Checkable]
  bool heatable[o=Obj - Checkable]
  bool isCool[o=Obj - Checkable]
  bool coolable[o=Obj - Checkable]
  bool pickupable[o=Obj - Checkable]
  bool moveable[o=Obj - Checkable]
  bool toggleable[o=Obj - Checkable]
  bool isOn[o=Obj - Checkable]
  bool isToggled[o=Obj - Checkable]
  bool sliceable[o=Obj - Checkable]
  bool isSliced[o=Obj - Checkable]
]

actions = [
  action look(Agent - Checkable a, Location - Checkable l) {
    preconditions = [
      atLocation(a, l)
    ]
    effects = [
      checked(l) := true
    ]
  }
  action inventory(Agent - Checkable a) {
    preconditions = [
    ]
    effects = [
      checked(a) := true
    ]
  }
  action examineReceptacle(Agent - Checkable a, Receptacle - Checkable r) {
    preconditions = [
      Exists (Location - Checkable l) (atLocation(a, l) and receptacleAtLocation(r, l))
    ]
    effects = [
      checked(r) := true
    ]
  }
  action examineObject(Agent - Checkable a, Obj - Checkable o) {
    preconditions = [
      (Exists (Location - Checkable l) Exists (Receptacle - Checkable r) (atLocation(a, l) and receptacleAtLocation(r, l) and inReceptacle(o, r) and ((not openable(r)) or opened(r))) or holds(a, o))
    ]
    effects = [
      checked(o) := true
    ]
  }
  action goToLocation(Agent - Checkable a, Location - Checkable lstart, Location - Checkable lend) {
    preconditions = [
      atLocation(a, lstart)
    ]
    effects = [
      atLocation(a, lstart) := false
      atLocation(a, lend) := true
    ]
  }
  action openObject(Agent - Checkable a, Location - Checkable l, Receptacle - Checkable r) {
    preconditions = [
      (openable(r) and atLocation(a, l) and receptacleAtLocation(r, l) and (not opened(r)))
    ]
    effects = [
      opened(r) := true
      checked(r) := true
    ]
  }
  action closeObject(Agent - Checkable a, Location - Checkable l, Receptacle - Checkable r) {
    preconditions = [
      (openable(r) and atLocation(a, l) and receptacleAtLocation(r, l) and opened(r))
    ]
    effects = [
      opened(r) := false
    ]
  }
  action pickupObject(Agent - Checkable a, Location - Checkable l, Obj - Checkable o, Receptacle - Checkable r) {
    preconditions = [
      (pickupable(o) and atLocation(a, l) and receptacleAtLocation(r, l) and inReceptacle(o, r) and (not holdsAny(a)) and ((not openable(r)) or opened(r)))
    ]
    effects = [
      inReceptacle(o, r) := false
      holds(a, o) := true
      holdsAny(a) := true
      objectAtLocation(o, l) := false
    ]
  }
  action putObject(Agent - Checkable a, Location - Checkable l, Obj - Checkable o, Receptacle - Checkable r, ObjectType ot, ReceptacleType rt) {
    preconditions = [
      (holds(a, o) and atLocation(a, l) and receptacleAtLocation(r, l) and ((not openable(r)) or opened(r)) and objectType(o, ot) and receptacleType(r, rt) and canContain(rt, ot))
    ]
    effects = [
      inReceptacle(o, r) := true
      objectAtLocation(o, l) := true
      holds(a, o) := false
      holdsAny(a) := false
    ]
  }
  action cleanObject(Agent - Checkable a, Location - Checkable l, Receptacle - Checkable r, Obj - Checkable o) {
    preconditions = [
      (cleanable(o) and receptacleType(r, sinkBasinType) and atLocation(a, l) and receptacleAtLocation(r, l) and holds(a, o))
    ]
    effects = [
      isClean(o) := true
    ]
  }
  action heatObject(Agent - Checkable a, Location - Checkable l, Receptacle - Checkable r, Obj - Checkable o) {
    preconditions = [
      (heatable(o) and receptacleType(r, microwaveType) and atLocation(a, l) and receptacleAtLocation(r, l) and holds(a, o))
    ]
    effects = [
      isHot(o) := true
      isCool(o) := false
    ]
  }
  action coolObject(Agent - Checkable a, Location - Checkable l, Receptacle - Checkable r, Obj - Checkable o) {
    preconditions = [
      (coolable(o) and receptacleType(r, fridgeType) and atLocation(a, l) and receptacleAtLocation(r, l) and holds(a, o))
    ]
    effects = [
      isCool(o) := true
      isHot(o) := false
    ]
  }
  action toggleObject(Agent - Checkable a, Location - Checkable l, Obj - Checkable o, Receptacle - Checkable r) {
    preconditions = [
      (toggleable(o) and atLocation(a, l) and receptacleAtLocation(r, l) and inReceptacle(o, r))
    ]
    effects = [
      if isOn(o) then isOn(o) := false
      if (not isOn(o)) then isOn(o) := true
      isToggled(o) := true
    ]
  }
  action sliceObject(Agent - Checkable a, Location - Checkable l, Obj - Checkable co, Obj - Checkable ko) {
    preconditions = [
      (sliceable(co) and (objectType(ko, knifeType) or objectType(ko, butterKnifeType)) and atLocation(a, l) and objectAtLocation(co, l) and holds(a, ko))
    ]
    effects = [
      isSliced(co) := true
    ]
  }
  action help(Agent - Checkable a) {
    preconditions = [
    ]
    effects = [
      checked(a) := true
    ]
  }
]

objects = [
  ReceptacleType: [sinkBasinType, microwaveType, fridgeType, counterTopType, deskType, toiletPaperHangerType, safeType, tvStandType, laundryHamperType, shelfType, bedType, cartType]
  ObjectType: [knifeType, butterKnifeType, vaseType, kettleType, creditCardType, spoonType, soapBottleType, eggType, spatulaType, candleType, boxType]
  Checkable: [agent1, location1, location2, location3, location4, location5, location6, location7, location8, location9, location10, counterTop_1, desk_2, toiletPaperHanger_3, safe_4, tvStand_5, laundryHamper_6, shelf_7, bed_8, cart_9, counterTop_10, vase_1, kettle_2, creditCard_3, spoon_4, vase_5, soapBottle_6, egg_7, spatula_8, candle_9, box_10]
  Agent - Checkable: [agent1]
  Location - Checkable: [location1, location2, location3, location4, location5, location6, location7, location8, location9, location10]
  Receptacle - Checkable: [counterTop_1, desk_2, toiletPaperHanger_3, safe_4, tvStand_5, laundryHamper_6, shelf_7, bed_8, cart_9, counterTop_10]
  Obj - Checkable: [vase_1, kettle_2, creditCard_3, spoon_4, vase_5, soapBottle_6, egg_7, spatula_8, candle_9, box_10]
]

initial fluents default = [
  bool atLocation[a=Agent - Checkable, l=Location - Checkable] := false
  bool receptacleAtLocation[r=Receptacle - Checkable, l=Location - Checkable] := false
  bool objectAtLocation[o=Obj - Checkable, l=Location - Checkable] := false
  bool openable[r=Receptacle - Checkable] := false
  bool opened[r=Receptacle - Checkable] := false
  bool inReceptacle[o=Obj - Checkable, r=Receptacle - Checkable] := false
  bool isReceptacleObject[o=Obj - Checkable] := false
  bool inReceptacleObject[innerObject=Obj - Checkable, outObject=Obj - Checkable] := false
  bool isReceptacleObjectFull[o=Obj - Checkable] := false
  bool wasInReceptacle[o=Obj - Checkable, r=Receptacle - Checkable] := false
  bool checked[c=Checkable] := false
  bool examined[l=Location - Checkable] := false
  bool receptacleType[r=Receptacle - Checkable, rt=ReceptacleType] := false
  bool canContain[rt=ReceptacleType, ot=ObjectType] := false
  bool objectType[o=Obj - Checkable, t=ObjectType] := false
  bool holds[a=Agent - Checkable, o=Obj - Checkable] := false
  bool holdsAny[a=Agent - Checkable] := false
  bool holdsAnyReceptacleObject[a=Agent - Checkable] := false
  bool full[r=Receptacle - Checkable] := false
  bool isClean[o=Obj - Checkable] := false
  bool cleanable[o=Obj - Checkable] := false
  bool isHot[o=Obj - Checkable] := false
  bool heatable[o=Obj - Checkable] := false
  bool isCool[o=Obj - Checkable] := false
  bool coolable[o=Obj - Checkable] := false
  bool pickupable[o=Obj - Checkable] := false
  bool moveable[o=Obj - Checkable] := false
  bool toggleable[o=Obj - Checkable] := false
  bool isOn[o=Obj - Checkable] := false
  bool isToggled[o=Obj - Checkable] := false
  bool sliceable[o=Obj - Checkable] := false
  bool isSliced[o=Obj - Checkable] := false
]

initial values = [
  receptacleType(counterTop_1, counterTopType) := true
  receptacleType(desk_2, deskType) := true
  receptacleType(toiletPaperHanger_3, toiletPaperHangerType) := true
  receptacleType(safe_4, safeType) := true
  receptacleType(tvStand_5, tvStandType) := true
  receptacleType(laundryHamper_6, laundryHamperType) := true
  receptacleType(shelf_7, shelfType) := true
  receptacleType(bed_8, bedType) := true
  receptacleType(cart_9, cartType) := true
  receptacleType(counterTop_10, counterTopType) := true
  objectType(vase_1, vaseType) := true
  objectType(kettle_2, kettleType) := true
  objectType(creditCard_3, creditCardType) := true
  objectType(spoon_4, spoonType) := true
  objectType(vase_5, vaseType) := true
  objectType(soapBottle_6, soapBottleType) := true
  objectType(egg_7, eggType) := true
  objectType(spatula_8, spatulaType) := true
  objectType(candle_9, candleType) := true
  objectType(box_10, boxType) := true
  canContain(counterTopType, vaseType) := true
  canContain(counterTopType, kettleType) := true
  canContain(counterTopType, creditCardType) := true
  canContain(counterTopType, spoonType) := true
  canContain(counterTopType, soapBottleType) := true
  canContain(counterTopType, eggType) := true
  canContain(counterTopType, spatulaType) := true
  canContain(counterTopType, candleType) := true
  canContain(counterTopType, boxType) := true
  canContain(deskType, vaseType) := true
  canContain(deskType, creditCardType) := true
  canContain(deskType, soapBottleType) := true
  canContain(deskType, candleType) := true
  canContain(deskType, boxType) := true
  canContain(safeType, vaseType) := true
  canContain(safeType, creditCardType) := true
  canContain(shelfType, vaseType) := true
  canContain(shelfType, kettleType) := true
  canContain(shelfType, creditCardType) := true
  canContain(shelfType, soapBottleType) := true
  canContain(shelfType, candleType) := true
  canContain(shelfType, boxType) := true
  canContain(cartType, vaseType) := true
  canContain(cartType, soapBottleType) := true
  canContain(cartType, candleType) := true
  pickupable(vase_1) := true
  pickupable(kettle_2) := true
  cleanable(kettle_2) := true
  pickupable(creditCard_3) := true
  pickupable(spoon_4) := true
  cleanable(spoon_4) := true
  pickupable(vase_5) := true
  pickupable(soapBottle_6) := true
  pickupable(egg_7) := true
  cleanable(egg_7) := true
  heatable(egg_7) := true
  coolable(egg_7) := true
  sliceable(egg_7) := true
  pickupable(spatula_8) := true
  cleanable(spatula_8) := true
  pickupable(candle_9) := true
  pickupable(box_10) := true
  isReceptacleObject(box_10) := true
  receptacleAtLocation(counterTop_1, location4) := true
  receptacleAtLocation(desk_2, location7) := true
  receptacleAtLocation(toiletPaperHanger_3, location1) := true
  receptacleAtLocation(safe_4, location7) := true
  receptacleAtLocation(tvStand_5, location10) := true
  receptacleAtLocation(laundryHamper_6, location4) := true
  receptacleAtLocation(shelf_7, location8) := true
  receptacleAtLocation(bed_8, location5) := true
  receptacleAtLocation(cart_9, location4) := true
  receptacleAtLocation(counterTop_10, location6) := true
  inReceptacle(vase_1, cart_9) := true
  inReceptacle(creditCard_3, counterTop_10) := true
  inReceptacle(egg_7, counterTop_10) := true
  inReceptacle(box_10, desk_2) := true
  objectAtLocation(vase_1, location4) := true
  objectAtLocation(kettle_2, location6) := true
  objectAtLocation(creditCard_3, location6) := true
  objectAtLocation(spoon_4, location2) := true
  objectAtLocation(vase_5, location10) := true
  objectAtLocation(soapBottle_6, location2) := true
  objectAtLocation(egg_7, location6) := true
  objectAtLocation(spatula_8, location10) := true
  objectAtLocation(candle_9, location8) := true
  objectAtLocation(box_10, location7) := true
  atLocation(agent1, location1) := true
]

goals = [
  Exists (Receptacle - Checkable r) Exists (Obj - Checkable o) (inReceptacle(o, r) and objectType(o, creditCardType) and receptacleType(r, deskType))
]

quality metrics = [
  minimize sequential-plan-length
]


2025-06-17 09:55:52,073 - INFO - Generating plan for unconstrained problem

2025-06-17 09:55:52,507 - INFO - Unconstrained plan generation time: 0.43376898765563965

2025-06-17 09:55:52,507 - INFO - Unconstrained plan and cost: 
2025-06-17 09:55:52,507 - INFO - SequentialPlan:
    goToLocation(agent1, location1, location6)
    pickupObject(agent1, location6, creditCard_3, counterTop_10)
    goToLocation(agent1, location6, location7)
    putObject(agent1, location7, creditCard_3, desk_2, creditCardType, deskType)
2025-06-17 09:55:52,507 - INFO - 4
2025-06-17 09:55:52,686 - INFO - Sampled constraints:

2025-06-17 09:55:52,686 - INFO - Sometime(atLocation(agent1, location9))
2025-06-17 09:55:52,686 - INFO - 
2025-06-17 09:55:52,686 - INFO - Generation time: 0.17841839790344238

2025-06-17 09:55:52,695 - INFO - Generating plan for constrained problem (with LiftedTCORE).

2025-06-17 09:55:52,735 - INFO - LiftedTCORE compilation time: 0.039999961853027344

2025-06-17 09:55:53,215 - INFO - Planning Time with LiftedTCORE's file: 0.47142505645751953

2025-06-17 09:55:53,215 - INFO - Plan found with LiftedTCORE + sym_bd: SequentialPlan:
    goToLocation(agent1, location1, location6)
    pickupObject(agent1, location6, creditCard_3, counterTop_10)
    goToLocation(agent1, location6, location7)
    putObject(agent1, location7, creditCard_3, desk_2, creditCardType, deskType)
    goToLocation(agent1, location7, location9)
2025-06-17 09:55:53,216 - INFO - Seed: 463 is solvable

2025-06-17 09:55:53,216 - INFO - Unconstrained cost: 4
2025-06-17 09:55:53,216 - INFO - Constrained cost: 5
2025-06-17 09:55:53,216 - INFO - Seed: 463 Plan simulation is feasible
2025-06-17 09:55:53,216 - INFO - 
Seed: 463 
 Plan: [goToLocation(agent1, location1, location6), pickupObject(agent1, location6, creditCard_3, counterTop_10), goToLocation(agent1, location6, location7), putObject(agent1, location7, creditCard_3, desk_2, creditCardType, deskType), goToLocation(agent1, location7, location9)]  
 Cost: 5

