2025-06-17 10:21:28,713 - INFO - 
================= Seed: 705 =================

2025-06-17 10:21:28,718 - INFO - problem name = alfred

types = [ReceptacleType, ObjectType, Checkable, Agent - Checkable, Location - Checkable, Receptacle - Checkable, Obj - Checkable]

fluents = [
  bool atLocation[a=Agent - Checkable, l=Location - Checkable]
  bool receptacleAtLocation[r=Receptacle - Checkable, l=Location - Checkable]
  bool objectAtLocation[o=Obj - Checkable, l=Location - Checkable]
  bool openable[r=Receptacle - Checkable]
  bool opened[r=Receptacle - Checkable]
  bool inReceptacle[o=Obj - Checkable, r=Receptacle - Checkable]
  bool isReceptacleObject[o=Obj - Checkable]
  bool inReceptacleObject[innerObject=Obj - Checkable, outObject=Obj - Checkable]
  bool isReceptacleObjectFull[o=Obj - Checkable]
  bool wasInReceptacle[o=Obj - Checkable, r=Receptacle - Checkable]
  bool checked[c=Checkable]
  bool examined[l=Location - Checkable]
  bool receptacleType[r=Receptacle - Checkable, rt=ReceptacleType]
  bool canContain[rt=ReceptacleType, ot=ObjectType]
  bool objectType[o=Obj - Checkable, t=ObjectType]
  bool holds[a=Agent - Checkable, o=Obj - Checkable]
  bool holdsAny[a=Agent - Checkable]
  bool holdsAnyReceptacleObject[a=Agent - Checkable]
  bool full[r=Receptacle - Checkable]
  bool isClean[o=Obj - Checkable]
  bool cleanable[o=Obj - Checkable]
  bool isHot[o=Obj - Checkable]
  bool heatable[o=Obj - Checkable]
  bool isCool[o=Obj - Checkable]
  bool coolable[o=Obj - Checkable]
  bool pickupable[o=Obj - Checkable]
  bool moveable[o=Obj - Checkable]
  bool toggleable[o=Obj - Checkable]
  bool isOn[o=Obj - Checkable]
  bool isToggled[o=Obj - Checkable]
  bool sliceable[o=Obj - Checkable]
  bool isSliced[o=Obj - Checkable]
]

actions = [
  action look(Agent - Checkable a, Location - Checkable l) {
    preconditions = [
      atLocation(a, l)
    ]
    effects = [
      checked(l) := true
    ]
  }
  action inventory(Agent - Checkable a) {
    preconditions = [
    ]
    effects = [
      checked(a) := true
    ]
  }
  action examineReceptacle(Agent - Checkable a, Receptacle - Checkable r) {
    preconditions = [
      Exists (Location - Checkable l) (atLocation(a, l) and receptacleAtLocation(r, l))
    ]
    effects = [
      checked(r) := true
    ]
  }
  action examineObject(Agent - Checkable a, Obj - Checkable o) {
    preconditions = [
      (Exists (Location - Checkable l) Exists (Receptacle - Checkable r) (atLocation(a, l) and receptacleAtLocation(r, l) and inReceptacle(o, r) and ((not openable(r)) or opened(r))) or holds(a, o))
    ]
    effects = [
      checked(o) := true
    ]
  }
  action goToLocation(Agent - Checkable a, Location - Checkable lstart, Location - Checkable lend) {
    preconditions = [
      atLocation(a, lstart)
    ]
    effects = [
      atLocation(a, lstart) := false
      atLocation(a, lend) := true
    ]
  }
  action openObject(Agent - Checkable a, Location - Checkable l, Receptacle - Checkable r) {
    preconditions = [
      (openable(r) and atLocation(a, l) and receptacleAtLocation(r, l) and (not opened(r)))
    ]
    effects = [
      opened(r) := true
      checked(r) := true
    ]
  }
  action closeObject(Agent - Checkable a, Location - Checkable l, Receptacle - Checkable r) {
    preconditions = [
      (openable(r) and atLocation(a, l) and receptacleAtLocation(r, l) and opened(r))
    ]
    effects = [
      opened(r) := false
    ]
  }
  action pickupObject(Agent - Checkable a, Location - Checkable l, Obj - Checkable o, Receptacle - Checkable r) {
    preconditions = [
      (pickupable(o) and atLocation(a, l) and receptacleAtLocation(r, l) and inReceptacle(o, r) and (not holdsAny(a)) and ((not openable(r)) or opened(r)))
    ]
    effects = [
      inReceptacle(o, r) := false
      holds(a, o) := true
      holdsAny(a) := true
      objectAtLocation(o, l) := false
    ]
  }
  action putObject(Agent - Checkable a, Location - Checkable l, Obj - Checkable o, Receptacle - Checkable r, ObjectType ot, ReceptacleType rt) {
    preconditions = [
      (holds(a, o) and atLocation(a, l) and receptacleAtLocation(r, l) and ((not openable(r)) or opened(r)) and objectType(o, ot) and receptacleType(r, rt) and canContain(rt, ot))
    ]
    effects = [
      inReceptacle(o, r) := true
      objectAtLocation(o, l) := true
      holds(a, o) := false
      holdsAny(a) := false
    ]
  }
  action cleanObject(Agent - Checkable a, Location - Checkable l, Receptacle - Checkable r, Obj - Checkable o) {
    preconditions = [
      (cleanable(o) and receptacleType(r, sinkBasinType) and atLocation(a, l) and receptacleAtLocation(r, l) and holds(a, o))
    ]
    effects = [
      isClean(o) := true
    ]
  }
  action heatObject(Agent - Checkable a, Location - Checkable l, Receptacle - Checkable r, Obj - Checkable o) {
    preconditions = [
      (heatable(o) and receptacleType(r, microwaveType) and atLocation(a, l) and receptacleAtLocation(r, l) and holds(a, o))
    ]
    effects = [
      isHot(o) := true
      isCool(o) := false
    ]
  }
  action coolObject(Agent - Checkable a, Location - Checkable l, Receptacle - Checkable r, Obj - Checkable o) {
    preconditions = [
      (coolable(o) and receptacleType(r, fridgeType) and atLocation(a, l) and receptacleAtLocation(r, l) and holds(a, o))
    ]
    effects = [
      isCool(o) := true
      isHot(o) := false
    ]
  }
  action toggleObject(Agent - Checkable a, Location - Checkable l, Obj - Checkable o, Receptacle - Checkable r) {
    preconditions = [
      (toggleable(o) and atLocation(a, l) and receptacleAtLocation(r, l) and inReceptacle(o, r))
    ]
    effects = [
      if isOn(o) then isOn(o) := false
      if (not isOn(o)) then isOn(o) := true
      isToggled(o) := true
    ]
  }
  action sliceObject(Agent - Checkable a, Location - Checkable l, Obj - Checkable co, Obj - Checkable ko) {
    preconditions = [
      (sliceable(co) and (objectType(ko, knifeType) or objectType(ko, butterKnifeType)) and atLocation(a, l) and objectAtLocation(co, l) and holds(a, ko))
    ]
    effects = [
      isSliced(co) := true
    ]
  }
  action help(Agent - Checkable a) {
    preconditions = [
    ]
    effects = [
      checked(a) := true
    ]
  }
]

objects = [
  ReceptacleType: [sinkBasinType, microwaveType, fridgeType, laundryHamperType, garbageCanType, bathtubBasinType, handTowelHolderType, sofaType, coffeeTableType, toiletPaperHangerType]
  ObjectType: [knifeType, butterKnifeType, vaseType, bookType, soapBarType, plateType, eggType, handTowelType, potType, candleType, pillowType]
  Checkable: [agent1, location1, location2, location3, location4, location5, location6, location7, location8, location9, location10, laundryHamper_1, garbageCan_2, bathtubBasin_3, handTowelHolder_4, handTowelHolder_5, sofa_6, coffeeTable_7, toiletPaperHanger_8, handTowelHolder_9, fridge_10, vase_1, book_2, soapBar_3, plate_4, egg_5, handTowel_6, pot_7, candle_8, pillow_9, plate_10]
  Agent - Checkable: [agent1]
  Location - Checkable: [location1, location2, location3, location4, location5, location6, location7, location8, location9, location10]
  Receptacle - Checkable: [laundryHamper_1, garbageCan_2, bathtubBasin_3, handTowelHolder_4, handTowelHolder_5, sofa_6, coffeeTable_7, toiletPaperHanger_8, handTowelHolder_9, fridge_10]
  Obj - Checkable: [vase_1, book_2, soapBar_3, plate_4, egg_5, handTowel_6, pot_7, candle_8, pillow_9, plate_10]
]

initial fluents default = [
  bool atLocation[a=Agent - Checkable, l=Location - Checkable] := false
  bool receptacleAtLocation[r=Receptacle - Checkable, l=Location - Checkable] := false
  bool objectAtLocation[o=Obj - Checkable, l=Location - Checkable] := false
  bool openable[r=Receptacle - Checkable] := false
  bool opened[r=Receptacle - Checkable] := false
  bool inReceptacle[o=Obj - Checkable, r=Receptacle - Checkable] := false
  bool isReceptacleObject[o=Obj - Checkable] := false
  bool inReceptacleObject[innerObject=Obj - Checkable, outObject=Obj - Checkable] := false
  bool isReceptacleObjectFull[o=Obj - Checkable] := false
  bool wasInReceptacle[o=Obj - Checkable, r=Receptacle - Checkable] := false
  bool checked[c=Checkable] := false
  bool examined[l=Location - Checkable] := false
  bool receptacleType[r=Receptacle - Checkable, rt=ReceptacleType] := false
  bool canContain[rt=ReceptacleType, ot=ObjectType] := false
  bool objectType[o=Obj - Checkable, t=ObjectType] := false
  bool holds[a=Agent - Checkable, o=Obj - Checkable] := false
  bool holdsAny[a=Agent - Checkable] := false
  bool holdsAnyReceptacleObject[a=Agent - Checkable] := false
  bool full[r=Receptacle - Checkable] := false
  bool isClean[o=Obj - Checkable] := false
  bool cleanable[o=Obj - Checkable] := false
  bool isHot[o=Obj - Checkable] := false
  bool heatable[o=Obj - Checkable] := false
  bool isCool[o=Obj - Checkable] := false
  bool coolable[o=Obj - Checkable] := false
  bool pickupable[o=Obj - Checkable] := false
  bool moveable[o=Obj - Checkable] := false
  bool toggleable[o=Obj - Checkable] := false
  bool isOn[o=Obj - Checkable] := false
  bool isToggled[o=Obj - Checkable] := false
  bool sliceable[o=Obj - Checkable] := false
  bool isSliced[o=Obj - Checkable] := false
]

initial values = [
  receptacleType(laundryHamper_1, laundryHamperType) := true
  receptacleType(garbageCan_2, garbageCanType) := true
  receptacleType(bathtubBasin_3, bathtubBasinType) := true
  receptacleType(handTowelHolder_4, handTowelHolderType) := true
  receptacleType(handTowelHolder_5, handTowelHolderType) := true
  receptacleType(sofa_6, sofaType) := true
  receptacleType(coffeeTable_7, coffeeTableType) := true
  receptacleType(toiletPaperHanger_8, toiletPaperHangerType) := true
  receptacleType(handTowelHolder_9, handTowelHolderType) := true
  receptacleType(fridge_10, fridgeType) := true
  objectType(vase_1, vaseType) := true
  objectType(book_2, bookType) := true
  objectType(soapBar_3, soapBarType) := true
  objectType(plate_4, plateType) := true
  objectType(egg_5, eggType) := true
  objectType(handTowel_6, handTowelType) := true
  objectType(pot_7, potType) := true
  objectType(candle_8, candleType) := true
  objectType(pillow_9, pillowType) := true
  objectType(plate_10, plateType) := true
  canContain(garbageCanType, soapBarType) := true
  canContain(garbageCanType, eggType) := true
  canContain(garbageCanType, handTowelType) := true
  canContain(bathtubBasinType, soapBarType) := true
  canContain(bathtubBasinType, handTowelType) := true
  canContain(handTowelHolderType, handTowelType) := true
  canContain(sofaType, bookType) := true
  canContain(sofaType, pillowType) := true
  canContain(coffeeTableType, vaseType) := true
  canContain(coffeeTableType, bookType) := true
  canContain(coffeeTableType, soapBarType) := true
  canContain(coffeeTableType, plateType) := true
  canContain(coffeeTableType, eggType) := true
  canContain(coffeeTableType, handTowelType) := true
  canContain(coffeeTableType, potType) := true
  canContain(coffeeTableType, candleType) := true
  canContain(fridgeType, plateType) := true
  canContain(fridgeType, eggType) := true
  canContain(fridgeType, potType) := true
  pickupable(vase_1) := true
  pickupable(book_2) := true
  pickupable(soapBar_3) := true
  cleanable(soapBar_3) := true
  pickupable(plate_4) := true
  isReceptacleObject(plate_4) := true
  cleanable(plate_4) := true
  heatable(plate_4) := true
  coolable(plate_4) := true
  pickupable(egg_5) := true
  cleanable(egg_5) := true
  heatable(egg_5) := true
  coolable(egg_5) := true
  sliceable(egg_5) := true
  pickupable(handTowel_6) := true
  pickupable(pot_7) := true
  isReceptacleObject(pot_7) := true
  cleanable(pot_7) := true
  coolable(pot_7) := true
  pickupable(candle_8) := true
  pickupable(pillow_9) := true
  pickupable(plate_10) := true
  isReceptacleObject(plate_10) := true
  cleanable(plate_10) := true
  heatable(plate_10) := true
  coolable(plate_10) := true
  receptacleAtLocation(laundryHamper_1, location9) := true
  receptacleAtLocation(garbageCan_2, location8) := true
  receptacleAtLocation(bathtubBasin_3, location5) := true
  receptacleAtLocation(handTowelHolder_4, location7) := true
  receptacleAtLocation(handTowelHolder_5, location9) := true
  receptacleAtLocation(sofa_6, location6) := true
  receptacleAtLocation(coffeeTable_7, location1) := true
  receptacleAtLocation(toiletPaperHanger_8, location7) := true
  receptacleAtLocation(handTowelHolder_9, location5) := true
  receptacleAtLocation(fridge_10, location2) := true
  inReceptacle(handTowel_6, bathtubBasin_3) := true
  inReceptacle(pot_7, fridge_10) := true
  objectAtLocation(vase_1, location8) := true
  objectAtLocation(book_2, location4) := true
  objectAtLocation(soapBar_3, location3) := true
  objectAtLocation(plate_4, location10) := true
  objectAtLocation(egg_5, location4) := true
  objectAtLocation(handTowel_6, location5) := true
  objectAtLocation(pot_7, location2) := true
  objectAtLocation(candle_8, location8) := true
  objectAtLocation(pillow_9, location3) := true
  objectAtLocation(plate_10, location5) := true
  atLocation(agent1, location6) := true
]

goals = [
  Exists (Receptacle - Checkable r) Exists (Obj - Checkable o1) (inReceptacle(o1, r) and objectType(o1, soapBarType) and receptacleType(r, coffeeTableType) and Exists (Obj - Checkable o2) ((not (o1 == o2)) and objectType(o2, candleType) and receptacleType(r, coffeeTableType) and inReceptacle(o2, r)))
]

quality metrics = [
  minimize sequential-plan-length
]


2025-06-17 10:21:28,720 - INFO - Generating plan for unconstrained problem

2025-06-17 10:21:29,030 - INFO - Unconstrained plan generation time: 0.30968475341796875

