2025-06-17 11:17:44,670 - INFO - 
================= Seed: 115 =================

2025-06-17 11:17:44,670 - INFO - problem name = alfred

types = [ReceptacleType, ObjectType, Checkable, Agent - Checkable, Location - Checkable, Receptacle - Checkable, Obj - Checkable]

fluents = [
  bool atLocation[a=Agent - Checkable, l=Location - Checkable]
  bool receptacleAtLocation[r=Receptacle - Checkable, l=Location - Checkable]
  bool objectAtLocation[o=Obj - Checkable, l=Location - Checkable]
  bool openable[r=Receptacle - Checkable]
  bool opened[r=Receptacle - Checkable]
  bool inReceptacle[o=Obj - Checkable, r=Receptacle - Checkable]
  bool isReceptacleObject[o=Obj - Checkable]
  bool inReceptacleObject[innerObject=Obj - Checkable, outObject=Obj - Checkable]
  bool isReceptacleObjectFull[o=Obj - Checkable]
  bool wasInReceptacle[o=Obj - Checkable, r=Receptacle - Checkable]
  bool checked[c=Checkable]
  bool examined[l=Location - Checkable]
  bool receptacleType[r=Receptacle - Checkable, rt=ReceptacleType]
  bool canContain[rt=ReceptacleType, ot=ObjectType]
  bool objectType[o=Obj - Checkable, t=ObjectType]
  bool holds[a=Agent - Checkable, o=Obj - Checkable]
  bool holdsAny[a=Agent - Checkable]
  bool holdsAnyReceptacleObject[a=Agent - Checkable]
  bool full[r=Receptacle - Checkable]
  bool isClean[o=Obj - Checkable]
  bool cleanable[o=Obj - Checkable]
  bool isHot[o=Obj - Checkable]
  bool heatable[o=Obj - Checkable]
  bool isCool[o=Obj - Checkable]
  bool coolable[o=Obj - Checkable]
  bool pickupable[o=Obj - Checkable]
  bool moveable[o=Obj - Checkable]
  bool toggleable[o=Obj - Checkable]
  bool isOn[o=Obj - Checkable]
  bool isToggled[o=Obj - Checkable]
  bool sliceable[o=Obj - Checkable]
  bool isSliced[o=Obj - Checkable]
]

actions = [
  action look(Agent - Checkable a, Location - Checkable l) {
    preconditions = [
      atLocation(a, l)
    ]
    effects = [
      checked(l) := true
    ]
  }
  action inventory(Agent - Checkable a) {
    preconditions = [
    ]
    effects = [
      checked(a) := true
    ]
  }
  action examineReceptacle(Agent - Checkable a, Receptacle - Checkable r) {
    preconditions = [
      Exists (Location - Checkable l) (atLocation(a, l) and receptacleAtLocation(r, l))
    ]
    effects = [
      checked(r) := true
    ]
  }
  action examineObject(Agent - Checkable a, Obj - Checkable o) {
    preconditions = [
      (Exists (Location - Checkable l) Exists (Receptacle - Checkable r) (atLocation(a, l) and receptacleAtLocation(r, l) and inReceptacle(o, r) and ((not openable(r)) or opened(r))) or holds(a, o))
    ]
    effects = [
      checked(o) := true
    ]
  }
  action goToLocation(Agent - Checkable a, Location - Checkable lstart, Location - Checkable lend) {
    preconditions = [
      atLocation(a, lstart)
    ]
    effects = [
      atLocation(a, lstart) := false
      atLocation(a, lend) := true
    ]
  }
  action openObject(Agent - Checkable a, Location - Checkable l, Receptacle - Checkable r) {
    preconditions = [
      (openable(r) and atLocation(a, l) and receptacleAtLocation(r, l) and (not opened(r)))
    ]
    effects = [
      opened(r) := true
      checked(r) := true
    ]
  }
  action closeObject(Agent - Checkable a, Location - Checkable l, Receptacle - Checkable r) {
    preconditions = [
      (openable(r) and atLocation(a, l) and receptacleAtLocation(r, l) and opened(r))
    ]
    effects = [
      opened(r) := false
    ]
  }
  action pickupObject(Agent - Checkable a, Location - Checkable l, Obj - Checkable o, Receptacle - Checkable r) {
    preconditions = [
      (pickupable(o) and atLocation(a, l) and receptacleAtLocation(r, l) and inReceptacle(o, r) and (not holdsAny(a)) and ((not openable(r)) or opened(r)))
    ]
    effects = [
      inReceptacle(o, r) := false
      holds(a, o) := true
      holdsAny(a) := true
      objectAtLocation(o, l) := false
    ]
  }
  action putObject(Agent - Checkable a, Location - Checkable l, Obj - Checkable o, Receptacle - Checkable r, ObjectType ot, ReceptacleType rt) {
    preconditions = [
      (holds(a, o) and atLocation(a, l) and receptacleAtLocation(r, l) and ((not openable(r)) or opened(r)) and objectType(o, ot) and receptacleType(r, rt) and canContain(rt, ot))
    ]
    effects = [
      inReceptacle(o, r) := true
      objectAtLocation(o, l) := true
      holds(a, o) := false
      holdsAny(a) := false
    ]
  }
  action cleanObject(Agent - Checkable a, Location - Checkable l, Receptacle - Checkable r, Obj - Checkable o) {
    preconditions = [
      (cleanable(o) and receptacleType(r, sinkBasinType) and atLocation(a, l) and receptacleAtLocation(r, l) and holds(a, o))
    ]
    effects = [
      isClean(o) := true
    ]
  }
  action heatObject(Agent - Checkable a, Location - Checkable l, Receptacle - Checkable r, Obj - Checkable o) {
    preconditions = [
      (heatable(o) and receptacleType(r, microwaveType) and atLocation(a, l) and receptacleAtLocation(r, l) and holds(a, o))
    ]
    effects = [
      isHot(o) := true
      isCool(o) := false
    ]
  }
  action coolObject(Agent - Checkable a, Location - Checkable l, Receptacle - Checkable r, Obj - Checkable o) {
    preconditions = [
      (coolable(o) and receptacleType(r, fridgeType) and atLocation(a, l) and receptacleAtLocation(r, l) and holds(a, o))
    ]
    effects = [
      isCool(o) := true
      isHot(o) := false
    ]
  }
  action toggleObject(Agent - Checkable a, Location - Checkable l, Obj - Checkable o, Receptacle - Checkable r) {
    preconditions = [
      (toggleable(o) and atLocation(a, l) and receptacleAtLocation(r, l) and inReceptacle(o, r))
    ]
    effects = [
      if isOn(o) then isOn(o) := false
      if (not isOn(o)) then isOn(o) := true
      isToggled(o) := true
    ]
  }
  action sliceObject(Agent - Checkable a, Location - Checkable l, Obj - Checkable co, Obj - Checkable ko) {
    preconditions = [
      (sliceable(co) and (objectType(ko, knifeType) or objectType(ko, butterKnifeType)) and atLocation(a, l) and objectAtLocation(co, l) and holds(a, ko))
    ]
    effects = [
      isSliced(co) := true
    ]
  }
  action help(Agent - Checkable a) {
    preconditions = [
    ]
    effects = [
      checked(a) := true
    ]
  }
]

objects = [
  ReceptacleType: [sinkBasinType, microwaveType, fridgeType, tvStandType, handTowelHolderType, counterTopType, laundryHamperType, safeType, cartType]
  ObjectType: [knifeType, butterKnifeType, plateType, statueType, handTowelType, cupType, dishSpongeType, potType]
  Checkable: [agent1, location1, location2, location3, location4, location5, location6, location7, location8, location9, location10, tvStand_1, handTowelHolder_2, counterTop_3, laundryHamper_4, sinkBasin_5, safe_6, sinkBasin_7, microwave_8, laundryHamper_9, cart_10, microwave_11, fridge_12, butterKnife_1, plate_2, statue_3, handTowel_4, cup_5, butterKnife_6, butterKnife_7, dishSponge_8, statue_9, pot_10]
  Agent - Checkable: [agent1]
  Location - Checkable: [location1, location2, location3, location4, location5, location6, location7, location8, location9, location10]
  Receptacle - Checkable: [tvStand_1, handTowelHolder_2, counterTop_3, laundryHamper_4, sinkBasin_5, safe_6, sinkBasin_7, microwave_8, laundryHamper_9, cart_10, microwave_11, fridge_12]
  Obj - Checkable: [butterKnife_1, plate_2, statue_3, handTowel_4, cup_5, butterKnife_6, butterKnife_7, dishSponge_8, statue_9, pot_10]
]

initial fluents default = [
  bool atLocation[a=Agent - Checkable, l=Location - Checkable] := false
  bool receptacleAtLocation[r=Receptacle - Checkable, l=Location - Checkable] := false
  bool objectAtLocation[o=Obj - Checkable, l=Location - Checkable] := false
  bool openable[r=Receptacle - Checkable] := false
  bool opened[r=Receptacle - Checkable] := false
  bool inReceptacle[o=Obj - Checkable, r=Receptacle - Checkable] := false
  bool isReceptacleObject[o=Obj - Checkable] := false
  bool inReceptacleObject[innerObject=Obj - Checkable, outObject=Obj - Checkable] := false
  bool isReceptacleObjectFull[o=Obj - Checkable] := false
  bool wasInReceptacle[o=Obj - Checkable, r=Receptacle - Checkable] := false
  bool checked[c=Checkable] := false
  bool examined[l=Location - Checkable] := false
  bool receptacleType[r=Receptacle - Checkable, rt=ReceptacleType] := false
  bool canContain[rt=ReceptacleType, ot=ObjectType] := false
  bool objectType[o=Obj - Checkable, t=ObjectType] := false
  bool holds[a=Agent - Checkable, o=Obj - Checkable] := false
  bool holdsAny[a=Agent - Checkable] := false
  bool holdsAnyReceptacleObject[a=Agent - Checkable] := false
  bool full[r=Receptacle - Checkable] := false
  bool isClean[o=Obj - Checkable] := false
  bool cleanable[o=Obj - Checkable] := false
  bool isHot[o=Obj - Checkable] := false
  bool heatable[o=Obj - Checkable] := false
  bool isCool[o=Obj - Checkable] := false
  bool coolable[o=Obj - Checkable] := false
  bool pickupable[o=Obj - Checkable] := false
  bool moveable[o=Obj - Checkable] := false
  bool toggleable[o=Obj - Checkable] := false
  bool isOn[o=Obj - Checkable] := false
  bool isToggled[o=Obj - Checkable] := false
  bool sliceable[o=Obj - Checkable] := false
  bool isSliced[o=Obj - Checkable] := false
]

initial values = [
  receptacleType(tvStand_1, tvStandType) := true
  receptacleType(handTowelHolder_2, handTowelHolderType) := true
  receptacleType(counterTop_3, counterTopType) := true
  receptacleType(laundryHamper_4, laundryHamperType) := true
  receptacleType(sinkBasin_5, sinkBasinType) := true
  receptacleType(safe_6, safeType) := true
  receptacleType(sinkBasin_7, sinkBasinType) := true
  receptacleType(microwave_8, microwaveType) := true
  receptacleType(laundryHamper_9, laundryHamperType) := true
  receptacleType(cart_10, cartType) := true
  receptacleType(microwave_11, microwaveType) := true
  receptacleType(fridge_12, fridgeType) := true
  objectType(butterKnife_1, butterKnifeType) := true
  objectType(plate_2, plateType) := true
  objectType(statue_3, statueType) := true
  objectType(handTowel_4, handTowelType) := true
  objectType(cup_5, cupType) := true
  objectType(butterKnife_6, butterKnifeType) := true
  objectType(butterKnife_7, butterKnifeType) := true
  objectType(dishSponge_8, dishSpongeType) := true
  objectType(statue_9, statueType) := true
  objectType(pot_10, potType) := true
  canContain(handTowelHolderType, handTowelType) := true
  canContain(counterTopType, butterKnifeType) := true
  canContain(counterTopType, plateType) := true
  canContain(counterTopType, statueType) := true
  canContain(counterTopType, handTowelType) := true
  canContain(counterTopType, cupType) := true
  canContain(counterTopType, dishSpongeType) := true
  canContain(counterTopType, potType) := true
  canContain(sinkBasinType, butterKnifeType) := true
  canContain(sinkBasinType, plateType) := true
  canContain(sinkBasinType, handTowelType) := true
  canContain(sinkBasinType, cupType) := true
  canContain(sinkBasinType, dishSpongeType) := true
  canContain(sinkBasinType, potType) := true
  canContain(safeType, statueType) := true
  canContain(microwaveType, plateType) := true
  canContain(microwaveType, cupType) := true
  canContain(cartType, statueType) := true
  canContain(cartType, handTowelType) := true
  canContain(cartType, dishSpongeType) := true
  canContain(fridgeType, plateType) := true
  canContain(fridgeType, cupType) := true
  canContain(fridgeType, potType) := true
  pickupable(butterKnife_1) := true
  cleanable(butterKnife_1) := true
  pickupable(plate_2) := true
  isReceptacleObject(plate_2) := true
  cleanable(plate_2) := true
  heatable(plate_2) := true
  coolable(plate_2) := true
  pickupable(statue_3) := true
  pickupable(handTowel_4) := true
  pickupable(cup_5) := true
  isReceptacleObject(cup_5) := true
  cleanable(cup_5) := true
  heatable(cup_5) := true
  coolable(cup_5) := true
  pickupable(butterKnife_6) := true
  cleanable(butterKnife_6) := true
  pickupable(butterKnife_7) := true
  cleanable(butterKnife_7) := true
  pickupable(dishSponge_8) := true
  cleanable(dishSponge_8) := true
  pickupable(statue_9) := true
  pickupable(pot_10) := true
  isReceptacleObject(pot_10) := true
  cleanable(pot_10) := true
  coolable(pot_10) := true
  receptacleAtLocation(tvStand_1, location3) := true
  receptacleAtLocation(handTowelHolder_2, location8) := true
  receptacleAtLocation(counterTop_3, location10) := true
  receptacleAtLocation(laundryHamper_4, location4) := true
  receptacleAtLocation(sinkBasin_5, location3) := true
  receptacleAtLocation(safe_6, location3) := true
  receptacleAtLocation(sinkBasin_7, location3) := true
  receptacleAtLocation(microwave_8, location9) := true
  receptacleAtLocation(laundryHamper_9, location4) := true
  receptacleAtLocation(cart_10, location3) := true
  receptacleAtLocation(microwave_11, location7) := true
  receptacleAtLocation(fridge_12, location1) := true
  inReceptacle(butterKnife_1, sinkBasin_5) := true
  inReceptacle(plate_2, sinkBasin_5) := true
  inReceptacle(statue_3, safe_6) := true
  inReceptacle(handTowel_4, counterTop_3) := true
  inReceptacle(cup_5, sinkBasin_7) := true
  inReceptacle(butterKnife_6, sinkBasin_5) := true
  inReceptacle(butterKnife_7, counterTop_3) := true
  inReceptacle(dishSponge_8, cart_10) := true
  inReceptacle(statue_9, safe_6) := true
  inReceptacle(pot_10, sinkBasin_5) := true
  objectAtLocation(butterKnife_1, location3) := true
  objectAtLocation(plate_2, location3) := true
  objectAtLocation(statue_3, location3) := true
  objectAtLocation(handTowel_4, location10) := true
  objectAtLocation(cup_5, location3) := true
  objectAtLocation(butterKnife_6, location3) := true
  objectAtLocation(butterKnife_7, location10) := true
  objectAtLocation(dishSponge_8, location3) := true
  objectAtLocation(statue_9, location3) := true
  objectAtLocation(pot_10, location3) := true
  atLocation(agent1, location9) := true
]

goals = [
  Exists (Receptacle - Checkable r) Exists (Obj - Checkable o) (inReceptacle(o, r) and objectType(o, dishSpongeType) and receptacleType(r, cartType))
]

quality metrics = [
  minimize sequential-plan-length
]


2025-06-17 11:17:44,674 - INFO - Generating plan for unconstrained problem

2025-06-17 11:17:45,082 - INFO - Unconstrained plan generation time: 0.4084334373474121

2025-06-17 11:17:45,082 - INFO - Unconstrained plan and cost: 
2025-06-17 11:17:45,082 - INFO - SequentialPlan:
2025-06-17 11:17:45,082 - INFO - 0
2025-06-17 11:17:47,531 - INFO - Sampled constraints:

2025-06-17 11:17:47,532 - INFO - Sometime((atLocation(agent1, location7) and checked(safe_6)))
2025-06-17 11:17:47,532 - INFO - 
2025-06-17 11:17:47,532 - INFO - Generation time: 2.448843002319336

2025-06-17 11:17:47,533 - INFO - Generating plan for constrained problem (with LiftedTCORE).

2025-06-17 11:17:47,578 - INFO - LiftedTCORE compilation time: 0.0457460880279541

2025-06-17 11:17:48,008 - INFO - Planning Time with LiftedTCORE's file: 0.4296553134918213

2025-06-17 11:17:48,008 - INFO - Plan found with LiftedTCORE + sym_bd: SequentialPlan:
    goToLocation(agent1, location9, location3)
    examineReceptacle(agent1, safe_6)
    goToLocation(agent1, location3, location7)
2025-06-17 11:17:48,009 - INFO - Seed: 115 is solvable

2025-06-17 11:17:48,009 - INFO - Unconstrained cost: 0
2025-06-17 11:17:48,009 - INFO - Constrained cost: 3
2025-06-17 11:17:48,009 - INFO - Seed: 115 Plan simulation is feasible
2025-06-17 11:17:48,009 - INFO - 
Seed: 115 
 Plan: [goToLocation(agent1, location9, location3), examineReceptacle(agent1, safe_6), goToLocation(agent1, location3, location7)]  
 Cost: 3

