2025-06-17 09:55:19,069 - INFO - 
================= Seed: 433 =================

2025-06-17 09:55:19,081 - INFO - problem name = alfred

types = [ReceptacleType, ObjectType, Checkable, Agent - Checkable, Location - Checkable, Receptacle - Checkable, Obj - Checkable]

fluents = [
  bool atLocation[a=Agent - Checkable, l=Location - Checkable]
  bool receptacleAtLocation[r=Receptacle - Checkable, l=Location - Checkable]
  bool objectAtLocation[o=Obj - Checkable, l=Location - Checkable]
  bool openable[r=Receptacle - Checkable]
  bool opened[r=Receptacle - Checkable]
  bool inReceptacle[o=Obj - Checkable, r=Receptacle - Checkable]
  bool isReceptacleObject[o=Obj - Checkable]
  bool inReceptacleObject[innerObject=Obj - Checkable, outObject=Obj - Checkable]
  bool isReceptacleObjectFull[o=Obj - Checkable]
  bool wasInReceptacle[o=Obj - Checkable, r=Receptacle - Checkable]
  bool checked[c=Checkable]
  bool examined[l=Location - Checkable]
  bool receptacleType[r=Receptacle - Checkable, rt=ReceptacleType]
  bool canContain[rt=ReceptacleType, ot=ObjectType]
  bool objectType[o=Obj - Checkable, t=ObjectType]
  bool holds[a=Agent - Checkable, o=Obj - Checkable]
  bool holdsAny[a=Agent - Checkable]
  bool holdsAnyReceptacleObject[a=Agent - Checkable]
  bool full[r=Receptacle - Checkable]
  bool isClean[o=Obj - Checkable]
  bool cleanable[o=Obj - Checkable]
  bool isHot[o=Obj - Checkable]
  bool heatable[o=Obj - Checkable]
  bool isCool[o=Obj - Checkable]
  bool coolable[o=Obj - Checkable]
  bool pickupable[o=Obj - Checkable]
  bool moveable[o=Obj - Checkable]
  bool toggleable[o=Obj - Checkable]
  bool isOn[o=Obj - Checkable]
  bool isToggled[o=Obj - Checkable]
  bool sliceable[o=Obj - Checkable]
  bool isSliced[o=Obj - Checkable]
]

actions = [
  action look(Agent - Checkable a, Location - Checkable l) {
    preconditions = [
      atLocation(a, l)
    ]
    effects = [
      checked(l) := true
    ]
  }
  action inventory(Agent - Checkable a) {
    preconditions = [
    ]
    effects = [
      checked(a) := true
    ]
  }
  action examineReceptacle(Agent - Checkable a, Receptacle - Checkable r) {
    preconditions = [
      Exists (Location - Checkable l) (atLocation(a, l) and receptacleAtLocation(r, l))
    ]
    effects = [
      checked(r) := true
    ]
  }
  action examineObject(Agent - Checkable a, Obj - Checkable o) {
    preconditions = [
      (Exists (Location - Checkable l) Exists (Receptacle - Checkable r) (atLocation(a, l) and receptacleAtLocation(r, l) and inReceptacle(o, r) and ((not openable(r)) or opened(r))) or holds(a, o))
    ]
    effects = [
      checked(o) := true
    ]
  }
  action goToLocation(Agent - Checkable a, Location - Checkable lstart, Location - Checkable lend) {
    preconditions = [
      atLocation(a, lstart)
    ]
    effects = [
      atLocation(a, lstart) := false
      atLocation(a, lend) := true
    ]
  }
  action openObject(Agent - Checkable a, Location - Checkable l, Receptacle - Checkable r) {
    preconditions = [
      (openable(r) and atLocation(a, l) and receptacleAtLocation(r, l) and (not opened(r)))
    ]
    effects = [
      opened(r) := true
      checked(r) := true
    ]
  }
  action closeObject(Agent - Checkable a, Location - Checkable l, Receptacle - Checkable r) {
    preconditions = [
      (openable(r) and atLocation(a, l) and receptacleAtLocation(r, l) and opened(r))
    ]
    effects = [
      opened(r) := false
    ]
  }
  action pickupObject(Agent - Checkable a, Location - Checkable l, Obj - Checkable o, Receptacle - Checkable r) {
    preconditions = [
      (pickupable(o) and atLocation(a, l) and receptacleAtLocation(r, l) and inReceptacle(o, r) and (not holdsAny(a)) and ((not openable(r)) or opened(r)))
    ]
    effects = [
      inReceptacle(o, r) := false
      holds(a, o) := true
      holdsAny(a) := true
      objectAtLocation(o, l) := false
    ]
  }
  action putObject(Agent - Checkable a, Location - Checkable l, Obj - Checkable o, Receptacle - Checkable r, ObjectType ot, ReceptacleType rt) {
    preconditions = [
      (holds(a, o) and atLocation(a, l) and receptacleAtLocation(r, l) and ((not openable(r)) or opened(r)) and objectType(o, ot) and receptacleType(r, rt) and canContain(rt, ot))
    ]
    effects = [
      inReceptacle(o, r) := true
      objectAtLocation(o, l) := true
      holds(a, o) := false
      holdsAny(a) := false
    ]
  }
  action cleanObject(Agent - Checkable a, Location - Checkable l, Receptacle - Checkable r, Obj - Checkable o) {
    preconditions = [
      (cleanable(o) and receptacleType(r, sinkBasinType) and atLocation(a, l) and receptacleAtLocation(r, l) and holds(a, o))
    ]
    effects = [
      isClean(o) := true
    ]
  }
  action heatObject(Agent - Checkable a, Location - Checkable l, Receptacle - Checkable r, Obj - Checkable o) {
    preconditions = [
      (heatable(o) and receptacleType(r, microwaveType) and atLocation(a, l) and receptacleAtLocation(r, l) and holds(a, o))
    ]
    effects = [
      isHot(o) := true
      isCool(o) := false
    ]
  }
  action coolObject(Agent - Checkable a, Location - Checkable l, Receptacle - Checkable r, Obj - Checkable o) {
    preconditions = [
      (coolable(o) and receptacleType(r, fridgeType) and atLocation(a, l) and receptacleAtLocation(r, l) and holds(a, o))
    ]
    effects = [
      isCool(o) := true
      isHot(o) := false
    ]
  }
  action toggleObject(Agent - Checkable a, Location - Checkable l, Obj - Checkable o, Receptacle - Checkable r) {
    preconditions = [
      (toggleable(o) and atLocation(a, l) and receptacleAtLocation(r, l) and inReceptacle(o, r))
    ]
    effects = [
      if isOn(o) then isOn(o) := false
      if (not isOn(o)) then isOn(o) := true
      isToggled(o) := true
    ]
  }
  action sliceObject(Agent - Checkable a, Location - Checkable l, Obj - Checkable co, Obj - Checkable ko) {
    preconditions = [
      (sliceable(co) and (objectType(ko, knifeType) or objectType(ko, butterKnifeType)) and atLocation(a, l) and objectAtLocation(co, l) and holds(a, ko))
    ]
    effects = [
      isSliced(co) := true
    ]
  }
  action help(Agent - Checkable a) {
    preconditions = [
    ]
    effects = [
      checked(a) := true
    ]
  }
]

objects = [
  ReceptacleType: [sinkBasinType, microwaveType, fridgeType, counterTopType, sofaType, toiletPaperHangerType, shelfType, drawerType, armChairType, stoveBurnerType, tvStandType, handTowelHolderType]
  ObjectType: [knifeType, butterKnifeType, wineBottleType, boxType, tissueBoxType, potatoType, baseballBatType, saltShakerType, bookType, appleType, bowlType]
  Checkable: [agent1, location1, location2, location3, location4, location5, location6, location7, location8, location9, location10, counterTop_1, sofa_2, toiletPaperHanger_3, shelf_4, drawer_5, toiletPaperHanger_6, armChair_7, stoveBurner_8, tvStand_9, handTowelHolder_10, wineBottle_1, box_2, tissueBox_3, potato_4, baseballBat_5, saltShaker_6, knife_7, book_8, apple_9, bowl_10]
  Agent - Checkable: [agent1]
  Location - Checkable: [location1, location2, location3, location4, location5, location6, location7, location8, location9, location10]
  Receptacle - Checkable: [counterTop_1, sofa_2, toiletPaperHanger_3, shelf_4, drawer_5, toiletPaperHanger_6, armChair_7, stoveBurner_8, tvStand_9, handTowelHolder_10]
  Obj - Checkable: [wineBottle_1, box_2, tissueBox_3, potato_4, baseballBat_5, saltShaker_6, knife_7, book_8, apple_9, bowl_10]
]

initial fluents default = [
  bool atLocation[a=Agent - Checkable, l=Location - Checkable] := false
  bool receptacleAtLocation[r=Receptacle - Checkable, l=Location - Checkable] := false
  bool objectAtLocation[o=Obj - Checkable, l=Location - Checkable] := false
  bool openable[r=Receptacle - Checkable] := false
  bool opened[r=Receptacle - Checkable] := false
  bool inReceptacle[o=Obj - Checkable, r=Receptacle - Checkable] := false
  bool isReceptacleObject[o=Obj - Checkable] := false
  bool inReceptacleObject[innerObject=Obj - Checkable, outObject=Obj - Checkable] := false
  bool isReceptacleObjectFull[o=Obj - Checkable] := false
  bool wasInReceptacle[o=Obj - Checkable, r=Receptacle - Checkable] := false
  bool checked[c=Checkable] := false
  bool examined[l=Location - Checkable] := false
  bool receptacleType[r=Receptacle - Checkable, rt=ReceptacleType] := false
  bool canContain[rt=ReceptacleType, ot=ObjectType] := false
  bool objectType[o=Obj - Checkable, t=ObjectType] := false
  bool holds[a=Agent - Checkable, o=Obj - Checkable] := false
  bool holdsAny[a=Agent - Checkable] := false
  bool holdsAnyReceptacleObject[a=Agent - Checkable] := false
  bool full[r=Receptacle - Checkable] := false
  bool isClean[o=Obj - Checkable] := false
  bool cleanable[o=Obj - Checkable] := false
  bool isHot[o=Obj - Checkable] := false
  bool heatable[o=Obj - Checkable] := false
  bool isCool[o=Obj - Checkable] := false
  bool coolable[o=Obj - Checkable] := false
  bool pickupable[o=Obj - Checkable] := false
  bool moveable[o=Obj - Checkable] := false
  bool toggleable[o=Obj - Checkable] := false
  bool isOn[o=Obj - Checkable] := false
  bool isToggled[o=Obj - Checkable] := false
  bool sliceable[o=Obj - Checkable] := false
  bool isSliced[o=Obj - Checkable] := false
]

initial values = [
  receptacleType(counterTop_1, counterTopType) := true
  receptacleType(sofa_2, sofaType) := true
  receptacleType(toiletPaperHanger_3, toiletPaperHangerType) := true
  receptacleType(shelf_4, shelfType) := true
  receptacleType(drawer_5, drawerType) := true
  receptacleType(toiletPaperHanger_6, toiletPaperHangerType) := true
  receptacleType(armChair_7, armChairType) := true
  receptacleType(stoveBurner_8, stoveBurnerType) := true
  receptacleType(tvStand_9, tvStandType) := true
  receptacleType(handTowelHolder_10, handTowelHolderType) := true
  objectType(wineBottle_1, wineBottleType) := true
  objectType(box_2, boxType) := true
  objectType(tissueBox_3, tissueBoxType) := true
  objectType(potato_4, potatoType) := true
  objectType(baseballBat_5, baseballBatType) := true
  objectType(saltShaker_6, saltShakerType) := true
  objectType(knife_7, knifeType) := true
  objectType(book_8, bookType) := true
  objectType(apple_9, appleType) := true
  objectType(bowl_10, bowlType) := true
  canContain(counterTopType, wineBottleType) := true
  canContain(counterTopType, boxType) := true
  canContain(counterTopType, tissueBoxType) := true
  canContain(counterTopType, potatoType) := true
  canContain(counterTopType, baseballBatType) := true
  canContain(counterTopType, saltShakerType) := true
  canContain(counterTopType, knifeType) := true
  canContain(counterTopType, bookType) := true
  canContain(counterTopType, appleType) := true
  canContain(counterTopType, bowlType) := true
  canContain(sofaType, boxType) := true
  canContain(sofaType, bookType) := true
  canContain(shelfType, wineBottleType) := true
  canContain(shelfType, boxType) := true
  canContain(shelfType, tissueBoxType) := true
  canContain(shelfType, saltShakerType) := true
  canContain(shelfType, bookType) := true
  canContain(shelfType, bowlType) := true
  canContain(drawerType, tissueBoxType) := true
  canContain(drawerType, saltShakerType) := true
  canContain(drawerType, knifeType) := true
  canContain(drawerType, bookType) := true
  canContain(armChairType, boxType) := true
  canContain(armChairType, bookType) := true
  canContain(tvStandType, tissueBoxType) := true
  pickupable(wineBottle_1) := true
  pickupable(box_2) := true
  isReceptacleObject(box_2) := true
  pickupable(tissueBox_3) := true
  pickupable(potato_4) := true
  cleanable(potato_4) := true
  heatable(potato_4) := true
  coolable(potato_4) := true
  sliceable(potato_4) := true
  pickupable(baseballBat_5) := true
  pickupable(saltShaker_6) := true
  pickupable(knife_7) := true
  cleanable(knife_7) := true
  pickupable(book_8) := true
  pickupable(apple_9) := true
  cleanable(apple_9) := true
  heatable(apple_9) := true
  coolable(apple_9) := true
  sliceable(apple_9) := true
  pickupable(bowl_10) := true
  isReceptacleObject(bowl_10) := true
  cleanable(bowl_10) := true
  coolable(bowl_10) := true
  receptacleAtLocation(counterTop_1, location2) := true
  receptacleAtLocation(sofa_2, location3) := true
  receptacleAtLocation(toiletPaperHanger_3, location7) := true
  receptacleAtLocation(shelf_4, location1) := true
  receptacleAtLocation(drawer_5, location10) := true
  receptacleAtLocation(toiletPaperHanger_6, location9) := true
  receptacleAtLocation(armChair_7, location9) := true
  receptacleAtLocation(stoveBurner_8, location2) := true
  receptacleAtLocation(tvStand_9, location4) := true
  receptacleAtLocation(handTowelHolder_10, location2) := true
  inReceptacle(knife_7, counterTop_1) := true
  inReceptacle(book_8, drawer_5) := true
  objectAtLocation(wineBottle_1, location10) := true
  objectAtLocation(box_2, location10) := true
  objectAtLocation(tissueBox_3, location4) := true
  objectAtLocation(potato_4, location9) := true
  objectAtLocation(baseballBat_5, location4) := true
  objectAtLocation(saltShaker_6, location7) := true
  objectAtLocation(knife_7, location2) := true
  objectAtLocation(book_8, location10) := true
  objectAtLocation(apple_9, location6) := true
  objectAtLocation(bowl_10, location7) := true
  atLocation(agent1, location5) := true
]

goals = [
  Exists (Receptacle - Checkable r) Exists (Obj - Checkable o1) (inReceptacle(o1, r) and objectType(o1, bookType) and receptacleType(r, counterTopType) and Exists (Obj - Checkable o2) ((not (o1 == o2)) and objectType(o2, bookType) and receptacleType(r, counterTopType) and inReceptacle(o2, r)))
]

quality metrics = [
  minimize sequential-plan-length
]


2025-06-17 09:55:19,086 - INFO - Generating plan for unconstrained problem

2025-06-17 09:55:19,453 - INFO - Unconstrained plan generation time: 0.36669445037841797

