2025-06-17 11:17:49,585 - INFO - 
================= Seed: 117 =================

2025-06-17 11:17:49,585 - INFO - problem name = alfred

types = [ReceptacleType, ObjectType, Checkable, Agent - Checkable, Location - Checkable, Receptacle - Checkable, Obj - Checkable]

fluents = [
  bool atLocation[a=Agent - Checkable, l=Location - Checkable]
  bool receptacleAtLocation[r=Receptacle - Checkable, l=Location - Checkable]
  bool objectAtLocation[o=Obj - Checkable, l=Location - Checkable]
  bool openable[r=Receptacle - Checkable]
  bool opened[r=Receptacle - Checkable]
  bool inReceptacle[o=Obj - Checkable, r=Receptacle - Checkable]
  bool isReceptacleObject[o=Obj - Checkable]
  bool inReceptacleObject[innerObject=Obj - Checkable, outObject=Obj - Checkable]
  bool isReceptacleObjectFull[o=Obj - Checkable]
  bool wasInReceptacle[o=Obj - Checkable, r=Receptacle - Checkable]
  bool checked[c=Checkable]
  bool examined[l=Location - Checkable]
  bool receptacleType[r=Receptacle - Checkable, rt=ReceptacleType]
  bool canContain[rt=ReceptacleType, ot=ObjectType]
  bool objectType[o=Obj - Checkable, t=ObjectType]
  bool holds[a=Agent - Checkable, o=Obj - Checkable]
  bool holdsAny[a=Agent - Checkable]
  bool holdsAnyReceptacleObject[a=Agent - Checkable]
  bool full[r=Receptacle - Checkable]
  bool isClean[o=Obj - Checkable]
  bool cleanable[o=Obj - Checkable]
  bool isHot[o=Obj - Checkable]
  bool heatable[o=Obj - Checkable]
  bool isCool[o=Obj - Checkable]
  bool coolable[o=Obj - Checkable]
  bool pickupable[o=Obj - Checkable]
  bool moveable[o=Obj - Checkable]
  bool toggleable[o=Obj - Checkable]
  bool isOn[o=Obj - Checkable]
  bool isToggled[o=Obj - Checkable]
  bool sliceable[o=Obj - Checkable]
  bool isSliced[o=Obj - Checkable]
]

actions = [
  action look(Agent - Checkable a, Location - Checkable l) {
    preconditions = [
      atLocation(a, l)
    ]
    effects = [
      checked(l) := true
    ]
  }
  action inventory(Agent - Checkable a) {
    preconditions = [
    ]
    effects = [
      checked(a) := true
    ]
  }
  action examineReceptacle(Agent - Checkable a, Receptacle - Checkable r) {
    preconditions = [
      Exists (Location - Checkable l) (atLocation(a, l) and receptacleAtLocation(r, l))
    ]
    effects = [
      checked(r) := true
    ]
  }
  action examineObject(Agent - Checkable a, Obj - Checkable o) {
    preconditions = [
      (Exists (Location - Checkable l) Exists (Receptacle - Checkable r) (atLocation(a, l) and receptacleAtLocation(r, l) and inReceptacle(o, r) and ((not openable(r)) or opened(r))) or holds(a, o))
    ]
    effects = [
      checked(o) := true
    ]
  }
  action goToLocation(Agent - Checkable a, Location - Checkable lstart, Location - Checkable lend) {
    preconditions = [
      atLocation(a, lstart)
    ]
    effects = [
      atLocation(a, lstart) := false
      atLocation(a, lend) := true
    ]
  }
  action openObject(Agent - Checkable a, Location - Checkable l, Receptacle - Checkable r) {
    preconditions = [
      (openable(r) and atLocation(a, l) and receptacleAtLocation(r, l) and (not opened(r)))
    ]
    effects = [
      opened(r) := true
      checked(r) := true
    ]
  }
  action closeObject(Agent - Checkable a, Location - Checkable l, Receptacle - Checkable r) {
    preconditions = [
      (openable(r) and atLocation(a, l) and receptacleAtLocation(r, l) and opened(r))
    ]
    effects = [
      opened(r) := false
    ]
  }
  action pickupObject(Agent - Checkable a, Location - Checkable l, Obj - Checkable o, Receptacle - Checkable r) {
    preconditions = [
      (pickupable(o) and atLocation(a, l) and receptacleAtLocation(r, l) and inReceptacle(o, r) and (not holdsAny(a)) and ((not openable(r)) or opened(r)))
    ]
    effects = [
      inReceptacle(o, r) := false
      holds(a, o) := true
      holdsAny(a) := true
      objectAtLocation(o, l) := false
    ]
  }
  action putObject(Agent - Checkable a, Location - Checkable l, Obj - Checkable o, Receptacle - Checkable r, ObjectType ot, ReceptacleType rt) {
    preconditions = [
      (holds(a, o) and atLocation(a, l) and receptacleAtLocation(r, l) and ((not openable(r)) or opened(r)) and objectType(o, ot) and receptacleType(r, rt) and canContain(rt, ot))
    ]
    effects = [
      inReceptacle(o, r) := true
      objectAtLocation(o, l) := true
      holds(a, o) := false
      holdsAny(a) := false
    ]
  }
  action cleanObject(Agent - Checkable a, Location - Checkable l, Receptacle - Checkable r, Obj - Checkable o) {
    preconditions = [
      (cleanable(o) and receptacleType(r, sinkBasinType) and atLocation(a, l) and receptacleAtLocation(r, l) and holds(a, o))
    ]
    effects = [
      isClean(o) := true
    ]
  }
  action heatObject(Agent - Checkable a, Location - Checkable l, Receptacle - Checkable r, Obj - Checkable o) {
    preconditions = [
      (heatable(o) and receptacleType(r, microwaveType) and atLocation(a, l) and receptacleAtLocation(r, l) and holds(a, o))
    ]
    effects = [
      isHot(o) := true
      isCool(o) := false
    ]
  }
  action coolObject(Agent - Checkable a, Location - Checkable l, Receptacle - Checkable r, Obj - Checkable o) {
    preconditions = [
      (coolable(o) and receptacleType(r, fridgeType) and atLocation(a, l) and receptacleAtLocation(r, l) and holds(a, o))
    ]
    effects = [
      isCool(o) := true
      isHot(o) := false
    ]
  }
  action toggleObject(Agent - Checkable a, Location - Checkable l, Obj - Checkable o, Receptacle - Checkable r) {
    preconditions = [
      (toggleable(o) and atLocation(a, l) and receptacleAtLocation(r, l) and inReceptacle(o, r))
    ]
    effects = [
      if isOn(o) then isOn(o) := false
      if (not isOn(o)) then isOn(o) := true
      isToggled(o) := true
    ]
  }
  action sliceObject(Agent - Checkable a, Location - Checkable l, Obj - Checkable co, Obj - Checkable ko) {
    preconditions = [
      (sliceable(co) and (objectType(ko, knifeType) or objectType(ko, butterKnifeType)) and atLocation(a, l) and objectAtLocation(co, l) and holds(a, ko))
    ]
    effects = [
      isSliced(co) := true
    ]
  }
  action help(Agent - Checkable a) {
    preconditions = [
    ]
    effects = [
      checked(a) := true
    ]
  }
]

objects = [
  ReceptacleType: [sinkBasinType, microwaveType, fridgeType, coffeeMachineType, counterTopType, diningTableType, bedType, safeType, coffeeTableType, ottomanType]
  ObjectType: [knifeType, butterKnifeType, ladleType, saltShakerType, baseballBatType, toiletPaperType, keyChainType, pillowType, candleType, tomatoType, mugType]
  Checkable: [agent1, location1, location2, location3, location4, location5, location6, location7, location8, location9, location10, fridge_1, coffeeMachine_2, coffeeMachine_3, counterTop_4, diningTable_5, bed_6, coffeeMachine_7, safe_8, coffeeTable_9, ottoman_10, microwave_11, fridge_12, ladle_1, saltShaker_2, baseballBat_3, toiletPaper_4, keyChain_5, pillow_6, candle_7, pillow_8, tomato_9, mug_10]
  Agent - Checkable: [agent1]
  Location - Checkable: [location1, location2, location3, location4, location5, location6, location7, location8, location9, location10]
  Receptacle - Checkable: [fridge_1, coffeeMachine_2, coffeeMachine_3, counterTop_4, diningTable_5, bed_6, coffeeMachine_7, safe_8, coffeeTable_9, ottoman_10, microwave_11, fridge_12]
  Obj - Checkable: [ladle_1, saltShaker_2, baseballBat_3, toiletPaper_4, keyChain_5, pillow_6, candle_7, pillow_8, tomato_9, mug_10]
]

initial fluents default = [
  bool atLocation[a=Agent - Checkable, l=Location - Checkable] := false
  bool receptacleAtLocation[r=Receptacle - Checkable, l=Location - Checkable] := false
  bool objectAtLocation[o=Obj - Checkable, l=Location - Checkable] := false
  bool openable[r=Receptacle - Checkable] := false
  bool opened[r=Receptacle - Checkable] := false
  bool inReceptacle[o=Obj - Checkable, r=Receptacle - Checkable] := false
  bool isReceptacleObject[o=Obj - Checkable] := false
  bool inReceptacleObject[innerObject=Obj - Checkable, outObject=Obj - Checkable] := false
  bool isReceptacleObjectFull[o=Obj - Checkable] := false
  bool wasInReceptacle[o=Obj - Checkable, r=Receptacle - Checkable] := false
  bool checked[c=Checkable] := false
  bool examined[l=Location - Checkable] := false
  bool receptacleType[r=Receptacle - Checkable, rt=ReceptacleType] := false
  bool canContain[rt=ReceptacleType, ot=ObjectType] := false
  bool objectType[o=Obj - Checkable, t=ObjectType] := false
  bool holds[a=Agent - Checkable, o=Obj - Checkable] := false
  bool holdsAny[a=Agent - Checkable] := false
  bool holdsAnyReceptacleObject[a=Agent - Checkable] := false
  bool full[r=Receptacle - Checkable] := false
  bool isClean[o=Obj - Checkable] := false
  bool cleanable[o=Obj - Checkable] := false
  bool isHot[o=Obj - Checkable] := false
  bool heatable[o=Obj - Checkable] := false
  bool isCool[o=Obj - Checkable] := false
  bool coolable[o=Obj - Checkable] := false
  bool pickupable[o=Obj - Checkable] := false
  bool moveable[o=Obj - Checkable] := false
  bool toggleable[o=Obj - Checkable] := false
  bool isOn[o=Obj - Checkable] := false
  bool isToggled[o=Obj - Checkable] := false
  bool sliceable[o=Obj - Checkable] := false
  bool isSliced[o=Obj - Checkable] := false
]

initial values = [
  receptacleType(fridge_1, fridgeType) := true
  receptacleType(coffeeMachine_2, coffeeMachineType) := true
  receptacleType(coffeeMachine_3, coffeeMachineType) := true
  receptacleType(counterTop_4, counterTopType) := true
  receptacleType(diningTable_5, diningTableType) := true
  receptacleType(bed_6, bedType) := true
  receptacleType(coffeeMachine_7, coffeeMachineType) := true
  receptacleType(safe_8, safeType) := true
  receptacleType(coffeeTable_9, coffeeTableType) := true
  receptacleType(ottoman_10, ottomanType) := true
  receptacleType(microwave_11, microwaveType) := true
  receptacleType(fridge_12, fridgeType) := true
  objectType(ladle_1, ladleType) := true
  objectType(saltShaker_2, saltShakerType) := true
  objectType(baseballBat_3, baseballBatType) := true
  objectType(toiletPaper_4, toiletPaperType) := true
  objectType(keyChain_5, keyChainType) := true
  objectType(pillow_6, pillowType) := true
  objectType(candle_7, candleType) := true
  objectType(pillow_8, pillowType) := true
  objectType(tomato_9, tomatoType) := true
  objectType(mug_10, mugType) := true
  canContain(fridgeType, tomatoType) := true
  canContain(fridgeType, mugType) := true
  canContain(coffeeMachineType, mugType) := true
  canContain(counterTopType, ladleType) := true
  canContain(counterTopType, saltShakerType) := true
  canContain(counterTopType, baseballBatType) := true
  canContain(counterTopType, toiletPaperType) := true
  canContain(counterTopType, keyChainType) := true
  canContain(counterTopType, candleType) := true
  canContain(counterTopType, tomatoType) := true
  canContain(counterTopType, mugType) := true
  canContain(diningTableType, ladleType) := true
  canContain(diningTableType, saltShakerType) := true
  canContain(diningTableType, baseballBatType) := true
  canContain(diningTableType, toiletPaperType) := true
  canContain(diningTableType, keyChainType) := true
  canContain(diningTableType, candleType) := true
  canContain(diningTableType, tomatoType) := true
  canContain(diningTableType, mugType) := true
  canContain(bedType, baseballBatType) := true
  canContain(bedType, pillowType) := true
  canContain(safeType, keyChainType) := true
  canContain(coffeeTableType, ladleType) := true
  canContain(coffeeTableType, saltShakerType) := true
  canContain(coffeeTableType, baseballBatType) := true
  canContain(coffeeTableType, toiletPaperType) := true
  canContain(coffeeTableType, keyChainType) := true
  canContain(coffeeTableType, candleType) := true
  canContain(coffeeTableType, tomatoType) := true
  canContain(coffeeTableType, mugType) := true
  canContain(ottomanType, keyChainType) := true
  canContain(ottomanType, pillowType) := true
  canContain(microwaveType, tomatoType) := true
  canContain(microwaveType, mugType) := true
  pickupable(ladle_1) := true
  cleanable(ladle_1) := true
  pickupable(saltShaker_2) := true
  pickupable(baseballBat_3) := true
  pickupable(toiletPaper_4) := true
  pickupable(keyChain_5) := true
  pickupable(pillow_6) := true
  pickupable(candle_7) := true
  pickupable(pillow_8) := true
  pickupable(tomato_9) := true
  cleanable(tomato_9) := true
  heatable(tomato_9) := true
  coolable(tomato_9) := true
  sliceable(tomato_9) := true
  pickupable(mug_10) := true
  isReceptacleObject(mug_10) := true
  cleanable(mug_10) := true
  heatable(mug_10) := true
  coolable(mug_10) := true
  receptacleAtLocation(fridge_1, location1) := true
  receptacleAtLocation(coffeeMachine_2, location3) := true
  receptacleAtLocation(coffeeMachine_3, location7) := true
  receptacleAtLocation(counterTop_4, location3) := true
  receptacleAtLocation(diningTable_5, location10) := true
  receptacleAtLocation(bed_6, location3) := true
  receptacleAtLocation(coffeeMachine_7, location8) := true
  receptacleAtLocation(safe_8, location9) := true
  receptacleAtLocation(coffeeTable_9, location8) := true
  receptacleAtLocation(ottoman_10, location7) := true
  receptacleAtLocation(microwave_11, location4) := true
  receptacleAtLocation(fridge_12, location3) := true
  inReceptacle(ladle_1, counterTop_4) := true
  inReceptacle(saltShaker_2, diningTable_5) := true
  inReceptacle(baseballBat_3, bed_6) := true
  inReceptacle(toiletPaper_4, diningTable_5) := true
  inReceptacle(keyChain_5, coffeeTable_9) := true
  inReceptacle(pillow_6, bed_6) := true
  inReceptacle(candle_7, counterTop_4) := true
  inReceptacle(pillow_8, bed_6) := true
  inReceptacle(tomato_9, fridge_1) := true
  inReceptacle(mug_10, diningTable_5) := true
  objectAtLocation(ladle_1, location3) := true
  objectAtLocation(saltShaker_2, location10) := true
  objectAtLocation(baseballBat_3, location3) := true
  objectAtLocation(toiletPaper_4, location10) := true
  objectAtLocation(keyChain_5, location8) := true
  objectAtLocation(pillow_6, location3) := true
  objectAtLocation(candle_7, location3) := true
  objectAtLocation(pillow_8, location3) := true
  objectAtLocation(tomato_9, location1) := true
  objectAtLocation(mug_10, location10) := true
  atLocation(agent1, location5) := true
]

goals = [
  Exists (Receptacle - Checkable r) Exists (Obj - Checkable o) (inReceptacle(o, r) and objectType(o, keyChainType) and receptacleType(r, ottomanType))
]

quality metrics = [
  minimize sequential-plan-length
]


2025-06-17 11:17:49,587 - INFO - Generating plan for unconstrained problem

2025-06-17 11:17:50,012 - INFO - Unconstrained plan generation time: 0.4250974655151367

2025-06-17 11:17:50,013 - INFO - Unconstrained plan and cost: 
2025-06-17 11:17:50,013 - INFO - SequentialPlan:
    goToLocation(agent1, location5, location8)
    pickupObject(agent1, location8, keyChain_5, coffeeTable_9)
    goToLocation(agent1, location8, location7)
    putObject(agent1, location7, keyChain_5, ottoman_10, keyChainType, ottomanType)
2025-06-17 11:17:50,013 - INFO - 4
2025-06-17 11:17:50,228 - INFO - Sampled constraints:

2025-06-17 11:17:50,228 - INFO - Sometime(atLocation(agent1, location9))
2025-06-17 11:17:50,228 - INFO - 
2025-06-17 11:17:50,228 - INFO - Generation time: 0.21520638465881348

2025-06-17 11:17:50,229 - INFO - Generating plan for constrained problem (with LiftedTCORE).

2025-06-17 11:17:50,267 - INFO - LiftedTCORE compilation time: 0.038335561752319336

2025-06-17 11:17:50,692 - INFO - Planning Time with LiftedTCORE's file: 0.4246809482574463

2025-06-17 11:17:50,693 - INFO - Plan found with LiftedTCORE + sym_bd: SequentialPlan:
    goToLocation(agent1, location5, location8)
    pickupObject(agent1, location8, keyChain_5, coffeeTable_9)
    goToLocation(agent1, location8, location7)
    putObject(agent1, location7, keyChain_5, ottoman_10, keyChainType, ottomanType)
    goToLocation(agent1, location7, location9)
2025-06-17 11:17:50,693 - INFO - Seed: 117 is solvable

2025-06-17 11:17:50,693 - INFO - Unconstrained cost: 4
2025-06-17 11:17:50,693 - INFO - Constrained cost: 5
2025-06-17 11:17:50,693 - INFO - Seed: 117 Plan simulation is feasible
2025-06-17 11:17:50,693 - INFO - 
Seed: 117 
 Plan: [goToLocation(agent1, location5, location8), pickupObject(agent1, location8, keyChain_5, coffeeTable_9), goToLocation(agent1, location8, location7), putObject(agent1, location7, keyChain_5, ottoman_10, keyChainType, ottomanType), goToLocation(agent1, location7, location9)]  
 Cost: 5

