2025-06-17 10:21:46,117 - INFO - 
================= Seed: 736 =================

2025-06-17 10:21:46,122 - INFO - problem name = alfred

types = [ReceptacleType, ObjectType, Checkable, Agent - Checkable, Location - Checkable, Receptacle - Checkable, Obj - Checkable]

fluents = [
  bool atLocation[a=Agent - Checkable, l=Location - Checkable]
  bool receptacleAtLocation[r=Receptacle - Checkable, l=Location - Checkable]
  bool objectAtLocation[o=Obj - Checkable, l=Location - Checkable]
  bool openable[r=Receptacle - Checkable]
  bool opened[r=Receptacle - Checkable]
  bool inReceptacle[o=Obj - Checkable, r=Receptacle - Checkable]
  bool isReceptacleObject[o=Obj - Checkable]
  bool inReceptacleObject[innerObject=Obj - Checkable, outObject=Obj - Checkable]
  bool isReceptacleObjectFull[o=Obj - Checkable]
  bool wasInReceptacle[o=Obj - Checkable, r=Receptacle - Checkable]
  bool checked[c=Checkable]
  bool examined[l=Location - Checkable]
  bool receptacleType[r=Receptacle - Checkable, rt=ReceptacleType]
  bool canContain[rt=ReceptacleType, ot=ObjectType]
  bool objectType[o=Obj - Checkable, t=ObjectType]
  bool holds[a=Agent - Checkable, o=Obj - Checkable]
  bool holdsAny[a=Agent - Checkable]
  bool holdsAnyReceptacleObject[a=Agent - Checkable]
  bool full[r=Receptacle - Checkable]
  bool isClean[o=Obj - Checkable]
  bool cleanable[o=Obj - Checkable]
  bool isHot[o=Obj - Checkable]
  bool heatable[o=Obj - Checkable]
  bool isCool[o=Obj - Checkable]
  bool coolable[o=Obj - Checkable]
  bool pickupable[o=Obj - Checkable]
  bool moveable[o=Obj - Checkable]
  bool toggleable[o=Obj - Checkable]
  bool isOn[o=Obj - Checkable]
  bool isToggled[o=Obj - Checkable]
  bool sliceable[o=Obj - Checkable]
  bool isSliced[o=Obj - Checkable]
]

actions = [
  action look(Agent - Checkable a, Location - Checkable l) {
    preconditions = [
      atLocation(a, l)
    ]
    effects = [
      checked(l) := true
    ]
  }
  action inventory(Agent - Checkable a) {
    preconditions = [
    ]
    effects = [
      checked(a) := true
    ]
  }
  action examineReceptacle(Agent - Checkable a, Receptacle - Checkable r) {
    preconditions = [
      Exists (Location - Checkable l) (atLocation(a, l) and receptacleAtLocation(r, l))
    ]
    effects = [
      checked(r) := true
    ]
  }
  action examineObject(Agent - Checkable a, Obj - Checkable o) {
    preconditions = [
      (Exists (Location - Checkable l) Exists (Receptacle - Checkable r) (atLocation(a, l) and receptacleAtLocation(r, l) and inReceptacle(o, r) and ((not openable(r)) or opened(r))) or holds(a, o))
    ]
    effects = [
      checked(o) := true
    ]
  }
  action goToLocation(Agent - Checkable a, Location - Checkable lstart, Location - Checkable lend) {
    preconditions = [
      atLocation(a, lstart)
    ]
    effects = [
      atLocation(a, lstart) := false
      atLocation(a, lend) := true
    ]
  }
  action openObject(Agent - Checkable a, Location - Checkable l, Receptacle - Checkable r) {
    preconditions = [
      (openable(r) and atLocation(a, l) and receptacleAtLocation(r, l) and (not opened(r)))
    ]
    effects = [
      opened(r) := true
      checked(r) := true
    ]
  }
  action closeObject(Agent - Checkable a, Location - Checkable l, Receptacle - Checkable r) {
    preconditions = [
      (openable(r) and atLocation(a, l) and receptacleAtLocation(r, l) and opened(r))
    ]
    effects = [
      opened(r) := false
    ]
  }
  action pickupObject(Agent - Checkable a, Location - Checkable l, Obj - Checkable o, Receptacle - Checkable r) {
    preconditions = [
      (pickupable(o) and atLocation(a, l) and receptacleAtLocation(r, l) and inReceptacle(o, r) and (not holdsAny(a)) and ((not openable(r)) or opened(r)))
    ]
    effects = [
      inReceptacle(o, r) := false
      holds(a, o) := true
      holdsAny(a) := true
      objectAtLocation(o, l) := false
    ]
  }
  action putObject(Agent - Checkable a, Location - Checkable l, Obj - Checkable o, Receptacle - Checkable r, ObjectType ot, ReceptacleType rt) {
    preconditions = [
      (holds(a, o) and atLocation(a, l) and receptacleAtLocation(r, l) and ((not openable(r)) or opened(r)) and objectType(o, ot) and receptacleType(r, rt) and canContain(rt, ot))
    ]
    effects = [
      inReceptacle(o, r) := true
      objectAtLocation(o, l) := true
      holds(a, o) := false
      holdsAny(a) := false
    ]
  }
  action cleanObject(Agent - Checkable a, Location - Checkable l, Receptacle - Checkable r, Obj - Checkable o) {
    preconditions = [
      (cleanable(o) and receptacleType(r, sinkBasinType) and atLocation(a, l) and receptacleAtLocation(r, l) and holds(a, o))
    ]
    effects = [
      isClean(o) := true
    ]
  }
  action heatObject(Agent - Checkable a, Location - Checkable l, Receptacle - Checkable r, Obj - Checkable o) {
    preconditions = [
      (heatable(o) and receptacleType(r, microwaveType) and atLocation(a, l) and receptacleAtLocation(r, l) and holds(a, o))
    ]
    effects = [
      isHot(o) := true
      isCool(o) := false
    ]
  }
  action coolObject(Agent - Checkable a, Location - Checkable l, Receptacle - Checkable r, Obj - Checkable o) {
    preconditions = [
      (coolable(o) and receptacleType(r, fridgeType) and atLocation(a, l) and receptacleAtLocation(r, l) and holds(a, o))
    ]
    effects = [
      isCool(o) := true
      isHot(o) := false
    ]
  }
  action toggleObject(Agent - Checkable a, Location - Checkable l, Obj - Checkable o, Receptacle - Checkable r) {
    preconditions = [
      (toggleable(o) and atLocation(a, l) and receptacleAtLocation(r, l) and inReceptacle(o, r))
    ]
    effects = [
      if isOn(o) then isOn(o) := false
      if (not isOn(o)) then isOn(o) := true
      isToggled(o) := true
    ]
  }
  action sliceObject(Agent - Checkable a, Location - Checkable l, Obj - Checkable co, Obj - Checkable ko) {
    preconditions = [
      (sliceable(co) and (objectType(ko, knifeType) or objectType(ko, butterKnifeType)) and atLocation(a, l) and objectAtLocation(co, l) and holds(a, ko))
    ]
    effects = [
      isSliced(co) := true
    ]
  }
  action help(Agent - Checkable a) {
    preconditions = [
    ]
    effects = [
      checked(a) := true
    ]
  }
]

objects = [
  ReceptacleType: [sinkBasinType, microwaveType, fridgeType, garbageCanType, shelfType, drawerType, toasterType, toiletPaperHangerType, diningTableType, tvStandType, towelHolderType]
  ObjectType: [knifeType, butterKnifeType, kettleType, soapBottleType, saltShakerType, forkType, cdType, bowlType, plateType, keyChainType, pepperShakerType]
  Checkable: [agent1, location1, location2, location3, location4, location5, location6, location7, location8, location9, location10, garbageCan_1, shelf_2, shelf_3, drawer_4, toaster_5, toiletPaperHanger_6, sinkBasin_7, diningTable_8, tvStand_9, towelHolder_10, kettle_1, soapBottle_2, saltShaker_3, fork_4, cd_5, bowl_6, plate_7, keyChain_8, pepperShaker_9, plate_10]
  Agent - Checkable: [agent1]
  Location - Checkable: [location1, location2, location3, location4, location5, location6, location7, location8, location9, location10]
  Receptacle - Checkable: [garbageCan_1, shelf_2, shelf_3, drawer_4, toaster_5, toiletPaperHanger_6, sinkBasin_7, diningTable_8, tvStand_9, towelHolder_10]
  Obj - Checkable: [kettle_1, soapBottle_2, saltShaker_3, fork_4, cd_5, bowl_6, plate_7, keyChain_8, pepperShaker_9, plate_10]
]

initial fluents default = [
  bool atLocation[a=Agent - Checkable, l=Location - Checkable] := false
  bool receptacleAtLocation[r=Receptacle - Checkable, l=Location - Checkable] := false
  bool objectAtLocation[o=Obj - Checkable, l=Location - Checkable] := false
  bool openable[r=Receptacle - Checkable] := false
  bool opened[r=Receptacle - Checkable] := false
  bool inReceptacle[o=Obj - Checkable, r=Receptacle - Checkable] := false
  bool isReceptacleObject[o=Obj - Checkable] := false
  bool inReceptacleObject[innerObject=Obj - Checkable, outObject=Obj - Checkable] := false
  bool isReceptacleObjectFull[o=Obj - Checkable] := false
  bool wasInReceptacle[o=Obj - Checkable, r=Receptacle - Checkable] := false
  bool checked[c=Checkable] := false
  bool examined[l=Location - Checkable] := false
  bool receptacleType[r=Receptacle - Checkable, rt=ReceptacleType] := false
  bool canContain[rt=ReceptacleType, ot=ObjectType] := false
  bool objectType[o=Obj - Checkable, t=ObjectType] := false
  bool holds[a=Agent - Checkable, o=Obj - Checkable] := false
  bool holdsAny[a=Agent - Checkable] := false
  bool holdsAnyReceptacleObject[a=Agent - Checkable] := false
  bool full[r=Receptacle - Checkable] := false
  bool isClean[o=Obj - Checkable] := false
  bool cleanable[o=Obj - Checkable] := false
  bool isHot[o=Obj - Checkable] := false
  bool heatable[o=Obj - Checkable] := false
  bool isCool[o=Obj - Checkable] := false
  bool coolable[o=Obj - Checkable] := false
  bool pickupable[o=Obj - Checkable] := false
  bool moveable[o=Obj - Checkable] := false
  bool toggleable[o=Obj - Checkable] := false
  bool isOn[o=Obj - Checkable] := false
  bool isToggled[o=Obj - Checkable] := false
  bool sliceable[o=Obj - Checkable] := false
  bool isSliced[o=Obj - Checkable] := false
]

initial values = [
  receptacleType(garbageCan_1, garbageCanType) := true
  receptacleType(shelf_2, shelfType) := true
  receptacleType(shelf_3, shelfType) := true
  receptacleType(drawer_4, drawerType) := true
  receptacleType(toaster_5, toasterType) := true
  receptacleType(toiletPaperHanger_6, toiletPaperHangerType) := true
  receptacleType(sinkBasin_7, sinkBasinType) := true
  receptacleType(diningTable_8, diningTableType) := true
  receptacleType(tvStand_9, tvStandType) := true
  receptacleType(towelHolder_10, towelHolderType) := true
  objectType(kettle_1, kettleType) := true
  objectType(soapBottle_2, soapBottleType) := true
  objectType(saltShaker_3, saltShakerType) := true
  objectType(fork_4, forkType) := true
  objectType(cd_5, cdType) := true
  objectType(bowl_6, bowlType) := true
  objectType(plate_7, plateType) := true
  objectType(keyChain_8, keyChainType) := true
  objectType(pepperShaker_9, pepperShakerType) := true
  objectType(plate_10, plateType) := true
  canContain(garbageCanType, soapBottleType) := true
  canContain(shelfType, kettleType) := true
  canContain(shelfType, soapBottleType) := true
  canContain(shelfType, saltShakerType) := true
  canContain(shelfType, cdType) := true
  canContain(shelfType, bowlType) := true
  canContain(shelfType, plateType) := true
  canContain(shelfType, keyChainType) := true
  canContain(shelfType, pepperShakerType) := true
  canContain(drawerType, soapBottleType) := true
  canContain(drawerType, saltShakerType) := true
  canContain(drawerType, forkType) := true
  canContain(drawerType, keyChainType) := true
  canContain(drawerType, pepperShakerType) := true
  canContain(sinkBasinType, kettleType) := true
  canContain(sinkBasinType, forkType) := true
  canContain(sinkBasinType, bowlType) := true
  canContain(sinkBasinType, plateType) := true
  canContain(diningTableType, kettleType) := true
  canContain(diningTableType, soapBottleType) := true
  canContain(diningTableType, saltShakerType) := true
  canContain(diningTableType, forkType) := true
  canContain(diningTableType, bowlType) := true
  canContain(diningTableType, plateType) := true
  canContain(diningTableType, keyChainType) := true
  canContain(diningTableType, pepperShakerType) := true
  pickupable(kettle_1) := true
  cleanable(kettle_1) := true
  pickupable(soapBottle_2) := true
  pickupable(saltShaker_3) := true
  pickupable(fork_4) := true
  cleanable(fork_4) := true
  pickupable(cd_5) := true
  pickupable(bowl_6) := true
  isReceptacleObject(bowl_6) := true
  cleanable(bowl_6) := true
  coolable(bowl_6) := true
  pickupable(plate_7) := true
  isReceptacleObject(plate_7) := true
  cleanable(plate_7) := true
  heatable(plate_7) := true
  coolable(plate_7) := true
  pickupable(keyChain_8) := true
  pickupable(pepperShaker_9) := true
  pickupable(plate_10) := true
  isReceptacleObject(plate_10) := true
  cleanable(plate_10) := true
  heatable(plate_10) := true
  coolable(plate_10) := true
  receptacleAtLocation(garbageCan_1, location5) := true
  receptacleAtLocation(shelf_2, location10) := true
  receptacleAtLocation(shelf_3, location1) := true
  receptacleAtLocation(drawer_4, location3) := true
  receptacleAtLocation(toaster_5, location8) := true
  receptacleAtLocation(toiletPaperHanger_6, location2) := true
  receptacleAtLocation(sinkBasin_7, location4) := true
  receptacleAtLocation(diningTable_8, location10) := true
  receptacleAtLocation(tvStand_9, location1) := true
  receptacleAtLocation(towelHolder_10, location8) := true
  inReceptacle(kettle_1, sinkBasin_7) := true
  inReceptacle(soapBottle_2, drawer_4) := true
  inReceptacle(fork_4, diningTable_8) := true
  inReceptacle(keyChain_8, shelf_3) := true
  inReceptacle(plate_10, diningTable_8) := true
  objectAtLocation(kettle_1, location4) := true
  objectAtLocation(soapBottle_2, location3) := true
  objectAtLocation(saltShaker_3, location4) := true
  objectAtLocation(fork_4, location10) := true
  objectAtLocation(cd_5, location10) := true
  objectAtLocation(bowl_6, location5) := true
  objectAtLocation(plate_7, location3) := true
  objectAtLocation(keyChain_8, location1) := true
  objectAtLocation(pepperShaker_9, location3) := true
  objectAtLocation(plate_10, location10) := true
  atLocation(agent1, location5) := true
]

goals = [
  Exists (Receptacle - Checkable r) Exists (Obj - Checkable o) (inReceptacle(o, r) and objectType(o, plateType) and receptacleType(r, sinkBasinType))
]

quality metrics = [
  minimize sequential-plan-length
]


2025-06-17 10:21:46,124 - INFO - Generating plan for unconstrained problem

2025-06-17 10:21:46,540 - INFO - Unconstrained plan generation time: 0.4158034324645996

2025-06-17 10:21:46,540 - INFO - Unconstrained plan and cost: 
2025-06-17 10:21:46,540 - INFO - SequentialPlan:
    goToLocation(agent1, location5, location10)
    pickupObject(agent1, location10, plate_10, diningTable_8)
    goToLocation(agent1, location10, location4)
    putObject(agent1, location4, plate_10, sinkBasin_7, plateType, sinkBasinType)
2025-06-17 10:21:46,540 - INFO - 4
2025-06-17 10:21:47,056 - INFO - Sampled constraints:

2025-06-17 10:21:47,056 - INFO - Sometime(atLocation(agent1, location4))
2025-06-17 10:21:47,056 - INFO - Sometime-Before(atLocation(agent1, location4), (checked(location8) or atLocation(agent1, location2)))
2025-06-17 10:21:47,056 - INFO - 
2025-06-17 10:21:47,056 - INFO - Generation time: 0.5151593685150146

2025-06-17 10:21:47,066 - INFO - Generating plan for constrained problem (with LiftedTCORE).

2025-06-17 10:21:47,113 - INFO - LiftedTCORE compilation time: 0.047335147857666016

2025-06-17 10:21:47,571 - INFO - Planning Time with LiftedTCORE's file: 0.45015740394592285

2025-06-17 10:21:47,571 - INFO - Plan found with LiftedTCORE + sym_bd: SequentialPlan:
    goToLocation(agent1, location5, location2)
    goToLocation(agent1, location2, location10)
    pickupObject(agent1, location10, plate_10, diningTable_8)
    goToLocation(agent1, location10, location4)
    putObject(agent1, location4, plate_10, sinkBasin_7, plateType, sinkBasinType)
2025-06-17 10:21:47,571 - INFO - Seed: 736 is solvable

2025-06-17 10:21:47,571 - INFO - Unconstrained cost: 4
2025-06-17 10:21:47,571 - INFO - Constrained cost: 5
2025-06-17 10:21:47,571 - INFO - Seed: 736 Plan simulation is feasible
2025-06-17 10:21:47,571 - INFO - 
Seed: 736 
 Plan: [goToLocation(agent1, location5, location2), goToLocation(agent1, location2, location10), pickupObject(agent1, location10, plate_10, diningTable_8), goToLocation(agent1, location10, location4), putObject(agent1, location4, plate_10, sinkBasin_7, plateType, sinkBasinType)]  
 Cost: 5

