2025-06-17 09:55:18,679 - INFO - 
================= Seed: 432 =================

2025-06-17 09:55:18,691 - INFO - problem name = alfred

types = [ReceptacleType, ObjectType, Checkable, Agent - Checkable, Location - Checkable, Receptacle - Checkable, Obj - Checkable]

fluents = [
  bool atLocation[a=Agent - Checkable, l=Location - Checkable]
  bool receptacleAtLocation[r=Receptacle - Checkable, l=Location - Checkable]
  bool objectAtLocation[o=Obj - Checkable, l=Location - Checkable]
  bool openable[r=Receptacle - Checkable]
  bool opened[r=Receptacle - Checkable]
  bool inReceptacle[o=Obj - Checkable, r=Receptacle - Checkable]
  bool isReceptacleObject[o=Obj - Checkable]
  bool inReceptacleObject[innerObject=Obj - Checkable, outObject=Obj - Checkable]
  bool isReceptacleObjectFull[o=Obj - Checkable]
  bool wasInReceptacle[o=Obj - Checkable, r=Receptacle - Checkable]
  bool checked[c=Checkable]
  bool examined[l=Location - Checkable]
  bool receptacleType[r=Receptacle - Checkable, rt=ReceptacleType]
  bool canContain[rt=ReceptacleType, ot=ObjectType]
  bool objectType[o=Obj - Checkable, t=ObjectType]
  bool holds[a=Agent - Checkable, o=Obj - Checkable]
  bool holdsAny[a=Agent - Checkable]
  bool holdsAnyReceptacleObject[a=Agent - Checkable]
  bool full[r=Receptacle - Checkable]
  bool isClean[o=Obj - Checkable]
  bool cleanable[o=Obj - Checkable]
  bool isHot[o=Obj - Checkable]
  bool heatable[o=Obj - Checkable]
  bool isCool[o=Obj - Checkable]
  bool coolable[o=Obj - Checkable]
  bool pickupable[o=Obj - Checkable]
  bool moveable[o=Obj - Checkable]
  bool toggleable[o=Obj - Checkable]
  bool isOn[o=Obj - Checkable]
  bool isToggled[o=Obj - Checkable]
  bool sliceable[o=Obj - Checkable]
  bool isSliced[o=Obj - Checkable]
]

actions = [
  action look(Agent - Checkable a, Location - Checkable l) {
    preconditions = [
      atLocation(a, l)
    ]
    effects = [
      checked(l) := true
    ]
  }
  action inventory(Agent - Checkable a) {
    preconditions = [
    ]
    effects = [
      checked(a) := true
    ]
  }
  action examineReceptacle(Agent - Checkable a, Receptacle - Checkable r) {
    preconditions = [
      Exists (Location - Checkable l) (atLocation(a, l) and receptacleAtLocation(r, l))
    ]
    effects = [
      checked(r) := true
    ]
  }
  action examineObject(Agent - Checkable a, Obj - Checkable o) {
    preconditions = [
      (Exists (Location - Checkable l) Exists (Receptacle - Checkable r) (atLocation(a, l) and receptacleAtLocation(r, l) and inReceptacle(o, r) and ((not openable(r)) or opened(r))) or holds(a, o))
    ]
    effects = [
      checked(o) := true
    ]
  }
  action goToLocation(Agent - Checkable a, Location - Checkable lstart, Location - Checkable lend) {
    preconditions = [
      atLocation(a, lstart)
    ]
    effects = [
      atLocation(a, lstart) := false
      atLocation(a, lend) := true
    ]
  }
  action openObject(Agent - Checkable a, Location - Checkable l, Receptacle - Checkable r) {
    preconditions = [
      (openable(r) and atLocation(a, l) and receptacleAtLocation(r, l) and (not opened(r)))
    ]
    effects = [
      opened(r) := true
      checked(r) := true
    ]
  }
  action closeObject(Agent - Checkable a, Location - Checkable l, Receptacle - Checkable r) {
    preconditions = [
      (openable(r) and atLocation(a, l) and receptacleAtLocation(r, l) and opened(r))
    ]
    effects = [
      opened(r) := false
    ]
  }
  action pickupObject(Agent - Checkable a, Location - Checkable l, Obj - Checkable o, Receptacle - Checkable r) {
    preconditions = [
      (pickupable(o) and atLocation(a, l) and receptacleAtLocation(r, l) and inReceptacle(o, r) and (not holdsAny(a)) and ((not openable(r)) or opened(r)))
    ]
    effects = [
      inReceptacle(o, r) := false
      holds(a, o) := true
      holdsAny(a) := true
      objectAtLocation(o, l) := false
    ]
  }
  action putObject(Agent - Checkable a, Location - Checkable l, Obj - Checkable o, Receptacle - Checkable r, ObjectType ot, ReceptacleType rt) {
    preconditions = [
      (holds(a, o) and atLocation(a, l) and receptacleAtLocation(r, l) and ((not openable(r)) or opened(r)) and objectType(o, ot) and receptacleType(r, rt) and canContain(rt, ot))
    ]
    effects = [
      inReceptacle(o, r) := true
      objectAtLocation(o, l) := true
      holds(a, o) := false
      holdsAny(a) := false
    ]
  }
  action cleanObject(Agent - Checkable a, Location - Checkable l, Receptacle - Checkable r, Obj - Checkable o) {
    preconditions = [
      (cleanable(o) and receptacleType(r, sinkBasinType) and atLocation(a, l) and receptacleAtLocation(r, l) and holds(a, o))
    ]
    effects = [
      isClean(o) := true
    ]
  }
  action heatObject(Agent - Checkable a, Location - Checkable l, Receptacle - Checkable r, Obj - Checkable o) {
    preconditions = [
      (heatable(o) and receptacleType(r, microwaveType) and atLocation(a, l) and receptacleAtLocation(r, l) and holds(a, o))
    ]
    effects = [
      isHot(o) := true
      isCool(o) := false
    ]
  }
  action coolObject(Agent - Checkable a, Location - Checkable l, Receptacle - Checkable r, Obj - Checkable o) {
    preconditions = [
      (coolable(o) and receptacleType(r, fridgeType) and atLocation(a, l) and receptacleAtLocation(r, l) and holds(a, o))
    ]
    effects = [
      isCool(o) := true
      isHot(o) := false
    ]
  }
  action toggleObject(Agent - Checkable a, Location - Checkable l, Obj - Checkable o, Receptacle - Checkable r) {
    preconditions = [
      (toggleable(o) and atLocation(a, l) and receptacleAtLocation(r, l) and inReceptacle(o, r))
    ]
    effects = [
      if isOn(o) then isOn(o) := false
      if (not isOn(o)) then isOn(o) := true
      isToggled(o) := true
    ]
  }
  action sliceObject(Agent - Checkable a, Location - Checkable l, Obj - Checkable co, Obj - Checkable ko) {
    preconditions = [
      (sliceable(co) and (objectType(ko, knifeType) or objectType(ko, butterKnifeType)) and atLocation(a, l) and objectAtLocation(co, l) and holds(a, ko))
    ]
    effects = [
      isSliced(co) := true
    ]
  }
  action help(Agent - Checkable a) {
    preconditions = [
    ]
    effects = [
      checked(a) := true
    ]
  }
]

objects = [
  ReceptacleType: [sinkBasinType, microwaveType, fridgeType, bathtubBasinType, toiletType, sofaType, toiletPaperHangerType, shelfType, laundryHamperType, deskType, bedType, diningTableType]
  ObjectType: [knifeType, butterKnifeType, candleType, breadType, boxType, tennisRacketType, toiletPaperType, pencilType, spoonType, cdType, ladleType, panType]
  Checkable: [agent1, location1, location2, location3, location4, location5, location6, location7, location8, location9, location10, bathtubBasin_1, toilet_2, sofa_3, toiletPaperHanger_4, shelf_5, laundryHamper_6, desk_7, bed_8, diningTable_9, toiletPaperHanger_10, candle_1, bread_2, box_3, tennisRacket_4, toiletPaper_5, pencil_6, spoon_7, cd_8, ladle_9, pan_10]
  Agent - Checkable: [agent1]
  Location - Checkable: [location1, location2, location3, location4, location5, location6, location7, location8, location9, location10]
  Receptacle - Checkable: [bathtubBasin_1, toilet_2, sofa_3, toiletPaperHanger_4, shelf_5, laundryHamper_6, desk_7, bed_8, diningTable_9, toiletPaperHanger_10]
  Obj - Checkable: [candle_1, bread_2, box_3, tennisRacket_4, toiletPaper_5, pencil_6, spoon_7, cd_8, ladle_9, pan_10]
]

initial fluents default = [
  bool atLocation[a=Agent - Checkable, l=Location - Checkable] := false
  bool receptacleAtLocation[r=Receptacle - Checkable, l=Location - Checkable] := false
  bool objectAtLocation[o=Obj - Checkable, l=Location - Checkable] := false
  bool openable[r=Receptacle - Checkable] := false
  bool opened[r=Receptacle - Checkable] := false
  bool inReceptacle[o=Obj - Checkable, r=Receptacle - Checkable] := false
  bool isReceptacleObject[o=Obj - Checkable] := false
  bool inReceptacleObject[innerObject=Obj - Checkable, outObject=Obj - Checkable] := false
  bool isReceptacleObjectFull[o=Obj - Checkable] := false
  bool wasInReceptacle[o=Obj - Checkable, r=Receptacle - Checkable] := false
  bool checked[c=Checkable] := false
  bool examined[l=Location - Checkable] := false
  bool receptacleType[r=Receptacle - Checkable, rt=ReceptacleType] := false
  bool canContain[rt=ReceptacleType, ot=ObjectType] := false
  bool objectType[o=Obj - Checkable, t=ObjectType] := false
  bool holds[a=Agent - Checkable, o=Obj - Checkable] := false
  bool holdsAny[a=Agent - Checkable] := false
  bool holdsAnyReceptacleObject[a=Agent - Checkable] := false
  bool full[r=Receptacle - Checkable] := false
  bool isClean[o=Obj - Checkable] := false
  bool cleanable[o=Obj - Checkable] := false
  bool isHot[o=Obj - Checkable] := false
  bool heatable[o=Obj - Checkable] := false
  bool isCool[o=Obj - Checkable] := false
  bool coolable[o=Obj - Checkable] := false
  bool pickupable[o=Obj - Checkable] := false
  bool moveable[o=Obj - Checkable] := false
  bool toggleable[o=Obj - Checkable] := false
  bool isOn[o=Obj - Checkable] := false
  bool isToggled[o=Obj - Checkable] := false
  bool sliceable[o=Obj - Checkable] := false
  bool isSliced[o=Obj - Checkable] := false
]

initial values = [
  receptacleType(bathtubBasin_1, bathtubBasinType) := true
  receptacleType(toilet_2, toiletType) := true
  receptacleType(sofa_3, sofaType) := true
  receptacleType(toiletPaperHanger_4, toiletPaperHangerType) := true
  receptacleType(shelf_5, shelfType) := true
  receptacleType(laundryHamper_6, laundryHamperType) := true
  receptacleType(desk_7, deskType) := true
  receptacleType(bed_8, bedType) := true
  receptacleType(diningTable_9, diningTableType) := true
  receptacleType(toiletPaperHanger_10, toiletPaperHangerType) := true
  objectType(candle_1, candleType) := true
  objectType(bread_2, breadType) := true
  objectType(box_3, boxType) := true
  objectType(tennisRacket_4, tennisRacketType) := true
  objectType(toiletPaper_5, toiletPaperType) := true
  objectType(pencil_6, pencilType) := true
  objectType(spoon_7, spoonType) := true
  objectType(cd_8, cdType) := true
  objectType(ladle_9, ladleType) := true
  objectType(pan_10, panType) := true
  canContain(toiletType, candleType) := true
  canContain(toiletType, toiletPaperType) := true
  canContain(sofaType, boxType) := true
  canContain(toiletPaperHangerType, toiletPaperType) := true
  canContain(shelfType, candleType) := true
  canContain(shelfType, boxType) := true
  canContain(shelfType, toiletPaperType) := true
  canContain(shelfType, pencilType) := true
  canContain(shelfType, cdType) := true
  canContain(deskType, candleType) := true
  canContain(deskType, boxType) := true
  canContain(deskType, tennisRacketType) := true
  canContain(deskType, toiletPaperType) := true
  canContain(deskType, pencilType) := true
  canContain(bedType, tennisRacketType) := true
  canContain(diningTableType, candleType) := true
  canContain(diningTableType, breadType) := true
  canContain(diningTableType, boxType) := true
  canContain(diningTableType, tennisRacketType) := true
  canContain(diningTableType, toiletPaperType) := true
  canContain(diningTableType, pencilType) := true
  canContain(diningTableType, spoonType) := true
  canContain(diningTableType, ladleType) := true
  canContain(diningTableType, panType) := true
  pickupable(candle_1) := true
  pickupable(bread_2) := true
  heatable(bread_2) := true
  coolable(bread_2) := true
  sliceable(bread_2) := true
  pickupable(box_3) := true
  isReceptacleObject(box_3) := true
  pickupable(tennisRacket_4) := true
  pickupable(toiletPaper_5) := true
  pickupable(pencil_6) := true
  pickupable(spoon_7) := true
  cleanable(spoon_7) := true
  pickupable(cd_8) := true
  pickupable(ladle_9) := true
  cleanable(ladle_9) := true
  pickupable(pan_10) := true
  isReceptacleObject(pan_10) := true
  cleanable(pan_10) := true
  coolable(pan_10) := true
  receptacleAtLocation(bathtubBasin_1, location8) := true
  receptacleAtLocation(toilet_2, location4) := true
  receptacleAtLocation(sofa_3, location4) := true
  receptacleAtLocation(toiletPaperHanger_4, location8) := true
  receptacleAtLocation(shelf_5, location3) := true
  receptacleAtLocation(laundryHamper_6, location2) := true
  receptacleAtLocation(desk_7, location5) := true
  receptacleAtLocation(bed_8, location2) := true
  receptacleAtLocation(diningTable_9, location9) := true
  receptacleAtLocation(toiletPaperHanger_10, location6) := true
  inReceptacle(cd_8, shelf_5) := true
  inReceptacle(ladle_9, diningTable_9) := true
  objectAtLocation(candle_1, location2) := true
  objectAtLocation(bread_2, location5) := true
  objectAtLocation(box_3, location6) := true
  objectAtLocation(tennisRacket_4, location9) := true
  objectAtLocation(toiletPaper_5, location7) := true
  objectAtLocation(pencil_6, location10) := true
  objectAtLocation(spoon_7, location5) := true
  objectAtLocation(cd_8, location3) := true
  objectAtLocation(ladle_9, location9) := true
  objectAtLocation(pan_10, location7) := true
  atLocation(agent1, location1) := true
]

goals = [
  Exists (Receptacle - Checkable r) Exists (Obj - Checkable o) (inReceptacle(o, r) and objectType(o, toiletPaperType) and receptacleType(r, shelfType))
]

quality metrics = [
  minimize sequential-plan-length
]


2025-06-17 09:55:18,695 - INFO - Generating plan for unconstrained problem

2025-06-17 09:55:19,048 - INFO - Unconstrained plan generation time: 0.3526623249053955

