2025-06-17 10:21:37,863 - INFO - 
================= Seed: 718 =================

2025-06-17 10:21:37,868 - INFO - problem name = alfred

types = [ReceptacleType, ObjectType, Checkable, Agent - Checkable, Location - Checkable, Receptacle - Checkable, Obj - Checkable]

fluents = [
  bool atLocation[a=Agent - Checkable, l=Location - Checkable]
  bool receptacleAtLocation[r=Receptacle - Checkable, l=Location - Checkable]
  bool objectAtLocation[o=Obj - Checkable, l=Location - Checkable]
  bool openable[r=Receptacle - Checkable]
  bool opened[r=Receptacle - Checkable]
  bool inReceptacle[o=Obj - Checkable, r=Receptacle - Checkable]
  bool isReceptacleObject[o=Obj - Checkable]
  bool inReceptacleObject[innerObject=Obj - Checkable, outObject=Obj - Checkable]
  bool isReceptacleObjectFull[o=Obj - Checkable]
  bool wasInReceptacle[o=Obj - Checkable, r=Receptacle - Checkable]
  bool checked[c=Checkable]
  bool examined[l=Location - Checkable]
  bool receptacleType[r=Receptacle - Checkable, rt=ReceptacleType]
  bool canContain[rt=ReceptacleType, ot=ObjectType]
  bool objectType[o=Obj - Checkable, t=ObjectType]
  bool holds[a=Agent - Checkable, o=Obj - Checkable]
  bool holdsAny[a=Agent - Checkable]
  bool holdsAnyReceptacleObject[a=Agent - Checkable]
  bool full[r=Receptacle - Checkable]
  bool isClean[o=Obj - Checkable]
  bool cleanable[o=Obj - Checkable]
  bool isHot[o=Obj - Checkable]
  bool heatable[o=Obj - Checkable]
  bool isCool[o=Obj - Checkable]
  bool coolable[o=Obj - Checkable]
  bool pickupable[o=Obj - Checkable]
  bool moveable[o=Obj - Checkable]
  bool toggleable[o=Obj - Checkable]
  bool isOn[o=Obj - Checkable]
  bool isToggled[o=Obj - Checkable]
  bool sliceable[o=Obj - Checkable]
  bool isSliced[o=Obj - Checkable]
]

actions = [
  action look(Agent - Checkable a, Location - Checkable l) {
    preconditions = [
      atLocation(a, l)
    ]
    effects = [
      checked(l) := true
    ]
  }
  action inventory(Agent - Checkable a) {
    preconditions = [
    ]
    effects = [
      checked(a) := true
    ]
  }
  action examineReceptacle(Agent - Checkable a, Receptacle - Checkable r) {
    preconditions = [
      Exists (Location - Checkable l) (atLocation(a, l) and receptacleAtLocation(r, l))
    ]
    effects = [
      checked(r) := true
    ]
  }
  action examineObject(Agent - Checkable a, Obj - Checkable o) {
    preconditions = [
      (Exists (Location - Checkable l) Exists (Receptacle - Checkable r) (atLocation(a, l) and receptacleAtLocation(r, l) and inReceptacle(o, r) and ((not openable(r)) or opened(r))) or holds(a, o))
    ]
    effects = [
      checked(o) := true
    ]
  }
  action goToLocation(Agent - Checkable a, Location - Checkable lstart, Location - Checkable lend) {
    preconditions = [
      atLocation(a, lstart)
    ]
    effects = [
      atLocation(a, lstart) := false
      atLocation(a, lend) := true
    ]
  }
  action openObject(Agent - Checkable a, Location - Checkable l, Receptacle - Checkable r) {
    preconditions = [
      (openable(r) and atLocation(a, l) and receptacleAtLocation(r, l) and (not opened(r)))
    ]
    effects = [
      opened(r) := true
      checked(r) := true
    ]
  }
  action closeObject(Agent - Checkable a, Location - Checkable l, Receptacle - Checkable r) {
    preconditions = [
      (openable(r) and atLocation(a, l) and receptacleAtLocation(r, l) and opened(r))
    ]
    effects = [
      opened(r) := false
    ]
  }
  action pickupObject(Agent - Checkable a, Location - Checkable l, Obj - Checkable o, Receptacle - Checkable r) {
    preconditions = [
      (pickupable(o) and atLocation(a, l) and receptacleAtLocation(r, l) and inReceptacle(o, r) and (not holdsAny(a)) and ((not openable(r)) or opened(r)))
    ]
    effects = [
      inReceptacle(o, r) := false
      holds(a, o) := true
      holdsAny(a) := true
      objectAtLocation(o, l) := false
    ]
  }
  action putObject(Agent - Checkable a, Location - Checkable l, Obj - Checkable o, Receptacle - Checkable r, ObjectType ot, ReceptacleType rt) {
    preconditions = [
      (holds(a, o) and atLocation(a, l) and receptacleAtLocation(r, l) and ((not openable(r)) or opened(r)) and objectType(o, ot) and receptacleType(r, rt) and canContain(rt, ot))
    ]
    effects = [
      inReceptacle(o, r) := true
      objectAtLocation(o, l) := true
      holds(a, o) := false
      holdsAny(a) := false
    ]
  }
  action cleanObject(Agent - Checkable a, Location - Checkable l, Receptacle - Checkable r, Obj - Checkable o) {
    preconditions = [
      (cleanable(o) and receptacleType(r, sinkBasinType) and atLocation(a, l) and receptacleAtLocation(r, l) and holds(a, o))
    ]
    effects = [
      isClean(o) := true
    ]
  }
  action heatObject(Agent - Checkable a, Location - Checkable l, Receptacle - Checkable r, Obj - Checkable o) {
    preconditions = [
      (heatable(o) and receptacleType(r, microwaveType) and atLocation(a, l) and receptacleAtLocation(r, l) and holds(a, o))
    ]
    effects = [
      isHot(o) := true
      isCool(o) := false
    ]
  }
  action coolObject(Agent - Checkable a, Location - Checkable l, Receptacle - Checkable r, Obj - Checkable o) {
    preconditions = [
      (coolable(o) and receptacleType(r, fridgeType) and atLocation(a, l) and receptacleAtLocation(r, l) and holds(a, o))
    ]
    effects = [
      isCool(o) := true
      isHot(o) := false
    ]
  }
  action toggleObject(Agent - Checkable a, Location - Checkable l, Obj - Checkable o, Receptacle - Checkable r) {
    preconditions = [
      (toggleable(o) and atLocation(a, l) and receptacleAtLocation(r, l) and inReceptacle(o, r))
    ]
    effects = [
      if isOn(o) then isOn(o) := false
      if (not isOn(o)) then isOn(o) := true
      isToggled(o) := true
    ]
  }
  action sliceObject(Agent - Checkable a, Location - Checkable l, Obj - Checkable co, Obj - Checkable ko) {
    preconditions = [
      (sliceable(co) and (objectType(ko, knifeType) or objectType(ko, butterKnifeType)) and atLocation(a, l) and objectAtLocation(co, l) and holds(a, ko))
    ]
    effects = [
      isSliced(co) := true
    ]
  }
  action help(Agent - Checkable a) {
    preconditions = [
    ]
    effects = [
      checked(a) := true
    ]
  }
]

objects = [
  ReceptacleType: [sinkBasinType, microwaveType, fridgeType, garbageCanType, laundryHamperType, toiletType, tvStandType, toiletPaperHangerType, coffeeTableType, cabinetType, diningTableType, ottomanType]
  ObjectType: [knifeType, butterKnifeType, soapBarType, statueType, ladleType, laptopType, keyChainType, handTowelType, toiletPaperType, boxType]
  Checkable: [agent1, location1, location2, location3, location4, location5, location6, location7, location8, location9, location10, garbageCan_1, laundryHamper_2, toilet_3, fridge_4, tvStand_5, toiletPaperHanger_6, coffeeTable_7, cabinet_8, diningTable_9, ottoman_10, soapBar_1, statue_2, ladle_3, laptop_4, statue_5, keyChain_6, handTowel_7, soapBar_8, toiletPaper_9, box_10]
  Agent - Checkable: [agent1]
  Location - Checkable: [location1, location2, location3, location4, location5, location6, location7, location8, location9, location10]
  Receptacle - Checkable: [garbageCan_1, laundryHamper_2, toilet_3, fridge_4, tvStand_5, toiletPaperHanger_6, coffeeTable_7, cabinet_8, diningTable_9, ottoman_10]
  Obj - Checkable: [soapBar_1, statue_2, ladle_3, laptop_4, statue_5, keyChain_6, handTowel_7, soapBar_8, toiletPaper_9, box_10]
]

initial fluents default = [
  bool atLocation[a=Agent - Checkable, l=Location - Checkable] := false
  bool receptacleAtLocation[r=Receptacle - Checkable, l=Location - Checkable] := false
  bool objectAtLocation[o=Obj - Checkable, l=Location - Checkable] := false
  bool openable[r=Receptacle - Checkable] := false
  bool opened[r=Receptacle - Checkable] := false
  bool inReceptacle[o=Obj - Checkable, r=Receptacle - Checkable] := false
  bool isReceptacleObject[o=Obj - Checkable] := false
  bool inReceptacleObject[innerObject=Obj - Checkable, outObject=Obj - Checkable] := false
  bool isReceptacleObjectFull[o=Obj - Checkable] := false
  bool wasInReceptacle[o=Obj - Checkable, r=Receptacle - Checkable] := false
  bool checked[c=Checkable] := false
  bool examined[l=Location - Checkable] := false
  bool receptacleType[r=Receptacle - Checkable, rt=ReceptacleType] := false
  bool canContain[rt=ReceptacleType, ot=ObjectType] := false
  bool objectType[o=Obj - Checkable, t=ObjectType] := false
  bool holds[a=Agent - Checkable, o=Obj - Checkable] := false
  bool holdsAny[a=Agent - Checkable] := false
  bool holdsAnyReceptacleObject[a=Agent - Checkable] := false
  bool full[r=Receptacle - Checkable] := false
  bool isClean[o=Obj - Checkable] := false
  bool cleanable[o=Obj - Checkable] := false
  bool isHot[o=Obj - Checkable] := false
  bool heatable[o=Obj - Checkable] := false
  bool isCool[o=Obj - Checkable] := false
  bool coolable[o=Obj - Checkable] := false
  bool pickupable[o=Obj - Checkable] := false
  bool moveable[o=Obj - Checkable] := false
  bool toggleable[o=Obj - Checkable] := false
  bool isOn[o=Obj - Checkable] := false
  bool isToggled[o=Obj - Checkable] := false
  bool sliceable[o=Obj - Checkable] := false
  bool isSliced[o=Obj - Checkable] := false
]

initial values = [
  receptacleType(garbageCan_1, garbageCanType) := true
  receptacleType(laundryHamper_2, laundryHamperType) := true
  receptacleType(toilet_3, toiletType) := true
  receptacleType(fridge_4, fridgeType) := true
  receptacleType(tvStand_5, tvStandType) := true
  receptacleType(toiletPaperHanger_6, toiletPaperHangerType) := true
  receptacleType(coffeeTable_7, coffeeTableType) := true
  receptacleType(cabinet_8, cabinetType) := true
  receptacleType(diningTable_9, diningTableType) := true
  receptacleType(ottoman_10, ottomanType) := true
  objectType(soapBar_1, soapBarType) := true
  objectType(statue_2, statueType) := true
  objectType(ladle_3, ladleType) := true
  objectType(laptop_4, laptopType) := true
  objectType(statue_5, statueType) := true
  objectType(keyChain_6, keyChainType) := true
  objectType(handTowel_7, handTowelType) := true
  objectType(soapBar_8, soapBarType) := true
  objectType(toiletPaper_9, toiletPaperType) := true
  objectType(box_10, boxType) := true
  canContain(garbageCanType, soapBarType) := true
  canContain(garbageCanType, handTowelType) := true
  canContain(garbageCanType, toiletPaperType) := true
  canContain(toiletType, soapBarType) := true
  canContain(toiletType, handTowelType) := true
  canContain(toiletType, toiletPaperType) := true
  canContain(toiletPaperHangerType, toiletPaperType) := true
  canContain(coffeeTableType, soapBarType) := true
  canContain(coffeeTableType, statueType) := true
  canContain(coffeeTableType, ladleType) := true
  canContain(coffeeTableType, laptopType) := true
  canContain(coffeeTableType, keyChainType) := true
  canContain(coffeeTableType, handTowelType) := true
  canContain(coffeeTableType, toiletPaperType) := true
  canContain(coffeeTableType, boxType) := true
  canContain(cabinetType, soapBarType) := true
  canContain(cabinetType, ladleType) := true
  canContain(cabinetType, handTowelType) := true
  canContain(cabinetType, toiletPaperType) := true
  canContain(cabinetType, boxType) := true
  canContain(diningTableType, soapBarType) := true
  canContain(diningTableType, statueType) := true
  canContain(diningTableType, ladleType) := true
  canContain(diningTableType, laptopType) := true
  canContain(diningTableType, keyChainType) := true
  canContain(diningTableType, handTowelType) := true
  canContain(diningTableType, toiletPaperType) := true
  canContain(diningTableType, boxType) := true
  canContain(ottomanType, laptopType) := true
  canContain(ottomanType, keyChainType) := true
  canContain(ottomanType, boxType) := true
  pickupable(soapBar_1) := true
  cleanable(soapBar_1) := true
  pickupable(statue_2) := true
  pickupable(ladle_3) := true
  cleanable(ladle_3) := true
  pickupable(laptop_4) := true
  pickupable(statue_5) := true
  pickupable(keyChain_6) := true
  pickupable(handTowel_7) := true
  pickupable(soapBar_8) := true
  cleanable(soapBar_8) := true
  pickupable(toiletPaper_9) := true
  pickupable(box_10) := true
  isReceptacleObject(box_10) := true
  receptacleAtLocation(garbageCan_1, location1) := true
  receptacleAtLocation(laundryHamper_2, location6) := true
  receptacleAtLocation(toilet_3, location10) := true
  receptacleAtLocation(fridge_4, location2) := true
  receptacleAtLocation(tvStand_5, location6) := true
  receptacleAtLocation(toiletPaperHanger_6, location4) := true
  receptacleAtLocation(coffeeTable_7, location1) := true
  receptacleAtLocation(cabinet_8, location1) := true
  receptacleAtLocation(diningTable_9, location7) := true
  receptacleAtLocation(ottoman_10, location1) := true
  inReceptacle(keyChain_6, ottoman_10) := true
  inReceptacle(handTowel_7, cabinet_8) := true
  inReceptacle(soapBar_8, coffeeTable_7) := true
  objectAtLocation(soapBar_1, location7) := true
  objectAtLocation(statue_2, location5) := true
  objectAtLocation(ladle_3, location10) := true
  objectAtLocation(laptop_4, location1) := true
  objectAtLocation(statue_5, location7) := true
  objectAtLocation(keyChain_6, location1) := true
  objectAtLocation(handTowel_7, location1) := true
  objectAtLocation(soapBar_8, location1) := true
  objectAtLocation(toiletPaper_9, location10) := true
  objectAtLocation(box_10, location5) := true
  atLocation(agent1, location9) := true
]

goals = [
  Exists (Receptacle - Checkable r) Exists (Obj - Checkable o) (inReceptacle(o, r) and objectType(o, toiletPaperType) and receptacleType(r, coffeeTableType))
]

quality metrics = [
  minimize sequential-plan-length
]


2025-06-17 10:21:37,870 - INFO - Generating plan for unconstrained problem

2025-06-17 10:21:38,179 - INFO - Unconstrained plan generation time: 0.30912351608276367

