2025-06-17 09:57:21,238 - INFO - 
================= Seed: 589 =================

2025-06-17 09:57:21,250 - INFO - problem name = alfred

types = [ReceptacleType, ObjectType, Checkable, Agent - Checkable, Location - Checkable, Receptacle - Checkable, Obj - Checkable]

fluents = [
  bool atLocation[a=Agent - Checkable, l=Location - Checkable]
  bool receptacleAtLocation[r=Receptacle - Checkable, l=Location - Checkable]
  bool objectAtLocation[o=Obj - Checkable, l=Location - Checkable]
  bool openable[r=Receptacle - Checkable]
  bool opened[r=Receptacle - Checkable]
  bool inReceptacle[o=Obj - Checkable, r=Receptacle - Checkable]
  bool isReceptacleObject[o=Obj - Checkable]
  bool inReceptacleObject[innerObject=Obj - Checkable, outObject=Obj - Checkable]
  bool isReceptacleObjectFull[o=Obj - Checkable]
  bool wasInReceptacle[o=Obj - Checkable, r=Receptacle - Checkable]
  bool checked[c=Checkable]
  bool examined[l=Location - Checkable]
  bool receptacleType[r=Receptacle - Checkable, rt=ReceptacleType]
  bool canContain[rt=ReceptacleType, ot=ObjectType]
  bool objectType[o=Obj - Checkable, t=ObjectType]
  bool holds[a=Agent - Checkable, o=Obj - Checkable]
  bool holdsAny[a=Agent - Checkable]
  bool holdsAnyReceptacleObject[a=Agent - Checkable]
  bool full[r=Receptacle - Checkable]
  bool isClean[o=Obj - Checkable]
  bool cleanable[o=Obj - Checkable]
  bool isHot[o=Obj - Checkable]
  bool heatable[o=Obj - Checkable]
  bool isCool[o=Obj - Checkable]
  bool coolable[o=Obj - Checkable]
  bool pickupable[o=Obj - Checkable]
  bool moveable[o=Obj - Checkable]
  bool toggleable[o=Obj - Checkable]
  bool isOn[o=Obj - Checkable]
  bool isToggled[o=Obj - Checkable]
  bool sliceable[o=Obj - Checkable]
  bool isSliced[o=Obj - Checkable]
]

actions = [
  action look(Agent - Checkable a, Location - Checkable l) {
    preconditions = [
      atLocation(a, l)
    ]
    effects = [
      checked(l) := true
    ]
  }
  action inventory(Agent - Checkable a) {
    preconditions = [
    ]
    effects = [
      checked(a) := true
    ]
  }
  action examineReceptacle(Agent - Checkable a, Receptacle - Checkable r) {
    preconditions = [
      Exists (Location - Checkable l) (atLocation(a, l) and receptacleAtLocation(r, l))
    ]
    effects = [
      checked(r) := true
    ]
  }
  action examineObject(Agent - Checkable a, Obj - Checkable o) {
    preconditions = [
      (Exists (Location - Checkable l) Exists (Receptacle - Checkable r) (atLocation(a, l) and receptacleAtLocation(r, l) and inReceptacle(o, r) and ((not openable(r)) or opened(r))) or holds(a, o))
    ]
    effects = [
      checked(o) := true
    ]
  }
  action goToLocation(Agent - Checkable a, Location - Checkable lstart, Location - Checkable lend) {
    preconditions = [
      atLocation(a, lstart)
    ]
    effects = [
      atLocation(a, lstart) := false
      atLocation(a, lend) := true
    ]
  }
  action openObject(Agent - Checkable a, Location - Checkable l, Receptacle - Checkable r) {
    preconditions = [
      (openable(r) and atLocation(a, l) and receptacleAtLocation(r, l) and (not opened(r)))
    ]
    effects = [
      opened(r) := true
      checked(r) := true
    ]
  }
  action closeObject(Agent - Checkable a, Location - Checkable l, Receptacle - Checkable r) {
    preconditions = [
      (openable(r) and atLocation(a, l) and receptacleAtLocation(r, l) and opened(r))
    ]
    effects = [
      opened(r) := false
    ]
  }
  action pickupObject(Agent - Checkable a, Location - Checkable l, Obj - Checkable o, Receptacle - Checkable r) {
    preconditions = [
      (pickupable(o) and atLocation(a, l) and receptacleAtLocation(r, l) and inReceptacle(o, r) and (not holdsAny(a)) and ((not openable(r)) or opened(r)))
    ]
    effects = [
      inReceptacle(o, r) := false
      holds(a, o) := true
      holdsAny(a) := true
      objectAtLocation(o, l) := false
    ]
  }
  action putObject(Agent - Checkable a, Location - Checkable l, Obj - Checkable o, Receptacle - Checkable r, ObjectType ot, ReceptacleType rt) {
    preconditions = [
      (holds(a, o) and atLocation(a, l) and receptacleAtLocation(r, l) and ((not openable(r)) or opened(r)) and objectType(o, ot) and receptacleType(r, rt) and canContain(rt, ot))
    ]
    effects = [
      inReceptacle(o, r) := true
      objectAtLocation(o, l) := true
      holds(a, o) := false
      holdsAny(a) := false
    ]
  }
  action cleanObject(Agent - Checkable a, Location - Checkable l, Receptacle - Checkable r, Obj - Checkable o) {
    preconditions = [
      (cleanable(o) and receptacleType(r, sinkBasinType) and atLocation(a, l) and receptacleAtLocation(r, l) and holds(a, o))
    ]
    effects = [
      isClean(o) := true
    ]
  }
  action heatObject(Agent - Checkable a, Location - Checkable l, Receptacle - Checkable r, Obj - Checkable o) {
    preconditions = [
      (heatable(o) and receptacleType(r, microwaveType) and atLocation(a, l) and receptacleAtLocation(r, l) and holds(a, o))
    ]
    effects = [
      isHot(o) := true
      isCool(o) := false
    ]
  }
  action coolObject(Agent - Checkable a, Location - Checkable l, Receptacle - Checkable r, Obj - Checkable o) {
    preconditions = [
      (coolable(o) and receptacleType(r, fridgeType) and atLocation(a, l) and receptacleAtLocation(r, l) and holds(a, o))
    ]
    effects = [
      isCool(o) := true
      isHot(o) := false
    ]
  }
  action toggleObject(Agent - Checkable a, Location - Checkable l, Obj - Checkable o, Receptacle - Checkable r) {
    preconditions = [
      (toggleable(o) and atLocation(a, l) and receptacleAtLocation(r, l) and inReceptacle(o, r))
    ]
    effects = [
      if isOn(o) then isOn(o) := false
      if (not isOn(o)) then isOn(o) := true
      isToggled(o) := true
    ]
  }
  action sliceObject(Agent - Checkable a, Location - Checkable l, Obj - Checkable co, Obj - Checkable ko) {
    preconditions = [
      (sliceable(co) and (objectType(ko, knifeType) or objectType(ko, butterKnifeType)) and atLocation(a, l) and objectAtLocation(co, l) and holds(a, ko))
    ]
    effects = [
      isSliced(co) := true
    ]
  }
  action help(Agent - Checkable a) {
    preconditions = [
    ]
    effects = [
      checked(a) := true
    ]
  }
]

objects = [
  ReceptacleType: [sinkBasinType, microwaveType, fridgeType, toiletType, handTowelHolderType, dresserType, diningTableType, counterTopType]
  ObjectType: [knifeType, butterKnifeType, newspaperType, remoteControlType, panType, pencilType, soapBarType, laptopType, candleType, plateType, mugType]
  Checkable: [agent1, location1, location2, location3, location4, location5, location6, location7, location8, location9, location10, sinkBasin_1, microwave_2, toilet_3, fridge_4, handTowelHolder_5, dresser_6, toilet_7, diningTable_8, fridge_9, counterTop_10, newspaper_1, remoteControl_2, pan_3, pencil_4, soapBar_5, laptop_6, candle_7, plate_8, remoteControl_9, mug_10]
  Agent - Checkable: [agent1]
  Location - Checkable: [location1, location2, location3, location4, location5, location6, location7, location8, location9, location10]
  Receptacle - Checkable: [sinkBasin_1, microwave_2, toilet_3, fridge_4, handTowelHolder_5, dresser_6, toilet_7, diningTable_8, fridge_9, counterTop_10]
  Obj - Checkable: [newspaper_1, remoteControl_2, pan_3, pencil_4, soapBar_5, laptop_6, candle_7, plate_8, remoteControl_9, mug_10]
]

initial fluents default = [
  bool atLocation[a=Agent - Checkable, l=Location - Checkable] := false
  bool receptacleAtLocation[r=Receptacle - Checkable, l=Location - Checkable] := false
  bool objectAtLocation[o=Obj - Checkable, l=Location - Checkable] := false
  bool openable[r=Receptacle - Checkable] := false
  bool opened[r=Receptacle - Checkable] := false
  bool inReceptacle[o=Obj - Checkable, r=Receptacle - Checkable] := false
  bool isReceptacleObject[o=Obj - Checkable] := false
  bool inReceptacleObject[innerObject=Obj - Checkable, outObject=Obj - Checkable] := false
  bool isReceptacleObjectFull[o=Obj - Checkable] := false
  bool wasInReceptacle[o=Obj - Checkable, r=Receptacle - Checkable] := false
  bool checked[c=Checkable] := false
  bool examined[l=Location - Checkable] := false
  bool receptacleType[r=Receptacle - Checkable, rt=ReceptacleType] := false
  bool canContain[rt=ReceptacleType, ot=ObjectType] := false
  bool objectType[o=Obj - Checkable, t=ObjectType] := false
  bool holds[a=Agent - Checkable, o=Obj - Checkable] := false
  bool holdsAny[a=Agent - Checkable] := false
  bool holdsAnyReceptacleObject[a=Agent - Checkable] := false
  bool full[r=Receptacle - Checkable] := false
  bool isClean[o=Obj - Checkable] := false
  bool cleanable[o=Obj - Checkable] := false
  bool isHot[o=Obj - Checkable] := false
  bool heatable[o=Obj - Checkable] := false
  bool isCool[o=Obj - Checkable] := false
  bool coolable[o=Obj - Checkable] := false
  bool pickupable[o=Obj - Checkable] := false
  bool moveable[o=Obj - Checkable] := false
  bool toggleable[o=Obj - Checkable] := false
  bool isOn[o=Obj - Checkable] := false
  bool isToggled[o=Obj - Checkable] := false
  bool sliceable[o=Obj - Checkable] := false
  bool isSliced[o=Obj - Checkable] := false
]

initial values = [
  receptacleType(sinkBasin_1, sinkBasinType) := true
  receptacleType(microwave_2, microwaveType) := true
  receptacleType(toilet_3, toiletType) := true
  receptacleType(fridge_4, fridgeType) := true
  receptacleType(handTowelHolder_5, handTowelHolderType) := true
  receptacleType(dresser_6, dresserType) := true
  receptacleType(toilet_7, toiletType) := true
  receptacleType(diningTable_8, diningTableType) := true
  receptacleType(fridge_9, fridgeType) := true
  receptacleType(counterTop_10, counterTopType) := true
  objectType(newspaper_1, newspaperType) := true
  objectType(remoteControl_2, remoteControlType) := true
  objectType(pan_3, panType) := true
  objectType(pencil_4, pencilType) := true
  objectType(soapBar_5, soapBarType) := true
  objectType(laptop_6, laptopType) := true
  objectType(candle_7, candleType) := true
  objectType(plate_8, plateType) := true
  objectType(remoteControl_9, remoteControlType) := true
  objectType(mug_10, mugType) := true
  canContain(sinkBasinType, panType) := true
  canContain(sinkBasinType, soapBarType) := true
  canContain(sinkBasinType, plateType) := true
  canContain(sinkBasinType, mugType) := true
  canContain(microwaveType, plateType) := true
  canContain(microwaveType, mugType) := true
  canContain(toiletType, newspaperType) := true
  canContain(toiletType, soapBarType) := true
  canContain(toiletType, candleType) := true
  canContain(fridgeType, panType) := true
  canContain(fridgeType, plateType) := true
  canContain(fridgeType, mugType) := true
  canContain(dresserType, newspaperType) := true
  canContain(dresserType, remoteControlType) := true
  canContain(dresserType, pencilType) := true
  canContain(dresserType, laptopType) := true
  canContain(dresserType, candleType) := true
  canContain(dresserType, plateType) := true
  canContain(dresserType, mugType) := true
  canContain(diningTableType, newspaperType) := true
  canContain(diningTableType, remoteControlType) := true
  canContain(diningTableType, panType) := true
  canContain(diningTableType, pencilType) := true
  canContain(diningTableType, soapBarType) := true
  canContain(diningTableType, laptopType) := true
  canContain(diningTableType, candleType) := true
  canContain(diningTableType, plateType) := true
  canContain(diningTableType, mugType) := true
  canContain(counterTopType, newspaperType) := true
  canContain(counterTopType, remoteControlType) := true
  canContain(counterTopType, panType) := true
  canContain(counterTopType, pencilType) := true
  canContain(counterTopType, soapBarType) := true
  canContain(counterTopType, laptopType) := true
  canContain(counterTopType, candleType) := true
  canContain(counterTopType, plateType) := true
  canContain(counterTopType, mugType) := true
  pickupable(newspaper_1) := true
  pickupable(remoteControl_2) := true
  pickupable(pan_3) := true
  isReceptacleObject(pan_3) := true
  cleanable(pan_3) := true
  coolable(pan_3) := true
  pickupable(pencil_4) := true
  pickupable(soapBar_5) := true
  cleanable(soapBar_5) := true
  pickupable(laptop_6) := true
  pickupable(candle_7) := true
  pickupable(plate_8) := true
  isReceptacleObject(plate_8) := true
  cleanable(plate_8) := true
  heatable(plate_8) := true
  coolable(plate_8) := true
  pickupable(remoteControl_9) := true
  pickupable(mug_10) := true
  isReceptacleObject(mug_10) := true
  cleanable(mug_10) := true
  heatable(mug_10) := true
  coolable(mug_10) := true
  receptacleAtLocation(sinkBasin_1, location3) := true
  receptacleAtLocation(microwave_2, location4) := true
  receptacleAtLocation(toilet_3, location7) := true
  receptacleAtLocation(fridge_4, location10) := true
  receptacleAtLocation(handTowelHolder_5, location9) := true
  receptacleAtLocation(dresser_6, location3) := true
  receptacleAtLocation(toilet_7, location3) := true
  receptacleAtLocation(diningTable_8, location5) := true
  receptacleAtLocation(fridge_9, location9) := true
  receptacleAtLocation(counterTop_10, location1) := true
  inReceptacle(newspaper_1, toilet_7) := true
  inReceptacle(pan_3, diningTable_8) := true
  inReceptacle(soapBar_5, counterTop_10) := true
  inReceptacle(plate_8, counterTop_10) := true
  objectAtLocation(newspaper_1, location3) := true
  objectAtLocation(remoteControl_2, location3) := true
  objectAtLocation(pan_3, location5) := true
  objectAtLocation(pencil_4, location9) := true
  objectAtLocation(soapBar_5, location1) := true
  objectAtLocation(laptop_6, location5) := true
  objectAtLocation(candle_7, location7) := true
  objectAtLocation(plate_8, location1) := true
  objectAtLocation(remoteControl_9, location8) := true
  objectAtLocation(mug_10, location8) := true
  atLocation(agent1, location6) := true
]

goals = [
  Exists (Receptacle - Checkable r) Exists (Obj - Checkable o) (coolable(o) and objectType(o, plateType) and receptacleType(r, sinkBasinType) and isCool(o) and inReceptacle(o, r))
]

quality metrics = [
  minimize sequential-plan-length
]


2025-06-17 09:57:21,254 - INFO - Generating plan for unconstrained problem

2025-06-17 09:57:21,705 - INFO - Unconstrained plan generation time: 0.4506399631500244

2025-06-17 09:57:21,705 - INFO - Unconstrained plan and cost: 
2025-06-17 09:57:21,705 - INFO - SequentialPlan:
    goToLocation(agent1, location6, location1)
    pickupObject(agent1, location1, plate_8, counterTop_10)
    goToLocation(agent1, location1, location10)
    coolObject(agent1, location10, fridge_4, plate_8)
    goToLocation(agent1, location10, location3)
    putObject(agent1, location3, plate_8, sinkBasin_1, plateType, sinkBasinType)
2025-06-17 09:57:21,705 - INFO - 6
2025-06-17 09:57:22,274 - INFO - Sampled constraints:

2025-06-17 09:57:22,274 - INFO - Sometime(atLocation(agent1, location10))
2025-06-17 09:57:22,274 - INFO - Sometime-Before(atLocation(agent1, location10), (checked(sinkBasin_1) or atLocation(agent1, location2)))
2025-06-17 09:57:22,274 - INFO - 
2025-06-17 09:57:22,274 - INFO - Generation time: 0.5682308673858643

2025-06-17 09:57:22,282 - INFO - Generating plan for constrained problem (with LiftedTCORE).

2025-06-17 09:57:22,327 - INFO - LiftedTCORE compilation time: 0.04514622688293457

2025-06-17 09:57:22,852 - INFO - Planning Time with LiftedTCORE's file: 0.5166938304901123

2025-06-17 09:57:22,852 - INFO - Plan found with LiftedTCORE + sym_bd: SequentialPlan:
    goToLocation(agent1, location6, location2)
    goToLocation(agent1, location2, location1)
    pickupObject(agent1, location1, plate_8, counterTop_10)
    goToLocation(agent1, location1, location10)
    coolObject(agent1, location10, fridge_4, plate_8)
    goToLocation(agent1, location10, location3)
    putObject(agent1, location3, plate_8, sinkBasin_1, plateType, sinkBasinType)
2025-06-17 09:57:22,852 - INFO - Seed: 589 is solvable

2025-06-17 09:57:22,852 - INFO - Unconstrained cost: 6
2025-06-17 09:57:22,852 - INFO - Constrained cost: 7
2025-06-17 09:57:22,852 - INFO - Seed: 589 Plan simulation is feasible
2025-06-17 09:57:22,852 - INFO - 
Seed: 589 
 Plan: [goToLocation(agent1, location6, location2), goToLocation(agent1, location2, location1), pickupObject(agent1, location1, plate_8, counterTop_10), goToLocation(agent1, location1, location10), coolObject(agent1, location10, fridge_4, plate_8), goToLocation(agent1, location10, location3), putObject(agent1, location3, plate_8, sinkBasin_1, plateType, sinkBasinType)]  
 Cost: 7

