2025-06-17 10:21:31,440 - INFO - 
================= Seed: 710 =================

2025-06-17 10:21:31,445 - INFO - problem name = alfred

types = [ReceptacleType, ObjectType, Checkable, Agent - Checkable, Location - Checkable, Receptacle - Checkable, Obj - Checkable]

fluents = [
  bool atLocation[a=Agent - Checkable, l=Location - Checkable]
  bool receptacleAtLocation[r=Receptacle - Checkable, l=Location - Checkable]
  bool objectAtLocation[o=Obj - Checkable, l=Location - Checkable]
  bool openable[r=Receptacle - Checkable]
  bool opened[r=Receptacle - Checkable]
  bool inReceptacle[o=Obj - Checkable, r=Receptacle - Checkable]
  bool isReceptacleObject[o=Obj - Checkable]
  bool inReceptacleObject[innerObject=Obj - Checkable, outObject=Obj - Checkable]
  bool isReceptacleObjectFull[o=Obj - Checkable]
  bool wasInReceptacle[o=Obj - Checkable, r=Receptacle - Checkable]
  bool checked[c=Checkable]
  bool examined[l=Location - Checkable]
  bool receptacleType[r=Receptacle - Checkable, rt=ReceptacleType]
  bool canContain[rt=ReceptacleType, ot=ObjectType]
  bool objectType[o=Obj - Checkable, t=ObjectType]
  bool holds[a=Agent - Checkable, o=Obj - Checkable]
  bool holdsAny[a=Agent - Checkable]
  bool holdsAnyReceptacleObject[a=Agent - Checkable]
  bool full[r=Receptacle - Checkable]
  bool isClean[o=Obj - Checkable]
  bool cleanable[o=Obj - Checkable]
  bool isHot[o=Obj - Checkable]
  bool heatable[o=Obj - Checkable]
  bool isCool[o=Obj - Checkable]
  bool coolable[o=Obj - Checkable]
  bool pickupable[o=Obj - Checkable]
  bool moveable[o=Obj - Checkable]
  bool toggleable[o=Obj - Checkable]
  bool isOn[o=Obj - Checkable]
  bool isToggled[o=Obj - Checkable]
  bool sliceable[o=Obj - Checkable]
  bool isSliced[o=Obj - Checkable]
]

actions = [
  action look(Agent - Checkable a, Location - Checkable l) {
    preconditions = [
      atLocation(a, l)
    ]
    effects = [
      checked(l) := true
    ]
  }
  action inventory(Agent - Checkable a) {
    preconditions = [
    ]
    effects = [
      checked(a) := true
    ]
  }
  action examineReceptacle(Agent - Checkable a, Receptacle - Checkable r) {
    preconditions = [
      Exists (Location - Checkable l) (atLocation(a, l) and receptacleAtLocation(r, l))
    ]
    effects = [
      checked(r) := true
    ]
  }
  action examineObject(Agent - Checkable a, Obj - Checkable o) {
    preconditions = [
      (Exists (Location - Checkable l) Exists (Receptacle - Checkable r) (atLocation(a, l) and receptacleAtLocation(r, l) and inReceptacle(o, r) and ((not openable(r)) or opened(r))) or holds(a, o))
    ]
    effects = [
      checked(o) := true
    ]
  }
  action goToLocation(Agent - Checkable a, Location - Checkable lstart, Location - Checkable lend) {
    preconditions = [
      atLocation(a, lstart)
    ]
    effects = [
      atLocation(a, lstart) := false
      atLocation(a, lend) := true
    ]
  }
  action openObject(Agent - Checkable a, Location - Checkable l, Receptacle - Checkable r) {
    preconditions = [
      (openable(r) and atLocation(a, l) and receptacleAtLocation(r, l) and (not opened(r)))
    ]
    effects = [
      opened(r) := true
      checked(r) := true
    ]
  }
  action closeObject(Agent - Checkable a, Location - Checkable l, Receptacle - Checkable r) {
    preconditions = [
      (openable(r) and atLocation(a, l) and receptacleAtLocation(r, l) and opened(r))
    ]
    effects = [
      opened(r) := false
    ]
  }
  action pickupObject(Agent - Checkable a, Location - Checkable l, Obj - Checkable o, Receptacle - Checkable r) {
    preconditions = [
      (pickupable(o) and atLocation(a, l) and receptacleAtLocation(r, l) and inReceptacle(o, r) and (not holdsAny(a)) and ((not openable(r)) or opened(r)))
    ]
    effects = [
      inReceptacle(o, r) := false
      holds(a, o) := true
      holdsAny(a) := true
      objectAtLocation(o, l) := false
    ]
  }
  action putObject(Agent - Checkable a, Location - Checkable l, Obj - Checkable o, Receptacle - Checkable r, ObjectType ot, ReceptacleType rt) {
    preconditions = [
      (holds(a, o) and atLocation(a, l) and receptacleAtLocation(r, l) and ((not openable(r)) or opened(r)) and objectType(o, ot) and receptacleType(r, rt) and canContain(rt, ot))
    ]
    effects = [
      inReceptacle(o, r) := true
      objectAtLocation(o, l) := true
      holds(a, o) := false
      holdsAny(a) := false
    ]
  }
  action cleanObject(Agent - Checkable a, Location - Checkable l, Receptacle - Checkable r, Obj - Checkable o) {
    preconditions = [
      (cleanable(o) and receptacleType(r, sinkBasinType) and atLocation(a, l) and receptacleAtLocation(r, l) and holds(a, o))
    ]
    effects = [
      isClean(o) := true
    ]
  }
  action heatObject(Agent - Checkable a, Location - Checkable l, Receptacle - Checkable r, Obj - Checkable o) {
    preconditions = [
      (heatable(o) and receptacleType(r, microwaveType) and atLocation(a, l) and receptacleAtLocation(r, l) and holds(a, o))
    ]
    effects = [
      isHot(o) := true
      isCool(o) := false
    ]
  }
  action coolObject(Agent - Checkable a, Location - Checkable l, Receptacle - Checkable r, Obj - Checkable o) {
    preconditions = [
      (coolable(o) and receptacleType(r, fridgeType) and atLocation(a, l) and receptacleAtLocation(r, l) and holds(a, o))
    ]
    effects = [
      isCool(o) := true
      isHot(o) := false
    ]
  }
  action toggleObject(Agent - Checkable a, Location - Checkable l, Obj - Checkable o, Receptacle - Checkable r) {
    preconditions = [
      (toggleable(o) and atLocation(a, l) and receptacleAtLocation(r, l) and inReceptacle(o, r))
    ]
    effects = [
      if isOn(o) then isOn(o) := false
      if (not isOn(o)) then isOn(o) := true
      isToggled(o) := true
    ]
  }
  action sliceObject(Agent - Checkable a, Location - Checkable l, Obj - Checkable co, Obj - Checkable ko) {
    preconditions = [
      (sliceable(co) and (objectType(ko, knifeType) or objectType(ko, butterKnifeType)) and atLocation(a, l) and objectAtLocation(co, l) and holds(a, ko))
    ]
    effects = [
      isSliced(co) := true
    ]
  }
  action help(Agent - Checkable a) {
    preconditions = [
    ]
    effects = [
      checked(a) := true
    ]
  }
]

objects = [
  ReceptacleType: [sinkBasinType, microwaveType, fridgeType, diningTableType, sofaType, safeType, sideTableType, ottomanType, counterTopType, handTowelHolderType, drawerType]
  ObjectType: [knifeType, butterKnifeType, paperTowelType, forkType, baseballBatType, bookType, cupType, saltShakerType, soapBottleType, panType]
  Checkable: [agent1, location1, location2, location3, location4, location5, location6, location7, location8, location9, location10, diningTable_1, sofa_2, safe_3, sideTable_4, ottoman_5, counterTop_6, sideTable_7, handTowelHolder_8, safe_9, drawer_10, paperTowel_1, fork_2, baseballBat_3, baseballBat_4, book_5, cup_6, butterKnife_7, saltShaker_8, soapBottle_9, pan_10]
  Agent - Checkable: [agent1]
  Location - Checkable: [location1, location2, location3, location4, location5, location6, location7, location8, location9, location10]
  Receptacle - Checkable: [diningTable_1, sofa_2, safe_3, sideTable_4, ottoman_5, counterTop_6, sideTable_7, handTowelHolder_8, safe_9, drawer_10]
  Obj - Checkable: [paperTowel_1, fork_2, baseballBat_3, baseballBat_4, book_5, cup_6, butterKnife_7, saltShaker_8, soapBottle_9, pan_10]
]

initial fluents default = [
  bool atLocation[a=Agent - Checkable, l=Location - Checkable] := false
  bool receptacleAtLocation[r=Receptacle - Checkable, l=Location - Checkable] := false
  bool objectAtLocation[o=Obj - Checkable, l=Location - Checkable] := false
  bool openable[r=Receptacle - Checkable] := false
  bool opened[r=Receptacle - Checkable] := false
  bool inReceptacle[o=Obj - Checkable, r=Receptacle - Checkable] := false
  bool isReceptacleObject[o=Obj - Checkable] := false
  bool inReceptacleObject[innerObject=Obj - Checkable, outObject=Obj - Checkable] := false
  bool isReceptacleObjectFull[o=Obj - Checkable] := false
  bool wasInReceptacle[o=Obj - Checkable, r=Receptacle - Checkable] := false
  bool checked[c=Checkable] := false
  bool examined[l=Location - Checkable] := false
  bool receptacleType[r=Receptacle - Checkable, rt=ReceptacleType] := false
  bool canContain[rt=ReceptacleType, ot=ObjectType] := false
  bool objectType[o=Obj - Checkable, t=ObjectType] := false
  bool holds[a=Agent - Checkable, o=Obj - Checkable] := false
  bool holdsAny[a=Agent - Checkable] := false
  bool holdsAnyReceptacleObject[a=Agent - Checkable] := false
  bool full[r=Receptacle - Checkable] := false
  bool isClean[o=Obj - Checkable] := false
  bool cleanable[o=Obj - Checkable] := false
  bool isHot[o=Obj - Checkable] := false
  bool heatable[o=Obj - Checkable] := false
  bool isCool[o=Obj - Checkable] := false
  bool coolable[o=Obj - Checkable] := false
  bool pickupable[o=Obj - Checkable] := false
  bool moveable[o=Obj - Checkable] := false
  bool toggleable[o=Obj - Checkable] := false
  bool isOn[o=Obj - Checkable] := false
  bool isToggled[o=Obj - Checkable] := false
  bool sliceable[o=Obj - Checkable] := false
  bool isSliced[o=Obj - Checkable] := false
]

initial values = [
  receptacleType(diningTable_1, diningTableType) := true
  receptacleType(sofa_2, sofaType) := true
  receptacleType(safe_3, safeType) := true
  receptacleType(sideTable_4, sideTableType) := true
  receptacleType(ottoman_5, ottomanType) := true
  receptacleType(counterTop_6, counterTopType) := true
  receptacleType(sideTable_7, sideTableType) := true
  receptacleType(handTowelHolder_8, handTowelHolderType) := true
  receptacleType(safe_9, safeType) := true
  receptacleType(drawer_10, drawerType) := true
  objectType(paperTowel_1, paperTowelType) := true
  objectType(fork_2, forkType) := true
  objectType(baseballBat_3, baseballBatType) := true
  objectType(baseballBat_4, baseballBatType) := true
  objectType(book_5, bookType) := true
  objectType(cup_6, cupType) := true
  objectType(butterKnife_7, butterKnifeType) := true
  objectType(saltShaker_8, saltShakerType) := true
  objectType(soapBottle_9, soapBottleType) := true
  objectType(pan_10, panType) := true
  canContain(diningTableType, paperTowelType) := true
  canContain(diningTableType, forkType) := true
  canContain(diningTableType, baseballBatType) := true
  canContain(diningTableType, bookType) := true
  canContain(diningTableType, cupType) := true
  canContain(diningTableType, butterKnifeType) := true
  canContain(diningTableType, saltShakerType) := true
  canContain(diningTableType, soapBottleType) := true
  canContain(diningTableType, panType) := true
  canContain(sofaType, bookType) := true
  canContain(sideTableType, paperTowelType) := true
  canContain(sideTableType, forkType) := true
  canContain(sideTableType, baseballBatType) := true
  canContain(sideTableType, bookType) := true
  canContain(sideTableType, cupType) := true
  canContain(sideTableType, butterKnifeType) := true
  canContain(sideTableType, saltShakerType) := true
  canContain(sideTableType, soapBottleType) := true
  canContain(sideTableType, panType) := true
  canContain(ottomanType, bookType) := true
  canContain(counterTopType, paperTowelType) := true
  canContain(counterTopType, forkType) := true
  canContain(counterTopType, baseballBatType) := true
  canContain(counterTopType, bookType) := true
  canContain(counterTopType, cupType) := true
  canContain(counterTopType, butterKnifeType) := true
  canContain(counterTopType, saltShakerType) := true
  canContain(counterTopType, soapBottleType) := true
  canContain(counterTopType, panType) := true
  canContain(drawerType, forkType) := true
  canContain(drawerType, bookType) := true
  canContain(drawerType, butterKnifeType) := true
  canContain(drawerType, saltShakerType) := true
  canContain(drawerType, soapBottleType) := true
  pickupable(paperTowel_1) := true
  pickupable(fork_2) := true
  cleanable(fork_2) := true
  pickupable(baseballBat_3) := true
  pickupable(baseballBat_4) := true
  pickupable(book_5) := true
  pickupable(cup_6) := true
  isReceptacleObject(cup_6) := true
  cleanable(cup_6) := true
  heatable(cup_6) := true
  coolable(cup_6) := true
  pickupable(butterKnife_7) := true
  cleanable(butterKnife_7) := true
  pickupable(saltShaker_8) := true
  pickupable(soapBottle_9) := true
  pickupable(pan_10) := true
  isReceptacleObject(pan_10) := true
  cleanable(pan_10) := true
  coolable(pan_10) := true
  receptacleAtLocation(diningTable_1, location2) := true
  receptacleAtLocation(sofa_2, location10) := true
  receptacleAtLocation(safe_3, location2) := true
  receptacleAtLocation(sideTable_4, location7) := true
  receptacleAtLocation(ottoman_5, location6) := true
  receptacleAtLocation(counterTop_6, location6) := true
  receptacleAtLocation(sideTable_7, location10) := true
  receptacleAtLocation(handTowelHolder_8, location2) := true
  receptacleAtLocation(safe_9, location10) := true
  receptacleAtLocation(drawer_10, location6) := true
  inReceptacle(paperTowel_1, diningTable_1) := true
  inReceptacle(baseballBat_4, sideTable_4) := true
  inReceptacle(book_5, sofa_2) := true
  inReceptacle(butterKnife_7, counterTop_6) := true
  inReceptacle(saltShaker_8, diningTable_1) := true
  inReceptacle(soapBottle_9, sideTable_7) := true
  objectAtLocation(paperTowel_1, location2) := true
  objectAtLocation(fork_2, location5) := true
  objectAtLocation(baseballBat_3, location1) := true
  objectAtLocation(baseballBat_4, location7) := true
  objectAtLocation(book_5, location10) := true
  objectAtLocation(cup_6, location1) := true
  objectAtLocation(butterKnife_7, location6) := true
  objectAtLocation(saltShaker_8, location2) := true
  objectAtLocation(soapBottle_9, location10) := true
  objectAtLocation(pan_10, location10) := true
  atLocation(agent1, location8) := true
]

goals = [
  Exists (Receptacle - Checkable r) Exists (Obj - Checkable o1) (inReceptacle(o1, r) and objectType(o1, forkType) and receptacleType(r, diningTableType) and Exists (Obj - Checkable o2) ((not (o1 == o2)) and objectType(o2, butterKnifeType) and receptacleType(r, diningTableType) and inReceptacle(o2, r)))
]

quality metrics = [
  minimize sequential-plan-length
]


2025-06-17 10:21:31,447 - INFO - Generating plan for unconstrained problem

2025-06-17 10:21:31,787 - INFO - Unconstrained plan generation time: 0.33965015411376953

