2025-06-17 11:17:37,492 - INFO - 
================= Seed: 110 =================

2025-06-17 11:17:37,492 - INFO - problem name = alfred

types = [ReceptacleType, ObjectType, Checkable, Agent - Checkable, Location - Checkable, Receptacle - Checkable, Obj - Checkable]

fluents = [
  bool atLocation[a=Agent - Checkable, l=Location - Checkable]
  bool receptacleAtLocation[r=Receptacle - Checkable, l=Location - Checkable]
  bool objectAtLocation[o=Obj - Checkable, l=Location - Checkable]
  bool openable[r=Receptacle - Checkable]
  bool opened[r=Receptacle - Checkable]
  bool inReceptacle[o=Obj - Checkable, r=Receptacle - Checkable]
  bool isReceptacleObject[o=Obj - Checkable]
  bool inReceptacleObject[innerObject=Obj - Checkable, outObject=Obj - Checkable]
  bool isReceptacleObjectFull[o=Obj - Checkable]
  bool wasInReceptacle[o=Obj - Checkable, r=Receptacle - Checkable]
  bool checked[c=Checkable]
  bool examined[l=Location - Checkable]
  bool receptacleType[r=Receptacle - Checkable, rt=ReceptacleType]
  bool canContain[rt=ReceptacleType, ot=ObjectType]
  bool objectType[o=Obj - Checkable, t=ObjectType]
  bool holds[a=Agent - Checkable, o=Obj - Checkable]
  bool holdsAny[a=Agent - Checkable]
  bool holdsAnyReceptacleObject[a=Agent - Checkable]
  bool full[r=Receptacle - Checkable]
  bool isClean[o=Obj - Checkable]
  bool cleanable[o=Obj - Checkable]
  bool isHot[o=Obj - Checkable]
  bool heatable[o=Obj - Checkable]
  bool isCool[o=Obj - Checkable]
  bool coolable[o=Obj - Checkable]
  bool pickupable[o=Obj - Checkable]
  bool moveable[o=Obj - Checkable]
  bool toggleable[o=Obj - Checkable]
  bool isOn[o=Obj - Checkable]
  bool isToggled[o=Obj - Checkable]
  bool sliceable[o=Obj - Checkable]
  bool isSliced[o=Obj - Checkable]
]

actions = [
  action look(Agent - Checkable a, Location - Checkable l) {
    preconditions = [
      atLocation(a, l)
    ]
    effects = [
      checked(l) := true
    ]
  }
  action inventory(Agent - Checkable a) {
    preconditions = [
    ]
    effects = [
      checked(a) := true
    ]
  }
  action examineReceptacle(Agent - Checkable a, Receptacle - Checkable r) {
    preconditions = [
      Exists (Location - Checkable l) (atLocation(a, l) and receptacleAtLocation(r, l))
    ]
    effects = [
      checked(r) := true
    ]
  }
  action examineObject(Agent - Checkable a, Obj - Checkable o) {
    preconditions = [
      (Exists (Location - Checkable l) Exists (Receptacle - Checkable r) (atLocation(a, l) and receptacleAtLocation(r, l) and inReceptacle(o, r) and ((not openable(r)) or opened(r))) or holds(a, o))
    ]
    effects = [
      checked(o) := true
    ]
  }
  action goToLocation(Agent - Checkable a, Location - Checkable lstart, Location - Checkable lend) {
    preconditions = [
      atLocation(a, lstart)
    ]
    effects = [
      atLocation(a, lstart) := false
      atLocation(a, lend) := true
    ]
  }
  action openObject(Agent - Checkable a, Location - Checkable l, Receptacle - Checkable r) {
    preconditions = [
      (openable(r) and atLocation(a, l) and receptacleAtLocation(r, l) and (not opened(r)))
    ]
    effects = [
      opened(r) := true
      checked(r) := true
    ]
  }
  action closeObject(Agent - Checkable a, Location - Checkable l, Receptacle - Checkable r) {
    preconditions = [
      (openable(r) and atLocation(a, l) and receptacleAtLocation(r, l) and opened(r))
    ]
    effects = [
      opened(r) := false
    ]
  }
  action pickupObject(Agent - Checkable a, Location - Checkable l, Obj - Checkable o, Receptacle - Checkable r) {
    preconditions = [
      (pickupable(o) and atLocation(a, l) and receptacleAtLocation(r, l) and inReceptacle(o, r) and (not holdsAny(a)) and ((not openable(r)) or opened(r)))
    ]
    effects = [
      inReceptacle(o, r) := false
      holds(a, o) := true
      holdsAny(a) := true
      objectAtLocation(o, l) := false
    ]
  }
  action putObject(Agent - Checkable a, Location - Checkable l, Obj - Checkable o, Receptacle - Checkable r, ObjectType ot, ReceptacleType rt) {
    preconditions = [
      (holds(a, o) and atLocation(a, l) and receptacleAtLocation(r, l) and ((not openable(r)) or opened(r)) and objectType(o, ot) and receptacleType(r, rt) and canContain(rt, ot))
    ]
    effects = [
      inReceptacle(o, r) := true
      objectAtLocation(o, l) := true
      holds(a, o) := false
      holdsAny(a) := false
    ]
  }
  action cleanObject(Agent - Checkable a, Location - Checkable l, Receptacle - Checkable r, Obj - Checkable o) {
    preconditions = [
      (cleanable(o) and receptacleType(r, sinkBasinType) and atLocation(a, l) and receptacleAtLocation(r, l) and holds(a, o))
    ]
    effects = [
      isClean(o) := true
    ]
  }
  action heatObject(Agent - Checkable a, Location - Checkable l, Receptacle - Checkable r, Obj - Checkable o) {
    preconditions = [
      (heatable(o) and receptacleType(r, microwaveType) and atLocation(a, l) and receptacleAtLocation(r, l) and holds(a, o))
    ]
    effects = [
      isHot(o) := true
      isCool(o) := false
    ]
  }
  action coolObject(Agent - Checkable a, Location - Checkable l, Receptacle - Checkable r, Obj - Checkable o) {
    preconditions = [
      (coolable(o) and receptacleType(r, fridgeType) and atLocation(a, l) and receptacleAtLocation(r, l) and holds(a, o))
    ]
    effects = [
      isCool(o) := true
      isHot(o) := false
    ]
  }
  action toggleObject(Agent - Checkable a, Location - Checkable l, Obj - Checkable o, Receptacle - Checkable r) {
    preconditions = [
      (toggleable(o) and atLocation(a, l) and receptacleAtLocation(r, l) and inReceptacle(o, r))
    ]
    effects = [
      if isOn(o) then isOn(o) := false
      if (not isOn(o)) then isOn(o) := true
      isToggled(o) := true
    ]
  }
  action sliceObject(Agent - Checkable a, Location - Checkable l, Obj - Checkable co, Obj - Checkable ko) {
    preconditions = [
      (sliceable(co) and (objectType(ko, knifeType) or objectType(ko, butterKnifeType)) and atLocation(a, l) and objectAtLocation(co, l) and holds(a, ko))
    ]
    effects = [
      isSliced(co) := true
    ]
  }
  action help(Agent - Checkable a) {
    preconditions = [
    ]
    effects = [
      checked(a) := true
    ]
  }
]

objects = [
  ReceptacleType: [sinkBasinType, microwaveType, fridgeType, toasterType, diningTableType, deskType, bedType, armChairType, coffeeTableType, toiletPaperHangerType, ottomanType, garbageCanType]
  ObjectType: [knifeType, butterKnifeType, remoteControlType, boxType, mugType, forkType, breadType, dishSpongeType, appleType, tomatoType, wineBottleType, cupType]
  Checkable: [agent1, location1, location2, location3, location4, location5, location6, location7, location8, location9, location10, toaster_1, diningTable_2, desk_3, bed_4, armChair_5, fridge_6, coffeeTable_7, toiletPaperHanger_8, ottoman_9, garbageCan_10, microwave_11, fridge_12, remoteControl_1, box_2, mug_3, fork_4, bread_5, dishSponge_6, apple_7, tomato_8, wineBottle_9, cup_10]
  Agent - Checkable: [agent1]
  Location - Checkable: [location1, location2, location3, location4, location5, location6, location7, location8, location9, location10]
  Receptacle - Checkable: [toaster_1, diningTable_2, desk_3, bed_4, armChair_5, fridge_6, coffeeTable_7, toiletPaperHanger_8, ottoman_9, garbageCan_10, microwave_11, fridge_12]
  Obj - Checkable: [remoteControl_1, box_2, mug_3, fork_4, bread_5, dishSponge_6, apple_7, tomato_8, wineBottle_9, cup_10]
]

initial fluents default = [
  bool atLocation[a=Agent - Checkable, l=Location - Checkable] := false
  bool receptacleAtLocation[r=Receptacle - Checkable, l=Location - Checkable] := false
  bool objectAtLocation[o=Obj - Checkable, l=Location - Checkable] := false
  bool openable[r=Receptacle - Checkable] := false
  bool opened[r=Receptacle - Checkable] := false
  bool inReceptacle[o=Obj - Checkable, r=Receptacle - Checkable] := false
  bool isReceptacleObject[o=Obj - Checkable] := false
  bool inReceptacleObject[innerObject=Obj - Checkable, outObject=Obj - Checkable] := false
  bool isReceptacleObjectFull[o=Obj - Checkable] := false
  bool wasInReceptacle[o=Obj - Checkable, r=Receptacle - Checkable] := false
  bool checked[c=Checkable] := false
  bool examined[l=Location - Checkable] := false
  bool receptacleType[r=Receptacle - Checkable, rt=ReceptacleType] := false
  bool canContain[rt=ReceptacleType, ot=ObjectType] := false
  bool objectType[o=Obj - Checkable, t=ObjectType] := false
  bool holds[a=Agent - Checkable, o=Obj - Checkable] := false
  bool holdsAny[a=Agent - Checkable] := false
  bool holdsAnyReceptacleObject[a=Agent - Checkable] := false
  bool full[r=Receptacle - Checkable] := false
  bool isClean[o=Obj - Checkable] := false
  bool cleanable[o=Obj - Checkable] := false
  bool isHot[o=Obj - Checkable] := false
  bool heatable[o=Obj - Checkable] := false
  bool isCool[o=Obj - Checkable] := false
  bool coolable[o=Obj - Checkable] := false
  bool pickupable[o=Obj - Checkable] := false
  bool moveable[o=Obj - Checkable] := false
  bool toggleable[o=Obj - Checkable] := false
  bool isOn[o=Obj - Checkable] := false
  bool isToggled[o=Obj - Checkable] := false
  bool sliceable[o=Obj - Checkable] := false
  bool isSliced[o=Obj - Checkable] := false
]

initial values = [
  receptacleType(toaster_1, toasterType) := true
  receptacleType(diningTable_2, diningTableType) := true
  receptacleType(desk_3, deskType) := true
  receptacleType(bed_4, bedType) := true
  receptacleType(armChair_5, armChairType) := true
  receptacleType(fridge_6, fridgeType) := true
  receptacleType(coffeeTable_7, coffeeTableType) := true
  receptacleType(toiletPaperHanger_8, toiletPaperHangerType) := true
  receptacleType(ottoman_9, ottomanType) := true
  receptacleType(garbageCan_10, garbageCanType) := true
  receptacleType(microwave_11, microwaveType) := true
  receptacleType(fridge_12, fridgeType) := true
  objectType(remoteControl_1, remoteControlType) := true
  objectType(box_2, boxType) := true
  objectType(mug_3, mugType) := true
  objectType(fork_4, forkType) := true
  objectType(bread_5, breadType) := true
  objectType(dishSponge_6, dishSpongeType) := true
  objectType(apple_7, appleType) := true
  objectType(tomato_8, tomatoType) := true
  objectType(wineBottle_9, wineBottleType) := true
  objectType(cup_10, cupType) := true
  canContain(diningTableType, remoteControlType) := true
  canContain(diningTableType, boxType) := true
  canContain(diningTableType, mugType) := true
  canContain(diningTableType, forkType) := true
  canContain(diningTableType, breadType) := true
  canContain(diningTableType, dishSpongeType) := true
  canContain(diningTableType, appleType) := true
  canContain(diningTableType, tomatoType) := true
  canContain(diningTableType, wineBottleType) := true
  canContain(diningTableType, cupType) := true
  canContain(deskType, remoteControlType) := true
  canContain(deskType, boxType) := true
  canContain(deskType, mugType) := true
  canContain(deskType, wineBottleType) := true
  canContain(deskType, cupType) := true
  canContain(armChairType, remoteControlType) := true
  canContain(armChairType, boxType) := true
  canContain(fridgeType, mugType) := true
  canContain(fridgeType, breadType) := true
  canContain(fridgeType, appleType) := true
  canContain(fridgeType, tomatoType) := true
  canContain(fridgeType, wineBottleType) := true
  canContain(fridgeType, cupType) := true
  canContain(coffeeTableType, remoteControlType) := true
  canContain(coffeeTableType, boxType) := true
  canContain(coffeeTableType, mugType) := true
  canContain(coffeeTableType, forkType) := true
  canContain(coffeeTableType, breadType) := true
  canContain(coffeeTableType, dishSpongeType) := true
  canContain(coffeeTableType, appleType) := true
  canContain(coffeeTableType, tomatoType) := true
  canContain(coffeeTableType, wineBottleType) := true
  canContain(coffeeTableType, cupType) := true
  canContain(ottomanType, remoteControlType) := true
  canContain(ottomanType, boxType) := true
  canContain(garbageCanType, breadType) := true
  canContain(garbageCanType, dishSpongeType) := true
  canContain(garbageCanType, appleType) := true
  canContain(garbageCanType, tomatoType) := true
  canContain(garbageCanType, wineBottleType) := true
  canContain(microwaveType, mugType) := true
  canContain(microwaveType, breadType) := true
  canContain(microwaveType, appleType) := true
  canContain(microwaveType, tomatoType) := true
  canContain(microwaveType, cupType) := true
  pickupable(remoteControl_1) := true
  pickupable(box_2) := true
  isReceptacleObject(box_2) := true
  pickupable(mug_3) := true
  isReceptacleObject(mug_3) := true
  cleanable(mug_3) := true
  heatable(mug_3) := true
  coolable(mug_3) := true
  pickupable(fork_4) := true
  cleanable(fork_4) := true
  pickupable(bread_5) := true
  heatable(bread_5) := true
  coolable(bread_5) := true
  sliceable(bread_5) := true
  pickupable(dishSponge_6) := true
  cleanable(dishSponge_6) := true
  pickupable(apple_7) := true
  cleanable(apple_7) := true
  heatable(apple_7) := true
  coolable(apple_7) := true
  sliceable(apple_7) := true
  pickupable(tomato_8) := true
  cleanable(tomato_8) := true
  heatable(tomato_8) := true
  coolable(tomato_8) := true
  sliceable(tomato_8) := true
  pickupable(wineBottle_9) := true
  pickupable(cup_10) := true
  isReceptacleObject(cup_10) := true
  cleanable(cup_10) := true
  heatable(cup_10) := true
  coolable(cup_10) := true
  receptacleAtLocation(toaster_1, location5) := true
  receptacleAtLocation(diningTable_2, location6) := true
  receptacleAtLocation(desk_3, location6) := true
  receptacleAtLocation(bed_4, location9) := true
  receptacleAtLocation(armChair_5, location2) := true
  receptacleAtLocation(fridge_6, location7) := true
  receptacleAtLocation(coffeeTable_7, location9) := true
  receptacleAtLocation(toiletPaperHanger_8, location8) := true
  receptacleAtLocation(ottoman_9, location5) := true
  receptacleAtLocation(garbageCan_10, location3) := true
  receptacleAtLocation(microwave_11, location4) := true
  receptacleAtLocation(fridge_12, location5) := true
  inReceptacle(remoteControl_1, coffeeTable_7) := true
  inReceptacle(box_2, desk_3) := true
  inReceptacle(mug_3, diningTable_2) := true
  inReceptacle(fork_4, coffeeTable_7) := true
  inReceptacle(bread_5, fridge_6) := true
  inReceptacle(dishSponge_6, coffeeTable_7) := true
  inReceptacle(apple_7, coffeeTable_7) := true
  inReceptacle(tomato_8, fridge_6) := true
  inReceptacle(wineBottle_9, coffeeTable_7) := true
  inReceptacle(cup_10, diningTable_2) := true
  objectAtLocation(remoteControl_1, location9) := true
  objectAtLocation(box_2, location6) := true
  objectAtLocation(mug_3, location6) := true
  objectAtLocation(fork_4, location9) := true
  objectAtLocation(bread_5, location7) := true
  objectAtLocation(dishSponge_6, location9) := true
  objectAtLocation(apple_7, location9) := true
  objectAtLocation(tomato_8, location7) := true
  objectAtLocation(wineBottle_9, location9) := true
  objectAtLocation(cup_10, location6) := true
  atLocation(agent1, location2) := true
]

goals = [
  Exists (Receptacle - Checkable r) Exists (Obj - Checkable o1) (inReceptacle(o1, r) and objectType(o1, mugType) and receptacleType(r, diningTableType) and Exists (Obj - Checkable o2) ((not (o1 == o2)) and objectType(o2, wineBottleType) and receptacleType(r, diningTableType) and inReceptacle(o2, r)))
]

quality metrics = [
  minimize sequential-plan-length
]


2025-06-17 11:17:37,497 - INFO - Generating plan for unconstrained problem

2025-06-17 11:17:37,950 - INFO - Unconstrained plan generation time: 0.45247316360473633

2025-06-17 11:17:37,950 - INFO - Unconstrained plan and cost: 
2025-06-17 11:17:37,950 - INFO - SequentialPlan:
    goToLocation(agent1, location2, location9)
    pickupObject(agent1, location9, wineBottle_9, coffeeTable_7)
    goToLocation(agent1, location9, location6)
    putObject(agent1, location6, wineBottle_9, diningTable_2, wineBottleType, diningTableType)
2025-06-17 11:17:37,950 - INFO - 4
2025-06-17 11:17:38,253 - INFO - Sampled constraints:

2025-06-17 11:17:38,254 - INFO - Sometime(atLocation(agent1, location9))
2025-06-17 11:17:38,254 - INFO - Sometime-Before(atLocation(agent1, location9), (checked(cup_10) or checked(location2)))
2025-06-17 11:17:38,254 - INFO - 
2025-06-17 11:17:38,254 - INFO - Generation time: 0.30280447006225586

2025-06-17 11:17:38,254 - INFO - Generating plan for constrained problem (with LiftedTCORE).

2025-06-17 11:17:38,313 - INFO - LiftedTCORE compilation time: 0.058451175689697266

2025-06-17 11:17:38,813 - INFO - Planning Time with LiftedTCORE's file: 0.5004050731658936

2025-06-17 11:17:38,814 - INFO - Plan found with LiftedTCORE + sym_bd: SequentialPlan:
    look(agent1, location2)
    goToLocation(agent1, location2, location9)
    pickupObject(agent1, location9, wineBottle_9, coffeeTable_7)
    goToLocation(agent1, location9, location6)
    putObject(agent1, location6, wineBottle_9, diningTable_2, wineBottleType, diningTableType)
2025-06-17 11:17:38,814 - INFO - Seed: 110 is solvable

2025-06-17 11:17:38,814 - INFO - Unconstrained cost: 4
2025-06-17 11:17:38,814 - INFO - Constrained cost: 5
2025-06-17 11:17:38,814 - INFO - Seed: 110 Plan simulation is feasible
2025-06-17 11:17:38,814 - INFO - 
Seed: 110 
 Plan: [look(agent1, location2), goToLocation(agent1, location2, location9), pickupObject(agent1, location9, wineBottle_9, coffeeTable_7), goToLocation(agent1, location9, location6), putObject(agent1, location6, wineBottle_9, diningTable_2, wineBottleType, diningTableType)]  
 Cost: 5

