2025-06-17 09:54:42,234 - INFO - 
================= Seed: 378 =================

2025-06-17 09:54:42,247 - INFO - problem name = alfred

types = [ReceptacleType, ObjectType, Checkable, Agent - Checkable, Location - Checkable, Receptacle - Checkable, Obj - Checkable]

fluents = [
  bool atLocation[a=Agent - Checkable, l=Location - Checkable]
  bool receptacleAtLocation[r=Receptacle - Checkable, l=Location - Checkable]
  bool objectAtLocation[o=Obj - Checkable, l=Location - Checkable]
  bool openable[r=Receptacle - Checkable]
  bool opened[r=Receptacle - Checkable]
  bool inReceptacle[o=Obj - Checkable, r=Receptacle - Checkable]
  bool isReceptacleObject[o=Obj - Checkable]
  bool inReceptacleObject[innerObject=Obj - Checkable, outObject=Obj - Checkable]
  bool isReceptacleObjectFull[o=Obj - Checkable]
  bool wasInReceptacle[o=Obj - Checkable, r=Receptacle - Checkable]
  bool checked[c=Checkable]
  bool examined[l=Location - Checkable]
  bool receptacleType[r=Receptacle - Checkable, rt=ReceptacleType]
  bool canContain[rt=ReceptacleType, ot=ObjectType]
  bool objectType[o=Obj - Checkable, t=ObjectType]
  bool holds[a=Agent - Checkable, o=Obj - Checkable]
  bool holdsAny[a=Agent - Checkable]
  bool holdsAnyReceptacleObject[a=Agent - Checkable]
  bool full[r=Receptacle - Checkable]
  bool isClean[o=Obj - Checkable]
  bool cleanable[o=Obj - Checkable]
  bool isHot[o=Obj - Checkable]
  bool heatable[o=Obj - Checkable]
  bool isCool[o=Obj - Checkable]
  bool coolable[o=Obj - Checkable]
  bool pickupable[o=Obj - Checkable]
  bool moveable[o=Obj - Checkable]
  bool toggleable[o=Obj - Checkable]
  bool isOn[o=Obj - Checkable]
  bool isToggled[o=Obj - Checkable]
  bool sliceable[o=Obj - Checkable]
  bool isSliced[o=Obj - Checkable]
]

actions = [
  action look(Agent - Checkable a, Location - Checkable l) {
    preconditions = [
      atLocation(a, l)
    ]
    effects = [
      checked(l) := true
    ]
  }
  action inventory(Agent - Checkable a) {
    preconditions = [
    ]
    effects = [
      checked(a) := true
    ]
  }
  action examineReceptacle(Agent - Checkable a, Receptacle - Checkable r) {
    preconditions = [
      Exists (Location - Checkable l) (atLocation(a, l) and receptacleAtLocation(r, l))
    ]
    effects = [
      checked(r) := true
    ]
  }
  action examineObject(Agent - Checkable a, Obj - Checkable o) {
    preconditions = [
      (Exists (Location - Checkable l) Exists (Receptacle - Checkable r) (atLocation(a, l) and receptacleAtLocation(r, l) and inReceptacle(o, r) and ((not openable(r)) or opened(r))) or holds(a, o))
    ]
    effects = [
      checked(o) := true
    ]
  }
  action goToLocation(Agent - Checkable a, Location - Checkable lstart, Location - Checkable lend) {
    preconditions = [
      atLocation(a, lstart)
    ]
    effects = [
      atLocation(a, lstart) := false
      atLocation(a, lend) := true
    ]
  }
  action openObject(Agent - Checkable a, Location - Checkable l, Receptacle - Checkable r) {
    preconditions = [
      (openable(r) and atLocation(a, l) and receptacleAtLocation(r, l) and (not opened(r)))
    ]
    effects = [
      opened(r) := true
      checked(r) := true
    ]
  }
  action closeObject(Agent - Checkable a, Location - Checkable l, Receptacle - Checkable r) {
    preconditions = [
      (openable(r) and atLocation(a, l) and receptacleAtLocation(r, l) and opened(r))
    ]
    effects = [
      opened(r) := false
    ]
  }
  action pickupObject(Agent - Checkable a, Location - Checkable l, Obj - Checkable o, Receptacle - Checkable r) {
    preconditions = [
      (pickupable(o) and atLocation(a, l) and receptacleAtLocation(r, l) and inReceptacle(o, r) and (not holdsAny(a)) and ((not openable(r)) or opened(r)))
    ]
    effects = [
      inReceptacle(o, r) := false
      holds(a, o) := true
      holdsAny(a) := true
      objectAtLocation(o, l) := false
    ]
  }
  action putObject(Agent - Checkable a, Location - Checkable l, Obj - Checkable o, Receptacle - Checkable r, ObjectType ot, ReceptacleType rt) {
    preconditions = [
      (holds(a, o) and atLocation(a, l) and receptacleAtLocation(r, l) and ((not openable(r)) or opened(r)) and objectType(o, ot) and receptacleType(r, rt) and canContain(rt, ot))
    ]
    effects = [
      inReceptacle(o, r) := true
      objectAtLocation(o, l) := true
      holds(a, o) := false
      holdsAny(a) := false
    ]
  }
  action cleanObject(Agent - Checkable a, Location - Checkable l, Receptacle - Checkable r, Obj - Checkable o) {
    preconditions = [
      (cleanable(o) and receptacleType(r, sinkBasinType) and atLocation(a, l) and receptacleAtLocation(r, l) and holds(a, o))
    ]
    effects = [
      isClean(o) := true
    ]
  }
  action heatObject(Agent - Checkable a, Location - Checkable l, Receptacle - Checkable r, Obj - Checkable o) {
    preconditions = [
      (heatable(o) and receptacleType(r, microwaveType) and atLocation(a, l) and receptacleAtLocation(r, l) and holds(a, o))
    ]
    effects = [
      isHot(o) := true
      isCool(o) := false
    ]
  }
  action coolObject(Agent - Checkable a, Location - Checkable l, Receptacle - Checkable r, Obj - Checkable o) {
    preconditions = [
      (coolable(o) and receptacleType(r, fridgeType) and atLocation(a, l) and receptacleAtLocation(r, l) and holds(a, o))
    ]
    effects = [
      isCool(o) := true
      isHot(o) := false
    ]
  }
  action toggleObject(Agent - Checkable a, Location - Checkable l, Obj - Checkable o, Receptacle - Checkable r) {
    preconditions = [
      (toggleable(o) and atLocation(a, l) and receptacleAtLocation(r, l) and inReceptacle(o, r))
    ]
    effects = [
      if isOn(o) then isOn(o) := false
      if (not isOn(o)) then isOn(o) := true
      isToggled(o) := true
    ]
  }
  action sliceObject(Agent - Checkable a, Location - Checkable l, Obj - Checkable co, Obj - Checkable ko) {
    preconditions = [
      (sliceable(co) and (objectType(ko, knifeType) or objectType(ko, butterKnifeType)) and atLocation(a, l) and objectAtLocation(co, l) and holds(a, ko))
    ]
    effects = [
      isSliced(co) := true
    ]
  }
  action help(Agent - Checkable a) {
    preconditions = [
    ]
    effects = [
      checked(a) := true
    ]
  }
]

objects = [
  ReceptacleType: [sinkBasinType, microwaveType, fridgeType, bathtubBasinType, handTowelHolderType, ottomanType, diningTableType, sideTableType, cabinetType, toasterType, dresserType]
  ObjectType: [knifeType, butterKnifeType, baseballBatType, watchType, saltShakerType, tissueBoxType, keyChainType, laptopType, toiletPaperType, remoteControlType, handTowelType, cupType]
  Checkable: [agent1, location1, location2, location3, location4, location5, location6, location7, location8, location9, location10, bathtubBasin_1, handTowelHolder_2, ottoman_3, diningTable_4, ottoman_5, sideTable_6, cabinet_7, toaster_8, dresser_9, sideTable_10, baseballBat_1, watch_2, saltShaker_3, tissueBox_4, keyChain_5, laptop_6, toiletPaper_7, remoteControl_8, handTowel_9, cup_10]
  Agent - Checkable: [agent1]
  Location - Checkable: [location1, location2, location3, location4, location5, location6, location7, location8, location9, location10]
  Receptacle - Checkable: [bathtubBasin_1, handTowelHolder_2, ottoman_3, diningTable_4, ottoman_5, sideTable_6, cabinet_7, toaster_8, dresser_9, sideTable_10]
  Obj - Checkable: [baseballBat_1, watch_2, saltShaker_3, tissueBox_4, keyChain_5, laptop_6, toiletPaper_7, remoteControl_8, handTowel_9, cup_10]
]

initial fluents default = [
  bool atLocation[a=Agent - Checkable, l=Location - Checkable] := false
  bool receptacleAtLocation[r=Receptacle - Checkable, l=Location - Checkable] := false
  bool objectAtLocation[o=Obj - Checkable, l=Location - Checkable] := false
  bool openable[r=Receptacle - Checkable] := false
  bool opened[r=Receptacle - Checkable] := false
  bool inReceptacle[o=Obj - Checkable, r=Receptacle - Checkable] := false
  bool isReceptacleObject[o=Obj - Checkable] := false
  bool inReceptacleObject[innerObject=Obj - Checkable, outObject=Obj - Checkable] := false
  bool isReceptacleObjectFull[o=Obj - Checkable] := false
  bool wasInReceptacle[o=Obj - Checkable, r=Receptacle - Checkable] := false
  bool checked[c=Checkable] := false
  bool examined[l=Location - Checkable] := false
  bool receptacleType[r=Receptacle - Checkable, rt=ReceptacleType] := false
  bool canContain[rt=ReceptacleType, ot=ObjectType] := false
  bool objectType[o=Obj - Checkable, t=ObjectType] := false
  bool holds[a=Agent - Checkable, o=Obj - Checkable] := false
  bool holdsAny[a=Agent - Checkable] := false
  bool holdsAnyReceptacleObject[a=Agent - Checkable] := false
  bool full[r=Receptacle - Checkable] := false
  bool isClean[o=Obj - Checkable] := false
  bool cleanable[o=Obj - Checkable] := false
  bool isHot[o=Obj - Checkable] := false
  bool heatable[o=Obj - Checkable] := false
  bool isCool[o=Obj - Checkable] := false
  bool coolable[o=Obj - Checkable] := false
  bool pickupable[o=Obj - Checkable] := false
  bool moveable[o=Obj - Checkable] := false
  bool toggleable[o=Obj - Checkable] := false
  bool isOn[o=Obj - Checkable] := false
  bool isToggled[o=Obj - Checkable] := false
  bool sliceable[o=Obj - Checkable] := false
  bool isSliced[o=Obj - Checkable] := false
]

initial values = [
  receptacleType(bathtubBasin_1, bathtubBasinType) := true
  receptacleType(handTowelHolder_2, handTowelHolderType) := true
  receptacleType(ottoman_3, ottomanType) := true
  receptacleType(diningTable_4, diningTableType) := true
  receptacleType(ottoman_5, ottomanType) := true
  receptacleType(sideTable_6, sideTableType) := true
  receptacleType(cabinet_7, cabinetType) := true
  receptacleType(toaster_8, toasterType) := true
  receptacleType(dresser_9, dresserType) := true
  receptacleType(sideTable_10, sideTableType) := true
  objectType(baseballBat_1, baseballBatType) := true
  objectType(watch_2, watchType) := true
  objectType(saltShaker_3, saltShakerType) := true
  objectType(tissueBox_4, tissueBoxType) := true
  objectType(keyChain_5, keyChainType) := true
  objectType(laptop_6, laptopType) := true
  objectType(toiletPaper_7, toiletPaperType) := true
  objectType(remoteControl_8, remoteControlType) := true
  objectType(handTowel_9, handTowelType) := true
  objectType(cup_10, cupType) := true
  canContain(bathtubBasinType, handTowelType) := true
  canContain(handTowelHolderType, handTowelType) := true
  canContain(ottomanType, keyChainType) := true
  canContain(ottomanType, laptopType) := true
  canContain(ottomanType, remoteControlType) := true
  canContain(diningTableType, baseballBatType) := true
  canContain(diningTableType, watchType) := true
  canContain(diningTableType, saltShakerType) := true
  canContain(diningTableType, tissueBoxType) := true
  canContain(diningTableType, keyChainType) := true
  canContain(diningTableType, laptopType) := true
  canContain(diningTableType, toiletPaperType) := true
  canContain(diningTableType, remoteControlType) := true
  canContain(diningTableType, handTowelType) := true
  canContain(diningTableType, cupType) := true
  canContain(sideTableType, baseballBatType) := true
  canContain(sideTableType, watchType) := true
  canContain(sideTableType, saltShakerType) := true
  canContain(sideTableType, tissueBoxType) := true
  canContain(sideTableType, keyChainType) := true
  canContain(sideTableType, laptopType) := true
  canContain(sideTableType, toiletPaperType) := true
  canContain(sideTableType, remoteControlType) := true
  canContain(sideTableType, handTowelType) := true
  canContain(sideTableType, cupType) := true
  canContain(cabinetType, saltShakerType) := true
  canContain(cabinetType, tissueBoxType) := true
  canContain(cabinetType, toiletPaperType) := true
  canContain(cabinetType, handTowelType) := true
  canContain(cabinetType, cupType) := true
  canContain(dresserType, watchType) := true
  canContain(dresserType, tissueBoxType) := true
  canContain(dresserType, keyChainType) := true
  canContain(dresserType, laptopType) := true
  canContain(dresserType, toiletPaperType) := true
  canContain(dresserType, remoteControlType) := true
  canContain(dresserType, cupType) := true
  pickupable(baseballBat_1) := true
  pickupable(watch_2) := true
  pickupable(saltShaker_3) := true
  pickupable(tissueBox_4) := true
  pickupable(keyChain_5) := true
  pickupable(laptop_6) := true
  pickupable(toiletPaper_7) := true
  pickupable(remoteControl_8) := true
  pickupable(handTowel_9) := true
  pickupable(cup_10) := true
  isReceptacleObject(cup_10) := true
  cleanable(cup_10) := true
  heatable(cup_10) := true
  coolable(cup_10) := true
  receptacleAtLocation(bathtubBasin_1, location7) := true
  receptacleAtLocation(handTowelHolder_2, location6) := true
  receptacleAtLocation(ottoman_3, location8) := true
  receptacleAtLocation(diningTable_4, location9) := true
  receptacleAtLocation(ottoman_5, location8) := true
  receptacleAtLocation(sideTable_6, location3) := true
  receptacleAtLocation(cabinet_7, location4) := true
  receptacleAtLocation(toaster_8, location10) := true
  receptacleAtLocation(dresser_9, location9) := true
  receptacleAtLocation(sideTable_10, location9) := true
  inReceptacle(baseballBat_1, sideTable_10) := true
  inReceptacle(watch_2, sideTable_10) := true
  inReceptacle(tissueBox_4, cabinet_7) := true
  inReceptacle(remoteControl_8, ottoman_3) := true
  objectAtLocation(baseballBat_1, location9) := true
  objectAtLocation(watch_2, location9) := true
  objectAtLocation(saltShaker_3, location9) := true
  objectAtLocation(tissueBox_4, location4) := true
  objectAtLocation(keyChain_5, location9) := true
  objectAtLocation(laptop_6, location8) := true
  objectAtLocation(toiletPaper_7, location5) := true
  objectAtLocation(remoteControl_8, location8) := true
  objectAtLocation(handTowel_9, location8) := true
  objectAtLocation(cup_10, location1) := true
  atLocation(agent1, location2) := true
]

goals = [
  Exists (Receptacle - Checkable r) Exists (Obj - Checkable o) (inReceptacle(o, r) and objectType(o, keyChainType) and receptacleType(r, ottomanType))
]

quality metrics = [
  minimize sequential-plan-length
]


2025-06-17 09:54:42,251 - INFO - Generating plan for unconstrained problem

2025-06-17 09:54:42,608 - INFO - Unconstrained plan generation time: 0.3568751811981201

