2025-06-17 11:19:21,163 - INFO - 
================= Seed: 177 =================

2025-06-17 11:19:21,163 - INFO - problem name = alfred

types = [ReceptacleType, ObjectType, Checkable, Agent - Checkable, Location - Checkable, Receptacle - Checkable, Obj - Checkable]

fluents = [
  bool atLocation[a=Agent - Checkable, l=Location - Checkable]
  bool receptacleAtLocation[r=Receptacle - Checkable, l=Location - Checkable]
  bool objectAtLocation[o=Obj - Checkable, l=Location - Checkable]
  bool openable[r=Receptacle - Checkable]
  bool opened[r=Receptacle - Checkable]
  bool inReceptacle[o=Obj - Checkable, r=Receptacle - Checkable]
  bool isReceptacleObject[o=Obj - Checkable]
  bool inReceptacleObject[innerObject=Obj - Checkable, outObject=Obj - Checkable]
  bool isReceptacleObjectFull[o=Obj - Checkable]
  bool wasInReceptacle[o=Obj - Checkable, r=Receptacle - Checkable]
  bool checked[c=Checkable]
  bool examined[l=Location - Checkable]
  bool receptacleType[r=Receptacle - Checkable, rt=ReceptacleType]
  bool canContain[rt=ReceptacleType, ot=ObjectType]
  bool objectType[o=Obj - Checkable, t=ObjectType]
  bool holds[a=Agent - Checkable, o=Obj - Checkable]
  bool holdsAny[a=Agent - Checkable]
  bool holdsAnyReceptacleObject[a=Agent - Checkable]
  bool full[r=Receptacle - Checkable]
  bool isClean[o=Obj - Checkable]
  bool cleanable[o=Obj - Checkable]
  bool isHot[o=Obj - Checkable]
  bool heatable[o=Obj - Checkable]
  bool isCool[o=Obj - Checkable]
  bool coolable[o=Obj - Checkable]
  bool pickupable[o=Obj - Checkable]
  bool moveable[o=Obj - Checkable]
  bool toggleable[o=Obj - Checkable]
  bool isOn[o=Obj - Checkable]
  bool isToggled[o=Obj - Checkable]
  bool sliceable[o=Obj - Checkable]
  bool isSliced[o=Obj - Checkable]
]

actions = [
  action look(Agent - Checkable a, Location - Checkable l) {
    preconditions = [
      atLocation(a, l)
    ]
    effects = [
      checked(l) := true
    ]
  }
  action inventory(Agent - Checkable a) {
    preconditions = [
    ]
    effects = [
      checked(a) := true
    ]
  }
  action examineReceptacle(Agent - Checkable a, Receptacle - Checkable r) {
    preconditions = [
      Exists (Location - Checkable l) (atLocation(a, l) and receptacleAtLocation(r, l))
    ]
    effects = [
      checked(r) := true
    ]
  }
  action examineObject(Agent - Checkable a, Obj - Checkable o) {
    preconditions = [
      (Exists (Location - Checkable l) Exists (Receptacle - Checkable r) (atLocation(a, l) and receptacleAtLocation(r, l) and inReceptacle(o, r) and ((not openable(r)) or opened(r))) or holds(a, o))
    ]
    effects = [
      checked(o) := true
    ]
  }
  action goToLocation(Agent - Checkable a, Location - Checkable lstart, Location - Checkable lend) {
    preconditions = [
      atLocation(a, lstart)
    ]
    effects = [
      atLocation(a, lstart) := false
      atLocation(a, lend) := true
    ]
  }
  action openObject(Agent - Checkable a, Location - Checkable l, Receptacle - Checkable r) {
    preconditions = [
      (openable(r) and atLocation(a, l) and receptacleAtLocation(r, l) and (not opened(r)))
    ]
    effects = [
      opened(r) := true
      checked(r) := true
    ]
  }
  action closeObject(Agent - Checkable a, Location - Checkable l, Receptacle - Checkable r) {
    preconditions = [
      (openable(r) and atLocation(a, l) and receptacleAtLocation(r, l) and opened(r))
    ]
    effects = [
      opened(r) := false
    ]
  }
  action pickupObject(Agent - Checkable a, Location - Checkable l, Obj - Checkable o, Receptacle - Checkable r) {
    preconditions = [
      (pickupable(o) and atLocation(a, l) and receptacleAtLocation(r, l) and inReceptacle(o, r) and (not holdsAny(a)) and ((not openable(r)) or opened(r)))
    ]
    effects = [
      inReceptacle(o, r) := false
      holds(a, o) := true
      holdsAny(a) := true
      objectAtLocation(o, l) := false
    ]
  }
  action putObject(Agent - Checkable a, Location - Checkable l, Obj - Checkable o, Receptacle - Checkable r, ObjectType ot, ReceptacleType rt) {
    preconditions = [
      (holds(a, o) and atLocation(a, l) and receptacleAtLocation(r, l) and ((not openable(r)) or opened(r)) and objectType(o, ot) and receptacleType(r, rt) and canContain(rt, ot))
    ]
    effects = [
      inReceptacle(o, r) := true
      objectAtLocation(o, l) := true
      holds(a, o) := false
      holdsAny(a) := false
    ]
  }
  action cleanObject(Agent - Checkable a, Location - Checkable l, Receptacle - Checkable r, Obj - Checkable o) {
    preconditions = [
      (cleanable(o) and receptacleType(r, sinkBasinType) and atLocation(a, l) and receptacleAtLocation(r, l) and holds(a, o))
    ]
    effects = [
      isClean(o) := true
    ]
  }
  action heatObject(Agent - Checkable a, Location - Checkable l, Receptacle - Checkable r, Obj - Checkable o) {
    preconditions = [
      (heatable(o) and receptacleType(r, microwaveType) and atLocation(a, l) and receptacleAtLocation(r, l) and holds(a, o))
    ]
    effects = [
      isHot(o) := true
      isCool(o) := false
    ]
  }
  action coolObject(Agent - Checkable a, Location - Checkable l, Receptacle - Checkable r, Obj - Checkable o) {
    preconditions = [
      (coolable(o) and receptacleType(r, fridgeType) and atLocation(a, l) and receptacleAtLocation(r, l) and holds(a, o))
    ]
    effects = [
      isCool(o) := true
      isHot(o) := false
    ]
  }
  action toggleObject(Agent - Checkable a, Location - Checkable l, Obj - Checkable o, Receptacle - Checkable r) {
    preconditions = [
      (toggleable(o) and atLocation(a, l) and receptacleAtLocation(r, l) and inReceptacle(o, r))
    ]
    effects = [
      if isOn(o) then isOn(o) := false
      if (not isOn(o)) then isOn(o) := true
      isToggled(o) := true
    ]
  }
  action sliceObject(Agent - Checkable a, Location - Checkable l, Obj - Checkable co, Obj - Checkable ko) {
    preconditions = [
      (sliceable(co) and (objectType(ko, knifeType) or objectType(ko, butterKnifeType)) and atLocation(a, l) and objectAtLocation(co, l) and holds(a, ko))
    ]
    effects = [
      isSliced(co) := true
    ]
  }
  action help(Agent - Checkable a) {
    preconditions = [
    ]
    effects = [
      checked(a) := true
    ]
  }
]

objects = [
  ReceptacleType: [sinkBasinType, microwaveType, fridgeType, counterTopType, toiletPaperHangerType, coffeeTableType, bathtubBasinType, ottomanType, deskType, diningTableType, drawerType]
  ObjectType: [knifeType, butterKnifeType, sprayBottleType, potatoType, spatulaType, tennisRacketType, glassbottleType, keyChainType, baseballBatType, potType]
  Checkable: [agent1, location1, location2, location3, location4, location5, location6, location7, location8, location9, location10, counterTop_1, toiletPaperHanger_2, coffeeTable_3, bathtubBasin_4, counterTop_5, ottoman_6, desk_7, diningTable_8, drawer_9, coffeeTable_10, microwave_11, fridge_12, sprayBottle_1, potato_2, spatula_3, tennisRacket_4, glassbottle_5, butterKnife_6, keyChain_7, butterKnife_8, baseballBat_9, pot_10]
  Agent - Checkable: [agent1]
  Location - Checkable: [location1, location2, location3, location4, location5, location6, location7, location8, location9, location10]
  Receptacle - Checkable: [counterTop_1, toiletPaperHanger_2, coffeeTable_3, bathtubBasin_4, counterTop_5, ottoman_6, desk_7, diningTable_8, drawer_9, coffeeTable_10, microwave_11, fridge_12]
  Obj - Checkable: [sprayBottle_1, potato_2, spatula_3, tennisRacket_4, glassbottle_5, butterKnife_6, keyChain_7, butterKnife_8, baseballBat_9, pot_10]
]

initial fluents default = [
  bool atLocation[a=Agent - Checkable, l=Location - Checkable] := false
  bool receptacleAtLocation[r=Receptacle - Checkable, l=Location - Checkable] := false
  bool objectAtLocation[o=Obj - Checkable, l=Location - Checkable] := false
  bool openable[r=Receptacle - Checkable] := false
  bool opened[r=Receptacle - Checkable] := false
  bool inReceptacle[o=Obj - Checkable, r=Receptacle - Checkable] := false
  bool isReceptacleObject[o=Obj - Checkable] := false
  bool inReceptacleObject[innerObject=Obj - Checkable, outObject=Obj - Checkable] := false
  bool isReceptacleObjectFull[o=Obj - Checkable] := false
  bool wasInReceptacle[o=Obj - Checkable, r=Receptacle - Checkable] := false
  bool checked[c=Checkable] := false
  bool examined[l=Location - Checkable] := false
  bool receptacleType[r=Receptacle - Checkable, rt=ReceptacleType] := false
  bool canContain[rt=ReceptacleType, ot=ObjectType] := false
  bool objectType[o=Obj - Checkable, t=ObjectType] := false
  bool holds[a=Agent - Checkable, o=Obj - Checkable] := false
  bool holdsAny[a=Agent - Checkable] := false
  bool holdsAnyReceptacleObject[a=Agent - Checkable] := false
  bool full[r=Receptacle - Checkable] := false
  bool isClean[o=Obj - Checkable] := false
  bool cleanable[o=Obj - Checkable] := false
  bool isHot[o=Obj - Checkable] := false
  bool heatable[o=Obj - Checkable] := false
  bool isCool[o=Obj - Checkable] := false
  bool coolable[o=Obj - Checkable] := false
  bool pickupable[o=Obj - Checkable] := false
  bool moveable[o=Obj - Checkable] := false
  bool toggleable[o=Obj - Checkable] := false
  bool isOn[o=Obj - Checkable] := false
  bool isToggled[o=Obj - Checkable] := false
  bool sliceable[o=Obj - Checkable] := false
  bool isSliced[o=Obj - Checkable] := false
]

initial values = [
  receptacleType(counterTop_1, counterTopType) := true
  receptacleType(toiletPaperHanger_2, toiletPaperHangerType) := true
  receptacleType(coffeeTable_3, coffeeTableType) := true
  receptacleType(bathtubBasin_4, bathtubBasinType) := true
  receptacleType(counterTop_5, counterTopType) := true
  receptacleType(ottoman_6, ottomanType) := true
  receptacleType(desk_7, deskType) := true
  receptacleType(diningTable_8, diningTableType) := true
  receptacleType(drawer_9, drawerType) := true
  receptacleType(coffeeTable_10, coffeeTableType) := true
  receptacleType(microwave_11, microwaveType) := true
  receptacleType(fridge_12, fridgeType) := true
  objectType(sprayBottle_1, sprayBottleType) := true
  objectType(potato_2, potatoType) := true
  objectType(spatula_3, spatulaType) := true
  objectType(tennisRacket_4, tennisRacketType) := true
  objectType(glassbottle_5, glassbottleType) := true
  objectType(butterKnife_6, butterKnifeType) := true
  objectType(keyChain_7, keyChainType) := true
  objectType(butterKnife_8, butterKnifeType) := true
  objectType(baseballBat_9, baseballBatType) := true
  objectType(pot_10, potType) := true
  canContain(counterTopType, sprayBottleType) := true
  canContain(counterTopType, potatoType) := true
  canContain(counterTopType, spatulaType) := true
  canContain(counterTopType, tennisRacketType) := true
  canContain(counterTopType, glassbottleType) := true
  canContain(counterTopType, butterKnifeType) := true
  canContain(counterTopType, keyChainType) := true
  canContain(counterTopType, baseballBatType) := true
  canContain(counterTopType, potType) := true
  canContain(coffeeTableType, sprayBottleType) := true
  canContain(coffeeTableType, potatoType) := true
  canContain(coffeeTableType, spatulaType) := true
  canContain(coffeeTableType, tennisRacketType) := true
  canContain(coffeeTableType, glassbottleType) := true
  canContain(coffeeTableType, butterKnifeType) := true
  canContain(coffeeTableType, keyChainType) := true
  canContain(coffeeTableType, baseballBatType) := true
  canContain(coffeeTableType, potType) := true
  canContain(ottomanType, keyChainType) := true
  canContain(deskType, sprayBottleType) := true
  canContain(deskType, tennisRacketType) := true
  canContain(deskType, glassbottleType) := true
  canContain(deskType, keyChainType) := true
  canContain(diningTableType, sprayBottleType) := true
  canContain(diningTableType, potatoType) := true
  canContain(diningTableType, spatulaType) := true
  canContain(diningTableType, tennisRacketType) := true
  canContain(diningTableType, glassbottleType) := true
  canContain(diningTableType, butterKnifeType) := true
  canContain(diningTableType, keyChainType) := true
  canContain(diningTableType, baseballBatType) := true
  canContain(diningTableType, potType) := true
  canContain(drawerType, sprayBottleType) := true
  canContain(drawerType, spatulaType) := true
  canContain(drawerType, butterKnifeType) := true
  canContain(drawerType, keyChainType) := true
  canContain(microwaveType, potatoType) := true
  canContain(microwaveType, glassbottleType) := true
  canContain(fridgeType, potatoType) := true
  canContain(fridgeType, glassbottleType) := true
  canContain(fridgeType, potType) := true
  pickupable(sprayBottle_1) := true
  pickupable(potato_2) := true
  cleanable(potato_2) := true
  heatable(potato_2) := true
  coolable(potato_2) := true
  sliceable(potato_2) := true
  pickupable(spatula_3) := true
  cleanable(spatula_3) := true
  pickupable(tennisRacket_4) := true
  pickupable(glassbottle_5) := true
  pickupable(butterKnife_6) := true
  cleanable(butterKnife_6) := true
  pickupable(keyChain_7) := true
  pickupable(butterKnife_8) := true
  cleanable(butterKnife_8) := true
  pickupable(baseballBat_9) := true
  pickupable(pot_10) := true
  isReceptacleObject(pot_10) := true
  cleanable(pot_10) := true
  coolable(pot_10) := true
  receptacleAtLocation(counterTop_1, location7) := true
  receptacleAtLocation(toiletPaperHanger_2, location2) := true
  receptacleAtLocation(coffeeTable_3, location2) := true
  receptacleAtLocation(bathtubBasin_4, location10) := true
  receptacleAtLocation(counterTop_5, location4) := true
  receptacleAtLocation(ottoman_6, location5) := true
  receptacleAtLocation(desk_7, location3) := true
  receptacleAtLocation(diningTable_8, location7) := true
  receptacleAtLocation(drawer_9, location2) := true
  receptacleAtLocation(coffeeTable_10, location4) := true
  receptacleAtLocation(microwave_11, location3) := true
  receptacleAtLocation(fridge_12, location6) := true
  inReceptacle(sprayBottle_1, coffeeTable_3) := true
  inReceptacle(potato_2, fridge_12) := true
  inReceptacle(spatula_3, counterTop_1) := true
  inReceptacle(tennisRacket_4, counterTop_1) := true
  inReceptacle(glassbottle_5, counterTop_1) := true
  inReceptacle(butterKnife_6, drawer_9) := true
  inReceptacle(keyChain_7, diningTable_8) := true
  inReceptacle(butterKnife_8, coffeeTable_10) := true
  inReceptacle(baseballBat_9, coffeeTable_10) := true
  inReceptacle(pot_10, coffeeTable_10) := true
  objectAtLocation(sprayBottle_1, location2) := true
  objectAtLocation(potato_2, location6) := true
  objectAtLocation(spatula_3, location7) := true
  objectAtLocation(tennisRacket_4, location7) := true
  objectAtLocation(glassbottle_5, location7) := true
  objectAtLocation(butterKnife_6, location2) := true
  objectAtLocation(keyChain_7, location7) := true
  objectAtLocation(butterKnife_8, location4) := true
  objectAtLocation(baseballBat_9, location4) := true
  objectAtLocation(pot_10, location4) := true
  atLocation(agent1, location6) := true
]

goals = [
  Exists (Receptacle - Checkable r) Exists (Obj - Checkable o1) (inReceptacle(o1, r) and objectType(o1, keyChainType) and receptacleType(r, drawerType) and Exists (Obj - Checkable o2) ((not (o1 == o2)) and objectType(o2, butterKnifeType) and receptacleType(r, drawerType) and inReceptacle(o2, r)))
]

quality metrics = [
  minimize sequential-plan-length
]


2025-06-17 11:19:21,166 - INFO - Generating plan for unconstrained problem

2025-06-17 11:19:21,649 - INFO - Unconstrained plan generation time: 0.4829251766204834

2025-06-17 11:19:21,649 - INFO - Unconstrained plan and cost: 
2025-06-17 11:19:21,649 - INFO - SequentialPlan:
    goToLocation(agent1, location6, location7)
    pickupObject(agent1, location7, keyChain_7, diningTable_8)
    goToLocation(agent1, location7, location2)
    putObject(agent1, location2, keyChain_7, drawer_9, keyChainType, drawerType)
2025-06-17 11:19:21,649 - INFO - 4
2025-06-17 11:19:21,892 - INFO - Sampled constraints:

2025-06-17 11:19:21,892 - INFO - Sometime((checked(desk_7) and atLocation(agent1, location9)))
2025-06-17 11:19:21,892 - INFO - 
2025-06-17 11:19:21,892 - INFO - Generation time: 0.2422924041748047

2025-06-17 11:19:21,892 - INFO - Generating plan for constrained problem (with LiftedTCORE).

2025-06-17 11:19:21,933 - INFO - LiftedTCORE compilation time: 0.04068565368652344

2025-06-17 11:19:22,411 - INFO - Planning Time with LiftedTCORE's file: 0.4775364398956299

2025-06-17 11:19:22,411 - INFO - Plan found with LiftedTCORE + sym_bd: SequentialPlan:
    goToLocation(agent1, location6, location7)
    pickupObject(agent1, location7, keyChain_7, diningTable_8)
    goToLocation(agent1, location7, location3)
    examineReceptacle(agent1, desk_7)
    goToLocation(agent1, location3, location2)
    putObject(agent1, location2, keyChain_7, drawer_9, keyChainType, drawerType)
    goToLocation(agent1, location2, location9)
2025-06-17 11:19:22,412 - INFO - Seed: 177 is solvable

2025-06-17 11:19:22,412 - INFO - Unconstrained cost: 4
2025-06-17 11:19:22,412 - INFO - Constrained cost: 7
2025-06-17 11:19:22,412 - INFO - Seed: 177 Plan simulation is feasible
2025-06-17 11:19:22,412 - INFO - 
Seed: 177 
 Plan: [goToLocation(agent1, location6, location7), pickupObject(agent1, location7, keyChain_7, diningTable_8), goToLocation(agent1, location7, location3), examineReceptacle(agent1, desk_7), goToLocation(agent1, location3, location2), putObject(agent1, location2, keyChain_7, drawer_9, keyChainType, drawerType), goToLocation(agent1, location2, location9)]  
 Cost: 7

