2025-06-17 09:53:23,056 - INFO - 
================= Seed: 270 =================

2025-06-17 09:53:23,062 - INFO - problem name = alfred

types = [ReceptacleType, ObjectType, Checkable, Agent - Checkable, Location - Checkable, Receptacle - Checkable, Obj - Checkable]

fluents = [
  bool atLocation[a=Agent - Checkable, l=Location - Checkable]
  bool receptacleAtLocation[r=Receptacle - Checkable, l=Location - Checkable]
  bool objectAtLocation[o=Obj - Checkable, l=Location - Checkable]
  bool openable[r=Receptacle - Checkable]
  bool opened[r=Receptacle - Checkable]
  bool inReceptacle[o=Obj - Checkable, r=Receptacle - Checkable]
  bool isReceptacleObject[o=Obj - Checkable]
  bool inReceptacleObject[innerObject=Obj - Checkable, outObject=Obj - Checkable]
  bool isReceptacleObjectFull[o=Obj - Checkable]
  bool wasInReceptacle[o=Obj - Checkable, r=Receptacle - Checkable]
  bool checked[c=Checkable]
  bool examined[l=Location - Checkable]
  bool receptacleType[r=Receptacle - Checkable, rt=ReceptacleType]
  bool canContain[rt=ReceptacleType, ot=ObjectType]
  bool objectType[o=Obj - Checkable, t=ObjectType]
  bool holds[a=Agent - Checkable, o=Obj - Checkable]
  bool holdsAny[a=Agent - Checkable]
  bool holdsAnyReceptacleObject[a=Agent - Checkable]
  bool full[r=Receptacle - Checkable]
  bool isClean[o=Obj - Checkable]
  bool cleanable[o=Obj - Checkable]
  bool isHot[o=Obj - Checkable]
  bool heatable[o=Obj - Checkable]
  bool isCool[o=Obj - Checkable]
  bool coolable[o=Obj - Checkable]
  bool pickupable[o=Obj - Checkable]
  bool moveable[o=Obj - Checkable]
  bool toggleable[o=Obj - Checkable]
  bool isOn[o=Obj - Checkable]
  bool isToggled[o=Obj - Checkable]
  bool sliceable[o=Obj - Checkable]
  bool isSliced[o=Obj - Checkable]
]

actions = [
  action look(Agent - Checkable a, Location - Checkable l) {
    preconditions = [
      atLocation(a, l)
    ]
    effects = [
      checked(l) := true
    ]
  }
  action inventory(Agent - Checkable a) {
    preconditions = [
    ]
    effects = [
      checked(a) := true
    ]
  }
  action examineReceptacle(Agent - Checkable a, Receptacle - Checkable r) {
    preconditions = [
      Exists (Location - Checkable l) (atLocation(a, l) and receptacleAtLocation(r, l))
    ]
    effects = [
      checked(r) := true
    ]
  }
  action examineObject(Agent - Checkable a, Obj - Checkable o) {
    preconditions = [
      (Exists (Location - Checkable l) Exists (Receptacle - Checkable r) (atLocation(a, l) and receptacleAtLocation(r, l) and inReceptacle(o, r) and ((not openable(r)) or opened(r))) or holds(a, o))
    ]
    effects = [
      checked(o) := true
    ]
  }
  action goToLocation(Agent - Checkable a, Location - Checkable lstart, Location - Checkable lend) {
    preconditions = [
      atLocation(a, lstart)
    ]
    effects = [
      atLocation(a, lstart) := false
      atLocation(a, lend) := true
    ]
  }
  action openObject(Agent - Checkable a, Location - Checkable l, Receptacle - Checkable r) {
    preconditions = [
      (openable(r) and atLocation(a, l) and receptacleAtLocation(r, l) and (not opened(r)))
    ]
    effects = [
      opened(r) := true
      checked(r) := true
    ]
  }
  action closeObject(Agent - Checkable a, Location - Checkable l, Receptacle - Checkable r) {
    preconditions = [
      (openable(r) and atLocation(a, l) and receptacleAtLocation(r, l) and opened(r))
    ]
    effects = [
      opened(r) := false
    ]
  }
  action pickupObject(Agent - Checkable a, Location - Checkable l, Obj - Checkable o, Receptacle - Checkable r) {
    preconditions = [
      (pickupable(o) and atLocation(a, l) and receptacleAtLocation(r, l) and inReceptacle(o, r) and (not holdsAny(a)) and ((not openable(r)) or opened(r)))
    ]
    effects = [
      inReceptacle(o, r) := false
      holds(a, o) := true
      holdsAny(a) := true
      objectAtLocation(o, l) := false
    ]
  }
  action putObject(Agent - Checkable a, Location - Checkable l, Obj - Checkable o, Receptacle - Checkable r, ObjectType ot, ReceptacleType rt) {
    preconditions = [
      (holds(a, o) and atLocation(a, l) and receptacleAtLocation(r, l) and ((not openable(r)) or opened(r)) and objectType(o, ot) and receptacleType(r, rt) and canContain(rt, ot))
    ]
    effects = [
      inReceptacle(o, r) := true
      objectAtLocation(o, l) := true
      holds(a, o) := false
      holdsAny(a) := false
    ]
  }
  action cleanObject(Agent - Checkable a, Location - Checkable l, Receptacle - Checkable r, Obj - Checkable o) {
    preconditions = [
      (cleanable(o) and receptacleType(r, sinkBasinType) and atLocation(a, l) and receptacleAtLocation(r, l) and holds(a, o))
    ]
    effects = [
      isClean(o) := true
    ]
  }
  action heatObject(Agent - Checkable a, Location - Checkable l, Receptacle - Checkable r, Obj - Checkable o) {
    preconditions = [
      (heatable(o) and receptacleType(r, microwaveType) and atLocation(a, l) and receptacleAtLocation(r, l) and holds(a, o))
    ]
    effects = [
      isHot(o) := true
      isCool(o) := false
    ]
  }
  action coolObject(Agent - Checkable a, Location - Checkable l, Receptacle - Checkable r, Obj - Checkable o) {
    preconditions = [
      (coolable(o) and receptacleType(r, fridgeType) and atLocation(a, l) and receptacleAtLocation(r, l) and holds(a, o))
    ]
    effects = [
      isCool(o) := true
      isHot(o) := false
    ]
  }
  action toggleObject(Agent - Checkable a, Location - Checkable l, Obj - Checkable o, Receptacle - Checkable r) {
    preconditions = [
      (toggleable(o) and atLocation(a, l) and receptacleAtLocation(r, l) and inReceptacle(o, r))
    ]
    effects = [
      if isOn(o) then isOn(o) := false
      if (not isOn(o)) then isOn(o) := true
      isToggled(o) := true
    ]
  }
  action sliceObject(Agent - Checkable a, Location - Checkable l, Obj - Checkable co, Obj - Checkable ko) {
    preconditions = [
      (sliceable(co) and (objectType(ko, knifeType) or objectType(ko, butterKnifeType)) and atLocation(a, l) and objectAtLocation(co, l) and holds(a, ko))
    ]
    effects = [
      isSliced(co) := true
    ]
  }
  action help(Agent - Checkable a) {
    preconditions = [
    ]
    effects = [
      checked(a) := true
    ]
  }
]

objects = [
  ReceptacleType: [sinkBasinType, microwaveType, fridgeType, cartType, coffeeMachineType, stoveBurnerType, bedType, shelfType, dresserType, armChairType, deskType, handTowelHolderType, bathtubBasinType]
  ObjectType: [knifeType, butterKnifeType, toiletPaperRollType, cupType, statueType, soapBottleType, boxType, cdType, candleType, dishSpongeType, laptopType, potType]
  Checkable: [agent1, location1, location2, location3, location4, location5, location6, location7, location8, location9, location10, cart_1, coffeeMachine_2, stoveBurner_3, bed_4, shelf_5, dresser_6, armChair_7, desk_8, handTowelHolder_9, bathtubBasin_10, toiletPaperRoll_1, cup_2, statue_3, soapBottle_4, box_5, cd_6, candle_7, dishSponge_8, laptop_9, pot_10]
  Agent - Checkable: [agent1]
  Location - Checkable: [location1, location2, location3, location4, location5, location6, location7, location8, location9, location10]
  Receptacle - Checkable: [cart_1, coffeeMachine_2, stoveBurner_3, bed_4, shelf_5, dresser_6, armChair_7, desk_8, handTowelHolder_9, bathtubBasin_10]
  Obj - Checkable: [toiletPaperRoll_1, cup_2, statue_3, soapBottle_4, box_5, cd_6, candle_7, dishSponge_8, laptop_9, pot_10]
]

initial fluents default = [
  bool atLocation[a=Agent - Checkable, l=Location - Checkable] := false
  bool receptacleAtLocation[r=Receptacle - Checkable, l=Location - Checkable] := false
  bool objectAtLocation[o=Obj - Checkable, l=Location - Checkable] := false
  bool openable[r=Receptacle - Checkable] := false
  bool opened[r=Receptacle - Checkable] := false
  bool inReceptacle[o=Obj - Checkable, r=Receptacle - Checkable] := false
  bool isReceptacleObject[o=Obj - Checkable] := false
  bool inReceptacleObject[innerObject=Obj - Checkable, outObject=Obj - Checkable] := false
  bool isReceptacleObjectFull[o=Obj - Checkable] := false
  bool wasInReceptacle[o=Obj - Checkable, r=Receptacle - Checkable] := false
  bool checked[c=Checkable] := false
  bool examined[l=Location - Checkable] := false
  bool receptacleType[r=Receptacle - Checkable, rt=ReceptacleType] := false
  bool canContain[rt=ReceptacleType, ot=ObjectType] := false
  bool objectType[o=Obj - Checkable, t=ObjectType] := false
  bool holds[a=Agent - Checkable, o=Obj - Checkable] := false
  bool holdsAny[a=Agent - Checkable] := false
  bool holdsAnyReceptacleObject[a=Agent - Checkable] := false
  bool full[r=Receptacle - Checkable] := false
  bool isClean[o=Obj - Checkable] := false
  bool cleanable[o=Obj - Checkable] := false
  bool isHot[o=Obj - Checkable] := false
  bool heatable[o=Obj - Checkable] := false
  bool isCool[o=Obj - Checkable] := false
  bool coolable[o=Obj - Checkable] := false
  bool pickupable[o=Obj - Checkable] := false
  bool moveable[o=Obj - Checkable] := false
  bool toggleable[o=Obj - Checkable] := false
  bool isOn[o=Obj - Checkable] := false
  bool isToggled[o=Obj - Checkable] := false
  bool sliceable[o=Obj - Checkable] := false
  bool isSliced[o=Obj - Checkable] := false
]

initial values = [
  receptacleType(cart_1, cartType) := true
  receptacleType(coffeeMachine_2, coffeeMachineType) := true
  receptacleType(stoveBurner_3, stoveBurnerType) := true
  receptacleType(bed_4, bedType) := true
  receptacleType(shelf_5, shelfType) := true
  receptacleType(dresser_6, dresserType) := true
  receptacleType(armChair_7, armChairType) := true
  receptacleType(desk_8, deskType) := true
  receptacleType(handTowelHolder_9, handTowelHolderType) := true
  receptacleType(bathtubBasin_10, bathtubBasinType) := true
  objectType(toiletPaperRoll_1, toiletPaperRollType) := true
  objectType(cup_2, cupType) := true
  objectType(statue_3, statueType) := true
  objectType(soapBottle_4, soapBottleType) := true
  objectType(box_5, boxType) := true
  objectType(cd_6, cdType) := true
  objectType(candle_7, candleType) := true
  objectType(dishSponge_8, dishSpongeType) := true
  objectType(laptop_9, laptopType) := true
  objectType(pot_10, potType) := true
  canContain(cartType, toiletPaperRollType) := true
  canContain(cartType, statueType) := true
  canContain(cartType, soapBottleType) := true
  canContain(cartType, candleType) := true
  canContain(cartType, dishSpongeType) := true
  canContain(stoveBurnerType, potType) := true
  canContain(bedType, laptopType) := true
  canContain(shelfType, toiletPaperRollType) := true
  canContain(shelfType, cupType) := true
  canContain(shelfType, statueType) := true
  canContain(shelfType, soapBottleType) := true
  canContain(shelfType, boxType) := true
  canContain(shelfType, cdType) := true
  canContain(shelfType, candleType) := true
  canContain(shelfType, dishSpongeType) := true
  canContain(shelfType, potType) := true
  canContain(dresserType, toiletPaperRollType) := true
  canContain(dresserType, cupType) := true
  canContain(dresserType, statueType) := true
  canContain(dresserType, boxType) := true
  canContain(dresserType, candleType) := true
  canContain(dresserType, laptopType) := true
  canContain(armChairType, boxType) := true
  canContain(armChairType, laptopType) := true
  canContain(deskType, toiletPaperRollType) := true
  canContain(deskType, cupType) := true
  canContain(deskType, statueType) := true
  canContain(deskType, soapBottleType) := true
  canContain(deskType, boxType) := true
  canContain(deskType, candleType) := true
  canContain(deskType, laptopType) := true
  canContain(bathtubBasinType, dishSpongeType) := true
  pickupable(toiletPaperRoll_1) := true
  pickupable(cup_2) := true
  isReceptacleObject(cup_2) := true
  cleanable(cup_2) := true
  heatable(cup_2) := true
  coolable(cup_2) := true
  pickupable(statue_3) := true
  pickupable(soapBottle_4) := true
  pickupable(box_5) := true
  isReceptacleObject(box_5) := true
  pickupable(cd_6) := true
  pickupable(candle_7) := true
  pickupable(dishSponge_8) := true
  cleanable(dishSponge_8) := true
  pickupable(laptop_9) := true
  pickupable(pot_10) := true
  isReceptacleObject(pot_10) := true
  cleanable(pot_10) := true
  coolable(pot_10) := true
  receptacleAtLocation(cart_1, location10) := true
  receptacleAtLocation(coffeeMachine_2, location1) := true
  receptacleAtLocation(stoveBurner_3, location1) := true
  receptacleAtLocation(bed_4, location6) := true
  receptacleAtLocation(shelf_5, location10) := true
  receptacleAtLocation(dresser_6, location1) := true
  receptacleAtLocation(armChair_7, location10) := true
  receptacleAtLocation(desk_8, location1) := true
  receptacleAtLocation(handTowelHolder_9, location10) := true
  receptacleAtLocation(bathtubBasin_10, location3) := true
  inReceptacle(cup_2, dresser_6) := true
  inReceptacle(box_5, desk_8) := true
  objectAtLocation(toiletPaperRoll_1, location2) := true
  objectAtLocation(cup_2, location1) := true
  objectAtLocation(statue_3, location8) := true
  objectAtLocation(soapBottle_4, location6) := true
  objectAtLocation(box_5, location1) := true
  objectAtLocation(cd_6, location5) := true
  objectAtLocation(candle_7, location2) := true
  objectAtLocation(dishSponge_8, location9) := true
  objectAtLocation(laptop_9, location6) := true
  objectAtLocation(pot_10, location1) := true
  atLocation(agent1, location5) := true
]

goals = [
  Exists (Receptacle - Checkable r) Exists (Obj - Checkable o1) (inReceptacle(o1, r) and objectType(o1, boxType) and receptacleType(r, armChairType) and Exists (Obj - Checkable o2) ((not (o1 == o2)) and objectType(o2, boxType) and receptacleType(r, armChairType) and inReceptacle(o2, r)))
]

quality metrics = [
  minimize sequential-plan-length
]


2025-06-17 09:53:23,064 - INFO - Generating plan for unconstrained problem

2025-06-17 09:53:23,469 - INFO - Unconstrained plan generation time: 0.4053382873535156

