2025-06-17 11:16:40,830 - INFO - 
================= Seed: 73 =================

2025-06-17 11:16:40,830 - INFO - problem name = alfred

types = [ReceptacleType, ObjectType, Checkable, Agent - Checkable, Location - Checkable, Receptacle - Checkable, Obj - Checkable]

fluents = [
  bool atLocation[a=Agent - Checkable, l=Location - Checkable]
  bool receptacleAtLocation[r=Receptacle - Checkable, l=Location - Checkable]
  bool objectAtLocation[o=Obj - Checkable, l=Location - Checkable]
  bool openable[r=Receptacle - Checkable]
  bool opened[r=Receptacle - Checkable]
  bool inReceptacle[o=Obj - Checkable, r=Receptacle - Checkable]
  bool isReceptacleObject[o=Obj - Checkable]
  bool inReceptacleObject[innerObject=Obj - Checkable, outObject=Obj - Checkable]
  bool isReceptacleObjectFull[o=Obj - Checkable]
  bool wasInReceptacle[o=Obj - Checkable, r=Receptacle - Checkable]
  bool checked[c=Checkable]
  bool examined[l=Location - Checkable]
  bool receptacleType[r=Receptacle - Checkable, rt=ReceptacleType]
  bool canContain[rt=ReceptacleType, ot=ObjectType]
  bool objectType[o=Obj - Checkable, t=ObjectType]
  bool holds[a=Agent - Checkable, o=Obj - Checkable]
  bool holdsAny[a=Agent - Checkable]
  bool holdsAnyReceptacleObject[a=Agent - Checkable]
  bool full[r=Receptacle - Checkable]
  bool isClean[o=Obj - Checkable]
  bool cleanable[o=Obj - Checkable]
  bool isHot[o=Obj - Checkable]
  bool heatable[o=Obj - Checkable]
  bool isCool[o=Obj - Checkable]
  bool coolable[o=Obj - Checkable]
  bool pickupable[o=Obj - Checkable]
  bool moveable[o=Obj - Checkable]
  bool toggleable[o=Obj - Checkable]
  bool isOn[o=Obj - Checkable]
  bool isToggled[o=Obj - Checkable]
  bool sliceable[o=Obj - Checkable]
  bool isSliced[o=Obj - Checkable]
]

actions = [
  action look(Agent - Checkable a, Location - Checkable l) {
    preconditions = [
      atLocation(a, l)
    ]
    effects = [
      checked(l) := true
    ]
  }
  action inventory(Agent - Checkable a) {
    preconditions = [
    ]
    effects = [
      checked(a) := true
    ]
  }
  action examineReceptacle(Agent - Checkable a, Receptacle - Checkable r) {
    preconditions = [
      Exists (Location - Checkable l) (atLocation(a, l) and receptacleAtLocation(r, l))
    ]
    effects = [
      checked(r) := true
    ]
  }
  action examineObject(Agent - Checkable a, Obj - Checkable o) {
    preconditions = [
      (Exists (Location - Checkable l) Exists (Receptacle - Checkable r) (atLocation(a, l) and receptacleAtLocation(r, l) and inReceptacle(o, r) and ((not openable(r)) or opened(r))) or holds(a, o))
    ]
    effects = [
      checked(o) := true
    ]
  }
  action goToLocation(Agent - Checkable a, Location - Checkable lstart, Location - Checkable lend) {
    preconditions = [
      atLocation(a, lstart)
    ]
    effects = [
      atLocation(a, lstart) := false
      atLocation(a, lend) := true
    ]
  }
  action openObject(Agent - Checkable a, Location - Checkable l, Receptacle - Checkable r) {
    preconditions = [
      (openable(r) and atLocation(a, l) and receptacleAtLocation(r, l) and (not opened(r)))
    ]
    effects = [
      opened(r) := true
      checked(r) := true
    ]
  }
  action closeObject(Agent - Checkable a, Location - Checkable l, Receptacle - Checkable r) {
    preconditions = [
      (openable(r) and atLocation(a, l) and receptacleAtLocation(r, l) and opened(r))
    ]
    effects = [
      opened(r) := false
    ]
  }
  action pickupObject(Agent - Checkable a, Location - Checkable l, Obj - Checkable o, Receptacle - Checkable r) {
    preconditions = [
      (pickupable(o) and atLocation(a, l) and receptacleAtLocation(r, l) and inReceptacle(o, r) and (not holdsAny(a)) and ((not openable(r)) or opened(r)))
    ]
    effects = [
      inReceptacle(o, r) := false
      holds(a, o) := true
      holdsAny(a) := true
      objectAtLocation(o, l) := false
    ]
  }
  action putObject(Agent - Checkable a, Location - Checkable l, Obj - Checkable o, Receptacle - Checkable r, ObjectType ot, ReceptacleType rt) {
    preconditions = [
      (holds(a, o) and atLocation(a, l) and receptacleAtLocation(r, l) and ((not openable(r)) or opened(r)) and objectType(o, ot) and receptacleType(r, rt) and canContain(rt, ot))
    ]
    effects = [
      inReceptacle(o, r) := true
      objectAtLocation(o, l) := true
      holds(a, o) := false
      holdsAny(a) := false
    ]
  }
  action cleanObject(Agent - Checkable a, Location - Checkable l, Receptacle - Checkable r, Obj - Checkable o) {
    preconditions = [
      (cleanable(o) and receptacleType(r, sinkBasinType) and atLocation(a, l) and receptacleAtLocation(r, l) and holds(a, o))
    ]
    effects = [
      isClean(o) := true
    ]
  }
  action heatObject(Agent - Checkable a, Location - Checkable l, Receptacle - Checkable r, Obj - Checkable o) {
    preconditions = [
      (heatable(o) and receptacleType(r, microwaveType) and atLocation(a, l) and receptacleAtLocation(r, l) and holds(a, o))
    ]
    effects = [
      isHot(o) := true
      isCool(o) := false
    ]
  }
  action coolObject(Agent - Checkable a, Location - Checkable l, Receptacle - Checkable r, Obj - Checkable o) {
    preconditions = [
      (coolable(o) and receptacleType(r, fridgeType) and atLocation(a, l) and receptacleAtLocation(r, l) and holds(a, o))
    ]
    effects = [
      isCool(o) := true
      isHot(o) := false
    ]
  }
  action toggleObject(Agent - Checkable a, Location - Checkable l, Obj - Checkable o, Receptacle - Checkable r) {
    preconditions = [
      (toggleable(o) and atLocation(a, l) and receptacleAtLocation(r, l) and inReceptacle(o, r))
    ]
    effects = [
      if isOn(o) then isOn(o) := false
      if (not isOn(o)) then isOn(o) := true
      isToggled(o) := true
    ]
  }
  action sliceObject(Agent - Checkable a, Location - Checkable l, Obj - Checkable co, Obj - Checkable ko) {
    preconditions = [
      (sliceable(co) and (objectType(ko, knifeType) or objectType(ko, butterKnifeType)) and atLocation(a, l) and objectAtLocation(co, l) and holds(a, ko))
    ]
    effects = [
      isSliced(co) := true
    ]
  }
  action help(Agent - Checkable a) {
    preconditions = [
    ]
    effects = [
      checked(a) := true
    ]
  }
]

objects = [
  ReceptacleType: [sinkBasinType, microwaveType, fridgeType, garbageCanType, towelHolderType, toiletPaperHangerType, bathtubBasinType, coffeeMachineType, sideTableType, handTowelHolderType, shelfType]
  ObjectType: [knifeType, butterKnifeType, bookType, lettuceType, cellPhoneType, spoonType, kettleType, paperTowelType, clothType, vaseType, boxType, cupType]
  Checkable: [agent1, location1, location2, location3, location4, location5, location6, location7, location8, location9, location10, garbageCan_1, sinkBasin_2, towelHolder_3, toiletPaperHanger_4, bathtubBasin_5, coffeeMachine_6, sideTable_7, handTowelHolder_8, bathtubBasin_9, shelf_10, microwave_11, fridge_12, book_1, lettuce_2, cellPhone_3, spoon_4, kettle_5, paperTowel_6, cloth_7, vase_8, box_9, cup_10]
  Agent - Checkable: [agent1]
  Location - Checkable: [location1, location2, location3, location4, location5, location6, location7, location8, location9, location10]
  Receptacle - Checkable: [garbageCan_1, sinkBasin_2, towelHolder_3, toiletPaperHanger_4, bathtubBasin_5, coffeeMachine_6, sideTable_7, handTowelHolder_8, bathtubBasin_9, shelf_10, microwave_11, fridge_12]
  Obj - Checkable: [book_1, lettuce_2, cellPhone_3, spoon_4, kettle_5, paperTowel_6, cloth_7, vase_8, box_9, cup_10]
]

initial fluents default = [
  bool atLocation[a=Agent - Checkable, l=Location - Checkable] := false
  bool receptacleAtLocation[r=Receptacle - Checkable, l=Location - Checkable] := false
  bool objectAtLocation[o=Obj - Checkable, l=Location - Checkable] := false
  bool openable[r=Receptacle - Checkable] := false
  bool opened[r=Receptacle - Checkable] := false
  bool inReceptacle[o=Obj - Checkable, r=Receptacle - Checkable] := false
  bool isReceptacleObject[o=Obj - Checkable] := false
  bool inReceptacleObject[innerObject=Obj - Checkable, outObject=Obj - Checkable] := false
  bool isReceptacleObjectFull[o=Obj - Checkable] := false
  bool wasInReceptacle[o=Obj - Checkable, r=Receptacle - Checkable] := false
  bool checked[c=Checkable] := false
  bool examined[l=Location - Checkable] := false
  bool receptacleType[r=Receptacle - Checkable, rt=ReceptacleType] := false
  bool canContain[rt=ReceptacleType, ot=ObjectType] := false
  bool objectType[o=Obj - Checkable, t=ObjectType] := false
  bool holds[a=Agent - Checkable, o=Obj - Checkable] := false
  bool holdsAny[a=Agent - Checkable] := false
  bool holdsAnyReceptacleObject[a=Agent - Checkable] := false
  bool full[r=Receptacle - Checkable] := false
  bool isClean[o=Obj - Checkable] := false
  bool cleanable[o=Obj - Checkable] := false
  bool isHot[o=Obj - Checkable] := false
  bool heatable[o=Obj - Checkable] := false
  bool isCool[o=Obj - Checkable] := false
  bool coolable[o=Obj - Checkable] := false
  bool pickupable[o=Obj - Checkable] := false
  bool moveable[o=Obj - Checkable] := false
  bool toggleable[o=Obj - Checkable] := false
  bool isOn[o=Obj - Checkable] := false
  bool isToggled[o=Obj - Checkable] := false
  bool sliceable[o=Obj - Checkable] := false
  bool isSliced[o=Obj - Checkable] := false
]

initial values = [
  receptacleType(garbageCan_1, garbageCanType) := true
  receptacleType(sinkBasin_2, sinkBasinType) := true
  receptacleType(towelHolder_3, towelHolderType) := true
  receptacleType(toiletPaperHanger_4, toiletPaperHangerType) := true
  receptacleType(bathtubBasin_5, bathtubBasinType) := true
  receptacleType(coffeeMachine_6, coffeeMachineType) := true
  receptacleType(sideTable_7, sideTableType) := true
  receptacleType(handTowelHolder_8, handTowelHolderType) := true
  receptacleType(bathtubBasin_9, bathtubBasinType) := true
  receptacleType(shelf_10, shelfType) := true
  receptacleType(microwave_11, microwaveType) := true
  receptacleType(fridge_12, fridgeType) := true
  objectType(book_1, bookType) := true
  objectType(lettuce_2, lettuceType) := true
  objectType(cellPhone_3, cellPhoneType) := true
  objectType(spoon_4, spoonType) := true
  objectType(kettle_5, kettleType) := true
  objectType(paperTowel_6, paperTowelType) := true
  objectType(cloth_7, clothType) := true
  objectType(vase_8, vaseType) := true
  objectType(box_9, boxType) := true
  objectType(cup_10, cupType) := true
  canContain(garbageCanType, lettuceType) := true
  canContain(garbageCanType, paperTowelType) := true
  canContain(garbageCanType, clothType) := true
  canContain(sinkBasinType, lettuceType) := true
  canContain(sinkBasinType, spoonType) := true
  canContain(sinkBasinType, kettleType) := true
  canContain(sinkBasinType, clothType) := true
  canContain(sinkBasinType, cupType) := true
  canContain(bathtubBasinType, clothType) := true
  canContain(sideTableType, bookType) := true
  canContain(sideTableType, lettuceType) := true
  canContain(sideTableType, cellPhoneType) := true
  canContain(sideTableType, spoonType) := true
  canContain(sideTableType, kettleType) := true
  canContain(sideTableType, paperTowelType) := true
  canContain(sideTableType, clothType) := true
  canContain(sideTableType, vaseType) := true
  canContain(sideTableType, boxType) := true
  canContain(sideTableType, cupType) := true
  canContain(shelfType, bookType) := true
  canContain(shelfType, cellPhoneType) := true
  canContain(shelfType, kettleType) := true
  canContain(shelfType, paperTowelType) := true
  canContain(shelfType, clothType) := true
  canContain(shelfType, vaseType) := true
  canContain(shelfType, boxType) := true
  canContain(shelfType, cupType) := true
  canContain(microwaveType, cupType) := true
  canContain(fridgeType, lettuceType) := true
  canContain(fridgeType, cupType) := true
  pickupable(book_1) := true
  pickupable(lettuce_2) := true
  cleanable(lettuce_2) := true
  coolable(lettuce_2) := true
  sliceable(lettuce_2) := true
  pickupable(cellPhone_3) := true
  pickupable(spoon_4) := true
  cleanable(spoon_4) := true
  pickupable(kettle_5) := true
  cleanable(kettle_5) := true
  pickupable(paperTowel_6) := true
  pickupable(cloth_7) := true
  cleanable(cloth_7) := true
  pickupable(vase_8) := true
  pickupable(box_9) := true
  isReceptacleObject(box_9) := true
  pickupable(cup_10) := true
  isReceptacleObject(cup_10) := true
  cleanable(cup_10) := true
  heatable(cup_10) := true
  coolable(cup_10) := true
  receptacleAtLocation(garbageCan_1, location9) := true
  receptacleAtLocation(sinkBasin_2, location7) := true
  receptacleAtLocation(towelHolder_3, location8) := true
  receptacleAtLocation(toiletPaperHanger_4, location9) := true
  receptacleAtLocation(bathtubBasin_5, location7) := true
  receptacleAtLocation(coffeeMachine_6, location3) := true
  receptacleAtLocation(sideTable_7, location1) := true
  receptacleAtLocation(handTowelHolder_8, location5) := true
  receptacleAtLocation(bathtubBasin_9, location10) := true
  receptacleAtLocation(shelf_10, location10) := true
  receptacleAtLocation(microwave_11, location4) := true
  receptacleAtLocation(fridge_12, location2) := true
  inReceptacle(book_1, shelf_10) := true
  inReceptacle(lettuce_2, sideTable_7) := true
  inReceptacle(cellPhone_3, sideTable_7) := true
  inReceptacle(spoon_4, sinkBasin_2) := true
  inReceptacle(kettle_5, sideTable_7) := true
  inReceptacle(paperTowel_6, sideTable_7) := true
  inReceptacle(cloth_7, garbageCan_1) := true
  inReceptacle(vase_8, sideTable_7) := true
  inReceptacle(box_9, sideTable_7) := true
  inReceptacle(cup_10, sideTable_7) := true
  objectAtLocation(book_1, location10) := true
  objectAtLocation(lettuce_2, location1) := true
  objectAtLocation(cellPhone_3, location1) := true
  objectAtLocation(spoon_4, location7) := true
  objectAtLocation(kettle_5, location1) := true
  objectAtLocation(paperTowel_6, location1) := true
  objectAtLocation(cloth_7, location9) := true
  objectAtLocation(vase_8, location1) := true
  objectAtLocation(box_9, location1) := true
  objectAtLocation(cup_10, location1) := true
  atLocation(agent1, location5) := true
]

goals = [
  Exists (Receptacle - Checkable r) Exists (Obj - Checkable o) (inReceptacle(o, r) and objectType(o, lettuceType) and receptacleType(r, sinkBasinType))
]

quality metrics = [
  minimize sequential-plan-length
]


2025-06-17 11:16:40,832 - INFO - Generating plan for unconstrained problem

2025-06-17 11:16:41,269 - INFO - Unconstrained plan generation time: 0.43699169158935547

2025-06-17 11:16:41,269 - INFO - Unconstrained plan and cost: 
2025-06-17 11:16:41,269 - INFO - SequentialPlan:
    goToLocation(agent1, location5, location1)
    pickupObject(agent1, location1, lettuce_2, sideTable_7)
    goToLocation(agent1, location1, location7)
    putObject(agent1, location7, lettuce_2, sinkBasin_2, lettuceType, sinkBasinType)
2025-06-17 11:16:41,270 - INFO - 4
2025-06-17 11:16:42,146 - INFO - Sampled constraints:

2025-06-17 11:16:42,146 - INFO - Sometime(atLocation(agent1, location7))
2025-06-17 11:16:42,146 - INFO - Sometime-Before(atLocation(agent1, location7), atLocation(agent1, location2))
2025-06-17 11:16:42,146 - INFO - 
2025-06-17 11:16:42,146 - INFO - Generation time: 0.8760764598846436

2025-06-17 11:16:42,147 - INFO - Generating plan for constrained problem (with LiftedTCORE).

2025-06-17 11:16:42,200 - INFO - LiftedTCORE compilation time: 0.052971839904785156

2025-06-17 11:16:42,682 - INFO - Planning Time with LiftedTCORE's file: 0.48215651512145996

2025-06-17 11:16:42,682 - INFO - Plan found with LiftedTCORE + sym_bd: SequentialPlan:
    goToLocation(agent1, location5, location1)
    pickupObject(agent1, location1, lettuce_2, sideTable_7)
    goToLocation(agent1, location1, location2)
    goToLocation(agent1, location2, location7)
    putObject(agent1, location7, lettuce_2, sinkBasin_2, lettuceType, sinkBasinType)
2025-06-17 11:16:42,682 - INFO - Seed: 73 is solvable

2025-06-17 11:16:42,683 - INFO - Unconstrained cost: 4
2025-06-17 11:16:42,683 - INFO - Constrained cost: 5
2025-06-17 11:16:42,683 - INFO - Seed: 73 Plan simulation is feasible
2025-06-17 11:16:42,683 - INFO - 
Seed: 73 
 Plan: [goToLocation(agent1, location5, location1), pickupObject(agent1, location1, lettuce_2, sideTable_7), goToLocation(agent1, location1, location2), goToLocation(agent1, location2, location7), putObject(agent1, location7, lettuce_2, sinkBasin_2, lettuceType, sinkBasinType)]  
 Cost: 5

