2025-06-17 10:21:49,897 - INFO - 
================= Seed: 741 =================

2025-06-17 10:21:49,901 - INFO - problem name = alfred

types = [ReceptacleType, ObjectType, Checkable, Agent - Checkable, Location - Checkable, Receptacle - Checkable, Obj - Checkable]

fluents = [
  bool atLocation[a=Agent - Checkable, l=Location - Checkable]
  bool receptacleAtLocation[r=Receptacle - Checkable, l=Location - Checkable]
  bool objectAtLocation[o=Obj - Checkable, l=Location - Checkable]
  bool openable[r=Receptacle - Checkable]
  bool opened[r=Receptacle - Checkable]
  bool inReceptacle[o=Obj - Checkable, r=Receptacle - Checkable]
  bool isReceptacleObject[o=Obj - Checkable]
  bool inReceptacleObject[innerObject=Obj - Checkable, outObject=Obj - Checkable]
  bool isReceptacleObjectFull[o=Obj - Checkable]
  bool wasInReceptacle[o=Obj - Checkable, r=Receptacle - Checkable]
  bool checked[c=Checkable]
  bool examined[l=Location - Checkable]
  bool receptacleType[r=Receptacle - Checkable, rt=ReceptacleType]
  bool canContain[rt=ReceptacleType, ot=ObjectType]
  bool objectType[o=Obj - Checkable, t=ObjectType]
  bool holds[a=Agent - Checkable, o=Obj - Checkable]
  bool holdsAny[a=Agent - Checkable]
  bool holdsAnyReceptacleObject[a=Agent - Checkable]
  bool full[r=Receptacle - Checkable]
  bool isClean[o=Obj - Checkable]
  bool cleanable[o=Obj - Checkable]
  bool isHot[o=Obj - Checkable]
  bool heatable[o=Obj - Checkable]
  bool isCool[o=Obj - Checkable]
  bool coolable[o=Obj - Checkable]
  bool pickupable[o=Obj - Checkable]
  bool moveable[o=Obj - Checkable]
  bool toggleable[o=Obj - Checkable]
  bool isOn[o=Obj - Checkable]
  bool isToggled[o=Obj - Checkable]
  bool sliceable[o=Obj - Checkable]
  bool isSliced[o=Obj - Checkable]
]

actions = [
  action look(Agent - Checkable a, Location - Checkable l) {
    preconditions = [
      atLocation(a, l)
    ]
    effects = [
      checked(l) := true
    ]
  }
  action inventory(Agent - Checkable a) {
    preconditions = [
    ]
    effects = [
      checked(a) := true
    ]
  }
  action examineReceptacle(Agent - Checkable a, Receptacle - Checkable r) {
    preconditions = [
      Exists (Location - Checkable l) (atLocation(a, l) and receptacleAtLocation(r, l))
    ]
    effects = [
      checked(r) := true
    ]
  }
  action examineObject(Agent - Checkable a, Obj - Checkable o) {
    preconditions = [
      (Exists (Location - Checkable l) Exists (Receptacle - Checkable r) (atLocation(a, l) and receptacleAtLocation(r, l) and inReceptacle(o, r) and ((not openable(r)) or opened(r))) or holds(a, o))
    ]
    effects = [
      checked(o) := true
    ]
  }
  action goToLocation(Agent - Checkable a, Location - Checkable lstart, Location - Checkable lend) {
    preconditions = [
      atLocation(a, lstart)
    ]
    effects = [
      atLocation(a, lstart) := false
      atLocation(a, lend) := true
    ]
  }
  action openObject(Agent - Checkable a, Location - Checkable l, Receptacle - Checkable r) {
    preconditions = [
      (openable(r) and atLocation(a, l) and receptacleAtLocation(r, l) and (not opened(r)))
    ]
    effects = [
      opened(r) := true
      checked(r) := true
    ]
  }
  action closeObject(Agent - Checkable a, Location - Checkable l, Receptacle - Checkable r) {
    preconditions = [
      (openable(r) and atLocation(a, l) and receptacleAtLocation(r, l) and opened(r))
    ]
    effects = [
      opened(r) := false
    ]
  }
  action pickupObject(Agent - Checkable a, Location - Checkable l, Obj - Checkable o, Receptacle - Checkable r) {
    preconditions = [
      (pickupable(o) and atLocation(a, l) and receptacleAtLocation(r, l) and inReceptacle(o, r) and (not holdsAny(a)) and ((not openable(r)) or opened(r)))
    ]
    effects = [
      inReceptacle(o, r) := false
      holds(a, o) := true
      holdsAny(a) := true
      objectAtLocation(o, l) := false
    ]
  }
  action putObject(Agent - Checkable a, Location - Checkable l, Obj - Checkable o, Receptacle - Checkable r, ObjectType ot, ReceptacleType rt) {
    preconditions = [
      (holds(a, o) and atLocation(a, l) and receptacleAtLocation(r, l) and ((not openable(r)) or opened(r)) and objectType(o, ot) and receptacleType(r, rt) and canContain(rt, ot))
    ]
    effects = [
      inReceptacle(o, r) := true
      objectAtLocation(o, l) := true
      holds(a, o) := false
      holdsAny(a) := false
    ]
  }
  action cleanObject(Agent - Checkable a, Location - Checkable l, Receptacle - Checkable r, Obj - Checkable o) {
    preconditions = [
      (cleanable(o) and receptacleType(r, sinkBasinType) and atLocation(a, l) and receptacleAtLocation(r, l) and holds(a, o))
    ]
    effects = [
      isClean(o) := true
    ]
  }
  action heatObject(Agent - Checkable a, Location - Checkable l, Receptacle - Checkable r, Obj - Checkable o) {
    preconditions = [
      (heatable(o) and receptacleType(r, microwaveType) and atLocation(a, l) and receptacleAtLocation(r, l) and holds(a, o))
    ]
    effects = [
      isHot(o) := true
      isCool(o) := false
    ]
  }
  action coolObject(Agent - Checkable a, Location - Checkable l, Receptacle - Checkable r, Obj - Checkable o) {
    preconditions = [
      (coolable(o) and receptacleType(r, fridgeType) and atLocation(a, l) and receptacleAtLocation(r, l) and holds(a, o))
    ]
    effects = [
      isCool(o) := true
      isHot(o) := false
    ]
  }
  action toggleObject(Agent - Checkable a, Location - Checkable l, Obj - Checkable o, Receptacle - Checkable r) {
    preconditions = [
      (toggleable(o) and atLocation(a, l) and receptacleAtLocation(r, l) and inReceptacle(o, r))
    ]
    effects = [
      if isOn(o) then isOn(o) := false
      if (not isOn(o)) then isOn(o) := true
      isToggled(o) := true
    ]
  }
  action sliceObject(Agent - Checkable a, Location - Checkable l, Obj - Checkable co, Obj - Checkable ko) {
    preconditions = [
      (sliceable(co) and (objectType(ko, knifeType) or objectType(ko, butterKnifeType)) and atLocation(a, l) and objectAtLocation(co, l) and holds(a, ko))
    ]
    effects = [
      isSliced(co) := true
    ]
  }
  action help(Agent - Checkable a) {
    preconditions = [
    ]
    effects = [
      checked(a) := true
    ]
  }
]

objects = [
  ReceptacleType: [sinkBasinType, microwaveType, fridgeType, bedType, towelHolderType, dresserType, toasterType, bathtubBasinType, coffeeTableType, sideTableType, stoveBurnerType, shelfType]
  ObjectType: [knifeType, butterKnifeType, plateType, pencilType, soapBottleType, potType, bookType, laptopType, basketBallType, lettuceType, tomatoType, mugType]
  Checkable: [agent1, location1, location2, location3, location4, location5, location6, location7, location8, location9, location10, fridge_1, bed_2, towelHolder_3, dresser_4, toaster_5, bathtubBasin_6, coffeeTable_7, sideTable_8, stoveBurner_9, shelf_10, plate_1, pencil_2, soapBottle_3, pot_4, book_5, laptop_6, basketBall_7, lettuce_8, tomato_9, mug_10]
  Agent - Checkable: [agent1]
  Location - Checkable: [location1, location2, location3, location4, location5, location6, location7, location8, location9, location10]
  Receptacle - Checkable: [fridge_1, bed_2, towelHolder_3, dresser_4, toaster_5, bathtubBasin_6, coffeeTable_7, sideTable_8, stoveBurner_9, shelf_10]
  Obj - Checkable: [plate_1, pencil_2, soapBottle_3, pot_4, book_5, laptop_6, basketBall_7, lettuce_8, tomato_9, mug_10]
]

initial fluents default = [
  bool atLocation[a=Agent - Checkable, l=Location - Checkable] := false
  bool receptacleAtLocation[r=Receptacle - Checkable, l=Location - Checkable] := false
  bool objectAtLocation[o=Obj - Checkable, l=Location - Checkable] := false
  bool openable[r=Receptacle - Checkable] := false
  bool opened[r=Receptacle - Checkable] := false
  bool inReceptacle[o=Obj - Checkable, r=Receptacle - Checkable] := false
  bool isReceptacleObject[o=Obj - Checkable] := false
  bool inReceptacleObject[innerObject=Obj - Checkable, outObject=Obj - Checkable] := false
  bool isReceptacleObjectFull[o=Obj - Checkable] := false
  bool wasInReceptacle[o=Obj - Checkable, r=Receptacle - Checkable] := false
  bool checked[c=Checkable] := false
  bool examined[l=Location - Checkable] := false
  bool receptacleType[r=Receptacle - Checkable, rt=ReceptacleType] := false
  bool canContain[rt=ReceptacleType, ot=ObjectType] := false
  bool objectType[o=Obj - Checkable, t=ObjectType] := false
  bool holds[a=Agent - Checkable, o=Obj - Checkable] := false
  bool holdsAny[a=Agent - Checkable] := false
  bool holdsAnyReceptacleObject[a=Agent - Checkable] := false
  bool full[r=Receptacle - Checkable] := false
  bool isClean[o=Obj - Checkable] := false
  bool cleanable[o=Obj - Checkable] := false
  bool isHot[o=Obj - Checkable] := false
  bool heatable[o=Obj - Checkable] := false
  bool isCool[o=Obj - Checkable] := false
  bool coolable[o=Obj - Checkable] := false
  bool pickupable[o=Obj - Checkable] := false
  bool moveable[o=Obj - Checkable] := false
  bool toggleable[o=Obj - Checkable] := false
  bool isOn[o=Obj - Checkable] := false
  bool isToggled[o=Obj - Checkable] := false
  bool sliceable[o=Obj - Checkable] := false
  bool isSliced[o=Obj - Checkable] := false
]

initial values = [
  receptacleType(fridge_1, fridgeType) := true
  receptacleType(bed_2, bedType) := true
  receptacleType(towelHolder_3, towelHolderType) := true
  receptacleType(dresser_4, dresserType) := true
  receptacleType(toaster_5, toasterType) := true
  receptacleType(bathtubBasin_6, bathtubBasinType) := true
  receptacleType(coffeeTable_7, coffeeTableType) := true
  receptacleType(sideTable_8, sideTableType) := true
  receptacleType(stoveBurner_9, stoveBurnerType) := true
  receptacleType(shelf_10, shelfType) := true
  objectType(plate_1, plateType) := true
  objectType(pencil_2, pencilType) := true
  objectType(soapBottle_3, soapBottleType) := true
  objectType(pot_4, potType) := true
  objectType(book_5, bookType) := true
  objectType(laptop_6, laptopType) := true
  objectType(basketBall_7, basketBallType) := true
  objectType(lettuce_8, lettuceType) := true
  objectType(tomato_9, tomatoType) := true
  objectType(mug_10, mugType) := true
  canContain(fridgeType, plateType) := true
  canContain(fridgeType, potType) := true
  canContain(fridgeType, lettuceType) := true
  canContain(fridgeType, tomatoType) := true
  canContain(fridgeType, mugType) := true
  canContain(bedType, bookType) := true
  canContain(bedType, laptopType) := true
  canContain(bedType, basketBallType) := true
  canContain(dresserType, plateType) := true
  canContain(dresserType, pencilType) := true
  canContain(dresserType, bookType) := true
  canContain(dresserType, laptopType) := true
  canContain(dresserType, basketBallType) := true
  canContain(dresserType, mugType) := true
  canContain(coffeeTableType, plateType) := true
  canContain(coffeeTableType, pencilType) := true
  canContain(coffeeTableType, soapBottleType) := true
  canContain(coffeeTableType, potType) := true
  canContain(coffeeTableType, bookType) := true
  canContain(coffeeTableType, laptopType) := true
  canContain(coffeeTableType, basketBallType) := true
  canContain(coffeeTableType, lettuceType) := true
  canContain(coffeeTableType, tomatoType) := true
  canContain(coffeeTableType, mugType) := true
  canContain(sideTableType, plateType) := true
  canContain(sideTableType, pencilType) := true
  canContain(sideTableType, soapBottleType) := true
  canContain(sideTableType, potType) := true
  canContain(sideTableType, bookType) := true
  canContain(sideTableType, laptopType) := true
  canContain(sideTableType, basketBallType) := true
  canContain(sideTableType, lettuceType) := true
  canContain(sideTableType, tomatoType) := true
  canContain(sideTableType, mugType) := true
  canContain(stoveBurnerType, potType) := true
  canContain(shelfType, plateType) := true
  canContain(shelfType, pencilType) := true
  canContain(shelfType, soapBottleType) := true
  canContain(shelfType, potType) := true
  canContain(shelfType, bookType) := true
  canContain(shelfType, mugType) := true
  pickupable(plate_1) := true
  isReceptacleObject(plate_1) := true
  cleanable(plate_1) := true
  heatable(plate_1) := true
  coolable(plate_1) := true
  pickupable(pencil_2) := true
  pickupable(soapBottle_3) := true
  pickupable(pot_4) := true
  isReceptacleObject(pot_4) := true
  cleanable(pot_4) := true
  coolable(pot_4) := true
  pickupable(book_5) := true
  pickupable(laptop_6) := true
  pickupable(basketBall_7) := true
  pickupable(lettuce_8) := true
  cleanable(lettuce_8) := true
  coolable(lettuce_8) := true
  sliceable(lettuce_8) := true
  pickupable(tomato_9) := true
  cleanable(tomato_9) := true
  heatable(tomato_9) := true
  coolable(tomato_9) := true
  sliceable(tomato_9) := true
  pickupable(mug_10) := true
  isReceptacleObject(mug_10) := true
  cleanable(mug_10) := true
  heatable(mug_10) := true
  coolable(mug_10) := true
  receptacleAtLocation(fridge_1, location2) := true
  receptacleAtLocation(bed_2, location6) := true
  receptacleAtLocation(towelHolder_3, location8) := true
  receptacleAtLocation(dresser_4, location10) := true
  receptacleAtLocation(toaster_5, location7) := true
  receptacleAtLocation(bathtubBasin_6, location1) := true
  receptacleAtLocation(coffeeTable_7, location9) := true
  receptacleAtLocation(sideTable_8, location4) := true
  receptacleAtLocation(stoveBurner_9, location5) := true
  receptacleAtLocation(shelf_10, location6) := true
  inReceptacle(pencil_2, shelf_10) := true
  inReceptacle(soapBottle_3, shelf_10) := true
  inReceptacle(laptop_6, coffeeTable_7) := true
  inReceptacle(lettuce_8, coffeeTable_7) := true
  inReceptacle(tomato_9, coffeeTable_7) := true
  objectAtLocation(plate_1, location7) := true
  objectAtLocation(pencil_2, location6) := true
  objectAtLocation(soapBottle_3, location6) := true
  objectAtLocation(pot_4, location3) := true
  objectAtLocation(book_5, location4) := true
  objectAtLocation(laptop_6, location9) := true
  objectAtLocation(basketBall_7, location5) := true
  objectAtLocation(lettuce_8, location9) := true
  objectAtLocation(tomato_9, location9) := true
  objectAtLocation(mug_10, location1) := true
  atLocation(agent1, location1) := true
]

goals = [
  Exists (Receptacle - Checkable r) Exists (Obj - Checkable o) (inReceptacle(o, r) and objectType(o, laptopType) and receptacleType(r, sideTableType))
]

quality metrics = [
  minimize sequential-plan-length
]


2025-06-17 10:21:49,903 - INFO - Generating plan for unconstrained problem

2025-06-17 10:21:50,296 - INFO - Unconstrained plan generation time: 0.39216184616088867

2025-06-17 10:21:50,296 - INFO - Unconstrained plan and cost: 
2025-06-17 10:21:50,296 - INFO - SequentialPlan:
    goToLocation(agent1, location1, location9)
    pickupObject(agent1, location9, laptop_6, coffeeTable_7)
    goToLocation(agent1, location9, location4)
    putObject(agent1, location4, laptop_6, sideTable_8, laptopType, sideTableType)
2025-06-17 10:21:50,296 - INFO - 4
2025-06-17 10:21:50,492 - INFO - Sampled constraints:

2025-06-17 10:21:50,492 - INFO - Sometime((checked(fridge_1) or atLocation(agent1, location2)))
2025-06-17 10:21:50,492 - INFO - 
2025-06-17 10:21:50,492 - INFO - Generation time: 0.19618535041809082

2025-06-17 10:21:50,500 - INFO - Generating plan for constrained problem (with LiftedTCORE).

2025-06-17 10:21:50,539 - INFO - LiftedTCORE compilation time: 0.03914332389831543

2025-06-17 10:21:50,969 - INFO - Planning Time with LiftedTCORE's file: 0.42300915718078613

2025-06-17 10:21:50,970 - INFO - Plan found with LiftedTCORE + sym_bd: SequentialPlan:
    goToLocation(agent1, location1, location9)
    pickupObject(agent1, location9, laptop_6, coffeeTable_7)
    goToLocation(agent1, location9, location2)
    goToLocation(agent1, location2, location4)
    putObject(agent1, location4, laptop_6, sideTable_8, laptopType, sideTableType)
2025-06-17 10:21:50,970 - INFO - Seed: 741 is solvable

2025-06-17 10:21:50,970 - INFO - Unconstrained cost: 4
2025-06-17 10:21:50,970 - INFO - Constrained cost: 5
2025-06-17 10:21:50,970 - INFO - Seed: 741 Plan simulation is feasible
2025-06-17 10:21:50,970 - INFO - 
Seed: 741 
 Plan: [goToLocation(agent1, location1, location9), pickupObject(agent1, location9, laptop_6, coffeeTable_7), goToLocation(agent1, location9, location2), goToLocation(agent1, location2, location4), putObject(agent1, location4, laptop_6, sideTable_8, laptopType, sideTableType)]  
 Cost: 5

