2025-06-17 11:17:28,326 - INFO - 
================= Seed: 104 =================

2025-06-17 11:17:28,326 - INFO - problem name = alfred

types = [ReceptacleType, ObjectType, Checkable, Agent - Checkable, Location - Checkable, Receptacle - Checkable, Obj - Checkable]

fluents = [
  bool atLocation[a=Agent - Checkable, l=Location - Checkable]
  bool receptacleAtLocation[r=Receptacle - Checkable, l=Location - Checkable]
  bool objectAtLocation[o=Obj - Checkable, l=Location - Checkable]
  bool openable[r=Receptacle - Checkable]
  bool opened[r=Receptacle - Checkable]
  bool inReceptacle[o=Obj - Checkable, r=Receptacle - Checkable]
  bool isReceptacleObject[o=Obj - Checkable]
  bool inReceptacleObject[innerObject=Obj - Checkable, outObject=Obj - Checkable]
  bool isReceptacleObjectFull[o=Obj - Checkable]
  bool wasInReceptacle[o=Obj - Checkable, r=Receptacle - Checkable]
  bool checked[c=Checkable]
  bool examined[l=Location - Checkable]
  bool receptacleType[r=Receptacle - Checkable, rt=ReceptacleType]
  bool canContain[rt=ReceptacleType, ot=ObjectType]
  bool objectType[o=Obj - Checkable, t=ObjectType]
  bool holds[a=Agent - Checkable, o=Obj - Checkable]
  bool holdsAny[a=Agent - Checkable]
  bool holdsAnyReceptacleObject[a=Agent - Checkable]
  bool full[r=Receptacle - Checkable]
  bool isClean[o=Obj - Checkable]
  bool cleanable[o=Obj - Checkable]
  bool isHot[o=Obj - Checkable]
  bool heatable[o=Obj - Checkable]
  bool isCool[o=Obj - Checkable]
  bool coolable[o=Obj - Checkable]
  bool pickupable[o=Obj - Checkable]
  bool moveable[o=Obj - Checkable]
  bool toggleable[o=Obj - Checkable]
  bool isOn[o=Obj - Checkable]
  bool isToggled[o=Obj - Checkable]
  bool sliceable[o=Obj - Checkable]
  bool isSliced[o=Obj - Checkable]
]

actions = [
  action look(Agent - Checkable a, Location - Checkable l) {
    preconditions = [
      atLocation(a, l)
    ]
    effects = [
      checked(l) := true
    ]
  }
  action inventory(Agent - Checkable a) {
    preconditions = [
    ]
    effects = [
      checked(a) := true
    ]
  }
  action examineReceptacle(Agent - Checkable a, Receptacle - Checkable r) {
    preconditions = [
      Exists (Location - Checkable l) (atLocation(a, l) and receptacleAtLocation(r, l))
    ]
    effects = [
      checked(r) := true
    ]
  }
  action examineObject(Agent - Checkable a, Obj - Checkable o) {
    preconditions = [
      (Exists (Location - Checkable l) Exists (Receptacle - Checkable r) (atLocation(a, l) and receptacleAtLocation(r, l) and inReceptacle(o, r) and ((not openable(r)) or opened(r))) or holds(a, o))
    ]
    effects = [
      checked(o) := true
    ]
  }
  action goToLocation(Agent - Checkable a, Location - Checkable lstart, Location - Checkable lend) {
    preconditions = [
      atLocation(a, lstart)
    ]
    effects = [
      atLocation(a, lstart) := false
      atLocation(a, lend) := true
    ]
  }
  action openObject(Agent - Checkable a, Location - Checkable l, Receptacle - Checkable r) {
    preconditions = [
      (openable(r) and atLocation(a, l) and receptacleAtLocation(r, l) and (not opened(r)))
    ]
    effects = [
      opened(r) := true
      checked(r) := true
    ]
  }
  action closeObject(Agent - Checkable a, Location - Checkable l, Receptacle - Checkable r) {
    preconditions = [
      (openable(r) and atLocation(a, l) and receptacleAtLocation(r, l) and opened(r))
    ]
    effects = [
      opened(r) := false
    ]
  }
  action pickupObject(Agent - Checkable a, Location - Checkable l, Obj - Checkable o, Receptacle - Checkable r) {
    preconditions = [
      (pickupable(o) and atLocation(a, l) and receptacleAtLocation(r, l) and inReceptacle(o, r) and (not holdsAny(a)) and ((not openable(r)) or opened(r)))
    ]
    effects = [
      inReceptacle(o, r) := false
      holds(a, o) := true
      holdsAny(a) := true
      objectAtLocation(o, l) := false
    ]
  }
  action putObject(Agent - Checkable a, Location - Checkable l, Obj - Checkable o, Receptacle - Checkable r, ObjectType ot, ReceptacleType rt) {
    preconditions = [
      (holds(a, o) and atLocation(a, l) and receptacleAtLocation(r, l) and ((not openable(r)) or opened(r)) and objectType(o, ot) and receptacleType(r, rt) and canContain(rt, ot))
    ]
    effects = [
      inReceptacle(o, r) := true
      objectAtLocation(o, l) := true
      holds(a, o) := false
      holdsAny(a) := false
    ]
  }
  action cleanObject(Agent - Checkable a, Location - Checkable l, Receptacle - Checkable r, Obj - Checkable o) {
    preconditions = [
      (cleanable(o) and receptacleType(r, sinkBasinType) and atLocation(a, l) and receptacleAtLocation(r, l) and holds(a, o))
    ]
    effects = [
      isClean(o) := true
    ]
  }
  action heatObject(Agent - Checkable a, Location - Checkable l, Receptacle - Checkable r, Obj - Checkable o) {
    preconditions = [
      (heatable(o) and receptacleType(r, microwaveType) and atLocation(a, l) and receptacleAtLocation(r, l) and holds(a, o))
    ]
    effects = [
      isHot(o) := true
      isCool(o) := false
    ]
  }
  action coolObject(Agent - Checkable a, Location - Checkable l, Receptacle - Checkable r, Obj - Checkable o) {
    preconditions = [
      (coolable(o) and receptacleType(r, fridgeType) and atLocation(a, l) and receptacleAtLocation(r, l) and holds(a, o))
    ]
    effects = [
      isCool(o) := true
      isHot(o) := false
    ]
  }
  action toggleObject(Agent - Checkable a, Location - Checkable l, Obj - Checkable o, Receptacle - Checkable r) {
    preconditions = [
      (toggleable(o) and atLocation(a, l) and receptacleAtLocation(r, l) and inReceptacle(o, r))
    ]
    effects = [
      if isOn(o) then isOn(o) := false
      if (not isOn(o)) then isOn(o) := true
      isToggled(o) := true
    ]
  }
  action sliceObject(Agent - Checkable a, Location - Checkable l, Obj - Checkable co, Obj - Checkable ko) {
    preconditions = [
      (sliceable(co) and (objectType(ko, knifeType) or objectType(ko, butterKnifeType)) and atLocation(a, l) and objectAtLocation(co, l) and holds(a, ko))
    ]
    effects = [
      isSliced(co) := true
    ]
  }
  action help(Agent - Checkable a) {
    preconditions = [
    ]
    effects = [
      checked(a) := true
    ]
  }
]

objects = [
  ReceptacleType: [sinkBasinType, microwaveType, fridgeType, bathtubBasinType, cartType, counterTopType, dresserType, laundryHamperType, diningTableType, ottomanType]
  ObjectType: [knifeType, butterKnifeType, paperTowelType, tissueBoxType, glassbottleType, remoteControlType, saltShakerType, keyChainType, cupType, spoonType, clothType, mugType]
  Checkable: [agent1, location1, location2, location3, location4, location5, location6, location7, location8, location9, location10, bathtubBasin_1, cart_2, counterTop_3, dresser_4, laundryHamper_5, fridge_6, diningTable_7, microwave_8, bathtubBasin_9, ottoman_10, microwave_11, fridge_12, paperTowel_1, tissueBox_2, glassbottle_3, remoteControl_4, saltShaker_5, keyChain_6, cup_7, spoon_8, cloth_9, mug_10]
  Agent - Checkable: [agent1]
  Location - Checkable: [location1, location2, location3, location4, location5, location6, location7, location8, location9, location10]
  Receptacle - Checkable: [bathtubBasin_1, cart_2, counterTop_3, dresser_4, laundryHamper_5, fridge_6, diningTable_7, microwave_8, bathtubBasin_9, ottoman_10, microwave_11, fridge_12]
  Obj - Checkable: [paperTowel_1, tissueBox_2, glassbottle_3, remoteControl_4, saltShaker_5, keyChain_6, cup_7, spoon_8, cloth_9, mug_10]
]

initial fluents default = [
  bool atLocation[a=Agent - Checkable, l=Location - Checkable] := false
  bool receptacleAtLocation[r=Receptacle - Checkable, l=Location - Checkable] := false
  bool objectAtLocation[o=Obj - Checkable, l=Location - Checkable] := false
  bool openable[r=Receptacle - Checkable] := false
  bool opened[r=Receptacle - Checkable] := false
  bool inReceptacle[o=Obj - Checkable, r=Receptacle - Checkable] := false
  bool isReceptacleObject[o=Obj - Checkable] := false
  bool inReceptacleObject[innerObject=Obj - Checkable, outObject=Obj - Checkable] := false
  bool isReceptacleObjectFull[o=Obj - Checkable] := false
  bool wasInReceptacle[o=Obj - Checkable, r=Receptacle - Checkable] := false
  bool checked[c=Checkable] := false
  bool examined[l=Location - Checkable] := false
  bool receptacleType[r=Receptacle - Checkable, rt=ReceptacleType] := false
  bool canContain[rt=ReceptacleType, ot=ObjectType] := false
  bool objectType[o=Obj - Checkable, t=ObjectType] := false
  bool holds[a=Agent - Checkable, o=Obj - Checkable] := false
  bool holdsAny[a=Agent - Checkable] := false
  bool holdsAnyReceptacleObject[a=Agent - Checkable] := false
  bool full[r=Receptacle - Checkable] := false
  bool isClean[o=Obj - Checkable] := false
  bool cleanable[o=Obj - Checkable] := false
  bool isHot[o=Obj - Checkable] := false
  bool heatable[o=Obj - Checkable] := false
  bool isCool[o=Obj - Checkable] := false
  bool coolable[o=Obj - Checkable] := false
  bool pickupable[o=Obj - Checkable] := false
  bool moveable[o=Obj - Checkable] := false
  bool toggleable[o=Obj - Checkable] := false
  bool isOn[o=Obj - Checkable] := false
  bool isToggled[o=Obj - Checkable] := false
  bool sliceable[o=Obj - Checkable] := false
  bool isSliced[o=Obj - Checkable] := false
]

initial values = [
  receptacleType(bathtubBasin_1, bathtubBasinType) := true
  receptacleType(cart_2, cartType) := true
  receptacleType(counterTop_3, counterTopType) := true
  receptacleType(dresser_4, dresserType) := true
  receptacleType(laundryHamper_5, laundryHamperType) := true
  receptacleType(fridge_6, fridgeType) := true
  receptacleType(diningTable_7, diningTableType) := true
  receptacleType(microwave_8, microwaveType) := true
  receptacleType(bathtubBasin_9, bathtubBasinType) := true
  receptacleType(ottoman_10, ottomanType) := true
  receptacleType(microwave_11, microwaveType) := true
  receptacleType(fridge_12, fridgeType) := true
  objectType(paperTowel_1, paperTowelType) := true
  objectType(tissueBox_2, tissueBoxType) := true
  objectType(glassbottle_3, glassbottleType) := true
  objectType(remoteControl_4, remoteControlType) := true
  objectType(saltShaker_5, saltShakerType) := true
  objectType(keyChain_6, keyChainType) := true
  objectType(cup_7, cupType) := true
  objectType(spoon_8, spoonType) := true
  objectType(cloth_9, clothType) := true
  objectType(mug_10, mugType) := true
  canContain(bathtubBasinType, clothType) := true
  canContain(cartType, paperTowelType) := true
  canContain(cartType, tissueBoxType) := true
  canContain(cartType, clothType) := true
  canContain(cartType, mugType) := true
  canContain(counterTopType, paperTowelType) := true
  canContain(counterTopType, tissueBoxType) := true
  canContain(counterTopType, glassbottleType) := true
  canContain(counterTopType, remoteControlType) := true
  canContain(counterTopType, saltShakerType) := true
  canContain(counterTopType, keyChainType) := true
  canContain(counterTopType, cupType) := true
  canContain(counterTopType, spoonType) := true
  canContain(counterTopType, clothType) := true
  canContain(counterTopType, mugType) := true
  canContain(dresserType, tissueBoxType) := true
  canContain(dresserType, glassbottleType) := true
  canContain(dresserType, remoteControlType) := true
  canContain(dresserType, keyChainType) := true
  canContain(dresserType, cupType) := true
  canContain(dresserType, clothType) := true
  canContain(dresserType, mugType) := true
  canContain(laundryHamperType, clothType) := true
  canContain(fridgeType, glassbottleType) := true
  canContain(fridgeType, cupType) := true
  canContain(fridgeType, mugType) := true
  canContain(diningTableType, paperTowelType) := true
  canContain(diningTableType, tissueBoxType) := true
  canContain(diningTableType, glassbottleType) := true
  canContain(diningTableType, remoteControlType) := true
  canContain(diningTableType, saltShakerType) := true
  canContain(diningTableType, keyChainType) := true
  canContain(diningTableType, cupType) := true
  canContain(diningTableType, spoonType) := true
  canContain(diningTableType, clothType) := true
  canContain(diningTableType, mugType) := true
  canContain(microwaveType, glassbottleType) := true
  canContain(microwaveType, cupType) := true
  canContain(microwaveType, mugType) := true
  canContain(ottomanType, remoteControlType) := true
  canContain(ottomanType, keyChainType) := true
  canContain(ottomanType, clothType) := true
  pickupable(paperTowel_1) := true
  pickupable(tissueBox_2) := true
  pickupable(glassbottle_3) := true
  pickupable(remoteControl_4) := true
  pickupable(saltShaker_5) := true
  pickupable(keyChain_6) := true
  pickupable(cup_7) := true
  isReceptacleObject(cup_7) := true
  cleanable(cup_7) := true
  heatable(cup_7) := true
  coolable(cup_7) := true
  pickupable(spoon_8) := true
  cleanable(spoon_8) := true
  pickupable(cloth_9) := true
  cleanable(cloth_9) := true
  pickupable(mug_10) := true
  isReceptacleObject(mug_10) := true
  cleanable(mug_10) := true
  heatable(mug_10) := true
  coolable(mug_10) := true
  receptacleAtLocation(bathtubBasin_1, location6) := true
  receptacleAtLocation(cart_2, location10) := true
  receptacleAtLocation(counterTop_3, location3) := true
  receptacleAtLocation(dresser_4, location5) := true
  receptacleAtLocation(laundryHamper_5, location7) := true
  receptacleAtLocation(fridge_6, location1) := true
  receptacleAtLocation(diningTable_7, location8) := true
  receptacleAtLocation(microwave_8, location8) := true
  receptacleAtLocation(bathtubBasin_9, location9) := true
  receptacleAtLocation(ottoman_10, location4) := true
  receptacleAtLocation(microwave_11, location5) := true
  receptacleAtLocation(fridge_12, location3) := true
  inReceptacle(paperTowel_1, cart_2) := true
  inReceptacle(tissueBox_2, cart_2) := true
  inReceptacle(glassbottle_3, counterTop_3) := true
  inReceptacle(remoteControl_4, diningTable_7) := true
  inReceptacle(saltShaker_5, counterTop_3) := true
  inReceptacle(keyChain_6, dresser_4) := true
  inReceptacle(cup_7, counterTop_3) := true
  inReceptacle(spoon_8, counterTop_3) := true
  inReceptacle(cloth_9, bathtubBasin_9) := true
  inReceptacle(mug_10, counterTop_3) := true
  objectAtLocation(paperTowel_1, location10) := true
  objectAtLocation(tissueBox_2, location10) := true
  objectAtLocation(glassbottle_3, location3) := true
  objectAtLocation(remoteControl_4, location8) := true
  objectAtLocation(saltShaker_5, location3) := true
  objectAtLocation(keyChain_6, location5) := true
  objectAtLocation(cup_7, location3) := true
  objectAtLocation(spoon_8, location3) := true
  objectAtLocation(cloth_9, location9) := true
  objectAtLocation(mug_10, location3) := true
  atLocation(agent1, location1) := true
]

goals = [
  Exists (Receptacle - Checkable r) Exists (Obj - Checkable o) (inReceptacle(o, r) and objectType(o, glassbottleType) and receptacleType(r, dresserType))
]

quality metrics = [
  minimize sequential-plan-length
]


2025-06-17 11:17:28,328 - INFO - Generating plan for unconstrained problem

2025-06-17 11:17:28,770 - INFO - Unconstrained plan generation time: 0.4419395923614502

2025-06-17 11:17:28,771 - INFO - Unconstrained plan and cost: 
2025-06-17 11:17:28,771 - INFO - SequentialPlan:
    goToLocation(agent1, location1, location3)
    pickupObject(agent1, location3, glassbottle_3, counterTop_3)
    goToLocation(agent1, location3, location5)
    putObject(agent1, location5, glassbottle_3, dresser_4, glassbottleType, dresserType)
2025-06-17 11:17:28,771 - INFO - 4
2025-06-17 11:17:29,350 - INFO - Sampled constraints:

2025-06-17 11:17:29,350 - INFO - Sometime(atLocation(agent1, location3))
2025-06-17 11:17:29,350 - INFO - Sometime-Before(atLocation(agent1, location3), checked(remoteControl_4))
2025-06-17 11:17:29,350 - INFO - 
2025-06-17 11:17:29,350 - INFO - Generation time: 0.5789854526519775

2025-06-17 11:17:29,351 - INFO - Generating plan for constrained problem (with LiftedTCORE).

2025-06-17 11:17:29,403 - INFO - LiftedTCORE compilation time: 0.0521240234375

2025-06-17 11:17:29,891 - INFO - Planning Time with LiftedTCORE's file: 0.4884335994720459

2025-06-17 11:17:29,892 - INFO - Plan found with LiftedTCORE + sym_bd: SequentialPlan:
    goToLocation(agent1, location1, location8)
    examineObject(agent1, remoteControl_4)
    goToLocation(agent1, location8, location3)
    pickupObject(agent1, location3, glassbottle_3, counterTop_3)
    goToLocation(agent1, location3, location5)
    putObject(agent1, location5, glassbottle_3, dresser_4, glassbottleType, dresserType)
2025-06-17 11:17:29,892 - INFO - Seed: 104 is solvable

2025-06-17 11:17:29,892 - INFO - Unconstrained cost: 4
2025-06-17 11:17:29,892 - INFO - Constrained cost: 6
2025-06-17 11:17:29,892 - INFO - Seed: 104 Plan simulation is feasible
2025-06-17 11:17:29,892 - INFO - 
Seed: 104 
 Plan: [goToLocation(agent1, location1, location8), examineObject(agent1, remoteControl_4), goToLocation(agent1, location8, location3), pickupObject(agent1, location3, glassbottle_3, counterTop_3), goToLocation(agent1, location3, location5), putObject(agent1, location5, glassbottle_3, dresser_4, glassbottleType, dresserType)]  
 Cost: 6

