2025-06-17 09:57:40,820 - INFO - 
================= Seed: 623 =================

2025-06-17 09:57:40,831 - INFO - problem name = alfred

types = [ReceptacleType, ObjectType, Checkable, Agent - Checkable, Location - Checkable, Receptacle - Checkable, Obj - Checkable]

fluents = [
  bool atLocation[a=Agent - Checkable, l=Location - Checkable]
  bool receptacleAtLocation[r=Receptacle - Checkable, l=Location - Checkable]
  bool objectAtLocation[o=Obj - Checkable, l=Location - Checkable]
  bool openable[r=Receptacle - Checkable]
  bool opened[r=Receptacle - Checkable]
  bool inReceptacle[o=Obj - Checkable, r=Receptacle - Checkable]
  bool isReceptacleObject[o=Obj - Checkable]
  bool inReceptacleObject[innerObject=Obj - Checkable, outObject=Obj - Checkable]
  bool isReceptacleObjectFull[o=Obj - Checkable]
  bool wasInReceptacle[o=Obj - Checkable, r=Receptacle - Checkable]
  bool checked[c=Checkable]
  bool examined[l=Location - Checkable]
  bool receptacleType[r=Receptacle - Checkable, rt=ReceptacleType]
  bool canContain[rt=ReceptacleType, ot=ObjectType]
  bool objectType[o=Obj - Checkable, t=ObjectType]
  bool holds[a=Agent - Checkable, o=Obj - Checkable]
  bool holdsAny[a=Agent - Checkable]
  bool holdsAnyReceptacleObject[a=Agent - Checkable]
  bool full[r=Receptacle - Checkable]
  bool isClean[o=Obj - Checkable]
  bool cleanable[o=Obj - Checkable]
  bool isHot[o=Obj - Checkable]
  bool heatable[o=Obj - Checkable]
  bool isCool[o=Obj - Checkable]
  bool coolable[o=Obj - Checkable]
  bool pickupable[o=Obj - Checkable]
  bool moveable[o=Obj - Checkable]
  bool toggleable[o=Obj - Checkable]
  bool isOn[o=Obj - Checkable]
  bool isToggled[o=Obj - Checkable]
  bool sliceable[o=Obj - Checkable]
  bool isSliced[o=Obj - Checkable]
]

actions = [
  action look(Agent - Checkable a, Location - Checkable l) {
    preconditions = [
      atLocation(a, l)
    ]
    effects = [
      checked(l) := true
    ]
  }
  action inventory(Agent - Checkable a) {
    preconditions = [
    ]
    effects = [
      checked(a) := true
    ]
  }
  action examineReceptacle(Agent - Checkable a, Receptacle - Checkable r) {
    preconditions = [
      Exists (Location - Checkable l) (atLocation(a, l) and receptacleAtLocation(r, l))
    ]
    effects = [
      checked(r) := true
    ]
  }
  action examineObject(Agent - Checkable a, Obj - Checkable o) {
    preconditions = [
      (Exists (Location - Checkable l) Exists (Receptacle - Checkable r) (atLocation(a, l) and receptacleAtLocation(r, l) and inReceptacle(o, r) and ((not openable(r)) or opened(r))) or holds(a, o))
    ]
    effects = [
      checked(o) := true
    ]
  }
  action goToLocation(Agent - Checkable a, Location - Checkable lstart, Location - Checkable lend) {
    preconditions = [
      atLocation(a, lstart)
    ]
    effects = [
      atLocation(a, lstart) := false
      atLocation(a, lend) := true
    ]
  }
  action openObject(Agent - Checkable a, Location - Checkable l, Receptacle - Checkable r) {
    preconditions = [
      (openable(r) and atLocation(a, l) and receptacleAtLocation(r, l) and (not opened(r)))
    ]
    effects = [
      opened(r) := true
      checked(r) := true
    ]
  }
  action closeObject(Agent - Checkable a, Location - Checkable l, Receptacle - Checkable r) {
    preconditions = [
      (openable(r) and atLocation(a, l) and receptacleAtLocation(r, l) and opened(r))
    ]
    effects = [
      opened(r) := false
    ]
  }
  action pickupObject(Agent - Checkable a, Location - Checkable l, Obj - Checkable o, Receptacle - Checkable r) {
    preconditions = [
      (pickupable(o) and atLocation(a, l) and receptacleAtLocation(r, l) and inReceptacle(o, r) and (not holdsAny(a)) and ((not openable(r)) or opened(r)))
    ]
    effects = [
      inReceptacle(o, r) := false
      holds(a, o) := true
      holdsAny(a) := true
      objectAtLocation(o, l) := false
    ]
  }
  action putObject(Agent - Checkable a, Location - Checkable l, Obj - Checkable o, Receptacle - Checkable r, ObjectType ot, ReceptacleType rt) {
    preconditions = [
      (holds(a, o) and atLocation(a, l) and receptacleAtLocation(r, l) and ((not openable(r)) or opened(r)) and objectType(o, ot) and receptacleType(r, rt) and canContain(rt, ot))
    ]
    effects = [
      inReceptacle(o, r) := true
      objectAtLocation(o, l) := true
      holds(a, o) := false
      holdsAny(a) := false
    ]
  }
  action cleanObject(Agent - Checkable a, Location - Checkable l, Receptacle - Checkable r, Obj - Checkable o) {
    preconditions = [
      (cleanable(o) and receptacleType(r, sinkBasinType) and atLocation(a, l) and receptacleAtLocation(r, l) and holds(a, o))
    ]
    effects = [
      isClean(o) := true
    ]
  }
  action heatObject(Agent - Checkable a, Location - Checkable l, Receptacle - Checkable r, Obj - Checkable o) {
    preconditions = [
      (heatable(o) and receptacleType(r, microwaveType) and atLocation(a, l) and receptacleAtLocation(r, l) and holds(a, o))
    ]
    effects = [
      isHot(o) := true
      isCool(o) := false
    ]
  }
  action coolObject(Agent - Checkable a, Location - Checkable l, Receptacle - Checkable r, Obj - Checkable o) {
    preconditions = [
      (coolable(o) and receptacleType(r, fridgeType) and atLocation(a, l) and receptacleAtLocation(r, l) and holds(a, o))
    ]
    effects = [
      isCool(o) := true
      isHot(o) := false
    ]
  }
  action toggleObject(Agent - Checkable a, Location - Checkable l, Obj - Checkable o, Receptacle - Checkable r) {
    preconditions = [
      (toggleable(o) and atLocation(a, l) and receptacleAtLocation(r, l) and inReceptacle(o, r))
    ]
    effects = [
      if isOn(o) then isOn(o) := false
      if (not isOn(o)) then isOn(o) := true
      isToggled(o) := true
    ]
  }
  action sliceObject(Agent - Checkable a, Location - Checkable l, Obj - Checkable co, Obj - Checkable ko) {
    preconditions = [
      (sliceable(co) and (objectType(ko, knifeType) or objectType(ko, butterKnifeType)) and atLocation(a, l) and objectAtLocation(co, l) and holds(a, ko))
    ]
    effects = [
      isSliced(co) := true
    ]
  }
  action help(Agent - Checkable a) {
    preconditions = [
    ]
    effects = [
      checked(a) := true
    ]
  }
]

objects = [
  ReceptacleType: [sinkBasinType, microwaveType, fridgeType, drawerType, diningTableType, coffeeMachineType, laundryHamperType, shelfType, cartType, bathtubBasinType]
  ObjectType: [knifeType, butterKnifeType, penType, plateType, soapBottleType, spoonType, dishSpongeType, paperTowelType, cdType, remoteControlType, bowlType]
  Checkable: [agent1, location1, location2, location3, location4, location5, location6, location7, location8, location9, location10, drawer_1, diningTable_2, coffeeMachine_3, laundryHamper_4, shelf_5, cart_6, diningTable_7, bathtubBasin_8, drawer_9, drawer_10, pen_1, plate_2, soapBottle_3, spoon_4, dishSponge_5, paperTowel_6, cd_7, plate_8, remoteControl_9, bowl_10]
  Agent - Checkable: [agent1]
  Location - Checkable: [location1, location2, location3, location4, location5, location6, location7, location8, location9, location10]
  Receptacle - Checkable: [drawer_1, diningTable_2, coffeeMachine_3, laundryHamper_4, shelf_5, cart_6, diningTable_7, bathtubBasin_8, drawer_9, drawer_10]
  Obj - Checkable: [pen_1, plate_2, soapBottle_3, spoon_4, dishSponge_5, paperTowel_6, cd_7, plate_8, remoteControl_9, bowl_10]
]

initial fluents default = [
  bool atLocation[a=Agent - Checkable, l=Location - Checkable] := false
  bool receptacleAtLocation[r=Receptacle - Checkable, l=Location - Checkable] := false
  bool objectAtLocation[o=Obj - Checkable, l=Location - Checkable] := false
  bool openable[r=Receptacle - Checkable] := false
  bool opened[r=Receptacle - Checkable] := false
  bool inReceptacle[o=Obj - Checkable, r=Receptacle - Checkable] := false
  bool isReceptacleObject[o=Obj - Checkable] := false
  bool inReceptacleObject[innerObject=Obj - Checkable, outObject=Obj - Checkable] := false
  bool isReceptacleObjectFull[o=Obj - Checkable] := false
  bool wasInReceptacle[o=Obj - Checkable, r=Receptacle - Checkable] := false
  bool checked[c=Checkable] := false
  bool examined[l=Location - Checkable] := false
  bool receptacleType[r=Receptacle - Checkable, rt=ReceptacleType] := false
  bool canContain[rt=ReceptacleType, ot=ObjectType] := false
  bool objectType[o=Obj - Checkable, t=ObjectType] := false
  bool holds[a=Agent - Checkable, o=Obj - Checkable] := false
  bool holdsAny[a=Agent - Checkable] := false
  bool holdsAnyReceptacleObject[a=Agent - Checkable] := false
  bool full[r=Receptacle - Checkable] := false
  bool isClean[o=Obj - Checkable] := false
  bool cleanable[o=Obj - Checkable] := false
  bool isHot[o=Obj - Checkable] := false
  bool heatable[o=Obj - Checkable] := false
  bool isCool[o=Obj - Checkable] := false
  bool coolable[o=Obj - Checkable] := false
  bool pickupable[o=Obj - Checkable] := false
  bool moveable[o=Obj - Checkable] := false
  bool toggleable[o=Obj - Checkable] := false
  bool isOn[o=Obj - Checkable] := false
  bool isToggled[o=Obj - Checkable] := false
  bool sliceable[o=Obj - Checkable] := false
  bool isSliced[o=Obj - Checkable] := false
]

initial values = [
  receptacleType(drawer_1, drawerType) := true
  receptacleType(diningTable_2, diningTableType) := true
  receptacleType(coffeeMachine_3, coffeeMachineType) := true
  receptacleType(laundryHamper_4, laundryHamperType) := true
  receptacleType(shelf_5, shelfType) := true
  receptacleType(cart_6, cartType) := true
  receptacleType(diningTable_7, diningTableType) := true
  receptacleType(bathtubBasin_8, bathtubBasinType) := true
  receptacleType(drawer_9, drawerType) := true
  receptacleType(drawer_10, drawerType) := true
  objectType(pen_1, penType) := true
  objectType(plate_2, plateType) := true
  objectType(soapBottle_3, soapBottleType) := true
  objectType(spoon_4, spoonType) := true
  objectType(dishSponge_5, dishSpongeType) := true
  objectType(paperTowel_6, paperTowelType) := true
  objectType(cd_7, cdType) := true
  objectType(plate_8, plateType) := true
  objectType(remoteControl_9, remoteControlType) := true
  objectType(bowl_10, bowlType) := true
  canContain(drawerType, penType) := true
  canContain(drawerType, soapBottleType) := true
  canContain(drawerType, spoonType) := true
  canContain(drawerType, dishSpongeType) := true
  canContain(drawerType, remoteControlType) := true
  canContain(diningTableType, penType) := true
  canContain(diningTableType, plateType) := true
  canContain(diningTableType, soapBottleType) := true
  canContain(diningTableType, spoonType) := true
  canContain(diningTableType, dishSpongeType) := true
  canContain(diningTableType, paperTowelType) := true
  canContain(diningTableType, remoteControlType) := true
  canContain(diningTableType, bowlType) := true
  canContain(shelfType, penType) := true
  canContain(shelfType, plateType) := true
  canContain(shelfType, soapBottleType) := true
  canContain(shelfType, dishSpongeType) := true
  canContain(shelfType, paperTowelType) := true
  canContain(shelfType, cdType) := true
  canContain(shelfType, remoteControlType) := true
  canContain(shelfType, bowlType) := true
  canContain(cartType, soapBottleType) := true
  canContain(cartType, dishSpongeType) := true
  canContain(cartType, paperTowelType) := true
  canContain(bathtubBasinType, dishSpongeType) := true
  pickupable(pen_1) := true
  pickupable(plate_2) := true
  isReceptacleObject(plate_2) := true
  cleanable(plate_2) := true
  heatable(plate_2) := true
  coolable(plate_2) := true
  pickupable(soapBottle_3) := true
  pickupable(spoon_4) := true
  cleanable(spoon_4) := true
  pickupable(dishSponge_5) := true
  cleanable(dishSponge_5) := true
  pickupable(paperTowel_6) := true
  pickupable(cd_7) := true
  pickupable(plate_8) := true
  isReceptacleObject(plate_8) := true
  cleanable(plate_8) := true
  heatable(plate_8) := true
  coolable(plate_8) := true
  pickupable(remoteControl_9) := true
  pickupable(bowl_10) := true
  isReceptacleObject(bowl_10) := true
  cleanable(bowl_10) := true
  coolable(bowl_10) := true
  receptacleAtLocation(drawer_1, location8) := true
  receptacleAtLocation(diningTable_2, location4) := true
  receptacleAtLocation(coffeeMachine_3, location10) := true
  receptacleAtLocation(laundryHamper_4, location1) := true
  receptacleAtLocation(shelf_5, location1) := true
  receptacleAtLocation(cart_6, location1) := true
  receptacleAtLocation(diningTable_7, location5) := true
  receptacleAtLocation(bathtubBasin_8, location10) := true
  receptacleAtLocation(drawer_9, location10) := true
  receptacleAtLocation(drawer_10, location8) := true
  inReceptacle(pen_1, diningTable_2) := true
  inReceptacle(soapBottle_3, diningTable_7) := true
  inReceptacle(spoon_4, drawer_1) := true
  inReceptacle(dishSponge_5, shelf_5) := true
  inReceptacle(paperTowel_6, shelf_5) := true
  inReceptacle(plate_8, diningTable_7) := true
  inReceptacle(remoteControl_9, drawer_10) := true
  objectAtLocation(pen_1, location4) := true
  objectAtLocation(plate_2, location9) := true
  objectAtLocation(soapBottle_3, location5) := true
  objectAtLocation(spoon_4, location8) := true
  objectAtLocation(dishSponge_5, location1) := true
  objectAtLocation(paperTowel_6, location1) := true
  objectAtLocation(cd_7, location2) := true
  objectAtLocation(plate_8, location5) := true
  objectAtLocation(remoteControl_9, location8) := true
  objectAtLocation(bowl_10, location4) := true
  atLocation(agent1, location2) := true
]

goals = [
  Exists (Receptacle - Checkable r) Exists (Obj - Checkable o) (inReceptacle(o, r) and objectType(o, penType) and receptacleType(r, shelfType))
]

quality metrics = [
  minimize sequential-plan-length
]


2025-06-17 09:57:40,835 - INFO - Generating plan for unconstrained problem

2025-06-17 09:57:41,335 - INFO - Unconstrained plan generation time: 0.5001115798950195

2025-06-17 09:57:41,335 - INFO - Unconstrained plan and cost: 
2025-06-17 09:57:41,335 - INFO - SequentialPlan:
    goToLocation(agent1, location2, location4)
    pickupObject(agent1, location4, pen_1, diningTable_2)
    goToLocation(agent1, location4, location1)
    putObject(agent1, location1, pen_1, shelf_5, penType, shelfType)
2025-06-17 09:57:41,335 - INFO - 4
2025-06-17 09:57:41,666 - INFO - Sampled constraints:

2025-06-17 09:57:41,666 - INFO - Sometime((atLocation(agent1, location8) or atLocation(agent1, location7)))
2025-06-17 09:57:41,666 - INFO - 
2025-06-17 09:57:41,666 - INFO - Generation time: 0.3305630683898926

2025-06-17 09:57:41,674 - INFO - Generating plan for constrained problem (with LiftedTCORE).

2025-06-17 09:57:41,710 - INFO - LiftedTCORE compilation time: 0.03662538528442383

2025-06-17 09:57:42,186 - INFO - Planning Time with LiftedTCORE's file: 0.46863746643066406

2025-06-17 09:57:42,187 - INFO - Plan found with LiftedTCORE + sym_bd: SequentialPlan:
    goToLocation(agent1, location2, location4)
    pickupObject(agent1, location4, pen_1, diningTable_2)
    goToLocation(agent1, location4, location1)
    putObject(agent1, location1, pen_1, shelf_5, penType, shelfType)
    goToLocation(agent1, location1, location7)
2025-06-17 09:57:42,187 - INFO - Seed: 623 is solvable

2025-06-17 09:57:42,187 - INFO - Unconstrained cost: 4
2025-06-17 09:57:42,187 - INFO - Constrained cost: 5
2025-06-17 09:57:42,187 - INFO - Seed: 623 Plan simulation is feasible
2025-06-17 09:57:42,187 - INFO - 
Seed: 623 
 Plan: [goToLocation(agent1, location2, location4), pickupObject(agent1, location4, pen_1, diningTable_2), goToLocation(agent1, location4, location1), putObject(agent1, location1, pen_1, shelf_5, penType, shelfType), goToLocation(agent1, location1, location7)]  
 Cost: 5

