2025-06-17 09:57:19,217 - INFO - 
================= Seed: 587 =================

2025-06-17 09:57:19,229 - INFO - problem name = alfred

types = [ReceptacleType, ObjectType, Checkable, Agent - Checkable, Location - Checkable, Receptacle - Checkable, Obj - Checkable]

fluents = [
  bool atLocation[a=Agent - Checkable, l=Location - Checkable]
  bool receptacleAtLocation[r=Receptacle - Checkable, l=Location - Checkable]
  bool objectAtLocation[o=Obj - Checkable, l=Location - Checkable]
  bool openable[r=Receptacle - Checkable]
  bool opened[r=Receptacle - Checkable]
  bool inReceptacle[o=Obj - Checkable, r=Receptacle - Checkable]
  bool isReceptacleObject[o=Obj - Checkable]
  bool inReceptacleObject[innerObject=Obj - Checkable, outObject=Obj - Checkable]
  bool isReceptacleObjectFull[o=Obj - Checkable]
  bool wasInReceptacle[o=Obj - Checkable, r=Receptacle - Checkable]
  bool checked[c=Checkable]
  bool examined[l=Location - Checkable]
  bool receptacleType[r=Receptacle - Checkable, rt=ReceptacleType]
  bool canContain[rt=ReceptacleType, ot=ObjectType]
  bool objectType[o=Obj - Checkable, t=ObjectType]
  bool holds[a=Agent - Checkable, o=Obj - Checkable]
  bool holdsAny[a=Agent - Checkable]
  bool holdsAnyReceptacleObject[a=Agent - Checkable]
  bool full[r=Receptacle - Checkable]
  bool isClean[o=Obj - Checkable]
  bool cleanable[o=Obj - Checkable]
  bool isHot[o=Obj - Checkable]
  bool heatable[o=Obj - Checkable]
  bool isCool[o=Obj - Checkable]
  bool coolable[o=Obj - Checkable]
  bool pickupable[o=Obj - Checkable]
  bool moveable[o=Obj - Checkable]
  bool toggleable[o=Obj - Checkable]
  bool isOn[o=Obj - Checkable]
  bool isToggled[o=Obj - Checkable]
  bool sliceable[o=Obj - Checkable]
  bool isSliced[o=Obj - Checkable]
]

actions = [
  action look(Agent - Checkable a, Location - Checkable l) {
    preconditions = [
      atLocation(a, l)
    ]
    effects = [
      checked(l) := true
    ]
  }
  action inventory(Agent - Checkable a) {
    preconditions = [
    ]
    effects = [
      checked(a) := true
    ]
  }
  action examineReceptacle(Agent - Checkable a, Receptacle - Checkable r) {
    preconditions = [
      Exists (Location - Checkable l) (atLocation(a, l) and receptacleAtLocation(r, l))
    ]
    effects = [
      checked(r) := true
    ]
  }
  action examineObject(Agent - Checkable a, Obj - Checkable o) {
    preconditions = [
      (Exists (Location - Checkable l) Exists (Receptacle - Checkable r) (atLocation(a, l) and receptacleAtLocation(r, l) and inReceptacle(o, r) and ((not openable(r)) or opened(r))) or holds(a, o))
    ]
    effects = [
      checked(o) := true
    ]
  }
  action goToLocation(Agent - Checkable a, Location - Checkable lstart, Location - Checkable lend) {
    preconditions = [
      atLocation(a, lstart)
    ]
    effects = [
      atLocation(a, lstart) := false
      atLocation(a, lend) := true
    ]
  }
  action openObject(Agent - Checkable a, Location - Checkable l, Receptacle - Checkable r) {
    preconditions = [
      (openable(r) and atLocation(a, l) and receptacleAtLocation(r, l) and (not opened(r)))
    ]
    effects = [
      opened(r) := true
      checked(r) := true
    ]
  }
  action closeObject(Agent - Checkable a, Location - Checkable l, Receptacle - Checkable r) {
    preconditions = [
      (openable(r) and atLocation(a, l) and receptacleAtLocation(r, l) and opened(r))
    ]
    effects = [
      opened(r) := false
    ]
  }
  action pickupObject(Agent - Checkable a, Location - Checkable l, Obj - Checkable o, Receptacle - Checkable r) {
    preconditions = [
      (pickupable(o) and atLocation(a, l) and receptacleAtLocation(r, l) and inReceptacle(o, r) and (not holdsAny(a)) and ((not openable(r)) or opened(r)))
    ]
    effects = [
      inReceptacle(o, r) := false
      holds(a, o) := true
      holdsAny(a) := true
      objectAtLocation(o, l) := false
    ]
  }
  action putObject(Agent - Checkable a, Location - Checkable l, Obj - Checkable o, Receptacle - Checkable r, ObjectType ot, ReceptacleType rt) {
    preconditions = [
      (holds(a, o) and atLocation(a, l) and receptacleAtLocation(r, l) and ((not openable(r)) or opened(r)) and objectType(o, ot) and receptacleType(r, rt) and canContain(rt, ot))
    ]
    effects = [
      inReceptacle(o, r) := true
      objectAtLocation(o, l) := true
      holds(a, o) := false
      holdsAny(a) := false
    ]
  }
  action cleanObject(Agent - Checkable a, Location - Checkable l, Receptacle - Checkable r, Obj - Checkable o) {
    preconditions = [
      (cleanable(o) and receptacleType(r, sinkBasinType) and atLocation(a, l) and receptacleAtLocation(r, l) and holds(a, o))
    ]
    effects = [
      isClean(o) := true
    ]
  }
  action heatObject(Agent - Checkable a, Location - Checkable l, Receptacle - Checkable r, Obj - Checkable o) {
    preconditions = [
      (heatable(o) and receptacleType(r, microwaveType) and atLocation(a, l) and receptacleAtLocation(r, l) and holds(a, o))
    ]
    effects = [
      isHot(o) := true
      isCool(o) := false
    ]
  }
  action coolObject(Agent - Checkable a, Location - Checkable l, Receptacle - Checkable r, Obj - Checkable o) {
    preconditions = [
      (coolable(o) and receptacleType(r, fridgeType) and atLocation(a, l) and receptacleAtLocation(r, l) and holds(a, o))
    ]
    effects = [
      isCool(o) := true
      isHot(o) := false
    ]
  }
  action toggleObject(Agent - Checkable a, Location - Checkable l, Obj - Checkable o, Receptacle - Checkable r) {
    preconditions = [
      (toggleable(o) and atLocation(a, l) and receptacleAtLocation(r, l) and inReceptacle(o, r))
    ]
    effects = [
      if isOn(o) then isOn(o) := false
      if (not isOn(o)) then isOn(o) := true
      isToggled(o) := true
    ]
  }
  action sliceObject(Agent - Checkable a, Location - Checkable l, Obj - Checkable co, Obj - Checkable ko) {
    preconditions = [
      (sliceable(co) and (objectType(ko, knifeType) or objectType(ko, butterKnifeType)) and atLocation(a, l) and objectAtLocation(co, l) and holds(a, ko))
    ]
    effects = [
      isSliced(co) := true
    ]
  }
  action help(Agent - Checkable a) {
    preconditions = [
    ]
    effects = [
      checked(a) := true
    ]
  }
]

objects = [
  ReceptacleType: [sinkBasinType, microwaveType, fridgeType, tvStandType, ottomanType, deskType, laundryHamperType, drawerType, toiletType, safeType, towelHolderType]
  ObjectType: [knifeType, butterKnifeType, keyChainType, toiletPaperRollType, breadType, alarmClockType, newspaperType, watchType, remoteControlType, tomatoType, cupType]
  Checkable: [agent1, location1, location2, location3, location4, location5, location6, location7, location8, location9, location10, tvStand_1, ottoman_2, desk_3, laundryHamper_4, ottoman_5, microwave_6, drawer_7, toilet_8, safe_9, towelHolder_10, keyChain_1, toiletPaperRoll_2, bread_3, alarmClock_4, newspaper_5, watch_6, remoteControl_7, tomato_8, tomato_9, cup_10]
  Agent - Checkable: [agent1]
  Location - Checkable: [location1, location2, location3, location4, location5, location6, location7, location8, location9, location10]
  Receptacle - Checkable: [tvStand_1, ottoman_2, desk_3, laundryHamper_4, ottoman_5, microwave_6, drawer_7, toilet_8, safe_9, towelHolder_10]
  Obj - Checkable: [keyChain_1, toiletPaperRoll_2, bread_3, alarmClock_4, newspaper_5, watch_6, remoteControl_7, tomato_8, tomato_9, cup_10]
]

initial fluents default = [
  bool atLocation[a=Agent - Checkable, l=Location - Checkable] := false
  bool receptacleAtLocation[r=Receptacle - Checkable, l=Location - Checkable] := false
  bool objectAtLocation[o=Obj - Checkable, l=Location - Checkable] := false
  bool openable[r=Receptacle - Checkable] := false
  bool opened[r=Receptacle - Checkable] := false
  bool inReceptacle[o=Obj - Checkable, r=Receptacle - Checkable] := false
  bool isReceptacleObject[o=Obj - Checkable] := false
  bool inReceptacleObject[innerObject=Obj - Checkable, outObject=Obj - Checkable] := false
  bool isReceptacleObjectFull[o=Obj - Checkable] := false
  bool wasInReceptacle[o=Obj - Checkable, r=Receptacle - Checkable] := false
  bool checked[c=Checkable] := false
  bool examined[l=Location - Checkable] := false
  bool receptacleType[r=Receptacle - Checkable, rt=ReceptacleType] := false
  bool canContain[rt=ReceptacleType, ot=ObjectType] := false
  bool objectType[o=Obj - Checkable, t=ObjectType] := false
  bool holds[a=Agent - Checkable, o=Obj - Checkable] := false
  bool holdsAny[a=Agent - Checkable] := false
  bool holdsAnyReceptacleObject[a=Agent - Checkable] := false
  bool full[r=Receptacle - Checkable] := false
  bool isClean[o=Obj - Checkable] := false
  bool cleanable[o=Obj - Checkable] := false
  bool isHot[o=Obj - Checkable] := false
  bool heatable[o=Obj - Checkable] := false
  bool isCool[o=Obj - Checkable] := false
  bool coolable[o=Obj - Checkable] := false
  bool pickupable[o=Obj - Checkable] := false
  bool moveable[o=Obj - Checkable] := false
  bool toggleable[o=Obj - Checkable] := false
  bool isOn[o=Obj - Checkable] := false
  bool isToggled[o=Obj - Checkable] := false
  bool sliceable[o=Obj - Checkable] := false
  bool isSliced[o=Obj - Checkable] := false
]

initial values = [
  receptacleType(tvStand_1, tvStandType) := true
  receptacleType(ottoman_2, ottomanType) := true
  receptacleType(desk_3, deskType) := true
  receptacleType(laundryHamper_4, laundryHamperType) := true
  receptacleType(ottoman_5, ottomanType) := true
  receptacleType(microwave_6, microwaveType) := true
  receptacleType(drawer_7, drawerType) := true
  receptacleType(toilet_8, toiletType) := true
  receptacleType(safe_9, safeType) := true
  receptacleType(towelHolder_10, towelHolderType) := true
  objectType(keyChain_1, keyChainType) := true
  objectType(toiletPaperRoll_2, toiletPaperRollType) := true
  objectType(bread_3, breadType) := true
  objectType(alarmClock_4, alarmClockType) := true
  objectType(newspaper_5, newspaperType) := true
  objectType(watch_6, watchType) := true
  objectType(remoteControl_7, remoteControlType) := true
  objectType(tomato_8, tomatoType) := true
  objectType(tomato_9, tomatoType) := true
  objectType(cup_10, cupType) := true
  canContain(ottomanType, keyChainType) := true
  canContain(ottomanType, newspaperType) := true
  canContain(ottomanType, remoteControlType) := true
  canContain(deskType, keyChainType) := true
  canContain(deskType, toiletPaperRollType) := true
  canContain(deskType, alarmClockType) := true
  canContain(deskType, newspaperType) := true
  canContain(deskType, watchType) := true
  canContain(deskType, remoteControlType) := true
  canContain(deskType, cupType) := true
  canContain(microwaveType, breadType) := true
  canContain(microwaveType, tomatoType) := true
  canContain(microwaveType, cupType) := true
  canContain(drawerType, keyChainType) := true
  canContain(drawerType, toiletPaperRollType) := true
  canContain(drawerType, newspaperType) := true
  canContain(drawerType, watchType) := true
  canContain(drawerType, remoteControlType) := true
  canContain(toiletType, toiletPaperRollType) := true
  canContain(toiletType, newspaperType) := true
  canContain(safeType, keyChainType) := true
  canContain(safeType, watchType) := true
  pickupable(keyChain_1) := true
  pickupable(toiletPaperRoll_2) := true
  pickupable(bread_3) := true
  heatable(bread_3) := true
  coolable(bread_3) := true
  sliceable(bread_3) := true
  pickupable(alarmClock_4) := true
  pickupable(newspaper_5) := true
  pickupable(watch_6) := true
  pickupable(remoteControl_7) := true
  pickupable(tomato_8) := true
  cleanable(tomato_8) := true
  heatable(tomato_8) := true
  coolable(tomato_8) := true
  sliceable(tomato_8) := true
  pickupable(tomato_9) := true
  cleanable(tomato_9) := true
  heatable(tomato_9) := true
  coolable(tomato_9) := true
  sliceable(tomato_9) := true
  pickupable(cup_10) := true
  isReceptacleObject(cup_10) := true
  cleanable(cup_10) := true
  heatable(cup_10) := true
  coolable(cup_10) := true
  receptacleAtLocation(tvStand_1, location1) := true
  receptacleAtLocation(ottoman_2, location8) := true
  receptacleAtLocation(desk_3, location4) := true
  receptacleAtLocation(laundryHamper_4, location7) := true
  receptacleAtLocation(ottoman_5, location7) := true
  receptacleAtLocation(microwave_6, location1) := true
  receptacleAtLocation(drawer_7, location5) := true
  receptacleAtLocation(toilet_8, location8) := true
  receptacleAtLocation(safe_9, location6) := true
  receptacleAtLocation(towelHolder_10, location6) := true
  inReceptacle(keyChain_1, safe_9) := true
  inReceptacle(bread_3, microwave_6) := true
  inReceptacle(newspaper_5, desk_3) := true
  inReceptacle(watch_6, desk_3) := true
  inReceptacle(remoteControl_7, drawer_7) := true
  inReceptacle(cup_10, microwave_6) := true
  objectAtLocation(keyChain_1, location6) := true
  objectAtLocation(toiletPaperRoll_2, location3) := true
  objectAtLocation(bread_3, location1) := true
  objectAtLocation(alarmClock_4, location2) := true
  objectAtLocation(newspaper_5, location4) := true
  objectAtLocation(watch_6, location4) := true
  objectAtLocation(remoteControl_7, location5) := true
  objectAtLocation(tomato_8, location10) := true
  objectAtLocation(tomato_9, location5) := true
  objectAtLocation(cup_10, location1) := true
  atLocation(agent1, location9) := true
]

goals = [
  Exists (Receptacle - Checkable r) Exists (Obj - Checkable o) (heatable(o) and objectType(o, cupType) and receptacleType(r, deskType) and isHot(o) and inReceptacle(o, r))
]

quality metrics = [
  minimize sequential-plan-length
]


2025-06-17 09:57:19,233 - INFO - Generating plan for unconstrained problem

2025-06-17 09:57:19,702 - INFO - Unconstrained plan generation time: 0.4694850444793701

2025-06-17 09:57:19,703 - INFO - Unconstrained plan and cost: 
2025-06-17 09:57:19,703 - INFO - SequentialPlan:
    goToLocation(agent1, location9, location1)
    pickupObject(agent1, location1, cup_10, microwave_6)
    heatObject(agent1, location1, microwave_6, cup_10)
    goToLocation(agent1, location1, location4)
    putObject(agent1, location4, cup_10, desk_3, cupType, deskType)
2025-06-17 09:57:19,703 - INFO - 5
2025-06-17 09:57:20,053 - INFO - Sampled constraints:

2025-06-17 09:57:20,053 - INFO - Sometime(atLocation(agent1, location6))
2025-06-17 09:57:20,053 - INFO - 
2025-06-17 09:57:20,053 - INFO - Generation time: 0.34975099563598633

2025-06-17 09:57:20,066 - INFO - Generating plan for constrained problem (with LiftedTCORE).

2025-06-17 09:57:20,104 - INFO - LiftedTCORE compilation time: 0.03797578811645508

2025-06-17 09:57:20,628 - INFO - Planning Time with LiftedTCORE's file: 0.5163004398345947

2025-06-17 09:57:20,629 - INFO - Plan found with LiftedTCORE + sym_bd: SequentialPlan:
    goToLocation(agent1, location9, location1)
    pickupObject(agent1, location1, cup_10, microwave_6)
    heatObject(agent1, location1, microwave_6, cup_10)
    goToLocation(agent1, location1, location4)
    putObject(agent1, location4, cup_10, desk_3, cupType, deskType)
    goToLocation(agent1, location4, location6)
2025-06-17 09:57:20,629 - INFO - Seed: 587 is solvable

2025-06-17 09:57:20,629 - INFO - Unconstrained cost: 5
2025-06-17 09:57:20,629 - INFO - Constrained cost: 6
2025-06-17 09:57:20,629 - INFO - Seed: 587 Plan simulation is feasible
2025-06-17 09:57:20,629 - INFO - 
Seed: 587 
 Plan: [goToLocation(agent1, location9, location1), pickupObject(agent1, location1, cup_10, microwave_6), heatObject(agent1, location1, microwave_6, cup_10), goToLocation(agent1, location1, location4), putObject(agent1, location4, cup_10, desk_3, cupType, deskType), goToLocation(agent1, location4, location6)]  
 Cost: 6

