2025-06-17 09:56:41,540 - INFO - 
================= Seed: 532 =================

2025-06-17 09:56:41,545 - INFO - problem name = alfred

types = [ReceptacleType, ObjectType, Checkable, Agent - Checkable, Location - Checkable, Receptacle - Checkable, Obj - Checkable]

fluents = [
  bool atLocation[a=Agent - Checkable, l=Location - Checkable]
  bool receptacleAtLocation[r=Receptacle - Checkable, l=Location - Checkable]
  bool objectAtLocation[o=Obj - Checkable, l=Location - Checkable]
  bool openable[r=Receptacle - Checkable]
  bool opened[r=Receptacle - Checkable]
  bool inReceptacle[o=Obj - Checkable, r=Receptacle - Checkable]
  bool isReceptacleObject[o=Obj - Checkable]
  bool inReceptacleObject[innerObject=Obj - Checkable, outObject=Obj - Checkable]
  bool isReceptacleObjectFull[o=Obj - Checkable]
  bool wasInReceptacle[o=Obj - Checkable, r=Receptacle - Checkable]
  bool checked[c=Checkable]
  bool examined[l=Location - Checkable]
  bool receptacleType[r=Receptacle - Checkable, rt=ReceptacleType]
  bool canContain[rt=ReceptacleType, ot=ObjectType]
  bool objectType[o=Obj - Checkable, t=ObjectType]
  bool holds[a=Agent - Checkable, o=Obj - Checkable]
  bool holdsAny[a=Agent - Checkable]
  bool holdsAnyReceptacleObject[a=Agent - Checkable]
  bool full[r=Receptacle - Checkable]
  bool isClean[o=Obj - Checkable]
  bool cleanable[o=Obj - Checkable]
  bool isHot[o=Obj - Checkable]
  bool heatable[o=Obj - Checkable]
  bool isCool[o=Obj - Checkable]
  bool coolable[o=Obj - Checkable]
  bool pickupable[o=Obj - Checkable]
  bool moveable[o=Obj - Checkable]
  bool toggleable[o=Obj - Checkable]
  bool isOn[o=Obj - Checkable]
  bool isToggled[o=Obj - Checkable]
  bool sliceable[o=Obj - Checkable]
  bool isSliced[o=Obj - Checkable]
]

actions = [
  action look(Agent - Checkable a, Location - Checkable l) {
    preconditions = [
      atLocation(a, l)
    ]
    effects = [
      checked(l) := true
    ]
  }
  action inventory(Agent - Checkable a) {
    preconditions = [
    ]
    effects = [
      checked(a) := true
    ]
  }
  action examineReceptacle(Agent - Checkable a, Receptacle - Checkable r) {
    preconditions = [
      Exists (Location - Checkable l) (atLocation(a, l) and receptacleAtLocation(r, l))
    ]
    effects = [
      checked(r) := true
    ]
  }
  action examineObject(Agent - Checkable a, Obj - Checkable o) {
    preconditions = [
      (Exists (Location - Checkable l) Exists (Receptacle - Checkable r) (atLocation(a, l) and receptacleAtLocation(r, l) and inReceptacle(o, r) and ((not openable(r)) or opened(r))) or holds(a, o))
    ]
    effects = [
      checked(o) := true
    ]
  }
  action goToLocation(Agent - Checkable a, Location - Checkable lstart, Location - Checkable lend) {
    preconditions = [
      atLocation(a, lstart)
    ]
    effects = [
      atLocation(a, lstart) := false
      atLocation(a, lend) := true
    ]
  }
  action openObject(Agent - Checkable a, Location - Checkable l, Receptacle - Checkable r) {
    preconditions = [
      (openable(r) and atLocation(a, l) and receptacleAtLocation(r, l) and (not opened(r)))
    ]
    effects = [
      opened(r) := true
      checked(r) := true
    ]
  }
  action closeObject(Agent - Checkable a, Location - Checkable l, Receptacle - Checkable r) {
    preconditions = [
      (openable(r) and atLocation(a, l) and receptacleAtLocation(r, l) and opened(r))
    ]
    effects = [
      opened(r) := false
    ]
  }
  action pickupObject(Agent - Checkable a, Location - Checkable l, Obj - Checkable o, Receptacle - Checkable r) {
    preconditions = [
      (pickupable(o) and atLocation(a, l) and receptacleAtLocation(r, l) and inReceptacle(o, r) and (not holdsAny(a)) and ((not openable(r)) or opened(r)))
    ]
    effects = [
      inReceptacle(o, r) := false
      holds(a, o) := true
      holdsAny(a) := true
      objectAtLocation(o, l) := false
    ]
  }
  action putObject(Agent - Checkable a, Location - Checkable l, Obj - Checkable o, Receptacle - Checkable r, ObjectType ot, ReceptacleType rt) {
    preconditions = [
      (holds(a, o) and atLocation(a, l) and receptacleAtLocation(r, l) and ((not openable(r)) or opened(r)) and objectType(o, ot) and receptacleType(r, rt) and canContain(rt, ot))
    ]
    effects = [
      inReceptacle(o, r) := true
      objectAtLocation(o, l) := true
      holds(a, o) := false
      holdsAny(a) := false
    ]
  }
  action cleanObject(Agent - Checkable a, Location - Checkable l, Receptacle - Checkable r, Obj - Checkable o) {
    preconditions = [
      (cleanable(o) and receptacleType(r, sinkBasinType) and atLocation(a, l) and receptacleAtLocation(r, l) and holds(a, o))
    ]
    effects = [
      isClean(o) := true
    ]
  }
  action heatObject(Agent - Checkable a, Location - Checkable l, Receptacle - Checkable r, Obj - Checkable o) {
    preconditions = [
      (heatable(o) and receptacleType(r, microwaveType) and atLocation(a, l) and receptacleAtLocation(r, l) and holds(a, o))
    ]
    effects = [
      isHot(o) := true
      isCool(o) := false
    ]
  }
  action coolObject(Agent - Checkable a, Location - Checkable l, Receptacle - Checkable r, Obj - Checkable o) {
    preconditions = [
      (coolable(o) and receptacleType(r, fridgeType) and atLocation(a, l) and receptacleAtLocation(r, l) and holds(a, o))
    ]
    effects = [
      isCool(o) := true
      isHot(o) := false
    ]
  }
  action toggleObject(Agent - Checkable a, Location - Checkable l, Obj - Checkable o, Receptacle - Checkable r) {
    preconditions = [
      (toggleable(o) and atLocation(a, l) and receptacleAtLocation(r, l) and inReceptacle(o, r))
    ]
    effects = [
      if isOn(o) then isOn(o) := false
      if (not isOn(o)) then isOn(o) := true
      isToggled(o) := true
    ]
  }
  action sliceObject(Agent - Checkable a, Location - Checkable l, Obj - Checkable co, Obj - Checkable ko) {
    preconditions = [
      (sliceable(co) and (objectType(ko, knifeType) or objectType(ko, butterKnifeType)) and atLocation(a, l) and objectAtLocation(co, l) and holds(a, ko))
    ]
    effects = [
      isSliced(co) := true
    ]
  }
  action help(Agent - Checkable a) {
    preconditions = [
    ]
    effects = [
      checked(a) := true
    ]
  }
]

objects = [
  ReceptacleType: [sinkBasinType, microwaveType, fridgeType, counterTopType, toiletType, armChairType, cabinetType, shelfType, tvStandType, toiletPaperHangerType, ottomanType, bathtubBasinType]
  ObjectType: [knifeType, butterKnifeType, toiletPaperRollType, laptopType, clothType, sprayBottleType, potatoType, cellPhoneType, candleType, soapBottleType, keyChainType, panType]
  Checkable: [agent1, location1, location2, location3, location4, location5, location6, location7, location8, location9, location10, counterTop_1, toilet_2, armChair_3, cabinet_4, shelf_5, tvStand_6, toiletPaperHanger_7, microwave_8, ottoman_9, bathtubBasin_10, toiletPaperRoll_1, laptop_2, cloth_3, sprayBottle_4, potato_5, cellPhone_6, candle_7, soapBottle_8, keyChain_9, pan_10]
  Agent - Checkable: [agent1]
  Location - Checkable: [location1, location2, location3, location4, location5, location6, location7, location8, location9, location10]
  Receptacle - Checkable: [counterTop_1, toilet_2, armChair_3, cabinet_4, shelf_5, tvStand_6, toiletPaperHanger_7, microwave_8, ottoman_9, bathtubBasin_10]
  Obj - Checkable: [toiletPaperRoll_1, laptop_2, cloth_3, sprayBottle_4, potato_5, cellPhone_6, candle_7, soapBottle_8, keyChain_9, pan_10]
]

initial fluents default = [
  bool atLocation[a=Agent - Checkable, l=Location - Checkable] := false
  bool receptacleAtLocation[r=Receptacle - Checkable, l=Location - Checkable] := false
  bool objectAtLocation[o=Obj - Checkable, l=Location - Checkable] := false
  bool openable[r=Receptacle - Checkable] := false
  bool opened[r=Receptacle - Checkable] := false
  bool inReceptacle[o=Obj - Checkable, r=Receptacle - Checkable] := false
  bool isReceptacleObject[o=Obj - Checkable] := false
  bool inReceptacleObject[innerObject=Obj - Checkable, outObject=Obj - Checkable] := false
  bool isReceptacleObjectFull[o=Obj - Checkable] := false
  bool wasInReceptacle[o=Obj - Checkable, r=Receptacle - Checkable] := false
  bool checked[c=Checkable] := false
  bool examined[l=Location - Checkable] := false
  bool receptacleType[r=Receptacle - Checkable, rt=ReceptacleType] := false
  bool canContain[rt=ReceptacleType, ot=ObjectType] := false
  bool objectType[o=Obj - Checkable, t=ObjectType] := false
  bool holds[a=Agent - Checkable, o=Obj - Checkable] := false
  bool holdsAny[a=Agent - Checkable] := false
  bool holdsAnyReceptacleObject[a=Agent - Checkable] := false
  bool full[r=Receptacle - Checkable] := false
  bool isClean[o=Obj - Checkable] := false
  bool cleanable[o=Obj - Checkable] := false
  bool isHot[o=Obj - Checkable] := false
  bool heatable[o=Obj - Checkable] := false
  bool isCool[o=Obj - Checkable] := false
  bool coolable[o=Obj - Checkable] := false
  bool pickupable[o=Obj - Checkable] := false
  bool moveable[o=Obj - Checkable] := false
  bool toggleable[o=Obj - Checkable] := false
  bool isOn[o=Obj - Checkable] := false
  bool isToggled[o=Obj - Checkable] := false
  bool sliceable[o=Obj - Checkable] := false
  bool isSliced[o=Obj - Checkable] := false
]

initial values = [
  receptacleType(counterTop_1, counterTopType) := true
  receptacleType(toilet_2, toiletType) := true
  receptacleType(armChair_3, armChairType) := true
  receptacleType(cabinet_4, cabinetType) := true
  receptacleType(shelf_5, shelfType) := true
  receptacleType(tvStand_6, tvStandType) := true
  receptacleType(toiletPaperHanger_7, toiletPaperHangerType) := true
  receptacleType(microwave_8, microwaveType) := true
  receptacleType(ottoman_9, ottomanType) := true
  receptacleType(bathtubBasin_10, bathtubBasinType) := true
  objectType(toiletPaperRoll_1, toiletPaperRollType) := true
  objectType(laptop_2, laptopType) := true
  objectType(cloth_3, clothType) := true
  objectType(sprayBottle_4, sprayBottleType) := true
  objectType(potato_5, potatoType) := true
  objectType(cellPhone_6, cellPhoneType) := true
  objectType(candle_7, candleType) := true
  objectType(soapBottle_8, soapBottleType) := true
  objectType(keyChain_9, keyChainType) := true
  objectType(pan_10, panType) := true
  canContain(counterTopType, toiletPaperRollType) := true
  canContain(counterTopType, laptopType) := true
  canContain(counterTopType, clothType) := true
  canContain(counterTopType, sprayBottleType) := true
  canContain(counterTopType, potatoType) := true
  canContain(counterTopType, cellPhoneType) := true
  canContain(counterTopType, candleType) := true
  canContain(counterTopType, soapBottleType) := true
  canContain(counterTopType, keyChainType) := true
  canContain(counterTopType, panType) := true
  canContain(toiletType, toiletPaperRollType) := true
  canContain(toiletType, clothType) := true
  canContain(toiletType, sprayBottleType) := true
  canContain(toiletType, candleType) := true
  canContain(toiletType, soapBottleType) := true
  canContain(armChairType, laptopType) := true
  canContain(armChairType, clothType) := true
  canContain(armChairType, cellPhoneType) := true
  canContain(armChairType, keyChainType) := true
  canContain(cabinetType, toiletPaperRollType) := true
  canContain(cabinetType, clothType) := true
  canContain(cabinetType, sprayBottleType) := true
  canContain(cabinetType, candleType) := true
  canContain(cabinetType, soapBottleType) := true
  canContain(cabinetType, panType) := true
  canContain(shelfType, toiletPaperRollType) := true
  canContain(shelfType, clothType) := true
  canContain(shelfType, sprayBottleType) := true
  canContain(shelfType, cellPhoneType) := true
  canContain(shelfType, candleType) := true
  canContain(shelfType, soapBottleType) := true
  canContain(shelfType, keyChainType) := true
  canContain(toiletPaperHangerType, toiletPaperRollType) := true
  canContain(microwaveType, potatoType) := true
  canContain(ottomanType, laptopType) := true
  canContain(ottomanType, clothType) := true
  canContain(ottomanType, cellPhoneType) := true
  canContain(ottomanType, keyChainType) := true
  canContain(bathtubBasinType, clothType) := true
  pickupable(toiletPaperRoll_1) := true
  pickupable(laptop_2) := true
  pickupable(cloth_3) := true
  cleanable(cloth_3) := true
  pickupable(sprayBottle_4) := true
  pickupable(potato_5) := true
  cleanable(potato_5) := true
  heatable(potato_5) := true
  coolable(potato_5) := true
  sliceable(potato_5) := true
  pickupable(cellPhone_6) := true
  pickupable(candle_7) := true
  pickupable(soapBottle_8) := true
  pickupable(keyChain_9) := true
  pickupable(pan_10) := true
  isReceptacleObject(pan_10) := true
  cleanable(pan_10) := true
  coolable(pan_10) := true
  receptacleAtLocation(counterTop_1, location9) := true
  receptacleAtLocation(toilet_2, location5) := true
  receptacleAtLocation(armChair_3, location10) := true
  receptacleAtLocation(cabinet_4, location1) := true
  receptacleAtLocation(shelf_5, location2) := true
  receptacleAtLocation(tvStand_6, location1) := true
  receptacleAtLocation(toiletPaperHanger_7, location2) := true
  receptacleAtLocation(microwave_8, location5) := true
  receptacleAtLocation(ottoman_9, location3) := true
  receptacleAtLocation(bathtubBasin_10, location2) := true
  inReceptacle(cloth_3, bathtubBasin_10) := true
  inReceptacle(sprayBottle_4, shelf_5) := true
  inReceptacle(cellPhone_6, ottoman_9) := true
  inReceptacle(candle_7, shelf_5) := true
  inReceptacle(soapBottle_8, cabinet_4) := true
  objectAtLocation(toiletPaperRoll_1, location1) := true
  objectAtLocation(laptop_2, location10) := true
  objectAtLocation(cloth_3, location2) := true
  objectAtLocation(sprayBottle_4, location2) := true
  objectAtLocation(potato_5, location10) := true
  objectAtLocation(cellPhone_6, location3) := true
  objectAtLocation(candle_7, location2) := true
  objectAtLocation(soapBottle_8, location1) := true
  objectAtLocation(keyChain_9, location1) := true
  objectAtLocation(pan_10, location6) := true
  atLocation(agent1, location6) := true
]

goals = [
  Exists (Receptacle - Checkable r) Exists (Obj - Checkable o1) (inReceptacle(o1, r) and objectType(o1, toiletPaperRollType) and receptacleType(r, cabinetType) and Exists (Obj - Checkable o2) ((not (o1 == o2)) and objectType(o2, panType) and receptacleType(r, cabinetType) and inReceptacle(o2, r)))
]

quality metrics = [
  minimize sequential-plan-length
]


2025-06-17 09:56:41,547 - INFO - Generating plan for unconstrained problem

2025-06-17 09:56:41,955 - INFO - Unconstrained plan generation time: 0.40785837173461914

