2025-06-17 09:56:19,909 - INFO - 
================= Seed: 500 =================

2025-06-17 09:56:19,921 - INFO - problem name = alfred

types = [ReceptacleType, ObjectType, Checkable, Agent - Checkable, Location - Checkable, Receptacle - Checkable, Obj - Checkable]

fluents = [
  bool atLocation[a=Agent - Checkable, l=Location - Checkable]
  bool receptacleAtLocation[r=Receptacle - Checkable, l=Location - Checkable]
  bool objectAtLocation[o=Obj - Checkable, l=Location - Checkable]
  bool openable[r=Receptacle - Checkable]
  bool opened[r=Receptacle - Checkable]
  bool inReceptacle[o=Obj - Checkable, r=Receptacle - Checkable]
  bool isReceptacleObject[o=Obj - Checkable]
  bool inReceptacleObject[innerObject=Obj - Checkable, outObject=Obj - Checkable]
  bool isReceptacleObjectFull[o=Obj - Checkable]
  bool wasInReceptacle[o=Obj - Checkable, r=Receptacle - Checkable]
  bool checked[c=Checkable]
  bool examined[l=Location - Checkable]
  bool receptacleType[r=Receptacle - Checkable, rt=ReceptacleType]
  bool canContain[rt=ReceptacleType, ot=ObjectType]
  bool objectType[o=Obj - Checkable, t=ObjectType]
  bool holds[a=Agent - Checkable, o=Obj - Checkable]
  bool holdsAny[a=Agent - Checkable]
  bool holdsAnyReceptacleObject[a=Agent - Checkable]
  bool full[r=Receptacle - Checkable]
  bool isClean[o=Obj - Checkable]
  bool cleanable[o=Obj - Checkable]
  bool isHot[o=Obj - Checkable]
  bool heatable[o=Obj - Checkable]
  bool isCool[o=Obj - Checkable]
  bool coolable[o=Obj - Checkable]
  bool pickupable[o=Obj - Checkable]
  bool moveable[o=Obj - Checkable]
  bool toggleable[o=Obj - Checkable]
  bool isOn[o=Obj - Checkable]
  bool isToggled[o=Obj - Checkable]
  bool sliceable[o=Obj - Checkable]
  bool isSliced[o=Obj - Checkable]
]

actions = [
  action look(Agent - Checkable a, Location - Checkable l) {
    preconditions = [
      atLocation(a, l)
    ]
    effects = [
      checked(l) := true
    ]
  }
  action inventory(Agent - Checkable a) {
    preconditions = [
    ]
    effects = [
      checked(a) := true
    ]
  }
  action examineReceptacle(Agent - Checkable a, Receptacle - Checkable r) {
    preconditions = [
      Exists (Location - Checkable l) (atLocation(a, l) and receptacleAtLocation(r, l))
    ]
    effects = [
      checked(r) := true
    ]
  }
  action examineObject(Agent - Checkable a, Obj - Checkable o) {
    preconditions = [
      (Exists (Location - Checkable l) Exists (Receptacle - Checkable r) (atLocation(a, l) and receptacleAtLocation(r, l) and inReceptacle(o, r) and ((not openable(r)) or opened(r))) or holds(a, o))
    ]
    effects = [
      checked(o) := true
    ]
  }
  action goToLocation(Agent - Checkable a, Location - Checkable lstart, Location - Checkable lend) {
    preconditions = [
      atLocation(a, lstart)
    ]
    effects = [
      atLocation(a, lstart) := false
      atLocation(a, lend) := true
    ]
  }
  action openObject(Agent - Checkable a, Location - Checkable l, Receptacle - Checkable r) {
    preconditions = [
      (openable(r) and atLocation(a, l) and receptacleAtLocation(r, l) and (not opened(r)))
    ]
    effects = [
      opened(r) := true
      checked(r) := true
    ]
  }
  action closeObject(Agent - Checkable a, Location - Checkable l, Receptacle - Checkable r) {
    preconditions = [
      (openable(r) and atLocation(a, l) and receptacleAtLocation(r, l) and opened(r))
    ]
    effects = [
      opened(r) := false
    ]
  }
  action pickupObject(Agent - Checkable a, Location - Checkable l, Obj - Checkable o, Receptacle - Checkable r) {
    preconditions = [
      (pickupable(o) and atLocation(a, l) and receptacleAtLocation(r, l) and inReceptacle(o, r) and (not holdsAny(a)) and ((not openable(r)) or opened(r)))
    ]
    effects = [
      inReceptacle(o, r) := false
      holds(a, o) := true
      holdsAny(a) := true
      objectAtLocation(o, l) := false
    ]
  }
  action putObject(Agent - Checkable a, Location - Checkable l, Obj - Checkable o, Receptacle - Checkable r, ObjectType ot, ReceptacleType rt) {
    preconditions = [
      (holds(a, o) and atLocation(a, l) and receptacleAtLocation(r, l) and ((not openable(r)) or opened(r)) and objectType(o, ot) and receptacleType(r, rt) and canContain(rt, ot))
    ]
    effects = [
      inReceptacle(o, r) := true
      objectAtLocation(o, l) := true
      holds(a, o) := false
      holdsAny(a) := false
    ]
  }
  action cleanObject(Agent - Checkable a, Location - Checkable l, Receptacle - Checkable r, Obj - Checkable o) {
    preconditions = [
      (cleanable(o) and receptacleType(r, sinkBasinType) and atLocation(a, l) and receptacleAtLocation(r, l) and holds(a, o))
    ]
    effects = [
      isClean(o) := true
    ]
  }
  action heatObject(Agent - Checkable a, Location - Checkable l, Receptacle - Checkable r, Obj - Checkable o) {
    preconditions = [
      (heatable(o) and receptacleType(r, microwaveType) and atLocation(a, l) and receptacleAtLocation(r, l) and holds(a, o))
    ]
    effects = [
      isHot(o) := true
      isCool(o) := false
    ]
  }
  action coolObject(Agent - Checkable a, Location - Checkable l, Receptacle - Checkable r, Obj - Checkable o) {
    preconditions = [
      (coolable(o) and receptacleType(r, fridgeType) and atLocation(a, l) and receptacleAtLocation(r, l) and holds(a, o))
    ]
    effects = [
      isCool(o) := true
      isHot(o) := false
    ]
  }
  action toggleObject(Agent - Checkable a, Location - Checkable l, Obj - Checkable o, Receptacle - Checkable r) {
    preconditions = [
      (toggleable(o) and atLocation(a, l) and receptacleAtLocation(r, l) and inReceptacle(o, r))
    ]
    effects = [
      if isOn(o) then isOn(o) := false
      if (not isOn(o)) then isOn(o) := true
      isToggled(o) := true
    ]
  }
  action sliceObject(Agent - Checkable a, Location - Checkable l, Obj - Checkable co, Obj - Checkable ko) {
    preconditions = [
      (sliceable(co) and (objectType(ko, knifeType) or objectType(ko, butterKnifeType)) and atLocation(a, l) and objectAtLocation(co, l) and holds(a, ko))
    ]
    effects = [
      isSliced(co) := true
    ]
  }
  action help(Agent - Checkable a) {
    preconditions = [
    ]
    effects = [
      checked(a) := true
    ]
  }
]

objects = [
  ReceptacleType: [sinkBasinType, microwaveType, fridgeType, deskType, sideTableType, towelHolderType, bathtubBasinType, garbageCanType, toiletType, laundryHamperType, ottomanType, diningTableType]
  ObjectType: [knifeType, butterKnifeType, pencilType, plateType, dishSpongeType, eggType, basketBallType, paperTowelType, tissueBoxType, wateringCanType, soapBottleType, bowlType]
  Checkable: [agent1, location1, location2, location3, location4, location5, location6, location7, location8, location9, location10, desk_1, sideTable_2, towelHolder_3, bathtubBasin_4, sideTable_5, garbageCan_6, toilet_7, laundryHamper_8, ottoman_9, diningTable_10, pencil_1, plate_2, dishSponge_3, egg_4, basketBall_5, paperTowel_6, tissueBox_7, wateringCan_8, soapBottle_9, bowl_10]
  Agent - Checkable: [agent1]
  Location - Checkable: [location1, location2, location3, location4, location5, location6, location7, location8, location9, location10]
  Receptacle - Checkable: [desk_1, sideTable_2, towelHolder_3, bathtubBasin_4, sideTable_5, garbageCan_6, toilet_7, laundryHamper_8, ottoman_9, diningTable_10]
  Obj - Checkable: [pencil_1, plate_2, dishSponge_3, egg_4, basketBall_5, paperTowel_6, tissueBox_7, wateringCan_8, soapBottle_9, bowl_10]
]

initial fluents default = [
  bool atLocation[a=Agent - Checkable, l=Location - Checkable] := false
  bool receptacleAtLocation[r=Receptacle - Checkable, l=Location - Checkable] := false
  bool objectAtLocation[o=Obj - Checkable, l=Location - Checkable] := false
  bool openable[r=Receptacle - Checkable] := false
  bool opened[r=Receptacle - Checkable] := false
  bool inReceptacle[o=Obj - Checkable, r=Receptacle - Checkable] := false
  bool isReceptacleObject[o=Obj - Checkable] := false
  bool inReceptacleObject[innerObject=Obj - Checkable, outObject=Obj - Checkable] := false
  bool isReceptacleObjectFull[o=Obj - Checkable] := false
  bool wasInReceptacle[o=Obj - Checkable, r=Receptacle - Checkable] := false
  bool checked[c=Checkable] := false
  bool examined[l=Location - Checkable] := false
  bool receptacleType[r=Receptacle - Checkable, rt=ReceptacleType] := false
  bool canContain[rt=ReceptacleType, ot=ObjectType] := false
  bool objectType[o=Obj - Checkable, t=ObjectType] := false
  bool holds[a=Agent - Checkable, o=Obj - Checkable] := false
  bool holdsAny[a=Agent - Checkable] := false
  bool holdsAnyReceptacleObject[a=Agent - Checkable] := false
  bool full[r=Receptacle - Checkable] := false
  bool isClean[o=Obj - Checkable] := false
  bool cleanable[o=Obj - Checkable] := false
  bool isHot[o=Obj - Checkable] := false
  bool heatable[o=Obj - Checkable] := false
  bool isCool[o=Obj - Checkable] := false
  bool coolable[o=Obj - Checkable] := false
  bool pickupable[o=Obj - Checkable] := false
  bool moveable[o=Obj - Checkable] := false
  bool toggleable[o=Obj - Checkable] := false
  bool isOn[o=Obj - Checkable] := false
  bool isToggled[o=Obj - Checkable] := false
  bool sliceable[o=Obj - Checkable] := false
  bool isSliced[o=Obj - Checkable] := false
]

initial values = [
  receptacleType(desk_1, deskType) := true
  receptacleType(sideTable_2, sideTableType) := true
  receptacleType(towelHolder_3, towelHolderType) := true
  receptacleType(bathtubBasin_4, bathtubBasinType) := true
  receptacleType(sideTable_5, sideTableType) := true
  receptacleType(garbageCan_6, garbageCanType) := true
  receptacleType(toilet_7, toiletType) := true
  receptacleType(laundryHamper_8, laundryHamperType) := true
  receptacleType(ottoman_9, ottomanType) := true
  receptacleType(diningTable_10, diningTableType) := true
  objectType(pencil_1, pencilType) := true
  objectType(plate_2, plateType) := true
  objectType(dishSponge_3, dishSpongeType) := true
  objectType(egg_4, eggType) := true
  objectType(basketBall_5, basketBallType) := true
  objectType(paperTowel_6, paperTowelType) := true
  objectType(tissueBox_7, tissueBoxType) := true
  objectType(wateringCan_8, wateringCanType) := true
  objectType(soapBottle_9, soapBottleType) := true
  objectType(bowl_10, bowlType) := true
  canContain(deskType, pencilType) := true
  canContain(deskType, plateType) := true
  canContain(deskType, basketBallType) := true
  canContain(deskType, tissueBoxType) := true
  canContain(deskType, wateringCanType) := true
  canContain(deskType, soapBottleType) := true
  canContain(deskType, bowlType) := true
  canContain(sideTableType, pencilType) := true
  canContain(sideTableType, plateType) := true
  canContain(sideTableType, dishSpongeType) := true
  canContain(sideTableType, eggType) := true
  canContain(sideTableType, basketBallType) := true
  canContain(sideTableType, paperTowelType) := true
  canContain(sideTableType, tissueBoxType) := true
  canContain(sideTableType, wateringCanType) := true
  canContain(sideTableType, soapBottleType) := true
  canContain(sideTableType, bowlType) := true
  canContain(bathtubBasinType, dishSpongeType) := true
  canContain(garbageCanType, pencilType) := true
  canContain(garbageCanType, dishSpongeType) := true
  canContain(garbageCanType, eggType) := true
  canContain(garbageCanType, paperTowelType) := true
  canContain(garbageCanType, tissueBoxType) := true
  canContain(garbageCanType, soapBottleType) := true
  canContain(toiletType, dishSpongeType) := true
  canContain(toiletType, paperTowelType) := true
  canContain(toiletType, tissueBoxType) := true
  canContain(toiletType, soapBottleType) := true
  canContain(ottomanType, basketBallType) := true
  canContain(diningTableType, pencilType) := true
  canContain(diningTableType, plateType) := true
  canContain(diningTableType, dishSpongeType) := true
  canContain(diningTableType, eggType) := true
  canContain(diningTableType, basketBallType) := true
  canContain(diningTableType, paperTowelType) := true
  canContain(diningTableType, tissueBoxType) := true
  canContain(diningTableType, wateringCanType) := true
  canContain(diningTableType, soapBottleType) := true
  canContain(diningTableType, bowlType) := true
  pickupable(pencil_1) := true
  pickupable(plate_2) := true
  isReceptacleObject(plate_2) := true
  cleanable(plate_2) := true
  heatable(plate_2) := true
  coolable(plate_2) := true
  pickupable(dishSponge_3) := true
  cleanable(dishSponge_3) := true
  pickupable(egg_4) := true
  cleanable(egg_4) := true
  heatable(egg_4) := true
  coolable(egg_4) := true
  sliceable(egg_4) := true
  pickupable(basketBall_5) := true
  pickupable(paperTowel_6) := true
  pickupable(tissueBox_7) := true
  pickupable(wateringCan_8) := true
  pickupable(soapBottle_9) := true
  pickupable(bowl_10) := true
  isReceptacleObject(bowl_10) := true
  cleanable(bowl_10) := true
  coolable(bowl_10) := true
  receptacleAtLocation(desk_1, location2) := true
  receptacleAtLocation(sideTable_2, location6) := true
  receptacleAtLocation(towelHolder_3, location8) := true
  receptacleAtLocation(bathtubBasin_4, location10) := true
  receptacleAtLocation(sideTable_5, location5) := true
  receptacleAtLocation(garbageCan_6, location6) := true
  receptacleAtLocation(toilet_7, location3) := true
  receptacleAtLocation(laundryHamper_8, location8) := true
  receptacleAtLocation(ottoman_9, location2) := true
  receptacleAtLocation(diningTable_10, location4) := true
  inReceptacle(pencil_1, garbageCan_6) := true
  inReceptacle(egg_4, garbageCan_6) := true
  inReceptacle(paperTowel_6, garbageCan_6) := true
  inReceptacle(bowl_10, sideTable_2) := true
  objectAtLocation(pencil_1, location6) := true
  objectAtLocation(plate_2, location10) := true
  objectAtLocation(dishSponge_3, location1) := true
  objectAtLocation(egg_4, location6) := true
  objectAtLocation(basketBall_5, location3) := true
  objectAtLocation(paperTowel_6, location6) := true
  objectAtLocation(tissueBox_7, location8) := true
  objectAtLocation(wateringCan_8, location8) := true
  objectAtLocation(soapBottle_9, location3) := true
  objectAtLocation(bowl_10, location6) := true
  atLocation(agent1, location10) := true
]

goals = [
  Exists (Receptacle - Checkable r) Exists (Obj - Checkable o) (inReceptacle(o, r) and objectType(o, pencilType) and receptacleType(r, deskType))
]

quality metrics = [
  minimize sequential-plan-length
]


2025-06-17 09:56:19,925 - INFO - Generating plan for unconstrained problem

2025-06-17 09:56:20,326 - INFO - Unconstrained plan generation time: 0.4000720977783203

2025-06-17 09:56:20,326 - INFO - Unconstrained plan and cost: 
2025-06-17 09:56:20,326 - INFO - SequentialPlan:
    goToLocation(agent1, location10, location6)
    pickupObject(agent1, location6, pencil_1, garbageCan_6)
    goToLocation(agent1, location6, location2)
    putObject(agent1, location2, pencil_1, desk_1, pencilType, deskType)
2025-06-17 09:56:20,326 - INFO - 4
2025-06-17 09:56:20,588 - INFO - Sampled constraints:

2025-06-17 09:56:20,588 - INFO - Sometime(atLocation(agent1, location6))
2025-06-17 09:56:20,588 - INFO - Sometime-Before(atLocation(agent1, location6), (atLocation(agent1, location1) or atLocation(agent1, location7)))
2025-06-17 09:56:20,588 - INFO - 
2025-06-17 09:56:20,588 - INFO - Generation time: 0.2616384029388428

2025-06-17 09:56:20,596 - INFO - Generating plan for constrained problem (with LiftedTCORE).

2025-06-17 09:56:20,646 - INFO - LiftedTCORE compilation time: 0.04943227767944336

2025-06-17 09:56:21,153 - INFO - Planning Time with LiftedTCORE's file: 0.499722957611084

2025-06-17 09:56:21,153 - INFO - Plan found with LiftedTCORE + sym_bd: SequentialPlan:
    goToLocation(agent1, location10, location1)
    goToLocation(agent1, location1, location6)
    pickupObject(agent1, location6, pencil_1, garbageCan_6)
    goToLocation(agent1, location6, location2)
    putObject(agent1, location2, pencil_1, desk_1, pencilType, deskType)
2025-06-17 09:56:21,153 - INFO - Seed: 500 is solvable

2025-06-17 09:56:21,154 - INFO - Unconstrained cost: 4
2025-06-17 09:56:21,154 - INFO - Constrained cost: 5
2025-06-17 09:56:21,154 - INFO - Seed: 500 Plan simulation is feasible
2025-06-17 09:56:21,154 - INFO - 
Seed: 500 
 Plan: [goToLocation(agent1, location10, location1), goToLocation(agent1, location1, location6), pickupObject(agent1, location6, pencil_1, garbageCan_6), goToLocation(agent1, location6, location2), putObject(agent1, location2, pencil_1, desk_1, pencilType, deskType)]  
 Cost: 5

