2025-06-17 11:17:02,779 - INFO - 
================= Seed: 88 =================

2025-06-17 11:17:02,779 - INFO - problem name = alfred

types = [ReceptacleType, ObjectType, Checkable, Agent - Checkable, Location - Checkable, Receptacle - Checkable, Obj - Checkable]

fluents = [
  bool atLocation[a=Agent - Checkable, l=Location - Checkable]
  bool receptacleAtLocation[r=Receptacle - Checkable, l=Location - Checkable]
  bool objectAtLocation[o=Obj - Checkable, l=Location - Checkable]
  bool openable[r=Receptacle - Checkable]
  bool opened[r=Receptacle - Checkable]
  bool inReceptacle[o=Obj - Checkable, r=Receptacle - Checkable]
  bool isReceptacleObject[o=Obj - Checkable]
  bool inReceptacleObject[innerObject=Obj - Checkable, outObject=Obj - Checkable]
  bool isReceptacleObjectFull[o=Obj - Checkable]
  bool wasInReceptacle[o=Obj - Checkable, r=Receptacle - Checkable]
  bool checked[c=Checkable]
  bool examined[l=Location - Checkable]
  bool receptacleType[r=Receptacle - Checkable, rt=ReceptacleType]
  bool canContain[rt=ReceptacleType, ot=ObjectType]
  bool objectType[o=Obj - Checkable, t=ObjectType]
  bool holds[a=Agent - Checkable, o=Obj - Checkable]
  bool holdsAny[a=Agent - Checkable]
  bool holdsAnyReceptacleObject[a=Agent - Checkable]
  bool full[r=Receptacle - Checkable]
  bool isClean[o=Obj - Checkable]
  bool cleanable[o=Obj - Checkable]
  bool isHot[o=Obj - Checkable]
  bool heatable[o=Obj - Checkable]
  bool isCool[o=Obj - Checkable]
  bool coolable[o=Obj - Checkable]
  bool pickupable[o=Obj - Checkable]
  bool moveable[o=Obj - Checkable]
  bool toggleable[o=Obj - Checkable]
  bool isOn[o=Obj - Checkable]
  bool isToggled[o=Obj - Checkable]
  bool sliceable[o=Obj - Checkable]
  bool isSliced[o=Obj - Checkable]
]

actions = [
  action look(Agent - Checkable a, Location - Checkable l) {
    preconditions = [
      atLocation(a, l)
    ]
    effects = [
      checked(l) := true
    ]
  }
  action inventory(Agent - Checkable a) {
    preconditions = [
    ]
    effects = [
      checked(a) := true
    ]
  }
  action examineReceptacle(Agent - Checkable a, Receptacle - Checkable r) {
    preconditions = [
      Exists (Location - Checkable l) (atLocation(a, l) and receptacleAtLocation(r, l))
    ]
    effects = [
      checked(r) := true
    ]
  }
  action examineObject(Agent - Checkable a, Obj - Checkable o) {
    preconditions = [
      (Exists (Location - Checkable l) Exists (Receptacle - Checkable r) (atLocation(a, l) and receptacleAtLocation(r, l) and inReceptacle(o, r) and ((not openable(r)) or opened(r))) or holds(a, o))
    ]
    effects = [
      checked(o) := true
    ]
  }
  action goToLocation(Agent - Checkable a, Location - Checkable lstart, Location - Checkable lend) {
    preconditions = [
      atLocation(a, lstart)
    ]
    effects = [
      atLocation(a, lstart) := false
      atLocation(a, lend) := true
    ]
  }
  action openObject(Agent - Checkable a, Location - Checkable l, Receptacle - Checkable r) {
    preconditions = [
      (openable(r) and atLocation(a, l) and receptacleAtLocation(r, l) and (not opened(r)))
    ]
    effects = [
      opened(r) := true
      checked(r) := true
    ]
  }
  action closeObject(Agent - Checkable a, Location - Checkable l, Receptacle - Checkable r) {
    preconditions = [
      (openable(r) and atLocation(a, l) and receptacleAtLocation(r, l) and opened(r))
    ]
    effects = [
      opened(r) := false
    ]
  }
  action pickupObject(Agent - Checkable a, Location - Checkable l, Obj - Checkable o, Receptacle - Checkable r) {
    preconditions = [
      (pickupable(o) and atLocation(a, l) and receptacleAtLocation(r, l) and inReceptacle(o, r) and (not holdsAny(a)) and ((not openable(r)) or opened(r)))
    ]
    effects = [
      inReceptacle(o, r) := false
      holds(a, o) := true
      holdsAny(a) := true
      objectAtLocation(o, l) := false
    ]
  }
  action putObject(Agent - Checkable a, Location - Checkable l, Obj - Checkable o, Receptacle - Checkable r, ObjectType ot, ReceptacleType rt) {
    preconditions = [
      (holds(a, o) and atLocation(a, l) and receptacleAtLocation(r, l) and ((not openable(r)) or opened(r)) and objectType(o, ot) and receptacleType(r, rt) and canContain(rt, ot))
    ]
    effects = [
      inReceptacle(o, r) := true
      objectAtLocation(o, l) := true
      holds(a, o) := false
      holdsAny(a) := false
    ]
  }
  action cleanObject(Agent - Checkable a, Location - Checkable l, Receptacle - Checkable r, Obj - Checkable o) {
    preconditions = [
      (cleanable(o) and receptacleType(r, sinkBasinType) and atLocation(a, l) and receptacleAtLocation(r, l) and holds(a, o))
    ]
    effects = [
      isClean(o) := true
    ]
  }
  action heatObject(Agent - Checkable a, Location - Checkable l, Receptacle - Checkable r, Obj - Checkable o) {
    preconditions = [
      (heatable(o) and receptacleType(r, microwaveType) and atLocation(a, l) and receptacleAtLocation(r, l) and holds(a, o))
    ]
    effects = [
      isHot(o) := true
      isCool(o) := false
    ]
  }
  action coolObject(Agent - Checkable a, Location - Checkable l, Receptacle - Checkable r, Obj - Checkable o) {
    preconditions = [
      (coolable(o) and receptacleType(r, fridgeType) and atLocation(a, l) and receptacleAtLocation(r, l) and holds(a, o))
    ]
    effects = [
      isCool(o) := true
      isHot(o) := false
    ]
  }
  action toggleObject(Agent - Checkable a, Location - Checkable l, Obj - Checkable o, Receptacle - Checkable r) {
    preconditions = [
      (toggleable(o) and atLocation(a, l) and receptacleAtLocation(r, l) and inReceptacle(o, r))
    ]
    effects = [
      if isOn(o) then isOn(o) := false
      if (not isOn(o)) then isOn(o) := true
      isToggled(o) := true
    ]
  }
  action sliceObject(Agent - Checkable a, Location - Checkable l, Obj - Checkable co, Obj - Checkable ko) {
    preconditions = [
      (sliceable(co) and (objectType(ko, knifeType) or objectType(ko, butterKnifeType)) and atLocation(a, l) and objectAtLocation(co, l) and holds(a, ko))
    ]
    effects = [
      isSliced(co) := true
    ]
  }
  action help(Agent - Checkable a) {
    preconditions = [
    ]
    effects = [
      checked(a) := true
    ]
  }
]

objects = [
  ReceptacleType: [sinkBasinType, microwaveType, fridgeType, diningTableType, counterTopType, tvStandType, coffeeMachineType, toiletType, bathtubBasinType, towelHolderType, laundryHamperType, ottomanType]
  ObjectType: [knifeType, butterKnifeType, panType, bowlType, creditCardType, appleType, toiletPaperRollType, pillowType, potType]
  Checkable: [agent1, location1, location2, location3, location4, location5, location6, location7, location8, location9, location10, diningTable_1, counterTop_2, microwave_3, tvStand_4, coffeeMachine_5, toilet_6, bathtubBasin_7, towelHolder_8, laundryHamper_9, ottoman_10, microwave_11, fridge_12, pan_1, bowl_2, creditCard_3, bowl_4, apple_5, toiletPaperRoll_6, pillow_7, bowl_8, pan_9, pot_10]
  Agent - Checkable: [agent1]
  Location - Checkable: [location1, location2, location3, location4, location5, location6, location7, location8, location9, location10]
  Receptacle - Checkable: [diningTable_1, counterTop_2, microwave_3, tvStand_4, coffeeMachine_5, toilet_6, bathtubBasin_7, towelHolder_8, laundryHamper_9, ottoman_10, microwave_11, fridge_12]
  Obj - Checkable: [pan_1, bowl_2, creditCard_3, bowl_4, apple_5, toiletPaperRoll_6, pillow_7, bowl_8, pan_9, pot_10]
]

initial fluents default = [
  bool atLocation[a=Agent - Checkable, l=Location - Checkable] := false
  bool receptacleAtLocation[r=Receptacle - Checkable, l=Location - Checkable] := false
  bool objectAtLocation[o=Obj - Checkable, l=Location - Checkable] := false
  bool openable[r=Receptacle - Checkable] := false
  bool opened[r=Receptacle - Checkable] := false
  bool inReceptacle[o=Obj - Checkable, r=Receptacle - Checkable] := false
  bool isReceptacleObject[o=Obj - Checkable] := false
  bool inReceptacleObject[innerObject=Obj - Checkable, outObject=Obj - Checkable] := false
  bool isReceptacleObjectFull[o=Obj - Checkable] := false
  bool wasInReceptacle[o=Obj - Checkable, r=Receptacle - Checkable] := false
  bool checked[c=Checkable] := false
  bool examined[l=Location - Checkable] := false
  bool receptacleType[r=Receptacle - Checkable, rt=ReceptacleType] := false
  bool canContain[rt=ReceptacleType, ot=ObjectType] := false
  bool objectType[o=Obj - Checkable, t=ObjectType] := false
  bool holds[a=Agent - Checkable, o=Obj - Checkable] := false
  bool holdsAny[a=Agent - Checkable] := false
  bool holdsAnyReceptacleObject[a=Agent - Checkable] := false
  bool full[r=Receptacle - Checkable] := false
  bool isClean[o=Obj - Checkable] := false
  bool cleanable[o=Obj - Checkable] := false
  bool isHot[o=Obj - Checkable] := false
  bool heatable[o=Obj - Checkable] := false
  bool isCool[o=Obj - Checkable] := false
  bool coolable[o=Obj - Checkable] := false
  bool pickupable[o=Obj - Checkable] := false
  bool moveable[o=Obj - Checkable] := false
  bool toggleable[o=Obj - Checkable] := false
  bool isOn[o=Obj - Checkable] := false
  bool isToggled[o=Obj - Checkable] := false
  bool sliceable[o=Obj - Checkable] := false
  bool isSliced[o=Obj - Checkable] := false
]

initial values = [
  receptacleType(diningTable_1, diningTableType) := true
  receptacleType(counterTop_2, counterTopType) := true
  receptacleType(microwave_3, microwaveType) := true
  receptacleType(tvStand_4, tvStandType) := true
  receptacleType(coffeeMachine_5, coffeeMachineType) := true
  receptacleType(toilet_6, toiletType) := true
  receptacleType(bathtubBasin_7, bathtubBasinType) := true
  receptacleType(towelHolder_8, towelHolderType) := true
  receptacleType(laundryHamper_9, laundryHamperType) := true
  receptacleType(ottoman_10, ottomanType) := true
  receptacleType(microwave_11, microwaveType) := true
  receptacleType(fridge_12, fridgeType) := true
  objectType(pan_1, panType) := true
  objectType(bowl_2, bowlType) := true
  objectType(creditCard_3, creditCardType) := true
  objectType(bowl_4, bowlType) := true
  objectType(apple_5, appleType) := true
  objectType(toiletPaperRoll_6, toiletPaperRollType) := true
  objectType(pillow_7, pillowType) := true
  objectType(bowl_8, bowlType) := true
  objectType(pan_9, panType) := true
  objectType(pot_10, potType) := true
  canContain(diningTableType, panType) := true
  canContain(diningTableType, bowlType) := true
  canContain(diningTableType, creditCardType) := true
  canContain(diningTableType, appleType) := true
  canContain(diningTableType, toiletPaperRollType) := true
  canContain(diningTableType, potType) := true
  canContain(counterTopType, panType) := true
  canContain(counterTopType, bowlType) := true
  canContain(counterTopType, creditCardType) := true
  canContain(counterTopType, appleType) := true
  canContain(counterTopType, toiletPaperRollType) := true
  canContain(counterTopType, potType) := true
  canContain(microwaveType, bowlType) := true
  canContain(microwaveType, appleType) := true
  canContain(toiletType, toiletPaperRollType) := true
  canContain(ottomanType, creditCardType) := true
  canContain(ottomanType, pillowType) := true
  canContain(fridgeType, panType) := true
  canContain(fridgeType, bowlType) := true
  canContain(fridgeType, appleType) := true
  canContain(fridgeType, potType) := true
  pickupable(pan_1) := true
  isReceptacleObject(pan_1) := true
  cleanable(pan_1) := true
  coolable(pan_1) := true
  pickupable(bowl_2) := true
  isReceptacleObject(bowl_2) := true
  cleanable(bowl_2) := true
  coolable(bowl_2) := true
  pickupable(creditCard_3) := true
  pickupable(bowl_4) := true
  isReceptacleObject(bowl_4) := true
  cleanable(bowl_4) := true
  coolable(bowl_4) := true
  pickupable(apple_5) := true
  cleanable(apple_5) := true
  heatable(apple_5) := true
  coolable(apple_5) := true
  sliceable(apple_5) := true
  pickupable(toiletPaperRoll_6) := true
  pickupable(pillow_7) := true
  pickupable(bowl_8) := true
  isReceptacleObject(bowl_8) := true
  cleanable(bowl_8) := true
  coolable(bowl_8) := true
  pickupable(pan_9) := true
  isReceptacleObject(pan_9) := true
  cleanable(pan_9) := true
  coolable(pan_9) := true
  pickupable(pot_10) := true
  isReceptacleObject(pot_10) := true
  cleanable(pot_10) := true
  coolable(pot_10) := true
  receptacleAtLocation(diningTable_1, location6) := true
  receptacleAtLocation(counterTop_2, location1) := true
  receptacleAtLocation(microwave_3, location3) := true
  receptacleAtLocation(tvStand_4, location4) := true
  receptacleAtLocation(coffeeMachine_5, location8) := true
  receptacleAtLocation(toilet_6, location4) := true
  receptacleAtLocation(bathtubBasin_7, location4) := true
  receptacleAtLocation(towelHolder_8, location3) := true
  receptacleAtLocation(laundryHamper_9, location1) := true
  receptacleAtLocation(ottoman_10, location4) := true
  receptacleAtLocation(microwave_11, location9) := true
  receptacleAtLocation(fridge_12, location8) := true
  inReceptacle(pan_1, diningTable_1) := true
  inReceptacle(bowl_2, fridge_12) := true
  inReceptacle(creditCard_3, counterTop_2) := true
  inReceptacle(bowl_4, microwave_3) := true
  inReceptacle(apple_5, diningTable_1) := true
  inReceptacle(toiletPaperRoll_6, diningTable_1) := true
  inReceptacle(pillow_7, ottoman_10) := true
  inReceptacle(bowl_8, microwave_3) := true
  inReceptacle(pan_9, diningTable_1) := true
  inReceptacle(pot_10, diningTable_1) := true
  objectAtLocation(pan_1, location6) := true
  objectAtLocation(bowl_2, location8) := true
  objectAtLocation(creditCard_3, location1) := true
  objectAtLocation(bowl_4, location3) := true
  objectAtLocation(apple_5, location6) := true
  objectAtLocation(toiletPaperRoll_6, location6) := true
  objectAtLocation(pillow_7, location4) := true
  objectAtLocation(bowl_8, location3) := true
  objectAtLocation(pan_9, location6) := true
  objectAtLocation(pot_10, location6) := true
  atLocation(agent1, location1) := true
]

goals = [
  Exists (Receptacle - Checkable r) Exists (Obj - Checkable o) (inReceptacle(o, r) and objectType(o, toiletPaperRollType) and receptacleType(r, diningTableType))
]

quality metrics = [
  minimize sequential-plan-length
]


2025-06-17 11:17:02,781 - INFO - Generating plan for unconstrained problem

2025-06-17 11:17:03,244 - INFO - Unconstrained plan generation time: 0.4627838134765625

2025-06-17 11:17:03,244 - INFO - Unconstrained plan and cost: 
2025-06-17 11:17:03,244 - INFO - SequentialPlan:
2025-06-17 11:17:03,244 - INFO - 0
2025-06-17 11:17:04,195 - INFO - Sampled constraints:

2025-06-17 11:17:04,195 - INFO - Sometime(atLocation(agent1, location5))
2025-06-17 11:17:04,195 - INFO - 
2025-06-17 11:17:04,195 - INFO - Generation time: 0.9509584903717041

2025-06-17 11:17:04,196 - INFO - Generating plan for constrained problem (with LiftedTCORE).

2025-06-17 11:17:04,237 - INFO - LiftedTCORE compilation time: 0.04150390625

2025-06-17 11:17:04,697 - INFO - Planning Time with LiftedTCORE's file: 0.46005702018737793

2025-06-17 11:17:04,697 - INFO - Plan found with LiftedTCORE + sym_bd: SequentialPlan:
    goToLocation(agent1, location1, location5)
2025-06-17 11:17:04,698 - INFO - Seed: 88 is solvable

2025-06-17 11:17:04,698 - INFO - Unconstrained cost: 0
2025-06-17 11:17:04,698 - INFO - Constrained cost: 1
2025-06-17 11:17:04,698 - INFO - Seed: 88 Plan simulation is feasible
2025-06-17 11:17:04,698 - INFO - 
Seed: 88 
 Plan: [goToLocation(agent1, location1, location5)]  
 Cost: 1

