2025-06-17 10:24:02,592 - INFO - 
================= Seed: 942 =================

2025-06-17 10:24:02,597 - INFO - problem name = alfred

types = [ReceptacleType, ObjectType, Checkable, Agent - Checkable, Location - Checkable, Receptacle - Checkable, Obj - Checkable]

fluents = [
  bool atLocation[a=Agent - Checkable, l=Location - Checkable]
  bool receptacleAtLocation[r=Receptacle - Checkable, l=Location - Checkable]
  bool objectAtLocation[o=Obj - Checkable, l=Location - Checkable]
  bool openable[r=Receptacle - Checkable]
  bool opened[r=Receptacle - Checkable]
  bool inReceptacle[o=Obj - Checkable, r=Receptacle - Checkable]
  bool isReceptacleObject[o=Obj - Checkable]
  bool inReceptacleObject[innerObject=Obj - Checkable, outObject=Obj - Checkable]
  bool isReceptacleObjectFull[o=Obj - Checkable]
  bool wasInReceptacle[o=Obj - Checkable, r=Receptacle - Checkable]
  bool checked[c=Checkable]
  bool examined[l=Location - Checkable]
  bool receptacleType[r=Receptacle - Checkable, rt=ReceptacleType]
  bool canContain[rt=ReceptacleType, ot=ObjectType]
  bool objectType[o=Obj - Checkable, t=ObjectType]
  bool holds[a=Agent - Checkable, o=Obj - Checkable]
  bool holdsAny[a=Agent - Checkable]
  bool holdsAnyReceptacleObject[a=Agent - Checkable]
  bool full[r=Receptacle - Checkable]
  bool isClean[o=Obj - Checkable]
  bool cleanable[o=Obj - Checkable]
  bool isHot[o=Obj - Checkable]
  bool heatable[o=Obj - Checkable]
  bool isCool[o=Obj - Checkable]
  bool coolable[o=Obj - Checkable]
  bool pickupable[o=Obj - Checkable]
  bool moveable[o=Obj - Checkable]
  bool toggleable[o=Obj - Checkable]
  bool isOn[o=Obj - Checkable]
  bool isToggled[o=Obj - Checkable]
  bool sliceable[o=Obj - Checkable]
  bool isSliced[o=Obj - Checkable]
]

actions = [
  action look(Agent - Checkable a, Location - Checkable l) {
    preconditions = [
      atLocation(a, l)
    ]
    effects = [
      checked(l) := true
    ]
  }
  action inventory(Agent - Checkable a) {
    preconditions = [
    ]
    effects = [
      checked(a) := true
    ]
  }
  action examineReceptacle(Agent - Checkable a, Receptacle - Checkable r) {
    preconditions = [
      Exists (Location - Checkable l) (atLocation(a, l) and receptacleAtLocation(r, l))
    ]
    effects = [
      checked(r) := true
    ]
  }
  action examineObject(Agent - Checkable a, Obj - Checkable o) {
    preconditions = [
      (Exists (Location - Checkable l) Exists (Receptacle - Checkable r) (atLocation(a, l) and receptacleAtLocation(r, l) and inReceptacle(o, r) and ((not openable(r)) or opened(r))) or holds(a, o))
    ]
    effects = [
      checked(o) := true
    ]
  }
  action goToLocation(Agent - Checkable a, Location - Checkable lstart, Location - Checkable lend) {
    preconditions = [
      atLocation(a, lstart)
    ]
    effects = [
      atLocation(a, lstart) := false
      atLocation(a, lend) := true
    ]
  }
  action openObject(Agent - Checkable a, Location - Checkable l, Receptacle - Checkable r) {
    preconditions = [
      (openable(r) and atLocation(a, l) and receptacleAtLocation(r, l) and (not opened(r)))
    ]
    effects = [
      opened(r) := true
      checked(r) := true
    ]
  }
  action closeObject(Agent - Checkable a, Location - Checkable l, Receptacle - Checkable r) {
    preconditions = [
      (openable(r) and atLocation(a, l) and receptacleAtLocation(r, l) and opened(r))
    ]
    effects = [
      opened(r) := false
    ]
  }
  action pickupObject(Agent - Checkable a, Location - Checkable l, Obj - Checkable o, Receptacle - Checkable r) {
    preconditions = [
      (pickupable(o) and atLocation(a, l) and receptacleAtLocation(r, l) and inReceptacle(o, r) and (not holdsAny(a)) and ((not openable(r)) or opened(r)))
    ]
    effects = [
      inReceptacle(o, r) := false
      holds(a, o) := true
      holdsAny(a) := true
      objectAtLocation(o, l) := false
    ]
  }
  action putObject(Agent - Checkable a, Location - Checkable l, Obj - Checkable o, Receptacle - Checkable r, ObjectType ot, ReceptacleType rt) {
    preconditions = [
      (holds(a, o) and atLocation(a, l) and receptacleAtLocation(r, l) and ((not openable(r)) or opened(r)) and objectType(o, ot) and receptacleType(r, rt) and canContain(rt, ot))
    ]
    effects = [
      inReceptacle(o, r) := true
      objectAtLocation(o, l) := true
      holds(a, o) := false
      holdsAny(a) := false
    ]
  }
  action cleanObject(Agent - Checkable a, Location - Checkable l, Receptacle - Checkable r, Obj - Checkable o) {
    preconditions = [
      (cleanable(o) and receptacleType(r, sinkBasinType) and atLocation(a, l) and receptacleAtLocation(r, l) and holds(a, o))
    ]
    effects = [
      isClean(o) := true
    ]
  }
  action heatObject(Agent - Checkable a, Location - Checkable l, Receptacle - Checkable r, Obj - Checkable o) {
    preconditions = [
      (heatable(o) and receptacleType(r, microwaveType) and atLocation(a, l) and receptacleAtLocation(r, l) and holds(a, o))
    ]
    effects = [
      isHot(o) := true
      isCool(o) := false
    ]
  }
  action coolObject(Agent - Checkable a, Location - Checkable l, Receptacle - Checkable r, Obj - Checkable o) {
    preconditions = [
      (coolable(o) and receptacleType(r, fridgeType) and atLocation(a, l) and receptacleAtLocation(r, l) and holds(a, o))
    ]
    effects = [
      isCool(o) := true
      isHot(o) := false
    ]
  }
  action toggleObject(Agent - Checkable a, Location - Checkable l, Obj - Checkable o, Receptacle - Checkable r) {
    preconditions = [
      (toggleable(o) and atLocation(a, l) and receptacleAtLocation(r, l) and inReceptacle(o, r))
    ]
    effects = [
      if isOn(o) then isOn(o) := false
      if (not isOn(o)) then isOn(o) := true
      isToggled(o) := true
    ]
  }
  action sliceObject(Agent - Checkable a, Location - Checkable l, Obj - Checkable co, Obj - Checkable ko) {
    preconditions = [
      (sliceable(co) and (objectType(ko, knifeType) or objectType(ko, butterKnifeType)) and atLocation(a, l) and objectAtLocation(co, l) and holds(a, ko))
    ]
    effects = [
      isSliced(co) := true
    ]
  }
  action help(Agent - Checkable a) {
    preconditions = [
    ]
    effects = [
      checked(a) := true
    ]
  }
]

objects = [
  ReceptacleType: [sinkBasinType, microwaveType, fridgeType, diningTableType, counterTopType, cartType, ottomanType, armChairType, bedType]
  ObjectType: [knifeType, butterKnifeType, penType, tennisRacketType, bowlType, cupType, boxType, cellPhoneType, statueType, ladleType, sprayBottleType]
  Checkable: [agent1, location1, location2, location3, location4, location5, location6, location7, location8, location9, location10, diningTable_1, counterTop_2, cart_3, ottoman_4, ottoman_5, counterTop_6, armChair_7, bed_8, cart_9, cart_10, pen_1, tennisRacket_2, bowl_3, cup_4, box_5, cellPhone_6, statue_7, ladle_8, sprayBottle_9, cup_10]
  Agent - Checkable: [agent1]
  Location - Checkable: [location1, location2, location3, location4, location5, location6, location7, location8, location9, location10]
  Receptacle - Checkable: [diningTable_1, counterTop_2, cart_3, ottoman_4, ottoman_5, counterTop_6, armChair_7, bed_8, cart_9, cart_10]
  Obj - Checkable: [pen_1, tennisRacket_2, bowl_3, cup_4, box_5, cellPhone_6, statue_7, ladle_8, sprayBottle_9, cup_10]
]

initial fluents default = [
  bool atLocation[a=Agent - Checkable, l=Location - Checkable] := false
  bool receptacleAtLocation[r=Receptacle - Checkable, l=Location - Checkable] := false
  bool objectAtLocation[o=Obj - Checkable, l=Location - Checkable] := false
  bool openable[r=Receptacle - Checkable] := false
  bool opened[r=Receptacle - Checkable] := false
  bool inReceptacle[o=Obj - Checkable, r=Receptacle - Checkable] := false
  bool isReceptacleObject[o=Obj - Checkable] := false
  bool inReceptacleObject[innerObject=Obj - Checkable, outObject=Obj - Checkable] := false
  bool isReceptacleObjectFull[o=Obj - Checkable] := false
  bool wasInReceptacle[o=Obj - Checkable, r=Receptacle - Checkable] := false
  bool checked[c=Checkable] := false
  bool examined[l=Location - Checkable] := false
  bool receptacleType[r=Receptacle - Checkable, rt=ReceptacleType] := false
  bool canContain[rt=ReceptacleType, ot=ObjectType] := false
  bool objectType[o=Obj - Checkable, t=ObjectType] := false
  bool holds[a=Agent - Checkable, o=Obj - Checkable] := false
  bool holdsAny[a=Agent - Checkable] := false
  bool holdsAnyReceptacleObject[a=Agent - Checkable] := false
  bool full[r=Receptacle - Checkable] := false
  bool isClean[o=Obj - Checkable] := false
  bool cleanable[o=Obj - Checkable] := false
  bool isHot[o=Obj - Checkable] := false
  bool heatable[o=Obj - Checkable] := false
  bool isCool[o=Obj - Checkable] := false
  bool coolable[o=Obj - Checkable] := false
  bool pickupable[o=Obj - Checkable] := false
  bool moveable[o=Obj - Checkable] := false
  bool toggleable[o=Obj - Checkable] := false
  bool isOn[o=Obj - Checkable] := false
  bool isToggled[o=Obj - Checkable] := false
  bool sliceable[o=Obj - Checkable] := false
  bool isSliced[o=Obj - Checkable] := false
]

initial values = [
  receptacleType(diningTable_1, diningTableType) := true
  receptacleType(counterTop_2, counterTopType) := true
  receptacleType(cart_3, cartType) := true
  receptacleType(ottoman_4, ottomanType) := true
  receptacleType(ottoman_5, ottomanType) := true
  receptacleType(counterTop_6, counterTopType) := true
  receptacleType(armChair_7, armChairType) := true
  receptacleType(bed_8, bedType) := true
  receptacleType(cart_9, cartType) := true
  receptacleType(cart_10, cartType) := true
  objectType(pen_1, penType) := true
  objectType(tennisRacket_2, tennisRacketType) := true
  objectType(bowl_3, bowlType) := true
  objectType(cup_4, cupType) := true
  objectType(box_5, boxType) := true
  objectType(cellPhone_6, cellPhoneType) := true
  objectType(statue_7, statueType) := true
  objectType(ladle_8, ladleType) := true
  objectType(sprayBottle_9, sprayBottleType) := true
  objectType(cup_10, cupType) := true
  canContain(diningTableType, penType) := true
  canContain(diningTableType, tennisRacketType) := true
  canContain(diningTableType, bowlType) := true
  canContain(diningTableType, cupType) := true
  canContain(diningTableType, boxType) := true
  canContain(diningTableType, cellPhoneType) := true
  canContain(diningTableType, statueType) := true
  canContain(diningTableType, ladleType) := true
  canContain(diningTableType, sprayBottleType) := true
  canContain(counterTopType, penType) := true
  canContain(counterTopType, tennisRacketType) := true
  canContain(counterTopType, bowlType) := true
  canContain(counterTopType, cupType) := true
  canContain(counterTopType, boxType) := true
  canContain(counterTopType, cellPhoneType) := true
  canContain(counterTopType, statueType) := true
  canContain(counterTopType, ladleType) := true
  canContain(counterTopType, sprayBottleType) := true
  canContain(cartType, statueType) := true
  canContain(cartType, sprayBottleType) := true
  canContain(ottomanType, boxType) := true
  canContain(ottomanType, cellPhoneType) := true
  canContain(armChairType, boxType) := true
  canContain(armChairType, cellPhoneType) := true
  canContain(bedType, tennisRacketType) := true
  canContain(bedType, cellPhoneType) := true
  pickupable(pen_1) := true
  pickupable(tennisRacket_2) := true
  pickupable(bowl_3) := true
  isReceptacleObject(bowl_3) := true
  cleanable(bowl_3) := true
  coolable(bowl_3) := true
  pickupable(cup_4) := true
  isReceptacleObject(cup_4) := true
  cleanable(cup_4) := true
  heatable(cup_4) := true
  coolable(cup_4) := true
  pickupable(box_5) := true
  isReceptacleObject(box_5) := true
  pickupable(cellPhone_6) := true
  pickupable(statue_7) := true
  pickupable(ladle_8) := true
  cleanable(ladle_8) := true
  pickupable(sprayBottle_9) := true
  pickupable(cup_10) := true
  isReceptacleObject(cup_10) := true
  cleanable(cup_10) := true
  heatable(cup_10) := true
  coolable(cup_10) := true
  receptacleAtLocation(diningTable_1, location6) := true
  receptacleAtLocation(counterTop_2, location3) := true
  receptacleAtLocation(cart_3, location9) := true
  receptacleAtLocation(ottoman_4, location7) := true
  receptacleAtLocation(ottoman_5, location9) := true
  receptacleAtLocation(counterTop_6, location5) := true
  receptacleAtLocation(armChair_7, location10) := true
  receptacleAtLocation(bed_8, location1) := true
  receptacleAtLocation(cart_9, location9) := true
  receptacleAtLocation(cart_10, location6) := true
  inReceptacle(tennisRacket_2, diningTable_1) := true
  inReceptacle(bowl_3, diningTable_1) := true
  inReceptacle(cellPhone_6, armChair_7) := true
  inReceptacle(cup_10, counterTop_6) := true
  objectAtLocation(pen_1, location9) := true
  objectAtLocation(tennisRacket_2, location6) := true
  objectAtLocation(bowl_3, location6) := true
  objectAtLocation(cup_4, location9) := true
  objectAtLocation(box_5, location8) := true
  objectAtLocation(cellPhone_6, location10) := true
  objectAtLocation(statue_7, location9) := true
  objectAtLocation(ladle_8, location10) := true
  objectAtLocation(sprayBottle_9, location10) := true
  objectAtLocation(cup_10, location5) := true
  atLocation(agent1, location10) := true
]

goals = [
  Exists (Receptacle - Checkable r) Exists (Obj - Checkable o) (inReceptacle(o, r) and objectType(o, bowlType) and receptacleType(r, diningTableType))
]

quality metrics = [
  minimize sequential-plan-length
]


2025-06-17 10:24:02,599 - INFO - Generating plan for unconstrained problem

2025-06-17 10:24:02,937 - INFO - Unconstrained plan generation time: 0.3382127285003662

2025-06-17 10:24:02,937 - INFO - Unconstrained plan and cost: 
2025-06-17 10:24:02,937 - INFO - SequentialPlan:
2025-06-17 10:24:02,937 - INFO - 0
2025-06-17 10:24:04,333 - INFO - Sampled constraints:

2025-06-17 10:24:04,334 - INFO - Sometime(checked(location9))
2025-06-17 10:24:04,334 - INFO - 
2025-06-17 10:24:04,334 - INFO - Generation time: 1.395996332168579

2025-06-17 10:24:04,341 - INFO - Generating plan for constrained problem (with LiftedTCORE).

2025-06-17 10:24:04,378 - INFO - LiftedTCORE compilation time: 0.036791324615478516

2025-06-17 10:24:04,763 - INFO - Planning Time with LiftedTCORE's file: 0.3767120838165283

2025-06-17 10:24:04,763 - INFO - Plan found with LiftedTCORE + sym_bd: SequentialPlan:
    goToLocation(agent1, location10, location9)
    look(agent1, location9)
2025-06-17 10:24:04,763 - INFO - Seed: 942 is solvable

2025-06-17 10:24:04,763 - INFO - Unconstrained cost: 0
2025-06-17 10:24:04,763 - INFO - Constrained cost: 2
2025-06-17 10:24:04,763 - INFO - Seed: 942 Plan simulation is feasible
2025-06-17 10:24:04,763 - INFO - 
Seed: 942 
 Plan: [goToLocation(agent1, location10, location9), look(agent1, location9)]  
 Cost: 2

