2025-06-17 11:19:11,802 - INFO - 
================= Seed: 171 =================

2025-06-17 11:19:11,802 - INFO - problem name = alfred

types = [ReceptacleType, ObjectType, Checkable, Agent - Checkable, Location - Checkable, Receptacle - Checkable, Obj - Checkable]

fluents = [
  bool atLocation[a=Agent - Checkable, l=Location - Checkable]
  bool receptacleAtLocation[r=Receptacle - Checkable, l=Location - Checkable]
  bool objectAtLocation[o=Obj - Checkable, l=Location - Checkable]
  bool openable[r=Receptacle - Checkable]
  bool opened[r=Receptacle - Checkable]
  bool inReceptacle[o=Obj - Checkable, r=Receptacle - Checkable]
  bool isReceptacleObject[o=Obj - Checkable]
  bool inReceptacleObject[innerObject=Obj - Checkable, outObject=Obj - Checkable]
  bool isReceptacleObjectFull[o=Obj - Checkable]
  bool wasInReceptacle[o=Obj - Checkable, r=Receptacle - Checkable]
  bool checked[c=Checkable]
  bool examined[l=Location - Checkable]
  bool receptacleType[r=Receptacle - Checkable, rt=ReceptacleType]
  bool canContain[rt=ReceptacleType, ot=ObjectType]
  bool objectType[o=Obj - Checkable, t=ObjectType]
  bool holds[a=Agent - Checkable, o=Obj - Checkable]
  bool holdsAny[a=Agent - Checkable]
  bool holdsAnyReceptacleObject[a=Agent - Checkable]
  bool full[r=Receptacle - Checkable]
  bool isClean[o=Obj - Checkable]
  bool cleanable[o=Obj - Checkable]
  bool isHot[o=Obj - Checkable]
  bool heatable[o=Obj - Checkable]
  bool isCool[o=Obj - Checkable]
  bool coolable[o=Obj - Checkable]
  bool pickupable[o=Obj - Checkable]
  bool moveable[o=Obj - Checkable]
  bool toggleable[o=Obj - Checkable]
  bool isOn[o=Obj - Checkable]
  bool isToggled[o=Obj - Checkable]
  bool sliceable[o=Obj - Checkable]
  bool isSliced[o=Obj - Checkable]
]

actions = [
  action look(Agent - Checkable a, Location - Checkable l) {
    preconditions = [
      atLocation(a, l)
    ]
    effects = [
      checked(l) := true
    ]
  }
  action inventory(Agent - Checkable a) {
    preconditions = [
    ]
    effects = [
      checked(a) := true
    ]
  }
  action examineReceptacle(Agent - Checkable a, Receptacle - Checkable r) {
    preconditions = [
      Exists (Location - Checkable l) (atLocation(a, l) and receptacleAtLocation(r, l))
    ]
    effects = [
      checked(r) := true
    ]
  }
  action examineObject(Agent - Checkable a, Obj - Checkable o) {
    preconditions = [
      (Exists (Location - Checkable l) Exists (Receptacle - Checkable r) (atLocation(a, l) and receptacleAtLocation(r, l) and inReceptacle(o, r) and ((not openable(r)) or opened(r))) or holds(a, o))
    ]
    effects = [
      checked(o) := true
    ]
  }
  action goToLocation(Agent - Checkable a, Location - Checkable lstart, Location - Checkable lend) {
    preconditions = [
      atLocation(a, lstart)
    ]
    effects = [
      atLocation(a, lstart) := false
      atLocation(a, lend) := true
    ]
  }
  action openObject(Agent - Checkable a, Location - Checkable l, Receptacle - Checkable r) {
    preconditions = [
      (openable(r) and atLocation(a, l) and receptacleAtLocation(r, l) and (not opened(r)))
    ]
    effects = [
      opened(r) := true
      checked(r) := true
    ]
  }
  action closeObject(Agent - Checkable a, Location - Checkable l, Receptacle - Checkable r) {
    preconditions = [
      (openable(r) and atLocation(a, l) and receptacleAtLocation(r, l) and opened(r))
    ]
    effects = [
      opened(r) := false
    ]
  }
  action pickupObject(Agent - Checkable a, Location - Checkable l, Obj - Checkable o, Receptacle - Checkable r) {
    preconditions = [
      (pickupable(o) and atLocation(a, l) and receptacleAtLocation(r, l) and inReceptacle(o, r) and (not holdsAny(a)) and ((not openable(r)) or opened(r)))
    ]
    effects = [
      inReceptacle(o, r) := false
      holds(a, o) := true
      holdsAny(a) := true
      objectAtLocation(o, l) := false
    ]
  }
  action putObject(Agent - Checkable a, Location - Checkable l, Obj - Checkable o, Receptacle - Checkable r, ObjectType ot, ReceptacleType rt) {
    preconditions = [
      (holds(a, o) and atLocation(a, l) and receptacleAtLocation(r, l) and ((not openable(r)) or opened(r)) and objectType(o, ot) and receptacleType(r, rt) and canContain(rt, ot))
    ]
    effects = [
      inReceptacle(o, r) := true
      objectAtLocation(o, l) := true
      holds(a, o) := false
      holdsAny(a) := false
    ]
  }
  action cleanObject(Agent - Checkable a, Location - Checkable l, Receptacle - Checkable r, Obj - Checkable o) {
    preconditions = [
      (cleanable(o) and receptacleType(r, sinkBasinType) and atLocation(a, l) and receptacleAtLocation(r, l) and holds(a, o))
    ]
    effects = [
      isClean(o) := true
    ]
  }
  action heatObject(Agent - Checkable a, Location - Checkable l, Receptacle - Checkable r, Obj - Checkable o) {
    preconditions = [
      (heatable(o) and receptacleType(r, microwaveType) and atLocation(a, l) and receptacleAtLocation(r, l) and holds(a, o))
    ]
    effects = [
      isHot(o) := true
      isCool(o) := false
    ]
  }
  action coolObject(Agent - Checkable a, Location - Checkable l, Receptacle - Checkable r, Obj - Checkable o) {
    preconditions = [
      (coolable(o) and receptacleType(r, fridgeType) and atLocation(a, l) and receptacleAtLocation(r, l) and holds(a, o))
    ]
    effects = [
      isCool(o) := true
      isHot(o) := false
    ]
  }
  action toggleObject(Agent - Checkable a, Location - Checkable l, Obj - Checkable o, Receptacle - Checkable r) {
    preconditions = [
      (toggleable(o) and atLocation(a, l) and receptacleAtLocation(r, l) and inReceptacle(o, r))
    ]
    effects = [
      if isOn(o) then isOn(o) := false
      if (not isOn(o)) then isOn(o) := true
      isToggled(o) := true
    ]
  }
  action sliceObject(Agent - Checkable a, Location - Checkable l, Obj - Checkable co, Obj - Checkable ko) {
    preconditions = [
      (sliceable(co) and (objectType(ko, knifeType) or objectType(ko, butterKnifeType)) and atLocation(a, l) and objectAtLocation(co, l) and holds(a, ko))
    ]
    effects = [
      isSliced(co) := true
    ]
  }
  action help(Agent - Checkable a) {
    preconditions = [
    ]
    effects = [
      checked(a) := true
    ]
  }
]

objects = [
  ReceptacleType: [sinkBasinType, microwaveType, fridgeType, deskType, safeType, diningTableType, coffeeTableType, bathtubBasinType, bedType, toasterType, sideTableType]
  ObjectType: [knifeType, butterKnifeType, penType, toiletPaperRollType, bowlType, wineBottleType, wateringCanType, soapBottleType, glassbottleType, cupType, plateType]
  Checkable: [agent1, location1, location2, location3, location4, location5, location6, location7, location8, location9, location10, desk_1, desk_2, safe_3, diningTable_4, coffeeTable_5, sinkBasin_6, bathtubBasin_7, bed_8, toaster_9, sideTable_10, microwave_11, fridge_12, pen_1, toiletPaperRoll_2, bowl_3, wineBottle_4, wateringCan_5, soapBottle_6, glassbottle_7, cup_8, wateringCan_9, plate_10]
  Agent - Checkable: [agent1]
  Location - Checkable: [location1, location2, location3, location4, location5, location6, location7, location8, location9, location10]
  Receptacle - Checkable: [desk_1, desk_2, safe_3, diningTable_4, coffeeTable_5, sinkBasin_6, bathtubBasin_7, bed_8, toaster_9, sideTable_10, microwave_11, fridge_12]
  Obj - Checkable: [pen_1, toiletPaperRoll_2, bowl_3, wineBottle_4, wateringCan_5, soapBottle_6, glassbottle_7, cup_8, wateringCan_9, plate_10]
]

initial fluents default = [
  bool atLocation[a=Agent - Checkable, l=Location - Checkable] := false
  bool receptacleAtLocation[r=Receptacle - Checkable, l=Location - Checkable] := false
  bool objectAtLocation[o=Obj - Checkable, l=Location - Checkable] := false
  bool openable[r=Receptacle - Checkable] := false
  bool opened[r=Receptacle - Checkable] := false
  bool inReceptacle[o=Obj - Checkable, r=Receptacle - Checkable] := false
  bool isReceptacleObject[o=Obj - Checkable] := false
  bool inReceptacleObject[innerObject=Obj - Checkable, outObject=Obj - Checkable] := false
  bool isReceptacleObjectFull[o=Obj - Checkable] := false
  bool wasInReceptacle[o=Obj - Checkable, r=Receptacle - Checkable] := false
  bool checked[c=Checkable] := false
  bool examined[l=Location - Checkable] := false
  bool receptacleType[r=Receptacle - Checkable, rt=ReceptacleType] := false
  bool canContain[rt=ReceptacleType, ot=ObjectType] := false
  bool objectType[o=Obj - Checkable, t=ObjectType] := false
  bool holds[a=Agent - Checkable, o=Obj - Checkable] := false
  bool holdsAny[a=Agent - Checkable] := false
  bool holdsAnyReceptacleObject[a=Agent - Checkable] := false
  bool full[r=Receptacle - Checkable] := false
  bool isClean[o=Obj - Checkable] := false
  bool cleanable[o=Obj - Checkable] := false
  bool isHot[o=Obj - Checkable] := false
  bool heatable[o=Obj - Checkable] := false
  bool isCool[o=Obj - Checkable] := false
  bool coolable[o=Obj - Checkable] := false
  bool pickupable[o=Obj - Checkable] := false
  bool moveable[o=Obj - Checkable] := false
  bool toggleable[o=Obj - Checkable] := false
  bool isOn[o=Obj - Checkable] := false
  bool isToggled[o=Obj - Checkable] := false
  bool sliceable[o=Obj - Checkable] := false
  bool isSliced[o=Obj - Checkable] := false
]

initial values = [
  receptacleType(desk_1, deskType) := true
  receptacleType(desk_2, deskType) := true
  receptacleType(safe_3, safeType) := true
  receptacleType(diningTable_4, diningTableType) := true
  receptacleType(coffeeTable_5, coffeeTableType) := true
  receptacleType(sinkBasin_6, sinkBasinType) := true
  receptacleType(bathtubBasin_7, bathtubBasinType) := true
  receptacleType(bed_8, bedType) := true
  receptacleType(toaster_9, toasterType) := true
  receptacleType(sideTable_10, sideTableType) := true
  receptacleType(microwave_11, microwaveType) := true
  receptacleType(fridge_12, fridgeType) := true
  objectType(pen_1, penType) := true
  objectType(toiletPaperRoll_2, toiletPaperRollType) := true
  objectType(bowl_3, bowlType) := true
  objectType(wineBottle_4, wineBottleType) := true
  objectType(wateringCan_5, wateringCanType) := true
  objectType(soapBottle_6, soapBottleType) := true
  objectType(glassbottle_7, glassbottleType) := true
  objectType(cup_8, cupType) := true
  objectType(wateringCan_9, wateringCanType) := true
  objectType(plate_10, plateType) := true
  canContain(deskType, penType) := true
  canContain(deskType, toiletPaperRollType) := true
  canContain(deskType, bowlType) := true
  canContain(deskType, wineBottleType) := true
  canContain(deskType, wateringCanType) := true
  canContain(deskType, soapBottleType) := true
  canContain(deskType, glassbottleType) := true
  canContain(deskType, cupType) := true
  canContain(deskType, plateType) := true
  canContain(diningTableType, penType) := true
  canContain(diningTableType, toiletPaperRollType) := true
  canContain(diningTableType, bowlType) := true
  canContain(diningTableType, wineBottleType) := true
  canContain(diningTableType, wateringCanType) := true
  canContain(diningTableType, soapBottleType) := true
  canContain(diningTableType, glassbottleType) := true
  canContain(diningTableType, cupType) := true
  canContain(diningTableType, plateType) := true
  canContain(coffeeTableType, penType) := true
  canContain(coffeeTableType, toiletPaperRollType) := true
  canContain(coffeeTableType, bowlType) := true
  canContain(coffeeTableType, wineBottleType) := true
  canContain(coffeeTableType, wateringCanType) := true
  canContain(coffeeTableType, soapBottleType) := true
  canContain(coffeeTableType, glassbottleType) := true
  canContain(coffeeTableType, cupType) := true
  canContain(coffeeTableType, plateType) := true
  canContain(sinkBasinType, bowlType) := true
  canContain(sinkBasinType, glassbottleType) := true
  canContain(sinkBasinType, cupType) := true
  canContain(sinkBasinType, plateType) := true
  canContain(sideTableType, penType) := true
  canContain(sideTableType, toiletPaperRollType) := true
  canContain(sideTableType, bowlType) := true
  canContain(sideTableType, wineBottleType) := true
  canContain(sideTableType, wateringCanType) := true
  canContain(sideTableType, soapBottleType) := true
  canContain(sideTableType, glassbottleType) := true
  canContain(sideTableType, cupType) := true
  canContain(sideTableType, plateType) := true
  canContain(microwaveType, bowlType) := true
  canContain(microwaveType, glassbottleType) := true
  canContain(microwaveType, cupType) := true
  canContain(microwaveType, plateType) := true
  canContain(fridgeType, bowlType) := true
  canContain(fridgeType, wineBottleType) := true
  canContain(fridgeType, glassbottleType) := true
  canContain(fridgeType, cupType) := true
  canContain(fridgeType, plateType) := true
  pickupable(pen_1) := true
  pickupable(toiletPaperRoll_2) := true
  pickupable(bowl_3) := true
  isReceptacleObject(bowl_3) := true
  cleanable(bowl_3) := true
  coolable(bowl_3) := true
  pickupable(wineBottle_4) := true
  pickupable(wateringCan_5) := true
  pickupable(soapBottle_6) := true
  pickupable(glassbottle_7) := true
  pickupable(cup_8) := true
  isReceptacleObject(cup_8) := true
  cleanable(cup_8) := true
  heatable(cup_8) := true
  coolable(cup_8) := true
  pickupable(wateringCan_9) := true
  pickupable(plate_10) := true
  isReceptacleObject(plate_10) := true
  cleanable(plate_10) := true
  heatable(plate_10) := true
  coolable(plate_10) := true
  receptacleAtLocation(desk_1, location6) := true
  receptacleAtLocation(desk_2, location2) := true
  receptacleAtLocation(safe_3, location10) := true
  receptacleAtLocation(diningTable_4, location6) := true
  receptacleAtLocation(coffeeTable_5, location7) := true
  receptacleAtLocation(sinkBasin_6, location2) := true
  receptacleAtLocation(bathtubBasin_7, location8) := true
  receptacleAtLocation(bed_8, location3) := true
  receptacleAtLocation(toaster_9, location3) := true
  receptacleAtLocation(sideTable_10, location9) := true
  receptacleAtLocation(microwave_11, location8) := true
  receptacleAtLocation(fridge_12, location10) := true
  inReceptacle(pen_1, sideTable_10) := true
  inReceptacle(toiletPaperRoll_2, desk_1) := true
  inReceptacle(bowl_3, fridge_12) := true
  inReceptacle(wineBottle_4, desk_1) := true
  inReceptacle(wateringCan_5, diningTable_4) := true
  inReceptacle(soapBottle_6, desk_1) := true
  inReceptacle(glassbottle_7, diningTable_4) := true
  inReceptacle(cup_8, coffeeTable_5) := true
  inReceptacle(wateringCan_9, desk_2) := true
  inReceptacle(plate_10, microwave_11) := true
  objectAtLocation(pen_1, location9) := true
  objectAtLocation(toiletPaperRoll_2, location6) := true
  objectAtLocation(bowl_3, location10) := true
  objectAtLocation(wineBottle_4, location6) := true
  objectAtLocation(wateringCan_5, location6) := true
  objectAtLocation(soapBottle_6, location6) := true
  objectAtLocation(glassbottle_7, location6) := true
  objectAtLocation(cup_8, location7) := true
  objectAtLocation(wateringCan_9, location2) := true
  objectAtLocation(plate_10, location8) := true
  atLocation(agent1, location7) := true
]

goals = [
  Exists (Receptacle - Checkable r) Exists (Obj - Checkable o1) (inReceptacle(o1, r) and objectType(o1, plateType) and receptacleType(r, deskType) and Exists (Obj - Checkable o2) ((not (o1 == o2)) and objectType(o2, penType) and receptacleType(r, deskType) and inReceptacle(o2, r)))
]

quality metrics = [
  minimize sequential-plan-length
]


2025-06-17 11:19:11,805 - INFO - Generating plan for unconstrained problem

2025-06-17 11:19:12,260 - INFO - Unconstrained plan generation time: 0.45578837394714355

2025-06-17 11:19:12,261 - INFO - Unconstrained plan and cost: 
2025-06-17 11:19:12,261 - INFO - SequentialPlan:
    goToLocation(agent1, location7, location9)
    pickupObject(agent1, location9, pen_1, sideTable_10)
    goToLocation(agent1, location9, location2)
    putObject(agent1, location2, pen_1, desk_2, penType, deskType)
    goToLocation(agent1, location2, location8)
    pickupObject(agent1, location8, plate_10, microwave_11)
    goToLocation(agent1, location8, location2)
    putObject(agent1, location2, plate_10, desk_2, plateType, deskType)
2025-06-17 11:19:12,261 - INFO - 8
2025-06-17 11:19:12,641 - INFO - Sampled constraints:

2025-06-17 11:19:12,642 - INFO - Sometime(atLocation(agent1, location9))
2025-06-17 11:19:12,642 - INFO - Sometime-After(atLocation(agent1, location9), (atLocation(agent1, location4) or atLocation(agent1, location3)))
2025-06-17 11:19:12,642 - INFO - 
2025-06-17 11:19:12,642 - INFO - Generation time: 0.38004088401794434

2025-06-17 11:19:12,642 - INFO - Generating plan for constrained problem (with LiftedTCORE).

2025-06-17 11:19:12,695 - INFO - LiftedTCORE compilation time: 0.0526125431060791

2025-06-17 11:19:13,204 - INFO - Planning Time with LiftedTCORE's file: 0.5091187953948975

2025-06-17 11:19:13,205 - INFO - Plan found with LiftedTCORE + sym_bd: SequentialPlan:
    goToLocation(agent1, location7, location9)
    pickupObject(agent1, location9, pen_1, sideTable_10)
    goToLocation(agent1, location9, location2)
    putObject(agent1, location2, pen_1, desk_2, penType, deskType)
    goToLocation(agent1, location2, location3)
    goToLocation(agent1, location3, location8)
    pickupObject(agent1, location8, plate_10, microwave_11)
    goToLocation(agent1, location8, location2)
    putObject(agent1, location2, plate_10, desk_2, plateType, deskType)
2025-06-17 11:19:13,205 - INFO - Seed: 171 is solvable

2025-06-17 11:19:13,205 - INFO - Unconstrained cost: 8
2025-06-17 11:19:13,205 - INFO - Constrained cost: 9
2025-06-17 11:19:13,205 - INFO - Seed: 171 Plan simulation is feasible
2025-06-17 11:19:13,205 - INFO - 
Seed: 171 
 Plan: [goToLocation(agent1, location7, location9), pickupObject(agent1, location9, pen_1, sideTable_10), goToLocation(agent1, location9, location2), putObject(agent1, location2, pen_1, desk_2, penType, deskType), goToLocation(agent1, location2, location3), goToLocation(agent1, location3, location8), pickupObject(agent1, location8, plate_10, microwave_11), goToLocation(agent1, location8, location2), putObject(agent1, location2, plate_10, desk_2, plateType, deskType)]  
 Cost: 9

