2025-06-17 11:20:30,881 - INFO - 
================= Seed: 220 =================

2025-06-17 11:20:30,881 - INFO - problem name = alfred

types = [ReceptacleType, ObjectType, Checkable, Agent - Checkable, Location - Checkable, Receptacle - Checkable, Obj - Checkable]

fluents = [
  bool atLocation[a=Agent - Checkable, l=Location - Checkable]
  bool receptacleAtLocation[r=Receptacle - Checkable, l=Location - Checkable]
  bool objectAtLocation[o=Obj - Checkable, l=Location - Checkable]
  bool openable[r=Receptacle - Checkable]
  bool opened[r=Receptacle - Checkable]
  bool inReceptacle[o=Obj - Checkable, r=Receptacle - Checkable]
  bool isReceptacleObject[o=Obj - Checkable]
  bool inReceptacleObject[innerObject=Obj - Checkable, outObject=Obj - Checkable]
  bool isReceptacleObjectFull[o=Obj - Checkable]
  bool wasInReceptacle[o=Obj - Checkable, r=Receptacle - Checkable]
  bool checked[c=Checkable]
  bool examined[l=Location - Checkable]
  bool receptacleType[r=Receptacle - Checkable, rt=ReceptacleType]
  bool canContain[rt=ReceptacleType, ot=ObjectType]
  bool objectType[o=Obj - Checkable, t=ObjectType]
  bool holds[a=Agent - Checkable, o=Obj - Checkable]
  bool holdsAny[a=Agent - Checkable]
  bool holdsAnyReceptacleObject[a=Agent - Checkable]
  bool full[r=Receptacle - Checkable]
  bool isClean[o=Obj - Checkable]
  bool cleanable[o=Obj - Checkable]
  bool isHot[o=Obj - Checkable]
  bool heatable[o=Obj - Checkable]
  bool isCool[o=Obj - Checkable]
  bool coolable[o=Obj - Checkable]
  bool pickupable[o=Obj - Checkable]
  bool moveable[o=Obj - Checkable]
  bool toggleable[o=Obj - Checkable]
  bool isOn[o=Obj - Checkable]
  bool isToggled[o=Obj - Checkable]
  bool sliceable[o=Obj - Checkable]
  bool isSliced[o=Obj - Checkable]
]

actions = [
  action look(Agent - Checkable a, Location - Checkable l) {
    preconditions = [
      atLocation(a, l)
    ]
    effects = [
      checked(l) := true
    ]
  }
  action inventory(Agent - Checkable a) {
    preconditions = [
    ]
    effects = [
      checked(a) := true
    ]
  }
  action examineReceptacle(Agent - Checkable a, Receptacle - Checkable r) {
    preconditions = [
      Exists (Location - Checkable l) (atLocation(a, l) and receptacleAtLocation(r, l))
    ]
    effects = [
      checked(r) := true
    ]
  }
  action examineObject(Agent - Checkable a, Obj - Checkable o) {
    preconditions = [
      (Exists (Location - Checkable l) Exists (Receptacle - Checkable r) (atLocation(a, l) and receptacleAtLocation(r, l) and inReceptacle(o, r) and ((not openable(r)) or opened(r))) or holds(a, o))
    ]
    effects = [
      checked(o) := true
    ]
  }
  action goToLocation(Agent - Checkable a, Location - Checkable lstart, Location - Checkable lend) {
    preconditions = [
      atLocation(a, lstart)
    ]
    effects = [
      atLocation(a, lstart) := false
      atLocation(a, lend) := true
    ]
  }
  action openObject(Agent - Checkable a, Location - Checkable l, Receptacle - Checkable r) {
    preconditions = [
      (openable(r) and atLocation(a, l) and receptacleAtLocation(r, l) and (not opened(r)))
    ]
    effects = [
      opened(r) := true
      checked(r) := true
    ]
  }
  action closeObject(Agent - Checkable a, Location - Checkable l, Receptacle - Checkable r) {
    preconditions = [
      (openable(r) and atLocation(a, l) and receptacleAtLocation(r, l) and opened(r))
    ]
    effects = [
      opened(r) := false
    ]
  }
  action pickupObject(Agent - Checkable a, Location - Checkable l, Obj - Checkable o, Receptacle - Checkable r) {
    preconditions = [
      (pickupable(o) and atLocation(a, l) and receptacleAtLocation(r, l) and inReceptacle(o, r) and (not holdsAny(a)) and ((not openable(r)) or opened(r)))
    ]
    effects = [
      inReceptacle(o, r) := false
      holds(a, o) := true
      holdsAny(a) := true
      objectAtLocation(o, l) := false
    ]
  }
  action putObject(Agent - Checkable a, Location - Checkable l, Obj - Checkable o, Receptacle - Checkable r, ObjectType ot, ReceptacleType rt) {
    preconditions = [
      (holds(a, o) and atLocation(a, l) and receptacleAtLocation(r, l) and ((not openable(r)) or opened(r)) and objectType(o, ot) and receptacleType(r, rt) and canContain(rt, ot))
    ]
    effects = [
      inReceptacle(o, r) := true
      objectAtLocation(o, l) := true
      holds(a, o) := false
      holdsAny(a) := false
    ]
  }
  action cleanObject(Agent - Checkable a, Location - Checkable l, Receptacle - Checkable r, Obj - Checkable o) {
    preconditions = [
      (cleanable(o) and receptacleType(r, sinkBasinType) and atLocation(a, l) and receptacleAtLocation(r, l) and holds(a, o))
    ]
    effects = [
      isClean(o) := true
    ]
  }
  action heatObject(Agent - Checkable a, Location - Checkable l, Receptacle - Checkable r, Obj - Checkable o) {
    preconditions = [
      (heatable(o) and receptacleType(r, microwaveType) and atLocation(a, l) and receptacleAtLocation(r, l) and holds(a, o))
    ]
    effects = [
      isHot(o) := true
      isCool(o) := false
    ]
  }
  action coolObject(Agent - Checkable a, Location - Checkable l, Receptacle - Checkable r, Obj - Checkable o) {
    preconditions = [
      (coolable(o) and receptacleType(r, fridgeType) and atLocation(a, l) and receptacleAtLocation(r, l) and holds(a, o))
    ]
    effects = [
      isCool(o) := true
      isHot(o) := false
    ]
  }
  action toggleObject(Agent - Checkable a, Location - Checkable l, Obj - Checkable o, Receptacle - Checkable r) {
    preconditions = [
      (toggleable(o) and atLocation(a, l) and receptacleAtLocation(r, l) and inReceptacle(o, r))
    ]
    effects = [
      if isOn(o) then isOn(o) := false
      if (not isOn(o)) then isOn(o) := true
      isToggled(o) := true
    ]
  }
  action sliceObject(Agent - Checkable a, Location - Checkable l, Obj - Checkable co, Obj - Checkable ko) {
    preconditions = [
      (sliceable(co) and (objectType(ko, knifeType) or objectType(ko, butterKnifeType)) and atLocation(a, l) and objectAtLocation(co, l) and holds(a, ko))
    ]
    effects = [
      isSliced(co) := true
    ]
  }
  action help(Agent - Checkable a) {
    preconditions = [
    ]
    effects = [
      checked(a) := true
    ]
  }
]

objects = [
  ReceptacleType: [sinkBasinType, microwaveType, fridgeType, dresserType, laundryHamperType, sideTableType, garbageCanType, diningTableType, coffeeTableType]
  ObjectType: [knifeType, butterKnifeType, bookType, toiletPaperRollType, pencilType, handTowelType, potType, newspaperType, vaseType, remoteControlType, boxType]
  Checkable: [agent1, location1, location2, location3, location4, location5, location6, location7, location8, location9, location10, dresser_1, laundryHamper_2, fridge_3, dresser_4, fridge_5, sideTable_6, garbageCan_7, dresser_8, diningTable_9, coffeeTable_10, microwave_11, fridge_12, book_1, knife_2, toiletPaperRoll_3, pencil_4, handTowel_5, pot_6, newspaper_7, vase_8, remoteControl_9, box_10]
  Agent - Checkable: [agent1]
  Location - Checkable: [location1, location2, location3, location4, location5, location6, location7, location8, location9, location10]
  Receptacle - Checkable: [dresser_1, laundryHamper_2, fridge_3, dresser_4, fridge_5, sideTable_6, garbageCan_7, dresser_8, diningTable_9, coffeeTable_10, microwave_11, fridge_12]
  Obj - Checkable: [book_1, knife_2, toiletPaperRoll_3, pencil_4, handTowel_5, pot_6, newspaper_7, vase_8, remoteControl_9, box_10]
]

initial fluents default = [
  bool atLocation[a=Agent - Checkable, l=Location - Checkable] := false
  bool receptacleAtLocation[r=Receptacle - Checkable, l=Location - Checkable] := false
  bool objectAtLocation[o=Obj - Checkable, l=Location - Checkable] := false
  bool openable[r=Receptacle - Checkable] := false
  bool opened[r=Receptacle - Checkable] := false
  bool inReceptacle[o=Obj - Checkable, r=Receptacle - Checkable] := false
  bool isReceptacleObject[o=Obj - Checkable] := false
  bool inReceptacleObject[innerObject=Obj - Checkable, outObject=Obj - Checkable] := false
  bool isReceptacleObjectFull[o=Obj - Checkable] := false
  bool wasInReceptacle[o=Obj - Checkable, r=Receptacle - Checkable] := false
  bool checked[c=Checkable] := false
  bool examined[l=Location - Checkable] := false
  bool receptacleType[r=Receptacle - Checkable, rt=ReceptacleType] := false
  bool canContain[rt=ReceptacleType, ot=ObjectType] := false
  bool objectType[o=Obj - Checkable, t=ObjectType] := false
  bool holds[a=Agent - Checkable, o=Obj - Checkable] := false
  bool holdsAny[a=Agent - Checkable] := false
  bool holdsAnyReceptacleObject[a=Agent - Checkable] := false
  bool full[r=Receptacle - Checkable] := false
  bool isClean[o=Obj - Checkable] := false
  bool cleanable[o=Obj - Checkable] := false
  bool isHot[o=Obj - Checkable] := false
  bool heatable[o=Obj - Checkable] := false
  bool isCool[o=Obj - Checkable] := false
  bool coolable[o=Obj - Checkable] := false
  bool pickupable[o=Obj - Checkable] := false
  bool moveable[o=Obj - Checkable] := false
  bool toggleable[o=Obj - Checkable] := false
  bool isOn[o=Obj - Checkable] := false
  bool isToggled[o=Obj - Checkable] := false
  bool sliceable[o=Obj - Checkable] := false
  bool isSliced[o=Obj - Checkable] := false
]

initial values = [
  receptacleType(dresser_1, dresserType) := true
  receptacleType(laundryHamper_2, laundryHamperType) := true
  receptacleType(fridge_3, fridgeType) := true
  receptacleType(dresser_4, dresserType) := true
  receptacleType(fridge_5, fridgeType) := true
  receptacleType(sideTable_6, sideTableType) := true
  receptacleType(garbageCan_7, garbageCanType) := true
  receptacleType(dresser_8, dresserType) := true
  receptacleType(diningTable_9, diningTableType) := true
  receptacleType(coffeeTable_10, coffeeTableType) := true
  receptacleType(microwave_11, microwaveType) := true
  receptacleType(fridge_12, fridgeType) := true
  objectType(book_1, bookType) := true
  objectType(knife_2, knifeType) := true
  objectType(toiletPaperRoll_3, toiletPaperRollType) := true
  objectType(pencil_4, pencilType) := true
  objectType(handTowel_5, handTowelType) := true
  objectType(pot_6, potType) := true
  objectType(newspaper_7, newspaperType) := true
  objectType(vase_8, vaseType) := true
  objectType(remoteControl_9, remoteControlType) := true
  objectType(box_10, boxType) := true
  canContain(dresserType, bookType) := true
  canContain(dresserType, toiletPaperRollType) := true
  canContain(dresserType, pencilType) := true
  canContain(dresserType, newspaperType) := true
  canContain(dresserType, vaseType) := true
  canContain(dresserType, remoteControlType) := true
  canContain(dresserType, boxType) := true
  canContain(fridgeType, potType) := true
  canContain(sideTableType, bookType) := true
  canContain(sideTableType, knifeType) := true
  canContain(sideTableType, toiletPaperRollType) := true
  canContain(sideTableType, pencilType) := true
  canContain(sideTableType, handTowelType) := true
  canContain(sideTableType, potType) := true
  canContain(sideTableType, newspaperType) := true
  canContain(sideTableType, vaseType) := true
  canContain(sideTableType, remoteControlType) := true
  canContain(sideTableType, boxType) := true
  canContain(garbageCanType, toiletPaperRollType) := true
  canContain(garbageCanType, pencilType) := true
  canContain(garbageCanType, handTowelType) := true
  canContain(garbageCanType, newspaperType) := true
  canContain(diningTableType, bookType) := true
  canContain(diningTableType, knifeType) := true
  canContain(diningTableType, toiletPaperRollType) := true
  canContain(diningTableType, pencilType) := true
  canContain(diningTableType, handTowelType) := true
  canContain(diningTableType, potType) := true
  canContain(diningTableType, newspaperType) := true
  canContain(diningTableType, vaseType) := true
  canContain(diningTableType, remoteControlType) := true
  canContain(diningTableType, boxType) := true
  canContain(coffeeTableType, bookType) := true
  canContain(coffeeTableType, knifeType) := true
  canContain(coffeeTableType, toiletPaperRollType) := true
  canContain(coffeeTableType, pencilType) := true
  canContain(coffeeTableType, handTowelType) := true
  canContain(coffeeTableType, potType) := true
  canContain(coffeeTableType, newspaperType) := true
  canContain(coffeeTableType, vaseType) := true
  canContain(coffeeTableType, remoteControlType) := true
  canContain(coffeeTableType, boxType) := true
  pickupable(book_1) := true
  pickupable(knife_2) := true
  cleanable(knife_2) := true
  pickupable(toiletPaperRoll_3) := true
  pickupable(pencil_4) := true
  pickupable(handTowel_5) := true
  pickupable(pot_6) := true
  isReceptacleObject(pot_6) := true
  cleanable(pot_6) := true
  coolable(pot_6) := true
  pickupable(newspaper_7) := true
  pickupable(vase_8) := true
  pickupable(remoteControl_9) := true
  pickupable(box_10) := true
  isReceptacleObject(box_10) := true
  receptacleAtLocation(dresser_1, location1) := true
  receptacleAtLocation(laundryHamper_2, location9) := true
  receptacleAtLocation(fridge_3, location5) := true
  receptacleAtLocation(dresser_4, location5) := true
  receptacleAtLocation(fridge_5, location1) := true
  receptacleAtLocation(sideTable_6, location6) := true
  receptacleAtLocation(garbageCan_7, location2) := true
  receptacleAtLocation(dresser_8, location2) := true
  receptacleAtLocation(diningTable_9, location3) := true
  receptacleAtLocation(coffeeTable_10, location1) := true
  receptacleAtLocation(microwave_11, location4) := true
  receptacleAtLocation(fridge_12, location6) := true
  inReceptacle(book_1, sideTable_6) := true
  inReceptacle(knife_2, coffeeTable_10) := true
  inReceptacle(toiletPaperRoll_3, diningTable_9) := true
  inReceptacle(pencil_4, diningTable_9) := true
  inReceptacle(handTowel_5, coffeeTable_10) := true
  inReceptacle(pot_6, sideTable_6) := true
  inReceptacle(newspaper_7, coffeeTable_10) := true
  inReceptacle(vase_8, dresser_8) := true
  inReceptacle(remoteControl_9, dresser_8) := true
  inReceptacle(box_10, coffeeTable_10) := true
  objectAtLocation(book_1, location6) := true
  objectAtLocation(knife_2, location1) := true
  objectAtLocation(toiletPaperRoll_3, location3) := true
  objectAtLocation(pencil_4, location3) := true
  objectAtLocation(handTowel_5, location1) := true
  objectAtLocation(pot_6, location6) := true
  objectAtLocation(newspaper_7, location1) := true
  objectAtLocation(vase_8, location2) := true
  objectAtLocation(remoteControl_9, location2) := true
  objectAtLocation(box_10, location1) := true
  atLocation(agent1, location2) := true
]

goals = [
  Exists (Receptacle - Checkable r) Exists (Obj - Checkable o) (inReceptacle(o, r) and objectType(o, handTowelType) and receptacleType(r, sideTableType))
]

quality metrics = [
  minimize sequential-plan-length
]


2025-06-17 11:20:30,884 - INFO - Generating plan for unconstrained problem

2025-06-17 11:20:31,308 - INFO - Unconstrained plan generation time: 0.4242379665374756

2025-06-17 11:20:31,308 - INFO - Unconstrained plan and cost: 
2025-06-17 11:20:31,308 - INFO - SequentialPlan:
    goToLocation(agent1, location2, location1)
    pickupObject(agent1, location1, handTowel_5, coffeeTable_10)
    goToLocation(agent1, location1, location6)
    putObject(agent1, location6, handTowel_5, sideTable_6, handTowelType, sideTableType)
2025-06-17 11:20:31,308 - INFO - 4
2025-06-17 11:20:31,540 - INFO - Sampled constraints:

2025-06-17 11:20:31,540 - INFO - Sometime((checked(toiletPaperRoll_3) or checked(remoteControl_9)))
2025-06-17 11:20:31,540 - INFO - 
2025-06-17 11:20:31,540 - INFO - Generation time: 0.23112273216247559

2025-06-17 11:20:31,540 - INFO - Generating plan for constrained problem (with LiftedTCORE).

2025-06-17 11:20:31,585 - INFO - LiftedTCORE compilation time: 0.04430079460144043

2025-06-17 11:20:32,043 - INFO - Planning Time with LiftedTCORE's file: 0.4579615592956543

2025-06-17 11:20:32,043 - INFO - Plan found with LiftedTCORE + sym_bd: SequentialPlan:
    examineObject(agent1, remoteControl_9)
    goToLocation(agent1, location2, location1)
    pickupObject(agent1, location1, handTowel_5, coffeeTable_10)
    goToLocation(agent1, location1, location6)
    putObject(agent1, location6, handTowel_5, sideTable_6, handTowelType, sideTableType)
2025-06-17 11:20:32,043 - INFO - Seed: 220 is solvable

2025-06-17 11:20:32,043 - INFO - Unconstrained cost: 4
2025-06-17 11:20:32,043 - INFO - Constrained cost: 5
2025-06-17 11:20:32,044 - INFO - Seed: 220 Plan simulation is feasible
2025-06-17 11:20:32,044 - INFO - 
Seed: 220 
 Plan: [examineObject(agent1, remoteControl_9), goToLocation(agent1, location2, location1), pickupObject(agent1, location1, handTowel_5, coffeeTable_10), goToLocation(agent1, location1, location6), putObject(agent1, location6, handTowel_5, sideTable_6, handTowelType, sideTableType)]  
 Cost: 5

