2025-06-17 11:16:59,290 - INFO - 
================= Seed: 85 =================

2025-06-17 11:16:59,290 - INFO - problem name = alfred

types = [ReceptacleType, ObjectType, Checkable, Agent - Checkable, Location - Checkable, Receptacle - Checkable, Obj - Checkable]

fluents = [
  bool atLocation[a=Agent - Checkable, l=Location - Checkable]
  bool receptacleAtLocation[r=Receptacle - Checkable, l=Location - Checkable]
  bool objectAtLocation[o=Obj - Checkable, l=Location - Checkable]
  bool openable[r=Receptacle - Checkable]
  bool opened[r=Receptacle - Checkable]
  bool inReceptacle[o=Obj - Checkable, r=Receptacle - Checkable]
  bool isReceptacleObject[o=Obj - Checkable]
  bool inReceptacleObject[innerObject=Obj - Checkable, outObject=Obj - Checkable]
  bool isReceptacleObjectFull[o=Obj - Checkable]
  bool wasInReceptacle[o=Obj - Checkable, r=Receptacle - Checkable]
  bool checked[c=Checkable]
  bool examined[l=Location - Checkable]
  bool receptacleType[r=Receptacle - Checkable, rt=ReceptacleType]
  bool canContain[rt=ReceptacleType, ot=ObjectType]
  bool objectType[o=Obj - Checkable, t=ObjectType]
  bool holds[a=Agent - Checkable, o=Obj - Checkable]
  bool holdsAny[a=Agent - Checkable]
  bool holdsAnyReceptacleObject[a=Agent - Checkable]
  bool full[r=Receptacle - Checkable]
  bool isClean[o=Obj - Checkable]
  bool cleanable[o=Obj - Checkable]
  bool isHot[o=Obj - Checkable]
  bool heatable[o=Obj - Checkable]
  bool isCool[o=Obj - Checkable]
  bool coolable[o=Obj - Checkable]
  bool pickupable[o=Obj - Checkable]
  bool moveable[o=Obj - Checkable]
  bool toggleable[o=Obj - Checkable]
  bool isOn[o=Obj - Checkable]
  bool isToggled[o=Obj - Checkable]
  bool sliceable[o=Obj - Checkable]
  bool isSliced[o=Obj - Checkable]
]

actions = [
  action look(Agent - Checkable a, Location - Checkable l) {
    preconditions = [
      atLocation(a, l)
    ]
    effects = [
      checked(l) := true
    ]
  }
  action inventory(Agent - Checkable a) {
    preconditions = [
    ]
    effects = [
      checked(a) := true
    ]
  }
  action examineReceptacle(Agent - Checkable a, Receptacle - Checkable r) {
    preconditions = [
      Exists (Location - Checkable l) (atLocation(a, l) and receptacleAtLocation(r, l))
    ]
    effects = [
      checked(r) := true
    ]
  }
  action examineObject(Agent - Checkable a, Obj - Checkable o) {
    preconditions = [
      (Exists (Location - Checkable l) Exists (Receptacle - Checkable r) (atLocation(a, l) and receptacleAtLocation(r, l) and inReceptacle(o, r) and ((not openable(r)) or opened(r))) or holds(a, o))
    ]
    effects = [
      checked(o) := true
    ]
  }
  action goToLocation(Agent - Checkable a, Location - Checkable lstart, Location - Checkable lend) {
    preconditions = [
      atLocation(a, lstart)
    ]
    effects = [
      atLocation(a, lstart) := false
      atLocation(a, lend) := true
    ]
  }
  action openObject(Agent - Checkable a, Location - Checkable l, Receptacle - Checkable r) {
    preconditions = [
      (openable(r) and atLocation(a, l) and receptacleAtLocation(r, l) and (not opened(r)))
    ]
    effects = [
      opened(r) := true
      checked(r) := true
    ]
  }
  action closeObject(Agent - Checkable a, Location - Checkable l, Receptacle - Checkable r) {
    preconditions = [
      (openable(r) and atLocation(a, l) and receptacleAtLocation(r, l) and opened(r))
    ]
    effects = [
      opened(r) := false
    ]
  }
  action pickupObject(Agent - Checkable a, Location - Checkable l, Obj - Checkable o, Receptacle - Checkable r) {
    preconditions = [
      (pickupable(o) and atLocation(a, l) and receptacleAtLocation(r, l) and inReceptacle(o, r) and (not holdsAny(a)) and ((not openable(r)) or opened(r)))
    ]
    effects = [
      inReceptacle(o, r) := false
      holds(a, o) := true
      holdsAny(a) := true
      objectAtLocation(o, l) := false
    ]
  }
  action putObject(Agent - Checkable a, Location - Checkable l, Obj - Checkable o, Receptacle - Checkable r, ObjectType ot, ReceptacleType rt) {
    preconditions = [
      (holds(a, o) and atLocation(a, l) and receptacleAtLocation(r, l) and ((not openable(r)) or opened(r)) and objectType(o, ot) and receptacleType(r, rt) and canContain(rt, ot))
    ]
    effects = [
      inReceptacle(o, r) := true
      objectAtLocation(o, l) := true
      holds(a, o) := false
      holdsAny(a) := false
    ]
  }
  action cleanObject(Agent - Checkable a, Location - Checkable l, Receptacle - Checkable r, Obj - Checkable o) {
    preconditions = [
      (cleanable(o) and receptacleType(r, sinkBasinType) and atLocation(a, l) and receptacleAtLocation(r, l) and holds(a, o))
    ]
    effects = [
      isClean(o) := true
    ]
  }
  action heatObject(Agent - Checkable a, Location - Checkable l, Receptacle - Checkable r, Obj - Checkable o) {
    preconditions = [
      (heatable(o) and receptacleType(r, microwaveType) and atLocation(a, l) and receptacleAtLocation(r, l) and holds(a, o))
    ]
    effects = [
      isHot(o) := true
      isCool(o) := false
    ]
  }
  action coolObject(Agent - Checkable a, Location - Checkable l, Receptacle - Checkable r, Obj - Checkable o) {
    preconditions = [
      (coolable(o) and receptacleType(r, fridgeType) and atLocation(a, l) and receptacleAtLocation(r, l) and holds(a, o))
    ]
    effects = [
      isCool(o) := true
      isHot(o) := false
    ]
  }
  action toggleObject(Agent - Checkable a, Location - Checkable l, Obj - Checkable o, Receptacle - Checkable r) {
    preconditions = [
      (toggleable(o) and atLocation(a, l) and receptacleAtLocation(r, l) and inReceptacle(o, r))
    ]
    effects = [
      if isOn(o) then isOn(o) := false
      if (not isOn(o)) then isOn(o) := true
      isToggled(o) := true
    ]
  }
  action sliceObject(Agent - Checkable a, Location - Checkable l, Obj - Checkable co, Obj - Checkable ko) {
    preconditions = [
      (sliceable(co) and (objectType(ko, knifeType) or objectType(ko, butterKnifeType)) and atLocation(a, l) and objectAtLocation(co, l) and holds(a, ko))
    ]
    effects = [
      isSliced(co) := true
    ]
  }
  action help(Agent - Checkable a) {
    preconditions = [
    ]
    effects = [
      checked(a) := true
    ]
  }
]

objects = [
  ReceptacleType: [sinkBasinType, microwaveType, fridgeType, counterTopType, ottomanType, armChairType, bedType, tvStandType, sideTableType]
  ObjectType: [knifeType, butterKnifeType, creditCardType, penType, sprayBottleType, panType, pillowType, laptopType, wateringCanType, remoteControlType, mugType]
  Checkable: [agent1, location1, location2, location3, location4, location5, location6, location7, location8, location9, location10, counterTop_1, ottoman_2, armChair_3, bed_4, sinkBasin_5, microwave_6, tvStand_7, counterTop_8, fridge_9, sideTable_10, microwave_11, fridge_12, creditCard_1, pen_2, creditCard_3, sprayBottle_4, pan_5, pillow_6, laptop_7, wateringCan_8, remoteControl_9, mug_10]
  Agent - Checkable: [agent1]
  Location - Checkable: [location1, location2, location3, location4, location5, location6, location7, location8, location9, location10]
  Receptacle - Checkable: [counterTop_1, ottoman_2, armChair_3, bed_4, sinkBasin_5, microwave_6, tvStand_7, counterTop_8, fridge_9, sideTable_10, microwave_11, fridge_12]
  Obj - Checkable: [creditCard_1, pen_2, creditCard_3, sprayBottle_4, pan_5, pillow_6, laptop_7, wateringCan_8, remoteControl_9, mug_10]
]

initial fluents default = [
  bool atLocation[a=Agent - Checkable, l=Location - Checkable] := false
  bool receptacleAtLocation[r=Receptacle - Checkable, l=Location - Checkable] := false
  bool objectAtLocation[o=Obj - Checkable, l=Location - Checkable] := false
  bool openable[r=Receptacle - Checkable] := false
  bool opened[r=Receptacle - Checkable] := false
  bool inReceptacle[o=Obj - Checkable, r=Receptacle - Checkable] := false
  bool isReceptacleObject[o=Obj - Checkable] := false
  bool inReceptacleObject[innerObject=Obj - Checkable, outObject=Obj - Checkable] := false
  bool isReceptacleObjectFull[o=Obj - Checkable] := false
  bool wasInReceptacle[o=Obj - Checkable, r=Receptacle - Checkable] := false
  bool checked[c=Checkable] := false
  bool examined[l=Location - Checkable] := false
  bool receptacleType[r=Receptacle - Checkable, rt=ReceptacleType] := false
  bool canContain[rt=ReceptacleType, ot=ObjectType] := false
  bool objectType[o=Obj - Checkable, t=ObjectType] := false
  bool holds[a=Agent - Checkable, o=Obj - Checkable] := false
  bool holdsAny[a=Agent - Checkable] := false
  bool holdsAnyReceptacleObject[a=Agent - Checkable] := false
  bool full[r=Receptacle - Checkable] := false
  bool isClean[o=Obj - Checkable] := false
  bool cleanable[o=Obj - Checkable] := false
  bool isHot[o=Obj - Checkable] := false
  bool heatable[o=Obj - Checkable] := false
  bool isCool[o=Obj - Checkable] := false
  bool coolable[o=Obj - Checkable] := false
  bool pickupable[o=Obj - Checkable] := false
  bool moveable[o=Obj - Checkable] := false
  bool toggleable[o=Obj - Checkable] := false
  bool isOn[o=Obj - Checkable] := false
  bool isToggled[o=Obj - Checkable] := false
  bool sliceable[o=Obj - Checkable] := false
  bool isSliced[o=Obj - Checkable] := false
]

initial values = [
  receptacleType(counterTop_1, counterTopType) := true
  receptacleType(ottoman_2, ottomanType) := true
  receptacleType(armChair_3, armChairType) := true
  receptacleType(bed_4, bedType) := true
  receptacleType(sinkBasin_5, sinkBasinType) := true
  receptacleType(microwave_6, microwaveType) := true
  receptacleType(tvStand_7, tvStandType) := true
  receptacleType(counterTop_8, counterTopType) := true
  receptacleType(fridge_9, fridgeType) := true
  receptacleType(sideTable_10, sideTableType) := true
  receptacleType(microwave_11, microwaveType) := true
  receptacleType(fridge_12, fridgeType) := true
  objectType(creditCard_1, creditCardType) := true
  objectType(pen_2, penType) := true
  objectType(creditCard_3, creditCardType) := true
  objectType(sprayBottle_4, sprayBottleType) := true
  objectType(pan_5, panType) := true
  objectType(pillow_6, pillowType) := true
  objectType(laptop_7, laptopType) := true
  objectType(wateringCan_8, wateringCanType) := true
  objectType(remoteControl_9, remoteControlType) := true
  objectType(mug_10, mugType) := true
  canContain(counterTopType, creditCardType) := true
  canContain(counterTopType, penType) := true
  canContain(counterTopType, sprayBottleType) := true
  canContain(counterTopType, panType) := true
  canContain(counterTopType, laptopType) := true
  canContain(counterTopType, wateringCanType) := true
  canContain(counterTopType, remoteControlType) := true
  canContain(counterTopType, mugType) := true
  canContain(ottomanType, creditCardType) := true
  canContain(ottomanType, pillowType) := true
  canContain(ottomanType, laptopType) := true
  canContain(ottomanType, remoteControlType) := true
  canContain(armChairType, creditCardType) := true
  canContain(armChairType, pillowType) := true
  canContain(armChairType, laptopType) := true
  canContain(armChairType, remoteControlType) := true
  canContain(bedType, pillowType) := true
  canContain(bedType, laptopType) := true
  canContain(sinkBasinType, panType) := true
  canContain(sinkBasinType, mugType) := true
  canContain(microwaveType, mugType) := true
  canContain(fridgeType, panType) := true
  canContain(fridgeType, mugType) := true
  canContain(sideTableType, creditCardType) := true
  canContain(sideTableType, penType) := true
  canContain(sideTableType, sprayBottleType) := true
  canContain(sideTableType, panType) := true
  canContain(sideTableType, laptopType) := true
  canContain(sideTableType, wateringCanType) := true
  canContain(sideTableType, remoteControlType) := true
  canContain(sideTableType, mugType) := true
  pickupable(creditCard_1) := true
  pickupable(pen_2) := true
  pickupable(creditCard_3) := true
  pickupable(sprayBottle_4) := true
  pickupable(pan_5) := true
  isReceptacleObject(pan_5) := true
  cleanable(pan_5) := true
  coolable(pan_5) := true
  pickupable(pillow_6) := true
  pickupable(laptop_7) := true
  pickupable(wateringCan_8) := true
  pickupable(remoteControl_9) := true
  pickupable(mug_10) := true
  isReceptacleObject(mug_10) := true
  cleanable(mug_10) := true
  heatable(mug_10) := true
  coolable(mug_10) := true
  receptacleAtLocation(counterTop_1, location8) := true
  receptacleAtLocation(ottoman_2, location10) := true
  receptacleAtLocation(armChair_3, location8) := true
  receptacleAtLocation(bed_4, location8) := true
  receptacleAtLocation(sinkBasin_5, location4) := true
  receptacleAtLocation(microwave_6, location4) := true
  receptacleAtLocation(tvStand_7, location3) := true
  receptacleAtLocation(counterTop_8, location7) := true
  receptacleAtLocation(fridge_9, location2) := true
  receptacleAtLocation(sideTable_10, location6) := true
  receptacleAtLocation(microwave_11, location3) := true
  receptacleAtLocation(fridge_12, location1) := true
  inReceptacle(creditCard_1, sideTable_10) := true
  inReceptacle(pen_2, counterTop_1) := true
  inReceptacle(creditCard_3, counterTop_8) := true
  inReceptacle(sprayBottle_4, counterTop_1) := true
  inReceptacle(pan_5, sinkBasin_5) := true
  inReceptacle(pillow_6, ottoman_2) := true
  inReceptacle(laptop_7, armChair_3) := true
  inReceptacle(wateringCan_8, counterTop_8) := true
  inReceptacle(remoteControl_9, counterTop_8) := true
  inReceptacle(mug_10, counterTop_1) := true
  objectAtLocation(creditCard_1, location6) := true
  objectAtLocation(pen_2, location8) := true
  objectAtLocation(creditCard_3, location7) := true
  objectAtLocation(sprayBottle_4, location8) := true
  objectAtLocation(pan_5, location4) := true
  objectAtLocation(pillow_6, location10) := true
  objectAtLocation(laptop_7, location8) := true
  objectAtLocation(wateringCan_8, location7) := true
  objectAtLocation(remoteControl_9, location7) := true
  objectAtLocation(mug_10, location8) := true
  atLocation(agent1, location5) := true
]

goals = [
  Exists (Receptacle - Checkable r) Exists (Obj - Checkable o1) (inReceptacle(o1, r) and objectType(o1, mugType) and receptacleType(r, sideTableType) and Exists (Obj - Checkable o2) ((not (o1 == o2)) and objectType(o2, mugType) and receptacleType(r, sideTableType) and inReceptacle(o2, r)))
]

quality metrics = [
  minimize sequential-plan-length
]


2025-06-17 11:16:59,293 - INFO - Generating plan for unconstrained problem

2025-06-17 11:16:59,642 - INFO - Unconstrained plan generation time: 0.34985899925231934

