2025-06-17 09:57:24,727 - INFO - 
================= Seed: 594 =================

2025-06-17 09:57:24,740 - INFO - problem name = alfred

types = [ReceptacleType, ObjectType, Checkable, Agent - Checkable, Location - Checkable, Receptacle - Checkable, Obj - Checkable]

fluents = [
  bool atLocation[a=Agent - Checkable, l=Location - Checkable]
  bool receptacleAtLocation[r=Receptacle - Checkable, l=Location - Checkable]
  bool objectAtLocation[o=Obj - Checkable, l=Location - Checkable]
  bool openable[r=Receptacle - Checkable]
  bool opened[r=Receptacle - Checkable]
  bool inReceptacle[o=Obj - Checkable, r=Receptacle - Checkable]
  bool isReceptacleObject[o=Obj - Checkable]
  bool inReceptacleObject[innerObject=Obj - Checkable, outObject=Obj - Checkable]
  bool isReceptacleObjectFull[o=Obj - Checkable]
  bool wasInReceptacle[o=Obj - Checkable, r=Receptacle - Checkable]
  bool checked[c=Checkable]
  bool examined[l=Location - Checkable]
  bool receptacleType[r=Receptacle - Checkable, rt=ReceptacleType]
  bool canContain[rt=ReceptacleType, ot=ObjectType]
  bool objectType[o=Obj - Checkable, t=ObjectType]
  bool holds[a=Agent - Checkable, o=Obj - Checkable]
  bool holdsAny[a=Agent - Checkable]
  bool holdsAnyReceptacleObject[a=Agent - Checkable]
  bool full[r=Receptacle - Checkable]
  bool isClean[o=Obj - Checkable]
  bool cleanable[o=Obj - Checkable]
  bool isHot[o=Obj - Checkable]
  bool heatable[o=Obj - Checkable]
  bool isCool[o=Obj - Checkable]
  bool coolable[o=Obj - Checkable]
  bool pickupable[o=Obj - Checkable]
  bool moveable[o=Obj - Checkable]
  bool toggleable[o=Obj - Checkable]
  bool isOn[o=Obj - Checkable]
  bool isToggled[o=Obj - Checkable]
  bool sliceable[o=Obj - Checkable]
  bool isSliced[o=Obj - Checkable]
]

actions = [
  action look(Agent - Checkable a, Location - Checkable l) {
    preconditions = [
      atLocation(a, l)
    ]
    effects = [
      checked(l) := true
    ]
  }
  action inventory(Agent - Checkable a) {
    preconditions = [
    ]
    effects = [
      checked(a) := true
    ]
  }
  action examineReceptacle(Agent - Checkable a, Receptacle - Checkable r) {
    preconditions = [
      Exists (Location - Checkable l) (atLocation(a, l) and receptacleAtLocation(r, l))
    ]
    effects = [
      checked(r) := true
    ]
  }
  action examineObject(Agent - Checkable a, Obj - Checkable o) {
    preconditions = [
      (Exists (Location - Checkable l) Exists (Receptacle - Checkable r) (atLocation(a, l) and receptacleAtLocation(r, l) and inReceptacle(o, r) and ((not openable(r)) or opened(r))) or holds(a, o))
    ]
    effects = [
      checked(o) := true
    ]
  }
  action goToLocation(Agent - Checkable a, Location - Checkable lstart, Location - Checkable lend) {
    preconditions = [
      atLocation(a, lstart)
    ]
    effects = [
      atLocation(a, lstart) := false
      atLocation(a, lend) := true
    ]
  }
  action openObject(Agent - Checkable a, Location - Checkable l, Receptacle - Checkable r) {
    preconditions = [
      (openable(r) and atLocation(a, l) and receptacleAtLocation(r, l) and (not opened(r)))
    ]
    effects = [
      opened(r) := true
      checked(r) := true
    ]
  }
  action closeObject(Agent - Checkable a, Location - Checkable l, Receptacle - Checkable r) {
    preconditions = [
      (openable(r) and atLocation(a, l) and receptacleAtLocation(r, l) and opened(r))
    ]
    effects = [
      opened(r) := false
    ]
  }
  action pickupObject(Agent - Checkable a, Location - Checkable l, Obj - Checkable o, Receptacle - Checkable r) {
    preconditions = [
      (pickupable(o) and atLocation(a, l) and receptacleAtLocation(r, l) and inReceptacle(o, r) and (not holdsAny(a)) and ((not openable(r)) or opened(r)))
    ]
    effects = [
      inReceptacle(o, r) := false
      holds(a, o) := true
      holdsAny(a) := true
      objectAtLocation(o, l) := false
    ]
  }
  action putObject(Agent - Checkable a, Location - Checkable l, Obj - Checkable o, Receptacle - Checkable r, ObjectType ot, ReceptacleType rt) {
    preconditions = [
      (holds(a, o) and atLocation(a, l) and receptacleAtLocation(r, l) and ((not openable(r)) or opened(r)) and objectType(o, ot) and receptacleType(r, rt) and canContain(rt, ot))
    ]
    effects = [
      inReceptacle(o, r) := true
      objectAtLocation(o, l) := true
      holds(a, o) := false
      holdsAny(a) := false
    ]
  }
  action cleanObject(Agent - Checkable a, Location - Checkable l, Receptacle - Checkable r, Obj - Checkable o) {
    preconditions = [
      (cleanable(o) and receptacleType(r, sinkBasinType) and atLocation(a, l) and receptacleAtLocation(r, l) and holds(a, o))
    ]
    effects = [
      isClean(o) := true
    ]
  }
  action heatObject(Agent - Checkable a, Location - Checkable l, Receptacle - Checkable r, Obj - Checkable o) {
    preconditions = [
      (heatable(o) and receptacleType(r, microwaveType) and atLocation(a, l) and receptacleAtLocation(r, l) and holds(a, o))
    ]
    effects = [
      isHot(o) := true
      isCool(o) := false
    ]
  }
  action coolObject(Agent - Checkable a, Location - Checkable l, Receptacle - Checkable r, Obj - Checkable o) {
    preconditions = [
      (coolable(o) and receptacleType(r, fridgeType) and atLocation(a, l) and receptacleAtLocation(r, l) and holds(a, o))
    ]
    effects = [
      isCool(o) := true
      isHot(o) := false
    ]
  }
  action toggleObject(Agent - Checkable a, Location - Checkable l, Obj - Checkable o, Receptacle - Checkable r) {
    preconditions = [
      (toggleable(o) and atLocation(a, l) and receptacleAtLocation(r, l) and inReceptacle(o, r))
    ]
    effects = [
      if isOn(o) then isOn(o) := false
      if (not isOn(o)) then isOn(o) := true
      isToggled(o) := true
    ]
  }
  action sliceObject(Agent - Checkable a, Location - Checkable l, Obj - Checkable co, Obj - Checkable ko) {
    preconditions = [
      (sliceable(co) and (objectType(ko, knifeType) or objectType(ko, butterKnifeType)) and atLocation(a, l) and objectAtLocation(co, l) and holds(a, ko))
    ]
    effects = [
      isSliced(co) := true
    ]
  }
  action help(Agent - Checkable a) {
    preconditions = [
    ]
    effects = [
      checked(a) := true
    ]
  }
]

objects = [
  ReceptacleType: [sinkBasinType, microwaveType, fridgeType, cabinetType, toiletPaperHangerType, sofaType, armChairType, counterTopType, handTowelHolderType, drawerType, dresserType, toasterType]
  ObjectType: [knifeType, butterKnifeType, tomatoType, spoonType, toiletPaperType, eggType, vaseType, creditCardType, alarmClockType, bowlType, bookType, panType]
  Checkable: [agent1, location1, location2, location3, location4, location5, location6, location7, location8, location9, location10, cabinet_1, toiletPaperHanger_2, sofa_3, armChair_4, counterTop_5, handTowelHolder_6, drawer_7, drawer_8, dresser_9, toaster_10, tomato_1, spoon_2, toiletPaper_3, egg_4, vase_5, creditCard_6, alarmClock_7, bowl_8, book_9, pan_10]
  Agent - Checkable: [agent1]
  Location - Checkable: [location1, location2, location3, location4, location5, location6, location7, location8, location9, location10]
  Receptacle - Checkable: [cabinet_1, toiletPaperHanger_2, sofa_3, armChair_4, counterTop_5, handTowelHolder_6, drawer_7, drawer_8, dresser_9, toaster_10]
  Obj - Checkable: [tomato_1, spoon_2, toiletPaper_3, egg_4, vase_5, creditCard_6, alarmClock_7, bowl_8, book_9, pan_10]
]

initial fluents default = [
  bool atLocation[a=Agent - Checkable, l=Location - Checkable] := false
  bool receptacleAtLocation[r=Receptacle - Checkable, l=Location - Checkable] := false
  bool objectAtLocation[o=Obj - Checkable, l=Location - Checkable] := false
  bool openable[r=Receptacle - Checkable] := false
  bool opened[r=Receptacle - Checkable] := false
  bool inReceptacle[o=Obj - Checkable, r=Receptacle - Checkable] := false
  bool isReceptacleObject[o=Obj - Checkable] := false
  bool inReceptacleObject[innerObject=Obj - Checkable, outObject=Obj - Checkable] := false
  bool isReceptacleObjectFull[o=Obj - Checkable] := false
  bool wasInReceptacle[o=Obj - Checkable, r=Receptacle - Checkable] := false
  bool checked[c=Checkable] := false
  bool examined[l=Location - Checkable] := false
  bool receptacleType[r=Receptacle - Checkable, rt=ReceptacleType] := false
  bool canContain[rt=ReceptacleType, ot=ObjectType] := false
  bool objectType[o=Obj - Checkable, t=ObjectType] := false
  bool holds[a=Agent - Checkable, o=Obj - Checkable] := false
  bool holdsAny[a=Agent - Checkable] := false
  bool holdsAnyReceptacleObject[a=Agent - Checkable] := false
  bool full[r=Receptacle - Checkable] := false
  bool isClean[o=Obj - Checkable] := false
  bool cleanable[o=Obj - Checkable] := false
  bool isHot[o=Obj - Checkable] := false
  bool heatable[o=Obj - Checkable] := false
  bool isCool[o=Obj - Checkable] := false
  bool coolable[o=Obj - Checkable] := false
  bool pickupable[o=Obj - Checkable] := false
  bool moveable[o=Obj - Checkable] := false
  bool toggleable[o=Obj - Checkable] := false
  bool isOn[o=Obj - Checkable] := false
  bool isToggled[o=Obj - Checkable] := false
  bool sliceable[o=Obj - Checkable] := false
  bool isSliced[o=Obj - Checkable] := false
]

initial values = [
  receptacleType(cabinet_1, cabinetType) := true
  receptacleType(toiletPaperHanger_2, toiletPaperHangerType) := true
  receptacleType(sofa_3, sofaType) := true
  receptacleType(armChair_4, armChairType) := true
  receptacleType(counterTop_5, counterTopType) := true
  receptacleType(handTowelHolder_6, handTowelHolderType) := true
  receptacleType(drawer_7, drawerType) := true
  receptacleType(drawer_8, drawerType) := true
  receptacleType(dresser_9, dresserType) := true
  receptacleType(toaster_10, toasterType) := true
  objectType(tomato_1, tomatoType) := true
  objectType(spoon_2, spoonType) := true
  objectType(toiletPaper_3, toiletPaperType) := true
  objectType(egg_4, eggType) := true
  objectType(vase_5, vaseType) := true
  objectType(creditCard_6, creditCardType) := true
  objectType(alarmClock_7, alarmClockType) := true
  objectType(bowl_8, bowlType) := true
  objectType(book_9, bookType) := true
  objectType(pan_10, panType) := true
  canContain(cabinetType, toiletPaperType) := true
  canContain(cabinetType, vaseType) := true
  canContain(cabinetType, bowlType) := true
  canContain(cabinetType, bookType) := true
  canContain(cabinetType, panType) := true
  canContain(toiletPaperHangerType, toiletPaperType) := true
  canContain(sofaType, creditCardType) := true
  canContain(sofaType, bookType) := true
  canContain(armChairType, creditCardType) := true
  canContain(armChairType, bookType) := true
  canContain(counterTopType, tomatoType) := true
  canContain(counterTopType, spoonType) := true
  canContain(counterTopType, toiletPaperType) := true
  canContain(counterTopType, eggType) := true
  canContain(counterTopType, vaseType) := true
  canContain(counterTopType, creditCardType) := true
  canContain(counterTopType, alarmClockType) := true
  canContain(counterTopType, bowlType) := true
  canContain(counterTopType, bookType) := true
  canContain(counterTopType, panType) := true
  canContain(drawerType, spoonType) := true
  canContain(drawerType, toiletPaperType) := true
  canContain(drawerType, creditCardType) := true
  canContain(drawerType, bookType) := true
  canContain(dresserType, toiletPaperType) := true
  canContain(dresserType, vaseType) := true
  canContain(dresserType, creditCardType) := true
  canContain(dresserType, alarmClockType) := true
  canContain(dresserType, bowlType) := true
  canContain(dresserType, bookType) := true
  pickupable(tomato_1) := true
  cleanable(tomato_1) := true
  heatable(tomato_1) := true
  coolable(tomato_1) := true
  sliceable(tomato_1) := true
  pickupable(spoon_2) := true
  cleanable(spoon_2) := true
  pickupable(toiletPaper_3) := true
  pickupable(egg_4) := true
  cleanable(egg_4) := true
  heatable(egg_4) := true
  coolable(egg_4) := true
  sliceable(egg_4) := true
  pickupable(vase_5) := true
  pickupable(creditCard_6) := true
  pickupable(alarmClock_7) := true
  pickupable(bowl_8) := true
  isReceptacleObject(bowl_8) := true
  cleanable(bowl_8) := true
  coolable(bowl_8) := true
  pickupable(book_9) := true
  pickupable(pan_10) := true
  isReceptacleObject(pan_10) := true
  cleanable(pan_10) := true
  coolable(pan_10) := true
  receptacleAtLocation(cabinet_1, location6) := true
  receptacleAtLocation(toiletPaperHanger_2, location1) := true
  receptacleAtLocation(sofa_3, location8) := true
  receptacleAtLocation(armChair_4, location9) := true
  receptacleAtLocation(counterTop_5, location10) := true
  receptacleAtLocation(handTowelHolder_6, location7) := true
  receptacleAtLocation(drawer_7, location7) := true
  receptacleAtLocation(drawer_8, location9) := true
  receptacleAtLocation(dresser_9, location3) := true
  receptacleAtLocation(toaster_10, location4) := true
  inReceptacle(toiletPaper_3, dresser_9) := true
  inReceptacle(egg_4, counterTop_5) := true
  inReceptacle(alarmClock_7, dresser_9) := true
  inReceptacle(book_9, drawer_7) := true
  objectAtLocation(tomato_1, location7) := true
  objectAtLocation(spoon_2, location4) := true
  objectAtLocation(toiletPaper_3, location3) := true
  objectAtLocation(egg_4, location10) := true
  objectAtLocation(vase_5, location8) := true
  objectAtLocation(creditCard_6, location1) := true
  objectAtLocation(alarmClock_7, location3) := true
  objectAtLocation(bowl_8, location5) := true
  objectAtLocation(book_9, location7) := true
  objectAtLocation(pan_10, location7) := true
  atLocation(agent1, location4) := true
]

goals = [
  Exists (Receptacle - Checkable r) Exists (Obj - Checkable o1) (inReceptacle(o1, r) and objectType(o1, panType) and receptacleType(r, counterTopType) and Exists (Obj - Checkable o2) ((not (o1 == o2)) and objectType(o2, creditCardType) and receptacleType(r, counterTopType) and inReceptacle(o2, r)))
]

quality metrics = [
  minimize sequential-plan-length
]


2025-06-17 09:57:24,744 - INFO - Generating plan for unconstrained problem

2025-06-17 09:57:25,091 - INFO - Unconstrained plan generation time: 0.3463869094848633

