2025-06-17 09:55:07,633 - INFO - 
================= Seed: 416 =================

2025-06-17 09:55:07,638 - INFO - problem name = alfred

types = [ReceptacleType, ObjectType, Checkable, Agent - Checkable, Location - Checkable, Receptacle - Checkable, Obj - Checkable]

fluents = [
  bool atLocation[a=Agent - Checkable, l=Location - Checkable]
  bool receptacleAtLocation[r=Receptacle - Checkable, l=Location - Checkable]
  bool objectAtLocation[o=Obj - Checkable, l=Location - Checkable]
  bool openable[r=Receptacle - Checkable]
  bool opened[r=Receptacle - Checkable]
  bool inReceptacle[o=Obj - Checkable, r=Receptacle - Checkable]
  bool isReceptacleObject[o=Obj - Checkable]
  bool inReceptacleObject[innerObject=Obj - Checkable, outObject=Obj - Checkable]
  bool isReceptacleObjectFull[o=Obj - Checkable]
  bool wasInReceptacle[o=Obj - Checkable, r=Receptacle - Checkable]
  bool checked[c=Checkable]
  bool examined[l=Location - Checkable]
  bool receptacleType[r=Receptacle - Checkable, rt=ReceptacleType]
  bool canContain[rt=ReceptacleType, ot=ObjectType]
  bool objectType[o=Obj - Checkable, t=ObjectType]
  bool holds[a=Agent - Checkable, o=Obj - Checkable]
  bool holdsAny[a=Agent - Checkable]
  bool holdsAnyReceptacleObject[a=Agent - Checkable]
  bool full[r=Receptacle - Checkable]
  bool isClean[o=Obj - Checkable]
  bool cleanable[o=Obj - Checkable]
  bool isHot[o=Obj - Checkable]
  bool heatable[o=Obj - Checkable]
  bool isCool[o=Obj - Checkable]
  bool coolable[o=Obj - Checkable]
  bool pickupable[o=Obj - Checkable]
  bool moveable[o=Obj - Checkable]
  bool toggleable[o=Obj - Checkable]
  bool isOn[o=Obj - Checkable]
  bool isToggled[o=Obj - Checkable]
  bool sliceable[o=Obj - Checkable]
  bool isSliced[o=Obj - Checkable]
]

actions = [
  action look(Agent - Checkable a, Location - Checkable l) {
    preconditions = [
      atLocation(a, l)
    ]
    effects = [
      checked(l) := true
    ]
  }
  action inventory(Agent - Checkable a) {
    preconditions = [
    ]
    effects = [
      checked(a) := true
    ]
  }
  action examineReceptacle(Agent - Checkable a, Receptacle - Checkable r) {
    preconditions = [
      Exists (Location - Checkable l) (atLocation(a, l) and receptacleAtLocation(r, l))
    ]
    effects = [
      checked(r) := true
    ]
  }
  action examineObject(Agent - Checkable a, Obj - Checkable o) {
    preconditions = [
      (Exists (Location - Checkable l) Exists (Receptacle - Checkable r) (atLocation(a, l) and receptacleAtLocation(r, l) and inReceptacle(o, r) and ((not openable(r)) or opened(r))) or holds(a, o))
    ]
    effects = [
      checked(o) := true
    ]
  }
  action goToLocation(Agent - Checkable a, Location - Checkable lstart, Location - Checkable lend) {
    preconditions = [
      atLocation(a, lstart)
    ]
    effects = [
      atLocation(a, lstart) := false
      atLocation(a, lend) := true
    ]
  }
  action openObject(Agent - Checkable a, Location - Checkable l, Receptacle - Checkable r) {
    preconditions = [
      (openable(r) and atLocation(a, l) and receptacleAtLocation(r, l) and (not opened(r)))
    ]
    effects = [
      opened(r) := true
      checked(r) := true
    ]
  }
  action closeObject(Agent - Checkable a, Location - Checkable l, Receptacle - Checkable r) {
    preconditions = [
      (openable(r) and atLocation(a, l) and receptacleAtLocation(r, l) and opened(r))
    ]
    effects = [
      opened(r) := false
    ]
  }
  action pickupObject(Agent - Checkable a, Location - Checkable l, Obj - Checkable o, Receptacle - Checkable r) {
    preconditions = [
      (pickupable(o) and atLocation(a, l) and receptacleAtLocation(r, l) and inReceptacle(o, r) and (not holdsAny(a)) and ((not openable(r)) or opened(r)))
    ]
    effects = [
      inReceptacle(o, r) := false
      holds(a, o) := true
      holdsAny(a) := true
      objectAtLocation(o, l) := false
    ]
  }
  action putObject(Agent - Checkable a, Location - Checkable l, Obj - Checkable o, Receptacle - Checkable r, ObjectType ot, ReceptacleType rt) {
    preconditions = [
      (holds(a, o) and atLocation(a, l) and receptacleAtLocation(r, l) and ((not openable(r)) or opened(r)) and objectType(o, ot) and receptacleType(r, rt) and canContain(rt, ot))
    ]
    effects = [
      inReceptacle(o, r) := true
      objectAtLocation(o, l) := true
      holds(a, o) := false
      holdsAny(a) := false
    ]
  }
  action cleanObject(Agent - Checkable a, Location - Checkable l, Receptacle - Checkable r, Obj - Checkable o) {
    preconditions = [
      (cleanable(o) and receptacleType(r, sinkBasinType) and atLocation(a, l) and receptacleAtLocation(r, l) and holds(a, o))
    ]
    effects = [
      isClean(o) := true
    ]
  }
  action heatObject(Agent - Checkable a, Location - Checkable l, Receptacle - Checkable r, Obj - Checkable o) {
    preconditions = [
      (heatable(o) and receptacleType(r, microwaveType) and atLocation(a, l) and receptacleAtLocation(r, l) and holds(a, o))
    ]
    effects = [
      isHot(o) := true
      isCool(o) := false
    ]
  }
  action coolObject(Agent - Checkable a, Location - Checkable l, Receptacle - Checkable r, Obj - Checkable o) {
    preconditions = [
      (coolable(o) and receptacleType(r, fridgeType) and atLocation(a, l) and receptacleAtLocation(r, l) and holds(a, o))
    ]
    effects = [
      isCool(o) := true
      isHot(o) := false
    ]
  }
  action toggleObject(Agent - Checkable a, Location - Checkable l, Obj - Checkable o, Receptacle - Checkable r) {
    preconditions = [
      (toggleable(o) and atLocation(a, l) and receptacleAtLocation(r, l) and inReceptacle(o, r))
    ]
    effects = [
      if isOn(o) then isOn(o) := false
      if (not isOn(o)) then isOn(o) := true
      isToggled(o) := true
    ]
  }
  action sliceObject(Agent - Checkable a, Location - Checkable l, Obj - Checkable co, Obj - Checkable ko) {
    preconditions = [
      (sliceable(co) and (objectType(ko, knifeType) or objectType(ko, butterKnifeType)) and atLocation(a, l) and objectAtLocation(co, l) and holds(a, ko))
    ]
    effects = [
      isSliced(co) := true
    ]
  }
  action help(Agent - Checkable a) {
    preconditions = [
    ]
    effects = [
      checked(a) := true
    ]
  }
]

objects = [
  ReceptacleType: [sinkBasinType, microwaveType, fridgeType, garbageCanType, bedType, bathtubBasinType, towelHolderType, armChairType, sofaType, dresserType, handTowelHolderType]
  ObjectType: [knifeType, butterKnifeType, paperTowelType, bowlType, pencilType, tennisRacketType, tomatoType, bookType, soapBottleType, newspaperType, remoteControlType, plateType]
  Checkable: [agent1, location1, location2, location3, location4, location5, location6, location7, location8, location9, location10, garbageCan_1, bed_2, bathtubBasin_3, towelHolder_4, bathtubBasin_5, armChair_6, sofa_7, dresser_8, bathtubBasin_9, handTowelHolder_10, paperTowel_1, bowl_2, pencil_3, tennisRacket_4, tomato_5, book_6, soapBottle_7, newspaper_8, remoteControl_9, plate_10]
  Agent - Checkable: [agent1]
  Location - Checkable: [location1, location2, location3, location4, location5, location6, location7, location8, location9, location10]
  Receptacle - Checkable: [garbageCan_1, bed_2, bathtubBasin_3, towelHolder_4, bathtubBasin_5, armChair_6, sofa_7, dresser_8, bathtubBasin_9, handTowelHolder_10]
  Obj - Checkable: [paperTowel_1, bowl_2, pencil_3, tennisRacket_4, tomato_5, book_6, soapBottle_7, newspaper_8, remoteControl_9, plate_10]
]

initial fluents default = [
  bool atLocation[a=Agent - Checkable, l=Location - Checkable] := false
  bool receptacleAtLocation[r=Receptacle - Checkable, l=Location - Checkable] := false
  bool objectAtLocation[o=Obj - Checkable, l=Location - Checkable] := false
  bool openable[r=Receptacle - Checkable] := false
  bool opened[r=Receptacle - Checkable] := false
  bool inReceptacle[o=Obj - Checkable, r=Receptacle - Checkable] := false
  bool isReceptacleObject[o=Obj - Checkable] := false
  bool inReceptacleObject[innerObject=Obj - Checkable, outObject=Obj - Checkable] := false
  bool isReceptacleObjectFull[o=Obj - Checkable] := false
  bool wasInReceptacle[o=Obj - Checkable, r=Receptacle - Checkable] := false
  bool checked[c=Checkable] := false
  bool examined[l=Location - Checkable] := false
  bool receptacleType[r=Receptacle - Checkable, rt=ReceptacleType] := false
  bool canContain[rt=ReceptacleType, ot=ObjectType] := false
  bool objectType[o=Obj - Checkable, t=ObjectType] := false
  bool holds[a=Agent - Checkable, o=Obj - Checkable] := false
  bool holdsAny[a=Agent - Checkable] := false
  bool holdsAnyReceptacleObject[a=Agent - Checkable] := false
  bool full[r=Receptacle - Checkable] := false
  bool isClean[o=Obj - Checkable] := false
  bool cleanable[o=Obj - Checkable] := false
  bool isHot[o=Obj - Checkable] := false
  bool heatable[o=Obj - Checkable] := false
  bool isCool[o=Obj - Checkable] := false
  bool coolable[o=Obj - Checkable] := false
  bool pickupable[o=Obj - Checkable] := false
  bool moveable[o=Obj - Checkable] := false
  bool toggleable[o=Obj - Checkable] := false
  bool isOn[o=Obj - Checkable] := false
  bool isToggled[o=Obj - Checkable] := false
  bool sliceable[o=Obj - Checkable] := false
  bool isSliced[o=Obj - Checkable] := false
]

initial values = [
  receptacleType(garbageCan_1, garbageCanType) := true
  receptacleType(bed_2, bedType) := true
  receptacleType(bathtubBasin_3, bathtubBasinType) := true
  receptacleType(towelHolder_4, towelHolderType) := true
  receptacleType(bathtubBasin_5, bathtubBasinType) := true
  receptacleType(armChair_6, armChairType) := true
  receptacleType(sofa_7, sofaType) := true
  receptacleType(dresser_8, dresserType) := true
  receptacleType(bathtubBasin_9, bathtubBasinType) := true
  receptacleType(handTowelHolder_10, handTowelHolderType) := true
  objectType(paperTowel_1, paperTowelType) := true
  objectType(bowl_2, bowlType) := true
  objectType(pencil_3, pencilType) := true
  objectType(tennisRacket_4, tennisRacketType) := true
  objectType(tomato_5, tomatoType) := true
  objectType(book_6, bookType) := true
  objectType(soapBottle_7, soapBottleType) := true
  objectType(newspaper_8, newspaperType) := true
  objectType(remoteControl_9, remoteControlType) := true
  objectType(plate_10, plateType) := true
  canContain(garbageCanType, paperTowelType) := true
  canContain(garbageCanType, pencilType) := true
  canContain(garbageCanType, tomatoType) := true
  canContain(garbageCanType, soapBottleType) := true
  canContain(garbageCanType, newspaperType) := true
  canContain(bedType, tennisRacketType) := true
  canContain(bedType, bookType) := true
  canContain(bedType, newspaperType) := true
  canContain(armChairType, bookType) := true
  canContain(armChairType, newspaperType) := true
  canContain(armChairType, remoteControlType) := true
  canContain(sofaType, bookType) := true
  canContain(sofaType, newspaperType) := true
  canContain(sofaType, remoteControlType) := true
  canContain(dresserType, bowlType) := true
  canContain(dresserType, pencilType) := true
  canContain(dresserType, tennisRacketType) := true
  canContain(dresserType, bookType) := true
  canContain(dresserType, newspaperType) := true
  canContain(dresserType, remoteControlType) := true
  canContain(dresserType, plateType) := true
  pickupable(paperTowel_1) := true
  pickupable(bowl_2) := true
  isReceptacleObject(bowl_2) := true
  cleanable(bowl_2) := true
  coolable(bowl_2) := true
  pickupable(pencil_3) := true
  pickupable(tennisRacket_4) := true
  pickupable(tomato_5) := true
  cleanable(tomato_5) := true
  heatable(tomato_5) := true
  coolable(tomato_5) := true
  sliceable(tomato_5) := true
  pickupable(book_6) := true
  pickupable(soapBottle_7) := true
  pickupable(newspaper_8) := true
  pickupable(remoteControl_9) := true
  pickupable(plate_10) := true
  isReceptacleObject(plate_10) := true
  cleanable(plate_10) := true
  heatable(plate_10) := true
  coolable(plate_10) := true
  receptacleAtLocation(garbageCan_1, location3) := true
  receptacleAtLocation(bed_2, location6) := true
  receptacleAtLocation(bathtubBasin_3, location10) := true
  receptacleAtLocation(towelHolder_4, location1) := true
  receptacleAtLocation(bathtubBasin_5, location6) := true
  receptacleAtLocation(armChair_6, location8) := true
  receptacleAtLocation(sofa_7, location3) := true
  receptacleAtLocation(dresser_8, location8) := true
  receptacleAtLocation(bathtubBasin_9, location10) := true
  receptacleAtLocation(handTowelHolder_10, location10) := true
  objectAtLocation(paperTowel_1, location1) := true
  objectAtLocation(bowl_2, location10) := true
  objectAtLocation(pencil_3, location2) := true
  objectAtLocation(tennisRacket_4, location1) := true
  objectAtLocation(tomato_5, location6) := true
  objectAtLocation(book_6, location1) := true
  objectAtLocation(soapBottle_7, location1) := true
  objectAtLocation(newspaper_8, location1) := true
  objectAtLocation(remoteControl_9, location7) := true
  objectAtLocation(plate_10, location6) := true
  atLocation(agent1, location8) := true
]

goals = [
  Exists (Receptacle - Checkable r) Exists (Obj - Checkable o) (inReceptacle(o, r) and objectType(o, tomatoType) and receptacleType(r, garbageCanType))
]

quality metrics = [
  minimize sequential-plan-length
]


2025-06-17 09:55:07,640 - INFO - Generating plan for unconstrained problem

2025-06-17 09:55:07,988 - INFO - Unconstrained plan generation time: 0.34775781631469727

