2025-06-17 10:21:04,422 - INFO - 
================= Seed: 672 =================

2025-06-17 10:21:04,426 - INFO - problem name = alfred

types = [ReceptacleType, ObjectType, Checkable, Agent - Checkable, Location - Checkable, Receptacle - Checkable, Obj - Checkable]

fluents = [
  bool atLocation[a=Agent - Checkable, l=Location - Checkable]
  bool receptacleAtLocation[r=Receptacle - Checkable, l=Location - Checkable]
  bool objectAtLocation[o=Obj - Checkable, l=Location - Checkable]
  bool openable[r=Receptacle - Checkable]
  bool opened[r=Receptacle - Checkable]
  bool inReceptacle[o=Obj - Checkable, r=Receptacle - Checkable]
  bool isReceptacleObject[o=Obj - Checkable]
  bool inReceptacleObject[innerObject=Obj - Checkable, outObject=Obj - Checkable]
  bool isReceptacleObjectFull[o=Obj - Checkable]
  bool wasInReceptacle[o=Obj - Checkable, r=Receptacle - Checkable]
  bool checked[c=Checkable]
  bool examined[l=Location - Checkable]
  bool receptacleType[r=Receptacle - Checkable, rt=ReceptacleType]
  bool canContain[rt=ReceptacleType, ot=ObjectType]
  bool objectType[o=Obj - Checkable, t=ObjectType]
  bool holds[a=Agent - Checkable, o=Obj - Checkable]
  bool holdsAny[a=Agent - Checkable]
  bool holdsAnyReceptacleObject[a=Agent - Checkable]
  bool full[r=Receptacle - Checkable]
  bool isClean[o=Obj - Checkable]
  bool cleanable[o=Obj - Checkable]
  bool isHot[o=Obj - Checkable]
  bool heatable[o=Obj - Checkable]
  bool isCool[o=Obj - Checkable]
  bool coolable[o=Obj - Checkable]
  bool pickupable[o=Obj - Checkable]
  bool moveable[o=Obj - Checkable]
  bool toggleable[o=Obj - Checkable]
  bool isOn[o=Obj - Checkable]
  bool isToggled[o=Obj - Checkable]
  bool sliceable[o=Obj - Checkable]
  bool isSliced[o=Obj - Checkable]
]

actions = [
  action look(Agent - Checkable a, Location - Checkable l) {
    preconditions = [
      atLocation(a, l)
    ]
    effects = [
      checked(l) := true
    ]
  }
  action inventory(Agent - Checkable a) {
    preconditions = [
    ]
    effects = [
      checked(a) := true
    ]
  }
  action examineReceptacle(Agent - Checkable a, Receptacle - Checkable r) {
    preconditions = [
      Exists (Location - Checkable l) (atLocation(a, l) and receptacleAtLocation(r, l))
    ]
    effects = [
      checked(r) := true
    ]
  }
  action examineObject(Agent - Checkable a, Obj - Checkable o) {
    preconditions = [
      (Exists (Location - Checkable l) Exists (Receptacle - Checkable r) (atLocation(a, l) and receptacleAtLocation(r, l) and inReceptacle(o, r) and ((not openable(r)) or opened(r))) or holds(a, o))
    ]
    effects = [
      checked(o) := true
    ]
  }
  action goToLocation(Agent - Checkable a, Location - Checkable lstart, Location - Checkable lend) {
    preconditions = [
      atLocation(a, lstart)
    ]
    effects = [
      atLocation(a, lstart) := false
      atLocation(a, lend) := true
    ]
  }
  action openObject(Agent - Checkable a, Location - Checkable l, Receptacle - Checkable r) {
    preconditions = [
      (openable(r) and atLocation(a, l) and receptacleAtLocation(r, l) and (not opened(r)))
    ]
    effects = [
      opened(r) := true
      checked(r) := true
    ]
  }
  action closeObject(Agent - Checkable a, Location - Checkable l, Receptacle - Checkable r) {
    preconditions = [
      (openable(r) and atLocation(a, l) and receptacleAtLocation(r, l) and opened(r))
    ]
    effects = [
      opened(r) := false
    ]
  }
  action pickupObject(Agent - Checkable a, Location - Checkable l, Obj - Checkable o, Receptacle - Checkable r) {
    preconditions = [
      (pickupable(o) and atLocation(a, l) and receptacleAtLocation(r, l) and inReceptacle(o, r) and (not holdsAny(a)) and ((not openable(r)) or opened(r)))
    ]
    effects = [
      inReceptacle(o, r) := false
      holds(a, o) := true
      holdsAny(a) := true
      objectAtLocation(o, l) := false
    ]
  }
  action putObject(Agent - Checkable a, Location - Checkable l, Obj - Checkable o, Receptacle - Checkable r, ObjectType ot, ReceptacleType rt) {
    preconditions = [
      (holds(a, o) and atLocation(a, l) and receptacleAtLocation(r, l) and ((not openable(r)) or opened(r)) and objectType(o, ot) and receptacleType(r, rt) and canContain(rt, ot))
    ]
    effects = [
      inReceptacle(o, r) := true
      objectAtLocation(o, l) := true
      holds(a, o) := false
      holdsAny(a) := false
    ]
  }
  action cleanObject(Agent - Checkable a, Location - Checkable l, Receptacle - Checkable r, Obj - Checkable o) {
    preconditions = [
      (cleanable(o) and receptacleType(r, sinkBasinType) and atLocation(a, l) and receptacleAtLocation(r, l) and holds(a, o))
    ]
    effects = [
      isClean(o) := true
    ]
  }
  action heatObject(Agent - Checkable a, Location - Checkable l, Receptacle - Checkable r, Obj - Checkable o) {
    preconditions = [
      (heatable(o) and receptacleType(r, microwaveType) and atLocation(a, l) and receptacleAtLocation(r, l) and holds(a, o))
    ]
    effects = [
      isHot(o) := true
      isCool(o) := false
    ]
  }
  action coolObject(Agent - Checkable a, Location - Checkable l, Receptacle - Checkable r, Obj - Checkable o) {
    preconditions = [
      (coolable(o) and receptacleType(r, fridgeType) and atLocation(a, l) and receptacleAtLocation(r, l) and holds(a, o))
    ]
    effects = [
      isCool(o) := true
      isHot(o) := false
    ]
  }
  action toggleObject(Agent - Checkable a, Location - Checkable l, Obj - Checkable o, Receptacle - Checkable r) {
    preconditions = [
      (toggleable(o) and atLocation(a, l) and receptacleAtLocation(r, l) and inReceptacle(o, r))
    ]
    effects = [
      if isOn(o) then isOn(o) := false
      if (not isOn(o)) then isOn(o) := true
      isToggled(o) := true
    ]
  }
  action sliceObject(Agent - Checkable a, Location - Checkable l, Obj - Checkable co, Obj - Checkable ko) {
    preconditions = [
      (sliceable(co) and (objectType(ko, knifeType) or objectType(ko, butterKnifeType)) and atLocation(a, l) and objectAtLocation(co, l) and holds(a, ko))
    ]
    effects = [
      isSliced(co) := true
    ]
  }
  action help(Agent - Checkable a) {
    preconditions = [
    ]
    effects = [
      checked(a) := true
    ]
  }
]

objects = [
  ReceptacleType: [sinkBasinType, microwaveType, fridgeType, bathtubBasinType, counterTopType, toiletType, coffeeMachineType, deskType, safeType, garbageCanType, shelfType]
  ObjectType: [knifeType, butterKnifeType, pencilType, penType, toiletPaperType, bowlType, creditCardType, newspaperType, watchType, soapBarType, cupType]
  Checkable: [agent1, location1, location2, location3, location4, location5, location6, location7, location8, location9, location10, bathtubBasin_1, sinkBasin_2, counterTop_3, toilet_4, coffeeMachine_5, desk_6, safe_7, bathtubBasin_8, garbageCan_9, shelf_10, pencil_1, pen_2, toiletPaper_3, bowl_4, creditCard_5, newspaper_6, knife_7, watch_8, soapBar_9, cup_10]
  Agent - Checkable: [agent1]
  Location - Checkable: [location1, location2, location3, location4, location5, location6, location7, location8, location9, location10]
  Receptacle - Checkable: [bathtubBasin_1, sinkBasin_2, counterTop_3, toilet_4, coffeeMachine_5, desk_6, safe_7, bathtubBasin_8, garbageCan_9, shelf_10]
  Obj - Checkable: [pencil_1, pen_2, toiletPaper_3, bowl_4, creditCard_5, newspaper_6, knife_7, watch_8, soapBar_9, cup_10]
]

initial fluents default = [
  bool atLocation[a=Agent - Checkable, l=Location - Checkable] := false
  bool receptacleAtLocation[r=Receptacle - Checkable, l=Location - Checkable] := false
  bool objectAtLocation[o=Obj - Checkable, l=Location - Checkable] := false
  bool openable[r=Receptacle - Checkable] := false
  bool opened[r=Receptacle - Checkable] := false
  bool inReceptacle[o=Obj - Checkable, r=Receptacle - Checkable] := false
  bool isReceptacleObject[o=Obj - Checkable] := false
  bool inReceptacleObject[innerObject=Obj - Checkable, outObject=Obj - Checkable] := false
  bool isReceptacleObjectFull[o=Obj - Checkable] := false
  bool wasInReceptacle[o=Obj - Checkable, r=Receptacle - Checkable] := false
  bool checked[c=Checkable] := false
  bool examined[l=Location - Checkable] := false
  bool receptacleType[r=Receptacle - Checkable, rt=ReceptacleType] := false
  bool canContain[rt=ReceptacleType, ot=ObjectType] := false
  bool objectType[o=Obj - Checkable, t=ObjectType] := false
  bool holds[a=Agent - Checkable, o=Obj - Checkable] := false
  bool holdsAny[a=Agent - Checkable] := false
  bool holdsAnyReceptacleObject[a=Agent - Checkable] := false
  bool full[r=Receptacle - Checkable] := false
  bool isClean[o=Obj - Checkable] := false
  bool cleanable[o=Obj - Checkable] := false
  bool isHot[o=Obj - Checkable] := false
  bool heatable[o=Obj - Checkable] := false
  bool isCool[o=Obj - Checkable] := false
  bool coolable[o=Obj - Checkable] := false
  bool pickupable[o=Obj - Checkable] := false
  bool moveable[o=Obj - Checkable] := false
  bool toggleable[o=Obj - Checkable] := false
  bool isOn[o=Obj - Checkable] := false
  bool isToggled[o=Obj - Checkable] := false
  bool sliceable[o=Obj - Checkable] := false
  bool isSliced[o=Obj - Checkable] := false
]

initial values = [
  receptacleType(bathtubBasin_1, bathtubBasinType) := true
  receptacleType(sinkBasin_2, sinkBasinType) := true
  receptacleType(counterTop_3, counterTopType) := true
  receptacleType(toilet_4, toiletType) := true
  receptacleType(coffeeMachine_5, coffeeMachineType) := true
  receptacleType(desk_6, deskType) := true
  receptacleType(safe_7, safeType) := true
  receptacleType(bathtubBasin_8, bathtubBasinType) := true
  receptacleType(garbageCan_9, garbageCanType) := true
  receptacleType(shelf_10, shelfType) := true
  objectType(pencil_1, pencilType) := true
  objectType(pen_2, penType) := true
  objectType(toiletPaper_3, toiletPaperType) := true
  objectType(bowl_4, bowlType) := true
  objectType(creditCard_5, creditCardType) := true
  objectType(newspaper_6, newspaperType) := true
  objectType(knife_7, knifeType) := true
  objectType(watch_8, watchType) := true
  objectType(soapBar_9, soapBarType) := true
  objectType(cup_10, cupType) := true
  canContain(bathtubBasinType, soapBarType) := true
  canContain(sinkBasinType, bowlType) := true
  canContain(sinkBasinType, knifeType) := true
  canContain(sinkBasinType, soapBarType) := true
  canContain(sinkBasinType, cupType) := true
  canContain(counterTopType, pencilType) := true
  canContain(counterTopType, penType) := true
  canContain(counterTopType, toiletPaperType) := true
  canContain(counterTopType, bowlType) := true
  canContain(counterTopType, creditCardType) := true
  canContain(counterTopType, newspaperType) := true
  canContain(counterTopType, knifeType) := true
  canContain(counterTopType, watchType) := true
  canContain(counterTopType, soapBarType) := true
  canContain(counterTopType, cupType) := true
  canContain(toiletType, toiletPaperType) := true
  canContain(toiletType, newspaperType) := true
  canContain(toiletType, soapBarType) := true
  canContain(deskType, pencilType) := true
  canContain(deskType, penType) := true
  canContain(deskType, toiletPaperType) := true
  canContain(deskType, bowlType) := true
  canContain(deskType, creditCardType) := true
  canContain(deskType, newspaperType) := true
  canContain(deskType, watchType) := true
  canContain(deskType, cupType) := true
  canContain(safeType, creditCardType) := true
  canContain(safeType, watchType) := true
  canContain(garbageCanType, pencilType) := true
  canContain(garbageCanType, penType) := true
  canContain(garbageCanType, toiletPaperType) := true
  canContain(garbageCanType, newspaperType) := true
  canContain(garbageCanType, soapBarType) := true
  canContain(shelfType, pencilType) := true
  canContain(shelfType, penType) := true
  canContain(shelfType, toiletPaperType) := true
  canContain(shelfType, bowlType) := true
  canContain(shelfType, creditCardType) := true
  canContain(shelfType, newspaperType) := true
  canContain(shelfType, watchType) := true
  canContain(shelfType, soapBarType) := true
  canContain(shelfType, cupType) := true
  pickupable(pencil_1) := true
  pickupable(pen_2) := true
  pickupable(toiletPaper_3) := true
  pickupable(bowl_4) := true
  isReceptacleObject(bowl_4) := true
  cleanable(bowl_4) := true
  coolable(bowl_4) := true
  pickupable(creditCard_5) := true
  pickupable(newspaper_6) := true
  pickupable(knife_7) := true
  cleanable(knife_7) := true
  pickupable(watch_8) := true
  pickupable(soapBar_9) := true
  cleanable(soapBar_9) := true
  pickupable(cup_10) := true
  isReceptacleObject(cup_10) := true
  cleanable(cup_10) := true
  heatable(cup_10) := true
  coolable(cup_10) := true
  receptacleAtLocation(bathtubBasin_1, location5) := true
  receptacleAtLocation(sinkBasin_2, location4) := true
  receptacleAtLocation(counterTop_3, location10) := true
  receptacleAtLocation(toilet_4, location1) := true
  receptacleAtLocation(coffeeMachine_5, location5) := true
  receptacleAtLocation(desk_6, location6) := true
  receptacleAtLocation(safe_7, location6) := true
  receptacleAtLocation(bathtubBasin_8, location3) := true
  receptacleAtLocation(garbageCan_9, location3) := true
  receptacleAtLocation(shelf_10, location8) := true
  inReceptacle(pencil_1, garbageCan_9) := true
  inReceptacle(newspaper_6, toilet_4) := true
  inReceptacle(watch_8, counterTop_3) := true
  inReceptacle(soapBar_9, counterTop_3) := true
  objectAtLocation(pencil_1, location3) := true
  objectAtLocation(pen_2, location6) := true
  objectAtLocation(toiletPaper_3, location1) := true
  objectAtLocation(bowl_4, location1) := true
  objectAtLocation(creditCard_5, location3) := true
  objectAtLocation(newspaper_6, location1) := true
  objectAtLocation(knife_7, location8) := true
  objectAtLocation(watch_8, location10) := true
  objectAtLocation(soapBar_9, location10) := true
  objectAtLocation(cup_10, location8) := true
  atLocation(agent1, location4) := true
]

goals = [
  Exists (Receptacle - Checkable r) Exists (Obj - Checkable o) (inReceptacle(o, r) and objectType(o, pencilType) and receptacleType(r, deskType))
]

quality metrics = [
  minimize sequential-plan-length
]


2025-06-17 10:21:04,428 - INFO - Generating plan for unconstrained problem

2025-06-17 10:21:04,814 - INFO - Unconstrained plan generation time: 0.38566088676452637

2025-06-17 10:21:04,814 - INFO - Unconstrained plan and cost: 
2025-06-17 10:21:04,814 - INFO - SequentialPlan:
    goToLocation(agent1, location4, location3)
    pickupObject(agent1, location3, pencil_1, garbageCan_9)
    goToLocation(agent1, location3, location6)
    putObject(agent1, location6, pencil_1, desk_6, pencilType, deskType)
2025-06-17 10:21:04,814 - INFO - 4
2025-06-17 10:21:04,994 - INFO - Sampled constraints:

2025-06-17 10:21:04,995 - INFO - Sometime(atLocation(agent1, location1))
2025-06-17 10:21:04,995 - INFO - 
2025-06-17 10:21:04,995 - INFO - Generation time: 0.18024992942810059

2025-06-17 10:21:05,003 - INFO - Generating plan for constrained problem (with LiftedTCORE).

2025-06-17 10:21:05,037 - INFO - LiftedTCORE compilation time: 0.03477334976196289

2025-06-17 10:21:05,463 - INFO - Planning Time with LiftedTCORE's file: 0.4184136390686035

2025-06-17 10:21:05,463 - INFO - Plan found with LiftedTCORE + sym_bd: SequentialPlan:
    goToLocation(agent1, location4, location3)
    pickupObject(agent1, location3, pencil_1, garbageCan_9)
    goToLocation(agent1, location3, location1)
    goToLocation(agent1, location1, location6)
    putObject(agent1, location6, pencil_1, desk_6, pencilType, deskType)
2025-06-17 10:21:05,463 - INFO - Seed: 672 is solvable

2025-06-17 10:21:05,463 - INFO - Unconstrained cost: 4
2025-06-17 10:21:05,463 - INFO - Constrained cost: 5
2025-06-17 10:21:05,463 - INFO - Seed: 672 Plan simulation is feasible
2025-06-17 10:21:05,463 - INFO - 
Seed: 672 
 Plan: [goToLocation(agent1, location4, location3), pickupObject(agent1, location3, pencil_1, garbageCan_9), goToLocation(agent1, location3, location1), goToLocation(agent1, location1, location6), putObject(agent1, location6, pencil_1, desk_6, pencilType, deskType)]  
 Cost: 5

