2025-06-17 09:55:27,850 - INFO - 
================= Seed: 443 =================

2025-06-17 09:55:27,862 - INFO - problem name = alfred

types = [ReceptacleType, ObjectType, Checkable, Agent - Checkable, Location - Checkable, Receptacle - Checkable, Obj - Checkable]

fluents = [
  bool atLocation[a=Agent - Checkable, l=Location - Checkable]
  bool receptacleAtLocation[r=Receptacle - Checkable, l=Location - Checkable]
  bool objectAtLocation[o=Obj - Checkable, l=Location - Checkable]
  bool openable[r=Receptacle - Checkable]
  bool opened[r=Receptacle - Checkable]
  bool inReceptacle[o=Obj - Checkable, r=Receptacle - Checkable]
  bool isReceptacleObject[o=Obj - Checkable]
  bool inReceptacleObject[innerObject=Obj - Checkable, outObject=Obj - Checkable]
  bool isReceptacleObjectFull[o=Obj - Checkable]
  bool wasInReceptacle[o=Obj - Checkable, r=Receptacle - Checkable]
  bool checked[c=Checkable]
  bool examined[l=Location - Checkable]
  bool receptacleType[r=Receptacle - Checkable, rt=ReceptacleType]
  bool canContain[rt=ReceptacleType, ot=ObjectType]
  bool objectType[o=Obj - Checkable, t=ObjectType]
  bool holds[a=Agent - Checkable, o=Obj - Checkable]
  bool holdsAny[a=Agent - Checkable]
  bool holdsAnyReceptacleObject[a=Agent - Checkable]
  bool full[r=Receptacle - Checkable]
  bool isClean[o=Obj - Checkable]
  bool cleanable[o=Obj - Checkable]
  bool isHot[o=Obj - Checkable]
  bool heatable[o=Obj - Checkable]
  bool isCool[o=Obj - Checkable]
  bool coolable[o=Obj - Checkable]
  bool pickupable[o=Obj - Checkable]
  bool moveable[o=Obj - Checkable]
  bool toggleable[o=Obj - Checkable]
  bool isOn[o=Obj - Checkable]
  bool isToggled[o=Obj - Checkable]
  bool sliceable[o=Obj - Checkable]
  bool isSliced[o=Obj - Checkable]
]

actions = [
  action look(Agent - Checkable a, Location - Checkable l) {
    preconditions = [
      atLocation(a, l)
    ]
    effects = [
      checked(l) := true
    ]
  }
  action inventory(Agent - Checkable a) {
    preconditions = [
    ]
    effects = [
      checked(a) := true
    ]
  }
  action examineReceptacle(Agent - Checkable a, Receptacle - Checkable r) {
    preconditions = [
      Exists (Location - Checkable l) (atLocation(a, l) and receptacleAtLocation(r, l))
    ]
    effects = [
      checked(r) := true
    ]
  }
  action examineObject(Agent - Checkable a, Obj - Checkable o) {
    preconditions = [
      (Exists (Location - Checkable l) Exists (Receptacle - Checkable r) (atLocation(a, l) and receptacleAtLocation(r, l) and inReceptacle(o, r) and ((not openable(r)) or opened(r))) or holds(a, o))
    ]
    effects = [
      checked(o) := true
    ]
  }
  action goToLocation(Agent - Checkable a, Location - Checkable lstart, Location - Checkable lend) {
    preconditions = [
      atLocation(a, lstart)
    ]
    effects = [
      atLocation(a, lstart) := false
      atLocation(a, lend) := true
    ]
  }
  action openObject(Agent - Checkable a, Location - Checkable l, Receptacle - Checkable r) {
    preconditions = [
      (openable(r) and atLocation(a, l) and receptacleAtLocation(r, l) and (not opened(r)))
    ]
    effects = [
      opened(r) := true
      checked(r) := true
    ]
  }
  action closeObject(Agent - Checkable a, Location - Checkable l, Receptacle - Checkable r) {
    preconditions = [
      (openable(r) and atLocation(a, l) and receptacleAtLocation(r, l) and opened(r))
    ]
    effects = [
      opened(r) := false
    ]
  }
  action pickupObject(Agent - Checkable a, Location - Checkable l, Obj - Checkable o, Receptacle - Checkable r) {
    preconditions = [
      (pickupable(o) and atLocation(a, l) and receptacleAtLocation(r, l) and inReceptacle(o, r) and (not holdsAny(a)) and ((not openable(r)) or opened(r)))
    ]
    effects = [
      inReceptacle(o, r) := false
      holds(a, o) := true
      holdsAny(a) := true
      objectAtLocation(o, l) := false
    ]
  }
  action putObject(Agent - Checkable a, Location - Checkable l, Obj - Checkable o, Receptacle - Checkable r, ObjectType ot, ReceptacleType rt) {
    preconditions = [
      (holds(a, o) and atLocation(a, l) and receptacleAtLocation(r, l) and ((not openable(r)) or opened(r)) and objectType(o, ot) and receptacleType(r, rt) and canContain(rt, ot))
    ]
    effects = [
      inReceptacle(o, r) := true
      objectAtLocation(o, l) := true
      holds(a, o) := false
      holdsAny(a) := false
    ]
  }
  action cleanObject(Agent - Checkable a, Location - Checkable l, Receptacle - Checkable r, Obj - Checkable o) {
    preconditions = [
      (cleanable(o) and receptacleType(r, sinkBasinType) and atLocation(a, l) and receptacleAtLocation(r, l) and holds(a, o))
    ]
    effects = [
      isClean(o) := true
    ]
  }
  action heatObject(Agent - Checkable a, Location - Checkable l, Receptacle - Checkable r, Obj - Checkable o) {
    preconditions = [
      (heatable(o) and receptacleType(r, microwaveType) and atLocation(a, l) and receptacleAtLocation(r, l) and holds(a, o))
    ]
    effects = [
      isHot(o) := true
      isCool(o) := false
    ]
  }
  action coolObject(Agent - Checkable a, Location - Checkable l, Receptacle - Checkable r, Obj - Checkable o) {
    preconditions = [
      (coolable(o) and receptacleType(r, fridgeType) and atLocation(a, l) and receptacleAtLocation(r, l) and holds(a, o))
    ]
    effects = [
      isCool(o) := true
      isHot(o) := false
    ]
  }
  action toggleObject(Agent - Checkable a, Location - Checkable l, Obj - Checkable o, Receptacle - Checkable r) {
    preconditions = [
      (toggleable(o) and atLocation(a, l) and receptacleAtLocation(r, l) and inReceptacle(o, r))
    ]
    effects = [
      if isOn(o) then isOn(o) := false
      if (not isOn(o)) then isOn(o) := true
      isToggled(o) := true
    ]
  }
  action sliceObject(Agent - Checkable a, Location - Checkable l, Obj - Checkable co, Obj - Checkable ko) {
    preconditions = [
      (sliceable(co) and (objectType(ko, knifeType) or objectType(ko, butterKnifeType)) and atLocation(a, l) and objectAtLocation(co, l) and holds(a, ko))
    ]
    effects = [
      isSliced(co) := true
    ]
  }
  action help(Agent - Checkable a) {
    preconditions = [
    ]
    effects = [
      checked(a) := true
    ]
  }
]

objects = [
  ReceptacleType: [sinkBasinType, microwaveType, fridgeType, laundryHamperType, cabinetType, bathtubBasinType, toiletType, toasterType, garbageCanType, handTowelHolderType]
  ObjectType: [knifeType, butterKnifeType, glassbottleType, plungerType, bookType, clothType, dishSpongeType, wineBottleType, paperTowelType, potType, handTowelType, panType]
  Checkable: [agent1, location1, location2, location3, location4, location5, location6, location7, location8, location9, location10, laundryHamper_1, cabinet_2, bathtubBasin_3, toilet_4, toilet_5, toaster_6, garbageCan_7, microwave_8, handTowelHolder_9, sinkBasin_10, glassbottle_1, plunger_2, book_3, cloth_4, dishSponge_5, wineBottle_6, paperTowel_7, pot_8, handTowel_9, pan_10]
  Agent - Checkable: [agent1]
  Location - Checkable: [location1, location2, location3, location4, location5, location6, location7, location8, location9, location10]
  Receptacle - Checkable: [laundryHamper_1, cabinet_2, bathtubBasin_3, toilet_4, toilet_5, toaster_6, garbageCan_7, microwave_8, handTowelHolder_9, sinkBasin_10]
  Obj - Checkable: [glassbottle_1, plunger_2, book_3, cloth_4, dishSponge_5, wineBottle_6, paperTowel_7, pot_8, handTowel_9, pan_10]
]

initial fluents default = [
  bool atLocation[a=Agent - Checkable, l=Location - Checkable] := false
  bool receptacleAtLocation[r=Receptacle - Checkable, l=Location - Checkable] := false
  bool objectAtLocation[o=Obj - Checkable, l=Location - Checkable] := false
  bool openable[r=Receptacle - Checkable] := false
  bool opened[r=Receptacle - Checkable] := false
  bool inReceptacle[o=Obj - Checkable, r=Receptacle - Checkable] := false
  bool isReceptacleObject[o=Obj - Checkable] := false
  bool inReceptacleObject[innerObject=Obj - Checkable, outObject=Obj - Checkable] := false
  bool isReceptacleObjectFull[o=Obj - Checkable] := false
  bool wasInReceptacle[o=Obj - Checkable, r=Receptacle - Checkable] := false
  bool checked[c=Checkable] := false
  bool examined[l=Location - Checkable] := false
  bool receptacleType[r=Receptacle - Checkable, rt=ReceptacleType] := false
  bool canContain[rt=ReceptacleType, ot=ObjectType] := false
  bool objectType[o=Obj - Checkable, t=ObjectType] := false
  bool holds[a=Agent - Checkable, o=Obj - Checkable] := false
  bool holdsAny[a=Agent - Checkable] := false
  bool holdsAnyReceptacleObject[a=Agent - Checkable] := false
  bool full[r=Receptacle - Checkable] := false
  bool isClean[o=Obj - Checkable] := false
  bool cleanable[o=Obj - Checkable] := false
  bool isHot[o=Obj - Checkable] := false
  bool heatable[o=Obj - Checkable] := false
  bool isCool[o=Obj - Checkable] := false
  bool coolable[o=Obj - Checkable] := false
  bool pickupable[o=Obj - Checkable] := false
  bool moveable[o=Obj - Checkable] := false
  bool toggleable[o=Obj - Checkable] := false
  bool isOn[o=Obj - Checkable] := false
  bool isToggled[o=Obj - Checkable] := false
  bool sliceable[o=Obj - Checkable] := false
  bool isSliced[o=Obj - Checkable] := false
]

initial values = [
  receptacleType(laundryHamper_1, laundryHamperType) := true
  receptacleType(cabinet_2, cabinetType) := true
  receptacleType(bathtubBasin_3, bathtubBasinType) := true
  receptacleType(toilet_4, toiletType) := true
  receptacleType(toilet_5, toiletType) := true
  receptacleType(toaster_6, toasterType) := true
  receptacleType(garbageCan_7, garbageCanType) := true
  receptacleType(microwave_8, microwaveType) := true
  receptacleType(handTowelHolder_9, handTowelHolderType) := true
  receptacleType(sinkBasin_10, sinkBasinType) := true
  objectType(glassbottle_1, glassbottleType) := true
  objectType(plunger_2, plungerType) := true
  objectType(book_3, bookType) := true
  objectType(cloth_4, clothType) := true
  objectType(dishSponge_5, dishSpongeType) := true
  objectType(wineBottle_6, wineBottleType) := true
  objectType(paperTowel_7, paperTowelType) := true
  objectType(pot_8, potType) := true
  objectType(handTowel_9, handTowelType) := true
  objectType(pan_10, panType) := true
  canContain(laundryHamperType, clothType) := true
  canContain(cabinetType, glassbottleType) := true
  canContain(cabinetType, plungerType) := true
  canContain(cabinetType, bookType) := true
  canContain(cabinetType, clothType) := true
  canContain(cabinetType, dishSpongeType) := true
  canContain(cabinetType, wineBottleType) := true
  canContain(cabinetType, potType) := true
  canContain(cabinetType, handTowelType) := true
  canContain(cabinetType, panType) := true
  canContain(bathtubBasinType, clothType) := true
  canContain(bathtubBasinType, dishSpongeType) := true
  canContain(bathtubBasinType, handTowelType) := true
  canContain(toiletType, clothType) := true
  canContain(toiletType, dishSpongeType) := true
  canContain(toiletType, paperTowelType) := true
  canContain(toiletType, handTowelType) := true
  canContain(garbageCanType, clothType) := true
  canContain(garbageCanType, dishSpongeType) := true
  canContain(garbageCanType, wineBottleType) := true
  canContain(garbageCanType, paperTowelType) := true
  canContain(garbageCanType, handTowelType) := true
  canContain(microwaveType, glassbottleType) := true
  canContain(handTowelHolderType, handTowelType) := true
  canContain(sinkBasinType, glassbottleType) := true
  canContain(sinkBasinType, clothType) := true
  canContain(sinkBasinType, dishSpongeType) := true
  canContain(sinkBasinType, potType) := true
  canContain(sinkBasinType, handTowelType) := true
  canContain(sinkBasinType, panType) := true
  pickupable(glassbottle_1) := true
  pickupable(plunger_2) := true
  pickupable(book_3) := true
  pickupable(cloth_4) := true
  cleanable(cloth_4) := true
  pickupable(dishSponge_5) := true
  cleanable(dishSponge_5) := true
  pickupable(wineBottle_6) := true
  pickupable(paperTowel_7) := true
  pickupable(pot_8) := true
  isReceptacleObject(pot_8) := true
  cleanable(pot_8) := true
  coolable(pot_8) := true
  pickupable(handTowel_9) := true
  pickupable(pan_10) := true
  isReceptacleObject(pan_10) := true
  cleanable(pan_10) := true
  coolable(pan_10) := true
  receptacleAtLocation(laundryHamper_1, location4) := true
  receptacleAtLocation(cabinet_2, location2) := true
  receptacleAtLocation(bathtubBasin_3, location7) := true
  receptacleAtLocation(toilet_4, location8) := true
  receptacleAtLocation(toilet_5, location10) := true
  receptacleAtLocation(toaster_6, location8) := true
  receptacleAtLocation(garbageCan_7, location4) := true
  receptacleAtLocation(microwave_8, location8) := true
  receptacleAtLocation(handTowelHolder_9, location1) := true
  receptacleAtLocation(sinkBasin_10, location6) := true
  inReceptacle(dishSponge_5, cabinet_2) := true
  inReceptacle(handTowel_9, handTowelHolder_9) := true
  objectAtLocation(glassbottle_1, location1) := true
  objectAtLocation(plunger_2, location8) := true
  objectAtLocation(book_3, location8) := true
  objectAtLocation(cloth_4, location1) := true
  objectAtLocation(dishSponge_5, location2) := true
  objectAtLocation(wineBottle_6, location4) := true
  objectAtLocation(paperTowel_7, location10) := true
  objectAtLocation(pot_8, location10) := true
  objectAtLocation(handTowel_9, location1) := true
  objectAtLocation(pan_10, location3) := true
  atLocation(agent1, location1) := true
]

goals = [
  Exists (Receptacle - Checkable r) Exists (Obj - Checkable o) (inReceptacle(o, r) and objectType(o, panType) and receptacleType(r, sinkBasinType))
]

quality metrics = [
  minimize sequential-plan-length
]


2025-06-17 09:55:27,866 - INFO - Generating plan for unconstrained problem

2025-06-17 09:55:28,282 - INFO - Unconstrained plan generation time: 0.41548895835876465

