2025-06-17 09:55:28,749 - INFO - 
================= Seed: 445 =================

2025-06-17 09:55:28,761 - INFO - problem name = alfred

types = [ReceptacleType, ObjectType, Checkable, Agent - Checkable, Location - Checkable, Receptacle - Checkable, Obj - Checkable]

fluents = [
  bool atLocation[a=Agent - Checkable, l=Location - Checkable]
  bool receptacleAtLocation[r=Receptacle - Checkable, l=Location - Checkable]
  bool objectAtLocation[o=Obj - Checkable, l=Location - Checkable]
  bool openable[r=Receptacle - Checkable]
  bool opened[r=Receptacle - Checkable]
  bool inReceptacle[o=Obj - Checkable, r=Receptacle - Checkable]
  bool isReceptacleObject[o=Obj - Checkable]
  bool inReceptacleObject[innerObject=Obj - Checkable, outObject=Obj - Checkable]
  bool isReceptacleObjectFull[o=Obj - Checkable]
  bool wasInReceptacle[o=Obj - Checkable, r=Receptacle - Checkable]
  bool checked[c=Checkable]
  bool examined[l=Location - Checkable]
  bool receptacleType[r=Receptacle - Checkable, rt=ReceptacleType]
  bool canContain[rt=ReceptacleType, ot=ObjectType]
  bool objectType[o=Obj - Checkable, t=ObjectType]
  bool holds[a=Agent - Checkable, o=Obj - Checkable]
  bool holdsAny[a=Agent - Checkable]
  bool holdsAnyReceptacleObject[a=Agent - Checkable]
  bool full[r=Receptacle - Checkable]
  bool isClean[o=Obj - Checkable]
  bool cleanable[o=Obj - Checkable]
  bool isHot[o=Obj - Checkable]
  bool heatable[o=Obj - Checkable]
  bool isCool[o=Obj - Checkable]
  bool coolable[o=Obj - Checkable]
  bool pickupable[o=Obj - Checkable]
  bool moveable[o=Obj - Checkable]
  bool toggleable[o=Obj - Checkable]
  bool isOn[o=Obj - Checkable]
  bool isToggled[o=Obj - Checkable]
  bool sliceable[o=Obj - Checkable]
  bool isSliced[o=Obj - Checkable]
]

actions = [
  action look(Agent - Checkable a, Location - Checkable l) {
    preconditions = [
      atLocation(a, l)
    ]
    effects = [
      checked(l) := true
    ]
  }
  action inventory(Agent - Checkable a) {
    preconditions = [
    ]
    effects = [
      checked(a) := true
    ]
  }
  action examineReceptacle(Agent - Checkable a, Receptacle - Checkable r) {
    preconditions = [
      Exists (Location - Checkable l) (atLocation(a, l) and receptacleAtLocation(r, l))
    ]
    effects = [
      checked(r) := true
    ]
  }
  action examineObject(Agent - Checkable a, Obj - Checkable o) {
    preconditions = [
      (Exists (Location - Checkable l) Exists (Receptacle - Checkable r) (atLocation(a, l) and receptacleAtLocation(r, l) and inReceptacle(o, r) and ((not openable(r)) or opened(r))) or holds(a, o))
    ]
    effects = [
      checked(o) := true
    ]
  }
  action goToLocation(Agent - Checkable a, Location - Checkable lstart, Location - Checkable lend) {
    preconditions = [
      atLocation(a, lstart)
    ]
    effects = [
      atLocation(a, lstart) := false
      atLocation(a, lend) := true
    ]
  }
  action openObject(Agent - Checkable a, Location - Checkable l, Receptacle - Checkable r) {
    preconditions = [
      (openable(r) and atLocation(a, l) and receptacleAtLocation(r, l) and (not opened(r)))
    ]
    effects = [
      opened(r) := true
      checked(r) := true
    ]
  }
  action closeObject(Agent - Checkable a, Location - Checkable l, Receptacle - Checkable r) {
    preconditions = [
      (openable(r) and atLocation(a, l) and receptacleAtLocation(r, l) and opened(r))
    ]
    effects = [
      opened(r) := false
    ]
  }
  action pickupObject(Agent - Checkable a, Location - Checkable l, Obj - Checkable o, Receptacle - Checkable r) {
    preconditions = [
      (pickupable(o) and atLocation(a, l) and receptacleAtLocation(r, l) and inReceptacle(o, r) and (not holdsAny(a)) and ((not openable(r)) or opened(r)))
    ]
    effects = [
      inReceptacle(o, r) := false
      holds(a, o) := true
      holdsAny(a) := true
      objectAtLocation(o, l) := false
    ]
  }
  action putObject(Agent - Checkable a, Location - Checkable l, Obj - Checkable o, Receptacle - Checkable r, ObjectType ot, ReceptacleType rt) {
    preconditions = [
      (holds(a, o) and atLocation(a, l) and receptacleAtLocation(r, l) and ((not openable(r)) or opened(r)) and objectType(o, ot) and receptacleType(r, rt) and canContain(rt, ot))
    ]
    effects = [
      inReceptacle(o, r) := true
      objectAtLocation(o, l) := true
      holds(a, o) := false
      holdsAny(a) := false
    ]
  }
  action cleanObject(Agent - Checkable a, Location - Checkable l, Receptacle - Checkable r, Obj - Checkable o) {
    preconditions = [
      (cleanable(o) and receptacleType(r, sinkBasinType) and atLocation(a, l) and receptacleAtLocation(r, l) and holds(a, o))
    ]
    effects = [
      isClean(o) := true
    ]
  }
  action heatObject(Agent - Checkable a, Location - Checkable l, Receptacle - Checkable r, Obj - Checkable o) {
    preconditions = [
      (heatable(o) and receptacleType(r, microwaveType) and atLocation(a, l) and receptacleAtLocation(r, l) and holds(a, o))
    ]
    effects = [
      isHot(o) := true
      isCool(o) := false
    ]
  }
  action coolObject(Agent - Checkable a, Location - Checkable l, Receptacle - Checkable r, Obj - Checkable o) {
    preconditions = [
      (coolable(o) and receptacleType(r, fridgeType) and atLocation(a, l) and receptacleAtLocation(r, l) and holds(a, o))
    ]
    effects = [
      isCool(o) := true
      isHot(o) := false
    ]
  }
  action toggleObject(Agent - Checkable a, Location - Checkable l, Obj - Checkable o, Receptacle - Checkable r) {
    preconditions = [
      (toggleable(o) and atLocation(a, l) and receptacleAtLocation(r, l) and inReceptacle(o, r))
    ]
    effects = [
      if isOn(o) then isOn(o) := false
      if (not isOn(o)) then isOn(o) := true
      isToggled(o) := true
    ]
  }
  action sliceObject(Agent - Checkable a, Location - Checkable l, Obj - Checkable co, Obj - Checkable ko) {
    preconditions = [
      (sliceable(co) and (objectType(ko, knifeType) or objectType(ko, butterKnifeType)) and atLocation(a, l) and objectAtLocation(co, l) and holds(a, ko))
    ]
    effects = [
      isSliced(co) := true
    ]
  }
  action help(Agent - Checkable a) {
    preconditions = [
    ]
    effects = [
      checked(a) := true
    ]
  }
]

objects = [
  ReceptacleType: [sinkBasinType, microwaveType, fridgeType, safeType, coffeeTableType, shelfType, diningTableType, sofaType, toasterType, tvStandType, garbageCanType]
  ObjectType: [knifeType, butterKnifeType, potatoType, sprayBottleType, handTowelType, baseballBatType, penType, cellPhoneType, newspaperType, toiletPaperRollType, bowlType]
  Checkable: [agent1, location1, location2, location3, location4, location5, location6, location7, location8, location9, location10, safe_1, coffeeTable_2, fridge_3, shelf_4, diningTable_5, sofa_6, toaster_7, tvStand_8, garbageCan_9, diningTable_10, potato_1, sprayBottle_2, handTowel_3, baseballBat_4, pen_5, cellPhone_6, newspaper_7, toiletPaperRoll_8, potato_9, bowl_10]
  Agent - Checkable: [agent1]
  Location - Checkable: [location1, location2, location3, location4, location5, location6, location7, location8, location9, location10]
  Receptacle - Checkable: [safe_1, coffeeTable_2, fridge_3, shelf_4, diningTable_5, sofa_6, toaster_7, tvStand_8, garbageCan_9, diningTable_10]
  Obj - Checkable: [potato_1, sprayBottle_2, handTowel_3, baseballBat_4, pen_5, cellPhone_6, newspaper_7, toiletPaperRoll_8, potato_9, bowl_10]
]

initial fluents default = [
  bool atLocation[a=Agent - Checkable, l=Location - Checkable] := false
  bool receptacleAtLocation[r=Receptacle - Checkable, l=Location - Checkable] := false
  bool objectAtLocation[o=Obj - Checkable, l=Location - Checkable] := false
  bool openable[r=Receptacle - Checkable] := false
  bool opened[r=Receptacle - Checkable] := false
  bool inReceptacle[o=Obj - Checkable, r=Receptacle - Checkable] := false
  bool isReceptacleObject[o=Obj - Checkable] := false
  bool inReceptacleObject[innerObject=Obj - Checkable, outObject=Obj - Checkable] := false
  bool isReceptacleObjectFull[o=Obj - Checkable] := false
  bool wasInReceptacle[o=Obj - Checkable, r=Receptacle - Checkable] := false
  bool checked[c=Checkable] := false
  bool examined[l=Location - Checkable] := false
  bool receptacleType[r=Receptacle - Checkable, rt=ReceptacleType] := false
  bool canContain[rt=ReceptacleType, ot=ObjectType] := false
  bool objectType[o=Obj - Checkable, t=ObjectType] := false
  bool holds[a=Agent - Checkable, o=Obj - Checkable] := false
  bool holdsAny[a=Agent - Checkable] := false
  bool holdsAnyReceptacleObject[a=Agent - Checkable] := false
  bool full[r=Receptacle - Checkable] := false
  bool isClean[o=Obj - Checkable] := false
  bool cleanable[o=Obj - Checkable] := false
  bool isHot[o=Obj - Checkable] := false
  bool heatable[o=Obj - Checkable] := false
  bool isCool[o=Obj - Checkable] := false
  bool coolable[o=Obj - Checkable] := false
  bool pickupable[o=Obj - Checkable] := false
  bool moveable[o=Obj - Checkable] := false
  bool toggleable[o=Obj - Checkable] := false
  bool isOn[o=Obj - Checkable] := false
  bool isToggled[o=Obj - Checkable] := false
  bool sliceable[o=Obj - Checkable] := false
  bool isSliced[o=Obj - Checkable] := false
]

initial values = [
  receptacleType(safe_1, safeType) := true
  receptacleType(coffeeTable_2, coffeeTableType) := true
  receptacleType(fridge_3, fridgeType) := true
  receptacleType(shelf_4, shelfType) := true
  receptacleType(diningTable_5, diningTableType) := true
  receptacleType(sofa_6, sofaType) := true
  receptacleType(toaster_7, toasterType) := true
  receptacleType(tvStand_8, tvStandType) := true
  receptacleType(garbageCan_9, garbageCanType) := true
  receptacleType(diningTable_10, diningTableType) := true
  objectType(potato_1, potatoType) := true
  objectType(sprayBottle_2, sprayBottleType) := true
  objectType(handTowel_3, handTowelType) := true
  objectType(baseballBat_4, baseballBatType) := true
  objectType(pen_5, penType) := true
  objectType(cellPhone_6, cellPhoneType) := true
  objectType(newspaper_7, newspaperType) := true
  objectType(toiletPaperRoll_8, toiletPaperRollType) := true
  objectType(potato_9, potatoType) := true
  objectType(bowl_10, bowlType) := true
  canContain(safeType, cellPhoneType) := true
  canContain(coffeeTableType, potatoType) := true
  canContain(coffeeTableType, sprayBottleType) := true
  canContain(coffeeTableType, handTowelType) := true
  canContain(coffeeTableType, baseballBatType) := true
  canContain(coffeeTableType, penType) := true
  canContain(coffeeTableType, cellPhoneType) := true
  canContain(coffeeTableType, newspaperType) := true
  canContain(coffeeTableType, toiletPaperRollType) := true
  canContain(coffeeTableType, bowlType) := true
  canContain(fridgeType, potatoType) := true
  canContain(fridgeType, bowlType) := true
  canContain(shelfType, sprayBottleType) := true
  canContain(shelfType, handTowelType) := true
  canContain(shelfType, penType) := true
  canContain(shelfType, cellPhoneType) := true
  canContain(shelfType, newspaperType) := true
  canContain(shelfType, toiletPaperRollType) := true
  canContain(shelfType, bowlType) := true
  canContain(diningTableType, potatoType) := true
  canContain(diningTableType, sprayBottleType) := true
  canContain(diningTableType, handTowelType) := true
  canContain(diningTableType, baseballBatType) := true
  canContain(diningTableType, penType) := true
  canContain(diningTableType, cellPhoneType) := true
  canContain(diningTableType, newspaperType) := true
  canContain(diningTableType, toiletPaperRollType) := true
  canContain(diningTableType, bowlType) := true
  canContain(sofaType, cellPhoneType) := true
  canContain(sofaType, newspaperType) := true
  canContain(garbageCanType, potatoType) := true
  canContain(garbageCanType, sprayBottleType) := true
  canContain(garbageCanType, handTowelType) := true
  canContain(garbageCanType, penType) := true
  canContain(garbageCanType, newspaperType) := true
  canContain(garbageCanType, toiletPaperRollType) := true
  pickupable(potato_1) := true
  cleanable(potato_1) := true
  heatable(potato_1) := true
  coolable(potato_1) := true
  sliceable(potato_1) := true
  pickupable(sprayBottle_2) := true
  pickupable(handTowel_3) := true
  pickupable(baseballBat_4) := true
  pickupable(pen_5) := true
  pickupable(cellPhone_6) := true
  pickupable(newspaper_7) := true
  pickupable(toiletPaperRoll_8) := true
  pickupable(potato_9) := true
  cleanable(potato_9) := true
  heatable(potato_9) := true
  coolable(potato_9) := true
  sliceable(potato_9) := true
  pickupable(bowl_10) := true
  isReceptacleObject(bowl_10) := true
  cleanable(bowl_10) := true
  coolable(bowl_10) := true
  receptacleAtLocation(safe_1, location5) := true
  receptacleAtLocation(coffeeTable_2, location8) := true
  receptacleAtLocation(fridge_3, location6) := true
  receptacleAtLocation(shelf_4, location10) := true
  receptacleAtLocation(diningTable_5, location10) := true
  receptacleAtLocation(sofa_6, location10) := true
  receptacleAtLocation(toaster_7, location7) := true
  receptacleAtLocation(tvStand_8, location10) := true
  receptacleAtLocation(garbageCan_9, location5) := true
  receptacleAtLocation(diningTable_10, location7) := true
  inReceptacle(potato_1, diningTable_10) := true
  inReceptacle(pen_5, garbageCan_9) := true
  inReceptacle(cellPhone_6, safe_1) := true
  inReceptacle(bowl_10, fridge_3) := true
  objectAtLocation(potato_1, location7) := true
  objectAtLocation(sprayBottle_2, location1) := true
  objectAtLocation(handTowel_3, location4) := true
  objectAtLocation(baseballBat_4, location7) := true
  objectAtLocation(pen_5, location5) := true
  objectAtLocation(cellPhone_6, location5) := true
  objectAtLocation(newspaper_7, location2) := true
  objectAtLocation(toiletPaperRoll_8, location1) := true
  objectAtLocation(potato_9, location9) := true
  objectAtLocation(bowl_10, location6) := true
  atLocation(agent1, location8) := true
]

goals = [
  Exists (Receptacle - Checkable r) Exists (Obj - Checkable o) (inReceptacle(o, r) and objectType(o, cellPhoneType) and receptacleType(r, coffeeTableType))
]

quality metrics = [
  minimize sequential-plan-length
]


2025-06-17 09:55:28,767 - INFO - Generating plan for unconstrained problem

2025-06-17 09:55:29,225 - INFO - Unconstrained plan generation time: 0.45776891708374023

2025-06-17 09:55:29,225 - INFO - Unconstrained plan and cost: 
2025-06-17 09:55:29,225 - INFO - SequentialPlan:
    goToLocation(agent1, location8, location5)
    pickupObject(agent1, location5, cellPhone_6, safe_1)
    goToLocation(agent1, location5, location8)
    putObject(agent1, location8, cellPhone_6, coffeeTable_2, cellPhoneType, coffeeTableType)
2025-06-17 09:55:29,226 - INFO - 4
2025-06-17 09:55:29,431 - INFO - Sampled constraints:

2025-06-17 09:55:29,431 - INFO - Sometime(atLocation(agent1, location5))
2025-06-17 09:55:29,431 - INFO - Sometime-After(atLocation(agent1, location5), checked(safe_1))
2025-06-17 09:55:29,431 - INFO - 
2025-06-17 09:55:29,431 - INFO - Generation time: 0.20524334907531738

2025-06-17 09:55:29,439 - INFO - Generating plan for constrained problem (with LiftedTCORE).

2025-06-17 09:55:29,487 - INFO - LiftedTCORE compilation time: 0.04724931716918945

2025-06-17 09:55:30,769 - INFO - Planning Time with LiftedTCORE's file: 1.275071144104004

2025-06-17 09:55:30,769 - INFO - Plan found with LiftedTCORE + sym_bd: SequentialPlan:
    goToLocation(agent1, location8, location5)
    pickupObject(agent1, location5, cellPhone_6, safe_1)
    examineReceptacle(agent1, safe_1)
    goToLocation(agent1, location5, location8)
    putObject(agent1, location8, cellPhone_6, coffeeTable_2, cellPhoneType, coffeeTableType)
2025-06-17 09:55:30,769 - INFO - Seed: 445 is solvable

2025-06-17 09:55:30,769 - INFO - Unconstrained cost: 4
2025-06-17 09:55:30,769 - INFO - Constrained cost: 5
2025-06-17 09:55:30,769 - INFO - Seed: 445 Plan simulation is feasible
2025-06-17 09:55:30,769 - INFO - 
Seed: 445 
 Plan: [goToLocation(agent1, location8, location5), pickupObject(agent1, location5, cellPhone_6, safe_1), examineReceptacle(agent1, safe_1), goToLocation(agent1, location5, location8), putObject(agent1, location8, cellPhone_6, coffeeTable_2, cellPhoneType, coffeeTableType)]  
 Cost: 5

