2025-06-17 10:24:36,687 - INFO - 
================= Seed: 990 =================

2025-06-17 10:24:36,692 - INFO - problem name = alfred

types = [ReceptacleType, ObjectType, Checkable, Agent - Checkable, Location - Checkable, Receptacle - Checkable, Obj - Checkable]

fluents = [
  bool atLocation[a=Agent - Checkable, l=Location - Checkable]
  bool receptacleAtLocation[r=Receptacle - Checkable, l=Location - Checkable]
  bool objectAtLocation[o=Obj - Checkable, l=Location - Checkable]
  bool openable[r=Receptacle - Checkable]
  bool opened[r=Receptacle - Checkable]
  bool inReceptacle[o=Obj - Checkable, r=Receptacle - Checkable]
  bool isReceptacleObject[o=Obj - Checkable]
  bool inReceptacleObject[innerObject=Obj - Checkable, outObject=Obj - Checkable]
  bool isReceptacleObjectFull[o=Obj - Checkable]
  bool wasInReceptacle[o=Obj - Checkable, r=Receptacle - Checkable]
  bool checked[c=Checkable]
  bool examined[l=Location - Checkable]
  bool receptacleType[r=Receptacle - Checkable, rt=ReceptacleType]
  bool canContain[rt=ReceptacleType, ot=ObjectType]
  bool objectType[o=Obj - Checkable, t=ObjectType]
  bool holds[a=Agent - Checkable, o=Obj - Checkable]
  bool holdsAny[a=Agent - Checkable]
  bool holdsAnyReceptacleObject[a=Agent - Checkable]
  bool full[r=Receptacle - Checkable]
  bool isClean[o=Obj - Checkable]
  bool cleanable[o=Obj - Checkable]
  bool isHot[o=Obj - Checkable]
  bool heatable[o=Obj - Checkable]
  bool isCool[o=Obj - Checkable]
  bool coolable[o=Obj - Checkable]
  bool pickupable[o=Obj - Checkable]
  bool moveable[o=Obj - Checkable]
  bool toggleable[o=Obj - Checkable]
  bool isOn[o=Obj - Checkable]
  bool isToggled[o=Obj - Checkable]
  bool sliceable[o=Obj - Checkable]
  bool isSliced[o=Obj - Checkable]
]

actions = [
  action look(Agent - Checkable a, Location - Checkable l) {
    preconditions = [
      atLocation(a, l)
    ]
    effects = [
      checked(l) := true
    ]
  }
  action inventory(Agent - Checkable a) {
    preconditions = [
    ]
    effects = [
      checked(a) := true
    ]
  }
  action examineReceptacle(Agent - Checkable a, Receptacle - Checkable r) {
    preconditions = [
      Exists (Location - Checkable l) (atLocation(a, l) and receptacleAtLocation(r, l))
    ]
    effects = [
      checked(r) := true
    ]
  }
  action examineObject(Agent - Checkable a, Obj - Checkable o) {
    preconditions = [
      (Exists (Location - Checkable l) Exists (Receptacle - Checkable r) (atLocation(a, l) and receptacleAtLocation(r, l) and inReceptacle(o, r) and ((not openable(r)) or opened(r))) or holds(a, o))
    ]
    effects = [
      checked(o) := true
    ]
  }
  action goToLocation(Agent - Checkable a, Location - Checkable lstart, Location - Checkable lend) {
    preconditions = [
      atLocation(a, lstart)
    ]
    effects = [
      atLocation(a, lstart) := false
      atLocation(a, lend) := true
    ]
  }
  action openObject(Agent - Checkable a, Location - Checkable l, Receptacle - Checkable r) {
    preconditions = [
      (openable(r) and atLocation(a, l) and receptacleAtLocation(r, l) and (not opened(r)))
    ]
    effects = [
      opened(r) := true
      checked(r) := true
    ]
  }
  action closeObject(Agent - Checkable a, Location - Checkable l, Receptacle - Checkable r) {
    preconditions = [
      (openable(r) and atLocation(a, l) and receptacleAtLocation(r, l) and opened(r))
    ]
    effects = [
      opened(r) := false
    ]
  }
  action pickupObject(Agent - Checkable a, Location - Checkable l, Obj - Checkable o, Receptacle - Checkable r) {
    preconditions = [
      (pickupable(o) and atLocation(a, l) and receptacleAtLocation(r, l) and inReceptacle(o, r) and (not holdsAny(a)) and ((not openable(r)) or opened(r)))
    ]
    effects = [
      inReceptacle(o, r) := false
      holds(a, o) := true
      holdsAny(a) := true
      objectAtLocation(o, l) := false
    ]
  }
  action putObject(Agent - Checkable a, Location - Checkable l, Obj - Checkable o, Receptacle - Checkable r, ObjectType ot, ReceptacleType rt) {
    preconditions = [
      (holds(a, o) and atLocation(a, l) and receptacleAtLocation(r, l) and ((not openable(r)) or opened(r)) and objectType(o, ot) and receptacleType(r, rt) and canContain(rt, ot))
    ]
    effects = [
      inReceptacle(o, r) := true
      objectAtLocation(o, l) := true
      holds(a, o) := false
      holdsAny(a) := false
    ]
  }
  action cleanObject(Agent - Checkable a, Location - Checkable l, Receptacle - Checkable r, Obj - Checkable o) {
    preconditions = [
      (cleanable(o) and receptacleType(r, sinkBasinType) and atLocation(a, l) and receptacleAtLocation(r, l) and holds(a, o))
    ]
    effects = [
      isClean(o) := true
    ]
  }
  action heatObject(Agent - Checkable a, Location - Checkable l, Receptacle - Checkable r, Obj - Checkable o) {
    preconditions = [
      (heatable(o) and receptacleType(r, microwaveType) and atLocation(a, l) and receptacleAtLocation(r, l) and holds(a, o))
    ]
    effects = [
      isHot(o) := true
      isCool(o) := false
    ]
  }
  action coolObject(Agent - Checkable a, Location - Checkable l, Receptacle - Checkable r, Obj - Checkable o) {
    preconditions = [
      (coolable(o) and receptacleType(r, fridgeType) and atLocation(a, l) and receptacleAtLocation(r, l) and holds(a, o))
    ]
    effects = [
      isCool(o) := true
      isHot(o) := false
    ]
  }
  action toggleObject(Agent - Checkable a, Location - Checkable l, Obj - Checkable o, Receptacle - Checkable r) {
    preconditions = [
      (toggleable(o) and atLocation(a, l) and receptacleAtLocation(r, l) and inReceptacle(o, r))
    ]
    effects = [
      if isOn(o) then isOn(o) := false
      if (not isOn(o)) then isOn(o) := true
      isToggled(o) := true
    ]
  }
  action sliceObject(Agent - Checkable a, Location - Checkable l, Obj - Checkable co, Obj - Checkable ko) {
    preconditions = [
      (sliceable(co) and (objectType(ko, knifeType) or objectType(ko, butterKnifeType)) and atLocation(a, l) and objectAtLocation(co, l) and holds(a, ko))
    ]
    effects = [
      isSliced(co) := true
    ]
  }
  action help(Agent - Checkable a) {
    preconditions = [
    ]
    effects = [
      checked(a) := true
    ]
  }
]

objects = [
  ReceptacleType: [sinkBasinType, microwaveType, fridgeType, bedType, towelHolderType, drawerType, dresserType, garbageCanType, deskType, handTowelHolderType, laundryHamperType]
  ObjectType: [knifeType, butterKnifeType, bowlType, saltShakerType, glassbottleType, laptopType, tomatoType, bookType, plateType]
  Checkable: [agent1, location1, location2, location3, location4, location5, location6, location7, location8, location9, location10, bed_1, towelHolder_2, drawer_3, dresser_4, garbageCan_5, desk_6, handTowelHolder_7, laundryHamper_8, garbageCan_9, bed_10, bowl_1, butterKnife_2, saltShaker_3, glassbottle_4, laptop_5, tomato_6, bowl_7, tomato_8, book_9, plate_10]
  Agent - Checkable: [agent1]
  Location - Checkable: [location1, location2, location3, location4, location5, location6, location7, location8, location9, location10]
  Receptacle - Checkable: [bed_1, towelHolder_2, drawer_3, dresser_4, garbageCan_5, desk_6, handTowelHolder_7, laundryHamper_8, garbageCan_9, bed_10]
  Obj - Checkable: [bowl_1, butterKnife_2, saltShaker_3, glassbottle_4, laptop_5, tomato_6, bowl_7, tomato_8, book_9, plate_10]
]

initial fluents default = [
  bool atLocation[a=Agent - Checkable, l=Location - Checkable] := false
  bool receptacleAtLocation[r=Receptacle - Checkable, l=Location - Checkable] := false
  bool objectAtLocation[o=Obj - Checkable, l=Location - Checkable] := false
  bool openable[r=Receptacle - Checkable] := false
  bool opened[r=Receptacle - Checkable] := false
  bool inReceptacle[o=Obj - Checkable, r=Receptacle - Checkable] := false
  bool isReceptacleObject[o=Obj - Checkable] := false
  bool inReceptacleObject[innerObject=Obj - Checkable, outObject=Obj - Checkable] := false
  bool isReceptacleObjectFull[o=Obj - Checkable] := false
  bool wasInReceptacle[o=Obj - Checkable, r=Receptacle - Checkable] := false
  bool checked[c=Checkable] := false
  bool examined[l=Location - Checkable] := false
  bool receptacleType[r=Receptacle - Checkable, rt=ReceptacleType] := false
  bool canContain[rt=ReceptacleType, ot=ObjectType] := false
  bool objectType[o=Obj - Checkable, t=ObjectType] := false
  bool holds[a=Agent - Checkable, o=Obj - Checkable] := false
  bool holdsAny[a=Agent - Checkable] := false
  bool holdsAnyReceptacleObject[a=Agent - Checkable] := false
  bool full[r=Receptacle - Checkable] := false
  bool isClean[o=Obj - Checkable] := false
  bool cleanable[o=Obj - Checkable] := false
  bool isHot[o=Obj - Checkable] := false
  bool heatable[o=Obj - Checkable] := false
  bool isCool[o=Obj - Checkable] := false
  bool coolable[o=Obj - Checkable] := false
  bool pickupable[o=Obj - Checkable] := false
  bool moveable[o=Obj - Checkable] := false
  bool toggleable[o=Obj - Checkable] := false
  bool isOn[o=Obj - Checkable] := false
  bool isToggled[o=Obj - Checkable] := false
  bool sliceable[o=Obj - Checkable] := false
  bool isSliced[o=Obj - Checkable] := false
]

initial values = [
  receptacleType(bed_1, bedType) := true
  receptacleType(towelHolder_2, towelHolderType) := true
  receptacleType(drawer_3, drawerType) := true
  receptacleType(dresser_4, dresserType) := true
  receptacleType(garbageCan_5, garbageCanType) := true
  receptacleType(desk_6, deskType) := true
  receptacleType(handTowelHolder_7, handTowelHolderType) := true
  receptacleType(laundryHamper_8, laundryHamperType) := true
  receptacleType(garbageCan_9, garbageCanType) := true
  receptacleType(bed_10, bedType) := true
  objectType(bowl_1, bowlType) := true
  objectType(butterKnife_2, butterKnifeType) := true
  objectType(saltShaker_3, saltShakerType) := true
  objectType(glassbottle_4, glassbottleType) := true
  objectType(laptop_5, laptopType) := true
  objectType(tomato_6, tomatoType) := true
  objectType(bowl_7, bowlType) := true
  objectType(tomato_8, tomatoType) := true
  objectType(book_9, bookType) := true
  objectType(plate_10, plateType) := true
  canContain(bedType, laptopType) := true
  canContain(bedType, bookType) := true
  canContain(drawerType, butterKnifeType) := true
  canContain(drawerType, saltShakerType) := true
  canContain(drawerType, bookType) := true
  canContain(dresserType, bowlType) := true
  canContain(dresserType, glassbottleType) := true
  canContain(dresserType, laptopType) := true
  canContain(dresserType, bookType) := true
  canContain(dresserType, plateType) := true
  canContain(garbageCanType, tomatoType) := true
  canContain(deskType, bowlType) := true
  canContain(deskType, glassbottleType) := true
  canContain(deskType, laptopType) := true
  canContain(deskType, bookType) := true
  canContain(deskType, plateType) := true
  pickupable(bowl_1) := true
  isReceptacleObject(bowl_1) := true
  cleanable(bowl_1) := true
  coolable(bowl_1) := true
  pickupable(butterKnife_2) := true
  cleanable(butterKnife_2) := true
  pickupable(saltShaker_3) := true
  pickupable(glassbottle_4) := true
  pickupable(laptop_5) := true
  pickupable(tomato_6) := true
  cleanable(tomato_6) := true
  heatable(tomato_6) := true
  coolable(tomato_6) := true
  sliceable(tomato_6) := true
  pickupable(bowl_7) := true
  isReceptacleObject(bowl_7) := true
  cleanable(bowl_7) := true
  coolable(bowl_7) := true
  pickupable(tomato_8) := true
  cleanable(tomato_8) := true
  heatable(tomato_8) := true
  coolable(tomato_8) := true
  sliceable(tomato_8) := true
  pickupable(book_9) := true
  pickupable(plate_10) := true
  isReceptacleObject(plate_10) := true
  cleanable(plate_10) := true
  heatable(plate_10) := true
  coolable(plate_10) := true
  receptacleAtLocation(bed_1, location7) := true
  receptacleAtLocation(towelHolder_2, location2) := true
  receptacleAtLocation(drawer_3, location8) := true
  receptacleAtLocation(dresser_4, location2) := true
  receptacleAtLocation(garbageCan_5, location6) := true
  receptacleAtLocation(desk_6, location4) := true
  receptacleAtLocation(handTowelHolder_7, location7) := true
  receptacleAtLocation(laundryHamper_8, location10) := true
  receptacleAtLocation(garbageCan_9, location5) := true
  receptacleAtLocation(bed_10, location9) := true
  inReceptacle(saltShaker_3, drawer_3) := true
  inReceptacle(laptop_5, bed_10) := true
  inReceptacle(bowl_7, dresser_4) := true
  inReceptacle(book_9, desk_6) := true
  objectAtLocation(bowl_1, location8) := true
  objectAtLocation(butterKnife_2, location6) := true
  objectAtLocation(saltShaker_3, location8) := true
  objectAtLocation(glassbottle_4, location1) := true
  objectAtLocation(laptop_5, location9) := true
  objectAtLocation(tomato_6, location9) := true
  objectAtLocation(bowl_7, location2) := true
  objectAtLocation(tomato_8, location5) := true
  objectAtLocation(book_9, location4) := true
  objectAtLocation(plate_10, location9) := true
  atLocation(agent1, location10) := true
]

goals = [
  Exists (Receptacle - Checkable r) Exists (Obj - Checkable o) (inReceptacle(o, r) and objectType(o, butterKnifeType) and receptacleType(r, drawerType))
]

quality metrics = [
  minimize sequential-plan-length
]


2025-06-17 10:24:36,694 - INFO - Generating plan for unconstrained problem

2025-06-17 10:24:37,005 - INFO - Unconstrained plan generation time: 0.31076884269714355

