2025-06-17 10:21:01,830 - INFO - 
================= Seed: 664 =================

2025-06-17 10:21:01,835 - INFO - problem name = alfred

types = [ReceptacleType, ObjectType, Checkable, Agent - Checkable, Location - Checkable, Receptacle - Checkable, Obj - Checkable]

fluents = [
  bool atLocation[a=Agent - Checkable, l=Location - Checkable]
  bool receptacleAtLocation[r=Receptacle - Checkable, l=Location - Checkable]
  bool objectAtLocation[o=Obj - Checkable, l=Location - Checkable]
  bool openable[r=Receptacle - Checkable]
  bool opened[r=Receptacle - Checkable]
  bool inReceptacle[o=Obj - Checkable, r=Receptacle - Checkable]
  bool isReceptacleObject[o=Obj - Checkable]
  bool inReceptacleObject[innerObject=Obj - Checkable, outObject=Obj - Checkable]
  bool isReceptacleObjectFull[o=Obj - Checkable]
  bool wasInReceptacle[o=Obj - Checkable, r=Receptacle - Checkable]
  bool checked[c=Checkable]
  bool examined[l=Location - Checkable]
  bool receptacleType[r=Receptacle - Checkable, rt=ReceptacleType]
  bool canContain[rt=ReceptacleType, ot=ObjectType]
  bool objectType[o=Obj - Checkable, t=ObjectType]
  bool holds[a=Agent - Checkable, o=Obj - Checkable]
  bool holdsAny[a=Agent - Checkable]
  bool holdsAnyReceptacleObject[a=Agent - Checkable]
  bool full[r=Receptacle - Checkable]
  bool isClean[o=Obj - Checkable]
  bool cleanable[o=Obj - Checkable]
  bool isHot[o=Obj - Checkable]
  bool heatable[o=Obj - Checkable]
  bool isCool[o=Obj - Checkable]
  bool coolable[o=Obj - Checkable]
  bool pickupable[o=Obj - Checkable]
  bool moveable[o=Obj - Checkable]
  bool toggleable[o=Obj - Checkable]
  bool isOn[o=Obj - Checkable]
  bool isToggled[o=Obj - Checkable]
  bool sliceable[o=Obj - Checkable]
  bool isSliced[o=Obj - Checkable]
]

actions = [
  action look(Agent - Checkable a, Location - Checkable l) {
    preconditions = [
      atLocation(a, l)
    ]
    effects = [
      checked(l) := true
    ]
  }
  action inventory(Agent - Checkable a) {
    preconditions = [
    ]
    effects = [
      checked(a) := true
    ]
  }
  action examineReceptacle(Agent - Checkable a, Receptacle - Checkable r) {
    preconditions = [
      Exists (Location - Checkable l) (atLocation(a, l) and receptacleAtLocation(r, l))
    ]
    effects = [
      checked(r) := true
    ]
  }
  action examineObject(Agent - Checkable a, Obj - Checkable o) {
    preconditions = [
      (Exists (Location - Checkable l) Exists (Receptacle - Checkable r) (atLocation(a, l) and receptacleAtLocation(r, l) and inReceptacle(o, r) and ((not openable(r)) or opened(r))) or holds(a, o))
    ]
    effects = [
      checked(o) := true
    ]
  }
  action goToLocation(Agent - Checkable a, Location - Checkable lstart, Location - Checkable lend) {
    preconditions = [
      atLocation(a, lstart)
    ]
    effects = [
      atLocation(a, lstart) := false
      atLocation(a, lend) := true
    ]
  }
  action openObject(Agent - Checkable a, Location - Checkable l, Receptacle - Checkable r) {
    preconditions = [
      (openable(r) and atLocation(a, l) and receptacleAtLocation(r, l) and (not opened(r)))
    ]
    effects = [
      opened(r) := true
      checked(r) := true
    ]
  }
  action closeObject(Agent - Checkable a, Location - Checkable l, Receptacle - Checkable r) {
    preconditions = [
      (openable(r) and atLocation(a, l) and receptacleAtLocation(r, l) and opened(r))
    ]
    effects = [
      opened(r) := false
    ]
  }
  action pickupObject(Agent - Checkable a, Location - Checkable l, Obj - Checkable o, Receptacle - Checkable r) {
    preconditions = [
      (pickupable(o) and atLocation(a, l) and receptacleAtLocation(r, l) and inReceptacle(o, r) and (not holdsAny(a)) and ((not openable(r)) or opened(r)))
    ]
    effects = [
      inReceptacle(o, r) := false
      holds(a, o) := true
      holdsAny(a) := true
      objectAtLocation(o, l) := false
    ]
  }
  action putObject(Agent - Checkable a, Location - Checkable l, Obj - Checkable o, Receptacle - Checkable r, ObjectType ot, ReceptacleType rt) {
    preconditions = [
      (holds(a, o) and atLocation(a, l) and receptacleAtLocation(r, l) and ((not openable(r)) or opened(r)) and objectType(o, ot) and receptacleType(r, rt) and canContain(rt, ot))
    ]
    effects = [
      inReceptacle(o, r) := true
      objectAtLocation(o, l) := true
      holds(a, o) := false
      holdsAny(a) := false
    ]
  }
  action cleanObject(Agent - Checkable a, Location - Checkable l, Receptacle - Checkable r, Obj - Checkable o) {
    preconditions = [
      (cleanable(o) and receptacleType(r, sinkBasinType) and atLocation(a, l) and receptacleAtLocation(r, l) and holds(a, o))
    ]
    effects = [
      isClean(o) := true
    ]
  }
  action heatObject(Agent - Checkable a, Location - Checkable l, Receptacle - Checkable r, Obj - Checkable o) {
    preconditions = [
      (heatable(o) and receptacleType(r, microwaveType) and atLocation(a, l) and receptacleAtLocation(r, l) and holds(a, o))
    ]
    effects = [
      isHot(o) := true
      isCool(o) := false
    ]
  }
  action coolObject(Agent - Checkable a, Location - Checkable l, Receptacle - Checkable r, Obj - Checkable o) {
    preconditions = [
      (coolable(o) and receptacleType(r, fridgeType) and atLocation(a, l) and receptacleAtLocation(r, l) and holds(a, o))
    ]
    effects = [
      isCool(o) := true
      isHot(o) := false
    ]
  }
  action toggleObject(Agent - Checkable a, Location - Checkable l, Obj - Checkable o, Receptacle - Checkable r) {
    preconditions = [
      (toggleable(o) and atLocation(a, l) and receptacleAtLocation(r, l) and inReceptacle(o, r))
    ]
    effects = [
      if isOn(o) then isOn(o) := false
      if (not isOn(o)) then isOn(o) := true
      isToggled(o) := true
    ]
  }
  action sliceObject(Agent - Checkable a, Location - Checkable l, Obj - Checkable co, Obj - Checkable ko) {
    preconditions = [
      (sliceable(co) and (objectType(ko, knifeType) or objectType(ko, butterKnifeType)) and atLocation(a, l) and objectAtLocation(co, l) and holds(a, ko))
    ]
    effects = [
      isSliced(co) := true
    ]
  }
  action help(Agent - Checkable a) {
    preconditions = [
    ]
    effects = [
      checked(a) := true
    ]
  }
]

objects = [
  ReceptacleType: [sinkBasinType, microwaveType, fridgeType, deskType, ottomanType, toasterType, towelHolderType, toiletPaperHangerType, toiletType, dresserType]
  ObjectType: [knifeType, butterKnifeType, toiletPaperRollType, soapBarType, alarmClockType, pillowType, plateType, wineBottleType, dishSpongeType, clothType, creditCardType, mugType]
  Checkable: [agent1, location1, location2, location3, location4, location5, location6, location7, location8, location9, location10, desk_1, ottoman_2, toaster_3, desk_4, towelHolder_5, toaster_6, toiletPaperHanger_7, toaster_8, toilet_9, dresser_10, toiletPaperRoll_1, soapBar_2, alarmClock_3, pillow_4, plate_5, wineBottle_6, dishSponge_7, cloth_8, creditCard_9, mug_10]
  Agent - Checkable: [agent1]
  Location - Checkable: [location1, location2, location3, location4, location5, location6, location7, location8, location9, location10]
  Receptacle - Checkable: [desk_1, ottoman_2, toaster_3, desk_4, towelHolder_5, toaster_6, toiletPaperHanger_7, toaster_8, toilet_9, dresser_10]
  Obj - Checkable: [toiletPaperRoll_1, soapBar_2, alarmClock_3, pillow_4, plate_5, wineBottle_6, dishSponge_7, cloth_8, creditCard_9, mug_10]
]

initial fluents default = [
  bool atLocation[a=Agent - Checkable, l=Location - Checkable] := false
  bool receptacleAtLocation[r=Receptacle - Checkable, l=Location - Checkable] := false
  bool objectAtLocation[o=Obj - Checkable, l=Location - Checkable] := false
  bool openable[r=Receptacle - Checkable] := false
  bool opened[r=Receptacle - Checkable] := false
  bool inReceptacle[o=Obj - Checkable, r=Receptacle - Checkable] := false
  bool isReceptacleObject[o=Obj - Checkable] := false
  bool inReceptacleObject[innerObject=Obj - Checkable, outObject=Obj - Checkable] := false
  bool isReceptacleObjectFull[o=Obj - Checkable] := false
  bool wasInReceptacle[o=Obj - Checkable, r=Receptacle - Checkable] := false
  bool checked[c=Checkable] := false
  bool examined[l=Location - Checkable] := false
  bool receptacleType[r=Receptacle - Checkable, rt=ReceptacleType] := false
  bool canContain[rt=ReceptacleType, ot=ObjectType] := false
  bool objectType[o=Obj - Checkable, t=ObjectType] := false
  bool holds[a=Agent - Checkable, o=Obj - Checkable] := false
  bool holdsAny[a=Agent - Checkable] := false
  bool holdsAnyReceptacleObject[a=Agent - Checkable] := false
  bool full[r=Receptacle - Checkable] := false
  bool isClean[o=Obj - Checkable] := false
  bool cleanable[o=Obj - Checkable] := false
  bool isHot[o=Obj - Checkable] := false
  bool heatable[o=Obj - Checkable] := false
  bool isCool[o=Obj - Checkable] := false
  bool coolable[o=Obj - Checkable] := false
  bool pickupable[o=Obj - Checkable] := false
  bool moveable[o=Obj - Checkable] := false
  bool toggleable[o=Obj - Checkable] := false
  bool isOn[o=Obj - Checkable] := false
  bool isToggled[o=Obj - Checkable] := false
  bool sliceable[o=Obj - Checkable] := false
  bool isSliced[o=Obj - Checkable] := false
]

initial values = [
  receptacleType(desk_1, deskType) := true
  receptacleType(ottoman_2, ottomanType) := true
  receptacleType(toaster_3, toasterType) := true
  receptacleType(desk_4, deskType) := true
  receptacleType(towelHolder_5, towelHolderType) := true
  receptacleType(toaster_6, toasterType) := true
  receptacleType(toiletPaperHanger_7, toiletPaperHangerType) := true
  receptacleType(toaster_8, toasterType) := true
  receptacleType(toilet_9, toiletType) := true
  receptacleType(dresser_10, dresserType) := true
  objectType(toiletPaperRoll_1, toiletPaperRollType) := true
  objectType(soapBar_2, soapBarType) := true
  objectType(alarmClock_3, alarmClockType) := true
  objectType(pillow_4, pillowType) := true
  objectType(plate_5, plateType) := true
  objectType(wineBottle_6, wineBottleType) := true
  objectType(dishSponge_7, dishSpongeType) := true
  objectType(cloth_8, clothType) := true
  objectType(creditCard_9, creditCardType) := true
  objectType(mug_10, mugType) := true
  canContain(deskType, toiletPaperRollType) := true
  canContain(deskType, alarmClockType) := true
  canContain(deskType, plateType) := true
  canContain(deskType, wineBottleType) := true
  canContain(deskType, clothType) := true
  canContain(deskType, creditCardType) := true
  canContain(deskType, mugType) := true
  canContain(ottomanType, pillowType) := true
  canContain(ottomanType, clothType) := true
  canContain(ottomanType, creditCardType) := true
  canContain(toiletPaperHangerType, toiletPaperRollType) := true
  canContain(toiletType, toiletPaperRollType) := true
  canContain(toiletType, soapBarType) := true
  canContain(toiletType, dishSpongeType) := true
  canContain(toiletType, clothType) := true
  canContain(dresserType, toiletPaperRollType) := true
  canContain(dresserType, alarmClockType) := true
  canContain(dresserType, plateType) := true
  canContain(dresserType, wineBottleType) := true
  canContain(dresserType, clothType) := true
  canContain(dresserType, creditCardType) := true
  canContain(dresserType, mugType) := true
  pickupable(toiletPaperRoll_1) := true
  pickupable(soapBar_2) := true
  cleanable(soapBar_2) := true
  pickupable(alarmClock_3) := true
  pickupable(pillow_4) := true
  pickupable(plate_5) := true
  isReceptacleObject(plate_5) := true
  cleanable(plate_5) := true
  heatable(plate_5) := true
  coolable(plate_5) := true
  pickupable(wineBottle_6) := true
  pickupable(dishSponge_7) := true
  cleanable(dishSponge_7) := true
  pickupable(cloth_8) := true
  cleanable(cloth_8) := true
  pickupable(creditCard_9) := true
  pickupable(mug_10) := true
  isReceptacleObject(mug_10) := true
  cleanable(mug_10) := true
  heatable(mug_10) := true
  coolable(mug_10) := true
  receptacleAtLocation(desk_1, location9) := true
  receptacleAtLocation(ottoman_2, location10) := true
  receptacleAtLocation(toaster_3, location7) := true
  receptacleAtLocation(desk_4, location4) := true
  receptacleAtLocation(towelHolder_5, location10) := true
  receptacleAtLocation(toaster_6, location4) := true
  receptacleAtLocation(toiletPaperHanger_7, location10) := true
  receptacleAtLocation(toaster_8, location7) := true
  receptacleAtLocation(toilet_9, location7) := true
  receptacleAtLocation(dresser_10, location7) := true
  inReceptacle(mug_10, desk_1) := true
  objectAtLocation(toiletPaperRoll_1, location2) := true
  objectAtLocation(soapBar_2, location5) := true
  objectAtLocation(alarmClock_3, location7) := true
  objectAtLocation(pillow_4, location4) := true
  objectAtLocation(plate_5, location3) := true
  objectAtLocation(wineBottle_6, location5) := true
  objectAtLocation(dishSponge_7, location1) := true
  objectAtLocation(cloth_8, location5) := true
  objectAtLocation(creditCard_9, location1) := true
  objectAtLocation(mug_10, location9) := true
  atLocation(agent1, location2) := true
]

goals = [
  Exists (Receptacle - Checkable r) Exists (Obj - Checkable o) (coolable(o) and objectType(o, plateType) and receptacleType(r, dresserType) and isCool(o) and inReceptacle(o, r))
]

quality metrics = [
  minimize sequential-plan-length
]


2025-06-17 10:21:01,837 - INFO - Generating plan for unconstrained problem

2025-06-17 10:21:02,142 - INFO - Unconstrained plan generation time: 0.30449581146240234

