2025-06-17 10:24:55,050 - INFO - 
================= Seed: 1016 =================

2025-06-17 10:24:55,055 - INFO - problem name = alfred

types = [ReceptacleType, ObjectType, Checkable, Agent - Checkable, Location - Checkable, Receptacle - Checkable, Obj - Checkable]

fluents = [
  bool atLocation[a=Agent - Checkable, l=Location - Checkable]
  bool receptacleAtLocation[r=Receptacle - Checkable, l=Location - Checkable]
  bool objectAtLocation[o=Obj - Checkable, l=Location - Checkable]
  bool openable[r=Receptacle - Checkable]
  bool opened[r=Receptacle - Checkable]
  bool inReceptacle[o=Obj - Checkable, r=Receptacle - Checkable]
  bool isReceptacleObject[o=Obj - Checkable]
  bool inReceptacleObject[innerObject=Obj - Checkable, outObject=Obj - Checkable]
  bool isReceptacleObjectFull[o=Obj - Checkable]
  bool wasInReceptacle[o=Obj - Checkable, r=Receptacle - Checkable]
  bool checked[c=Checkable]
  bool examined[l=Location - Checkable]
  bool receptacleType[r=Receptacle - Checkable, rt=ReceptacleType]
  bool canContain[rt=ReceptacleType, ot=ObjectType]
  bool objectType[o=Obj - Checkable, t=ObjectType]
  bool holds[a=Agent - Checkable, o=Obj - Checkable]
  bool holdsAny[a=Agent - Checkable]
  bool holdsAnyReceptacleObject[a=Agent - Checkable]
  bool full[r=Receptacle - Checkable]
  bool isClean[o=Obj - Checkable]
  bool cleanable[o=Obj - Checkable]
  bool isHot[o=Obj - Checkable]
  bool heatable[o=Obj - Checkable]
  bool isCool[o=Obj - Checkable]
  bool coolable[o=Obj - Checkable]
  bool pickupable[o=Obj - Checkable]
  bool moveable[o=Obj - Checkable]
  bool toggleable[o=Obj - Checkable]
  bool isOn[o=Obj - Checkable]
  bool isToggled[o=Obj - Checkable]
  bool sliceable[o=Obj - Checkable]
  bool isSliced[o=Obj - Checkable]
]

actions = [
  action look(Agent - Checkable a, Location - Checkable l) {
    preconditions = [
      atLocation(a, l)
    ]
    effects = [
      checked(l) := true
    ]
  }
  action inventory(Agent - Checkable a) {
    preconditions = [
    ]
    effects = [
      checked(a) := true
    ]
  }
  action examineReceptacle(Agent - Checkable a, Receptacle - Checkable r) {
    preconditions = [
      Exists (Location - Checkable l) (atLocation(a, l) and receptacleAtLocation(r, l))
    ]
    effects = [
      checked(r) := true
    ]
  }
  action examineObject(Agent - Checkable a, Obj - Checkable o) {
    preconditions = [
      (Exists (Location - Checkable l) Exists (Receptacle - Checkable r) (atLocation(a, l) and receptacleAtLocation(r, l) and inReceptacle(o, r) and ((not openable(r)) or opened(r))) or holds(a, o))
    ]
    effects = [
      checked(o) := true
    ]
  }
  action goToLocation(Agent - Checkable a, Location - Checkable lstart, Location - Checkable lend) {
    preconditions = [
      atLocation(a, lstart)
    ]
    effects = [
      atLocation(a, lstart) := false
      atLocation(a, lend) := true
    ]
  }
  action openObject(Agent - Checkable a, Location - Checkable l, Receptacle - Checkable r) {
    preconditions = [
      (openable(r) and atLocation(a, l) and receptacleAtLocation(r, l) and (not opened(r)))
    ]
    effects = [
      opened(r) := true
      checked(r) := true
    ]
  }
  action closeObject(Agent - Checkable a, Location - Checkable l, Receptacle - Checkable r) {
    preconditions = [
      (openable(r) and atLocation(a, l) and receptacleAtLocation(r, l) and opened(r))
    ]
    effects = [
      opened(r) := false
    ]
  }
  action pickupObject(Agent - Checkable a, Location - Checkable l, Obj - Checkable o, Receptacle - Checkable r) {
    preconditions = [
      (pickupable(o) and atLocation(a, l) and receptacleAtLocation(r, l) and inReceptacle(o, r) and (not holdsAny(a)) and ((not openable(r)) or opened(r)))
    ]
    effects = [
      inReceptacle(o, r) := false
      holds(a, o) := true
      holdsAny(a) := true
      objectAtLocation(o, l) := false
    ]
  }
  action putObject(Agent - Checkable a, Location - Checkable l, Obj - Checkable o, Receptacle - Checkable r, ObjectType ot, ReceptacleType rt) {
    preconditions = [
      (holds(a, o) and atLocation(a, l) and receptacleAtLocation(r, l) and ((not openable(r)) or opened(r)) and objectType(o, ot) and receptacleType(r, rt) and canContain(rt, ot))
    ]
    effects = [
      inReceptacle(o, r) := true
      objectAtLocation(o, l) := true
      holds(a, o) := false
      holdsAny(a) := false
    ]
  }
  action cleanObject(Agent - Checkable a, Location - Checkable l, Receptacle - Checkable r, Obj - Checkable o) {
    preconditions = [
      (cleanable(o) and receptacleType(r, sinkBasinType) and atLocation(a, l) and receptacleAtLocation(r, l) and holds(a, o))
    ]
    effects = [
      isClean(o) := true
    ]
  }
  action heatObject(Agent - Checkable a, Location - Checkable l, Receptacle - Checkable r, Obj - Checkable o) {
    preconditions = [
      (heatable(o) and receptacleType(r, microwaveType) and atLocation(a, l) and receptacleAtLocation(r, l) and holds(a, o))
    ]
    effects = [
      isHot(o) := true
      isCool(o) := false
    ]
  }
  action coolObject(Agent - Checkable a, Location - Checkable l, Receptacle - Checkable r, Obj - Checkable o) {
    preconditions = [
      (coolable(o) and receptacleType(r, fridgeType) and atLocation(a, l) and receptacleAtLocation(r, l) and holds(a, o))
    ]
    effects = [
      isCool(o) := true
      isHot(o) := false
    ]
  }
  action toggleObject(Agent - Checkable a, Location - Checkable l, Obj - Checkable o, Receptacle - Checkable r) {
    preconditions = [
      (toggleable(o) and atLocation(a, l) and receptacleAtLocation(r, l) and inReceptacle(o, r))
    ]
    effects = [
      if isOn(o) then isOn(o) := false
      if (not isOn(o)) then isOn(o) := true
      isToggled(o) := true
    ]
  }
  action sliceObject(Agent - Checkable a, Location - Checkable l, Obj - Checkable co, Obj - Checkable ko) {
    preconditions = [
      (sliceable(co) and (objectType(ko, knifeType) or objectType(ko, butterKnifeType)) and atLocation(a, l) and objectAtLocation(co, l) and holds(a, ko))
    ]
    effects = [
      isSliced(co) := true
    ]
  }
  action help(Agent - Checkable a) {
    preconditions = [
    ]
    effects = [
      checked(a) := true
    ]
  }
]

objects = [
  ReceptacleType: [sinkBasinType, microwaveType, fridgeType, stoveBurnerType, dresserType, diningTableType, safeType, coffeeMachineType, toiletType, sofaType]
  ObjectType: [knifeType, butterKnifeType, kettleType, panType, newspaperType, vaseType, cupType, wateringCanType, dishSpongeType, candleType, bowlType]
  Checkable: [agent1, location1, location2, location3, location4, location5, location6, location7, location8, location9, location10, stoveBurner_1, dresser_2, diningTable_3, safe_4, stoveBurner_5, dresser_6, safe_7, coffeeMachine_8, toilet_9, sofa_10, kettle_1, pan_2, newspaper_3, vase_4, cup_5, wateringCan_6, dishSponge_7, newspaper_8, candle_9, bowl_10]
  Agent - Checkable: [agent1]
  Location - Checkable: [location1, location2, location3, location4, location5, location6, location7, location8, location9, location10]
  Receptacle - Checkable: [stoveBurner_1, dresser_2, diningTable_3, safe_4, stoveBurner_5, dresser_6, safe_7, coffeeMachine_8, toilet_9, sofa_10]
  Obj - Checkable: [kettle_1, pan_2, newspaper_3, vase_4, cup_5, wateringCan_6, dishSponge_7, newspaper_8, candle_9, bowl_10]
]

initial fluents default = [
  bool atLocation[a=Agent - Checkable, l=Location - Checkable] := false
  bool receptacleAtLocation[r=Receptacle - Checkable, l=Location - Checkable] := false
  bool objectAtLocation[o=Obj - Checkable, l=Location - Checkable] := false
  bool openable[r=Receptacle - Checkable] := false
  bool opened[r=Receptacle - Checkable] := false
  bool inReceptacle[o=Obj - Checkable, r=Receptacle - Checkable] := false
  bool isReceptacleObject[o=Obj - Checkable] := false
  bool inReceptacleObject[innerObject=Obj - Checkable, outObject=Obj - Checkable] := false
  bool isReceptacleObjectFull[o=Obj - Checkable] := false
  bool wasInReceptacle[o=Obj - Checkable, r=Receptacle - Checkable] := false
  bool checked[c=Checkable] := false
  bool examined[l=Location - Checkable] := false
  bool receptacleType[r=Receptacle - Checkable, rt=ReceptacleType] := false
  bool canContain[rt=ReceptacleType, ot=ObjectType] := false
  bool objectType[o=Obj - Checkable, t=ObjectType] := false
  bool holds[a=Agent - Checkable, o=Obj - Checkable] := false
  bool holdsAny[a=Agent - Checkable] := false
  bool holdsAnyReceptacleObject[a=Agent - Checkable] := false
  bool full[r=Receptacle - Checkable] := false
  bool isClean[o=Obj - Checkable] := false
  bool cleanable[o=Obj - Checkable] := false
  bool isHot[o=Obj - Checkable] := false
  bool heatable[o=Obj - Checkable] := false
  bool isCool[o=Obj - Checkable] := false
  bool coolable[o=Obj - Checkable] := false
  bool pickupable[o=Obj - Checkable] := false
  bool moveable[o=Obj - Checkable] := false
  bool toggleable[o=Obj - Checkable] := false
  bool isOn[o=Obj - Checkable] := false
  bool isToggled[o=Obj - Checkable] := false
  bool sliceable[o=Obj - Checkable] := false
  bool isSliced[o=Obj - Checkable] := false
]

initial values = [
  receptacleType(stoveBurner_1, stoveBurnerType) := true
  receptacleType(dresser_2, dresserType) := true
  receptacleType(diningTable_3, diningTableType) := true
  receptacleType(safe_4, safeType) := true
  receptacleType(stoveBurner_5, stoveBurnerType) := true
  receptacleType(dresser_6, dresserType) := true
  receptacleType(safe_7, safeType) := true
  receptacleType(coffeeMachine_8, coffeeMachineType) := true
  receptacleType(toilet_9, toiletType) := true
  receptacleType(sofa_10, sofaType) := true
  objectType(kettle_1, kettleType) := true
  objectType(pan_2, panType) := true
  objectType(newspaper_3, newspaperType) := true
  objectType(vase_4, vaseType) := true
  objectType(cup_5, cupType) := true
  objectType(wateringCan_6, wateringCanType) := true
  objectType(dishSponge_7, dishSpongeType) := true
  objectType(newspaper_8, newspaperType) := true
  objectType(candle_9, candleType) := true
  objectType(bowl_10, bowlType) := true
  canContain(stoveBurnerType, kettleType) := true
  canContain(stoveBurnerType, panType) := true
  canContain(dresserType, newspaperType) := true
  canContain(dresserType, vaseType) := true
  canContain(dresserType, cupType) := true
  canContain(dresserType, wateringCanType) := true
  canContain(dresserType, candleType) := true
  canContain(dresserType, bowlType) := true
  canContain(diningTableType, kettleType) := true
  canContain(diningTableType, panType) := true
  canContain(diningTableType, newspaperType) := true
  canContain(diningTableType, vaseType) := true
  canContain(diningTableType, cupType) := true
  canContain(diningTableType, wateringCanType) := true
  canContain(diningTableType, dishSpongeType) := true
  canContain(diningTableType, candleType) := true
  canContain(diningTableType, bowlType) := true
  canContain(safeType, vaseType) := true
  canContain(toiletType, newspaperType) := true
  canContain(toiletType, dishSpongeType) := true
  canContain(toiletType, candleType) := true
  canContain(sofaType, newspaperType) := true
  pickupable(kettle_1) := true
  cleanable(kettle_1) := true
  pickupable(pan_2) := true
  isReceptacleObject(pan_2) := true
  cleanable(pan_2) := true
  coolable(pan_2) := true
  pickupable(newspaper_3) := true
  pickupable(vase_4) := true
  pickupable(cup_5) := true
  isReceptacleObject(cup_5) := true
  cleanable(cup_5) := true
  heatable(cup_5) := true
  coolable(cup_5) := true
  pickupable(wateringCan_6) := true
  pickupable(dishSponge_7) := true
  cleanable(dishSponge_7) := true
  pickupable(newspaper_8) := true
  pickupable(candle_9) := true
  pickupable(bowl_10) := true
  isReceptacleObject(bowl_10) := true
  cleanable(bowl_10) := true
  coolable(bowl_10) := true
  receptacleAtLocation(stoveBurner_1, location10) := true
  receptacleAtLocation(dresser_2, location5) := true
  receptacleAtLocation(diningTable_3, location6) := true
  receptacleAtLocation(safe_4, location6) := true
  receptacleAtLocation(stoveBurner_5, location6) := true
  receptacleAtLocation(dresser_6, location6) := true
  receptacleAtLocation(safe_7, location6) := true
  receptacleAtLocation(coffeeMachine_8, location6) := true
  receptacleAtLocation(toilet_9, location5) := true
  receptacleAtLocation(sofa_10, location4) := true
  inReceptacle(wateringCan_6, diningTable_3) := true
  objectAtLocation(kettle_1, location6) := true
  objectAtLocation(pan_2, location6) := true
  objectAtLocation(newspaper_3, location6) := true
  objectAtLocation(vase_4, location9) := true
  objectAtLocation(cup_5, location3) := true
  objectAtLocation(wateringCan_6, location6) := true
  objectAtLocation(dishSponge_7, location5) := true
  objectAtLocation(newspaper_8, location6) := true
  objectAtLocation(candle_9, location6) := true
  objectAtLocation(bowl_10, location7) := true
  atLocation(agent1, location2) := true
]

goals = [
  Exists (Receptacle - Checkable r) Exists (Obj - Checkable o1) (inReceptacle(o1, r) and objectType(o1, newspaperType) and receptacleType(r, diningTableType) and Exists (Obj - Checkable o2) ((not (o1 == o2)) and objectType(o2, vaseType) and receptacleType(r, diningTableType) and inReceptacle(o2, r)))
]

quality metrics = [
  minimize sequential-plan-length
]


2025-06-17 10:24:55,057 - INFO - Generating plan for unconstrained problem

