2025-06-17 09:54:22,608 - INFO - 
================= Seed: 350 =================

2025-06-17 09:54:22,613 - INFO - problem name = alfred

types = [ReceptacleType, ObjectType, Checkable, Agent - Checkable, Location - Checkable, Receptacle - Checkable, Obj - Checkable]

fluents = [
  bool atLocation[a=Agent - Checkable, l=Location - Checkable]
  bool receptacleAtLocation[r=Receptacle - Checkable, l=Location - Checkable]
  bool objectAtLocation[o=Obj - Checkable, l=Location - Checkable]
  bool openable[r=Receptacle - Checkable]
  bool opened[r=Receptacle - Checkable]
  bool inReceptacle[o=Obj - Checkable, r=Receptacle - Checkable]
  bool isReceptacleObject[o=Obj - Checkable]
  bool inReceptacleObject[innerObject=Obj - Checkable, outObject=Obj - Checkable]
  bool isReceptacleObjectFull[o=Obj - Checkable]
  bool wasInReceptacle[o=Obj - Checkable, r=Receptacle - Checkable]
  bool checked[c=Checkable]
  bool examined[l=Location - Checkable]
  bool receptacleType[r=Receptacle - Checkable, rt=ReceptacleType]
  bool canContain[rt=ReceptacleType, ot=ObjectType]
  bool objectType[o=Obj - Checkable, t=ObjectType]
  bool holds[a=Agent - Checkable, o=Obj - Checkable]
  bool holdsAny[a=Agent - Checkable]
  bool holdsAnyReceptacleObject[a=Agent - Checkable]
  bool full[r=Receptacle - Checkable]
  bool isClean[o=Obj - Checkable]
  bool cleanable[o=Obj - Checkable]
  bool isHot[o=Obj - Checkable]
  bool heatable[o=Obj - Checkable]
  bool isCool[o=Obj - Checkable]
  bool coolable[o=Obj - Checkable]
  bool pickupable[o=Obj - Checkable]
  bool moveable[o=Obj - Checkable]
  bool toggleable[o=Obj - Checkable]
  bool isOn[o=Obj - Checkable]
  bool isToggled[o=Obj - Checkable]
  bool sliceable[o=Obj - Checkable]
  bool isSliced[o=Obj - Checkable]
]

actions = [
  action look(Agent - Checkable a, Location - Checkable l) {
    preconditions = [
      atLocation(a, l)
    ]
    effects = [
      checked(l) := true
    ]
  }
  action inventory(Agent - Checkable a) {
    preconditions = [
    ]
    effects = [
      checked(a) := true
    ]
  }
  action examineReceptacle(Agent - Checkable a, Receptacle - Checkable r) {
    preconditions = [
      Exists (Location - Checkable l) (atLocation(a, l) and receptacleAtLocation(r, l))
    ]
    effects = [
      checked(r) := true
    ]
  }
  action examineObject(Agent - Checkable a, Obj - Checkable o) {
    preconditions = [
      (Exists (Location - Checkable l) Exists (Receptacle - Checkable r) (atLocation(a, l) and receptacleAtLocation(r, l) and inReceptacle(o, r) and ((not openable(r)) or opened(r))) or holds(a, o))
    ]
    effects = [
      checked(o) := true
    ]
  }
  action goToLocation(Agent - Checkable a, Location - Checkable lstart, Location - Checkable lend) {
    preconditions = [
      atLocation(a, lstart)
    ]
    effects = [
      atLocation(a, lstart) := false
      atLocation(a, lend) := true
    ]
  }
  action openObject(Agent - Checkable a, Location - Checkable l, Receptacle - Checkable r) {
    preconditions = [
      (openable(r) and atLocation(a, l) and receptacleAtLocation(r, l) and (not opened(r)))
    ]
    effects = [
      opened(r) := true
      checked(r) := true
    ]
  }
  action closeObject(Agent - Checkable a, Location - Checkable l, Receptacle - Checkable r) {
    preconditions = [
      (openable(r) and atLocation(a, l) and receptacleAtLocation(r, l) and opened(r))
    ]
    effects = [
      opened(r) := false
    ]
  }
  action pickupObject(Agent - Checkable a, Location - Checkable l, Obj - Checkable o, Receptacle - Checkable r) {
    preconditions = [
      (pickupable(o) and atLocation(a, l) and receptacleAtLocation(r, l) and inReceptacle(o, r) and (not holdsAny(a)) and ((not openable(r)) or opened(r)))
    ]
    effects = [
      inReceptacle(o, r) := false
      holds(a, o) := true
      holdsAny(a) := true
      objectAtLocation(o, l) := false
    ]
  }
  action putObject(Agent - Checkable a, Location - Checkable l, Obj - Checkable o, Receptacle - Checkable r, ObjectType ot, ReceptacleType rt) {
    preconditions = [
      (holds(a, o) and atLocation(a, l) and receptacleAtLocation(r, l) and ((not openable(r)) or opened(r)) and objectType(o, ot) and receptacleType(r, rt) and canContain(rt, ot))
    ]
    effects = [
      inReceptacle(o, r) := true
      objectAtLocation(o, l) := true
      holds(a, o) := false
      holdsAny(a) := false
    ]
  }
  action cleanObject(Agent - Checkable a, Location - Checkable l, Receptacle - Checkable r, Obj - Checkable o) {
    preconditions = [
      (cleanable(o) and receptacleType(r, sinkBasinType) and atLocation(a, l) and receptacleAtLocation(r, l) and holds(a, o))
    ]
    effects = [
      isClean(o) := true
    ]
  }
  action heatObject(Agent - Checkable a, Location - Checkable l, Receptacle - Checkable r, Obj - Checkable o) {
    preconditions = [
      (heatable(o) and receptacleType(r, microwaveType) and atLocation(a, l) and receptacleAtLocation(r, l) and holds(a, o))
    ]
    effects = [
      isHot(o) := true
      isCool(o) := false
    ]
  }
  action coolObject(Agent - Checkable a, Location - Checkable l, Receptacle - Checkable r, Obj - Checkable o) {
    preconditions = [
      (coolable(o) and receptacleType(r, fridgeType) and atLocation(a, l) and receptacleAtLocation(r, l) and holds(a, o))
    ]
    effects = [
      isCool(o) := true
      isHot(o) := false
    ]
  }
  action toggleObject(Agent - Checkable a, Location - Checkable l, Obj - Checkable o, Receptacle - Checkable r) {
    preconditions = [
      (toggleable(o) and atLocation(a, l) and receptacleAtLocation(r, l) and inReceptacle(o, r))
    ]
    effects = [
      if isOn(o) then isOn(o) := false
      if (not isOn(o)) then isOn(o) := true
      isToggled(o) := true
    ]
  }
  action sliceObject(Agent - Checkable a, Location - Checkable l, Obj - Checkable co, Obj - Checkable ko) {
    preconditions = [
      (sliceable(co) and (objectType(ko, knifeType) or objectType(ko, butterKnifeType)) and atLocation(a, l) and objectAtLocation(co, l) and holds(a, ko))
    ]
    effects = [
      isSliced(co) := true
    ]
  }
  action help(Agent - Checkable a) {
    preconditions = [
    ]
    effects = [
      checked(a) := true
    ]
  }
]

objects = [
  ReceptacleType: [sinkBasinType, microwaveType, fridgeType, tvStandType, stoveBurnerType, deskType, coffeeMachineType, diningTableType, cartType, sofaType, toiletType]
  ObjectType: [knifeType, butterKnifeType, creditCardType, tennisRacketType, sprayBottleType, soapBottleType, cellPhoneType, cupType, vaseType, mugType]
  Checkable: [agent1, location1, location2, location3, location4, location5, location6, location7, location8, location9, location10, tvStand_1, stoveBurner_2, desk_3, coffeeMachine_4, diningTable_5, cart_6, sofa_7, microwave_8, toilet_9, stoveBurner_10, creditCard_1, tennisRacket_2, sprayBottle_3, tennisRacket_4, soapBottle_5, cellPhone_6, cup_7, vase_8, tennisRacket_9, mug_10]
  Agent - Checkable: [agent1]
  Location - Checkable: [location1, location2, location3, location4, location5, location6, location7, location8, location9, location10]
  Receptacle - Checkable: [tvStand_1, stoveBurner_2, desk_3, coffeeMachine_4, diningTable_5, cart_6, sofa_7, microwave_8, toilet_9, stoveBurner_10]
  Obj - Checkable: [creditCard_1, tennisRacket_2, sprayBottle_3, tennisRacket_4, soapBottle_5, cellPhone_6, cup_7, vase_8, tennisRacket_9, mug_10]
]

initial fluents default = [
  bool atLocation[a=Agent - Checkable, l=Location - Checkable] := false
  bool receptacleAtLocation[r=Receptacle - Checkable, l=Location - Checkable] := false
  bool objectAtLocation[o=Obj - Checkable, l=Location - Checkable] := false
  bool openable[r=Receptacle - Checkable] := false
  bool opened[r=Receptacle - Checkable] := false
  bool inReceptacle[o=Obj - Checkable, r=Receptacle - Checkable] := false
  bool isReceptacleObject[o=Obj - Checkable] := false
  bool inReceptacleObject[innerObject=Obj - Checkable, outObject=Obj - Checkable] := false
  bool isReceptacleObjectFull[o=Obj - Checkable] := false
  bool wasInReceptacle[o=Obj - Checkable, r=Receptacle - Checkable] := false
  bool checked[c=Checkable] := false
  bool examined[l=Location - Checkable] := false
  bool receptacleType[r=Receptacle - Checkable, rt=ReceptacleType] := false
  bool canContain[rt=ReceptacleType, ot=ObjectType] := false
  bool objectType[o=Obj - Checkable, t=ObjectType] := false
  bool holds[a=Agent - Checkable, o=Obj - Checkable] := false
  bool holdsAny[a=Agent - Checkable] := false
  bool holdsAnyReceptacleObject[a=Agent - Checkable] := false
  bool full[r=Receptacle - Checkable] := false
  bool isClean[o=Obj - Checkable] := false
  bool cleanable[o=Obj - Checkable] := false
  bool isHot[o=Obj - Checkable] := false
  bool heatable[o=Obj - Checkable] := false
  bool isCool[o=Obj - Checkable] := false
  bool coolable[o=Obj - Checkable] := false
  bool pickupable[o=Obj - Checkable] := false
  bool moveable[o=Obj - Checkable] := false
  bool toggleable[o=Obj - Checkable] := false
  bool isOn[o=Obj - Checkable] := false
  bool isToggled[o=Obj - Checkable] := false
  bool sliceable[o=Obj - Checkable] := false
  bool isSliced[o=Obj - Checkable] := false
]

initial values = [
  receptacleType(tvStand_1, tvStandType) := true
  receptacleType(stoveBurner_2, stoveBurnerType) := true
  receptacleType(desk_3, deskType) := true
  receptacleType(coffeeMachine_4, coffeeMachineType) := true
  receptacleType(diningTable_5, diningTableType) := true
  receptacleType(cart_6, cartType) := true
  receptacleType(sofa_7, sofaType) := true
  receptacleType(microwave_8, microwaveType) := true
  receptacleType(toilet_9, toiletType) := true
  receptacleType(stoveBurner_10, stoveBurnerType) := true
  objectType(creditCard_1, creditCardType) := true
  objectType(tennisRacket_2, tennisRacketType) := true
  objectType(sprayBottle_3, sprayBottleType) := true
  objectType(tennisRacket_4, tennisRacketType) := true
  objectType(soapBottle_5, soapBottleType) := true
  objectType(cellPhone_6, cellPhoneType) := true
  objectType(cup_7, cupType) := true
  objectType(vase_8, vaseType) := true
  objectType(tennisRacket_9, tennisRacketType) := true
  objectType(mug_10, mugType) := true
  canContain(deskType, creditCardType) := true
  canContain(deskType, tennisRacketType) := true
  canContain(deskType, sprayBottleType) := true
  canContain(deskType, soapBottleType) := true
  canContain(deskType, cellPhoneType) := true
  canContain(deskType, cupType) := true
  canContain(deskType, vaseType) := true
  canContain(deskType, mugType) := true
  canContain(coffeeMachineType, mugType) := true
  canContain(diningTableType, creditCardType) := true
  canContain(diningTableType, tennisRacketType) := true
  canContain(diningTableType, sprayBottleType) := true
  canContain(diningTableType, soapBottleType) := true
  canContain(diningTableType, cellPhoneType) := true
  canContain(diningTableType, cupType) := true
  canContain(diningTableType, vaseType) := true
  canContain(diningTableType, mugType) := true
  canContain(cartType, sprayBottleType) := true
  canContain(cartType, soapBottleType) := true
  canContain(cartType, vaseType) := true
  canContain(cartType, mugType) := true
  canContain(sofaType, creditCardType) := true
  canContain(sofaType, cellPhoneType) := true
  canContain(microwaveType, cupType) := true
  canContain(microwaveType, mugType) := true
  canContain(toiletType, sprayBottleType) := true
  canContain(toiletType, soapBottleType) := true
  pickupable(creditCard_1) := true
  pickupable(tennisRacket_2) := true
  pickupable(sprayBottle_3) := true
  pickupable(tennisRacket_4) := true
  pickupable(soapBottle_5) := true
  pickupable(cellPhone_6) := true
  pickupable(cup_7) := true
  isReceptacleObject(cup_7) := true
  cleanable(cup_7) := true
  heatable(cup_7) := true
  coolable(cup_7) := true
  pickupable(vase_8) := true
  pickupable(tennisRacket_9) := true
  pickupable(mug_10) := true
  isReceptacleObject(mug_10) := true
  cleanable(mug_10) := true
  heatable(mug_10) := true
  coolable(mug_10) := true
  receptacleAtLocation(tvStand_1, location3) := true
  receptacleAtLocation(stoveBurner_2, location9) := true
  receptacleAtLocation(desk_3, location7) := true
  receptacleAtLocation(coffeeMachine_4, location9) := true
  receptacleAtLocation(diningTable_5, location7) := true
  receptacleAtLocation(cart_6, location5) := true
  receptacleAtLocation(sofa_7, location10) := true
  receptacleAtLocation(microwave_8, location3) := true
  receptacleAtLocation(toilet_9, location3) := true
  receptacleAtLocation(stoveBurner_10, location5) := true
  inReceptacle(creditCard_1, sofa_7) := true
  inReceptacle(sprayBottle_3, cart_6) := true
  inReceptacle(cup_7, desk_3) := true
  inReceptacle(vase_8, desk_3) := true
  objectAtLocation(creditCard_1, location10) := true
  objectAtLocation(tennisRacket_2, location7) := true
  objectAtLocation(sprayBottle_3, location5) := true
  objectAtLocation(tennisRacket_4, location4) := true
  objectAtLocation(soapBottle_5, location9) := true
  objectAtLocation(cellPhone_6, location6) := true
  objectAtLocation(cup_7, location7) := true
  objectAtLocation(vase_8, location7) := true
  objectAtLocation(tennisRacket_9, location4) := true
  objectAtLocation(mug_10, location1) := true
  atLocation(agent1, location7) := true
]

goals = [
  Exists (Receptacle - Checkable r) Exists (Obj - Checkable o) (inReceptacle(o, r) and objectType(o, vaseType) and receptacleType(r, diningTableType))
]

quality metrics = [
  minimize sequential-plan-length
]


2025-06-17 09:54:22,615 - INFO - Generating plan for unconstrained problem

2025-06-17 09:54:23,037 - INFO - Unconstrained plan generation time: 0.42258691787719727

2025-06-17 09:54:23,037 - INFO - Unconstrained plan and cost: 
2025-06-17 09:54:23,038 - INFO - SequentialPlan:
    pickupObject(agent1, location7, vase_8, desk_3)
    putObject(agent1, location7, vase_8, diningTable_5, vaseType, diningTableType)
2025-06-17 09:54:23,038 - INFO - 2
2025-06-17 09:54:23,621 - INFO - Sampled constraints:

2025-06-17 09:54:23,621 - INFO - Sometime((atLocation(agent1, location9) and atLocation(agent1, location6)))
2025-06-17 09:54:23,621 - INFO - 
2025-06-17 09:54:23,621 - INFO - Generation time: 0.5833938121795654

2025-06-17 09:54:23,629 - INFO - Generating plan for constrained problem (with LiftedTCORE).

2025-06-17 09:54:23,670 - INFO - LiftedTCORE compilation time: 0.04041028022766113

2025-06-17 09:54:24,062 - INFO - Planning Time with LiftedTCORE's file: 0.384354829788208

