2025-06-17 09:55:39,265 - INFO - 
================= Seed: 457 =================

2025-06-17 09:55:39,278 - INFO - problem name = alfred

types = [ReceptacleType, ObjectType, Checkable, Agent - Checkable, Location - Checkable, Receptacle - Checkable, Obj - Checkable]

fluents = [
  bool atLocation[a=Agent - Checkable, l=Location - Checkable]
  bool receptacleAtLocation[r=Receptacle - Checkable, l=Location - Checkable]
  bool objectAtLocation[o=Obj - Checkable, l=Location - Checkable]
  bool openable[r=Receptacle - Checkable]
  bool opened[r=Receptacle - Checkable]
  bool inReceptacle[o=Obj - Checkable, r=Receptacle - Checkable]
  bool isReceptacleObject[o=Obj - Checkable]
  bool inReceptacleObject[innerObject=Obj - Checkable, outObject=Obj - Checkable]
  bool isReceptacleObjectFull[o=Obj - Checkable]
  bool wasInReceptacle[o=Obj - Checkable, r=Receptacle - Checkable]
  bool checked[c=Checkable]
  bool examined[l=Location - Checkable]
  bool receptacleType[r=Receptacle - Checkable, rt=ReceptacleType]
  bool canContain[rt=ReceptacleType, ot=ObjectType]
  bool objectType[o=Obj - Checkable, t=ObjectType]
  bool holds[a=Agent - Checkable, o=Obj - Checkable]
  bool holdsAny[a=Agent - Checkable]
  bool holdsAnyReceptacleObject[a=Agent - Checkable]
  bool full[r=Receptacle - Checkable]
  bool isClean[o=Obj - Checkable]
  bool cleanable[o=Obj - Checkable]
  bool isHot[o=Obj - Checkable]
  bool heatable[o=Obj - Checkable]
  bool isCool[o=Obj - Checkable]
  bool coolable[o=Obj - Checkable]
  bool pickupable[o=Obj - Checkable]
  bool moveable[o=Obj - Checkable]
  bool toggleable[o=Obj - Checkable]
  bool isOn[o=Obj - Checkable]
  bool isToggled[o=Obj - Checkable]
  bool sliceable[o=Obj - Checkable]
  bool isSliced[o=Obj - Checkable]
]

actions = [
  action look(Agent - Checkable a, Location - Checkable l) {
    preconditions = [
      atLocation(a, l)
    ]
    effects = [
      checked(l) := true
    ]
  }
  action inventory(Agent - Checkable a) {
    preconditions = [
    ]
    effects = [
      checked(a) := true
    ]
  }
  action examineReceptacle(Agent - Checkable a, Receptacle - Checkable r) {
    preconditions = [
      Exists (Location - Checkable l) (atLocation(a, l) and receptacleAtLocation(r, l))
    ]
    effects = [
      checked(r) := true
    ]
  }
  action examineObject(Agent - Checkable a, Obj - Checkable o) {
    preconditions = [
      (Exists (Location - Checkable l) Exists (Receptacle - Checkable r) (atLocation(a, l) and receptacleAtLocation(r, l) and inReceptacle(o, r) and ((not openable(r)) or opened(r))) or holds(a, o))
    ]
    effects = [
      checked(o) := true
    ]
  }
  action goToLocation(Agent - Checkable a, Location - Checkable lstart, Location - Checkable lend) {
    preconditions = [
      atLocation(a, lstart)
    ]
    effects = [
      atLocation(a, lstart) := false
      atLocation(a, lend) := true
    ]
  }
  action openObject(Agent - Checkable a, Location - Checkable l, Receptacle - Checkable r) {
    preconditions = [
      (openable(r) and atLocation(a, l) and receptacleAtLocation(r, l) and (not opened(r)))
    ]
    effects = [
      opened(r) := true
      checked(r) := true
    ]
  }
  action closeObject(Agent - Checkable a, Location - Checkable l, Receptacle - Checkable r) {
    preconditions = [
      (openable(r) and atLocation(a, l) and receptacleAtLocation(r, l) and opened(r))
    ]
    effects = [
      opened(r) := false
    ]
  }
  action pickupObject(Agent - Checkable a, Location - Checkable l, Obj - Checkable o, Receptacle - Checkable r) {
    preconditions = [
      (pickupable(o) and atLocation(a, l) and receptacleAtLocation(r, l) and inReceptacle(o, r) and (not holdsAny(a)) and ((not openable(r)) or opened(r)))
    ]
    effects = [
      inReceptacle(o, r) := false
      holds(a, o) := true
      holdsAny(a) := true
      objectAtLocation(o, l) := false
    ]
  }
  action putObject(Agent - Checkable a, Location - Checkable l, Obj - Checkable o, Receptacle - Checkable r, ObjectType ot, ReceptacleType rt) {
    preconditions = [
      (holds(a, o) and atLocation(a, l) and receptacleAtLocation(r, l) and ((not openable(r)) or opened(r)) and objectType(o, ot) and receptacleType(r, rt) and canContain(rt, ot))
    ]
    effects = [
      inReceptacle(o, r) := true
      objectAtLocation(o, l) := true
      holds(a, o) := false
      holdsAny(a) := false
    ]
  }
  action cleanObject(Agent - Checkable a, Location - Checkable l, Receptacle - Checkable r, Obj - Checkable o) {
    preconditions = [
      (cleanable(o) and receptacleType(r, sinkBasinType) and atLocation(a, l) and receptacleAtLocation(r, l) and holds(a, o))
    ]
    effects = [
      isClean(o) := true
    ]
  }
  action heatObject(Agent - Checkable a, Location - Checkable l, Receptacle - Checkable r, Obj - Checkable o) {
    preconditions = [
      (heatable(o) and receptacleType(r, microwaveType) and atLocation(a, l) and receptacleAtLocation(r, l) and holds(a, o))
    ]
    effects = [
      isHot(o) := true
      isCool(o) := false
    ]
  }
  action coolObject(Agent - Checkable a, Location - Checkable l, Receptacle - Checkable r, Obj - Checkable o) {
    preconditions = [
      (coolable(o) and receptacleType(r, fridgeType) and atLocation(a, l) and receptacleAtLocation(r, l) and holds(a, o))
    ]
    effects = [
      isCool(o) := true
      isHot(o) := false
    ]
  }
  action toggleObject(Agent - Checkable a, Location - Checkable l, Obj - Checkable o, Receptacle - Checkable r) {
    preconditions = [
      (toggleable(o) and atLocation(a, l) and receptacleAtLocation(r, l) and inReceptacle(o, r))
    ]
    effects = [
      if isOn(o) then isOn(o) := false
      if (not isOn(o)) then isOn(o) := true
      isToggled(o) := true
    ]
  }
  action sliceObject(Agent - Checkable a, Location - Checkable l, Obj - Checkable co, Obj - Checkable ko) {
    preconditions = [
      (sliceable(co) and (objectType(ko, knifeType) or objectType(ko, butterKnifeType)) and atLocation(a, l) and objectAtLocation(co, l) and holds(a, ko))
    ]
    effects = [
      isSliced(co) := true
    ]
  }
  action help(Agent - Checkable a) {
    preconditions = [
    ]
    effects = [
      checked(a) := true
    ]
  }
]

objects = [
  ReceptacleType: [sinkBasinType, microwaveType, fridgeType, laundryHamperType, coffeeMachineType, safeType, garbageCanType, sideTableType, dresserType, toiletType, deskType]
  ObjectType: [knifeType, butterKnifeType, appleType, candleType, spoonType, lettuceType, alarmClockType, spatulaType, eggType, plateType]
  Checkable: [agent1, location1, location2, location3, location4, location5, location6, location7, location8, location9, location10, laundryHamper_1, coffeeMachine_2, microwave_3, safe_4, garbageCan_5, sideTable_6, dresser_7, toilet_8, desk_9, microwave_10, apple_1, candle_2, spoon_3, lettuce_4, alarmClock_5, spatula_6, candle_7, alarmClock_8, egg_9, plate_10]
  Agent - Checkable: [agent1]
  Location - Checkable: [location1, location2, location3, location4, location5, location6, location7, location8, location9, location10]
  Receptacle - Checkable: [laundryHamper_1, coffeeMachine_2, microwave_3, safe_4, garbageCan_5, sideTable_6, dresser_7, toilet_8, desk_9, microwave_10]
  Obj - Checkable: [apple_1, candle_2, spoon_3, lettuce_4, alarmClock_5, spatula_6, candle_7, alarmClock_8, egg_9, plate_10]
]

initial fluents default = [
  bool atLocation[a=Agent - Checkable, l=Location - Checkable] := false
  bool receptacleAtLocation[r=Receptacle - Checkable, l=Location - Checkable] := false
  bool objectAtLocation[o=Obj - Checkable, l=Location - Checkable] := false
  bool openable[r=Receptacle - Checkable] := false
  bool opened[r=Receptacle - Checkable] := false
  bool inReceptacle[o=Obj - Checkable, r=Receptacle - Checkable] := false
  bool isReceptacleObject[o=Obj - Checkable] := false
  bool inReceptacleObject[innerObject=Obj - Checkable, outObject=Obj - Checkable] := false
  bool isReceptacleObjectFull[o=Obj - Checkable] := false
  bool wasInReceptacle[o=Obj - Checkable, r=Receptacle - Checkable] := false
  bool checked[c=Checkable] := false
  bool examined[l=Location - Checkable] := false
  bool receptacleType[r=Receptacle - Checkable, rt=ReceptacleType] := false
  bool canContain[rt=ReceptacleType, ot=ObjectType] := false
  bool objectType[o=Obj - Checkable, t=ObjectType] := false
  bool holds[a=Agent - Checkable, o=Obj - Checkable] := false
  bool holdsAny[a=Agent - Checkable] := false
  bool holdsAnyReceptacleObject[a=Agent - Checkable] := false
  bool full[r=Receptacle - Checkable] := false
  bool isClean[o=Obj - Checkable] := false
  bool cleanable[o=Obj - Checkable] := false
  bool isHot[o=Obj - Checkable] := false
  bool heatable[o=Obj - Checkable] := false
  bool isCool[o=Obj - Checkable] := false
  bool coolable[o=Obj - Checkable] := false
  bool pickupable[o=Obj - Checkable] := false
  bool moveable[o=Obj - Checkable] := false
  bool toggleable[o=Obj - Checkable] := false
  bool isOn[o=Obj - Checkable] := false
  bool isToggled[o=Obj - Checkable] := false
  bool sliceable[o=Obj - Checkable] := false
  bool isSliced[o=Obj - Checkable] := false
]

initial values = [
  receptacleType(laundryHamper_1, laundryHamperType) := true
  receptacleType(coffeeMachine_2, coffeeMachineType) := true
  receptacleType(microwave_3, microwaveType) := true
  receptacleType(safe_4, safeType) := true
  receptacleType(garbageCan_5, garbageCanType) := true
  receptacleType(sideTable_6, sideTableType) := true
  receptacleType(dresser_7, dresserType) := true
  receptacleType(toilet_8, toiletType) := true
  receptacleType(desk_9, deskType) := true
  receptacleType(microwave_10, microwaveType) := true
  objectType(apple_1, appleType) := true
  objectType(candle_2, candleType) := true
  objectType(spoon_3, spoonType) := true
  objectType(lettuce_4, lettuceType) := true
  objectType(alarmClock_5, alarmClockType) := true
  objectType(spatula_6, spatulaType) := true
  objectType(candle_7, candleType) := true
  objectType(alarmClock_8, alarmClockType) := true
  objectType(egg_9, eggType) := true
  objectType(plate_10, plateType) := true
  canContain(microwaveType, appleType) := true
  canContain(microwaveType, eggType) := true
  canContain(microwaveType, plateType) := true
  canContain(garbageCanType, appleType) := true
  canContain(garbageCanType, lettuceType) := true
  canContain(garbageCanType, eggType) := true
  canContain(sideTableType, appleType) := true
  canContain(sideTableType, candleType) := true
  canContain(sideTableType, spoonType) := true
  canContain(sideTableType, lettuceType) := true
  canContain(sideTableType, alarmClockType) := true
  canContain(sideTableType, spatulaType) := true
  canContain(sideTableType, eggType) := true
  canContain(sideTableType, plateType) := true
  canContain(dresserType, candleType) := true
  canContain(dresserType, alarmClockType) := true
  canContain(dresserType, plateType) := true
  canContain(toiletType, candleType) := true
  canContain(deskType, candleType) := true
  canContain(deskType, alarmClockType) := true
  canContain(deskType, plateType) := true
  pickupable(apple_1) := true
  cleanable(apple_1) := true
  heatable(apple_1) := true
  coolable(apple_1) := true
  sliceable(apple_1) := true
  pickupable(candle_2) := true
  pickupable(spoon_3) := true
  cleanable(spoon_3) := true
  pickupable(lettuce_4) := true
  cleanable(lettuce_4) := true
  coolable(lettuce_4) := true
  sliceable(lettuce_4) := true
  pickupable(alarmClock_5) := true
  pickupable(spatula_6) := true
  cleanable(spatula_6) := true
  pickupable(candle_7) := true
  pickupable(alarmClock_8) := true
  pickupable(egg_9) := true
  cleanable(egg_9) := true
  heatable(egg_9) := true
  coolable(egg_9) := true
  sliceable(egg_9) := true
  pickupable(plate_10) := true
  isReceptacleObject(plate_10) := true
  cleanable(plate_10) := true
  heatable(plate_10) := true
  coolable(plate_10) := true
  receptacleAtLocation(laundryHamper_1, location6) := true
  receptacleAtLocation(coffeeMachine_2, location2) := true
  receptacleAtLocation(microwave_3, location9) := true
  receptacleAtLocation(safe_4, location2) := true
  receptacleAtLocation(garbageCan_5, location2) := true
  receptacleAtLocation(sideTable_6, location10) := true
  receptacleAtLocation(dresser_7, location10) := true
  receptacleAtLocation(toilet_8, location10) := true
  receptacleAtLocation(desk_9, location5) := true
  receptacleAtLocation(microwave_10, location10) := true
  inReceptacle(candle_2, dresser_7) := true
  inReceptacle(spoon_3, sideTable_6) := true
  inReceptacle(candle_7, sideTable_6) := true
  objectAtLocation(apple_1, location10) := true
  objectAtLocation(candle_2, location10) := true
  objectAtLocation(spoon_3, location10) := true
  objectAtLocation(lettuce_4, location7) := true
  objectAtLocation(alarmClock_5, location1) := true
  objectAtLocation(spatula_6, location10) := true
  objectAtLocation(candle_7, location10) := true
  objectAtLocation(alarmClock_8, location6) := true
  objectAtLocation(egg_9, location3) := true
  objectAtLocation(plate_10, location1) := true
  atLocation(agent1, location6) := true
]

goals = [
  Exists (Receptacle - Checkable r) Exists (Obj - Checkable o1) (inReceptacle(o1, r) and objectType(o1, appleType) and receptacleType(r, garbageCanType) and Exists (Obj - Checkable o2) ((not (o1 == o2)) and objectType(o2, eggType) and receptacleType(r, garbageCanType) and inReceptacle(o2, r)))
]

quality metrics = [
  minimize sequential-plan-length
]


2025-06-17 09:55:39,282 - INFO - Generating plan for unconstrained problem

2025-06-17 09:55:39,671 - INFO - Unconstrained plan generation time: 0.3886382579803467

