2025-06-17 09:54:09,672 - INFO - 
================= Seed: 332 =================

2025-06-17 09:54:09,685 - INFO - problem name = alfred

types = [ReceptacleType, ObjectType, Checkable, Agent - Checkable, Location - Checkable, Receptacle - Checkable, Obj - Checkable]

fluents = [
  bool atLocation[a=Agent - Checkable, l=Location - Checkable]
  bool receptacleAtLocation[r=Receptacle - Checkable, l=Location - Checkable]
  bool objectAtLocation[o=Obj - Checkable, l=Location - Checkable]
  bool openable[r=Receptacle - Checkable]
  bool opened[r=Receptacle - Checkable]
  bool inReceptacle[o=Obj - Checkable, r=Receptacle - Checkable]
  bool isReceptacleObject[o=Obj - Checkable]
  bool inReceptacleObject[innerObject=Obj - Checkable, outObject=Obj - Checkable]
  bool isReceptacleObjectFull[o=Obj - Checkable]
  bool wasInReceptacle[o=Obj - Checkable, r=Receptacle - Checkable]
  bool checked[c=Checkable]
  bool examined[l=Location - Checkable]
  bool receptacleType[r=Receptacle - Checkable, rt=ReceptacleType]
  bool canContain[rt=ReceptacleType, ot=ObjectType]
  bool objectType[o=Obj - Checkable, t=ObjectType]
  bool holds[a=Agent - Checkable, o=Obj - Checkable]
  bool holdsAny[a=Agent - Checkable]
  bool holdsAnyReceptacleObject[a=Agent - Checkable]
  bool full[r=Receptacle - Checkable]
  bool isClean[o=Obj - Checkable]
  bool cleanable[o=Obj - Checkable]
  bool isHot[o=Obj - Checkable]
  bool heatable[o=Obj - Checkable]
  bool isCool[o=Obj - Checkable]
  bool coolable[o=Obj - Checkable]
  bool pickupable[o=Obj - Checkable]
  bool moveable[o=Obj - Checkable]
  bool toggleable[o=Obj - Checkable]
  bool isOn[o=Obj - Checkable]
  bool isToggled[o=Obj - Checkable]
  bool sliceable[o=Obj - Checkable]
  bool isSliced[o=Obj - Checkable]
]

actions = [
  action look(Agent - Checkable a, Location - Checkable l) {
    preconditions = [
      atLocation(a, l)
    ]
    effects = [
      checked(l) := true
    ]
  }
  action inventory(Agent - Checkable a) {
    preconditions = [
    ]
    effects = [
      checked(a) := true
    ]
  }
  action examineReceptacle(Agent - Checkable a, Receptacle - Checkable r) {
    preconditions = [
      Exists (Location - Checkable l) (atLocation(a, l) and receptacleAtLocation(r, l))
    ]
    effects = [
      checked(r) := true
    ]
  }
  action examineObject(Agent - Checkable a, Obj - Checkable o) {
    preconditions = [
      (Exists (Location - Checkable l) Exists (Receptacle - Checkable r) (atLocation(a, l) and receptacleAtLocation(r, l) and inReceptacle(o, r) and ((not openable(r)) or opened(r))) or holds(a, o))
    ]
    effects = [
      checked(o) := true
    ]
  }
  action goToLocation(Agent - Checkable a, Location - Checkable lstart, Location - Checkable lend) {
    preconditions = [
      atLocation(a, lstart)
    ]
    effects = [
      atLocation(a, lstart) := false
      atLocation(a, lend) := true
    ]
  }
  action openObject(Agent - Checkable a, Location - Checkable l, Receptacle - Checkable r) {
    preconditions = [
      (openable(r) and atLocation(a, l) and receptacleAtLocation(r, l) and (not opened(r)))
    ]
    effects = [
      opened(r) := true
      checked(r) := true
    ]
  }
  action closeObject(Agent - Checkable a, Location - Checkable l, Receptacle - Checkable r) {
    preconditions = [
      (openable(r) and atLocation(a, l) and receptacleAtLocation(r, l) and opened(r))
    ]
    effects = [
      opened(r) := false
    ]
  }
  action pickupObject(Agent - Checkable a, Location - Checkable l, Obj - Checkable o, Receptacle - Checkable r) {
    preconditions = [
      (pickupable(o) and atLocation(a, l) and receptacleAtLocation(r, l) and inReceptacle(o, r) and (not holdsAny(a)) and ((not openable(r)) or opened(r)))
    ]
    effects = [
      inReceptacle(o, r) := false
      holds(a, o) := true
      holdsAny(a) := true
      objectAtLocation(o, l) := false
    ]
  }
  action putObject(Agent - Checkable a, Location - Checkable l, Obj - Checkable o, Receptacle - Checkable r, ObjectType ot, ReceptacleType rt) {
    preconditions = [
      (holds(a, o) and atLocation(a, l) and receptacleAtLocation(r, l) and ((not openable(r)) or opened(r)) and objectType(o, ot) and receptacleType(r, rt) and canContain(rt, ot))
    ]
    effects = [
      inReceptacle(o, r) := true
      objectAtLocation(o, l) := true
      holds(a, o) := false
      holdsAny(a) := false
    ]
  }
  action cleanObject(Agent - Checkable a, Location - Checkable l, Receptacle - Checkable r, Obj - Checkable o) {
    preconditions = [
      (cleanable(o) and receptacleType(r, sinkBasinType) and atLocation(a, l) and receptacleAtLocation(r, l) and holds(a, o))
    ]
    effects = [
      isClean(o) := true
    ]
  }
  action heatObject(Agent - Checkable a, Location - Checkable l, Receptacle - Checkable r, Obj - Checkable o) {
    preconditions = [
      (heatable(o) and receptacleType(r, microwaveType) and atLocation(a, l) and receptacleAtLocation(r, l) and holds(a, o))
    ]
    effects = [
      isHot(o) := true
      isCool(o) := false
    ]
  }
  action coolObject(Agent - Checkable a, Location - Checkable l, Receptacle - Checkable r, Obj - Checkable o) {
    preconditions = [
      (coolable(o) and receptacleType(r, fridgeType) and atLocation(a, l) and receptacleAtLocation(r, l) and holds(a, o))
    ]
    effects = [
      isCool(o) := true
      isHot(o) := false
    ]
  }
  action toggleObject(Agent - Checkable a, Location - Checkable l, Obj - Checkable o, Receptacle - Checkable r) {
    preconditions = [
      (toggleable(o) and atLocation(a, l) and receptacleAtLocation(r, l) and inReceptacle(o, r))
    ]
    effects = [
      if isOn(o) then isOn(o) := false
      if (not isOn(o)) then isOn(o) := true
      isToggled(o) := true
    ]
  }
  action sliceObject(Agent - Checkable a, Location - Checkable l, Obj - Checkable co, Obj - Checkable ko) {
    preconditions = [
      (sliceable(co) and (objectType(ko, knifeType) or objectType(ko, butterKnifeType)) and atLocation(a, l) and objectAtLocation(co, l) and holds(a, ko))
    ]
    effects = [
      isSliced(co) := true
    ]
  }
  action help(Agent - Checkable a) {
    preconditions = [
    ]
    effects = [
      checked(a) := true
    ]
  }
]

objects = [
  ReceptacleType: [sinkBasinType, microwaveType, fridgeType, towelHolderType, laundryHamperType, bathtubBasinType, coffeeTableType, ottomanType, diningTableType, coffeeMachineType]
  ObjectType: [knifeType, butterKnifeType, toiletPaperType, kettleType, candleType, keyChainType, basketBallType, lettuceType, vaseType, plateType]
  Checkable: [agent1, location1, location2, location3, location4, location5, location6, location7, location8, location9, location10, fridge_1, towelHolder_2, towelHolder_3, laundryHamper_4, bathtubBasin_5, coffeeTable_6, ottoman_7, bathtubBasin_8, diningTable_9, coffeeMachine_10, toiletPaper_1, butterKnife_2, toiletPaper_3, kettle_4, candle_5, keyChain_6, basketBall_7, lettuce_8, vase_9, plate_10]
  Agent - Checkable: [agent1]
  Location - Checkable: [location1, location2, location3, location4, location5, location6, location7, location8, location9, location10]
  Receptacle - Checkable: [fridge_1, towelHolder_2, towelHolder_3, laundryHamper_4, bathtubBasin_5, coffeeTable_6, ottoman_7, bathtubBasin_8, diningTable_9, coffeeMachine_10]
  Obj - Checkable: [toiletPaper_1, butterKnife_2, toiletPaper_3, kettle_4, candle_5, keyChain_6, basketBall_7, lettuce_8, vase_9, plate_10]
]

initial fluents default = [
  bool atLocation[a=Agent - Checkable, l=Location - Checkable] := false
  bool receptacleAtLocation[r=Receptacle - Checkable, l=Location - Checkable] := false
  bool objectAtLocation[o=Obj - Checkable, l=Location - Checkable] := false
  bool openable[r=Receptacle - Checkable] := false
  bool opened[r=Receptacle - Checkable] := false
  bool inReceptacle[o=Obj - Checkable, r=Receptacle - Checkable] := false
  bool isReceptacleObject[o=Obj - Checkable] := false
  bool inReceptacleObject[innerObject=Obj - Checkable, outObject=Obj - Checkable] := false
  bool isReceptacleObjectFull[o=Obj - Checkable] := false
  bool wasInReceptacle[o=Obj - Checkable, r=Receptacle - Checkable] := false
  bool checked[c=Checkable] := false
  bool examined[l=Location - Checkable] := false
  bool receptacleType[r=Receptacle - Checkable, rt=ReceptacleType] := false
  bool canContain[rt=ReceptacleType, ot=ObjectType] := false
  bool objectType[o=Obj - Checkable, t=ObjectType] := false
  bool holds[a=Agent - Checkable, o=Obj - Checkable] := false
  bool holdsAny[a=Agent - Checkable] := false
  bool holdsAnyReceptacleObject[a=Agent - Checkable] := false
  bool full[r=Receptacle - Checkable] := false
  bool isClean[o=Obj - Checkable] := false
  bool cleanable[o=Obj - Checkable] := false
  bool isHot[o=Obj - Checkable] := false
  bool heatable[o=Obj - Checkable] := false
  bool isCool[o=Obj - Checkable] := false
  bool coolable[o=Obj - Checkable] := false
  bool pickupable[o=Obj - Checkable] := false
  bool moveable[o=Obj - Checkable] := false
  bool toggleable[o=Obj - Checkable] := false
  bool isOn[o=Obj - Checkable] := false
  bool isToggled[o=Obj - Checkable] := false
  bool sliceable[o=Obj - Checkable] := false
  bool isSliced[o=Obj - Checkable] := false
]

initial values = [
  receptacleType(fridge_1, fridgeType) := true
  receptacleType(towelHolder_2, towelHolderType) := true
  receptacleType(towelHolder_3, towelHolderType) := true
  receptacleType(laundryHamper_4, laundryHamperType) := true
  receptacleType(bathtubBasin_5, bathtubBasinType) := true
  receptacleType(coffeeTable_6, coffeeTableType) := true
  receptacleType(ottoman_7, ottomanType) := true
  receptacleType(bathtubBasin_8, bathtubBasinType) := true
  receptacleType(diningTable_9, diningTableType) := true
  receptacleType(coffeeMachine_10, coffeeMachineType) := true
  objectType(toiletPaper_1, toiletPaperType) := true
  objectType(butterKnife_2, butterKnifeType) := true
  objectType(toiletPaper_3, toiletPaperType) := true
  objectType(kettle_4, kettleType) := true
  objectType(candle_5, candleType) := true
  objectType(keyChain_6, keyChainType) := true
  objectType(basketBall_7, basketBallType) := true
  objectType(lettuce_8, lettuceType) := true
  objectType(vase_9, vaseType) := true
  objectType(plate_10, plateType) := true
  canContain(fridgeType, lettuceType) := true
  canContain(fridgeType, plateType) := true
  canContain(coffeeTableType, toiletPaperType) := true
  canContain(coffeeTableType, butterKnifeType) := true
  canContain(coffeeTableType, kettleType) := true
  canContain(coffeeTableType, candleType) := true
  canContain(coffeeTableType, keyChainType) := true
  canContain(coffeeTableType, basketBallType) := true
  canContain(coffeeTableType, lettuceType) := true
  canContain(coffeeTableType, vaseType) := true
  canContain(coffeeTableType, plateType) := true
  canContain(ottomanType, keyChainType) := true
  canContain(ottomanType, basketBallType) := true
  canContain(diningTableType, toiletPaperType) := true
  canContain(diningTableType, butterKnifeType) := true
  canContain(diningTableType, kettleType) := true
  canContain(diningTableType, candleType) := true
  canContain(diningTableType, keyChainType) := true
  canContain(diningTableType, basketBallType) := true
  canContain(diningTableType, lettuceType) := true
  canContain(diningTableType, vaseType) := true
  canContain(diningTableType, plateType) := true
  pickupable(toiletPaper_1) := true
  pickupable(butterKnife_2) := true
  cleanable(butterKnife_2) := true
  pickupable(toiletPaper_3) := true
  pickupable(kettle_4) := true
  cleanable(kettle_4) := true
  pickupable(candle_5) := true
  pickupable(keyChain_6) := true
  pickupable(basketBall_7) := true
  pickupable(lettuce_8) := true
  cleanable(lettuce_8) := true
  coolable(lettuce_8) := true
  sliceable(lettuce_8) := true
  pickupable(vase_9) := true
  pickupable(plate_10) := true
  isReceptacleObject(plate_10) := true
  cleanable(plate_10) := true
  heatable(plate_10) := true
  coolable(plate_10) := true
  receptacleAtLocation(fridge_1, location7) := true
  receptacleAtLocation(towelHolder_2, location1) := true
  receptacleAtLocation(towelHolder_3, location8) := true
  receptacleAtLocation(laundryHamper_4, location9) := true
  receptacleAtLocation(bathtubBasin_5, location4) := true
  receptacleAtLocation(coffeeTable_6, location6) := true
  receptacleAtLocation(ottoman_7, location2) := true
  receptacleAtLocation(bathtubBasin_8, location8) := true
  receptacleAtLocation(diningTable_9, location10) := true
  receptacleAtLocation(coffeeMachine_10, location3) := true
  inReceptacle(toiletPaper_1, coffeeTable_6) := true
  inReceptacle(kettle_4, diningTable_9) := true
  inReceptacle(candle_5, diningTable_9) := true
  inReceptacle(keyChain_6, coffeeTable_6) := true
  objectAtLocation(toiletPaper_1, location6) := true
  objectAtLocation(butterKnife_2, location9) := true
  objectAtLocation(toiletPaper_3, location10) := true
  objectAtLocation(kettle_4, location10) := true
  objectAtLocation(candle_5, location10) := true
  objectAtLocation(keyChain_6, location6) := true
  objectAtLocation(basketBall_7, location6) := true
  objectAtLocation(lettuce_8, location6) := true
  objectAtLocation(vase_9, location10) := true
  objectAtLocation(plate_10, location1) := true
  atLocation(agent1, location8) := true
]

goals = [
  Exists (Receptacle - Checkable r) Exists (Obj - Checkable o1) (inReceptacle(o1, r) and objectType(o1, basketBallType) and receptacleType(r, diningTableType) and Exists (Obj - Checkable o2) ((not (o1 == o2)) and objectType(o2, lettuceType) and receptacleType(r, diningTableType) and inReceptacle(o2, r)))
]

quality metrics = [
  minimize sequential-plan-length
]


2025-06-17 09:54:09,689 - INFO - Generating plan for unconstrained problem

2025-06-17 09:54:10,064 - INFO - Unconstrained plan generation time: 0.3753800392150879

