2025-06-17 11:15:13,093 - INFO - 
================= Seed: 18 =================

2025-06-17 11:15:13,093 - INFO - problem name = alfred

types = [ReceptacleType, ObjectType, Checkable, Agent - Checkable, Location - Checkable, Receptacle - Checkable, Obj - Checkable]

fluents = [
  bool atLocation[a=Agent - Checkable, l=Location - Checkable]
  bool receptacleAtLocation[r=Receptacle - Checkable, l=Location - Checkable]
  bool objectAtLocation[o=Obj - Checkable, l=Location - Checkable]
  bool openable[r=Receptacle - Checkable]
  bool opened[r=Receptacle - Checkable]
  bool inReceptacle[o=Obj - Checkable, r=Receptacle - Checkable]
  bool isReceptacleObject[o=Obj - Checkable]
  bool inReceptacleObject[innerObject=Obj - Checkable, outObject=Obj - Checkable]
  bool isReceptacleObjectFull[o=Obj - Checkable]
  bool wasInReceptacle[o=Obj - Checkable, r=Receptacle - Checkable]
  bool checked[c=Checkable]
  bool examined[l=Location - Checkable]
  bool receptacleType[r=Receptacle - Checkable, rt=ReceptacleType]
  bool canContain[rt=ReceptacleType, ot=ObjectType]
  bool objectType[o=Obj - Checkable, t=ObjectType]
  bool holds[a=Agent - Checkable, o=Obj - Checkable]
  bool holdsAny[a=Agent - Checkable]
  bool holdsAnyReceptacleObject[a=Agent - Checkable]
  bool full[r=Receptacle - Checkable]
  bool isClean[o=Obj - Checkable]
  bool cleanable[o=Obj - Checkable]
  bool isHot[o=Obj - Checkable]
  bool heatable[o=Obj - Checkable]
  bool isCool[o=Obj - Checkable]
  bool coolable[o=Obj - Checkable]
  bool pickupable[o=Obj - Checkable]
  bool moveable[o=Obj - Checkable]
  bool toggleable[o=Obj - Checkable]
  bool isOn[o=Obj - Checkable]
  bool isToggled[o=Obj - Checkable]
  bool sliceable[o=Obj - Checkable]
  bool isSliced[o=Obj - Checkable]
]

actions = [
  action look(Agent - Checkable a, Location - Checkable l) {
    preconditions = [
      atLocation(a, l)
    ]
    effects = [
      checked(l) := true
    ]
  }
  action inventory(Agent - Checkable a) {
    preconditions = [
    ]
    effects = [
      checked(a) := true
    ]
  }
  action examineReceptacle(Agent - Checkable a, Receptacle - Checkable r) {
    preconditions = [
      Exists (Location - Checkable l) (atLocation(a, l) and receptacleAtLocation(r, l))
    ]
    effects = [
      checked(r) := true
    ]
  }
  action examineObject(Agent - Checkable a, Obj - Checkable o) {
    preconditions = [
      (Exists (Location - Checkable l) Exists (Receptacle - Checkable r) (atLocation(a, l) and receptacleAtLocation(r, l) and inReceptacle(o, r) and ((not openable(r)) or opened(r))) or holds(a, o))
    ]
    effects = [
      checked(o) := true
    ]
  }
  action goToLocation(Agent - Checkable a, Location - Checkable lstart, Location - Checkable lend) {
    preconditions = [
      atLocation(a, lstart)
    ]
    effects = [
      atLocation(a, lstart) := false
      atLocation(a, lend) := true
    ]
  }
  action openObject(Agent - Checkable a, Location - Checkable l, Receptacle - Checkable r) {
    preconditions = [
      (openable(r) and atLocation(a, l) and receptacleAtLocation(r, l) and (not opened(r)))
    ]
    effects = [
      opened(r) := true
      checked(r) := true
    ]
  }
  action closeObject(Agent - Checkable a, Location - Checkable l, Receptacle - Checkable r) {
    preconditions = [
      (openable(r) and atLocation(a, l) and receptacleAtLocation(r, l) and opened(r))
    ]
    effects = [
      opened(r) := false
    ]
  }
  action pickupObject(Agent - Checkable a, Location - Checkable l, Obj - Checkable o, Receptacle - Checkable r) {
    preconditions = [
      (pickupable(o) and atLocation(a, l) and receptacleAtLocation(r, l) and inReceptacle(o, r) and (not holdsAny(a)) and ((not openable(r)) or opened(r)))
    ]
    effects = [
      inReceptacle(o, r) := false
      holds(a, o) := true
      holdsAny(a) := true
      objectAtLocation(o, l) := false
    ]
  }
  action putObject(Agent - Checkable a, Location - Checkable l, Obj - Checkable o, Receptacle - Checkable r, ObjectType ot, ReceptacleType rt) {
    preconditions = [
      (holds(a, o) and atLocation(a, l) and receptacleAtLocation(r, l) and ((not openable(r)) or opened(r)) and objectType(o, ot) and receptacleType(r, rt) and canContain(rt, ot))
    ]
    effects = [
      inReceptacle(o, r) := true
      objectAtLocation(o, l) := true
      holds(a, o) := false
      holdsAny(a) := false
    ]
  }
  action cleanObject(Agent - Checkable a, Location - Checkable l, Receptacle - Checkable r, Obj - Checkable o) {
    preconditions = [
      (cleanable(o) and receptacleType(r, sinkBasinType) and atLocation(a, l) and receptacleAtLocation(r, l) and holds(a, o))
    ]
    effects = [
      isClean(o) := true
    ]
  }
  action heatObject(Agent - Checkable a, Location - Checkable l, Receptacle - Checkable r, Obj - Checkable o) {
    preconditions = [
      (heatable(o) and receptacleType(r, microwaveType) and atLocation(a, l) and receptacleAtLocation(r, l) and holds(a, o))
    ]
    effects = [
      isHot(o) := true
      isCool(o) := false
    ]
  }
  action coolObject(Agent - Checkable a, Location - Checkable l, Receptacle - Checkable r, Obj - Checkable o) {
    preconditions = [
      (coolable(o) and receptacleType(r, fridgeType) and atLocation(a, l) and receptacleAtLocation(r, l) and holds(a, o))
    ]
    effects = [
      isCool(o) := true
      isHot(o) := false
    ]
  }
  action toggleObject(Agent - Checkable a, Location - Checkable l, Obj - Checkable o, Receptacle - Checkable r) {
    preconditions = [
      (toggleable(o) and atLocation(a, l) and receptacleAtLocation(r, l) and inReceptacle(o, r))
    ]
    effects = [
      if isOn(o) then isOn(o) := false
      if (not isOn(o)) then isOn(o) := true
      isToggled(o) := true
    ]
  }
  action sliceObject(Agent - Checkable a, Location - Checkable l, Obj - Checkable co, Obj - Checkable ko) {
    preconditions = [
      (sliceable(co) and (objectType(ko, knifeType) or objectType(ko, butterKnifeType)) and atLocation(a, l) and objectAtLocation(co, l) and holds(a, ko))
    ]
    effects = [
      isSliced(co) := true
    ]
  }
  action help(Agent - Checkable a) {
    preconditions = [
    ]
    effects = [
      checked(a) := true
    ]
  }
]

objects = [
  ReceptacleType: [sinkBasinType, microwaveType, fridgeType, coffeeMachineType, sofaType, sideTableType, counterTopType, toiletPaperHangerType, toiletType]
  ObjectType: [knifeType, butterKnifeType, handTowelType, plateType, baseballBatType, spoonType, clothType, toiletPaperRollType, cellPhoneType, pencilType, tissueBoxType, boxType]
  Checkable: [agent1, location1, location2, location3, location4, location5, location6, location7, location8, location9, location10, coffeeMachine_1, sinkBasin_2, sofa_3, sideTable_4, microwave_5, fridge_6, counterTop_7, toiletPaperHanger_8, toilet_9, toiletPaperHanger_10, microwave_11, fridge_12, handTowel_1, plate_2, baseballBat_3, spoon_4, cloth_5, toiletPaperRoll_6, cellPhone_7, pencil_8, tissueBox_9, box_10]
  Agent - Checkable: [agent1]
  Location - Checkable: [location1, location2, location3, location4, location5, location6, location7, location8, location9, location10]
  Receptacle - Checkable: [coffeeMachine_1, sinkBasin_2, sofa_3, sideTable_4, microwave_5, fridge_6, counterTop_7, toiletPaperHanger_8, toilet_9, toiletPaperHanger_10, microwave_11, fridge_12]
  Obj - Checkable: [handTowel_1, plate_2, baseballBat_3, spoon_4, cloth_5, toiletPaperRoll_6, cellPhone_7, pencil_8, tissueBox_9, box_10]
]

initial fluents default = [
  bool atLocation[a=Agent - Checkable, l=Location - Checkable] := false
  bool receptacleAtLocation[r=Receptacle - Checkable, l=Location - Checkable] := false
  bool objectAtLocation[o=Obj - Checkable, l=Location - Checkable] := false
  bool openable[r=Receptacle - Checkable] := false
  bool opened[r=Receptacle - Checkable] := false
  bool inReceptacle[o=Obj - Checkable, r=Receptacle - Checkable] := false
  bool isReceptacleObject[o=Obj - Checkable] := false
  bool inReceptacleObject[innerObject=Obj - Checkable, outObject=Obj - Checkable] := false
  bool isReceptacleObjectFull[o=Obj - Checkable] := false
  bool wasInReceptacle[o=Obj - Checkable, r=Receptacle - Checkable] := false
  bool checked[c=Checkable] := false
  bool examined[l=Location - Checkable] := false
  bool receptacleType[r=Receptacle - Checkable, rt=ReceptacleType] := false
  bool canContain[rt=ReceptacleType, ot=ObjectType] := false
  bool objectType[o=Obj - Checkable, t=ObjectType] := false
  bool holds[a=Agent - Checkable, o=Obj - Checkable] := false
  bool holdsAny[a=Agent - Checkable] := false
  bool holdsAnyReceptacleObject[a=Agent - Checkable] := false
  bool full[r=Receptacle - Checkable] := false
  bool isClean[o=Obj - Checkable] := false
  bool cleanable[o=Obj - Checkable] := false
  bool isHot[o=Obj - Checkable] := false
  bool heatable[o=Obj - Checkable] := false
  bool isCool[o=Obj - Checkable] := false
  bool coolable[o=Obj - Checkable] := false
  bool pickupable[o=Obj - Checkable] := false
  bool moveable[o=Obj - Checkable] := false
  bool toggleable[o=Obj - Checkable] := false
  bool isOn[o=Obj - Checkable] := false
  bool isToggled[o=Obj - Checkable] := false
  bool sliceable[o=Obj - Checkable] := false
  bool isSliced[o=Obj - Checkable] := false
]

initial values = [
  receptacleType(coffeeMachine_1, coffeeMachineType) := true
  receptacleType(sinkBasin_2, sinkBasinType) := true
  receptacleType(sofa_3, sofaType) := true
  receptacleType(sideTable_4, sideTableType) := true
  receptacleType(microwave_5, microwaveType) := true
  receptacleType(fridge_6, fridgeType) := true
  receptacleType(counterTop_7, counterTopType) := true
  receptacleType(toiletPaperHanger_8, toiletPaperHangerType) := true
  receptacleType(toilet_9, toiletType) := true
  receptacleType(toiletPaperHanger_10, toiletPaperHangerType) := true
  receptacleType(microwave_11, microwaveType) := true
  receptacleType(fridge_12, fridgeType) := true
  objectType(handTowel_1, handTowelType) := true
  objectType(plate_2, plateType) := true
  objectType(baseballBat_3, baseballBatType) := true
  objectType(spoon_4, spoonType) := true
  objectType(cloth_5, clothType) := true
  objectType(toiletPaperRoll_6, toiletPaperRollType) := true
  objectType(cellPhone_7, cellPhoneType) := true
  objectType(pencil_8, pencilType) := true
  objectType(tissueBox_9, tissueBoxType) := true
  objectType(box_10, boxType) := true
  canContain(sinkBasinType, handTowelType) := true
  canContain(sinkBasinType, plateType) := true
  canContain(sinkBasinType, spoonType) := true
  canContain(sinkBasinType, clothType) := true
  canContain(sofaType, clothType) := true
  canContain(sofaType, cellPhoneType) := true
  canContain(sofaType, boxType) := true
  canContain(sideTableType, handTowelType) := true
  canContain(sideTableType, plateType) := true
  canContain(sideTableType, baseballBatType) := true
  canContain(sideTableType, spoonType) := true
  canContain(sideTableType, clothType) := true
  canContain(sideTableType, toiletPaperRollType) := true
  canContain(sideTableType, cellPhoneType) := true
  canContain(sideTableType, pencilType) := true
  canContain(sideTableType, tissueBoxType) := true
  canContain(sideTableType, boxType) := true
  canContain(microwaveType, plateType) := true
  canContain(fridgeType, plateType) := true
  canContain(counterTopType, handTowelType) := true
  canContain(counterTopType, plateType) := true
  canContain(counterTopType, baseballBatType) := true
  canContain(counterTopType, spoonType) := true
  canContain(counterTopType, clothType) := true
  canContain(counterTopType, toiletPaperRollType) := true
  canContain(counterTopType, cellPhoneType) := true
  canContain(counterTopType, pencilType) := true
  canContain(counterTopType, tissueBoxType) := true
  canContain(counterTopType, boxType) := true
  canContain(toiletPaperHangerType, toiletPaperRollType) := true
  canContain(toiletType, handTowelType) := true
  canContain(toiletType, clothType) := true
  canContain(toiletType, toiletPaperRollType) := true
  canContain(toiletType, tissueBoxType) := true
  pickupable(handTowel_1) := true
  pickupable(plate_2) := true
  isReceptacleObject(plate_2) := true
  cleanable(plate_2) := true
  heatable(plate_2) := true
  coolable(plate_2) := true
  pickupable(baseballBat_3) := true
  pickupable(spoon_4) := true
  cleanable(spoon_4) := true
  pickupable(cloth_5) := true
  cleanable(cloth_5) := true
  pickupable(toiletPaperRoll_6) := true
  pickupable(cellPhone_7) := true
  pickupable(pencil_8) := true
  pickupable(tissueBox_9) := true
  pickupable(box_10) := true
  isReceptacleObject(box_10) := true
  receptacleAtLocation(coffeeMachine_1, location4) := true
  receptacleAtLocation(sinkBasin_2, location6) := true
  receptacleAtLocation(sofa_3, location10) := true
  receptacleAtLocation(sideTable_4, location9) := true
  receptacleAtLocation(microwave_5, location4) := true
  receptacleAtLocation(fridge_6, location8) := true
  receptacleAtLocation(counterTop_7, location4) := true
  receptacleAtLocation(toiletPaperHanger_8, location5) := true
  receptacleAtLocation(toilet_9, location5) := true
  receptacleAtLocation(toiletPaperHanger_10, location1) := true
  receptacleAtLocation(microwave_11, location6) := true
  receptacleAtLocation(fridge_12, location7) := true
  inReceptacle(handTowel_1, sideTable_4) := true
  inReceptacle(plate_2, fridge_12) := true
  inReceptacle(baseballBat_3, counterTop_7) := true
  inReceptacle(spoon_4, sinkBasin_2) := true
  inReceptacle(cloth_5, toilet_9) := true
  inReceptacle(toiletPaperRoll_6, toiletPaperHanger_8) := true
  inReceptacle(cellPhone_7, sofa_3) := true
  inReceptacle(pencil_8, sideTable_4) := true
  inReceptacle(tissueBox_9, sideTable_4) := true
  inReceptacle(box_10, counterTop_7) := true
  objectAtLocation(handTowel_1, location9) := true
  objectAtLocation(plate_2, location7) := true
  objectAtLocation(baseballBat_3, location4) := true
  objectAtLocation(spoon_4, location6) := true
  objectAtLocation(cloth_5, location5) := true
  objectAtLocation(toiletPaperRoll_6, location5) := true
  objectAtLocation(cellPhone_7, location10) := true
  objectAtLocation(pencil_8, location9) := true
  objectAtLocation(tissueBox_9, location9) := true
  objectAtLocation(box_10, location4) := true
  atLocation(agent1, location3) := true
]

goals = [
  Exists (Receptacle - Checkable r) Exists (Obj - Checkable o1) (inReceptacle(o1, r) and objectType(o1, pencilType) and receptacleType(r, sideTableType) and Exists (Obj - Checkable o2) ((not (o1 == o2)) and objectType(o2, plateType) and receptacleType(r, sideTableType) and inReceptacle(o2, r)))
]

quality metrics = [
  minimize sequential-plan-length
]


2025-06-17 11:15:13,095 - INFO - Generating plan for unconstrained problem

2025-06-17 11:15:13,548 - INFO - Unconstrained plan generation time: 0.4531540870666504

2025-06-17 11:15:13,548 - INFO - Unconstrained plan and cost: 
2025-06-17 11:15:13,549 - INFO - SequentialPlan:
    goToLocation(agent1, location3, location7)
    pickupObject(agent1, location7, plate_2, fridge_12)
    goToLocation(agent1, location7, location9)
    putObject(agent1, location9, plate_2, sideTable_4, plateType, sideTableType)
2025-06-17 11:15:13,549 - INFO - 4
2025-06-17 11:15:13,758 - INFO - Sampled constraints:

2025-06-17 11:15:13,758 - INFO - Sometime((checked(microwave_5) or atLocation(agent1, location8)))
2025-06-17 11:15:13,758 - INFO - 
2025-06-17 11:15:13,758 - INFO - Generation time: 0.20877408981323242

2025-06-17 11:15:13,758 - INFO - Generating plan for constrained problem (with LiftedTCORE).

2025-06-17 11:15:13,797 - INFO - LiftedTCORE compilation time: 0.03821277618408203

2025-06-17 11:15:14,224 - INFO - Planning Time with LiftedTCORE's file: 0.42713499069213867

2025-06-17 11:15:14,224 - INFO - Plan found with LiftedTCORE + sym_bd: SequentialPlan:
    goToLocation(agent1, location3, location7)
    pickupObject(agent1, location7, plate_2, fridge_12)
    goToLocation(agent1, location7, location8)
    goToLocation(agent1, location8, location9)
    putObject(agent1, location9, plate_2, sideTable_4, plateType, sideTableType)
2025-06-17 11:15:14,225 - INFO - Seed: 18 is solvable

2025-06-17 11:15:14,225 - INFO - Unconstrained cost: 4
2025-06-17 11:15:14,225 - INFO - Constrained cost: 5
2025-06-17 11:15:14,225 - INFO - Seed: 18 Plan simulation is feasible
2025-06-17 11:15:14,225 - INFO - 
Seed: 18 
 Plan: [goToLocation(agent1, location3, location7), pickupObject(agent1, location7, plate_2, fridge_12), goToLocation(agent1, location7, location8), goToLocation(agent1, location8, location9), putObject(agent1, location9, plate_2, sideTable_4, plateType, sideTableType)]  
 Cost: 5

