2025-06-17 09:57:30,810 - INFO - 
================= Seed: 604 =================

2025-06-17 09:57:30,815 - INFO - problem name = alfred

types = [ReceptacleType, ObjectType, Checkable, Agent - Checkable, Location - Checkable, Receptacle - Checkable, Obj - Checkable]

fluents = [
  bool atLocation[a=Agent - Checkable, l=Location - Checkable]
  bool receptacleAtLocation[r=Receptacle - Checkable, l=Location - Checkable]
  bool objectAtLocation[o=Obj - Checkable, l=Location - Checkable]
  bool openable[r=Receptacle - Checkable]
  bool opened[r=Receptacle - Checkable]
  bool inReceptacle[o=Obj - Checkable, r=Receptacle - Checkable]
  bool isReceptacleObject[o=Obj - Checkable]
  bool inReceptacleObject[innerObject=Obj - Checkable, outObject=Obj - Checkable]
  bool isReceptacleObjectFull[o=Obj - Checkable]
  bool wasInReceptacle[o=Obj - Checkable, r=Receptacle - Checkable]
  bool checked[c=Checkable]
  bool examined[l=Location - Checkable]
  bool receptacleType[r=Receptacle - Checkable, rt=ReceptacleType]
  bool canContain[rt=ReceptacleType, ot=ObjectType]
  bool objectType[o=Obj - Checkable, t=ObjectType]
  bool holds[a=Agent - Checkable, o=Obj - Checkable]
  bool holdsAny[a=Agent - Checkable]
  bool holdsAnyReceptacleObject[a=Agent - Checkable]
  bool full[r=Receptacle - Checkable]
  bool isClean[o=Obj - Checkable]
  bool cleanable[o=Obj - Checkable]
  bool isHot[o=Obj - Checkable]
  bool heatable[o=Obj - Checkable]
  bool isCool[o=Obj - Checkable]
  bool coolable[o=Obj - Checkable]
  bool pickupable[o=Obj - Checkable]
  bool moveable[o=Obj - Checkable]
  bool toggleable[o=Obj - Checkable]
  bool isOn[o=Obj - Checkable]
  bool isToggled[o=Obj - Checkable]
  bool sliceable[o=Obj - Checkable]
  bool isSliced[o=Obj - Checkable]
]

actions = [
  action look(Agent - Checkable a, Location - Checkable l) {
    preconditions = [
      atLocation(a, l)
    ]
    effects = [
      checked(l) := true
    ]
  }
  action inventory(Agent - Checkable a) {
    preconditions = [
    ]
    effects = [
      checked(a) := true
    ]
  }
  action examineReceptacle(Agent - Checkable a, Receptacle - Checkable r) {
    preconditions = [
      Exists (Location - Checkable l) (atLocation(a, l) and receptacleAtLocation(r, l))
    ]
    effects = [
      checked(r) := true
    ]
  }
  action examineObject(Agent - Checkable a, Obj - Checkable o) {
    preconditions = [
      (Exists (Location - Checkable l) Exists (Receptacle - Checkable r) (atLocation(a, l) and receptacleAtLocation(r, l) and inReceptacle(o, r) and ((not openable(r)) or opened(r))) or holds(a, o))
    ]
    effects = [
      checked(o) := true
    ]
  }
  action goToLocation(Agent - Checkable a, Location - Checkable lstart, Location - Checkable lend) {
    preconditions = [
      atLocation(a, lstart)
    ]
    effects = [
      atLocation(a, lstart) := false
      atLocation(a, lend) := true
    ]
  }
  action openObject(Agent - Checkable a, Location - Checkable l, Receptacle - Checkable r) {
    preconditions = [
      (openable(r) and atLocation(a, l) and receptacleAtLocation(r, l) and (not opened(r)))
    ]
    effects = [
      opened(r) := true
      checked(r) := true
    ]
  }
  action closeObject(Agent - Checkable a, Location - Checkable l, Receptacle - Checkable r) {
    preconditions = [
      (openable(r) and atLocation(a, l) and receptacleAtLocation(r, l) and opened(r))
    ]
    effects = [
      opened(r) := false
    ]
  }
  action pickupObject(Agent - Checkable a, Location - Checkable l, Obj - Checkable o, Receptacle - Checkable r) {
    preconditions = [
      (pickupable(o) and atLocation(a, l) and receptacleAtLocation(r, l) and inReceptacle(o, r) and (not holdsAny(a)) and ((not openable(r)) or opened(r)))
    ]
    effects = [
      inReceptacle(o, r) := false
      holds(a, o) := true
      holdsAny(a) := true
      objectAtLocation(o, l) := false
    ]
  }
  action putObject(Agent - Checkable a, Location - Checkable l, Obj - Checkable o, Receptacle - Checkable r, ObjectType ot, ReceptacleType rt) {
    preconditions = [
      (holds(a, o) and atLocation(a, l) and receptacleAtLocation(r, l) and ((not openable(r)) or opened(r)) and objectType(o, ot) and receptacleType(r, rt) and canContain(rt, ot))
    ]
    effects = [
      inReceptacle(o, r) := true
      objectAtLocation(o, l) := true
      holds(a, o) := false
      holdsAny(a) := false
    ]
  }
  action cleanObject(Agent - Checkable a, Location - Checkable l, Receptacle - Checkable r, Obj - Checkable o) {
    preconditions = [
      (cleanable(o) and receptacleType(r, sinkBasinType) and atLocation(a, l) and receptacleAtLocation(r, l) and holds(a, o))
    ]
    effects = [
      isClean(o) := true
    ]
  }
  action heatObject(Agent - Checkable a, Location - Checkable l, Receptacle - Checkable r, Obj - Checkable o) {
    preconditions = [
      (heatable(o) and receptacleType(r, microwaveType) and atLocation(a, l) and receptacleAtLocation(r, l) and holds(a, o))
    ]
    effects = [
      isHot(o) := true
      isCool(o) := false
    ]
  }
  action coolObject(Agent - Checkable a, Location - Checkable l, Receptacle - Checkable r, Obj - Checkable o) {
    preconditions = [
      (coolable(o) and receptacleType(r, fridgeType) and atLocation(a, l) and receptacleAtLocation(r, l) and holds(a, o))
    ]
    effects = [
      isCool(o) := true
      isHot(o) := false
    ]
  }
  action toggleObject(Agent - Checkable a, Location - Checkable l, Obj - Checkable o, Receptacle - Checkable r) {
    preconditions = [
      (toggleable(o) and atLocation(a, l) and receptacleAtLocation(r, l) and inReceptacle(o, r))
    ]
    effects = [
      if isOn(o) then isOn(o) := false
      if (not isOn(o)) then isOn(o) := true
      isToggled(o) := true
    ]
  }
  action sliceObject(Agent - Checkable a, Location - Checkable l, Obj - Checkable co, Obj - Checkable ko) {
    preconditions = [
      (sliceable(co) and (objectType(ko, knifeType) or objectType(ko, butterKnifeType)) and atLocation(a, l) and objectAtLocation(co, l) and holds(a, ko))
    ]
    effects = [
      isSliced(co) := true
    ]
  }
  action help(Agent - Checkable a) {
    preconditions = [
    ]
    effects = [
      checked(a) := true
    ]
  }
]

objects = [
  ReceptacleType: [sinkBasinType, microwaveType, fridgeType, shelfType, counterTopType, toasterType, diningTableType, laundryHamperType, stoveBurnerType, deskType, sofaType, cartType, bathtubBasinType]
  ObjectType: [knifeType, butterKnifeType, panType, wateringCanType, soapBottleType, mugType, newspaperType, clothType, forkType, bowlType]
  Checkable: [agent1, location1, location2, location3, location4, location5, location6, location7, location8, location9, location10, shelf_1, counterTop_2, toaster_3, diningTable_4, laundryHamper_5, stoveBurner_6, desk_7, sofa_8, cart_9, bathtubBasin_10, pan_1, wateringCan_2, soapBottle_3, mug_4, newspaper_5, cloth_6, fork_7, knife_8, wateringCan_9, bowl_10]
  Agent - Checkable: [agent1]
  Location - Checkable: [location1, location2, location3, location4, location5, location6, location7, location8, location9, location10]
  Receptacle - Checkable: [shelf_1, counterTop_2, toaster_3, diningTable_4, laundryHamper_5, stoveBurner_6, desk_7, sofa_8, cart_9, bathtubBasin_10]
  Obj - Checkable: [pan_1, wateringCan_2, soapBottle_3, mug_4, newspaper_5, cloth_6, fork_7, knife_8, wateringCan_9, bowl_10]
]

initial fluents default = [
  bool atLocation[a=Agent - Checkable, l=Location - Checkable] := false
  bool receptacleAtLocation[r=Receptacle - Checkable, l=Location - Checkable] := false
  bool objectAtLocation[o=Obj - Checkable, l=Location - Checkable] := false
  bool openable[r=Receptacle - Checkable] := false
  bool opened[r=Receptacle - Checkable] := false
  bool inReceptacle[o=Obj - Checkable, r=Receptacle - Checkable] := false
  bool isReceptacleObject[o=Obj - Checkable] := false
  bool inReceptacleObject[innerObject=Obj - Checkable, outObject=Obj - Checkable] := false
  bool isReceptacleObjectFull[o=Obj - Checkable] := false
  bool wasInReceptacle[o=Obj - Checkable, r=Receptacle - Checkable] := false
  bool checked[c=Checkable] := false
  bool examined[l=Location - Checkable] := false
  bool receptacleType[r=Receptacle - Checkable, rt=ReceptacleType] := false
  bool canContain[rt=ReceptacleType, ot=ObjectType] := false
  bool objectType[o=Obj - Checkable, t=ObjectType] := false
  bool holds[a=Agent - Checkable, o=Obj - Checkable] := false
  bool holdsAny[a=Agent - Checkable] := false
  bool holdsAnyReceptacleObject[a=Agent - Checkable] := false
  bool full[r=Receptacle - Checkable] := false
  bool isClean[o=Obj - Checkable] := false
  bool cleanable[o=Obj - Checkable] := false
  bool isHot[o=Obj - Checkable] := false
  bool heatable[o=Obj - Checkable] := false
  bool isCool[o=Obj - Checkable] := false
  bool coolable[o=Obj - Checkable] := false
  bool pickupable[o=Obj - Checkable] := false
  bool moveable[o=Obj - Checkable] := false
  bool toggleable[o=Obj - Checkable] := false
  bool isOn[o=Obj - Checkable] := false
  bool isToggled[o=Obj - Checkable] := false
  bool sliceable[o=Obj - Checkable] := false
  bool isSliced[o=Obj - Checkable] := false
]

initial values = [
  receptacleType(shelf_1, shelfType) := true
  receptacleType(counterTop_2, counterTopType) := true
  receptacleType(toaster_3, toasterType) := true
  receptacleType(diningTable_4, diningTableType) := true
  receptacleType(laundryHamper_5, laundryHamperType) := true
  receptacleType(stoveBurner_6, stoveBurnerType) := true
  receptacleType(desk_7, deskType) := true
  receptacleType(sofa_8, sofaType) := true
  receptacleType(cart_9, cartType) := true
  receptacleType(bathtubBasin_10, bathtubBasinType) := true
  objectType(pan_1, panType) := true
  objectType(wateringCan_2, wateringCanType) := true
  objectType(soapBottle_3, soapBottleType) := true
  objectType(mug_4, mugType) := true
  objectType(newspaper_5, newspaperType) := true
  objectType(cloth_6, clothType) := true
  objectType(fork_7, forkType) := true
  objectType(knife_8, knifeType) := true
  objectType(wateringCan_9, wateringCanType) := true
  objectType(bowl_10, bowlType) := true
  canContain(shelfType, wateringCanType) := true
  canContain(shelfType, soapBottleType) := true
  canContain(shelfType, mugType) := true
  canContain(shelfType, newspaperType) := true
  canContain(shelfType, clothType) := true
  canContain(shelfType, bowlType) := true
  canContain(counterTopType, panType) := true
  canContain(counterTopType, wateringCanType) := true
  canContain(counterTopType, soapBottleType) := true
  canContain(counterTopType, mugType) := true
  canContain(counterTopType, newspaperType) := true
  canContain(counterTopType, clothType) := true
  canContain(counterTopType, forkType) := true
  canContain(counterTopType, knifeType) := true
  canContain(counterTopType, bowlType) := true
  canContain(diningTableType, panType) := true
  canContain(diningTableType, wateringCanType) := true
  canContain(diningTableType, soapBottleType) := true
  canContain(diningTableType, mugType) := true
  canContain(diningTableType, newspaperType) := true
  canContain(diningTableType, clothType) := true
  canContain(diningTableType, forkType) := true
  canContain(diningTableType, knifeType) := true
  canContain(diningTableType, bowlType) := true
  canContain(laundryHamperType, clothType) := true
  canContain(stoveBurnerType, panType) := true
  canContain(deskType, wateringCanType) := true
  canContain(deskType, soapBottleType) := true
  canContain(deskType, mugType) := true
  canContain(deskType, newspaperType) := true
  canContain(deskType, clothType) := true
  canContain(deskType, bowlType) := true
  canContain(sofaType, newspaperType) := true
  canContain(sofaType, clothType) := true
  canContain(cartType, soapBottleType) := true
  canContain(cartType, mugType) := true
  canContain(cartType, clothType) := true
  canContain(bathtubBasinType, clothType) := true
  pickupable(pan_1) := true
  isReceptacleObject(pan_1) := true
  cleanable(pan_1) := true
  coolable(pan_1) := true
  pickupable(wateringCan_2) := true
  pickupable(soapBottle_3) := true
  pickupable(mug_4) := true
  isReceptacleObject(mug_4) := true
  cleanable(mug_4) := true
  heatable(mug_4) := true
  coolable(mug_4) := true
  pickupable(newspaper_5) := true
  pickupable(cloth_6) := true
  cleanable(cloth_6) := true
  pickupable(fork_7) := true
  cleanable(fork_7) := true
  pickupable(knife_8) := true
  cleanable(knife_8) := true
  pickupable(wateringCan_9) := true
  pickupable(bowl_10) := true
  isReceptacleObject(bowl_10) := true
  cleanable(bowl_10) := true
  coolable(bowl_10) := true
  receptacleAtLocation(shelf_1, location1) := true
  receptacleAtLocation(counterTop_2, location8) := true
  receptacleAtLocation(toaster_3, location4) := true
  receptacleAtLocation(diningTable_4, location9) := true
  receptacleAtLocation(laundryHamper_5, location8) := true
  receptacleAtLocation(stoveBurner_6, location7) := true
  receptacleAtLocation(desk_7, location8) := true
  receptacleAtLocation(sofa_8, location6) := true
  receptacleAtLocation(cart_9, location1) := true
  receptacleAtLocation(bathtubBasin_10, location8) := true
  inReceptacle(pan_1, counterTop_2) := true
  inReceptacle(mug_4, shelf_1) := true
  inReceptacle(cloth_6, cart_9) := true
  inReceptacle(wateringCan_9, desk_7) := true
  inReceptacle(bowl_10, diningTable_4) := true
  objectAtLocation(pan_1, location8) := true
  objectAtLocation(wateringCan_2, location8) := true
  objectAtLocation(soapBottle_3, location7) := true
  objectAtLocation(mug_4, location1) := true
  objectAtLocation(newspaper_5, location1) := true
  objectAtLocation(cloth_6, location1) := true
  objectAtLocation(fork_7, location7) := true
  objectAtLocation(knife_8, location10) := true
  objectAtLocation(wateringCan_9, location8) := true
  objectAtLocation(bowl_10, location9) := true
  atLocation(agent1, location3) := true
]

goals = [
  Exists (Receptacle - Checkable r) Exists (Obj - Checkable o) (inReceptacle(o, r) and objectType(o, clothType) and receptacleType(r, diningTableType))
]

quality metrics = [
  minimize sequential-plan-length
]


2025-06-17 09:57:30,817 - INFO - Generating plan for unconstrained problem

2025-06-17 09:57:31,257 - INFO - Unconstrained plan generation time: 0.4399144649505615

2025-06-17 09:57:31,257 - INFO - Unconstrained plan and cost: 
2025-06-17 09:57:31,257 - INFO - SequentialPlan:
    goToLocation(agent1, location3, location1)
    pickupObject(agent1, location1, cloth_6, cart_9)
    goToLocation(agent1, location1, location9)
    putObject(agent1, location9, cloth_6, diningTable_4, clothType, diningTableType)
2025-06-17 09:57:31,257 - INFO - 4
2025-06-17 09:57:31,584 - INFO - Sampled constraints:

2025-06-17 09:57:31,584 - INFO - Sometime(atLocation(agent1, location1))
2025-06-17 09:57:31,584 - INFO - Sometime-After(atLocation(agent1, location1), (checked(location9) or atLocation(agent1, location10)))
2025-06-17 09:57:31,584 - INFO - 
2025-06-17 09:57:31,584 - INFO - Generation time: 0.3262598514556885

2025-06-17 09:57:31,591 - INFO - Generating plan for constrained problem (with LiftedTCORE).

2025-06-17 09:57:31,640 - INFO - LiftedTCORE compilation time: 0.0488743782043457

2025-06-17 09:57:32,158 - INFO - Planning Time with LiftedTCORE's file: 0.5096473693847656

2025-06-17 09:57:32,158 - INFO - Plan found with LiftedTCORE + sym_bd: SequentialPlan:
    goToLocation(agent1, location3, location1)
    pickupObject(agent1, location1, cloth_6, cart_9)
    goToLocation(agent1, location1, location10)
    goToLocation(agent1, location10, location9)
    putObject(agent1, location9, cloth_6, diningTable_4, clothType, diningTableType)
2025-06-17 09:57:32,158 - INFO - Seed: 604 is solvable

2025-06-17 09:57:32,158 - INFO - Unconstrained cost: 4
2025-06-17 09:57:32,158 - INFO - Constrained cost: 5
2025-06-17 09:57:32,158 - INFO - Seed: 604 Plan simulation is feasible
2025-06-17 09:57:32,158 - INFO - 
Seed: 604 
 Plan: [goToLocation(agent1, location3, location1), pickupObject(agent1, location1, cloth_6, cart_9), goToLocation(agent1, location1, location10), goToLocation(agent1, location10, location9), putObject(agent1, location9, cloth_6, diningTable_4, clothType, diningTableType)]  
 Cost: 5

