2025-06-17 10:24:50,904 - INFO - 
================= Seed: 1012 =================

2025-06-17 10:24:50,909 - INFO - problem name = alfred

types = [ReceptacleType, ObjectType, Checkable, Agent - Checkable, Location - Checkable, Receptacle - Checkable, Obj - Checkable]

fluents = [
  bool atLocation[a=Agent - Checkable, l=Location - Checkable]
  bool receptacleAtLocation[r=Receptacle - Checkable, l=Location - Checkable]
  bool objectAtLocation[o=Obj - Checkable, l=Location - Checkable]
  bool openable[r=Receptacle - Checkable]
  bool opened[r=Receptacle - Checkable]
  bool inReceptacle[o=Obj - Checkable, r=Receptacle - Checkable]
  bool isReceptacleObject[o=Obj - Checkable]
  bool inReceptacleObject[innerObject=Obj - Checkable, outObject=Obj - Checkable]
  bool isReceptacleObjectFull[o=Obj - Checkable]
  bool wasInReceptacle[o=Obj - Checkable, r=Receptacle - Checkable]
  bool checked[c=Checkable]
  bool examined[l=Location - Checkable]
  bool receptacleType[r=Receptacle - Checkable, rt=ReceptacleType]
  bool canContain[rt=ReceptacleType, ot=ObjectType]
  bool objectType[o=Obj - Checkable, t=ObjectType]
  bool holds[a=Agent - Checkable, o=Obj - Checkable]
  bool holdsAny[a=Agent - Checkable]
  bool holdsAnyReceptacleObject[a=Agent - Checkable]
  bool full[r=Receptacle - Checkable]
  bool isClean[o=Obj - Checkable]
  bool cleanable[o=Obj - Checkable]
  bool isHot[o=Obj - Checkable]
  bool heatable[o=Obj - Checkable]
  bool isCool[o=Obj - Checkable]
  bool coolable[o=Obj - Checkable]
  bool pickupable[o=Obj - Checkable]
  bool moveable[o=Obj - Checkable]
  bool toggleable[o=Obj - Checkable]
  bool isOn[o=Obj - Checkable]
  bool isToggled[o=Obj - Checkable]
  bool sliceable[o=Obj - Checkable]
  bool isSliced[o=Obj - Checkable]
]

actions = [
  action look(Agent - Checkable a, Location - Checkable l) {
    preconditions = [
      atLocation(a, l)
    ]
    effects = [
      checked(l) := true
    ]
  }
  action inventory(Agent - Checkable a) {
    preconditions = [
    ]
    effects = [
      checked(a) := true
    ]
  }
  action examineReceptacle(Agent - Checkable a, Receptacle - Checkable r) {
    preconditions = [
      Exists (Location - Checkable l) (atLocation(a, l) and receptacleAtLocation(r, l))
    ]
    effects = [
      checked(r) := true
    ]
  }
  action examineObject(Agent - Checkable a, Obj - Checkable o) {
    preconditions = [
      (Exists (Location - Checkable l) Exists (Receptacle - Checkable r) (atLocation(a, l) and receptacleAtLocation(r, l) and inReceptacle(o, r) and ((not openable(r)) or opened(r))) or holds(a, o))
    ]
    effects = [
      checked(o) := true
    ]
  }
  action goToLocation(Agent - Checkable a, Location - Checkable lstart, Location - Checkable lend) {
    preconditions = [
      atLocation(a, lstart)
    ]
    effects = [
      atLocation(a, lstart) := false
      atLocation(a, lend) := true
    ]
  }
  action openObject(Agent - Checkable a, Location - Checkable l, Receptacle - Checkable r) {
    preconditions = [
      (openable(r) and atLocation(a, l) and receptacleAtLocation(r, l) and (not opened(r)))
    ]
    effects = [
      opened(r) := true
      checked(r) := true
    ]
  }
  action closeObject(Agent - Checkable a, Location - Checkable l, Receptacle - Checkable r) {
    preconditions = [
      (openable(r) and atLocation(a, l) and receptacleAtLocation(r, l) and opened(r))
    ]
    effects = [
      opened(r) := false
    ]
  }
  action pickupObject(Agent - Checkable a, Location - Checkable l, Obj - Checkable o, Receptacle - Checkable r) {
    preconditions = [
      (pickupable(o) and atLocation(a, l) and receptacleAtLocation(r, l) and inReceptacle(o, r) and (not holdsAny(a)) and ((not openable(r)) or opened(r)))
    ]
    effects = [
      inReceptacle(o, r) := false
      holds(a, o) := true
      holdsAny(a) := true
      objectAtLocation(o, l) := false
    ]
  }
  action putObject(Agent - Checkable a, Location - Checkable l, Obj - Checkable o, Receptacle - Checkable r, ObjectType ot, ReceptacleType rt) {
    preconditions = [
      (holds(a, o) and atLocation(a, l) and receptacleAtLocation(r, l) and ((not openable(r)) or opened(r)) and objectType(o, ot) and receptacleType(r, rt) and canContain(rt, ot))
    ]
    effects = [
      inReceptacle(o, r) := true
      objectAtLocation(o, l) := true
      holds(a, o) := false
      holdsAny(a) := false
    ]
  }
  action cleanObject(Agent - Checkable a, Location - Checkable l, Receptacle - Checkable r, Obj - Checkable o) {
    preconditions = [
      (cleanable(o) and receptacleType(r, sinkBasinType) and atLocation(a, l) and receptacleAtLocation(r, l) and holds(a, o))
    ]
    effects = [
      isClean(o) := true
    ]
  }
  action heatObject(Agent - Checkable a, Location - Checkable l, Receptacle - Checkable r, Obj - Checkable o) {
    preconditions = [
      (heatable(o) and receptacleType(r, microwaveType) and atLocation(a, l) and receptacleAtLocation(r, l) and holds(a, o))
    ]
    effects = [
      isHot(o) := true
      isCool(o) := false
    ]
  }
  action coolObject(Agent - Checkable a, Location - Checkable l, Receptacle - Checkable r, Obj - Checkable o) {
    preconditions = [
      (coolable(o) and receptacleType(r, fridgeType) and atLocation(a, l) and receptacleAtLocation(r, l) and holds(a, o))
    ]
    effects = [
      isCool(o) := true
      isHot(o) := false
    ]
  }
  action toggleObject(Agent - Checkable a, Location - Checkable l, Obj - Checkable o, Receptacle - Checkable r) {
    preconditions = [
      (toggleable(o) and atLocation(a, l) and receptacleAtLocation(r, l) and inReceptacle(o, r))
    ]
    effects = [
      if isOn(o) then isOn(o) := false
      if (not isOn(o)) then isOn(o) := true
      isToggled(o) := true
    ]
  }
  action sliceObject(Agent - Checkable a, Location - Checkable l, Obj - Checkable co, Obj - Checkable ko) {
    preconditions = [
      (sliceable(co) and (objectType(ko, knifeType) or objectType(ko, butterKnifeType)) and atLocation(a, l) and objectAtLocation(co, l) and holds(a, ko))
    ]
    effects = [
      isSliced(co) := true
    ]
  }
  action help(Agent - Checkable a) {
    preconditions = [
    ]
    effects = [
      checked(a) := true
    ]
  }
]

objects = [
  ReceptacleType: [sinkBasinType, microwaveType, fridgeType, coffeeMachineType, cabinetType, diningTableType, counterTopType, armChairType, bathtubBasinType, stoveBurnerType, garbageCanType, toiletType]
  ObjectType: [knifeType, butterKnifeType, spatulaType, basketBallType, sprayBottleType, alarmClockType, toiletPaperType, pillowType, handTowelType, plateType, mugType]
  Checkable: [agent1, location1, location2, location3, location4, location5, location6, location7, location8, location9, location10, microwave_1, coffeeMachine_2, cabinet_3, diningTable_4, counterTop_5, armChair_6, bathtubBasin_7, stoveBurner_8, garbageCan_9, toilet_10, spatula_1, butterKnife_2, basketBall_3, sprayBottle_4, alarmClock_5, toiletPaper_6, pillow_7, handTowel_8, plate_9, mug_10]
  Agent - Checkable: [agent1]
  Location - Checkable: [location1, location2, location3, location4, location5, location6, location7, location8, location9, location10]
  Receptacle - Checkable: [microwave_1, coffeeMachine_2, cabinet_3, diningTable_4, counterTop_5, armChair_6, bathtubBasin_7, stoveBurner_8, garbageCan_9, toilet_10]
  Obj - Checkable: [spatula_1, butterKnife_2, basketBall_3, sprayBottle_4, alarmClock_5, toiletPaper_6, pillow_7, handTowel_8, plate_9, mug_10]
]

initial fluents default = [
  bool atLocation[a=Agent - Checkable, l=Location - Checkable] := false
  bool receptacleAtLocation[r=Receptacle - Checkable, l=Location - Checkable] := false
  bool objectAtLocation[o=Obj - Checkable, l=Location - Checkable] := false
  bool openable[r=Receptacle - Checkable] := false
  bool opened[r=Receptacle - Checkable] := false
  bool inReceptacle[o=Obj - Checkable, r=Receptacle - Checkable] := false
  bool isReceptacleObject[o=Obj - Checkable] := false
  bool inReceptacleObject[innerObject=Obj - Checkable, outObject=Obj - Checkable] := false
  bool isReceptacleObjectFull[o=Obj - Checkable] := false
  bool wasInReceptacle[o=Obj - Checkable, r=Receptacle - Checkable] := false
  bool checked[c=Checkable] := false
  bool examined[l=Location - Checkable] := false
  bool receptacleType[r=Receptacle - Checkable, rt=ReceptacleType] := false
  bool canContain[rt=ReceptacleType, ot=ObjectType] := false
  bool objectType[o=Obj - Checkable, t=ObjectType] := false
  bool holds[a=Agent - Checkable, o=Obj - Checkable] := false
  bool holdsAny[a=Agent - Checkable] := false
  bool holdsAnyReceptacleObject[a=Agent - Checkable] := false
  bool full[r=Receptacle - Checkable] := false
  bool isClean[o=Obj - Checkable] := false
  bool cleanable[o=Obj - Checkable] := false
  bool isHot[o=Obj - Checkable] := false
  bool heatable[o=Obj - Checkable] := false
  bool isCool[o=Obj - Checkable] := false
  bool coolable[o=Obj - Checkable] := false
  bool pickupable[o=Obj - Checkable] := false
  bool moveable[o=Obj - Checkable] := false
  bool toggleable[o=Obj - Checkable] := false
  bool isOn[o=Obj - Checkable] := false
  bool isToggled[o=Obj - Checkable] := false
  bool sliceable[o=Obj - Checkable] := false
  bool isSliced[o=Obj - Checkable] := false
]

initial values = [
  receptacleType(microwave_1, microwaveType) := true
  receptacleType(coffeeMachine_2, coffeeMachineType) := true
  receptacleType(cabinet_3, cabinetType) := true
  receptacleType(diningTable_4, diningTableType) := true
  receptacleType(counterTop_5, counterTopType) := true
  receptacleType(armChair_6, armChairType) := true
  receptacleType(bathtubBasin_7, bathtubBasinType) := true
  receptacleType(stoveBurner_8, stoveBurnerType) := true
  receptacleType(garbageCan_9, garbageCanType) := true
  receptacleType(toilet_10, toiletType) := true
  objectType(spatula_1, spatulaType) := true
  objectType(butterKnife_2, butterKnifeType) := true
  objectType(basketBall_3, basketBallType) := true
  objectType(sprayBottle_4, sprayBottleType) := true
  objectType(alarmClock_5, alarmClockType) := true
  objectType(toiletPaper_6, toiletPaperType) := true
  objectType(pillow_7, pillowType) := true
  objectType(handTowel_8, handTowelType) := true
  objectType(plate_9, plateType) := true
  objectType(mug_10, mugType) := true
  canContain(microwaveType, plateType) := true
  canContain(microwaveType, mugType) := true
  canContain(coffeeMachineType, mugType) := true
  canContain(cabinetType, sprayBottleType) := true
  canContain(cabinetType, toiletPaperType) := true
  canContain(cabinetType, handTowelType) := true
  canContain(cabinetType, plateType) := true
  canContain(cabinetType, mugType) := true
  canContain(diningTableType, spatulaType) := true
  canContain(diningTableType, butterKnifeType) := true
  canContain(diningTableType, basketBallType) := true
  canContain(diningTableType, sprayBottleType) := true
  canContain(diningTableType, alarmClockType) := true
  canContain(diningTableType, toiletPaperType) := true
  canContain(diningTableType, handTowelType) := true
  canContain(diningTableType, plateType) := true
  canContain(diningTableType, mugType) := true
  canContain(counterTopType, spatulaType) := true
  canContain(counterTopType, butterKnifeType) := true
  canContain(counterTopType, basketBallType) := true
  canContain(counterTopType, sprayBottleType) := true
  canContain(counterTopType, alarmClockType) := true
  canContain(counterTopType, toiletPaperType) := true
  canContain(counterTopType, handTowelType) := true
  canContain(counterTopType, plateType) := true
  canContain(counterTopType, mugType) := true
  canContain(armChairType, basketBallType) := true
  canContain(armChairType, pillowType) := true
  canContain(bathtubBasinType, handTowelType) := true
  canContain(garbageCanType, sprayBottleType) := true
  canContain(garbageCanType, toiletPaperType) := true
  canContain(garbageCanType, handTowelType) := true
  canContain(toiletType, sprayBottleType) := true
  canContain(toiletType, toiletPaperType) := true
  canContain(toiletType, handTowelType) := true
  pickupable(spatula_1) := true
  cleanable(spatula_1) := true
  pickupable(butterKnife_2) := true
  cleanable(butterKnife_2) := true
  pickupable(basketBall_3) := true
  pickupable(sprayBottle_4) := true
  pickupable(alarmClock_5) := true
  pickupable(toiletPaper_6) := true
  pickupable(pillow_7) := true
  pickupable(handTowel_8) := true
  pickupable(plate_9) := true
  isReceptacleObject(plate_9) := true
  cleanable(plate_9) := true
  heatable(plate_9) := true
  coolable(plate_9) := true
  pickupable(mug_10) := true
  isReceptacleObject(mug_10) := true
  cleanable(mug_10) := true
  heatable(mug_10) := true
  coolable(mug_10) := true
  receptacleAtLocation(microwave_1, location10) := true
  receptacleAtLocation(coffeeMachine_2, location4) := true
  receptacleAtLocation(cabinet_3, location7) := true
  receptacleAtLocation(diningTable_4, location8) := true
  receptacleAtLocation(counterTop_5, location6) := true
  receptacleAtLocation(armChair_6, location3) := true
  receptacleAtLocation(bathtubBasin_7, location4) := true
  receptacleAtLocation(stoveBurner_8, location10) := true
  receptacleAtLocation(garbageCan_9, location7) := true
  receptacleAtLocation(toilet_10, location9) := true
  inReceptacle(sprayBottle_4, counterTop_5) := true
  inReceptacle(alarmClock_5, diningTable_4) := true
  inReceptacle(plate_9, counterTop_5) := true
  inReceptacle(mug_10, coffeeMachine_2) := true
  objectAtLocation(spatula_1, location9) := true
  objectAtLocation(butterKnife_2, location1) := true
  objectAtLocation(basketBall_3, location4) := true
  objectAtLocation(sprayBottle_4, location6) := true
  objectAtLocation(alarmClock_5, location8) := true
  objectAtLocation(toiletPaper_6, location9) := true
  objectAtLocation(pillow_7, location3) := true
  objectAtLocation(handTowel_8, location6) := true
  objectAtLocation(plate_9, location6) := true
  objectAtLocation(mug_10, location4) := true
  atLocation(agent1, location4) := true
]

goals = [
  Exists (Receptacle - Checkable r) Exists (Obj - Checkable o) (inReceptacle(o, r) and objectType(o, sprayBottleType) and receptacleType(r, diningTableType))
]

quality metrics = [
  minimize sequential-plan-length
]


2025-06-17 10:24:50,911 - INFO - Generating plan for unconstrained problem

2025-06-17 10:24:51,277 - INFO - Unconstrained plan generation time: 0.3662881851196289

2025-06-17 10:24:51,278 - INFO - Unconstrained plan and cost: 
2025-06-17 10:24:51,278 - INFO - SequentialPlan:
    goToLocation(agent1, location4, location6)
    pickupObject(agent1, location6, sprayBottle_4, counterTop_5)
    goToLocation(agent1, location6, location8)
    putObject(agent1, location8, sprayBottle_4, diningTable_4, sprayBottleType, diningTableType)
2025-06-17 10:24:51,278 - INFO - 4
2025-06-17 10:24:51,578 - INFO - Sampled constraints:

2025-06-17 10:24:51,578 - INFO - Sometime(atLocation(agent1, location6))
2025-06-17 10:24:51,578 - INFO - Sometime-After(atLocation(agent1, location6), atLocation(agent1, location3))
2025-06-17 10:24:51,578 - INFO - 
2025-06-17 10:24:51,578 - INFO - Generation time: 0.3003547191619873

2025-06-17 10:24:51,586 - INFO - Generating plan for constrained problem (with LiftedTCORE).

2025-06-17 10:24:51,634 - INFO - LiftedTCORE compilation time: 0.0482635498046875

2025-06-17 10:24:52,580 - INFO - Planning Time with LiftedTCORE's file: 0.93900465965271

2025-06-17 10:24:52,581 - INFO - Plan found with LiftedTCORE + sym_bd: SequentialPlan:
    goToLocation(agent1, location4, location6)
    pickupObject(agent1, location6, sprayBottle_4, counterTop_5)
    goToLocation(agent1, location6, location3)
    goToLocation(agent1, location3, location8)
    putObject(agent1, location8, sprayBottle_4, diningTable_4, sprayBottleType, diningTableType)
2025-06-17 10:24:52,581 - INFO - Seed: 1012 is solvable

2025-06-17 10:24:52,581 - INFO - Unconstrained cost: 4
2025-06-17 10:24:52,581 - INFO - Constrained cost: 5
2025-06-17 10:24:52,581 - INFO - Seed: 1012 Plan simulation is feasible
2025-06-17 10:24:52,581 - INFO - 
Seed: 1012 
 Plan: [goToLocation(agent1, location4, location6), pickupObject(agent1, location6, sprayBottle_4, counterTop_5), goToLocation(agent1, location6, location3), goToLocation(agent1, location3, location8), putObject(agent1, location8, sprayBottle_4, diningTable_4, sprayBottleType, diningTableType)]  
 Cost: 5

