2025-06-17 11:21:03,575 - INFO - 
================= Seed: 239 =================

2025-06-17 11:21:03,575 - INFO - problem name = alfred

types = [ReceptacleType, ObjectType, Checkable, Agent - Checkable, Location - Checkable, Receptacle - Checkable, Obj - Checkable]

fluents = [
  bool atLocation[a=Agent - Checkable, l=Location - Checkable]
  bool receptacleAtLocation[r=Receptacle - Checkable, l=Location - Checkable]
  bool objectAtLocation[o=Obj - Checkable, l=Location - Checkable]
  bool openable[r=Receptacle - Checkable]
  bool opened[r=Receptacle - Checkable]
  bool inReceptacle[o=Obj - Checkable, r=Receptacle - Checkable]
  bool isReceptacleObject[o=Obj - Checkable]
  bool inReceptacleObject[innerObject=Obj - Checkable, outObject=Obj - Checkable]
  bool isReceptacleObjectFull[o=Obj - Checkable]
  bool wasInReceptacle[o=Obj - Checkable, r=Receptacle - Checkable]
  bool checked[c=Checkable]
  bool examined[l=Location - Checkable]
  bool receptacleType[r=Receptacle - Checkable, rt=ReceptacleType]
  bool canContain[rt=ReceptacleType, ot=ObjectType]
  bool objectType[o=Obj - Checkable, t=ObjectType]
  bool holds[a=Agent - Checkable, o=Obj - Checkable]
  bool holdsAny[a=Agent - Checkable]
  bool holdsAnyReceptacleObject[a=Agent - Checkable]
  bool full[r=Receptacle - Checkable]
  bool isClean[o=Obj - Checkable]
  bool cleanable[o=Obj - Checkable]
  bool isHot[o=Obj - Checkable]
  bool heatable[o=Obj - Checkable]
  bool isCool[o=Obj - Checkable]
  bool coolable[o=Obj - Checkable]
  bool pickupable[o=Obj - Checkable]
  bool moveable[o=Obj - Checkable]
  bool toggleable[o=Obj - Checkable]
  bool isOn[o=Obj - Checkable]
  bool isToggled[o=Obj - Checkable]
  bool sliceable[o=Obj - Checkable]
  bool isSliced[o=Obj - Checkable]
]

actions = [
  action look(Agent - Checkable a, Location - Checkable l) {
    preconditions = [
      atLocation(a, l)
    ]
    effects = [
      checked(l) := true
    ]
  }
  action inventory(Agent - Checkable a) {
    preconditions = [
    ]
    effects = [
      checked(a) := true
    ]
  }
  action examineReceptacle(Agent - Checkable a, Receptacle - Checkable r) {
    preconditions = [
      Exists (Location - Checkable l) (atLocation(a, l) and receptacleAtLocation(r, l))
    ]
    effects = [
      checked(r) := true
    ]
  }
  action examineObject(Agent - Checkable a, Obj - Checkable o) {
    preconditions = [
      (Exists (Location - Checkable l) Exists (Receptacle - Checkable r) (atLocation(a, l) and receptacleAtLocation(r, l) and inReceptacle(o, r) and ((not openable(r)) or opened(r))) or holds(a, o))
    ]
    effects = [
      checked(o) := true
    ]
  }
  action goToLocation(Agent - Checkable a, Location - Checkable lstart, Location - Checkable lend) {
    preconditions = [
      atLocation(a, lstart)
    ]
    effects = [
      atLocation(a, lstart) := false
      atLocation(a, lend) := true
    ]
  }
  action openObject(Agent - Checkable a, Location - Checkable l, Receptacle - Checkable r) {
    preconditions = [
      (openable(r) and atLocation(a, l) and receptacleAtLocation(r, l) and (not opened(r)))
    ]
    effects = [
      opened(r) := true
      checked(r) := true
    ]
  }
  action closeObject(Agent - Checkable a, Location - Checkable l, Receptacle - Checkable r) {
    preconditions = [
      (openable(r) and atLocation(a, l) and receptacleAtLocation(r, l) and opened(r))
    ]
    effects = [
      opened(r) := false
    ]
  }
  action pickupObject(Agent - Checkable a, Location - Checkable l, Obj - Checkable o, Receptacle - Checkable r) {
    preconditions = [
      (pickupable(o) and atLocation(a, l) and receptacleAtLocation(r, l) and inReceptacle(o, r) and (not holdsAny(a)) and ((not openable(r)) or opened(r)))
    ]
    effects = [
      inReceptacle(o, r) := false
      holds(a, o) := true
      holdsAny(a) := true
      objectAtLocation(o, l) := false
    ]
  }
  action putObject(Agent - Checkable a, Location - Checkable l, Obj - Checkable o, Receptacle - Checkable r, ObjectType ot, ReceptacleType rt) {
    preconditions = [
      (holds(a, o) and atLocation(a, l) and receptacleAtLocation(r, l) and ((not openable(r)) or opened(r)) and objectType(o, ot) and receptacleType(r, rt) and canContain(rt, ot))
    ]
    effects = [
      inReceptacle(o, r) := true
      objectAtLocation(o, l) := true
      holds(a, o) := false
      holdsAny(a) := false
    ]
  }
  action cleanObject(Agent - Checkable a, Location - Checkable l, Receptacle - Checkable r, Obj - Checkable o) {
    preconditions = [
      (cleanable(o) and receptacleType(r, sinkBasinType) and atLocation(a, l) and receptacleAtLocation(r, l) and holds(a, o))
    ]
    effects = [
      isClean(o) := true
    ]
  }
  action heatObject(Agent - Checkable a, Location - Checkable l, Receptacle - Checkable r, Obj - Checkable o) {
    preconditions = [
      (heatable(o) and receptacleType(r, microwaveType) and atLocation(a, l) and receptacleAtLocation(r, l) and holds(a, o))
    ]
    effects = [
      isHot(o) := true
      isCool(o) := false
    ]
  }
  action coolObject(Agent - Checkable a, Location - Checkable l, Receptacle - Checkable r, Obj - Checkable o) {
    preconditions = [
      (coolable(o) and receptacleType(r, fridgeType) and atLocation(a, l) and receptacleAtLocation(r, l) and holds(a, o))
    ]
    effects = [
      isCool(o) := true
      isHot(o) := false
    ]
  }
  action toggleObject(Agent - Checkable a, Location - Checkable l, Obj - Checkable o, Receptacle - Checkable r) {
    preconditions = [
      (toggleable(o) and atLocation(a, l) and receptacleAtLocation(r, l) and inReceptacle(o, r))
    ]
    effects = [
      if isOn(o) then isOn(o) := false
      if (not isOn(o)) then isOn(o) := true
      isToggled(o) := true
    ]
  }
  action sliceObject(Agent - Checkable a, Location - Checkable l, Obj - Checkable co, Obj - Checkable ko) {
    preconditions = [
      (sliceable(co) and (objectType(ko, knifeType) or objectType(ko, butterKnifeType)) and atLocation(a, l) and objectAtLocation(co, l) and holds(a, ko))
    ]
    effects = [
      isSliced(co) := true
    ]
  }
  action help(Agent - Checkable a) {
    preconditions = [
    ]
    effects = [
      checked(a) := true
    ]
  }
]

objects = [
  ReceptacleType: [sinkBasinType, microwaveType, fridgeType, counterTopType, bedType, ottomanType, cabinetType, coffeeTableType, drawerType, stoveBurnerType]
  ObjectType: [knifeType, butterKnifeType, statueType, plungerType, plateType, wateringCanType, vaseType, tennisRacketType, cupType, pencilType]
  Checkable: [agent1, location1, location2, location3, location4, location5, location6, location7, location8, location9, location10, sinkBasin_1, counterTop_2, bed_3, ottoman_4, cabinet_5, coffeeTable_6, sinkBasin_7, coffeeTable_8, drawer_9, stoveBurner_10, microwave_11, fridge_12, statue_1, plunger_2, plate_3, wateringCan_4, vase_5, butterKnife_6, tennisRacket_7, cup_8, pencil_9, cup_10]
  Agent - Checkable: [agent1]
  Location - Checkable: [location1, location2, location3, location4, location5, location6, location7, location8, location9, location10]
  Receptacle - Checkable: [sinkBasin_1, counterTop_2, bed_3, ottoman_4, cabinet_5, coffeeTable_6, sinkBasin_7, coffeeTable_8, drawer_9, stoveBurner_10, microwave_11, fridge_12]
  Obj - Checkable: [statue_1, plunger_2, plate_3, wateringCan_4, vase_5, butterKnife_6, tennisRacket_7, cup_8, pencil_9, cup_10]
]

initial fluents default = [
  bool atLocation[a=Agent - Checkable, l=Location - Checkable] := false
  bool receptacleAtLocation[r=Receptacle - Checkable, l=Location - Checkable] := false
  bool objectAtLocation[o=Obj - Checkable, l=Location - Checkable] := false
  bool openable[r=Receptacle - Checkable] := false
  bool opened[r=Receptacle - Checkable] := false
  bool inReceptacle[o=Obj - Checkable, r=Receptacle - Checkable] := false
  bool isReceptacleObject[o=Obj - Checkable] := false
  bool inReceptacleObject[innerObject=Obj - Checkable, outObject=Obj - Checkable] := false
  bool isReceptacleObjectFull[o=Obj - Checkable] := false
  bool wasInReceptacle[o=Obj - Checkable, r=Receptacle - Checkable] := false
  bool checked[c=Checkable] := false
  bool examined[l=Location - Checkable] := false
  bool receptacleType[r=Receptacle - Checkable, rt=ReceptacleType] := false
  bool canContain[rt=ReceptacleType, ot=ObjectType] := false
  bool objectType[o=Obj - Checkable, t=ObjectType] := false
  bool holds[a=Agent - Checkable, o=Obj - Checkable] := false
  bool holdsAny[a=Agent - Checkable] := false
  bool holdsAnyReceptacleObject[a=Agent - Checkable] := false
  bool full[r=Receptacle - Checkable] := false
  bool isClean[o=Obj - Checkable] := false
  bool cleanable[o=Obj - Checkable] := false
  bool isHot[o=Obj - Checkable] := false
  bool heatable[o=Obj - Checkable] := false
  bool isCool[o=Obj - Checkable] := false
  bool coolable[o=Obj - Checkable] := false
  bool pickupable[o=Obj - Checkable] := false
  bool moveable[o=Obj - Checkable] := false
  bool toggleable[o=Obj - Checkable] := false
  bool isOn[o=Obj - Checkable] := false
  bool isToggled[o=Obj - Checkable] := false
  bool sliceable[o=Obj - Checkable] := false
  bool isSliced[o=Obj - Checkable] := false
]

initial values = [
  receptacleType(sinkBasin_1, sinkBasinType) := true
  receptacleType(counterTop_2, counterTopType) := true
  receptacleType(bed_3, bedType) := true
  receptacleType(ottoman_4, ottomanType) := true
  receptacleType(cabinet_5, cabinetType) := true
  receptacleType(coffeeTable_6, coffeeTableType) := true
  receptacleType(sinkBasin_7, sinkBasinType) := true
  receptacleType(coffeeTable_8, coffeeTableType) := true
  receptacleType(drawer_9, drawerType) := true
  receptacleType(stoveBurner_10, stoveBurnerType) := true
  receptacleType(microwave_11, microwaveType) := true
  receptacleType(fridge_12, fridgeType) := true
  objectType(statue_1, statueType) := true
  objectType(plunger_2, plungerType) := true
  objectType(plate_3, plateType) := true
  objectType(wateringCan_4, wateringCanType) := true
  objectType(vase_5, vaseType) := true
  objectType(butterKnife_6, butterKnifeType) := true
  objectType(tennisRacket_7, tennisRacketType) := true
  objectType(cup_8, cupType) := true
  objectType(pencil_9, pencilType) := true
  objectType(cup_10, cupType) := true
  canContain(sinkBasinType, plateType) := true
  canContain(sinkBasinType, butterKnifeType) := true
  canContain(sinkBasinType, cupType) := true
  canContain(counterTopType, statueType) := true
  canContain(counterTopType, plateType) := true
  canContain(counterTopType, wateringCanType) := true
  canContain(counterTopType, vaseType) := true
  canContain(counterTopType, butterKnifeType) := true
  canContain(counterTopType, tennisRacketType) := true
  canContain(counterTopType, cupType) := true
  canContain(counterTopType, pencilType) := true
  canContain(bedType, tennisRacketType) := true
  canContain(cabinetType, plungerType) := true
  canContain(cabinetType, plateType) := true
  canContain(cabinetType, wateringCanType) := true
  canContain(cabinetType, vaseType) := true
  canContain(cabinetType, cupType) := true
  canContain(coffeeTableType, statueType) := true
  canContain(coffeeTableType, plateType) := true
  canContain(coffeeTableType, wateringCanType) := true
  canContain(coffeeTableType, vaseType) := true
  canContain(coffeeTableType, butterKnifeType) := true
  canContain(coffeeTableType, tennisRacketType) := true
  canContain(coffeeTableType, cupType) := true
  canContain(coffeeTableType, pencilType) := true
  canContain(drawerType, wateringCanType) := true
  canContain(drawerType, butterKnifeType) := true
  canContain(drawerType, pencilType) := true
  canContain(microwaveType, plateType) := true
  canContain(microwaveType, cupType) := true
  canContain(fridgeType, plateType) := true
  canContain(fridgeType, cupType) := true
  pickupable(statue_1) := true
  pickupable(plunger_2) := true
  pickupable(plate_3) := true
  isReceptacleObject(plate_3) := true
  cleanable(plate_3) := true
  heatable(plate_3) := true
  coolable(plate_3) := true
  pickupable(wateringCan_4) := true
  pickupable(vase_5) := true
  pickupable(butterKnife_6) := true
  cleanable(butterKnife_6) := true
  pickupable(tennisRacket_7) := true
  pickupable(cup_8) := true
  isReceptacleObject(cup_8) := true
  cleanable(cup_8) := true
  heatable(cup_8) := true
  coolable(cup_8) := true
  pickupable(pencil_9) := true
  pickupable(cup_10) := true
  isReceptacleObject(cup_10) := true
  cleanable(cup_10) := true
  heatable(cup_10) := true
  coolable(cup_10) := true
  receptacleAtLocation(sinkBasin_1, location6) := true
  receptacleAtLocation(counterTop_2, location8) := true
  receptacleAtLocation(bed_3, location1) := true
  receptacleAtLocation(ottoman_4, location10) := true
  receptacleAtLocation(cabinet_5, location7) := true
  receptacleAtLocation(coffeeTable_6, location8) := true
  receptacleAtLocation(sinkBasin_7, location8) := true
  receptacleAtLocation(coffeeTable_8, location2) := true
  receptacleAtLocation(drawer_9, location6) := true
  receptacleAtLocation(stoveBurner_10, location10) := true
  receptacleAtLocation(microwave_11, location7) := true
  receptacleAtLocation(fridge_12, location7) := true
  inReceptacle(statue_1, coffeeTable_6) := true
  inReceptacle(plunger_2, cabinet_5) := true
  inReceptacle(plate_3, coffeeTable_8) := true
  inReceptacle(wateringCan_4, counterTop_2) := true
  inReceptacle(vase_5, coffeeTable_8) := true
  inReceptacle(butterKnife_6, coffeeTable_8) := true
  inReceptacle(tennisRacket_7, coffeeTable_8) := true
  inReceptacle(cup_8, sinkBasin_7) := true
  inReceptacle(pencil_9, coffeeTable_8) := true
  inReceptacle(cup_10, coffeeTable_6) := true
  objectAtLocation(statue_1, location8) := true
  objectAtLocation(plunger_2, location7) := true
  objectAtLocation(plate_3, location2) := true
  objectAtLocation(wateringCan_4, location8) := true
  objectAtLocation(vase_5, location2) := true
  objectAtLocation(butterKnife_6, location2) := true
  objectAtLocation(tennisRacket_7, location2) := true
  objectAtLocation(cup_8, location8) := true
  objectAtLocation(pencil_9, location2) := true
  objectAtLocation(cup_10, location8) := true
  atLocation(agent1, location3) := true
]

goals = [
  Exists (Receptacle - Checkable r) Exists (Obj - Checkable o) (inReceptacle(o, r) and objectType(o, statueType) and receptacleType(r, counterTopType))
]

quality metrics = [
  minimize sequential-plan-length
]


2025-06-17 11:21:03,581 - INFO - Generating plan for unconstrained problem

2025-06-17 11:21:04,020 - INFO - Unconstrained plan generation time: 0.43924880027770996

2025-06-17 11:21:04,021 - INFO - Unconstrained plan and cost: 
2025-06-17 11:21:04,021 - INFO - SequentialPlan:
    goToLocation(agent1, location3, location8)
    pickupObject(agent1, location8, statue_1, coffeeTable_6)
    putObject(agent1, location8, statue_1, counterTop_2, statueType, counterTopType)
2025-06-17 11:21:04,021 - INFO - 3
2025-06-17 11:21:04,784 - INFO - Sampled constraints:

2025-06-17 11:21:04,784 - INFO - Sometime(atLocation(agent1, location8))
2025-06-17 11:21:04,784 - INFO - Sometime-Before(atLocation(agent1, location8), (checked(sinkBasin_7) or atLocation(agent1, location10)))
2025-06-17 11:21:04,784 - INFO - 
2025-06-17 11:21:04,784 - INFO - Generation time: 0.7626283168792725

2025-06-17 11:21:04,785 - INFO - Generating plan for constrained problem (with LiftedTCORE).

2025-06-17 11:21:04,847 - INFO - LiftedTCORE compilation time: 0.06226325035095215

2025-06-17 11:21:05,355 - INFO - Planning Time with LiftedTCORE's file: 0.5078957080841064

2025-06-17 11:21:05,355 - INFO - Plan found with LiftedTCORE + sym_bd: SequentialPlan:
    goToLocation(agent1, location3, location10)
    goToLocation(agent1, location10, location8)
    pickupObject(agent1, location8, statue_1, coffeeTable_6)
    putObject(agent1, location8, statue_1, counterTop_2, statueType, counterTopType)
2025-06-17 11:21:05,356 - INFO - Seed: 239 is solvable

2025-06-17 11:21:05,356 - INFO - Unconstrained cost: 3
2025-06-17 11:21:05,356 - INFO - Constrained cost: 4
2025-06-17 11:21:05,356 - INFO - Seed: 239 Plan simulation is feasible
2025-06-17 11:21:05,356 - INFO - 
Seed: 239 
 Plan: [goToLocation(agent1, location3, location10), goToLocation(agent1, location10, location8), pickupObject(agent1, location8, statue_1, coffeeTable_6), putObject(agent1, location8, statue_1, counterTop_2, statueType, counterTopType)]  
 Cost: 4

