2025-06-17 10:23:51,781 - INFO - 
================= Seed: 923 =================

2025-06-17 10:23:51,786 - INFO - problem name = alfred

types = [ReceptacleType, ObjectType, Checkable, Agent - Checkable, Location - Checkable, Receptacle - Checkable, Obj - Checkable]

fluents = [
  bool atLocation[a=Agent - Checkable, l=Location - Checkable]
  bool receptacleAtLocation[r=Receptacle - Checkable, l=Location - Checkable]
  bool objectAtLocation[o=Obj - Checkable, l=Location - Checkable]
  bool openable[r=Receptacle - Checkable]
  bool opened[r=Receptacle - Checkable]
  bool inReceptacle[o=Obj - Checkable, r=Receptacle - Checkable]
  bool isReceptacleObject[o=Obj - Checkable]
  bool inReceptacleObject[innerObject=Obj - Checkable, outObject=Obj - Checkable]
  bool isReceptacleObjectFull[o=Obj - Checkable]
  bool wasInReceptacle[o=Obj - Checkable, r=Receptacle - Checkable]
  bool checked[c=Checkable]
  bool examined[l=Location - Checkable]
  bool receptacleType[r=Receptacle - Checkable, rt=ReceptacleType]
  bool canContain[rt=ReceptacleType, ot=ObjectType]
  bool objectType[o=Obj - Checkable, t=ObjectType]
  bool holds[a=Agent - Checkable, o=Obj - Checkable]
  bool holdsAny[a=Agent - Checkable]
  bool holdsAnyReceptacleObject[a=Agent - Checkable]
  bool full[r=Receptacle - Checkable]
  bool isClean[o=Obj - Checkable]
  bool cleanable[o=Obj - Checkable]
  bool isHot[o=Obj - Checkable]
  bool heatable[o=Obj - Checkable]
  bool isCool[o=Obj - Checkable]
  bool coolable[o=Obj - Checkable]
  bool pickupable[o=Obj - Checkable]
  bool moveable[o=Obj - Checkable]
  bool toggleable[o=Obj - Checkable]
  bool isOn[o=Obj - Checkable]
  bool isToggled[o=Obj - Checkable]
  bool sliceable[o=Obj - Checkable]
  bool isSliced[o=Obj - Checkable]
]

actions = [
  action look(Agent - Checkable a, Location - Checkable l) {
    preconditions = [
      atLocation(a, l)
    ]
    effects = [
      checked(l) := true
    ]
  }
  action inventory(Agent - Checkable a) {
    preconditions = [
    ]
    effects = [
      checked(a) := true
    ]
  }
  action examineReceptacle(Agent - Checkable a, Receptacle - Checkable r) {
    preconditions = [
      Exists (Location - Checkable l) (atLocation(a, l) and receptacleAtLocation(r, l))
    ]
    effects = [
      checked(r) := true
    ]
  }
  action examineObject(Agent - Checkable a, Obj - Checkable o) {
    preconditions = [
      (Exists (Location - Checkable l) Exists (Receptacle - Checkable r) (atLocation(a, l) and receptacleAtLocation(r, l) and inReceptacle(o, r) and ((not openable(r)) or opened(r))) or holds(a, o))
    ]
    effects = [
      checked(o) := true
    ]
  }
  action goToLocation(Agent - Checkable a, Location - Checkable lstart, Location - Checkable lend) {
    preconditions = [
      atLocation(a, lstart)
    ]
    effects = [
      atLocation(a, lstart) := false
      atLocation(a, lend) := true
    ]
  }
  action openObject(Agent - Checkable a, Location - Checkable l, Receptacle - Checkable r) {
    preconditions = [
      (openable(r) and atLocation(a, l) and receptacleAtLocation(r, l) and (not opened(r)))
    ]
    effects = [
      opened(r) := true
      checked(r) := true
    ]
  }
  action closeObject(Agent - Checkable a, Location - Checkable l, Receptacle - Checkable r) {
    preconditions = [
      (openable(r) and atLocation(a, l) and receptacleAtLocation(r, l) and opened(r))
    ]
    effects = [
      opened(r) := false
    ]
  }
  action pickupObject(Agent - Checkable a, Location - Checkable l, Obj - Checkable o, Receptacle - Checkable r) {
    preconditions = [
      (pickupable(o) and atLocation(a, l) and receptacleAtLocation(r, l) and inReceptacle(o, r) and (not holdsAny(a)) and ((not openable(r)) or opened(r)))
    ]
    effects = [
      inReceptacle(o, r) := false
      holds(a, o) := true
      holdsAny(a) := true
      objectAtLocation(o, l) := false
    ]
  }
  action putObject(Agent - Checkable a, Location - Checkable l, Obj - Checkable o, Receptacle - Checkable r, ObjectType ot, ReceptacleType rt) {
    preconditions = [
      (holds(a, o) and atLocation(a, l) and receptacleAtLocation(r, l) and ((not openable(r)) or opened(r)) and objectType(o, ot) and receptacleType(r, rt) and canContain(rt, ot))
    ]
    effects = [
      inReceptacle(o, r) := true
      objectAtLocation(o, l) := true
      holds(a, o) := false
      holdsAny(a) := false
    ]
  }
  action cleanObject(Agent - Checkable a, Location - Checkable l, Receptacle - Checkable r, Obj - Checkable o) {
    preconditions = [
      (cleanable(o) and receptacleType(r, sinkBasinType) and atLocation(a, l) and receptacleAtLocation(r, l) and holds(a, o))
    ]
    effects = [
      isClean(o) := true
    ]
  }
  action heatObject(Agent - Checkable a, Location - Checkable l, Receptacle - Checkable r, Obj - Checkable o) {
    preconditions = [
      (heatable(o) and receptacleType(r, microwaveType) and atLocation(a, l) and receptacleAtLocation(r, l) and holds(a, o))
    ]
    effects = [
      isHot(o) := true
      isCool(o) := false
    ]
  }
  action coolObject(Agent - Checkable a, Location - Checkable l, Receptacle - Checkable r, Obj - Checkable o) {
    preconditions = [
      (coolable(o) and receptacleType(r, fridgeType) and atLocation(a, l) and receptacleAtLocation(r, l) and holds(a, o))
    ]
    effects = [
      isCool(o) := true
      isHot(o) := false
    ]
  }
  action toggleObject(Agent - Checkable a, Location - Checkable l, Obj - Checkable o, Receptacle - Checkable r) {
    preconditions = [
      (toggleable(o) and atLocation(a, l) and receptacleAtLocation(r, l) and inReceptacle(o, r))
    ]
    effects = [
      if isOn(o) then isOn(o) := false
      if (not isOn(o)) then isOn(o) := true
      isToggled(o) := true
    ]
  }
  action sliceObject(Agent - Checkable a, Location - Checkable l, Obj - Checkable co, Obj - Checkable ko) {
    preconditions = [
      (sliceable(co) and (objectType(ko, knifeType) or objectType(ko, butterKnifeType)) and atLocation(a, l) and objectAtLocation(co, l) and holds(a, ko))
    ]
    effects = [
      isSliced(co) := true
    ]
  }
  action help(Agent - Checkable a) {
    preconditions = [
    ]
    effects = [
      checked(a) := true
    ]
  }
]

objects = [
  ReceptacleType: [sinkBasinType, microwaveType, fridgeType, bedType, toiletPaperHangerType, cabinetType, armChairType, stoveBurnerType, safeType, dresserType, tvStandType, cartType]
  ObjectType: [knifeType, butterKnifeType, watchType, soapBarType, pepperShakerType, basketBallType, tissueBoxType, dishSpongeType, pillowType, newspaperType, bowlType, plateType]
  Checkable: [agent1, location1, location2, location3, location4, location5, location6, location7, location8, location9, location10, bed_1, toiletPaperHanger_2, cabinet_3, armChair_4, stoveBurner_5, safe_6, dresser_7, tvStand_8, cart_9, armChair_10, watch_1, soapBar_2, pepperShaker_3, basketBall_4, tissueBox_5, dishSponge_6, pillow_7, newspaper_8, bowl_9, plate_10]
  Agent - Checkable: [agent1]
  Location - Checkable: [location1, location2, location3, location4, location5, location6, location7, location8, location9, location10]
  Receptacle - Checkable: [bed_1, toiletPaperHanger_2, cabinet_3, armChair_4, stoveBurner_5, safe_6, dresser_7, tvStand_8, cart_9, armChair_10]
  Obj - Checkable: [watch_1, soapBar_2, pepperShaker_3, basketBall_4, tissueBox_5, dishSponge_6, pillow_7, newspaper_8, bowl_9, plate_10]
]

initial fluents default = [
  bool atLocation[a=Agent - Checkable, l=Location - Checkable] := false
  bool receptacleAtLocation[r=Receptacle - Checkable, l=Location - Checkable] := false
  bool objectAtLocation[o=Obj - Checkable, l=Location - Checkable] := false
  bool openable[r=Receptacle - Checkable] := false
  bool opened[r=Receptacle - Checkable] := false
  bool inReceptacle[o=Obj - Checkable, r=Receptacle - Checkable] := false
  bool isReceptacleObject[o=Obj - Checkable] := false
  bool inReceptacleObject[innerObject=Obj - Checkable, outObject=Obj - Checkable] := false
  bool isReceptacleObjectFull[o=Obj - Checkable] := false
  bool wasInReceptacle[o=Obj - Checkable, r=Receptacle - Checkable] := false
  bool checked[c=Checkable] := false
  bool examined[l=Location - Checkable] := false
  bool receptacleType[r=Receptacle - Checkable, rt=ReceptacleType] := false
  bool canContain[rt=ReceptacleType, ot=ObjectType] := false
  bool objectType[o=Obj - Checkable, t=ObjectType] := false
  bool holds[a=Agent - Checkable, o=Obj - Checkable] := false
  bool holdsAny[a=Agent - Checkable] := false
  bool holdsAnyReceptacleObject[a=Agent - Checkable] := false
  bool full[r=Receptacle - Checkable] := false
  bool isClean[o=Obj - Checkable] := false
  bool cleanable[o=Obj - Checkable] := false
  bool isHot[o=Obj - Checkable] := false
  bool heatable[o=Obj - Checkable] := false
  bool isCool[o=Obj - Checkable] := false
  bool coolable[o=Obj - Checkable] := false
  bool pickupable[o=Obj - Checkable] := false
  bool moveable[o=Obj - Checkable] := false
  bool toggleable[o=Obj - Checkable] := false
  bool isOn[o=Obj - Checkable] := false
  bool isToggled[o=Obj - Checkable] := false
  bool sliceable[o=Obj - Checkable] := false
  bool isSliced[o=Obj - Checkable] := false
]

initial values = [
  receptacleType(bed_1, bedType) := true
  receptacleType(toiletPaperHanger_2, toiletPaperHangerType) := true
  receptacleType(cabinet_3, cabinetType) := true
  receptacleType(armChair_4, armChairType) := true
  receptacleType(stoveBurner_5, stoveBurnerType) := true
  receptacleType(safe_6, safeType) := true
  receptacleType(dresser_7, dresserType) := true
  receptacleType(tvStand_8, tvStandType) := true
  receptacleType(cart_9, cartType) := true
  receptacleType(armChair_10, armChairType) := true
  objectType(watch_1, watchType) := true
  objectType(soapBar_2, soapBarType) := true
  objectType(pepperShaker_3, pepperShakerType) := true
  objectType(basketBall_4, basketBallType) := true
  objectType(tissueBox_5, tissueBoxType) := true
  objectType(dishSponge_6, dishSpongeType) := true
  objectType(pillow_7, pillowType) := true
  objectType(newspaper_8, newspaperType) := true
  objectType(bowl_9, bowlType) := true
  objectType(plate_10, plateType) := true
  canContain(bedType, basketBallType) := true
  canContain(bedType, pillowType) := true
  canContain(bedType, newspaperType) := true
  canContain(cabinetType, soapBarType) := true
  canContain(cabinetType, pepperShakerType) := true
  canContain(cabinetType, tissueBoxType) := true
  canContain(cabinetType, dishSpongeType) := true
  canContain(cabinetType, newspaperType) := true
  canContain(cabinetType, bowlType) := true
  canContain(cabinetType, plateType) := true
  canContain(armChairType, basketBallType) := true
  canContain(armChairType, pillowType) := true
  canContain(armChairType, newspaperType) := true
  canContain(safeType, watchType) := true
  canContain(dresserType, watchType) := true
  canContain(dresserType, basketBallType) := true
  canContain(dresserType, tissueBoxType) := true
  canContain(dresserType, newspaperType) := true
  canContain(dresserType, bowlType) := true
  canContain(dresserType, plateType) := true
  canContain(tvStandType, tissueBoxType) := true
  canContain(cartType, soapBarType) := true
  canContain(cartType, tissueBoxType) := true
  canContain(cartType, dishSpongeType) := true
  pickupable(watch_1) := true
  pickupable(soapBar_2) := true
  cleanable(soapBar_2) := true
  pickupable(pepperShaker_3) := true
  pickupable(basketBall_4) := true
  pickupable(tissueBox_5) := true
  pickupable(dishSponge_6) := true
  cleanable(dishSponge_6) := true
  pickupable(pillow_7) := true
  pickupable(newspaper_8) := true
  pickupable(bowl_9) := true
  isReceptacleObject(bowl_9) := true
  cleanable(bowl_9) := true
  coolable(bowl_9) := true
  pickupable(plate_10) := true
  isReceptacleObject(plate_10) := true
  cleanable(plate_10) := true
  heatable(plate_10) := true
  coolable(plate_10) := true
  receptacleAtLocation(bed_1, location1) := true
  receptacleAtLocation(toiletPaperHanger_2, location2) := true
  receptacleAtLocation(cabinet_3, location9) := true
  receptacleAtLocation(armChair_4, location10) := true
  receptacleAtLocation(stoveBurner_5, location4) := true
  receptacleAtLocation(safe_6, location2) := true
  receptacleAtLocation(dresser_7, location8) := true
  receptacleAtLocation(tvStand_8, location1) := true
  receptacleAtLocation(cart_9, location10) := true
  receptacleAtLocation(armChair_10, location3) := true
  inReceptacle(tissueBox_5, tvStand_8) := true
  inReceptacle(dishSponge_6, cabinet_3) := true
  inReceptacle(plate_10, dresser_7) := true
  objectAtLocation(watch_1, location2) := true
  objectAtLocation(soapBar_2, location4) := true
  objectAtLocation(pepperShaker_3, location8) := true
  objectAtLocation(basketBall_4, location10) := true
  objectAtLocation(tissueBox_5, location1) := true
  objectAtLocation(dishSponge_6, location9) := true
  objectAtLocation(pillow_7, location10) := true
  objectAtLocation(newspaper_8, location10) := true
  objectAtLocation(bowl_9, location10) := true
  objectAtLocation(plate_10, location8) := true
  atLocation(agent1, location9) := true
]

goals = [
  Exists (Receptacle - Checkable r) Exists (Obj - Checkable o) (inReceptacle(o, r) and objectType(o, watchType) and receptacleType(r, safeType))
]

quality metrics = [
  minimize sequential-plan-length
]


2025-06-17 10:23:51,788 - INFO - Generating plan for unconstrained problem

2025-06-17 10:23:52,127 - INFO - Unconstrained plan generation time: 0.3390200138092041

