2025-06-17 09:55:26,109 - INFO - 
================= Seed: 441 =================

2025-06-17 09:55:26,114 - INFO - problem name = alfred

types = [ReceptacleType, ObjectType, Checkable, Agent - Checkable, Location - Checkable, Receptacle - Checkable, Obj - Checkable]

fluents = [
  bool atLocation[a=Agent - Checkable, l=Location - Checkable]
  bool receptacleAtLocation[r=Receptacle - Checkable, l=Location - Checkable]
  bool objectAtLocation[o=Obj - Checkable, l=Location - Checkable]
  bool openable[r=Receptacle - Checkable]
  bool opened[r=Receptacle - Checkable]
  bool inReceptacle[o=Obj - Checkable, r=Receptacle - Checkable]
  bool isReceptacleObject[o=Obj - Checkable]
  bool inReceptacleObject[innerObject=Obj - Checkable, outObject=Obj - Checkable]
  bool isReceptacleObjectFull[o=Obj - Checkable]
  bool wasInReceptacle[o=Obj - Checkable, r=Receptacle - Checkable]
  bool checked[c=Checkable]
  bool examined[l=Location - Checkable]
  bool receptacleType[r=Receptacle - Checkable, rt=ReceptacleType]
  bool canContain[rt=ReceptacleType, ot=ObjectType]
  bool objectType[o=Obj - Checkable, t=ObjectType]
  bool holds[a=Agent - Checkable, o=Obj - Checkable]
  bool holdsAny[a=Agent - Checkable]
  bool holdsAnyReceptacleObject[a=Agent - Checkable]
  bool full[r=Receptacle - Checkable]
  bool isClean[o=Obj - Checkable]
  bool cleanable[o=Obj - Checkable]
  bool isHot[o=Obj - Checkable]
  bool heatable[o=Obj - Checkable]
  bool isCool[o=Obj - Checkable]
  bool coolable[o=Obj - Checkable]
  bool pickupable[o=Obj - Checkable]
  bool moveable[o=Obj - Checkable]
  bool toggleable[o=Obj - Checkable]
  bool isOn[o=Obj - Checkable]
  bool isToggled[o=Obj - Checkable]
  bool sliceable[o=Obj - Checkable]
  bool isSliced[o=Obj - Checkable]
]

actions = [
  action look(Agent - Checkable a, Location - Checkable l) {
    preconditions = [
      atLocation(a, l)
    ]
    effects = [
      checked(l) := true
    ]
  }
  action inventory(Agent - Checkable a) {
    preconditions = [
    ]
    effects = [
      checked(a) := true
    ]
  }
  action examineReceptacle(Agent - Checkable a, Receptacle - Checkable r) {
    preconditions = [
      Exists (Location - Checkable l) (atLocation(a, l) and receptacleAtLocation(r, l))
    ]
    effects = [
      checked(r) := true
    ]
  }
  action examineObject(Agent - Checkable a, Obj - Checkable o) {
    preconditions = [
      (Exists (Location - Checkable l) Exists (Receptacle - Checkable r) (atLocation(a, l) and receptacleAtLocation(r, l) and inReceptacle(o, r) and ((not openable(r)) or opened(r))) or holds(a, o))
    ]
    effects = [
      checked(o) := true
    ]
  }
  action goToLocation(Agent - Checkable a, Location - Checkable lstart, Location - Checkable lend) {
    preconditions = [
      atLocation(a, lstart)
    ]
    effects = [
      atLocation(a, lstart) := false
      atLocation(a, lend) := true
    ]
  }
  action openObject(Agent - Checkable a, Location - Checkable l, Receptacle - Checkable r) {
    preconditions = [
      (openable(r) and atLocation(a, l) and receptacleAtLocation(r, l) and (not opened(r)))
    ]
    effects = [
      opened(r) := true
      checked(r) := true
    ]
  }
  action closeObject(Agent - Checkable a, Location - Checkable l, Receptacle - Checkable r) {
    preconditions = [
      (openable(r) and atLocation(a, l) and receptacleAtLocation(r, l) and opened(r))
    ]
    effects = [
      opened(r) := false
    ]
  }
  action pickupObject(Agent - Checkable a, Location - Checkable l, Obj - Checkable o, Receptacle - Checkable r) {
    preconditions = [
      (pickupable(o) and atLocation(a, l) and receptacleAtLocation(r, l) and inReceptacle(o, r) and (not holdsAny(a)) and ((not openable(r)) or opened(r)))
    ]
    effects = [
      inReceptacle(o, r) := false
      holds(a, o) := true
      holdsAny(a) := true
      objectAtLocation(o, l) := false
    ]
  }
  action putObject(Agent - Checkable a, Location - Checkable l, Obj - Checkable o, Receptacle - Checkable r, ObjectType ot, ReceptacleType rt) {
    preconditions = [
      (holds(a, o) and atLocation(a, l) and receptacleAtLocation(r, l) and ((not openable(r)) or opened(r)) and objectType(o, ot) and receptacleType(r, rt) and canContain(rt, ot))
    ]
    effects = [
      inReceptacle(o, r) := true
      objectAtLocation(o, l) := true
      holds(a, o) := false
      holdsAny(a) := false
    ]
  }
  action cleanObject(Agent - Checkable a, Location - Checkable l, Receptacle - Checkable r, Obj - Checkable o) {
    preconditions = [
      (cleanable(o) and receptacleType(r, sinkBasinType) and atLocation(a, l) and receptacleAtLocation(r, l) and holds(a, o))
    ]
    effects = [
      isClean(o) := true
    ]
  }
  action heatObject(Agent - Checkable a, Location - Checkable l, Receptacle - Checkable r, Obj - Checkable o) {
    preconditions = [
      (heatable(o) and receptacleType(r, microwaveType) and atLocation(a, l) and receptacleAtLocation(r, l) and holds(a, o))
    ]
    effects = [
      isHot(o) := true
      isCool(o) := false
    ]
  }
  action coolObject(Agent - Checkable a, Location - Checkable l, Receptacle - Checkable r, Obj - Checkable o) {
    preconditions = [
      (coolable(o) and receptacleType(r, fridgeType) and atLocation(a, l) and receptacleAtLocation(r, l) and holds(a, o))
    ]
    effects = [
      isCool(o) := true
      isHot(o) := false
    ]
  }
  action toggleObject(Agent - Checkable a, Location - Checkable l, Obj - Checkable o, Receptacle - Checkable r) {
    preconditions = [
      (toggleable(o) and atLocation(a, l) and receptacleAtLocation(r, l) and inReceptacle(o, r))
    ]
    effects = [
      if isOn(o) then isOn(o) := false
      if (not isOn(o)) then isOn(o) := true
      isToggled(o) := true
    ]
  }
  action sliceObject(Agent - Checkable a, Location - Checkable l, Obj - Checkable co, Obj - Checkable ko) {
    preconditions = [
      (sliceable(co) and (objectType(ko, knifeType) or objectType(ko, butterKnifeType)) and atLocation(a, l) and objectAtLocation(co, l) and holds(a, ko))
    ]
    effects = [
      isSliced(co) := true
    ]
  }
  action help(Agent - Checkable a) {
    preconditions = [
    ]
    effects = [
      checked(a) := true
    ]
  }
]

objects = [
  ReceptacleType: [sinkBasinType, microwaveType, fridgeType, coffeeMachineType, toasterType, deskType, diningTableType, ottomanType, laundryHamperType, armChairType, cabinetType, toiletPaperHangerType]
  ObjectType: [knifeType, butterKnifeType, pencilType, tomatoType, forkType, toiletPaperType, soapBarType, glassbottleType, toiletPaperRollType, spatulaType, remoteControlType, boxType]
  Checkable: [agent1, location1, location2, location3, location4, location5, location6, location7, location8, location9, location10, coffeeMachine_1, toaster_2, desk_3, diningTable_4, ottoman_5, laundryHamper_6, armChair_7, cabinet_8, toiletPaperHanger_9, laundryHamper_10, pencil_1, tomato_2, fork_3, toiletPaper_4, soapBar_5, glassbottle_6, toiletPaperRoll_7, spatula_8, remoteControl_9, box_10]
  Agent - Checkable: [agent1]
  Location - Checkable: [location1, location2, location3, location4, location5, location6, location7, location8, location9, location10]
  Receptacle - Checkable: [coffeeMachine_1, toaster_2, desk_3, diningTable_4, ottoman_5, laundryHamper_6, armChair_7, cabinet_8, toiletPaperHanger_9, laundryHamper_10]
  Obj - Checkable: [pencil_1, tomato_2, fork_3, toiletPaper_4, soapBar_5, glassbottle_6, toiletPaperRoll_7, spatula_8, remoteControl_9, box_10]
]

initial fluents default = [
  bool atLocation[a=Agent - Checkable, l=Location - Checkable] := false
  bool receptacleAtLocation[r=Receptacle - Checkable, l=Location - Checkable] := false
  bool objectAtLocation[o=Obj - Checkable, l=Location - Checkable] := false
  bool openable[r=Receptacle - Checkable] := false
  bool opened[r=Receptacle - Checkable] := false
  bool inReceptacle[o=Obj - Checkable, r=Receptacle - Checkable] := false
  bool isReceptacleObject[o=Obj - Checkable] := false
  bool inReceptacleObject[innerObject=Obj - Checkable, outObject=Obj - Checkable] := false
  bool isReceptacleObjectFull[o=Obj - Checkable] := false
  bool wasInReceptacle[o=Obj - Checkable, r=Receptacle - Checkable] := false
  bool checked[c=Checkable] := false
  bool examined[l=Location - Checkable] := false
  bool receptacleType[r=Receptacle - Checkable, rt=ReceptacleType] := false
  bool canContain[rt=ReceptacleType, ot=ObjectType] := false
  bool objectType[o=Obj - Checkable, t=ObjectType] := false
  bool holds[a=Agent - Checkable, o=Obj - Checkable] := false
  bool holdsAny[a=Agent - Checkable] := false
  bool holdsAnyReceptacleObject[a=Agent - Checkable] := false
  bool full[r=Receptacle - Checkable] := false
  bool isClean[o=Obj - Checkable] := false
  bool cleanable[o=Obj - Checkable] := false
  bool isHot[o=Obj - Checkable] := false
  bool heatable[o=Obj - Checkable] := false
  bool isCool[o=Obj - Checkable] := false
  bool coolable[o=Obj - Checkable] := false
  bool pickupable[o=Obj - Checkable] := false
  bool moveable[o=Obj - Checkable] := false
  bool toggleable[o=Obj - Checkable] := false
  bool isOn[o=Obj - Checkable] := false
  bool isToggled[o=Obj - Checkable] := false
  bool sliceable[o=Obj - Checkable] := false
  bool isSliced[o=Obj - Checkable] := false
]

initial values = [
  receptacleType(coffeeMachine_1, coffeeMachineType) := true
  receptacleType(toaster_2, toasterType) := true
  receptacleType(desk_3, deskType) := true
  receptacleType(diningTable_4, diningTableType) := true
  receptacleType(ottoman_5, ottomanType) := true
  receptacleType(laundryHamper_6, laundryHamperType) := true
  receptacleType(armChair_7, armChairType) := true
  receptacleType(cabinet_8, cabinetType) := true
  receptacleType(toiletPaperHanger_9, toiletPaperHangerType) := true
  receptacleType(laundryHamper_10, laundryHamperType) := true
  objectType(pencil_1, pencilType) := true
  objectType(tomato_2, tomatoType) := true
  objectType(fork_3, forkType) := true
  objectType(toiletPaper_4, toiletPaperType) := true
  objectType(soapBar_5, soapBarType) := true
  objectType(glassbottle_6, glassbottleType) := true
  objectType(toiletPaperRoll_7, toiletPaperRollType) := true
  objectType(spatula_8, spatulaType) := true
  objectType(remoteControl_9, remoteControlType) := true
  objectType(box_10, boxType) := true
  canContain(deskType, pencilType) := true
  canContain(deskType, toiletPaperType) := true
  canContain(deskType, glassbottleType) := true
  canContain(deskType, toiletPaperRollType) := true
  canContain(deskType, remoteControlType) := true
  canContain(deskType, boxType) := true
  canContain(diningTableType, pencilType) := true
  canContain(diningTableType, tomatoType) := true
  canContain(diningTableType, forkType) := true
  canContain(diningTableType, toiletPaperType) := true
  canContain(diningTableType, soapBarType) := true
  canContain(diningTableType, glassbottleType) := true
  canContain(diningTableType, toiletPaperRollType) := true
  canContain(diningTableType, spatulaType) := true
  canContain(diningTableType, remoteControlType) := true
  canContain(diningTableType, boxType) := true
  canContain(ottomanType, remoteControlType) := true
  canContain(ottomanType, boxType) := true
  canContain(armChairType, remoteControlType) := true
  canContain(armChairType, boxType) := true
  canContain(cabinetType, toiletPaperType) := true
  canContain(cabinetType, soapBarType) := true
  canContain(cabinetType, glassbottleType) := true
  canContain(cabinetType, toiletPaperRollType) := true
  canContain(cabinetType, boxType) := true
  canContain(toiletPaperHangerType, toiletPaperType) := true
  canContain(toiletPaperHangerType, toiletPaperRollType) := true
  pickupable(pencil_1) := true
  pickupable(tomato_2) := true
  cleanable(tomato_2) := true
  heatable(tomato_2) := true
  coolable(tomato_2) := true
  sliceable(tomato_2) := true
  pickupable(fork_3) := true
  cleanable(fork_3) := true
  pickupable(toiletPaper_4) := true
  pickupable(soapBar_5) := true
  cleanable(soapBar_5) := true
  pickupable(glassbottle_6) := true
  pickupable(toiletPaperRoll_7) := true
  pickupable(spatula_8) := true
  cleanable(spatula_8) := true
  pickupable(remoteControl_9) := true
  pickupable(box_10) := true
  isReceptacleObject(box_10) := true
  receptacleAtLocation(coffeeMachine_1, location4) := true
  receptacleAtLocation(toaster_2, location6) := true
  receptacleAtLocation(desk_3, location9) := true
  receptacleAtLocation(diningTable_4, location1) := true
  receptacleAtLocation(ottoman_5, location3) := true
  receptacleAtLocation(laundryHamper_6, location9) := true
  receptacleAtLocation(armChair_7, location5) := true
  receptacleAtLocation(cabinet_8, location1) := true
  receptacleAtLocation(toiletPaperHanger_9, location10) := true
  receptacleAtLocation(laundryHamper_10, location7) := true
  inReceptacle(pencil_1, desk_3) := true
  inReceptacle(tomato_2, diningTable_4) := true
  inReceptacle(toiletPaperRoll_7, toiletPaperHanger_9) := true
  objectAtLocation(pencil_1, location9) := true
  objectAtLocation(tomato_2, location1) := true
  objectAtLocation(fork_3, location7) := true
  objectAtLocation(toiletPaper_4, location2) := true
  objectAtLocation(soapBar_5, location10) := true
  objectAtLocation(glassbottle_6, location6) := true
  objectAtLocation(toiletPaperRoll_7, location10) := true
  objectAtLocation(spatula_8, location5) := true
  objectAtLocation(remoteControl_9, location8) := true
  objectAtLocation(box_10, location8) := true
  atLocation(agent1, location1) := true
]

goals = [
  Exists (Receptacle - Checkable r) Exists (Obj - Checkable o) (inReceptacle(o, r) and objectType(o, spatulaType) and receptacleType(r, diningTableType))
]

quality metrics = [
  minimize sequential-plan-length
]


2025-06-17 09:55:26,116 - INFO - Generating plan for unconstrained problem

2025-06-17 09:55:26,462 - INFO - Unconstrained plan generation time: 0.345949649810791

