2025-06-17 10:21:39,822 - INFO - 
================= Seed: 724 =================

2025-06-17 10:21:39,827 - INFO - problem name = alfred

types = [ReceptacleType, ObjectType, Checkable, Agent - Checkable, Location - Checkable, Receptacle - Checkable, Obj - Checkable]

fluents = [
  bool atLocation[a=Agent - Checkable, l=Location - Checkable]
  bool receptacleAtLocation[r=Receptacle - Checkable, l=Location - Checkable]
  bool objectAtLocation[o=Obj - Checkable, l=Location - Checkable]
  bool openable[r=Receptacle - Checkable]
  bool opened[r=Receptacle - Checkable]
  bool inReceptacle[o=Obj - Checkable, r=Receptacle - Checkable]
  bool isReceptacleObject[o=Obj - Checkable]
  bool inReceptacleObject[innerObject=Obj - Checkable, outObject=Obj - Checkable]
  bool isReceptacleObjectFull[o=Obj - Checkable]
  bool wasInReceptacle[o=Obj - Checkable, r=Receptacle - Checkable]
  bool checked[c=Checkable]
  bool examined[l=Location - Checkable]
  bool receptacleType[r=Receptacle - Checkable, rt=ReceptacleType]
  bool canContain[rt=ReceptacleType, ot=ObjectType]
  bool objectType[o=Obj - Checkable, t=ObjectType]
  bool holds[a=Agent - Checkable, o=Obj - Checkable]
  bool holdsAny[a=Agent - Checkable]
  bool holdsAnyReceptacleObject[a=Agent - Checkable]
  bool full[r=Receptacle - Checkable]
  bool isClean[o=Obj - Checkable]
  bool cleanable[o=Obj - Checkable]
  bool isHot[o=Obj - Checkable]
  bool heatable[o=Obj - Checkable]
  bool isCool[o=Obj - Checkable]
  bool coolable[o=Obj - Checkable]
  bool pickupable[o=Obj - Checkable]
  bool moveable[o=Obj - Checkable]
  bool toggleable[o=Obj - Checkable]
  bool isOn[o=Obj - Checkable]
  bool isToggled[o=Obj - Checkable]
  bool sliceable[o=Obj - Checkable]
  bool isSliced[o=Obj - Checkable]
]

actions = [
  action look(Agent - Checkable a, Location - Checkable l) {
    preconditions = [
      atLocation(a, l)
    ]
    effects = [
      checked(l) := true
    ]
  }
  action inventory(Agent - Checkable a) {
    preconditions = [
    ]
    effects = [
      checked(a) := true
    ]
  }
  action examineReceptacle(Agent - Checkable a, Receptacle - Checkable r) {
    preconditions = [
      Exists (Location - Checkable l) (atLocation(a, l) and receptacleAtLocation(r, l))
    ]
    effects = [
      checked(r) := true
    ]
  }
  action examineObject(Agent - Checkable a, Obj - Checkable o) {
    preconditions = [
      (Exists (Location - Checkable l) Exists (Receptacle - Checkable r) (atLocation(a, l) and receptacleAtLocation(r, l) and inReceptacle(o, r) and ((not openable(r)) or opened(r))) or holds(a, o))
    ]
    effects = [
      checked(o) := true
    ]
  }
  action goToLocation(Agent - Checkable a, Location - Checkable lstart, Location - Checkable lend) {
    preconditions = [
      atLocation(a, lstart)
    ]
    effects = [
      atLocation(a, lstart) := false
      atLocation(a, lend) := true
    ]
  }
  action openObject(Agent - Checkable a, Location - Checkable l, Receptacle - Checkable r) {
    preconditions = [
      (openable(r) and atLocation(a, l) and receptacleAtLocation(r, l) and (not opened(r)))
    ]
    effects = [
      opened(r) := true
      checked(r) := true
    ]
  }
  action closeObject(Agent - Checkable a, Location - Checkable l, Receptacle - Checkable r) {
    preconditions = [
      (openable(r) and atLocation(a, l) and receptacleAtLocation(r, l) and opened(r))
    ]
    effects = [
      opened(r) := false
    ]
  }
  action pickupObject(Agent - Checkable a, Location - Checkable l, Obj - Checkable o, Receptacle - Checkable r) {
    preconditions = [
      (pickupable(o) and atLocation(a, l) and receptacleAtLocation(r, l) and inReceptacle(o, r) and (not holdsAny(a)) and ((not openable(r)) or opened(r)))
    ]
    effects = [
      inReceptacle(o, r) := false
      holds(a, o) := true
      holdsAny(a) := true
      objectAtLocation(o, l) := false
    ]
  }
  action putObject(Agent - Checkable a, Location - Checkable l, Obj - Checkable o, Receptacle - Checkable r, ObjectType ot, ReceptacleType rt) {
    preconditions = [
      (holds(a, o) and atLocation(a, l) and receptacleAtLocation(r, l) and ((not openable(r)) or opened(r)) and objectType(o, ot) and receptacleType(r, rt) and canContain(rt, ot))
    ]
    effects = [
      inReceptacle(o, r) := true
      objectAtLocation(o, l) := true
      holds(a, o) := false
      holdsAny(a) := false
    ]
  }
  action cleanObject(Agent - Checkable a, Location - Checkable l, Receptacle - Checkable r, Obj - Checkable o) {
    preconditions = [
      (cleanable(o) and receptacleType(r, sinkBasinType) and atLocation(a, l) and receptacleAtLocation(r, l) and holds(a, o))
    ]
    effects = [
      isClean(o) := true
    ]
  }
  action heatObject(Agent - Checkable a, Location - Checkable l, Receptacle - Checkable r, Obj - Checkable o) {
    preconditions = [
      (heatable(o) and receptacleType(r, microwaveType) and atLocation(a, l) and receptacleAtLocation(r, l) and holds(a, o))
    ]
    effects = [
      isHot(o) := true
      isCool(o) := false
    ]
  }
  action coolObject(Agent - Checkable a, Location - Checkable l, Receptacle - Checkable r, Obj - Checkable o) {
    preconditions = [
      (coolable(o) and receptacleType(r, fridgeType) and atLocation(a, l) and receptacleAtLocation(r, l) and holds(a, o))
    ]
    effects = [
      isCool(o) := true
      isHot(o) := false
    ]
  }
  action toggleObject(Agent - Checkable a, Location - Checkable l, Obj - Checkable o, Receptacle - Checkable r) {
    preconditions = [
      (toggleable(o) and atLocation(a, l) and receptacleAtLocation(r, l) and inReceptacle(o, r))
    ]
    effects = [
      if isOn(o) then isOn(o) := false
      if (not isOn(o)) then isOn(o) := true
      isToggled(o) := true
    ]
  }
  action sliceObject(Agent - Checkable a, Location - Checkable l, Obj - Checkable co, Obj - Checkable ko) {
    preconditions = [
      (sliceable(co) and (objectType(ko, knifeType) or objectType(ko, butterKnifeType)) and atLocation(a, l) and objectAtLocation(co, l) and holds(a, ko))
    ]
    effects = [
      isSliced(co) := true
    ]
  }
  action help(Agent - Checkable a) {
    preconditions = [
    ]
    effects = [
      checked(a) := true
    ]
  }
]

objects = [
  ReceptacleType: [sinkBasinType, microwaveType, fridgeType, tvStandType, dresserType, handTowelHolderType, laundryHamperType, drawerType, ottomanType, sofaType, counterTopType]
  ObjectType: [knifeType, butterKnifeType, baseballBatType, paperTowelType, mugType, basketBallType, soapBarType, penType, cellPhoneType, pillowType, ladleType, plateType]
  Checkable: [agent1, location1, location2, location3, location4, location5, location6, location7, location8, location9, location10, tvStand_1, dresser_2, handTowelHolder_3, laundryHamper_4, drawer_5, ottoman_6, sinkBasin_7, sofa_8, handTowelHolder_9, counterTop_10, baseballBat_1, paperTowel_2, mug_3, basketBall_4, soapBar_5, pen_6, cellPhone_7, pillow_8, ladle_9, plate_10]
  Agent - Checkable: [agent1]
  Location - Checkable: [location1, location2, location3, location4, location5, location6, location7, location8, location9, location10]
  Receptacle - Checkable: [tvStand_1, dresser_2, handTowelHolder_3, laundryHamper_4, drawer_5, ottoman_6, sinkBasin_7, sofa_8, handTowelHolder_9, counterTop_10]
  Obj - Checkable: [baseballBat_1, paperTowel_2, mug_3, basketBall_4, soapBar_5, pen_6, cellPhone_7, pillow_8, ladle_9, plate_10]
]

initial fluents default = [
  bool atLocation[a=Agent - Checkable, l=Location - Checkable] := false
  bool receptacleAtLocation[r=Receptacle - Checkable, l=Location - Checkable] := false
  bool objectAtLocation[o=Obj - Checkable, l=Location - Checkable] := false
  bool openable[r=Receptacle - Checkable] := false
  bool opened[r=Receptacle - Checkable] := false
  bool inReceptacle[o=Obj - Checkable, r=Receptacle - Checkable] := false
  bool isReceptacleObject[o=Obj - Checkable] := false
  bool inReceptacleObject[innerObject=Obj - Checkable, outObject=Obj - Checkable] := false
  bool isReceptacleObjectFull[o=Obj - Checkable] := false
  bool wasInReceptacle[o=Obj - Checkable, r=Receptacle - Checkable] := false
  bool checked[c=Checkable] := false
  bool examined[l=Location - Checkable] := false
  bool receptacleType[r=Receptacle - Checkable, rt=ReceptacleType] := false
  bool canContain[rt=ReceptacleType, ot=ObjectType] := false
  bool objectType[o=Obj - Checkable, t=ObjectType] := false
  bool holds[a=Agent - Checkable, o=Obj - Checkable] := false
  bool holdsAny[a=Agent - Checkable] := false
  bool holdsAnyReceptacleObject[a=Agent - Checkable] := false
  bool full[r=Receptacle - Checkable] := false
  bool isClean[o=Obj - Checkable] := false
  bool cleanable[o=Obj - Checkable] := false
  bool isHot[o=Obj - Checkable] := false
  bool heatable[o=Obj - Checkable] := false
  bool isCool[o=Obj - Checkable] := false
  bool coolable[o=Obj - Checkable] := false
  bool pickupable[o=Obj - Checkable] := false
  bool moveable[o=Obj - Checkable] := false
  bool toggleable[o=Obj - Checkable] := false
  bool isOn[o=Obj - Checkable] := false
  bool isToggled[o=Obj - Checkable] := false
  bool sliceable[o=Obj - Checkable] := false
  bool isSliced[o=Obj - Checkable] := false
]

initial values = [
  receptacleType(tvStand_1, tvStandType) := true
  receptacleType(dresser_2, dresserType) := true
  receptacleType(handTowelHolder_3, handTowelHolderType) := true
  receptacleType(laundryHamper_4, laundryHamperType) := true
  receptacleType(drawer_5, drawerType) := true
  receptacleType(ottoman_6, ottomanType) := true
  receptacleType(sinkBasin_7, sinkBasinType) := true
  receptacleType(sofa_8, sofaType) := true
  receptacleType(handTowelHolder_9, handTowelHolderType) := true
  receptacleType(counterTop_10, counterTopType) := true
  objectType(baseballBat_1, baseballBatType) := true
  objectType(paperTowel_2, paperTowelType) := true
  objectType(mug_3, mugType) := true
  objectType(basketBall_4, basketBallType) := true
  objectType(soapBar_5, soapBarType) := true
  objectType(pen_6, penType) := true
  objectType(cellPhone_7, cellPhoneType) := true
  objectType(pillow_8, pillowType) := true
  objectType(ladle_9, ladleType) := true
  objectType(plate_10, plateType) := true
  canContain(dresserType, mugType) := true
  canContain(dresserType, basketBallType) := true
  canContain(dresserType, penType) := true
  canContain(dresserType, cellPhoneType) := true
  canContain(dresserType, plateType) := true
  canContain(drawerType, soapBarType) := true
  canContain(drawerType, penType) := true
  canContain(drawerType, cellPhoneType) := true
  canContain(drawerType, ladleType) := true
  canContain(ottomanType, basketBallType) := true
  canContain(ottomanType, cellPhoneType) := true
  canContain(ottomanType, pillowType) := true
  canContain(sinkBasinType, mugType) := true
  canContain(sinkBasinType, soapBarType) := true
  canContain(sinkBasinType, ladleType) := true
  canContain(sinkBasinType, plateType) := true
  canContain(sofaType, basketBallType) := true
  canContain(sofaType, cellPhoneType) := true
  canContain(sofaType, pillowType) := true
  canContain(counterTopType, baseballBatType) := true
  canContain(counterTopType, paperTowelType) := true
  canContain(counterTopType, mugType) := true
  canContain(counterTopType, basketBallType) := true
  canContain(counterTopType, soapBarType) := true
  canContain(counterTopType, penType) := true
  canContain(counterTopType, cellPhoneType) := true
  canContain(counterTopType, ladleType) := true
  canContain(counterTopType, plateType) := true
  pickupable(baseballBat_1) := true
  pickupable(paperTowel_2) := true
  pickupable(mug_3) := true
  isReceptacleObject(mug_3) := true
  cleanable(mug_3) := true
  heatable(mug_3) := true
  coolable(mug_3) := true
  pickupable(basketBall_4) := true
  pickupable(soapBar_5) := true
  cleanable(soapBar_5) := true
  pickupable(pen_6) := true
  pickupable(cellPhone_7) := true
  pickupable(pillow_8) := true
  pickupable(ladle_9) := true
  cleanable(ladle_9) := true
  pickupable(plate_10) := true
  isReceptacleObject(plate_10) := true
  cleanable(plate_10) := true
  heatable(plate_10) := true
  coolable(plate_10) := true
  receptacleAtLocation(tvStand_1, location9) := true
  receptacleAtLocation(dresser_2, location6) := true
  receptacleAtLocation(handTowelHolder_3, location8) := true
  receptacleAtLocation(laundryHamper_4, location6) := true
  receptacleAtLocation(drawer_5, location8) := true
  receptacleAtLocation(ottoman_6, location1) := true
  receptacleAtLocation(sinkBasin_7, location7) := true
  receptacleAtLocation(sofa_8, location4) := true
  receptacleAtLocation(handTowelHolder_9, location2) := true
  receptacleAtLocation(counterTop_10, location4) := true
  inReceptacle(baseballBat_1, counterTop_10) := true
  inReceptacle(basketBall_4, sofa_8) := true
  objectAtLocation(baseballBat_1, location4) := true
  objectAtLocation(paperTowel_2, location2) := true
  objectAtLocation(mug_3, location2) := true
  objectAtLocation(basketBall_4, location4) := true
  objectAtLocation(soapBar_5, location7) := true
  objectAtLocation(pen_6, location7) := true
  objectAtLocation(cellPhone_7, location9) := true
  objectAtLocation(pillow_8, location3) := true
  objectAtLocation(ladle_9, location1) := true
  objectAtLocation(plate_10, location5) := true
  atLocation(agent1, location1) := true
]

goals = [
  Exists (Receptacle - Checkable r) Exists (Obj - Checkable o1) (inReceptacle(o1, r) and objectType(o1, ladleType) and receptacleType(r, counterTopType) and Exists (Obj - Checkable o2) ((not (o1 == o2)) and objectType(o2, soapBarType) and receptacleType(r, counterTopType) and inReceptacle(o2, r)))
]

quality metrics = [
  minimize sequential-plan-length
]


2025-06-17 10:21:39,829 - INFO - Generating plan for unconstrained problem

2025-06-17 10:21:40,143 - INFO - Unconstrained plan generation time: 0.3136630058288574

