2025-06-17 10:21:28,382 - INFO - 
================= Seed: 704 =================

2025-06-17 10:21:28,388 - INFO - problem name = alfred

types = [ReceptacleType, ObjectType, Checkable, Agent - Checkable, Location - Checkable, Receptacle - Checkable, Obj - Checkable]

fluents = [
  bool atLocation[a=Agent - Checkable, l=Location - Checkable]
  bool receptacleAtLocation[r=Receptacle - Checkable, l=Location - Checkable]
  bool objectAtLocation[o=Obj - Checkable, l=Location - Checkable]
  bool openable[r=Receptacle - Checkable]
  bool opened[r=Receptacle - Checkable]
  bool inReceptacle[o=Obj - Checkable, r=Receptacle - Checkable]
  bool isReceptacleObject[o=Obj - Checkable]
  bool inReceptacleObject[innerObject=Obj - Checkable, outObject=Obj - Checkable]
  bool isReceptacleObjectFull[o=Obj - Checkable]
  bool wasInReceptacle[o=Obj - Checkable, r=Receptacle - Checkable]
  bool checked[c=Checkable]
  bool examined[l=Location - Checkable]
  bool receptacleType[r=Receptacle - Checkable, rt=ReceptacleType]
  bool canContain[rt=ReceptacleType, ot=ObjectType]
  bool objectType[o=Obj - Checkable, t=ObjectType]
  bool holds[a=Agent - Checkable, o=Obj - Checkable]
  bool holdsAny[a=Agent - Checkable]
  bool holdsAnyReceptacleObject[a=Agent - Checkable]
  bool full[r=Receptacle - Checkable]
  bool isClean[o=Obj - Checkable]
  bool cleanable[o=Obj - Checkable]
  bool isHot[o=Obj - Checkable]
  bool heatable[o=Obj - Checkable]
  bool isCool[o=Obj - Checkable]
  bool coolable[o=Obj - Checkable]
  bool pickupable[o=Obj - Checkable]
  bool moveable[o=Obj - Checkable]
  bool toggleable[o=Obj - Checkable]
  bool isOn[o=Obj - Checkable]
  bool isToggled[o=Obj - Checkable]
  bool sliceable[o=Obj - Checkable]
  bool isSliced[o=Obj - Checkable]
]

actions = [
  action look(Agent - Checkable a, Location - Checkable l) {
    preconditions = [
      atLocation(a, l)
    ]
    effects = [
      checked(l) := true
    ]
  }
  action inventory(Agent - Checkable a) {
    preconditions = [
    ]
    effects = [
      checked(a) := true
    ]
  }
  action examineReceptacle(Agent - Checkable a, Receptacle - Checkable r) {
    preconditions = [
      Exists (Location - Checkable l) (atLocation(a, l) and receptacleAtLocation(r, l))
    ]
    effects = [
      checked(r) := true
    ]
  }
  action examineObject(Agent - Checkable a, Obj - Checkable o) {
    preconditions = [
      (Exists (Location - Checkable l) Exists (Receptacle - Checkable r) (atLocation(a, l) and receptacleAtLocation(r, l) and inReceptacle(o, r) and ((not openable(r)) or opened(r))) or holds(a, o))
    ]
    effects = [
      checked(o) := true
    ]
  }
  action goToLocation(Agent - Checkable a, Location - Checkable lstart, Location - Checkable lend) {
    preconditions = [
      atLocation(a, lstart)
    ]
    effects = [
      atLocation(a, lstart) := false
      atLocation(a, lend) := true
    ]
  }
  action openObject(Agent - Checkable a, Location - Checkable l, Receptacle - Checkable r) {
    preconditions = [
      (openable(r) and atLocation(a, l) and receptacleAtLocation(r, l) and (not opened(r)))
    ]
    effects = [
      opened(r) := true
      checked(r) := true
    ]
  }
  action closeObject(Agent - Checkable a, Location - Checkable l, Receptacle - Checkable r) {
    preconditions = [
      (openable(r) and atLocation(a, l) and receptacleAtLocation(r, l) and opened(r))
    ]
    effects = [
      opened(r) := false
    ]
  }
  action pickupObject(Agent - Checkable a, Location - Checkable l, Obj - Checkable o, Receptacle - Checkable r) {
    preconditions = [
      (pickupable(o) and atLocation(a, l) and receptacleAtLocation(r, l) and inReceptacle(o, r) and (not holdsAny(a)) and ((not openable(r)) or opened(r)))
    ]
    effects = [
      inReceptacle(o, r) := false
      holds(a, o) := true
      holdsAny(a) := true
      objectAtLocation(o, l) := false
    ]
  }
  action putObject(Agent - Checkable a, Location - Checkable l, Obj - Checkable o, Receptacle - Checkable r, ObjectType ot, ReceptacleType rt) {
    preconditions = [
      (holds(a, o) and atLocation(a, l) and receptacleAtLocation(r, l) and ((not openable(r)) or opened(r)) and objectType(o, ot) and receptacleType(r, rt) and canContain(rt, ot))
    ]
    effects = [
      inReceptacle(o, r) := true
      objectAtLocation(o, l) := true
      holds(a, o) := false
      holdsAny(a) := false
    ]
  }
  action cleanObject(Agent - Checkable a, Location - Checkable l, Receptacle - Checkable r, Obj - Checkable o) {
    preconditions = [
      (cleanable(o) and receptacleType(r, sinkBasinType) and atLocation(a, l) and receptacleAtLocation(r, l) and holds(a, o))
    ]
    effects = [
      isClean(o) := true
    ]
  }
  action heatObject(Agent - Checkable a, Location - Checkable l, Receptacle - Checkable r, Obj - Checkable o) {
    preconditions = [
      (heatable(o) and receptacleType(r, microwaveType) and atLocation(a, l) and receptacleAtLocation(r, l) and holds(a, o))
    ]
    effects = [
      isHot(o) := true
      isCool(o) := false
    ]
  }
  action coolObject(Agent - Checkable a, Location - Checkable l, Receptacle - Checkable r, Obj - Checkable o) {
    preconditions = [
      (coolable(o) and receptacleType(r, fridgeType) and atLocation(a, l) and receptacleAtLocation(r, l) and holds(a, o))
    ]
    effects = [
      isCool(o) := true
      isHot(o) := false
    ]
  }
  action toggleObject(Agent - Checkable a, Location - Checkable l, Obj - Checkable o, Receptacle - Checkable r) {
    preconditions = [
      (toggleable(o) and atLocation(a, l) and receptacleAtLocation(r, l) and inReceptacle(o, r))
    ]
    effects = [
      if isOn(o) then isOn(o) := false
      if (not isOn(o)) then isOn(o) := true
      isToggled(o) := true
    ]
  }
  action sliceObject(Agent - Checkable a, Location - Checkable l, Obj - Checkable co, Obj - Checkable ko) {
    preconditions = [
      (sliceable(co) and (objectType(ko, knifeType) or objectType(ko, butterKnifeType)) and atLocation(a, l) and objectAtLocation(co, l) and holds(a, ko))
    ]
    effects = [
      isSliced(co) := true
    ]
  }
  action help(Agent - Checkable a) {
    preconditions = [
    ]
    effects = [
      checked(a) := true
    ]
  }
]

objects = [
  ReceptacleType: [sinkBasinType, microwaveType, fridgeType, bedType, armChairType, stoveBurnerType, ottomanType, dresserType, bathtubBasinType, handTowelHolderType, diningTableType, coffeeTableType]
  ObjectType: [knifeType, butterKnifeType, potType, cellPhoneType, creditCardType, watchType, eggType, wineBottleType, wateringCanType, boxType]
  Checkable: [agent1, location1, location2, location3, location4, location5, location6, location7, location8, location9, location10, bed_1, armChair_2, stoveBurner_3, ottoman_4, dresser_5, bathtubBasin_6, handTowelHolder_7, bed_8, diningTable_9, coffeeTable_10, pot_1, cellPhone_2, creditCard_3, cellPhone_4, watch_5, egg_6, wineBottle_7, wateringCan_8, cellPhone_9, box_10]
  Agent - Checkable: [agent1]
  Location - Checkable: [location1, location2, location3, location4, location5, location6, location7, location8, location9, location10]
  Receptacle - Checkable: [bed_1, armChair_2, stoveBurner_3, ottoman_4, dresser_5, bathtubBasin_6, handTowelHolder_7, bed_8, diningTable_9, coffeeTable_10]
  Obj - Checkable: [pot_1, cellPhone_2, creditCard_3, cellPhone_4, watch_5, egg_6, wineBottle_7, wateringCan_8, cellPhone_9, box_10]
]

initial fluents default = [
  bool atLocation[a=Agent - Checkable, l=Location - Checkable] := false
  bool receptacleAtLocation[r=Receptacle - Checkable, l=Location - Checkable] := false
  bool objectAtLocation[o=Obj - Checkable, l=Location - Checkable] := false
  bool openable[r=Receptacle - Checkable] := false
  bool opened[r=Receptacle - Checkable] := false
  bool inReceptacle[o=Obj - Checkable, r=Receptacle - Checkable] := false
  bool isReceptacleObject[o=Obj - Checkable] := false
  bool inReceptacleObject[innerObject=Obj - Checkable, outObject=Obj - Checkable] := false
  bool isReceptacleObjectFull[o=Obj - Checkable] := false
  bool wasInReceptacle[o=Obj - Checkable, r=Receptacle - Checkable] := false
  bool checked[c=Checkable] := false
  bool examined[l=Location - Checkable] := false
  bool receptacleType[r=Receptacle - Checkable, rt=ReceptacleType] := false
  bool canContain[rt=ReceptacleType, ot=ObjectType] := false
  bool objectType[o=Obj - Checkable, t=ObjectType] := false
  bool holds[a=Agent - Checkable, o=Obj - Checkable] := false
  bool holdsAny[a=Agent - Checkable] := false
  bool holdsAnyReceptacleObject[a=Agent - Checkable] := false
  bool full[r=Receptacle - Checkable] := false
  bool isClean[o=Obj - Checkable] := false
  bool cleanable[o=Obj - Checkable] := false
  bool isHot[o=Obj - Checkable] := false
  bool heatable[o=Obj - Checkable] := false
  bool isCool[o=Obj - Checkable] := false
  bool coolable[o=Obj - Checkable] := false
  bool pickupable[o=Obj - Checkable] := false
  bool moveable[o=Obj - Checkable] := false
  bool toggleable[o=Obj - Checkable] := false
  bool isOn[o=Obj - Checkable] := false
  bool isToggled[o=Obj - Checkable] := false
  bool sliceable[o=Obj - Checkable] := false
  bool isSliced[o=Obj - Checkable] := false
]

initial values = [
  receptacleType(bed_1, bedType) := true
  receptacleType(armChair_2, armChairType) := true
  receptacleType(stoveBurner_3, stoveBurnerType) := true
  receptacleType(ottoman_4, ottomanType) := true
  receptacleType(dresser_5, dresserType) := true
  receptacleType(bathtubBasin_6, bathtubBasinType) := true
  receptacleType(handTowelHolder_7, handTowelHolderType) := true
  receptacleType(bed_8, bedType) := true
  receptacleType(diningTable_9, diningTableType) := true
  receptacleType(coffeeTable_10, coffeeTableType) := true
  objectType(pot_1, potType) := true
  objectType(cellPhone_2, cellPhoneType) := true
  objectType(creditCard_3, creditCardType) := true
  objectType(cellPhone_4, cellPhoneType) := true
  objectType(watch_5, watchType) := true
  objectType(egg_6, eggType) := true
  objectType(wineBottle_7, wineBottleType) := true
  objectType(wateringCan_8, wateringCanType) := true
  objectType(cellPhone_9, cellPhoneType) := true
  objectType(box_10, boxType) := true
  canContain(bedType, cellPhoneType) := true
  canContain(armChairType, cellPhoneType) := true
  canContain(armChairType, creditCardType) := true
  canContain(armChairType, boxType) := true
  canContain(stoveBurnerType, potType) := true
  canContain(ottomanType, cellPhoneType) := true
  canContain(ottomanType, creditCardType) := true
  canContain(ottomanType, boxType) := true
  canContain(dresserType, cellPhoneType) := true
  canContain(dresserType, creditCardType) := true
  canContain(dresserType, watchType) := true
  canContain(dresserType, wineBottleType) := true
  canContain(dresserType, wateringCanType) := true
  canContain(dresserType, boxType) := true
  canContain(diningTableType, potType) := true
  canContain(diningTableType, cellPhoneType) := true
  canContain(diningTableType, creditCardType) := true
  canContain(diningTableType, watchType) := true
  canContain(diningTableType, eggType) := true
  canContain(diningTableType, wineBottleType) := true
  canContain(diningTableType, wateringCanType) := true
  canContain(diningTableType, boxType) := true
  canContain(coffeeTableType, potType) := true
  canContain(coffeeTableType, cellPhoneType) := true
  canContain(coffeeTableType, creditCardType) := true
  canContain(coffeeTableType, watchType) := true
  canContain(coffeeTableType, eggType) := true
  canContain(coffeeTableType, wineBottleType) := true
  canContain(coffeeTableType, wateringCanType) := true
  canContain(coffeeTableType, boxType) := true
  pickupable(pot_1) := true
  isReceptacleObject(pot_1) := true
  cleanable(pot_1) := true
  coolable(pot_1) := true
  pickupable(cellPhone_2) := true
  pickupable(creditCard_3) := true
  pickupable(cellPhone_4) := true
  pickupable(watch_5) := true
  pickupable(egg_6) := true
  cleanable(egg_6) := true
  heatable(egg_6) := true
  coolable(egg_6) := true
  sliceable(egg_6) := true
  pickupable(wineBottle_7) := true
  pickupable(wateringCan_8) := true
  pickupable(cellPhone_9) := true
  pickupable(box_10) := true
  isReceptacleObject(box_10) := true
  receptacleAtLocation(bed_1, location4) := true
  receptacleAtLocation(armChair_2, location6) := true
  receptacleAtLocation(stoveBurner_3, location7) := true
  receptacleAtLocation(ottoman_4, location6) := true
  receptacleAtLocation(dresser_5, location10) := true
  receptacleAtLocation(bathtubBasin_6, location8) := true
  receptacleAtLocation(handTowelHolder_7, location9) := true
  receptacleAtLocation(bed_8, location1) := true
  receptacleAtLocation(diningTable_9, location10) := true
  receptacleAtLocation(coffeeTable_10, location8) := true
  inReceptacle(watch_5, dresser_5) := true
  inReceptacle(wineBottle_7, dresser_5) := true
  inReceptacle(cellPhone_9, coffeeTable_10) := true
  inReceptacle(box_10, dresser_5) := true
  objectAtLocation(pot_1, location1) := true
  objectAtLocation(cellPhone_2, location7) := true
  objectAtLocation(creditCard_3, location5) := true
  objectAtLocation(cellPhone_4, location10) := true
  objectAtLocation(watch_5, location10) := true
  objectAtLocation(egg_6, location9) := true
  objectAtLocation(wineBottle_7, location10) := true
  objectAtLocation(wateringCan_8, location7) := true
  objectAtLocation(cellPhone_9, location8) := true
  objectAtLocation(box_10, location10) := true
  atLocation(agent1, location4) := true
]

goals = [
  Exists (Receptacle - Checkable r) Exists (Obj - Checkable o1) (inReceptacle(o1, r) and objectType(o1, wateringCanType) and receptacleType(r, coffeeTableType) and Exists (Obj - Checkable o2) ((not (o1 == o2)) and objectType(o2, eggType) and receptacleType(r, coffeeTableType) and inReceptacle(o2, r)))
]

quality metrics = [
  minimize sequential-plan-length
]


2025-06-17 10:21:28,390 - INFO - Generating plan for unconstrained problem

2025-06-17 10:21:28,708 - INFO - Unconstrained plan generation time: 0.31749963760375977

