2025-06-17 11:16:39,626 - INFO - 
================= Seed: 72 =================

2025-06-17 11:16:39,626 - INFO - problem name = alfred

types = [ReceptacleType, ObjectType, Checkable, Agent - Checkable, Location - Checkable, Receptacle - Checkable, Obj - Checkable]

fluents = [
  bool atLocation[a=Agent - Checkable, l=Location - Checkable]
  bool receptacleAtLocation[r=Receptacle - Checkable, l=Location - Checkable]
  bool objectAtLocation[o=Obj - Checkable, l=Location - Checkable]
  bool openable[r=Receptacle - Checkable]
  bool opened[r=Receptacle - Checkable]
  bool inReceptacle[o=Obj - Checkable, r=Receptacle - Checkable]
  bool isReceptacleObject[o=Obj - Checkable]
  bool inReceptacleObject[innerObject=Obj - Checkable, outObject=Obj - Checkable]
  bool isReceptacleObjectFull[o=Obj - Checkable]
  bool wasInReceptacle[o=Obj - Checkable, r=Receptacle - Checkable]
  bool checked[c=Checkable]
  bool examined[l=Location - Checkable]
  bool receptacleType[r=Receptacle - Checkable, rt=ReceptacleType]
  bool canContain[rt=ReceptacleType, ot=ObjectType]
  bool objectType[o=Obj - Checkable, t=ObjectType]
  bool holds[a=Agent - Checkable, o=Obj - Checkable]
  bool holdsAny[a=Agent - Checkable]
  bool holdsAnyReceptacleObject[a=Agent - Checkable]
  bool full[r=Receptacle - Checkable]
  bool isClean[o=Obj - Checkable]
  bool cleanable[o=Obj - Checkable]
  bool isHot[o=Obj - Checkable]
  bool heatable[o=Obj - Checkable]
  bool isCool[o=Obj - Checkable]
  bool coolable[o=Obj - Checkable]
  bool pickupable[o=Obj - Checkable]
  bool moveable[o=Obj - Checkable]
  bool toggleable[o=Obj - Checkable]
  bool isOn[o=Obj - Checkable]
  bool isToggled[o=Obj - Checkable]
  bool sliceable[o=Obj - Checkable]
  bool isSliced[o=Obj - Checkable]
]

actions = [
  action look(Agent - Checkable a, Location - Checkable l) {
    preconditions = [
      atLocation(a, l)
    ]
    effects = [
      checked(l) := true
    ]
  }
  action inventory(Agent - Checkable a) {
    preconditions = [
    ]
    effects = [
      checked(a) := true
    ]
  }
  action examineReceptacle(Agent - Checkable a, Receptacle - Checkable r) {
    preconditions = [
      Exists (Location - Checkable l) (atLocation(a, l) and receptacleAtLocation(r, l))
    ]
    effects = [
      checked(r) := true
    ]
  }
  action examineObject(Agent - Checkable a, Obj - Checkable o) {
    preconditions = [
      (Exists (Location - Checkable l) Exists (Receptacle - Checkable r) (atLocation(a, l) and receptacleAtLocation(r, l) and inReceptacle(o, r) and ((not openable(r)) or opened(r))) or holds(a, o))
    ]
    effects = [
      checked(o) := true
    ]
  }
  action goToLocation(Agent - Checkable a, Location - Checkable lstart, Location - Checkable lend) {
    preconditions = [
      atLocation(a, lstart)
    ]
    effects = [
      atLocation(a, lstart) := false
      atLocation(a, lend) := true
    ]
  }
  action openObject(Agent - Checkable a, Location - Checkable l, Receptacle - Checkable r) {
    preconditions = [
      (openable(r) and atLocation(a, l) and receptacleAtLocation(r, l) and (not opened(r)))
    ]
    effects = [
      opened(r) := true
      checked(r) := true
    ]
  }
  action closeObject(Agent - Checkable a, Location - Checkable l, Receptacle - Checkable r) {
    preconditions = [
      (openable(r) and atLocation(a, l) and receptacleAtLocation(r, l) and opened(r))
    ]
    effects = [
      opened(r) := false
    ]
  }
  action pickupObject(Agent - Checkable a, Location - Checkable l, Obj - Checkable o, Receptacle - Checkable r) {
    preconditions = [
      (pickupable(o) and atLocation(a, l) and receptacleAtLocation(r, l) and inReceptacle(o, r) and (not holdsAny(a)) and ((not openable(r)) or opened(r)))
    ]
    effects = [
      inReceptacle(o, r) := false
      holds(a, o) := true
      holdsAny(a) := true
      objectAtLocation(o, l) := false
    ]
  }
  action putObject(Agent - Checkable a, Location - Checkable l, Obj - Checkable o, Receptacle - Checkable r, ObjectType ot, ReceptacleType rt) {
    preconditions = [
      (holds(a, o) and atLocation(a, l) and receptacleAtLocation(r, l) and ((not openable(r)) or opened(r)) and objectType(o, ot) and receptacleType(r, rt) and canContain(rt, ot))
    ]
    effects = [
      inReceptacle(o, r) := true
      objectAtLocation(o, l) := true
      holds(a, o) := false
      holdsAny(a) := false
    ]
  }
  action cleanObject(Agent - Checkable a, Location - Checkable l, Receptacle - Checkable r, Obj - Checkable o) {
    preconditions = [
      (cleanable(o) and receptacleType(r, sinkBasinType) and atLocation(a, l) and receptacleAtLocation(r, l) and holds(a, o))
    ]
    effects = [
      isClean(o) := true
    ]
  }
  action heatObject(Agent - Checkable a, Location - Checkable l, Receptacle - Checkable r, Obj - Checkable o) {
    preconditions = [
      (heatable(o) and receptacleType(r, microwaveType) and atLocation(a, l) and receptacleAtLocation(r, l) and holds(a, o))
    ]
    effects = [
      isHot(o) := true
      isCool(o) := false
    ]
  }
  action coolObject(Agent - Checkable a, Location - Checkable l, Receptacle - Checkable r, Obj - Checkable o) {
    preconditions = [
      (coolable(o) and receptacleType(r, fridgeType) and atLocation(a, l) and receptacleAtLocation(r, l) and holds(a, o))
    ]
    effects = [
      isCool(o) := true
      isHot(o) := false
    ]
  }
  action toggleObject(Agent - Checkable a, Location - Checkable l, Obj - Checkable o, Receptacle - Checkable r) {
    preconditions = [
      (toggleable(o) and atLocation(a, l) and receptacleAtLocation(r, l) and inReceptacle(o, r))
    ]
    effects = [
      if isOn(o) then isOn(o) := false
      if (not isOn(o)) then isOn(o) := true
      isToggled(o) := true
    ]
  }
  action sliceObject(Agent - Checkable a, Location - Checkable l, Obj - Checkable co, Obj - Checkable ko) {
    preconditions = [
      (sliceable(co) and (objectType(ko, knifeType) or objectType(ko, butterKnifeType)) and atLocation(a, l) and objectAtLocation(co, l) and holds(a, ko))
    ]
    effects = [
      isSliced(co) := true
    ]
  }
  action help(Agent - Checkable a) {
    preconditions = [
    ]
    effects = [
      checked(a) := true
    ]
  }
]

objects = [
  ReceptacleType: [sinkBasinType, microwaveType, fridgeType, shelfType, deskType, armChairType, dresserType, coffeeMachineType, stoveBurnerType, ottomanType, safeType]
  ObjectType: [knifeType, butterKnifeType, sprayBottleType, wineBottleType, penType, vaseType, creditCardType, kettleType, candleType, plateType, tennisRacketType]
  Checkable: [agent1, location1, location2, location3, location4, location5, location6, location7, location8, location9, location10, shelf_1, desk_2, armChair_3, dresser_4, coffeeMachine_5, stoveBurner_6, ottoman_7, safe_8, armChair_9, stoveBurner_10, microwave_11, fridge_12, sprayBottle_1, wineBottle_2, pen_3, vase_4, creditCard_5, kettle_6, candle_7, plate_8, tennisRacket_9, plate_10]
  Agent - Checkable: [agent1]
  Location - Checkable: [location1, location2, location3, location4, location5, location6, location7, location8, location9, location10]
  Receptacle - Checkable: [shelf_1, desk_2, armChair_3, dresser_4, coffeeMachine_5, stoveBurner_6, ottoman_7, safe_8, armChair_9, stoveBurner_10, microwave_11, fridge_12]
  Obj - Checkable: [sprayBottle_1, wineBottle_2, pen_3, vase_4, creditCard_5, kettle_6, candle_7, plate_8, tennisRacket_9, plate_10]
]

initial fluents default = [
  bool atLocation[a=Agent - Checkable, l=Location - Checkable] := false
  bool receptacleAtLocation[r=Receptacle - Checkable, l=Location - Checkable] := false
  bool objectAtLocation[o=Obj - Checkable, l=Location - Checkable] := false
  bool openable[r=Receptacle - Checkable] := false
  bool opened[r=Receptacle - Checkable] := false
  bool inReceptacle[o=Obj - Checkable, r=Receptacle - Checkable] := false
  bool isReceptacleObject[o=Obj - Checkable] := false
  bool inReceptacleObject[innerObject=Obj - Checkable, outObject=Obj - Checkable] := false
  bool isReceptacleObjectFull[o=Obj - Checkable] := false
  bool wasInReceptacle[o=Obj - Checkable, r=Receptacle - Checkable] := false
  bool checked[c=Checkable] := false
  bool examined[l=Location - Checkable] := false
  bool receptacleType[r=Receptacle - Checkable, rt=ReceptacleType] := false
  bool canContain[rt=ReceptacleType, ot=ObjectType] := false
  bool objectType[o=Obj - Checkable, t=ObjectType] := false
  bool holds[a=Agent - Checkable, o=Obj - Checkable] := false
  bool holdsAny[a=Agent - Checkable] := false
  bool holdsAnyReceptacleObject[a=Agent - Checkable] := false
  bool full[r=Receptacle - Checkable] := false
  bool isClean[o=Obj - Checkable] := false
  bool cleanable[o=Obj - Checkable] := false
  bool isHot[o=Obj - Checkable] := false
  bool heatable[o=Obj - Checkable] := false
  bool isCool[o=Obj - Checkable] := false
  bool coolable[o=Obj - Checkable] := false
  bool pickupable[o=Obj - Checkable] := false
  bool moveable[o=Obj - Checkable] := false
  bool toggleable[o=Obj - Checkable] := false
  bool isOn[o=Obj - Checkable] := false
  bool isToggled[o=Obj - Checkable] := false
  bool sliceable[o=Obj - Checkable] := false
  bool isSliced[o=Obj - Checkable] := false
]

initial values = [
  receptacleType(shelf_1, shelfType) := true
  receptacleType(desk_2, deskType) := true
  receptacleType(armChair_3, armChairType) := true
  receptacleType(dresser_4, dresserType) := true
  receptacleType(coffeeMachine_5, coffeeMachineType) := true
  receptacleType(stoveBurner_6, stoveBurnerType) := true
  receptacleType(ottoman_7, ottomanType) := true
  receptacleType(safe_8, safeType) := true
  receptacleType(armChair_9, armChairType) := true
  receptacleType(stoveBurner_10, stoveBurnerType) := true
  receptacleType(microwave_11, microwaveType) := true
  receptacleType(fridge_12, fridgeType) := true
  objectType(sprayBottle_1, sprayBottleType) := true
  objectType(wineBottle_2, wineBottleType) := true
  objectType(pen_3, penType) := true
  objectType(vase_4, vaseType) := true
  objectType(creditCard_5, creditCardType) := true
  objectType(kettle_6, kettleType) := true
  objectType(candle_7, candleType) := true
  objectType(plate_8, plateType) := true
  objectType(tennisRacket_9, tennisRacketType) := true
  objectType(plate_10, plateType) := true
  canContain(shelfType, sprayBottleType) := true
  canContain(shelfType, wineBottleType) := true
  canContain(shelfType, penType) := true
  canContain(shelfType, vaseType) := true
  canContain(shelfType, creditCardType) := true
  canContain(shelfType, kettleType) := true
  canContain(shelfType, candleType) := true
  canContain(shelfType, plateType) := true
  canContain(deskType, sprayBottleType) := true
  canContain(deskType, wineBottleType) := true
  canContain(deskType, penType) := true
  canContain(deskType, vaseType) := true
  canContain(deskType, creditCardType) := true
  canContain(deskType, candleType) := true
  canContain(deskType, plateType) := true
  canContain(deskType, tennisRacketType) := true
  canContain(armChairType, creditCardType) := true
  canContain(dresserType, sprayBottleType) := true
  canContain(dresserType, wineBottleType) := true
  canContain(dresserType, penType) := true
  canContain(dresserType, vaseType) := true
  canContain(dresserType, creditCardType) := true
  canContain(dresserType, candleType) := true
  canContain(dresserType, plateType) := true
  canContain(dresserType, tennisRacketType) := true
  canContain(stoveBurnerType, kettleType) := true
  canContain(ottomanType, creditCardType) := true
  canContain(safeType, vaseType) := true
  canContain(safeType, creditCardType) := true
  canContain(microwaveType, plateType) := true
  canContain(fridgeType, wineBottleType) := true
  canContain(fridgeType, plateType) := true
  pickupable(sprayBottle_1) := true
  pickupable(wineBottle_2) := true
  pickupable(pen_3) := true
  pickupable(vase_4) := true
  pickupable(creditCard_5) := true
  pickupable(kettle_6) := true
  cleanable(kettle_6) := true
  pickupable(candle_7) := true
  pickupable(plate_8) := true
  isReceptacleObject(plate_8) := true
  cleanable(plate_8) := true
  heatable(plate_8) := true
  coolable(plate_8) := true
  pickupable(tennisRacket_9) := true
  pickupable(plate_10) := true
  isReceptacleObject(plate_10) := true
  cleanable(plate_10) := true
  heatable(plate_10) := true
  coolable(plate_10) := true
  receptacleAtLocation(shelf_1, location6) := true
  receptacleAtLocation(desk_2, location1) := true
  receptacleAtLocation(armChair_3, location7) := true
  receptacleAtLocation(dresser_4, location5) := true
  receptacleAtLocation(coffeeMachine_5, location5) := true
  receptacleAtLocation(stoveBurner_6, location6) := true
  receptacleAtLocation(ottoman_7, location6) := true
  receptacleAtLocation(safe_8, location4) := true
  receptacleAtLocation(armChair_9, location6) := true
  receptacleAtLocation(stoveBurner_10, location8) := true
  receptacleAtLocation(microwave_11, location4) := true
  receptacleAtLocation(fridge_12, location6) := true
  inReceptacle(sprayBottle_1, dresser_4) := true
  inReceptacle(wineBottle_2, shelf_1) := true
  inReceptacle(pen_3, shelf_1) := true
  inReceptacle(vase_4, shelf_1) := true
  inReceptacle(creditCard_5, ottoman_7) := true
  inReceptacle(kettle_6, shelf_1) := true
  inReceptacle(candle_7, shelf_1) := true
  inReceptacle(plate_8, microwave_11) := true
  inReceptacle(tennisRacket_9, dresser_4) := true
  inReceptacle(plate_10, desk_2) := true
  objectAtLocation(sprayBottle_1, location5) := true
  objectAtLocation(wineBottle_2, location6) := true
  objectAtLocation(pen_3, location6) := true
  objectAtLocation(vase_4, location6) := true
  objectAtLocation(creditCard_5, location6) := true
  objectAtLocation(kettle_6, location6) := true
  objectAtLocation(candle_7, location6) := true
  objectAtLocation(plate_8, location4) := true
  objectAtLocation(tennisRacket_9, location5) := true
  objectAtLocation(plate_10, location1) := true
  atLocation(agent1, location8) := true
]

goals = [
  Exists (Receptacle - Checkable r) Exists (Obj - Checkable o1) (inReceptacle(o1, r) and objectType(o1, wineBottleType) and receptacleType(r, shelfType) and Exists (Obj - Checkable o2) ((not (o1 == o2)) and objectType(o2, candleType) and receptacleType(r, shelfType) and inReceptacle(o2, r)))
]

quality metrics = [
  minimize sequential-plan-length
]


2025-06-17 11:16:39,628 - INFO - Generating plan for unconstrained problem

2025-06-17 11:16:40,032 - INFO - Unconstrained plan generation time: 0.40428662300109863

2025-06-17 11:16:40,032 - INFO - Unconstrained plan and cost: 
2025-06-17 11:16:40,032 - INFO - SequentialPlan:
2025-06-17 11:16:40,033 - INFO - 0
2025-06-17 11:16:40,157 - INFO - Sampled constraints:

2025-06-17 11:16:40,157 - INFO - Sometime((atLocation(agent1, location5) or checked(microwave_11)))
2025-06-17 11:16:40,157 - INFO - 
2025-06-17 11:16:40,157 - INFO - Generation time: 0.12426328659057617

2025-06-17 11:16:40,158 - INFO - Generating plan for constrained problem (with LiftedTCORE).

2025-06-17 11:16:40,198 - INFO - LiftedTCORE compilation time: 0.04014253616333008

2025-06-17 11:16:40,628 - INFO - Planning Time with LiftedTCORE's file: 0.4298408031463623

2025-06-17 11:16:40,628 - INFO - Plan found with LiftedTCORE + sym_bd: SequentialPlan:
    goToLocation(agent1, location8, location5)
2025-06-17 11:16:40,628 - INFO - Seed: 72 is solvable

2025-06-17 11:16:40,628 - INFO - Unconstrained cost: 0
2025-06-17 11:16:40,628 - INFO - Constrained cost: 1
2025-06-17 11:16:40,628 - INFO - Seed: 72 Plan simulation is feasible
2025-06-17 11:16:40,628 - INFO - 
Seed: 72 
 Plan: [goToLocation(agent1, location8, location5)]  
 Cost: 1

