2025-06-17 11:18:27,998 - INFO - 
================= Seed: 141 =================

2025-06-17 11:18:27,998 - INFO - problem name = alfred

types = [ReceptacleType, ObjectType, Checkable, Agent - Checkable, Location - Checkable, Receptacle - Checkable, Obj - Checkable]

fluents = [
  bool atLocation[a=Agent - Checkable, l=Location - Checkable]
  bool receptacleAtLocation[r=Receptacle - Checkable, l=Location - Checkable]
  bool objectAtLocation[o=Obj - Checkable, l=Location - Checkable]
  bool openable[r=Receptacle - Checkable]
  bool opened[r=Receptacle - Checkable]
  bool inReceptacle[o=Obj - Checkable, r=Receptacle - Checkable]
  bool isReceptacleObject[o=Obj - Checkable]
  bool inReceptacleObject[innerObject=Obj - Checkable, outObject=Obj - Checkable]
  bool isReceptacleObjectFull[o=Obj - Checkable]
  bool wasInReceptacle[o=Obj - Checkable, r=Receptacle - Checkable]
  bool checked[c=Checkable]
  bool examined[l=Location - Checkable]
  bool receptacleType[r=Receptacle - Checkable, rt=ReceptacleType]
  bool canContain[rt=ReceptacleType, ot=ObjectType]
  bool objectType[o=Obj - Checkable, t=ObjectType]
  bool holds[a=Agent - Checkable, o=Obj - Checkable]
  bool holdsAny[a=Agent - Checkable]
  bool holdsAnyReceptacleObject[a=Agent - Checkable]
  bool full[r=Receptacle - Checkable]
  bool isClean[o=Obj - Checkable]
  bool cleanable[o=Obj - Checkable]
  bool isHot[o=Obj - Checkable]
  bool heatable[o=Obj - Checkable]
  bool isCool[o=Obj - Checkable]
  bool coolable[o=Obj - Checkable]
  bool pickupable[o=Obj - Checkable]
  bool moveable[o=Obj - Checkable]
  bool toggleable[o=Obj - Checkable]
  bool isOn[o=Obj - Checkable]
  bool isToggled[o=Obj - Checkable]
  bool sliceable[o=Obj - Checkable]
  bool isSliced[o=Obj - Checkable]
]

actions = [
  action look(Agent - Checkable a, Location - Checkable l) {
    preconditions = [
      atLocation(a, l)
    ]
    effects = [
      checked(l) := true
    ]
  }
  action inventory(Agent - Checkable a) {
    preconditions = [
    ]
    effects = [
      checked(a) := true
    ]
  }
  action examineReceptacle(Agent - Checkable a, Receptacle - Checkable r) {
    preconditions = [
      Exists (Location - Checkable l) (atLocation(a, l) and receptacleAtLocation(r, l))
    ]
    effects = [
      checked(r) := true
    ]
  }
  action examineObject(Agent - Checkable a, Obj - Checkable o) {
    preconditions = [
      (Exists (Location - Checkable l) Exists (Receptacle - Checkable r) (atLocation(a, l) and receptacleAtLocation(r, l) and inReceptacle(o, r) and ((not openable(r)) or opened(r))) or holds(a, o))
    ]
    effects = [
      checked(o) := true
    ]
  }
  action goToLocation(Agent - Checkable a, Location - Checkable lstart, Location - Checkable lend) {
    preconditions = [
      atLocation(a, lstart)
    ]
    effects = [
      atLocation(a, lstart) := false
      atLocation(a, lend) := true
    ]
  }
  action openObject(Agent - Checkable a, Location - Checkable l, Receptacle - Checkable r) {
    preconditions = [
      (openable(r) and atLocation(a, l) and receptacleAtLocation(r, l) and (not opened(r)))
    ]
    effects = [
      opened(r) := true
      checked(r) := true
    ]
  }
  action closeObject(Agent - Checkable a, Location - Checkable l, Receptacle - Checkable r) {
    preconditions = [
      (openable(r) and atLocation(a, l) and receptacleAtLocation(r, l) and opened(r))
    ]
    effects = [
      opened(r) := false
    ]
  }
  action pickupObject(Agent - Checkable a, Location - Checkable l, Obj - Checkable o, Receptacle - Checkable r) {
    preconditions = [
      (pickupable(o) and atLocation(a, l) and receptacleAtLocation(r, l) and inReceptacle(o, r) and (not holdsAny(a)) and ((not openable(r)) or opened(r)))
    ]
    effects = [
      inReceptacle(o, r) := false
      holds(a, o) := true
      holdsAny(a) := true
      objectAtLocation(o, l) := false
    ]
  }
  action putObject(Agent - Checkable a, Location - Checkable l, Obj - Checkable o, Receptacle - Checkable r, ObjectType ot, ReceptacleType rt) {
    preconditions = [
      (holds(a, o) and atLocation(a, l) and receptacleAtLocation(r, l) and ((not openable(r)) or opened(r)) and objectType(o, ot) and receptacleType(r, rt) and canContain(rt, ot))
    ]
    effects = [
      inReceptacle(o, r) := true
      objectAtLocation(o, l) := true
      holds(a, o) := false
      holdsAny(a) := false
    ]
  }
  action cleanObject(Agent - Checkable a, Location - Checkable l, Receptacle - Checkable r, Obj - Checkable o) {
    preconditions = [
      (cleanable(o) and receptacleType(r, sinkBasinType) and atLocation(a, l) and receptacleAtLocation(r, l) and holds(a, o))
    ]
    effects = [
      isClean(o) := true
    ]
  }
  action heatObject(Agent - Checkable a, Location - Checkable l, Receptacle - Checkable r, Obj - Checkable o) {
    preconditions = [
      (heatable(o) and receptacleType(r, microwaveType) and atLocation(a, l) and receptacleAtLocation(r, l) and holds(a, o))
    ]
    effects = [
      isHot(o) := true
      isCool(o) := false
    ]
  }
  action coolObject(Agent - Checkable a, Location - Checkable l, Receptacle - Checkable r, Obj - Checkable o) {
    preconditions = [
      (coolable(o) and receptacleType(r, fridgeType) and atLocation(a, l) and receptacleAtLocation(r, l) and holds(a, o))
    ]
    effects = [
      isCool(o) := true
      isHot(o) := false
    ]
  }
  action toggleObject(Agent - Checkable a, Location - Checkable l, Obj - Checkable o, Receptacle - Checkable r) {
    preconditions = [
      (toggleable(o) and atLocation(a, l) and receptacleAtLocation(r, l) and inReceptacle(o, r))
    ]
    effects = [
      if isOn(o) then isOn(o) := false
      if (not isOn(o)) then isOn(o) := true
      isToggled(o) := true
    ]
  }
  action sliceObject(Agent - Checkable a, Location - Checkable l, Obj - Checkable co, Obj - Checkable ko) {
    preconditions = [
      (sliceable(co) and (objectType(ko, knifeType) or objectType(ko, butterKnifeType)) and atLocation(a, l) and objectAtLocation(co, l) and holds(a, ko))
    ]
    effects = [
      isSliced(co) := true
    ]
  }
  action help(Agent - Checkable a) {
    preconditions = [
    ]
    effects = [
      checked(a) := true
    ]
  }
]

objects = [
  ReceptacleType: [sinkBasinType, microwaveType, fridgeType, towelHolderType, laundryHamperType, bathtubBasinType, deskType, toiletPaperHangerType, coffeeMachineType, ottomanType, sideTableType]
  ObjectType: [knifeType, butterKnifeType, laptopType, soapBarType, wateringCanType, pencilType, forkType, handTowelType, newspaperType, ladleType, boxType]
  Checkable: [agent1, location1, location2, location3, location4, location5, location6, location7, location8, location9, location10, towelHolder_1, laundryHamper_2, bathtubBasin_3, bathtubBasin_4, desk_5, toiletPaperHanger_6, coffeeMachine_7, bathtubBasin_8, ottoman_9, sideTable_10, microwave_11, fridge_12, laptop_1, soapBar_2, wateringCan_3, pencil_4, soapBar_5, fork_6, handTowel_7, newspaper_8, ladle_9, box_10]
  Agent - Checkable: [agent1]
  Location - Checkable: [location1, location2, location3, location4, location5, location6, location7, location8, location9, location10]
  Receptacle - Checkable: [towelHolder_1, laundryHamper_2, bathtubBasin_3, bathtubBasin_4, desk_5, toiletPaperHanger_6, coffeeMachine_7, bathtubBasin_8, ottoman_9, sideTable_10, microwave_11, fridge_12]
  Obj - Checkable: [laptop_1, soapBar_2, wateringCan_3, pencil_4, soapBar_5, fork_6, handTowel_7, newspaper_8, ladle_9, box_10]
]

initial fluents default = [
  bool atLocation[a=Agent - Checkable, l=Location - Checkable] := false
  bool receptacleAtLocation[r=Receptacle - Checkable, l=Location - Checkable] := false
  bool objectAtLocation[o=Obj - Checkable, l=Location - Checkable] := false
  bool openable[r=Receptacle - Checkable] := false
  bool opened[r=Receptacle - Checkable] := false
  bool inReceptacle[o=Obj - Checkable, r=Receptacle - Checkable] := false
  bool isReceptacleObject[o=Obj - Checkable] := false
  bool inReceptacleObject[innerObject=Obj - Checkable, outObject=Obj - Checkable] := false
  bool isReceptacleObjectFull[o=Obj - Checkable] := false
  bool wasInReceptacle[o=Obj - Checkable, r=Receptacle - Checkable] := false
  bool checked[c=Checkable] := false
  bool examined[l=Location - Checkable] := false
  bool receptacleType[r=Receptacle - Checkable, rt=ReceptacleType] := false
  bool canContain[rt=ReceptacleType, ot=ObjectType] := false
  bool objectType[o=Obj - Checkable, t=ObjectType] := false
  bool holds[a=Agent - Checkable, o=Obj - Checkable] := false
  bool holdsAny[a=Agent - Checkable] := false
  bool holdsAnyReceptacleObject[a=Agent - Checkable] := false
  bool full[r=Receptacle - Checkable] := false
  bool isClean[o=Obj - Checkable] := false
  bool cleanable[o=Obj - Checkable] := false
  bool isHot[o=Obj - Checkable] := false
  bool heatable[o=Obj - Checkable] := false
  bool isCool[o=Obj - Checkable] := false
  bool coolable[o=Obj - Checkable] := false
  bool pickupable[o=Obj - Checkable] := false
  bool moveable[o=Obj - Checkable] := false
  bool toggleable[o=Obj - Checkable] := false
  bool isOn[o=Obj - Checkable] := false
  bool isToggled[o=Obj - Checkable] := false
  bool sliceable[o=Obj - Checkable] := false
  bool isSliced[o=Obj - Checkable] := false
]

initial values = [
  receptacleType(towelHolder_1, towelHolderType) := true
  receptacleType(laundryHamper_2, laundryHamperType) := true
  receptacleType(bathtubBasin_3, bathtubBasinType) := true
  receptacleType(bathtubBasin_4, bathtubBasinType) := true
  receptacleType(desk_5, deskType) := true
  receptacleType(toiletPaperHanger_6, toiletPaperHangerType) := true
  receptacleType(coffeeMachine_7, coffeeMachineType) := true
  receptacleType(bathtubBasin_8, bathtubBasinType) := true
  receptacleType(ottoman_9, ottomanType) := true
  receptacleType(sideTable_10, sideTableType) := true
  receptacleType(microwave_11, microwaveType) := true
  receptacleType(fridge_12, fridgeType) := true
  objectType(laptop_1, laptopType) := true
  objectType(soapBar_2, soapBarType) := true
  objectType(wateringCan_3, wateringCanType) := true
  objectType(pencil_4, pencilType) := true
  objectType(soapBar_5, soapBarType) := true
  objectType(fork_6, forkType) := true
  objectType(handTowel_7, handTowelType) := true
  objectType(newspaper_8, newspaperType) := true
  objectType(ladle_9, ladleType) := true
  objectType(box_10, boxType) := true
  canContain(bathtubBasinType, soapBarType) := true
  canContain(bathtubBasinType, handTowelType) := true
  canContain(deskType, laptopType) := true
  canContain(deskType, wateringCanType) := true
  canContain(deskType, pencilType) := true
  canContain(deskType, newspaperType) := true
  canContain(deskType, boxType) := true
  canContain(ottomanType, laptopType) := true
  canContain(ottomanType, newspaperType) := true
  canContain(ottomanType, boxType) := true
  canContain(sideTableType, laptopType) := true
  canContain(sideTableType, soapBarType) := true
  canContain(sideTableType, wateringCanType) := true
  canContain(sideTableType, pencilType) := true
  canContain(sideTableType, forkType) := true
  canContain(sideTableType, handTowelType) := true
  canContain(sideTableType, newspaperType) := true
  canContain(sideTableType, ladleType) := true
  canContain(sideTableType, boxType) := true
  pickupable(laptop_1) := true
  pickupable(soapBar_2) := true
  cleanable(soapBar_2) := true
  pickupable(wateringCan_3) := true
  pickupable(pencil_4) := true
  pickupable(soapBar_5) := true
  cleanable(soapBar_5) := true
  pickupable(fork_6) := true
  cleanable(fork_6) := true
  pickupable(handTowel_7) := true
  pickupable(newspaper_8) := true
  pickupable(ladle_9) := true
  cleanable(ladle_9) := true
  pickupable(box_10) := true
  isReceptacleObject(box_10) := true
  receptacleAtLocation(towelHolder_1, location10) := true
  receptacleAtLocation(laundryHamper_2, location9) := true
  receptacleAtLocation(bathtubBasin_3, location5) := true
  receptacleAtLocation(bathtubBasin_4, location8) := true
  receptacleAtLocation(desk_5, location9) := true
  receptacleAtLocation(toiletPaperHanger_6, location8) := true
  receptacleAtLocation(coffeeMachine_7, location5) := true
  receptacleAtLocation(bathtubBasin_8, location8) := true
  receptacleAtLocation(ottoman_9, location5) := true
  receptacleAtLocation(sideTable_10, location7) := true
  receptacleAtLocation(microwave_11, location3) := true
  receptacleAtLocation(fridge_12, location9) := true
  inReceptacle(laptop_1, sideTable_10) := true
  inReceptacle(soapBar_2, bathtubBasin_8) := true
  inReceptacle(wateringCan_3, sideTable_10) := true
  inReceptacle(pencil_4, desk_5) := true
  inReceptacle(soapBar_5, sideTable_10) := true
  inReceptacle(fork_6, sideTable_10) := true
  inReceptacle(handTowel_7, bathtubBasin_8) := true
  inReceptacle(newspaper_8, sideTable_10) := true
  inReceptacle(ladle_9, sideTable_10) := true
  inReceptacle(box_10, desk_5) := true
  objectAtLocation(laptop_1, location7) := true
  objectAtLocation(soapBar_2, location8) := true
  objectAtLocation(wateringCan_3, location7) := true
  objectAtLocation(pencil_4, location9) := true
  objectAtLocation(soapBar_5, location7) := true
  objectAtLocation(fork_6, location7) := true
  objectAtLocation(handTowel_7, location8) := true
  objectAtLocation(newspaper_8, location7) := true
  objectAtLocation(ladle_9, location7) := true
  objectAtLocation(box_10, location9) := true
  atLocation(agent1, location6) := true
]

goals = [
  Exists (Receptacle - Checkable r) Exists (Obj - Checkable o) (inReceptacle(o, r) and objectType(o, wateringCanType) and receptacleType(r, sideTableType))
]

quality metrics = [
  minimize sequential-plan-length
]


2025-06-17 11:18:28,000 - INFO - Generating plan for unconstrained problem

2025-06-17 11:18:28,448 - INFO - Unconstrained plan generation time: 0.44754815101623535

2025-06-17 11:18:28,448 - INFO - Unconstrained plan and cost: 
2025-06-17 11:18:28,448 - INFO - SequentialPlan:
2025-06-17 11:18:28,448 - INFO - 0
2025-06-17 11:18:28,584 - INFO - Sampled constraints:

2025-06-17 11:18:28,584 - INFO - Sometime((checked(fork_6) and atLocation(agent1, location5)))
2025-06-17 11:18:28,584 - INFO - 
2025-06-17 11:18:28,584 - INFO - Generation time: 0.1355578899383545

2025-06-17 11:18:28,584 - INFO - Generating plan for constrained problem (with LiftedTCORE).

2025-06-17 11:18:28,624 - INFO - LiftedTCORE compilation time: 0.039433956146240234

2025-06-17 11:18:29,081 - INFO - Planning Time with LiftedTCORE's file: 0.4565603733062744

2025-06-17 11:18:29,081 - INFO - Plan found with LiftedTCORE + sym_bd: SequentialPlan:
    goToLocation(agent1, location6, location7)
    examineObject(agent1, fork_6)
    goToLocation(agent1, location7, location5)
2025-06-17 11:18:29,081 - INFO - Seed: 141 is solvable

2025-06-17 11:18:29,081 - INFO - Unconstrained cost: 0
2025-06-17 11:18:29,081 - INFO - Constrained cost: 3
2025-06-17 11:18:29,081 - INFO - Seed: 141 Plan simulation is feasible
2025-06-17 11:18:29,081 - INFO - 
Seed: 141 
 Plan: [goToLocation(agent1, location6, location7), examineObject(agent1, fork_6), goToLocation(agent1, location7, location5)]  
 Cost: 3

