2025-06-17 11:16:03,911 - INFO - 
================= Seed: 51 =================

2025-06-17 11:16:03,911 - INFO - problem name = alfred

types = [ReceptacleType, ObjectType, Checkable, Agent - Checkable, Location - Checkable, Receptacle - Checkable, Obj - Checkable]

fluents = [
  bool atLocation[a=Agent - Checkable, l=Location - Checkable]
  bool receptacleAtLocation[r=Receptacle - Checkable, l=Location - Checkable]
  bool objectAtLocation[o=Obj - Checkable, l=Location - Checkable]
  bool openable[r=Receptacle - Checkable]
  bool opened[r=Receptacle - Checkable]
  bool inReceptacle[o=Obj - Checkable, r=Receptacle - Checkable]
  bool isReceptacleObject[o=Obj - Checkable]
  bool inReceptacleObject[innerObject=Obj - Checkable, outObject=Obj - Checkable]
  bool isReceptacleObjectFull[o=Obj - Checkable]
  bool wasInReceptacle[o=Obj - Checkable, r=Receptacle - Checkable]
  bool checked[c=Checkable]
  bool examined[l=Location - Checkable]
  bool receptacleType[r=Receptacle - Checkable, rt=ReceptacleType]
  bool canContain[rt=ReceptacleType, ot=ObjectType]
  bool objectType[o=Obj - Checkable, t=ObjectType]
  bool holds[a=Agent - Checkable, o=Obj - Checkable]
  bool holdsAny[a=Agent - Checkable]
  bool holdsAnyReceptacleObject[a=Agent - Checkable]
  bool full[r=Receptacle - Checkable]
  bool isClean[o=Obj - Checkable]
  bool cleanable[o=Obj - Checkable]
  bool isHot[o=Obj - Checkable]
  bool heatable[o=Obj - Checkable]
  bool isCool[o=Obj - Checkable]
  bool coolable[o=Obj - Checkable]
  bool pickupable[o=Obj - Checkable]
  bool moveable[o=Obj - Checkable]
  bool toggleable[o=Obj - Checkable]
  bool isOn[o=Obj - Checkable]
  bool isToggled[o=Obj - Checkable]
  bool sliceable[o=Obj - Checkable]
  bool isSliced[o=Obj - Checkable]
]

actions = [
  action look(Agent - Checkable a, Location - Checkable l) {
    preconditions = [
      atLocation(a, l)
    ]
    effects = [
      checked(l) := true
    ]
  }
  action inventory(Agent - Checkable a) {
    preconditions = [
    ]
    effects = [
      checked(a) := true
    ]
  }
  action examineReceptacle(Agent - Checkable a, Receptacle - Checkable r) {
    preconditions = [
      Exists (Location - Checkable l) (atLocation(a, l) and receptacleAtLocation(r, l))
    ]
    effects = [
      checked(r) := true
    ]
  }
  action examineObject(Agent - Checkable a, Obj - Checkable o) {
    preconditions = [
      (Exists (Location - Checkable l) Exists (Receptacle - Checkable r) (atLocation(a, l) and receptacleAtLocation(r, l) and inReceptacle(o, r) and ((not openable(r)) or opened(r))) or holds(a, o))
    ]
    effects = [
      checked(o) := true
    ]
  }
  action goToLocation(Agent - Checkable a, Location - Checkable lstart, Location - Checkable lend) {
    preconditions = [
      atLocation(a, lstart)
    ]
    effects = [
      atLocation(a, lstart) := false
      atLocation(a, lend) := true
    ]
  }
  action openObject(Agent - Checkable a, Location - Checkable l, Receptacle - Checkable r) {
    preconditions = [
      (openable(r) and atLocation(a, l) and receptacleAtLocation(r, l) and (not opened(r)))
    ]
    effects = [
      opened(r) := true
      checked(r) := true
    ]
  }
  action closeObject(Agent - Checkable a, Location - Checkable l, Receptacle - Checkable r) {
    preconditions = [
      (openable(r) and atLocation(a, l) and receptacleAtLocation(r, l) and opened(r))
    ]
    effects = [
      opened(r) := false
    ]
  }
  action pickupObject(Agent - Checkable a, Location - Checkable l, Obj - Checkable o, Receptacle - Checkable r) {
    preconditions = [
      (pickupable(o) and atLocation(a, l) and receptacleAtLocation(r, l) and inReceptacle(o, r) and (not holdsAny(a)) and ((not openable(r)) or opened(r)))
    ]
    effects = [
      inReceptacle(o, r) := false
      holds(a, o) := true
      holdsAny(a) := true
      objectAtLocation(o, l) := false
    ]
  }
  action putObject(Agent - Checkable a, Location - Checkable l, Obj - Checkable o, Receptacle - Checkable r, ObjectType ot, ReceptacleType rt) {
    preconditions = [
      (holds(a, o) and atLocation(a, l) and receptacleAtLocation(r, l) and ((not openable(r)) or opened(r)) and objectType(o, ot) and receptacleType(r, rt) and canContain(rt, ot))
    ]
    effects = [
      inReceptacle(o, r) := true
      objectAtLocation(o, l) := true
      holds(a, o) := false
      holdsAny(a) := false
    ]
  }
  action cleanObject(Agent - Checkable a, Location - Checkable l, Receptacle - Checkable r, Obj - Checkable o) {
    preconditions = [
      (cleanable(o) and receptacleType(r, sinkBasinType) and atLocation(a, l) and receptacleAtLocation(r, l) and holds(a, o))
    ]
    effects = [
      isClean(o) := true
    ]
  }
  action heatObject(Agent - Checkable a, Location - Checkable l, Receptacle - Checkable r, Obj - Checkable o) {
    preconditions = [
      (heatable(o) and receptacleType(r, microwaveType) and atLocation(a, l) and receptacleAtLocation(r, l) and holds(a, o))
    ]
    effects = [
      isHot(o) := true
      isCool(o) := false
    ]
  }
  action coolObject(Agent - Checkable a, Location - Checkable l, Receptacle - Checkable r, Obj - Checkable o) {
    preconditions = [
      (coolable(o) and receptacleType(r, fridgeType) and atLocation(a, l) and receptacleAtLocation(r, l) and holds(a, o))
    ]
    effects = [
      isCool(o) := true
      isHot(o) := false
    ]
  }
  action toggleObject(Agent - Checkable a, Location - Checkable l, Obj - Checkable o, Receptacle - Checkable r) {
    preconditions = [
      (toggleable(o) and atLocation(a, l) and receptacleAtLocation(r, l) and inReceptacle(o, r))
    ]
    effects = [
      if isOn(o) then isOn(o) := false
      if (not isOn(o)) then isOn(o) := true
      isToggled(o) := true
    ]
  }
  action sliceObject(Agent - Checkable a, Location - Checkable l, Obj - Checkable co, Obj - Checkable ko) {
    preconditions = [
      (sliceable(co) and (objectType(ko, knifeType) or objectType(ko, butterKnifeType)) and atLocation(a, l) and objectAtLocation(co, l) and holds(a, ko))
    ]
    effects = [
      isSliced(co) := true
    ]
  }
  action help(Agent - Checkable a) {
    preconditions = [
    ]
    effects = [
      checked(a) := true
    ]
  }
]

objects = [
  ReceptacleType: [sinkBasinType, microwaveType, fridgeType, bedType, towelHolderType, safeType, coffeeMachineType]
  ObjectType: [knifeType, butterKnifeType, potType, panType, newspaperType, lettuceType, laptopType, vaseType, eggType, potatoType, keyChainType, mugType]
  Checkable: [agent1, location1, location2, location3, location4, location5, location6, location7, location8, location9, location10, fridge_1, bed_2, towelHolder_3, safe_4, coffeeMachine_5, fridge_6, bed_7, fridge_8, bed_9, safe_10, microwave_11, fridge_12, pot_1, pan_2, newspaper_3, lettuce_4, laptop_5, vase_6, egg_7, potato_8, keyChain_9, mug_10]
  Agent - Checkable: [agent1]
  Location - Checkable: [location1, location2, location3, location4, location5, location6, location7, location8, location9, location10]
  Receptacle - Checkable: [fridge_1, bed_2, towelHolder_3, safe_4, coffeeMachine_5, fridge_6, bed_7, fridge_8, bed_9, safe_10, microwave_11, fridge_12]
  Obj - Checkable: [pot_1, pan_2, newspaper_3, lettuce_4, laptop_5, vase_6, egg_7, potato_8, keyChain_9, mug_10]
]

initial fluents default = [
  bool atLocation[a=Agent - Checkable, l=Location - Checkable] := false
  bool receptacleAtLocation[r=Receptacle - Checkable, l=Location - Checkable] := false
  bool objectAtLocation[o=Obj - Checkable, l=Location - Checkable] := false
  bool openable[r=Receptacle - Checkable] := false
  bool opened[r=Receptacle - Checkable] := false
  bool inReceptacle[o=Obj - Checkable, r=Receptacle - Checkable] := false
  bool isReceptacleObject[o=Obj - Checkable] := false
  bool inReceptacleObject[innerObject=Obj - Checkable, outObject=Obj - Checkable] := false
  bool isReceptacleObjectFull[o=Obj - Checkable] := false
  bool wasInReceptacle[o=Obj - Checkable, r=Receptacle - Checkable] := false
  bool checked[c=Checkable] := false
  bool examined[l=Location - Checkable] := false
  bool receptacleType[r=Receptacle - Checkable, rt=ReceptacleType] := false
  bool canContain[rt=ReceptacleType, ot=ObjectType] := false
  bool objectType[o=Obj - Checkable, t=ObjectType] := false
  bool holds[a=Agent - Checkable, o=Obj - Checkable] := false
  bool holdsAny[a=Agent - Checkable] := false
  bool holdsAnyReceptacleObject[a=Agent - Checkable] := false
  bool full[r=Receptacle - Checkable] := false
  bool isClean[o=Obj - Checkable] := false
  bool cleanable[o=Obj - Checkable] := false
  bool isHot[o=Obj - Checkable] := false
  bool heatable[o=Obj - Checkable] := false
  bool isCool[o=Obj - Checkable] := false
  bool coolable[o=Obj - Checkable] := false
  bool pickupable[o=Obj - Checkable] := false
  bool moveable[o=Obj - Checkable] := false
  bool toggleable[o=Obj - Checkable] := false
  bool isOn[o=Obj - Checkable] := false
  bool isToggled[o=Obj - Checkable] := false
  bool sliceable[o=Obj - Checkable] := false
  bool isSliced[o=Obj - Checkable] := false
]

initial values = [
  receptacleType(fridge_1, fridgeType) := true
  receptacleType(bed_2, bedType) := true
  receptacleType(towelHolder_3, towelHolderType) := true
  receptacleType(safe_4, safeType) := true
  receptacleType(coffeeMachine_5, coffeeMachineType) := true
  receptacleType(fridge_6, fridgeType) := true
  receptacleType(bed_7, bedType) := true
  receptacleType(fridge_8, fridgeType) := true
  receptacleType(bed_9, bedType) := true
  receptacleType(safe_10, safeType) := true
  receptacleType(microwave_11, microwaveType) := true
  receptacleType(fridge_12, fridgeType) := true
  objectType(pot_1, potType) := true
  objectType(pan_2, panType) := true
  objectType(newspaper_3, newspaperType) := true
  objectType(lettuce_4, lettuceType) := true
  objectType(laptop_5, laptopType) := true
  objectType(vase_6, vaseType) := true
  objectType(egg_7, eggType) := true
  objectType(potato_8, potatoType) := true
  objectType(keyChain_9, keyChainType) := true
  objectType(mug_10, mugType) := true
  canContain(fridgeType, potType) := true
  canContain(fridgeType, panType) := true
  canContain(fridgeType, lettuceType) := true
  canContain(fridgeType, eggType) := true
  canContain(fridgeType, potatoType) := true
  canContain(fridgeType, mugType) := true
  canContain(bedType, newspaperType) := true
  canContain(bedType, laptopType) := true
  canContain(safeType, vaseType) := true
  canContain(safeType, keyChainType) := true
  canContain(coffeeMachineType, mugType) := true
  canContain(microwaveType, eggType) := true
  canContain(microwaveType, potatoType) := true
  canContain(microwaveType, mugType) := true
  pickupable(pot_1) := true
  isReceptacleObject(pot_1) := true
  cleanable(pot_1) := true
  coolable(pot_1) := true
  pickupable(pan_2) := true
  isReceptacleObject(pan_2) := true
  cleanable(pan_2) := true
  coolable(pan_2) := true
  pickupable(newspaper_3) := true
  pickupable(lettuce_4) := true
  cleanable(lettuce_4) := true
  coolable(lettuce_4) := true
  sliceable(lettuce_4) := true
  pickupable(laptop_5) := true
  pickupable(vase_6) := true
  pickupable(egg_7) := true
  cleanable(egg_7) := true
  heatable(egg_7) := true
  coolable(egg_7) := true
  sliceable(egg_7) := true
  pickupable(potato_8) := true
  cleanable(potato_8) := true
  heatable(potato_8) := true
  coolable(potato_8) := true
  sliceable(potato_8) := true
  pickupable(keyChain_9) := true
  pickupable(mug_10) := true
  isReceptacleObject(mug_10) := true
  cleanable(mug_10) := true
  heatable(mug_10) := true
  coolable(mug_10) := true
  receptacleAtLocation(fridge_1, location4) := true
  receptacleAtLocation(bed_2, location1) := true
  receptacleAtLocation(towelHolder_3, location8) := true
  receptacleAtLocation(safe_4, location3) := true
  receptacleAtLocation(coffeeMachine_5, location8) := true
  receptacleAtLocation(fridge_6, location1) := true
  receptacleAtLocation(bed_7, location1) := true
  receptacleAtLocation(fridge_8, location2) := true
  receptacleAtLocation(bed_9, location10) := true
  receptacleAtLocation(safe_10, location2) := true
  receptacleAtLocation(microwave_11, location3) := true
  receptacleAtLocation(fridge_12, location9) := true
  inReceptacle(pot_1, fridge_8) := true
  inReceptacle(pan_2, fridge_1) := true
  inReceptacle(newspaper_3, bed_7) := true
  inReceptacle(lettuce_4, fridge_6) := true
  inReceptacle(laptop_5, bed_2) := true
  inReceptacle(vase_6, safe_10) := true
  inReceptacle(egg_7, fridge_6) := true
  inReceptacle(potato_8, fridge_8) := true
  inReceptacle(keyChain_9, safe_10) := true
  inReceptacle(mug_10, coffeeMachine_5) := true
  objectAtLocation(pot_1, location2) := true
  objectAtLocation(pan_2, location4) := true
  objectAtLocation(newspaper_3, location1) := true
  objectAtLocation(lettuce_4, location1) := true
  objectAtLocation(laptop_5, location1) := true
  objectAtLocation(vase_6, location2) := true
  objectAtLocation(egg_7, location1) := true
  objectAtLocation(potato_8, location2) := true
  objectAtLocation(keyChain_9, location2) := true
  objectAtLocation(mug_10, location8) := true
  atLocation(agent1, location4) := true
]

goals = [
  Exists (Receptacle - Checkable r) Exists (Obj - Checkable o) (heatable(o) and objectType(o, mugType) and receptacleType(r, microwaveType) and isHot(o) and inReceptacle(o, r))
]

quality metrics = [
  minimize sequential-plan-length
]


2025-06-17 11:16:03,913 - INFO - Generating plan for unconstrained problem

2025-06-17 11:16:04,333 - INFO - Unconstrained plan generation time: 0.4192800521850586

2025-06-17 11:16:04,333 - INFO - Unconstrained plan and cost: 
2025-06-17 11:16:04,333 - INFO - SequentialPlan:
    goToLocation(agent1, location4, location8)
    pickupObject(agent1, location8, mug_10, coffeeMachine_5)
    goToLocation(agent1, location8, location3)
    heatObject(agent1, location3, microwave_11, mug_10)
    putObject(agent1, location3, mug_10, microwave_11, mugType, microwaveType)
2025-06-17 11:16:04,333 - INFO - 5
2025-06-17 11:16:04,559 - INFO - Sampled constraints:

2025-06-17 11:16:04,559 - INFO - Sometime(atLocation(agent1, location9))
2025-06-17 11:16:04,560 - INFO - 
2025-06-17 11:16:04,560 - INFO - Generation time: 0.22609257698059082

2025-06-17 11:16:04,560 - INFO - Generating plan for constrained problem (with LiftedTCORE).

2025-06-17 11:16:04,597 - INFO - LiftedTCORE compilation time: 0.037217140197753906

2025-06-17 11:16:05,032 - INFO - Planning Time with LiftedTCORE's file: 0.4344782829284668

2025-06-17 11:16:05,032 - INFO - Plan found with LiftedTCORE + sym_bd: SequentialPlan:
    goToLocation(agent1, location4, location8)
    pickupObject(agent1, location8, mug_10, coffeeMachine_5)
    goToLocation(agent1, location8, location3)
    heatObject(agent1, location3, microwave_11, mug_10)
    putObject(agent1, location3, mug_10, microwave_11, mugType, microwaveType)
    goToLocation(agent1, location3, location9)
2025-06-17 11:16:05,033 - INFO - Seed: 51 is solvable

2025-06-17 11:16:05,033 - INFO - Unconstrained cost: 5
2025-06-17 11:16:05,033 - INFO - Constrained cost: 6
2025-06-17 11:16:05,033 - INFO - Seed: 51 Plan simulation is feasible
2025-06-17 11:16:05,033 - INFO - 
Seed: 51 
 Plan: [goToLocation(agent1, location4, location8), pickupObject(agent1, location8, mug_10, coffeeMachine_5), goToLocation(agent1, location8, location3), heatObject(agent1, location3, microwave_11, mug_10), putObject(agent1, location3, mug_10, microwave_11, mugType, microwaveType), goToLocation(agent1, location3, location9)]  
 Cost: 6

