2025-06-17 10:22:49,513 - INFO - 
================= Seed: 830 =================

2025-06-17 10:22:49,518 - INFO - problem name = alfred

types = [ReceptacleType, ObjectType, Checkable, Agent - Checkable, Location - Checkable, Receptacle - Checkable, Obj - Checkable]

fluents = [
  bool atLocation[a=Agent - Checkable, l=Location - Checkable]
  bool receptacleAtLocation[r=Receptacle - Checkable, l=Location - Checkable]
  bool objectAtLocation[o=Obj - Checkable, l=Location - Checkable]
  bool openable[r=Receptacle - Checkable]
  bool opened[r=Receptacle - Checkable]
  bool inReceptacle[o=Obj - Checkable, r=Receptacle - Checkable]
  bool isReceptacleObject[o=Obj - Checkable]
  bool inReceptacleObject[innerObject=Obj - Checkable, outObject=Obj - Checkable]
  bool isReceptacleObjectFull[o=Obj - Checkable]
  bool wasInReceptacle[o=Obj - Checkable, r=Receptacle - Checkable]
  bool checked[c=Checkable]
  bool examined[l=Location - Checkable]
  bool receptacleType[r=Receptacle - Checkable, rt=ReceptacleType]
  bool canContain[rt=ReceptacleType, ot=ObjectType]
  bool objectType[o=Obj - Checkable, t=ObjectType]
  bool holds[a=Agent - Checkable, o=Obj - Checkable]
  bool holdsAny[a=Agent - Checkable]
  bool holdsAnyReceptacleObject[a=Agent - Checkable]
  bool full[r=Receptacle - Checkable]
  bool isClean[o=Obj - Checkable]
  bool cleanable[o=Obj - Checkable]
  bool isHot[o=Obj - Checkable]
  bool heatable[o=Obj - Checkable]
  bool isCool[o=Obj - Checkable]
  bool coolable[o=Obj - Checkable]
  bool pickupable[o=Obj - Checkable]
  bool moveable[o=Obj - Checkable]
  bool toggleable[o=Obj - Checkable]
  bool isOn[o=Obj - Checkable]
  bool isToggled[o=Obj - Checkable]
  bool sliceable[o=Obj - Checkable]
  bool isSliced[o=Obj - Checkable]
]

actions = [
  action look(Agent - Checkable a, Location - Checkable l) {
    preconditions = [
      atLocation(a, l)
    ]
    effects = [
      checked(l) := true
    ]
  }
  action inventory(Agent - Checkable a) {
    preconditions = [
    ]
    effects = [
      checked(a) := true
    ]
  }
  action examineReceptacle(Agent - Checkable a, Receptacle - Checkable r) {
    preconditions = [
      Exists (Location - Checkable l) (atLocation(a, l) and receptacleAtLocation(r, l))
    ]
    effects = [
      checked(r) := true
    ]
  }
  action examineObject(Agent - Checkable a, Obj - Checkable o) {
    preconditions = [
      (Exists (Location - Checkable l) Exists (Receptacle - Checkable r) (atLocation(a, l) and receptacleAtLocation(r, l) and inReceptacle(o, r) and ((not openable(r)) or opened(r))) or holds(a, o))
    ]
    effects = [
      checked(o) := true
    ]
  }
  action goToLocation(Agent - Checkable a, Location - Checkable lstart, Location - Checkable lend) {
    preconditions = [
      atLocation(a, lstart)
    ]
    effects = [
      atLocation(a, lstart) := false
      atLocation(a, lend) := true
    ]
  }
  action openObject(Agent - Checkable a, Location - Checkable l, Receptacle - Checkable r) {
    preconditions = [
      (openable(r) and atLocation(a, l) and receptacleAtLocation(r, l) and (not opened(r)))
    ]
    effects = [
      opened(r) := true
      checked(r) := true
    ]
  }
  action closeObject(Agent - Checkable a, Location - Checkable l, Receptacle - Checkable r) {
    preconditions = [
      (openable(r) and atLocation(a, l) and receptacleAtLocation(r, l) and opened(r))
    ]
    effects = [
      opened(r) := false
    ]
  }
  action pickupObject(Agent - Checkable a, Location - Checkable l, Obj - Checkable o, Receptacle - Checkable r) {
    preconditions = [
      (pickupable(o) and atLocation(a, l) and receptacleAtLocation(r, l) and inReceptacle(o, r) and (not holdsAny(a)) and ((not openable(r)) or opened(r)))
    ]
    effects = [
      inReceptacle(o, r) := false
      holds(a, o) := true
      holdsAny(a) := true
      objectAtLocation(o, l) := false
    ]
  }
  action putObject(Agent - Checkable a, Location - Checkable l, Obj - Checkable o, Receptacle - Checkable r, ObjectType ot, ReceptacleType rt) {
    preconditions = [
      (holds(a, o) and atLocation(a, l) and receptacleAtLocation(r, l) and ((not openable(r)) or opened(r)) and objectType(o, ot) and receptacleType(r, rt) and canContain(rt, ot))
    ]
    effects = [
      inReceptacle(o, r) := true
      objectAtLocation(o, l) := true
      holds(a, o) := false
      holdsAny(a) := false
    ]
  }
  action cleanObject(Agent - Checkable a, Location - Checkable l, Receptacle - Checkable r, Obj - Checkable o) {
    preconditions = [
      (cleanable(o) and receptacleType(r, sinkBasinType) and atLocation(a, l) and receptacleAtLocation(r, l) and holds(a, o))
    ]
    effects = [
      isClean(o) := true
    ]
  }
  action heatObject(Agent - Checkable a, Location - Checkable l, Receptacle - Checkable r, Obj - Checkable o) {
    preconditions = [
      (heatable(o) and receptacleType(r, microwaveType) and atLocation(a, l) and receptacleAtLocation(r, l) and holds(a, o))
    ]
    effects = [
      isHot(o) := true
      isCool(o) := false
    ]
  }
  action coolObject(Agent - Checkable a, Location - Checkable l, Receptacle - Checkable r, Obj - Checkable o) {
    preconditions = [
      (coolable(o) and receptacleType(r, fridgeType) and atLocation(a, l) and receptacleAtLocation(r, l) and holds(a, o))
    ]
    effects = [
      isCool(o) := true
      isHot(o) := false
    ]
  }
  action toggleObject(Agent - Checkable a, Location - Checkable l, Obj - Checkable o, Receptacle - Checkable r) {
    preconditions = [
      (toggleable(o) and atLocation(a, l) and receptacleAtLocation(r, l) and inReceptacle(o, r))
    ]
    effects = [
      if isOn(o) then isOn(o) := false
      if (not isOn(o)) then isOn(o) := true
      isToggled(o) := true
    ]
  }
  action sliceObject(Agent - Checkable a, Location - Checkable l, Obj - Checkable co, Obj - Checkable ko) {
    preconditions = [
      (sliceable(co) and (objectType(ko, knifeType) or objectType(ko, butterKnifeType)) and atLocation(a, l) and objectAtLocation(co, l) and holds(a, ko))
    ]
    effects = [
      isSliced(co) := true
    ]
  }
  action help(Agent - Checkable a) {
    preconditions = [
    ]
    effects = [
      checked(a) := true
    ]
  }
]

objects = [
  ReceptacleType: [sinkBasinType, microwaveType, fridgeType, ottomanType, laundryHamperType, garbageCanType, bedType, deskType, sideTableType]
  ObjectType: [knifeType, butterKnifeType, breadType, soapBarType, plateType, boxType, ladleType, forkType, wineBottleType, tomatoType, potType]
  Checkable: [agent1, location1, location2, location3, location4, location5, location6, location7, location8, location9, location10, sinkBasin_1, ottoman_2, laundryHamper_3, fridge_4, garbageCan_5, bed_6, desk_7, garbageCan_8, sideTable_9, bed_10, bread_1, soapBar_2, plate_3, box_4, ladle_5, soapBar_6, fork_7, wineBottle_8, tomato_9, pot_10]
  Agent - Checkable: [agent1]
  Location - Checkable: [location1, location2, location3, location4, location5, location6, location7, location8, location9, location10]
  Receptacle - Checkable: [sinkBasin_1, ottoman_2, laundryHamper_3, fridge_4, garbageCan_5, bed_6, desk_7, garbageCan_8, sideTable_9, bed_10]
  Obj - Checkable: [bread_1, soapBar_2, plate_3, box_4, ladle_5, soapBar_6, fork_7, wineBottle_8, tomato_9, pot_10]
]

initial fluents default = [
  bool atLocation[a=Agent - Checkable, l=Location - Checkable] := false
  bool receptacleAtLocation[r=Receptacle - Checkable, l=Location - Checkable] := false
  bool objectAtLocation[o=Obj - Checkable, l=Location - Checkable] := false
  bool openable[r=Receptacle - Checkable] := false
  bool opened[r=Receptacle - Checkable] := false
  bool inReceptacle[o=Obj - Checkable, r=Receptacle - Checkable] := false
  bool isReceptacleObject[o=Obj - Checkable] := false
  bool inReceptacleObject[innerObject=Obj - Checkable, outObject=Obj - Checkable] := false
  bool isReceptacleObjectFull[o=Obj - Checkable] := false
  bool wasInReceptacle[o=Obj - Checkable, r=Receptacle - Checkable] := false
  bool checked[c=Checkable] := false
  bool examined[l=Location - Checkable] := false
  bool receptacleType[r=Receptacle - Checkable, rt=ReceptacleType] := false
  bool canContain[rt=ReceptacleType, ot=ObjectType] := false
  bool objectType[o=Obj - Checkable, t=ObjectType] := false
  bool holds[a=Agent - Checkable, o=Obj - Checkable] := false
  bool holdsAny[a=Agent - Checkable] := false
  bool holdsAnyReceptacleObject[a=Agent - Checkable] := false
  bool full[r=Receptacle - Checkable] := false
  bool isClean[o=Obj - Checkable] := false
  bool cleanable[o=Obj - Checkable] := false
  bool isHot[o=Obj - Checkable] := false
  bool heatable[o=Obj - Checkable] := false
  bool isCool[o=Obj - Checkable] := false
  bool coolable[o=Obj - Checkable] := false
  bool pickupable[o=Obj - Checkable] := false
  bool moveable[o=Obj - Checkable] := false
  bool toggleable[o=Obj - Checkable] := false
  bool isOn[o=Obj - Checkable] := false
  bool isToggled[o=Obj - Checkable] := false
  bool sliceable[o=Obj - Checkable] := false
  bool isSliced[o=Obj - Checkable] := false
]

initial values = [
  receptacleType(sinkBasin_1, sinkBasinType) := true
  receptacleType(ottoman_2, ottomanType) := true
  receptacleType(laundryHamper_3, laundryHamperType) := true
  receptacleType(fridge_4, fridgeType) := true
  receptacleType(garbageCan_5, garbageCanType) := true
  receptacleType(bed_6, bedType) := true
  receptacleType(desk_7, deskType) := true
  receptacleType(garbageCan_8, garbageCanType) := true
  receptacleType(sideTable_9, sideTableType) := true
  receptacleType(bed_10, bedType) := true
  objectType(bread_1, breadType) := true
  objectType(soapBar_2, soapBarType) := true
  objectType(plate_3, plateType) := true
  objectType(box_4, boxType) := true
  objectType(ladle_5, ladleType) := true
  objectType(soapBar_6, soapBarType) := true
  objectType(fork_7, forkType) := true
  objectType(wineBottle_8, wineBottleType) := true
  objectType(tomato_9, tomatoType) := true
  objectType(pot_10, potType) := true
  canContain(sinkBasinType, soapBarType) := true
  canContain(sinkBasinType, plateType) := true
  canContain(sinkBasinType, ladleType) := true
  canContain(sinkBasinType, forkType) := true
  canContain(sinkBasinType, tomatoType) := true
  canContain(sinkBasinType, potType) := true
  canContain(ottomanType, boxType) := true
  canContain(fridgeType, breadType) := true
  canContain(fridgeType, plateType) := true
  canContain(fridgeType, wineBottleType) := true
  canContain(fridgeType, tomatoType) := true
  canContain(fridgeType, potType) := true
  canContain(garbageCanType, breadType) := true
  canContain(garbageCanType, soapBarType) := true
  canContain(garbageCanType, wineBottleType) := true
  canContain(garbageCanType, tomatoType) := true
  canContain(deskType, plateType) := true
  canContain(deskType, boxType) := true
  canContain(deskType, wineBottleType) := true
  canContain(sideTableType, breadType) := true
  canContain(sideTableType, soapBarType) := true
  canContain(sideTableType, plateType) := true
  canContain(sideTableType, boxType) := true
  canContain(sideTableType, ladleType) := true
  canContain(sideTableType, forkType) := true
  canContain(sideTableType, wineBottleType) := true
  canContain(sideTableType, tomatoType) := true
  canContain(sideTableType, potType) := true
  pickupable(bread_1) := true
  heatable(bread_1) := true
  coolable(bread_1) := true
  sliceable(bread_1) := true
  pickupable(soapBar_2) := true
  cleanable(soapBar_2) := true
  pickupable(plate_3) := true
  isReceptacleObject(plate_3) := true
  cleanable(plate_3) := true
  heatable(plate_3) := true
  coolable(plate_3) := true
  pickupable(box_4) := true
  isReceptacleObject(box_4) := true
  pickupable(ladle_5) := true
  cleanable(ladle_5) := true
  pickupable(soapBar_6) := true
  cleanable(soapBar_6) := true
  pickupable(fork_7) := true
  cleanable(fork_7) := true
  pickupable(wineBottle_8) := true
  pickupable(tomato_9) := true
  cleanable(tomato_9) := true
  heatable(tomato_9) := true
  coolable(tomato_9) := true
  sliceable(tomato_9) := true
  pickupable(pot_10) := true
  isReceptacleObject(pot_10) := true
  cleanable(pot_10) := true
  coolable(pot_10) := true
  receptacleAtLocation(sinkBasin_1, location5) := true
  receptacleAtLocation(ottoman_2, location5) := true
  receptacleAtLocation(laundryHamper_3, location5) := true
  receptacleAtLocation(fridge_4, location8) := true
  receptacleAtLocation(garbageCan_5, location9) := true
  receptacleAtLocation(bed_6, location6) := true
  receptacleAtLocation(desk_7, location8) := true
  receptacleAtLocation(garbageCan_8, location4) := true
  receptacleAtLocation(sideTable_9, location9) := true
  receptacleAtLocation(bed_10, location8) := true
  inReceptacle(box_4, ottoman_2) := true
  inReceptacle(soapBar_6, garbageCan_8) := true
  inReceptacle(fork_7, sideTable_9) := true
  inReceptacle(wineBottle_8, garbageCan_5) := true
  inReceptacle(tomato_9, sinkBasin_1) := true
  objectAtLocation(bread_1, location1) := true
  objectAtLocation(soapBar_2, location3) := true
  objectAtLocation(plate_3, location8) := true
  objectAtLocation(box_4, location5) := true
  objectAtLocation(ladle_5, location9) := true
  objectAtLocation(soapBar_6, location4) := true
  objectAtLocation(fork_7, location9) := true
  objectAtLocation(wineBottle_8, location9) := true
  objectAtLocation(tomato_9, location5) := true
  objectAtLocation(pot_10, location7) := true
  atLocation(agent1, location9) := true
]

goals = [
  Exists (Receptacle - Checkable r) Exists (Obj - Checkable o) (coolable(o) and objectType(o, tomatoType) and receptacleType(r, sinkBasinType) and isCool(o) and inReceptacle(o, r))
]

quality metrics = [
  minimize sequential-plan-length
]


2025-06-17 10:22:49,520 - INFO - Generating plan for unconstrained problem

2025-06-17 10:22:49,898 - INFO - Unconstrained plan generation time: 0.3777472972869873

2025-06-17 10:22:49,898 - INFO - Unconstrained plan and cost: 
2025-06-17 10:22:49,898 - INFO - SequentialPlan:
    goToLocation(agent1, location9, location5)
    pickupObject(agent1, location5, tomato_9, sinkBasin_1)
    goToLocation(agent1, location5, location8)
    coolObject(agent1, location8, fridge_4, tomato_9)
    goToLocation(agent1, location8, location5)
    putObject(agent1, location5, tomato_9, sinkBasin_1, tomatoType, sinkBasinType)
2025-06-17 10:22:49,898 - INFO - 6
2025-06-17 10:22:50,217 - INFO - Sampled constraints:

2025-06-17 10:22:50,217 - INFO - At-Most-Once(atLocation(agent1, location5))
2025-06-17 10:22:50,217 - INFO - 
2025-06-17 10:22:50,218 - INFO - Generation time: 0.3190927505493164

2025-06-17 10:22:50,225 - INFO - Generating plan for constrained problem (with LiftedTCORE).

2025-06-17 10:22:50,262 - INFO - LiftedTCORE compilation time: 0.03661084175109863

2025-06-17 10:22:50,648 - INFO - Planning Time with LiftedTCORE's file: 0.3791086673736572

