2025-06-17 10:23:26,256 - INFO - 
================= Seed: 887 =================

2025-06-17 10:23:26,260 - INFO - problem name = alfred

types = [ReceptacleType, ObjectType, Checkable, Agent - Checkable, Location - Checkable, Receptacle - Checkable, Obj - Checkable]

fluents = [
  bool atLocation[a=Agent - Checkable, l=Location - Checkable]
  bool receptacleAtLocation[r=Receptacle - Checkable, l=Location - Checkable]
  bool objectAtLocation[o=Obj - Checkable, l=Location - Checkable]
  bool openable[r=Receptacle - Checkable]
  bool opened[r=Receptacle - Checkable]
  bool inReceptacle[o=Obj - Checkable, r=Receptacle - Checkable]
  bool isReceptacleObject[o=Obj - Checkable]
  bool inReceptacleObject[innerObject=Obj - Checkable, outObject=Obj - Checkable]
  bool isReceptacleObjectFull[o=Obj - Checkable]
  bool wasInReceptacle[o=Obj - Checkable, r=Receptacle - Checkable]
  bool checked[c=Checkable]
  bool examined[l=Location - Checkable]
  bool receptacleType[r=Receptacle - Checkable, rt=ReceptacleType]
  bool canContain[rt=ReceptacleType, ot=ObjectType]
  bool objectType[o=Obj - Checkable, t=ObjectType]
  bool holds[a=Agent - Checkable, o=Obj - Checkable]
  bool holdsAny[a=Agent - Checkable]
  bool holdsAnyReceptacleObject[a=Agent - Checkable]
  bool full[r=Receptacle - Checkable]
  bool isClean[o=Obj - Checkable]
  bool cleanable[o=Obj - Checkable]
  bool isHot[o=Obj - Checkable]
  bool heatable[o=Obj - Checkable]
  bool isCool[o=Obj - Checkable]
  bool coolable[o=Obj - Checkable]
  bool pickupable[o=Obj - Checkable]
  bool moveable[o=Obj - Checkable]
  bool toggleable[o=Obj - Checkable]
  bool isOn[o=Obj - Checkable]
  bool isToggled[o=Obj - Checkable]
  bool sliceable[o=Obj - Checkable]
  bool isSliced[o=Obj - Checkable]
]

actions = [
  action look(Agent - Checkable a, Location - Checkable l) {
    preconditions = [
      atLocation(a, l)
    ]
    effects = [
      checked(l) := true
    ]
  }
  action inventory(Agent - Checkable a) {
    preconditions = [
    ]
    effects = [
      checked(a) := true
    ]
  }
  action examineReceptacle(Agent - Checkable a, Receptacle - Checkable r) {
    preconditions = [
      Exists (Location - Checkable l) (atLocation(a, l) and receptacleAtLocation(r, l))
    ]
    effects = [
      checked(r) := true
    ]
  }
  action examineObject(Agent - Checkable a, Obj - Checkable o) {
    preconditions = [
      (Exists (Location - Checkable l) Exists (Receptacle - Checkable r) (atLocation(a, l) and receptacleAtLocation(r, l) and inReceptacle(o, r) and ((not openable(r)) or opened(r))) or holds(a, o))
    ]
    effects = [
      checked(o) := true
    ]
  }
  action goToLocation(Agent - Checkable a, Location - Checkable lstart, Location - Checkable lend) {
    preconditions = [
      atLocation(a, lstart)
    ]
    effects = [
      atLocation(a, lstart) := false
      atLocation(a, lend) := true
    ]
  }
  action openObject(Agent - Checkable a, Location - Checkable l, Receptacle - Checkable r) {
    preconditions = [
      (openable(r) and atLocation(a, l) and receptacleAtLocation(r, l) and (not opened(r)))
    ]
    effects = [
      opened(r) := true
      checked(r) := true
    ]
  }
  action closeObject(Agent - Checkable a, Location - Checkable l, Receptacle - Checkable r) {
    preconditions = [
      (openable(r) and atLocation(a, l) and receptacleAtLocation(r, l) and opened(r))
    ]
    effects = [
      opened(r) := false
    ]
  }
  action pickupObject(Agent - Checkable a, Location - Checkable l, Obj - Checkable o, Receptacle - Checkable r) {
    preconditions = [
      (pickupable(o) and atLocation(a, l) and receptacleAtLocation(r, l) and inReceptacle(o, r) and (not holdsAny(a)) and ((not openable(r)) or opened(r)))
    ]
    effects = [
      inReceptacle(o, r) := false
      holds(a, o) := true
      holdsAny(a) := true
      objectAtLocation(o, l) := false
    ]
  }
  action putObject(Agent - Checkable a, Location - Checkable l, Obj - Checkable o, Receptacle - Checkable r, ObjectType ot, ReceptacleType rt) {
    preconditions = [
      (holds(a, o) and atLocation(a, l) and receptacleAtLocation(r, l) and ((not openable(r)) or opened(r)) and objectType(o, ot) and receptacleType(r, rt) and canContain(rt, ot))
    ]
    effects = [
      inReceptacle(o, r) := true
      objectAtLocation(o, l) := true
      holds(a, o) := false
      holdsAny(a) := false
    ]
  }
  action cleanObject(Agent - Checkable a, Location - Checkable l, Receptacle - Checkable r, Obj - Checkable o) {
    preconditions = [
      (cleanable(o) and receptacleType(r, sinkBasinType) and atLocation(a, l) and receptacleAtLocation(r, l) and holds(a, o))
    ]
    effects = [
      isClean(o) := true
    ]
  }
  action heatObject(Agent - Checkable a, Location - Checkable l, Receptacle - Checkable r, Obj - Checkable o) {
    preconditions = [
      (heatable(o) and receptacleType(r, microwaveType) and atLocation(a, l) and receptacleAtLocation(r, l) and holds(a, o))
    ]
    effects = [
      isHot(o) := true
      isCool(o) := false
    ]
  }
  action coolObject(Agent - Checkable a, Location - Checkable l, Receptacle - Checkable r, Obj - Checkable o) {
    preconditions = [
      (coolable(o) and receptacleType(r, fridgeType) and atLocation(a, l) and receptacleAtLocation(r, l) and holds(a, o))
    ]
    effects = [
      isCool(o) := true
      isHot(o) := false
    ]
  }
  action toggleObject(Agent - Checkable a, Location - Checkable l, Obj - Checkable o, Receptacle - Checkable r) {
    preconditions = [
      (toggleable(o) and atLocation(a, l) and receptacleAtLocation(r, l) and inReceptacle(o, r))
    ]
    effects = [
      if isOn(o) then isOn(o) := false
      if (not isOn(o)) then isOn(o) := true
      isToggled(o) := true
    ]
  }
  action sliceObject(Agent - Checkable a, Location - Checkable l, Obj - Checkable co, Obj - Checkable ko) {
    preconditions = [
      (sliceable(co) and (objectType(ko, knifeType) or objectType(ko, butterKnifeType)) and atLocation(a, l) and objectAtLocation(co, l) and holds(a, ko))
    ]
    effects = [
      isSliced(co) := true
    ]
  }
  action help(Agent - Checkable a) {
    preconditions = [
    ]
    effects = [
      checked(a) := true
    ]
  }
]

objects = [
  ReceptacleType: [sinkBasinType, microwaveType, fridgeType, toiletPaperHangerType, diningTableType, bedType, counterTopType, deskType, stoveBurnerType]
  ObjectType: [knifeType, butterKnifeType, plateType, newspaperType, vaseType, penType, potatoType, paperTowelType, kettleType, bowlType]
  Checkable: [agent1, location1, location2, location3, location4, location5, location6, location7, location8, location9, location10, toiletPaperHanger_1, diningTable_2, toiletPaperHanger_3, bed_4, counterTop_5, counterTop_6, desk_7, desk_8, bed_9, stoveBurner_10, butterKnife_1, plate_2, newspaper_3, vase_4, pen_5, newspaper_6, potato_7, paperTowel_8, kettle_9, bowl_10]
  Agent - Checkable: [agent1]
  Location - Checkable: [location1, location2, location3, location4, location5, location6, location7, location8, location9, location10]
  Receptacle - Checkable: [toiletPaperHanger_1, diningTable_2, toiletPaperHanger_3, bed_4, counterTop_5, counterTop_6, desk_7, desk_8, bed_9, stoveBurner_10]
  Obj - Checkable: [butterKnife_1, plate_2, newspaper_3, vase_4, pen_5, newspaper_6, potato_7, paperTowel_8, kettle_9, bowl_10]
]

initial fluents default = [
  bool atLocation[a=Agent - Checkable, l=Location - Checkable] := false
  bool receptacleAtLocation[r=Receptacle - Checkable, l=Location - Checkable] := false
  bool objectAtLocation[o=Obj - Checkable, l=Location - Checkable] := false
  bool openable[r=Receptacle - Checkable] := false
  bool opened[r=Receptacle - Checkable] := false
  bool inReceptacle[o=Obj - Checkable, r=Receptacle - Checkable] := false
  bool isReceptacleObject[o=Obj - Checkable] := false
  bool inReceptacleObject[innerObject=Obj - Checkable, outObject=Obj - Checkable] := false
  bool isReceptacleObjectFull[o=Obj - Checkable] := false
  bool wasInReceptacle[o=Obj - Checkable, r=Receptacle - Checkable] := false
  bool checked[c=Checkable] := false
  bool examined[l=Location - Checkable] := false
  bool receptacleType[r=Receptacle - Checkable, rt=ReceptacleType] := false
  bool canContain[rt=ReceptacleType, ot=ObjectType] := false
  bool objectType[o=Obj - Checkable, t=ObjectType] := false
  bool holds[a=Agent - Checkable, o=Obj - Checkable] := false
  bool holdsAny[a=Agent - Checkable] := false
  bool holdsAnyReceptacleObject[a=Agent - Checkable] := false
  bool full[r=Receptacle - Checkable] := false
  bool isClean[o=Obj - Checkable] := false
  bool cleanable[o=Obj - Checkable] := false
  bool isHot[o=Obj - Checkable] := false
  bool heatable[o=Obj - Checkable] := false
  bool isCool[o=Obj - Checkable] := false
  bool coolable[o=Obj - Checkable] := false
  bool pickupable[o=Obj - Checkable] := false
  bool moveable[o=Obj - Checkable] := false
  bool toggleable[o=Obj - Checkable] := false
  bool isOn[o=Obj - Checkable] := false
  bool isToggled[o=Obj - Checkable] := false
  bool sliceable[o=Obj - Checkable] := false
  bool isSliced[o=Obj - Checkable] := false
]

initial values = [
  receptacleType(toiletPaperHanger_1, toiletPaperHangerType) := true
  receptacleType(diningTable_2, diningTableType) := true
  receptacleType(toiletPaperHanger_3, toiletPaperHangerType) := true
  receptacleType(bed_4, bedType) := true
  receptacleType(counterTop_5, counterTopType) := true
  receptacleType(counterTop_6, counterTopType) := true
  receptacleType(desk_7, deskType) := true
  receptacleType(desk_8, deskType) := true
  receptacleType(bed_9, bedType) := true
  receptacleType(stoveBurner_10, stoveBurnerType) := true
  objectType(butterKnife_1, butterKnifeType) := true
  objectType(plate_2, plateType) := true
  objectType(newspaper_3, newspaperType) := true
  objectType(vase_4, vaseType) := true
  objectType(pen_5, penType) := true
  objectType(newspaper_6, newspaperType) := true
  objectType(potato_7, potatoType) := true
  objectType(paperTowel_8, paperTowelType) := true
  objectType(kettle_9, kettleType) := true
  objectType(bowl_10, bowlType) := true
  canContain(diningTableType, butterKnifeType) := true
  canContain(diningTableType, plateType) := true
  canContain(diningTableType, newspaperType) := true
  canContain(diningTableType, vaseType) := true
  canContain(diningTableType, penType) := true
  canContain(diningTableType, potatoType) := true
  canContain(diningTableType, paperTowelType) := true
  canContain(diningTableType, kettleType) := true
  canContain(diningTableType, bowlType) := true
  canContain(bedType, newspaperType) := true
  canContain(counterTopType, butterKnifeType) := true
  canContain(counterTopType, plateType) := true
  canContain(counterTopType, newspaperType) := true
  canContain(counterTopType, vaseType) := true
  canContain(counterTopType, penType) := true
  canContain(counterTopType, potatoType) := true
  canContain(counterTopType, paperTowelType) := true
  canContain(counterTopType, kettleType) := true
  canContain(counterTopType, bowlType) := true
  canContain(deskType, plateType) := true
  canContain(deskType, newspaperType) := true
  canContain(deskType, vaseType) := true
  canContain(deskType, penType) := true
  canContain(deskType, bowlType) := true
  canContain(stoveBurnerType, kettleType) := true
  pickupable(butterKnife_1) := true
  cleanable(butterKnife_1) := true
  pickupable(plate_2) := true
  isReceptacleObject(plate_2) := true
  cleanable(plate_2) := true
  heatable(plate_2) := true
  coolable(plate_2) := true
  pickupable(newspaper_3) := true
  pickupable(vase_4) := true
  pickupable(pen_5) := true
  pickupable(newspaper_6) := true
  pickupable(potato_7) := true
  cleanable(potato_7) := true
  heatable(potato_7) := true
  coolable(potato_7) := true
  sliceable(potato_7) := true
  pickupable(paperTowel_8) := true
  pickupable(kettle_9) := true
  cleanable(kettle_9) := true
  pickupable(bowl_10) := true
  isReceptacleObject(bowl_10) := true
  cleanable(bowl_10) := true
  coolable(bowl_10) := true
  receptacleAtLocation(toiletPaperHanger_1, location4) := true
  receptacleAtLocation(diningTable_2, location8) := true
  receptacleAtLocation(toiletPaperHanger_3, location10) := true
  receptacleAtLocation(bed_4, location3) := true
  receptacleAtLocation(counterTop_5, location8) := true
  receptacleAtLocation(counterTop_6, location9) := true
  receptacleAtLocation(desk_7, location4) := true
  receptacleAtLocation(desk_8, location10) := true
  receptacleAtLocation(bed_9, location5) := true
  receptacleAtLocation(stoveBurner_10, location2) := true
  inReceptacle(plate_2, desk_7) := true
  inReceptacle(newspaper_3, bed_4) := true
  inReceptacle(vase_4, counterTop_6) := true
  inReceptacle(pen_5, counterTop_5) := true
  inReceptacle(newspaper_6, bed_9) := true
  inReceptacle(bowl_10, counterTop_5) := true
  objectAtLocation(butterKnife_1, location5) := true
  objectAtLocation(plate_2, location4) := true
  objectAtLocation(newspaper_3, location3) := true
  objectAtLocation(vase_4, location9) := true
  objectAtLocation(pen_5, location8) := true
  objectAtLocation(newspaper_6, location5) := true
  objectAtLocation(potato_7, location5) := true
  objectAtLocation(paperTowel_8, location3) := true
  objectAtLocation(kettle_9, location3) := true
  objectAtLocation(bowl_10, location8) := true
  atLocation(agent1, location3) := true
]

goals = [
  Exists (Receptacle - Checkable r) Exists (Obj - Checkable o) (inReceptacle(o, r) and objectType(o, vaseType) and receptacleType(r, diningTableType))
]

quality metrics = [
  minimize sequential-plan-length
]


2025-06-17 10:23:26,262 - INFO - Generating plan for unconstrained problem

2025-06-17 10:23:26,678 - INFO - Unconstrained plan generation time: 0.41527271270751953

2025-06-17 10:23:26,678 - INFO - Unconstrained plan and cost: 
2025-06-17 10:23:26,678 - INFO - SequentialPlan:
    goToLocation(agent1, location3, location9)
    pickupObject(agent1, location9, vase_4, counterTop_6)
    goToLocation(agent1, location9, location8)
    putObject(agent1, location8, vase_4, diningTable_2, vaseType, diningTableType)
2025-06-17 10:23:26,678 - INFO - 4
2025-06-17 10:23:26,922 - INFO - Sampled constraints:

2025-06-17 10:23:26,923 - INFO - Sometime(atLocation(agent1, location8))
2025-06-17 10:23:26,923 - INFO - Sometime-Before(atLocation(agent1, location8), (checked(paperTowel_8) or checked(newspaper_3)))
2025-06-17 10:23:26,923 - INFO - 
2025-06-17 10:23:26,923 - INFO - Generation time: 0.24432921409606934

2025-06-17 10:23:26,930 - INFO - Generating plan for constrained problem (with LiftedTCORE).

2025-06-17 10:23:26,976 - INFO - LiftedTCORE compilation time: 0.0463409423828125

2025-06-17 10:23:27,451 - INFO - Planning Time with LiftedTCORE's file: 0.4669914245605469

2025-06-17 10:23:27,451 - INFO - Plan found with LiftedTCORE + sym_bd: SequentialPlan:
    examineObject(agent1, newspaper_3)
    goToLocation(agent1, location3, location9)
    pickupObject(agent1, location9, vase_4, counterTop_6)
    goToLocation(agent1, location9, location8)
    putObject(agent1, location8, vase_4, diningTable_2, vaseType, diningTableType)
2025-06-17 10:23:27,451 - INFO - Seed: 887 is solvable

2025-06-17 10:23:27,451 - INFO - Unconstrained cost: 4
2025-06-17 10:23:27,451 - INFO - Constrained cost: 5
2025-06-17 10:23:27,451 - INFO - Seed: 887 Plan simulation is feasible
2025-06-17 10:23:27,451 - INFO - 
Seed: 887 
 Plan: [examineObject(agent1, newspaper_3), goToLocation(agent1, location3, location9), pickupObject(agent1, location9, vase_4, counterTop_6), goToLocation(agent1, location9, location8), putObject(agent1, location8, vase_4, diningTable_2, vaseType, diningTableType)]  
 Cost: 5

