2025-06-17 09:53:21,432 - INFO - 
================= Seed: 266 =================

2025-06-17 09:53:21,445 - INFO - problem name = alfred

types = [ReceptacleType, ObjectType, Checkable, Agent - Checkable, Location - Checkable, Receptacle - Checkable, Obj - Checkable]

fluents = [
  bool atLocation[a=Agent - Checkable, l=Location - Checkable]
  bool receptacleAtLocation[r=Receptacle - Checkable, l=Location - Checkable]
  bool objectAtLocation[o=Obj - Checkable, l=Location - Checkable]
  bool openable[r=Receptacle - Checkable]
  bool opened[r=Receptacle - Checkable]
  bool inReceptacle[o=Obj - Checkable, r=Receptacle - Checkable]
  bool isReceptacleObject[o=Obj - Checkable]
  bool inReceptacleObject[innerObject=Obj - Checkable, outObject=Obj - Checkable]
  bool isReceptacleObjectFull[o=Obj - Checkable]
  bool wasInReceptacle[o=Obj - Checkable, r=Receptacle - Checkable]
  bool checked[c=Checkable]
  bool examined[l=Location - Checkable]
  bool receptacleType[r=Receptacle - Checkable, rt=ReceptacleType]
  bool canContain[rt=ReceptacleType, ot=ObjectType]
  bool objectType[o=Obj - Checkable, t=ObjectType]
  bool holds[a=Agent - Checkable, o=Obj - Checkable]
  bool holdsAny[a=Agent - Checkable]
  bool holdsAnyReceptacleObject[a=Agent - Checkable]
  bool full[r=Receptacle - Checkable]
  bool isClean[o=Obj - Checkable]
  bool cleanable[o=Obj - Checkable]
  bool isHot[o=Obj - Checkable]
  bool heatable[o=Obj - Checkable]
  bool isCool[o=Obj - Checkable]
  bool coolable[o=Obj - Checkable]
  bool pickupable[o=Obj - Checkable]
  bool moveable[o=Obj - Checkable]
  bool toggleable[o=Obj - Checkable]
  bool isOn[o=Obj - Checkable]
  bool isToggled[o=Obj - Checkable]
  bool sliceable[o=Obj - Checkable]
  bool isSliced[o=Obj - Checkable]
]

actions = [
  action look(Agent - Checkable a, Location - Checkable l) {
    preconditions = [
      atLocation(a, l)
    ]
    effects = [
      checked(l) := true
    ]
  }
  action inventory(Agent - Checkable a) {
    preconditions = [
    ]
    effects = [
      checked(a) := true
    ]
  }
  action examineReceptacle(Agent - Checkable a, Receptacle - Checkable r) {
    preconditions = [
      Exists (Location - Checkable l) (atLocation(a, l) and receptacleAtLocation(r, l))
    ]
    effects = [
      checked(r) := true
    ]
  }
  action examineObject(Agent - Checkable a, Obj - Checkable o) {
    preconditions = [
      (Exists (Location - Checkable l) Exists (Receptacle - Checkable r) (atLocation(a, l) and receptacleAtLocation(r, l) and inReceptacle(o, r) and ((not openable(r)) or opened(r))) or holds(a, o))
    ]
    effects = [
      checked(o) := true
    ]
  }
  action goToLocation(Agent - Checkable a, Location - Checkable lstart, Location - Checkable lend) {
    preconditions = [
      atLocation(a, lstart)
    ]
    effects = [
      atLocation(a, lstart) := false
      atLocation(a, lend) := true
    ]
  }
  action openObject(Agent - Checkable a, Location - Checkable l, Receptacle - Checkable r) {
    preconditions = [
      (openable(r) and atLocation(a, l) and receptacleAtLocation(r, l) and (not opened(r)))
    ]
    effects = [
      opened(r) := true
      checked(r) := true
    ]
  }
  action closeObject(Agent - Checkable a, Location - Checkable l, Receptacle - Checkable r) {
    preconditions = [
      (openable(r) and atLocation(a, l) and receptacleAtLocation(r, l) and opened(r))
    ]
    effects = [
      opened(r) := false
    ]
  }
  action pickupObject(Agent - Checkable a, Location - Checkable l, Obj - Checkable o, Receptacle - Checkable r) {
    preconditions = [
      (pickupable(o) and atLocation(a, l) and receptacleAtLocation(r, l) and inReceptacle(o, r) and (not holdsAny(a)) and ((not openable(r)) or opened(r)))
    ]
    effects = [
      inReceptacle(o, r) := false
      holds(a, o) := true
      holdsAny(a) := true
      objectAtLocation(o, l) := false
    ]
  }
  action putObject(Agent - Checkable a, Location - Checkable l, Obj - Checkable o, Receptacle - Checkable r, ObjectType ot, ReceptacleType rt) {
    preconditions = [
      (holds(a, o) and atLocation(a, l) and receptacleAtLocation(r, l) and ((not openable(r)) or opened(r)) and objectType(o, ot) and receptacleType(r, rt) and canContain(rt, ot))
    ]
    effects = [
      inReceptacle(o, r) := true
      objectAtLocation(o, l) := true
      holds(a, o) := false
      holdsAny(a) := false
    ]
  }
  action cleanObject(Agent - Checkable a, Location - Checkable l, Receptacle - Checkable r, Obj - Checkable o) {
    preconditions = [
      (cleanable(o) and receptacleType(r, sinkBasinType) and atLocation(a, l) and receptacleAtLocation(r, l) and holds(a, o))
    ]
    effects = [
      isClean(o) := true
    ]
  }
  action heatObject(Agent - Checkable a, Location - Checkable l, Receptacle - Checkable r, Obj - Checkable o) {
    preconditions = [
      (heatable(o) and receptacleType(r, microwaveType) and atLocation(a, l) and receptacleAtLocation(r, l) and holds(a, o))
    ]
    effects = [
      isHot(o) := true
      isCool(o) := false
    ]
  }
  action coolObject(Agent - Checkable a, Location - Checkable l, Receptacle - Checkable r, Obj - Checkable o) {
    preconditions = [
      (coolable(o) and receptacleType(r, fridgeType) and atLocation(a, l) and receptacleAtLocation(r, l) and holds(a, o))
    ]
    effects = [
      isCool(o) := true
      isHot(o) := false
    ]
  }
  action toggleObject(Agent - Checkable a, Location - Checkable l, Obj - Checkable o, Receptacle - Checkable r) {
    preconditions = [
      (toggleable(o) and atLocation(a, l) and receptacleAtLocation(r, l) and inReceptacle(o, r))
    ]
    effects = [
      if isOn(o) then isOn(o) := false
      if (not isOn(o)) then isOn(o) := true
      isToggled(o) := true
    ]
  }
  action sliceObject(Agent - Checkable a, Location - Checkable l, Obj - Checkable co, Obj - Checkable ko) {
    preconditions = [
      (sliceable(co) and (objectType(ko, knifeType) or objectType(ko, butterKnifeType)) and atLocation(a, l) and objectAtLocation(co, l) and holds(a, ko))
    ]
    effects = [
      isSliced(co) := true
    ]
  }
  action help(Agent - Checkable a) {
    preconditions = [
    ]
    effects = [
      checked(a) := true
    ]
  }
]

objects = [
  ReceptacleType: [sinkBasinType, microwaveType, fridgeType, shelfType, safeType, sofaType, sideTableType, dresserType, counterTopType, diningTableType]
  ObjectType: [knifeType, butterKnifeType, alarmClockType, plateType, eggType, saltShakerType, vaseType, watchType, potType, basketBallType, toiletPaperRollType, bowlType]
  Checkable: [agent1, location1, location2, location3, location4, location5, location6, location7, location8, location9, location10, shelf_1, safe_2, sofa_3, sofa_4, sinkBasin_5, sideTable_6, dresser_7, counterTop_8, safe_9, diningTable_10, alarmClock_1, plate_2, egg_3, saltShaker_4, vase_5, watch_6, pot_7, basketBall_8, toiletPaperRoll_9, bowl_10]
  Agent - Checkable: [agent1]
  Location - Checkable: [location1, location2, location3, location4, location5, location6, location7, location8, location9, location10]
  Receptacle - Checkable: [shelf_1, safe_2, sofa_3, sofa_4, sinkBasin_5, sideTable_6, dresser_7, counterTop_8, safe_9, diningTable_10]
  Obj - Checkable: [alarmClock_1, plate_2, egg_3, saltShaker_4, vase_5, watch_6, pot_7, basketBall_8, toiletPaperRoll_9, bowl_10]
]

initial fluents default = [
  bool atLocation[a=Agent - Checkable, l=Location - Checkable] := false
  bool receptacleAtLocation[r=Receptacle - Checkable, l=Location - Checkable] := false
  bool objectAtLocation[o=Obj - Checkable, l=Location - Checkable] := false
  bool openable[r=Receptacle - Checkable] := false
  bool opened[r=Receptacle - Checkable] := false
  bool inReceptacle[o=Obj - Checkable, r=Receptacle - Checkable] := false
  bool isReceptacleObject[o=Obj - Checkable] := false
  bool inReceptacleObject[innerObject=Obj - Checkable, outObject=Obj - Checkable] := false
  bool isReceptacleObjectFull[o=Obj - Checkable] := false
  bool wasInReceptacle[o=Obj - Checkable, r=Receptacle - Checkable] := false
  bool checked[c=Checkable] := false
  bool examined[l=Location - Checkable] := false
  bool receptacleType[r=Receptacle - Checkable, rt=ReceptacleType] := false
  bool canContain[rt=ReceptacleType, ot=ObjectType] := false
  bool objectType[o=Obj - Checkable, t=ObjectType] := false
  bool holds[a=Agent - Checkable, o=Obj - Checkable] := false
  bool holdsAny[a=Agent - Checkable] := false
  bool holdsAnyReceptacleObject[a=Agent - Checkable] := false
  bool full[r=Receptacle - Checkable] := false
  bool isClean[o=Obj - Checkable] := false
  bool cleanable[o=Obj - Checkable] := false
  bool isHot[o=Obj - Checkable] := false
  bool heatable[o=Obj - Checkable] := false
  bool isCool[o=Obj - Checkable] := false
  bool coolable[o=Obj - Checkable] := false
  bool pickupable[o=Obj - Checkable] := false
  bool moveable[o=Obj - Checkable] := false
  bool toggleable[o=Obj - Checkable] := false
  bool isOn[o=Obj - Checkable] := false
  bool isToggled[o=Obj - Checkable] := false
  bool sliceable[o=Obj - Checkable] := false
  bool isSliced[o=Obj - Checkable] := false
]

initial values = [
  receptacleType(shelf_1, shelfType) := true
  receptacleType(safe_2, safeType) := true
  receptacleType(sofa_3, sofaType) := true
  receptacleType(sofa_4, sofaType) := true
  receptacleType(sinkBasin_5, sinkBasinType) := true
  receptacleType(sideTable_6, sideTableType) := true
  receptacleType(dresser_7, dresserType) := true
  receptacleType(counterTop_8, counterTopType) := true
  receptacleType(safe_9, safeType) := true
  receptacleType(diningTable_10, diningTableType) := true
  objectType(alarmClock_1, alarmClockType) := true
  objectType(plate_2, plateType) := true
  objectType(egg_3, eggType) := true
  objectType(saltShaker_4, saltShakerType) := true
  objectType(vase_5, vaseType) := true
  objectType(watch_6, watchType) := true
  objectType(pot_7, potType) := true
  objectType(basketBall_8, basketBallType) := true
  objectType(toiletPaperRoll_9, toiletPaperRollType) := true
  objectType(bowl_10, bowlType) := true
  canContain(shelfType, alarmClockType) := true
  canContain(shelfType, plateType) := true
  canContain(shelfType, saltShakerType) := true
  canContain(shelfType, vaseType) := true
  canContain(shelfType, watchType) := true
  canContain(shelfType, potType) := true
  canContain(shelfType, toiletPaperRollType) := true
  canContain(shelfType, bowlType) := true
  canContain(safeType, vaseType) := true
  canContain(safeType, watchType) := true
  canContain(sofaType, basketBallType) := true
  canContain(sinkBasinType, plateType) := true
  canContain(sinkBasinType, eggType) := true
  canContain(sinkBasinType, potType) := true
  canContain(sinkBasinType, bowlType) := true
  canContain(sideTableType, alarmClockType) := true
  canContain(sideTableType, plateType) := true
  canContain(sideTableType, eggType) := true
  canContain(sideTableType, saltShakerType) := true
  canContain(sideTableType, vaseType) := true
  canContain(sideTableType, watchType) := true
  canContain(sideTableType, potType) := true
  canContain(sideTableType, basketBallType) := true
  canContain(sideTableType, toiletPaperRollType) := true
  canContain(sideTableType, bowlType) := true
  canContain(dresserType, alarmClockType) := true
  canContain(dresserType, plateType) := true
  canContain(dresserType, vaseType) := true
  canContain(dresserType, watchType) := true
  canContain(dresserType, basketBallType) := true
  canContain(dresserType, toiletPaperRollType) := true
  canContain(dresserType, bowlType) := true
  canContain(counterTopType, alarmClockType) := true
  canContain(counterTopType, plateType) := true
  canContain(counterTopType, eggType) := true
  canContain(counterTopType, saltShakerType) := true
  canContain(counterTopType, vaseType) := true
  canContain(counterTopType, watchType) := true
  canContain(counterTopType, potType) := true
  canContain(counterTopType, basketBallType) := true
  canContain(counterTopType, toiletPaperRollType) := true
  canContain(counterTopType, bowlType) := true
  canContain(diningTableType, alarmClockType) := true
  canContain(diningTableType, plateType) := true
  canContain(diningTableType, eggType) := true
  canContain(diningTableType, saltShakerType) := true
  canContain(diningTableType, vaseType) := true
  canContain(diningTableType, watchType) := true
  canContain(diningTableType, potType) := true
  canContain(diningTableType, basketBallType) := true
  canContain(diningTableType, toiletPaperRollType) := true
  canContain(diningTableType, bowlType) := true
  pickupable(alarmClock_1) := true
  pickupable(plate_2) := true
  isReceptacleObject(plate_2) := true
  cleanable(plate_2) := true
  heatable(plate_2) := true
  coolable(plate_2) := true
  pickupable(egg_3) := true
  cleanable(egg_3) := true
  heatable(egg_3) := true
  coolable(egg_3) := true
  sliceable(egg_3) := true
  pickupable(saltShaker_4) := true
  pickupable(vase_5) := true
  pickupable(watch_6) := true
  pickupable(pot_7) := true
  isReceptacleObject(pot_7) := true
  cleanable(pot_7) := true
  coolable(pot_7) := true
  pickupable(basketBall_8) := true
  pickupable(toiletPaperRoll_9) := true
  pickupable(bowl_10) := true
  isReceptacleObject(bowl_10) := true
  cleanable(bowl_10) := true
  coolable(bowl_10) := true
  receptacleAtLocation(shelf_1, location1) := true
  receptacleAtLocation(safe_2, location5) := true
  receptacleAtLocation(sofa_3, location3) := true
  receptacleAtLocation(sofa_4, location5) := true
  receptacleAtLocation(sinkBasin_5, location10) := true
  receptacleAtLocation(sideTable_6, location8) := true
  receptacleAtLocation(dresser_7, location3) := true
  receptacleAtLocation(counterTop_8, location9) := true
  receptacleAtLocation(safe_9, location5) := true
  receptacleAtLocation(diningTable_10, location5) := true
  inReceptacle(alarmClock_1, dresser_7) := true
  inReceptacle(saltShaker_4, shelf_1) := true
  inReceptacle(vase_5, shelf_1) := true
  inReceptacle(watch_6, diningTable_10) := true
  inReceptacle(basketBall_8, dresser_7) := true
  inReceptacle(bowl_10, counterTop_8) := true
  objectAtLocation(alarmClock_1, location3) := true
  objectAtLocation(plate_2, location9) := true
  objectAtLocation(egg_3, location1) := true
  objectAtLocation(saltShaker_4, location1) := true
  objectAtLocation(vase_5, location1) := true
  objectAtLocation(watch_6, location5) := true
  objectAtLocation(pot_7, location4) := true
  objectAtLocation(basketBall_8, location3) := true
  objectAtLocation(toiletPaperRoll_9, location6) := true
  objectAtLocation(bowl_10, location9) := true
  atLocation(agent1, location4) := true
]

goals = [
  Exists (Receptacle - Checkable r) Exists (Obj - Checkable o) (inReceptacle(o, r) and objectType(o, plateType) and receptacleType(r, sideTableType))
]

quality metrics = [
  minimize sequential-plan-length
]


2025-06-17 09:53:21,450 - INFO - Generating plan for unconstrained problem

2025-06-17 09:53:21,839 - INFO - Unconstrained plan generation time: 0.3897249698638916

