2025-06-17 11:16:44,303 - INFO - 
================= Seed: 75 =================

2025-06-17 11:16:44,304 - INFO - problem name = alfred

types = [ReceptacleType, ObjectType, Checkable, Agent - Checkable, Location - Checkable, Receptacle - Checkable, Obj - Checkable]

fluents = [
  bool atLocation[a=Agent - Checkable, l=Location - Checkable]
  bool receptacleAtLocation[r=Receptacle - Checkable, l=Location - Checkable]
  bool objectAtLocation[o=Obj - Checkable, l=Location - Checkable]
  bool openable[r=Receptacle - Checkable]
  bool opened[r=Receptacle - Checkable]
  bool inReceptacle[o=Obj - Checkable, r=Receptacle - Checkable]
  bool isReceptacleObject[o=Obj - Checkable]
  bool inReceptacleObject[innerObject=Obj - Checkable, outObject=Obj - Checkable]
  bool isReceptacleObjectFull[o=Obj - Checkable]
  bool wasInReceptacle[o=Obj - Checkable, r=Receptacle - Checkable]
  bool checked[c=Checkable]
  bool examined[l=Location - Checkable]
  bool receptacleType[r=Receptacle - Checkable, rt=ReceptacleType]
  bool canContain[rt=ReceptacleType, ot=ObjectType]
  bool objectType[o=Obj - Checkable, t=ObjectType]
  bool holds[a=Agent - Checkable, o=Obj - Checkable]
  bool holdsAny[a=Agent - Checkable]
  bool holdsAnyReceptacleObject[a=Agent - Checkable]
  bool full[r=Receptacle - Checkable]
  bool isClean[o=Obj - Checkable]
  bool cleanable[o=Obj - Checkable]
  bool isHot[o=Obj - Checkable]
  bool heatable[o=Obj - Checkable]
  bool isCool[o=Obj - Checkable]
  bool coolable[o=Obj - Checkable]
  bool pickupable[o=Obj - Checkable]
  bool moveable[o=Obj - Checkable]
  bool toggleable[o=Obj - Checkable]
  bool isOn[o=Obj - Checkable]
  bool isToggled[o=Obj - Checkable]
  bool sliceable[o=Obj - Checkable]
  bool isSliced[o=Obj - Checkable]
]

actions = [
  action look(Agent - Checkable a, Location - Checkable l) {
    preconditions = [
      atLocation(a, l)
    ]
    effects = [
      checked(l) := true
    ]
  }
  action inventory(Agent - Checkable a) {
    preconditions = [
    ]
    effects = [
      checked(a) := true
    ]
  }
  action examineReceptacle(Agent - Checkable a, Receptacle - Checkable r) {
    preconditions = [
      Exists (Location - Checkable l) (atLocation(a, l) and receptacleAtLocation(r, l))
    ]
    effects = [
      checked(r) := true
    ]
  }
  action examineObject(Agent - Checkable a, Obj - Checkable o) {
    preconditions = [
      (Exists (Location - Checkable l) Exists (Receptacle - Checkable r) (atLocation(a, l) and receptacleAtLocation(r, l) and inReceptacle(o, r) and ((not openable(r)) or opened(r))) or holds(a, o))
    ]
    effects = [
      checked(o) := true
    ]
  }
  action goToLocation(Agent - Checkable a, Location - Checkable lstart, Location - Checkable lend) {
    preconditions = [
      atLocation(a, lstart)
    ]
    effects = [
      atLocation(a, lstart) := false
      atLocation(a, lend) := true
    ]
  }
  action openObject(Agent - Checkable a, Location - Checkable l, Receptacle - Checkable r) {
    preconditions = [
      (openable(r) and atLocation(a, l) and receptacleAtLocation(r, l) and (not opened(r)))
    ]
    effects = [
      opened(r) := true
      checked(r) := true
    ]
  }
  action closeObject(Agent - Checkable a, Location - Checkable l, Receptacle - Checkable r) {
    preconditions = [
      (openable(r) and atLocation(a, l) and receptacleAtLocation(r, l) and opened(r))
    ]
    effects = [
      opened(r) := false
    ]
  }
  action pickupObject(Agent - Checkable a, Location - Checkable l, Obj - Checkable o, Receptacle - Checkable r) {
    preconditions = [
      (pickupable(o) and atLocation(a, l) and receptacleAtLocation(r, l) and inReceptacle(o, r) and (not holdsAny(a)) and ((not openable(r)) or opened(r)))
    ]
    effects = [
      inReceptacle(o, r) := false
      holds(a, o) := true
      holdsAny(a) := true
      objectAtLocation(o, l) := false
    ]
  }
  action putObject(Agent - Checkable a, Location - Checkable l, Obj - Checkable o, Receptacle - Checkable r, ObjectType ot, ReceptacleType rt) {
    preconditions = [
      (holds(a, o) and atLocation(a, l) and receptacleAtLocation(r, l) and ((not openable(r)) or opened(r)) and objectType(o, ot) and receptacleType(r, rt) and canContain(rt, ot))
    ]
    effects = [
      inReceptacle(o, r) := true
      objectAtLocation(o, l) := true
      holds(a, o) := false
      holdsAny(a) := false
    ]
  }
  action cleanObject(Agent - Checkable a, Location - Checkable l, Receptacle - Checkable r, Obj - Checkable o) {
    preconditions = [
      (cleanable(o) and receptacleType(r, sinkBasinType) and atLocation(a, l) and receptacleAtLocation(r, l) and holds(a, o))
    ]
    effects = [
      isClean(o) := true
    ]
  }
  action heatObject(Agent - Checkable a, Location - Checkable l, Receptacle - Checkable r, Obj - Checkable o) {
    preconditions = [
      (heatable(o) and receptacleType(r, microwaveType) and atLocation(a, l) and receptacleAtLocation(r, l) and holds(a, o))
    ]
    effects = [
      isHot(o) := true
      isCool(o) := false
    ]
  }
  action coolObject(Agent - Checkable a, Location - Checkable l, Receptacle - Checkable r, Obj - Checkable o) {
    preconditions = [
      (coolable(o) and receptacleType(r, fridgeType) and atLocation(a, l) and receptacleAtLocation(r, l) and holds(a, o))
    ]
    effects = [
      isCool(o) := true
      isHot(o) := false
    ]
  }
  action toggleObject(Agent - Checkable a, Location - Checkable l, Obj - Checkable o, Receptacle - Checkable r) {
    preconditions = [
      (toggleable(o) and atLocation(a, l) and receptacleAtLocation(r, l) and inReceptacle(o, r))
    ]
    effects = [
      if isOn(o) then isOn(o) := false
      if (not isOn(o)) then isOn(o) := true
      isToggled(o) := true
    ]
  }
  action sliceObject(Agent - Checkable a, Location - Checkable l, Obj - Checkable co, Obj - Checkable ko) {
    preconditions = [
      (sliceable(co) and (objectType(ko, knifeType) or objectType(ko, butterKnifeType)) and atLocation(a, l) and objectAtLocation(co, l) and holds(a, ko))
    ]
    effects = [
      isSliced(co) := true
    ]
  }
  action help(Agent - Checkable a) {
    preconditions = [
    ]
    effects = [
      checked(a) := true
    ]
  }
]

objects = [
  ReceptacleType: [sinkBasinType, microwaveType, fridgeType, sideTableType, bathtubBasinType, coffeeTableType, drawerType, dresserType, laundryHamperType, towelHolderType, sofaType, cartType]
  ObjectType: [knifeType, butterKnifeType, alarmClockType, mugType, breadType, clothType, spatulaType, watchType, bookType, soapBarType, vaseType]
  Checkable: [agent1, location1, location2, location3, location4, location5, location6, location7, location8, location9, location10, sideTable_1, bathtubBasin_2, coffeeTable_3, sideTable_4, drawer_5, dresser_6, laundryHamper_7, towelHolder_8, sofa_9, cart_10, microwave_11, fridge_12, alarmClock_1, mug_2, bread_3, cloth_4, spatula_5, watch_6, book_7, soapBar_8, vase_9, mug_10]
  Agent - Checkable: [agent1]
  Location - Checkable: [location1, location2, location3, location4, location5, location6, location7, location8, location9, location10]
  Receptacle - Checkable: [sideTable_1, bathtubBasin_2, coffeeTable_3, sideTable_4, drawer_5, dresser_6, laundryHamper_7, towelHolder_8, sofa_9, cart_10, microwave_11, fridge_12]
  Obj - Checkable: [alarmClock_1, mug_2, bread_3, cloth_4, spatula_5, watch_6, book_7, soapBar_8, vase_9, mug_10]
]

initial fluents default = [
  bool atLocation[a=Agent - Checkable, l=Location - Checkable] := false
  bool receptacleAtLocation[r=Receptacle - Checkable, l=Location - Checkable] := false
  bool objectAtLocation[o=Obj - Checkable, l=Location - Checkable] := false
  bool openable[r=Receptacle - Checkable] := false
  bool opened[r=Receptacle - Checkable] := false
  bool inReceptacle[o=Obj - Checkable, r=Receptacle - Checkable] := false
  bool isReceptacleObject[o=Obj - Checkable] := false
  bool inReceptacleObject[innerObject=Obj - Checkable, outObject=Obj - Checkable] := false
  bool isReceptacleObjectFull[o=Obj - Checkable] := false
  bool wasInReceptacle[o=Obj - Checkable, r=Receptacle - Checkable] := false
  bool checked[c=Checkable] := false
  bool examined[l=Location - Checkable] := false
  bool receptacleType[r=Receptacle - Checkable, rt=ReceptacleType] := false
  bool canContain[rt=ReceptacleType, ot=ObjectType] := false
  bool objectType[o=Obj - Checkable, t=ObjectType] := false
  bool holds[a=Agent - Checkable, o=Obj - Checkable] := false
  bool holdsAny[a=Agent - Checkable] := false
  bool holdsAnyReceptacleObject[a=Agent - Checkable] := false
  bool full[r=Receptacle - Checkable] := false
  bool isClean[o=Obj - Checkable] := false
  bool cleanable[o=Obj - Checkable] := false
  bool isHot[o=Obj - Checkable] := false
  bool heatable[o=Obj - Checkable] := false
  bool isCool[o=Obj - Checkable] := false
  bool coolable[o=Obj - Checkable] := false
  bool pickupable[o=Obj - Checkable] := false
  bool moveable[o=Obj - Checkable] := false
  bool toggleable[o=Obj - Checkable] := false
  bool isOn[o=Obj - Checkable] := false
  bool isToggled[o=Obj - Checkable] := false
  bool sliceable[o=Obj - Checkable] := false
  bool isSliced[o=Obj - Checkable] := false
]

initial values = [
  receptacleType(sideTable_1, sideTableType) := true
  receptacleType(bathtubBasin_2, bathtubBasinType) := true
  receptacleType(coffeeTable_3, coffeeTableType) := true
  receptacleType(sideTable_4, sideTableType) := true
  receptacleType(drawer_5, drawerType) := true
  receptacleType(dresser_6, dresserType) := true
  receptacleType(laundryHamper_7, laundryHamperType) := true
  receptacleType(towelHolder_8, towelHolderType) := true
  receptacleType(sofa_9, sofaType) := true
  receptacleType(cart_10, cartType) := true
  receptacleType(microwave_11, microwaveType) := true
  receptacleType(fridge_12, fridgeType) := true
  objectType(alarmClock_1, alarmClockType) := true
  objectType(mug_2, mugType) := true
  objectType(bread_3, breadType) := true
  objectType(cloth_4, clothType) := true
  objectType(spatula_5, spatulaType) := true
  objectType(watch_6, watchType) := true
  objectType(book_7, bookType) := true
  objectType(soapBar_8, soapBarType) := true
  objectType(vase_9, vaseType) := true
  objectType(mug_10, mugType) := true
  canContain(sideTableType, alarmClockType) := true
  canContain(sideTableType, mugType) := true
  canContain(sideTableType, breadType) := true
  canContain(sideTableType, clothType) := true
  canContain(sideTableType, spatulaType) := true
  canContain(sideTableType, watchType) := true
  canContain(sideTableType, bookType) := true
  canContain(sideTableType, soapBarType) := true
  canContain(sideTableType, vaseType) := true
  canContain(bathtubBasinType, clothType) := true
  canContain(bathtubBasinType, soapBarType) := true
  canContain(coffeeTableType, alarmClockType) := true
  canContain(coffeeTableType, mugType) := true
  canContain(coffeeTableType, breadType) := true
  canContain(coffeeTableType, clothType) := true
  canContain(coffeeTableType, spatulaType) := true
  canContain(coffeeTableType, watchType) := true
  canContain(coffeeTableType, bookType) := true
  canContain(coffeeTableType, soapBarType) := true
  canContain(coffeeTableType, vaseType) := true
  canContain(drawerType, clothType) := true
  canContain(drawerType, spatulaType) := true
  canContain(drawerType, watchType) := true
  canContain(drawerType, bookType) := true
  canContain(drawerType, soapBarType) := true
  canContain(dresserType, alarmClockType) := true
  canContain(dresserType, mugType) := true
  canContain(dresserType, clothType) := true
  canContain(dresserType, watchType) := true
  canContain(dresserType, bookType) := true
  canContain(dresserType, vaseType) := true
  canContain(laundryHamperType, clothType) := true
  canContain(sofaType, clothType) := true
  canContain(sofaType, bookType) := true
  canContain(cartType, mugType) := true
  canContain(cartType, clothType) := true
  canContain(cartType, soapBarType) := true
  canContain(cartType, vaseType) := true
  canContain(microwaveType, mugType) := true
  canContain(microwaveType, breadType) := true
  canContain(fridgeType, mugType) := true
  canContain(fridgeType, breadType) := true
  pickupable(alarmClock_1) := true
  pickupable(mug_2) := true
  isReceptacleObject(mug_2) := true
  cleanable(mug_2) := true
  heatable(mug_2) := true
  coolable(mug_2) := true
  pickupable(bread_3) := true
  heatable(bread_3) := true
  coolable(bread_3) := true
  sliceable(bread_3) := true
  pickupable(cloth_4) := true
  cleanable(cloth_4) := true
  pickupable(spatula_5) := true
  cleanable(spatula_5) := true
  pickupable(watch_6) := true
  pickupable(book_7) := true
  pickupable(soapBar_8) := true
  cleanable(soapBar_8) := true
  pickupable(vase_9) := true
  pickupable(mug_10) := true
  isReceptacleObject(mug_10) := true
  cleanable(mug_10) := true
  heatable(mug_10) := true
  coolable(mug_10) := true
  receptacleAtLocation(sideTable_1, location9) := true
  receptacleAtLocation(bathtubBasin_2, location10) := true
  receptacleAtLocation(coffeeTable_3, location8) := true
  receptacleAtLocation(sideTable_4, location4) := true
  receptacleAtLocation(drawer_5, location3) := true
  receptacleAtLocation(dresser_6, location4) := true
  receptacleAtLocation(laundryHamper_7, location3) := true
  receptacleAtLocation(towelHolder_8, location5) := true
  receptacleAtLocation(sofa_9, location8) := true
  receptacleAtLocation(cart_10, location10) := true
  receptacleAtLocation(microwave_11, location3) := true
  receptacleAtLocation(fridge_12, location8) := true
  inReceptacle(alarmClock_1, sideTable_1) := true
  inReceptacle(mug_2, cart_10) := true
  inReceptacle(bread_3, fridge_12) := true
  inReceptacle(cloth_4, sideTable_1) := true
  inReceptacle(spatula_5, sideTable_1) := true
  inReceptacle(watch_6, drawer_5) := true
  inReceptacle(book_7, dresser_6) := true
  inReceptacle(soapBar_8, sideTable_4) := true
  inReceptacle(vase_9, sideTable_1) := true
  inReceptacle(mug_10, dresser_6) := true
  objectAtLocation(alarmClock_1, location9) := true
  objectAtLocation(mug_2, location10) := true
  objectAtLocation(bread_3, location8) := true
  objectAtLocation(cloth_4, location9) := true
  objectAtLocation(spatula_5, location9) := true
  objectAtLocation(watch_6, location3) := true
  objectAtLocation(book_7, location4) := true
  objectAtLocation(soapBar_8, location4) := true
  objectAtLocation(vase_9, location9) := true
  objectAtLocation(mug_10, location4) := true
  atLocation(agent1, location9) := true
]

goals = [
  Exists (Receptacle - Checkable r) Exists (Obj - Checkable o) (coolable(o) and objectType(o, mugType) and receptacleType(r, fridgeType) and isCool(o) and inReceptacle(o, r))
]

quality metrics = [
  minimize sequential-plan-length
]


2025-06-17 11:16:44,306 - INFO - Generating plan for unconstrained problem

2025-06-17 11:16:44,750 - INFO - Unconstrained plan generation time: 0.44472479820251465

2025-06-17 11:16:44,751 - INFO - Unconstrained plan and cost: 
2025-06-17 11:16:44,751 - INFO - SequentialPlan:
    goToLocation(agent1, location9, location10)
    pickupObject(agent1, location10, mug_2, cart_10)
    goToLocation(agent1, location10, location8)
    coolObject(agent1, location8, fridge_12, mug_2)
    putObject(agent1, location8, mug_2, fridge_12, mugType, fridgeType)
2025-06-17 11:16:44,751 - INFO - 5
2025-06-17 11:16:46,019 - INFO - Sampled constraints:

2025-06-17 11:16:46,020 - INFO - Sometime(atLocation(agent1, location10))
2025-06-17 11:16:46,020 - INFO - Sometime-Before(atLocation(agent1, location10), atLocation(agent1, location7))
2025-06-17 11:16:46,020 - INFO - 
2025-06-17 11:16:46,020 - INFO - Generation time: 1.2683231830596924

2025-06-17 11:16:46,020 - INFO - Generating plan for constrained problem (with LiftedTCORE).

2025-06-17 11:16:46,074 - INFO - LiftedTCORE compilation time: 0.05404973030090332

2025-06-17 11:16:46,548 - INFO - Planning Time with LiftedTCORE's file: 0.4734816551208496

2025-06-17 11:16:46,548 - INFO - Plan found with LiftedTCORE + sym_bd: SequentialPlan:
    goToLocation(agent1, location9, location7)
    goToLocation(agent1, location7, location10)
    pickupObject(agent1, location10, mug_2, cart_10)
    goToLocation(agent1, location10, location8)
    coolObject(agent1, location8, fridge_12, mug_2)
    putObject(agent1, location8, mug_2, fridge_12, mugType, fridgeType)
2025-06-17 11:16:46,548 - INFO - Seed: 75 is solvable

2025-06-17 11:16:46,548 - INFO - Unconstrained cost: 5
2025-06-17 11:16:46,548 - INFO - Constrained cost: 6
2025-06-17 11:16:46,548 - INFO - Seed: 75 Plan simulation is feasible
2025-06-17 11:16:46,548 - INFO - 
Seed: 75 
 Plan: [goToLocation(agent1, location9, location7), goToLocation(agent1, location7, location10), pickupObject(agent1, location10, mug_2, cart_10), goToLocation(agent1, location10, location8), coolObject(agent1, location8, fridge_12, mug_2), putObject(agent1, location8, mug_2, fridge_12, mugType, fridgeType)]  
 Cost: 6

