2025-06-17 10:23:39,212 - INFO - 
================= Seed: 905 =================

2025-06-17 10:23:39,216 - INFO - problem name = alfred

types = [ReceptacleType, ObjectType, Checkable, Agent - Checkable, Location - Checkable, Receptacle - Checkable, Obj - Checkable]

fluents = [
  bool atLocation[a=Agent - Checkable, l=Location - Checkable]
  bool receptacleAtLocation[r=Receptacle - Checkable, l=Location - Checkable]
  bool objectAtLocation[o=Obj - Checkable, l=Location - Checkable]
  bool openable[r=Receptacle - Checkable]
  bool opened[r=Receptacle - Checkable]
  bool inReceptacle[o=Obj - Checkable, r=Receptacle - Checkable]
  bool isReceptacleObject[o=Obj - Checkable]
  bool inReceptacleObject[innerObject=Obj - Checkable, outObject=Obj - Checkable]
  bool isReceptacleObjectFull[o=Obj - Checkable]
  bool wasInReceptacle[o=Obj - Checkable, r=Receptacle - Checkable]
  bool checked[c=Checkable]
  bool examined[l=Location - Checkable]
  bool receptacleType[r=Receptacle - Checkable, rt=ReceptacleType]
  bool canContain[rt=ReceptacleType, ot=ObjectType]
  bool objectType[o=Obj - Checkable, t=ObjectType]
  bool holds[a=Agent - Checkable, o=Obj - Checkable]
  bool holdsAny[a=Agent - Checkable]
  bool holdsAnyReceptacleObject[a=Agent - Checkable]
  bool full[r=Receptacle - Checkable]
  bool isClean[o=Obj - Checkable]
  bool cleanable[o=Obj - Checkable]
  bool isHot[o=Obj - Checkable]
  bool heatable[o=Obj - Checkable]
  bool isCool[o=Obj - Checkable]
  bool coolable[o=Obj - Checkable]
  bool pickupable[o=Obj - Checkable]
  bool moveable[o=Obj - Checkable]
  bool toggleable[o=Obj - Checkable]
  bool isOn[o=Obj - Checkable]
  bool isToggled[o=Obj - Checkable]
  bool sliceable[o=Obj - Checkable]
  bool isSliced[o=Obj - Checkable]
]

actions = [
  action look(Agent - Checkable a, Location - Checkable l) {
    preconditions = [
      atLocation(a, l)
    ]
    effects = [
      checked(l) := true
    ]
  }
  action inventory(Agent - Checkable a) {
    preconditions = [
    ]
    effects = [
      checked(a) := true
    ]
  }
  action examineReceptacle(Agent - Checkable a, Receptacle - Checkable r) {
    preconditions = [
      Exists (Location - Checkable l) (atLocation(a, l) and receptacleAtLocation(r, l))
    ]
    effects = [
      checked(r) := true
    ]
  }
  action examineObject(Agent - Checkable a, Obj - Checkable o) {
    preconditions = [
      (Exists (Location - Checkable l) Exists (Receptacle - Checkable r) (atLocation(a, l) and receptacleAtLocation(r, l) and inReceptacle(o, r) and ((not openable(r)) or opened(r))) or holds(a, o))
    ]
    effects = [
      checked(o) := true
    ]
  }
  action goToLocation(Agent - Checkable a, Location - Checkable lstart, Location - Checkable lend) {
    preconditions = [
      atLocation(a, lstart)
    ]
    effects = [
      atLocation(a, lstart) := false
      atLocation(a, lend) := true
    ]
  }
  action openObject(Agent - Checkable a, Location - Checkable l, Receptacle - Checkable r) {
    preconditions = [
      (openable(r) and atLocation(a, l) and receptacleAtLocation(r, l) and (not opened(r)))
    ]
    effects = [
      opened(r) := true
      checked(r) := true
    ]
  }
  action closeObject(Agent - Checkable a, Location - Checkable l, Receptacle - Checkable r) {
    preconditions = [
      (openable(r) and atLocation(a, l) and receptacleAtLocation(r, l) and opened(r))
    ]
    effects = [
      opened(r) := false
    ]
  }
  action pickupObject(Agent - Checkable a, Location - Checkable l, Obj - Checkable o, Receptacle - Checkable r) {
    preconditions = [
      (pickupable(o) and atLocation(a, l) and receptacleAtLocation(r, l) and inReceptacle(o, r) and (not holdsAny(a)) and ((not openable(r)) or opened(r)))
    ]
    effects = [
      inReceptacle(o, r) := false
      holds(a, o) := true
      holdsAny(a) := true
      objectAtLocation(o, l) := false
    ]
  }
  action putObject(Agent - Checkable a, Location - Checkable l, Obj - Checkable o, Receptacle - Checkable r, ObjectType ot, ReceptacleType rt) {
    preconditions = [
      (holds(a, o) and atLocation(a, l) and receptacleAtLocation(r, l) and ((not openable(r)) or opened(r)) and objectType(o, ot) and receptacleType(r, rt) and canContain(rt, ot))
    ]
    effects = [
      inReceptacle(o, r) := true
      objectAtLocation(o, l) := true
      holds(a, o) := false
      holdsAny(a) := false
    ]
  }
  action cleanObject(Agent - Checkable a, Location - Checkable l, Receptacle - Checkable r, Obj - Checkable o) {
    preconditions = [
      (cleanable(o) and receptacleType(r, sinkBasinType) and atLocation(a, l) and receptacleAtLocation(r, l) and holds(a, o))
    ]
    effects = [
      isClean(o) := true
    ]
  }
  action heatObject(Agent - Checkable a, Location - Checkable l, Receptacle - Checkable r, Obj - Checkable o) {
    preconditions = [
      (heatable(o) and receptacleType(r, microwaveType) and atLocation(a, l) and receptacleAtLocation(r, l) and holds(a, o))
    ]
    effects = [
      isHot(o) := true
      isCool(o) := false
    ]
  }
  action coolObject(Agent - Checkable a, Location - Checkable l, Receptacle - Checkable r, Obj - Checkable o) {
    preconditions = [
      (coolable(o) and receptacleType(r, fridgeType) and atLocation(a, l) and receptacleAtLocation(r, l) and holds(a, o))
    ]
    effects = [
      isCool(o) := true
      isHot(o) := false
    ]
  }
  action toggleObject(Agent - Checkable a, Location - Checkable l, Obj - Checkable o, Receptacle - Checkable r) {
    preconditions = [
      (toggleable(o) and atLocation(a, l) and receptacleAtLocation(r, l) and inReceptacle(o, r))
    ]
    effects = [
      if isOn(o) then isOn(o) := false
      if (not isOn(o)) then isOn(o) := true
      isToggled(o) := true
    ]
  }
  action sliceObject(Agent - Checkable a, Location - Checkable l, Obj - Checkable co, Obj - Checkable ko) {
    preconditions = [
      (sliceable(co) and (objectType(ko, knifeType) or objectType(ko, butterKnifeType)) and atLocation(a, l) and objectAtLocation(co, l) and holds(a, ko))
    ]
    effects = [
      isSliced(co) := true
    ]
  }
  action help(Agent - Checkable a) {
    preconditions = [
    ]
    effects = [
      checked(a) := true
    ]
  }
]

objects = [
  ReceptacleType: [sinkBasinType, microwaveType, fridgeType, sofaType, stoveBurnerType, bedType, safeType, toiletPaperHangerType, armChairType, bathtubBasinType, cabinetType, diningTableType]
  ObjectType: [knifeType, butterKnifeType, toiletPaperRollType, appleType, boxType, wateringCanType, panType, dishSpongeType, mugType, vaseType, plateType]
  Checkable: [agent1, location1, location2, location3, location4, location5, location6, location7, location8, location9, location10, sofa_1, stoveBurner_2, stoveBurner_3, bed_4, safe_5, toiletPaperHanger_6, armChair_7, bathtubBasin_8, cabinet_9, diningTable_10, toiletPaperRoll_1, apple_2, box_3, wateringCan_4, pan_5, wateringCan_6, dishSponge_7, mug_8, vase_9, plate_10]
  Agent - Checkable: [agent1]
  Location - Checkable: [location1, location2, location3, location4, location5, location6, location7, location8, location9, location10]
  Receptacle - Checkable: [sofa_1, stoveBurner_2, stoveBurner_3, bed_4, safe_5, toiletPaperHanger_6, armChair_7, bathtubBasin_8, cabinet_9, diningTable_10]
  Obj - Checkable: [toiletPaperRoll_1, apple_2, box_3, wateringCan_4, pan_5, wateringCan_6, dishSponge_7, mug_8, vase_9, plate_10]
]

initial fluents default = [
  bool atLocation[a=Agent - Checkable, l=Location - Checkable] := false
  bool receptacleAtLocation[r=Receptacle - Checkable, l=Location - Checkable] := false
  bool objectAtLocation[o=Obj - Checkable, l=Location - Checkable] := false
  bool openable[r=Receptacle - Checkable] := false
  bool opened[r=Receptacle - Checkable] := false
  bool inReceptacle[o=Obj - Checkable, r=Receptacle - Checkable] := false
  bool isReceptacleObject[o=Obj - Checkable] := false
  bool inReceptacleObject[innerObject=Obj - Checkable, outObject=Obj - Checkable] := false
  bool isReceptacleObjectFull[o=Obj - Checkable] := false
  bool wasInReceptacle[o=Obj - Checkable, r=Receptacle - Checkable] := false
  bool checked[c=Checkable] := false
  bool examined[l=Location - Checkable] := false
  bool receptacleType[r=Receptacle - Checkable, rt=ReceptacleType] := false
  bool canContain[rt=ReceptacleType, ot=ObjectType] := false
  bool objectType[o=Obj - Checkable, t=ObjectType] := false
  bool holds[a=Agent - Checkable, o=Obj - Checkable] := false
  bool holdsAny[a=Agent - Checkable] := false
  bool holdsAnyReceptacleObject[a=Agent - Checkable] := false
  bool full[r=Receptacle - Checkable] := false
  bool isClean[o=Obj - Checkable] := false
  bool cleanable[o=Obj - Checkable] := false
  bool isHot[o=Obj - Checkable] := false
  bool heatable[o=Obj - Checkable] := false
  bool isCool[o=Obj - Checkable] := false
  bool coolable[o=Obj - Checkable] := false
  bool pickupable[o=Obj - Checkable] := false
  bool moveable[o=Obj - Checkable] := false
  bool toggleable[o=Obj - Checkable] := false
  bool isOn[o=Obj - Checkable] := false
  bool isToggled[o=Obj - Checkable] := false
  bool sliceable[o=Obj - Checkable] := false
  bool isSliced[o=Obj - Checkable] := false
]

initial values = [
  receptacleType(sofa_1, sofaType) := true
  receptacleType(stoveBurner_2, stoveBurnerType) := true
  receptacleType(stoveBurner_3, stoveBurnerType) := true
  receptacleType(bed_4, bedType) := true
  receptacleType(safe_5, safeType) := true
  receptacleType(toiletPaperHanger_6, toiletPaperHangerType) := true
  receptacleType(armChair_7, armChairType) := true
  receptacleType(bathtubBasin_8, bathtubBasinType) := true
  receptacleType(cabinet_9, cabinetType) := true
  receptacleType(diningTable_10, diningTableType) := true
  objectType(toiletPaperRoll_1, toiletPaperRollType) := true
  objectType(apple_2, appleType) := true
  objectType(box_3, boxType) := true
  objectType(wateringCan_4, wateringCanType) := true
  objectType(pan_5, panType) := true
  objectType(wateringCan_6, wateringCanType) := true
  objectType(dishSponge_7, dishSpongeType) := true
  objectType(mug_8, mugType) := true
  objectType(vase_9, vaseType) := true
  objectType(plate_10, plateType) := true
  canContain(sofaType, boxType) := true
  canContain(stoveBurnerType, panType) := true
  canContain(safeType, vaseType) := true
  canContain(toiletPaperHangerType, toiletPaperRollType) := true
  canContain(armChairType, boxType) := true
  canContain(bathtubBasinType, dishSpongeType) := true
  canContain(cabinetType, toiletPaperRollType) := true
  canContain(cabinetType, boxType) := true
  canContain(cabinetType, wateringCanType) := true
  canContain(cabinetType, panType) := true
  canContain(cabinetType, dishSpongeType) := true
  canContain(cabinetType, mugType) := true
  canContain(cabinetType, vaseType) := true
  canContain(cabinetType, plateType) := true
  canContain(diningTableType, toiletPaperRollType) := true
  canContain(diningTableType, appleType) := true
  canContain(diningTableType, boxType) := true
  canContain(diningTableType, wateringCanType) := true
  canContain(diningTableType, panType) := true
  canContain(diningTableType, dishSpongeType) := true
  canContain(diningTableType, mugType) := true
  canContain(diningTableType, vaseType) := true
  canContain(diningTableType, plateType) := true
  pickupable(toiletPaperRoll_1) := true
  pickupable(apple_2) := true
  cleanable(apple_2) := true
  heatable(apple_2) := true
  coolable(apple_2) := true
  sliceable(apple_2) := true
  pickupable(box_3) := true
  isReceptacleObject(box_3) := true
  pickupable(wateringCan_4) := true
  pickupable(pan_5) := true
  isReceptacleObject(pan_5) := true
  cleanable(pan_5) := true
  coolable(pan_5) := true
  pickupable(wateringCan_6) := true
  pickupable(dishSponge_7) := true
  cleanable(dishSponge_7) := true
  pickupable(mug_8) := true
  isReceptacleObject(mug_8) := true
  cleanable(mug_8) := true
  heatable(mug_8) := true
  coolable(mug_8) := true
  pickupable(vase_9) := true
  pickupable(plate_10) := true
  isReceptacleObject(plate_10) := true
  cleanable(plate_10) := true
  heatable(plate_10) := true
  coolable(plate_10) := true
  receptacleAtLocation(sofa_1, location8) := true
  receptacleAtLocation(stoveBurner_2, location2) := true
  receptacleAtLocation(stoveBurner_3, location1) := true
  receptacleAtLocation(bed_4, location9) := true
  receptacleAtLocation(safe_5, location2) := true
  receptacleAtLocation(toiletPaperHanger_6, location1) := true
  receptacleAtLocation(armChair_7, location4) := true
  receptacleAtLocation(bathtubBasin_8, location3) := true
  receptacleAtLocation(cabinet_9, location1) := true
  receptacleAtLocation(diningTable_10, location5) := true
  inReceptacle(dishSponge_7, cabinet_9) := true
  inReceptacle(vase_9, diningTable_10) := true
  inReceptacle(plate_10, diningTable_10) := true
  objectAtLocation(toiletPaperRoll_1, location5) := true
  objectAtLocation(apple_2, location9) := true
  objectAtLocation(box_3, location10) := true
  objectAtLocation(wateringCan_4, location3) := true
  objectAtLocation(pan_5, location6) := true
  objectAtLocation(wateringCan_6, location9) := true
  objectAtLocation(dishSponge_7, location1) := true
  objectAtLocation(mug_8, location2) := true
  objectAtLocation(vase_9, location5) := true
  objectAtLocation(plate_10, location5) := true
  atLocation(agent1, location2) := true
]

goals = [
  Exists (Receptacle - Checkable r) Exists (Obj - Checkable o) (inReceptacle(o, r) and objectType(o, dishSpongeType) and receptacleType(r, cabinetType))
]

quality metrics = [
  minimize sequential-plan-length
]


2025-06-17 10:23:39,218 - INFO - Generating plan for unconstrained problem

2025-06-17 10:23:39,571 - INFO - Unconstrained plan generation time: 0.35305047035217285

2025-06-17 10:23:39,571 - INFO - Unconstrained plan and cost: 
2025-06-17 10:23:39,572 - INFO - SequentialPlan:
2025-06-17 10:23:39,572 - INFO - 0
2025-06-17 10:23:39,777 - INFO - Sampled constraints:

2025-06-17 10:23:39,777 - INFO - Sometime((checked(cabinet_9) or checked(stoveBurner_2)))
2025-06-17 10:23:39,777 - INFO - 
2025-06-17 10:23:39,777 - INFO - Generation time: 0.20569181442260742

2025-06-17 10:23:39,785 - INFO - Generating plan for constrained problem (with LiftedTCORE).

2025-06-17 10:23:39,822 - INFO - LiftedTCORE compilation time: 0.03673052787780762

2025-06-17 10:23:40,213 - INFO - Planning Time with LiftedTCORE's file: 0.38400888442993164

2025-06-17 10:23:40,213 - INFO - Plan found with LiftedTCORE + sym_bd: SequentialPlan:
    examineReceptacle(agent1, stoveBurner_2)
2025-06-17 10:23:40,213 - INFO - Seed: 905 is solvable

2025-06-17 10:23:40,213 - INFO - Unconstrained cost: 0
2025-06-17 10:23:40,213 - INFO - Constrained cost: 1
2025-06-17 10:23:40,213 - INFO - Seed: 905 Plan simulation is feasible
2025-06-17 10:23:40,213 - INFO - 
Seed: 905 
 Plan: [examineReceptacle(agent1, stoveBurner_2)]  
 Cost: 1

