2025-06-17 09:55:39,690 - INFO - 
================= Seed: 458 =================

2025-06-17 09:55:39,703 - INFO - problem name = alfred

types = [ReceptacleType, ObjectType, Checkable, Agent - Checkable, Location - Checkable, Receptacle - Checkable, Obj - Checkable]

fluents = [
  bool atLocation[a=Agent - Checkable, l=Location - Checkable]
  bool receptacleAtLocation[r=Receptacle - Checkable, l=Location - Checkable]
  bool objectAtLocation[o=Obj - Checkable, l=Location - Checkable]
  bool openable[r=Receptacle - Checkable]
  bool opened[r=Receptacle - Checkable]
  bool inReceptacle[o=Obj - Checkable, r=Receptacle - Checkable]
  bool isReceptacleObject[o=Obj - Checkable]
  bool inReceptacleObject[innerObject=Obj - Checkable, outObject=Obj - Checkable]
  bool isReceptacleObjectFull[o=Obj - Checkable]
  bool wasInReceptacle[o=Obj - Checkable, r=Receptacle - Checkable]
  bool checked[c=Checkable]
  bool examined[l=Location - Checkable]
  bool receptacleType[r=Receptacle - Checkable, rt=ReceptacleType]
  bool canContain[rt=ReceptacleType, ot=ObjectType]
  bool objectType[o=Obj - Checkable, t=ObjectType]
  bool holds[a=Agent - Checkable, o=Obj - Checkable]
  bool holdsAny[a=Agent - Checkable]
  bool holdsAnyReceptacleObject[a=Agent - Checkable]
  bool full[r=Receptacle - Checkable]
  bool isClean[o=Obj - Checkable]
  bool cleanable[o=Obj - Checkable]
  bool isHot[o=Obj - Checkable]
  bool heatable[o=Obj - Checkable]
  bool isCool[o=Obj - Checkable]
  bool coolable[o=Obj - Checkable]
  bool pickupable[o=Obj - Checkable]
  bool moveable[o=Obj - Checkable]
  bool toggleable[o=Obj - Checkable]
  bool isOn[o=Obj - Checkable]
  bool isToggled[o=Obj - Checkable]
  bool sliceable[o=Obj - Checkable]
  bool isSliced[o=Obj - Checkable]
]

actions = [
  action look(Agent - Checkable a, Location - Checkable l) {
    preconditions = [
      atLocation(a, l)
    ]
    effects = [
      checked(l) := true
    ]
  }
  action inventory(Agent - Checkable a) {
    preconditions = [
    ]
    effects = [
      checked(a) := true
    ]
  }
  action examineReceptacle(Agent - Checkable a, Receptacle - Checkable r) {
    preconditions = [
      Exists (Location - Checkable l) (atLocation(a, l) and receptacleAtLocation(r, l))
    ]
    effects = [
      checked(r) := true
    ]
  }
  action examineObject(Agent - Checkable a, Obj - Checkable o) {
    preconditions = [
      (Exists (Location - Checkable l) Exists (Receptacle - Checkable r) (atLocation(a, l) and receptacleAtLocation(r, l) and inReceptacle(o, r) and ((not openable(r)) or opened(r))) or holds(a, o))
    ]
    effects = [
      checked(o) := true
    ]
  }
  action goToLocation(Agent - Checkable a, Location - Checkable lstart, Location - Checkable lend) {
    preconditions = [
      atLocation(a, lstart)
    ]
    effects = [
      atLocation(a, lstart) := false
      atLocation(a, lend) := true
    ]
  }
  action openObject(Agent - Checkable a, Location - Checkable l, Receptacle - Checkable r) {
    preconditions = [
      (openable(r) and atLocation(a, l) and receptacleAtLocation(r, l) and (not opened(r)))
    ]
    effects = [
      opened(r) := true
      checked(r) := true
    ]
  }
  action closeObject(Agent - Checkable a, Location - Checkable l, Receptacle - Checkable r) {
    preconditions = [
      (openable(r) and atLocation(a, l) and receptacleAtLocation(r, l) and opened(r))
    ]
    effects = [
      opened(r) := false
    ]
  }
  action pickupObject(Agent - Checkable a, Location - Checkable l, Obj - Checkable o, Receptacle - Checkable r) {
    preconditions = [
      (pickupable(o) and atLocation(a, l) and receptacleAtLocation(r, l) and inReceptacle(o, r) and (not holdsAny(a)) and ((not openable(r)) or opened(r)))
    ]
    effects = [
      inReceptacle(o, r) := false
      holds(a, o) := true
      holdsAny(a) := true
      objectAtLocation(o, l) := false
    ]
  }
  action putObject(Agent - Checkable a, Location - Checkable l, Obj - Checkable o, Receptacle - Checkable r, ObjectType ot, ReceptacleType rt) {
    preconditions = [
      (holds(a, o) and atLocation(a, l) and receptacleAtLocation(r, l) and ((not openable(r)) or opened(r)) and objectType(o, ot) and receptacleType(r, rt) and canContain(rt, ot))
    ]
    effects = [
      inReceptacle(o, r) := true
      objectAtLocation(o, l) := true
      holds(a, o) := false
      holdsAny(a) := false
    ]
  }
  action cleanObject(Agent - Checkable a, Location - Checkable l, Receptacle - Checkable r, Obj - Checkable o) {
    preconditions = [
      (cleanable(o) and receptacleType(r, sinkBasinType) and atLocation(a, l) and receptacleAtLocation(r, l) and holds(a, o))
    ]
    effects = [
      isClean(o) := true
    ]
  }
  action heatObject(Agent - Checkable a, Location - Checkable l, Receptacle - Checkable r, Obj - Checkable o) {
    preconditions = [
      (heatable(o) and receptacleType(r, microwaveType) and atLocation(a, l) and receptacleAtLocation(r, l) and holds(a, o))
    ]
    effects = [
      isHot(o) := true
      isCool(o) := false
    ]
  }
  action coolObject(Agent - Checkable a, Location - Checkable l, Receptacle - Checkable r, Obj - Checkable o) {
    preconditions = [
      (coolable(o) and receptacleType(r, fridgeType) and atLocation(a, l) and receptacleAtLocation(r, l) and holds(a, o))
    ]
    effects = [
      isCool(o) := true
      isHot(o) := false
    ]
  }
  action toggleObject(Agent - Checkable a, Location - Checkable l, Obj - Checkable o, Receptacle - Checkable r) {
    preconditions = [
      (toggleable(o) and atLocation(a, l) and receptacleAtLocation(r, l) and inReceptacle(o, r))
    ]
    effects = [
      if isOn(o) then isOn(o) := false
      if (not isOn(o)) then isOn(o) := true
      isToggled(o) := true
    ]
  }
  action sliceObject(Agent - Checkable a, Location - Checkable l, Obj - Checkable co, Obj - Checkable ko) {
    preconditions = [
      (sliceable(co) and (objectType(ko, knifeType) or objectType(ko, butterKnifeType)) and atLocation(a, l) and objectAtLocation(co, l) and holds(a, ko))
    ]
    effects = [
      isSliced(co) := true
    ]
  }
  action help(Agent - Checkable a) {
    preconditions = [
    ]
    effects = [
      checked(a) := true
    ]
  }
]

objects = [
  ReceptacleType: [sinkBasinType, microwaveType, fridgeType, shelfType, armChairType, towelHolderType, sideTableType, handTowelHolderType, toiletType, sofaType]
  ObjectType: [knifeType, butterKnifeType, tennisRacketType, clothType, boxType, dishSpongeType, handTowelType, forkType, potType, remoteControlType, cellPhoneType]
  Checkable: [agent1, location1, location2, location3, location4, location5, location6, location7, location8, location9, location10, shelf_1, armChair_2, towelHolder_3, sideTable_4, shelf_5, shelf_6, handTowelHolder_7, towelHolder_8, toilet_9, sofa_10, tennisRacket_1, cloth_2, box_3, dishSponge_4, handTowel_5, fork_6, pot_7, remoteControl_8, cellPhone_9, box_10]
  Agent - Checkable: [agent1]
  Location - Checkable: [location1, location2, location3, location4, location5, location6, location7, location8, location9, location10]
  Receptacle - Checkable: [shelf_1, armChair_2, towelHolder_3, sideTable_4, shelf_5, shelf_6, handTowelHolder_7, towelHolder_8, toilet_9, sofa_10]
  Obj - Checkable: [tennisRacket_1, cloth_2, box_3, dishSponge_4, handTowel_5, fork_6, pot_7, remoteControl_8, cellPhone_9, box_10]
]

initial fluents default = [
  bool atLocation[a=Agent - Checkable, l=Location - Checkable] := false
  bool receptacleAtLocation[r=Receptacle - Checkable, l=Location - Checkable] := false
  bool objectAtLocation[o=Obj - Checkable, l=Location - Checkable] := false
  bool openable[r=Receptacle - Checkable] := false
  bool opened[r=Receptacle - Checkable] := false
  bool inReceptacle[o=Obj - Checkable, r=Receptacle - Checkable] := false
  bool isReceptacleObject[o=Obj - Checkable] := false
  bool inReceptacleObject[innerObject=Obj - Checkable, outObject=Obj - Checkable] := false
  bool isReceptacleObjectFull[o=Obj - Checkable] := false
  bool wasInReceptacle[o=Obj - Checkable, r=Receptacle - Checkable] := false
  bool checked[c=Checkable] := false
  bool examined[l=Location - Checkable] := false
  bool receptacleType[r=Receptacle - Checkable, rt=ReceptacleType] := false
  bool canContain[rt=ReceptacleType, ot=ObjectType] := false
  bool objectType[o=Obj - Checkable, t=ObjectType] := false
  bool holds[a=Agent - Checkable, o=Obj - Checkable] := false
  bool holdsAny[a=Agent - Checkable] := false
  bool holdsAnyReceptacleObject[a=Agent - Checkable] := false
  bool full[r=Receptacle - Checkable] := false
  bool isClean[o=Obj - Checkable] := false
  bool cleanable[o=Obj - Checkable] := false
  bool isHot[o=Obj - Checkable] := false
  bool heatable[o=Obj - Checkable] := false
  bool isCool[o=Obj - Checkable] := false
  bool coolable[o=Obj - Checkable] := false
  bool pickupable[o=Obj - Checkable] := false
  bool moveable[o=Obj - Checkable] := false
  bool toggleable[o=Obj - Checkable] := false
  bool isOn[o=Obj - Checkable] := false
  bool isToggled[o=Obj - Checkable] := false
  bool sliceable[o=Obj - Checkable] := false
  bool isSliced[o=Obj - Checkable] := false
]

initial values = [
  receptacleType(shelf_1, shelfType) := true
  receptacleType(armChair_2, armChairType) := true
  receptacleType(towelHolder_3, towelHolderType) := true
  receptacleType(sideTable_4, sideTableType) := true
  receptacleType(shelf_5, shelfType) := true
  receptacleType(shelf_6, shelfType) := true
  receptacleType(handTowelHolder_7, handTowelHolderType) := true
  receptacleType(towelHolder_8, towelHolderType) := true
  receptacleType(toilet_9, toiletType) := true
  receptacleType(sofa_10, sofaType) := true
  objectType(tennisRacket_1, tennisRacketType) := true
  objectType(cloth_2, clothType) := true
  objectType(box_3, boxType) := true
  objectType(dishSponge_4, dishSpongeType) := true
  objectType(handTowel_5, handTowelType) := true
  objectType(fork_6, forkType) := true
  objectType(pot_7, potType) := true
  objectType(remoteControl_8, remoteControlType) := true
  objectType(cellPhone_9, cellPhoneType) := true
  objectType(box_10, boxType) := true
  canContain(shelfType, clothType) := true
  canContain(shelfType, boxType) := true
  canContain(shelfType, dishSpongeType) := true
  canContain(shelfType, handTowelType) := true
  canContain(shelfType, potType) := true
  canContain(shelfType, remoteControlType) := true
  canContain(shelfType, cellPhoneType) := true
  canContain(armChairType, clothType) := true
  canContain(armChairType, boxType) := true
  canContain(armChairType, remoteControlType) := true
  canContain(armChairType, cellPhoneType) := true
  canContain(sideTableType, tennisRacketType) := true
  canContain(sideTableType, clothType) := true
  canContain(sideTableType, boxType) := true
  canContain(sideTableType, dishSpongeType) := true
  canContain(sideTableType, handTowelType) := true
  canContain(sideTableType, forkType) := true
  canContain(sideTableType, potType) := true
  canContain(sideTableType, remoteControlType) := true
  canContain(sideTableType, cellPhoneType) := true
  canContain(handTowelHolderType, handTowelType) := true
  canContain(toiletType, clothType) := true
  canContain(toiletType, dishSpongeType) := true
  canContain(toiletType, handTowelType) := true
  canContain(sofaType, clothType) := true
  canContain(sofaType, boxType) := true
  canContain(sofaType, remoteControlType) := true
  canContain(sofaType, cellPhoneType) := true
  pickupable(tennisRacket_1) := true
  pickupable(cloth_2) := true
  cleanable(cloth_2) := true
  pickupable(box_3) := true
  isReceptacleObject(box_3) := true
  pickupable(dishSponge_4) := true
  cleanable(dishSponge_4) := true
  pickupable(handTowel_5) := true
  pickupable(fork_6) := true
  cleanable(fork_6) := true
  pickupable(pot_7) := true
  isReceptacleObject(pot_7) := true
  cleanable(pot_7) := true
  coolable(pot_7) := true
  pickupable(remoteControl_8) := true
  pickupable(cellPhone_9) := true
  pickupable(box_10) := true
  isReceptacleObject(box_10) := true
  receptacleAtLocation(shelf_1, location5) := true
  receptacleAtLocation(armChair_2, location3) := true
  receptacleAtLocation(towelHolder_3, location9) := true
  receptacleAtLocation(sideTable_4, location5) := true
  receptacleAtLocation(shelf_5, location2) := true
  receptacleAtLocation(shelf_6, location4) := true
  receptacleAtLocation(handTowelHolder_7, location6) := true
  receptacleAtLocation(towelHolder_8, location1) := true
  receptacleAtLocation(toilet_9, location7) := true
  receptacleAtLocation(sofa_10, location1) := true
  inReceptacle(cloth_2, sofa_10) := true
  inReceptacle(box_3, sideTable_4) := true
  inReceptacle(handTowel_5, shelf_5) := true
  inReceptacle(cellPhone_9, shelf_1) := true
  inReceptacle(box_10, shelf_6) := true
  objectAtLocation(tennisRacket_1, location9) := true
  objectAtLocation(cloth_2, location1) := true
  objectAtLocation(box_3, location5) := true
  objectAtLocation(dishSponge_4, location5) := true
  objectAtLocation(handTowel_5, location2) := true
  objectAtLocation(fork_6, location10) := true
  objectAtLocation(pot_7, location4) := true
  objectAtLocation(remoteControl_8, location1) := true
  objectAtLocation(cellPhone_9, location5) := true
  objectAtLocation(box_10, location4) := true
  atLocation(agent1, location3) := true
]

goals = [
  Exists (Receptacle - Checkable r) Exists (Obj - Checkable o) (inReceptacle(o, r) and objectType(o, cellPhoneType) and receptacleType(r, shelfType))
]

quality metrics = [
  minimize sequential-plan-length
]


2025-06-17 09:55:39,707 - INFO - Generating plan for unconstrained problem

2025-06-17 09:55:40,185 - INFO - Unconstrained plan generation time: 0.4779226779937744

2025-06-17 09:55:40,185 - INFO - Unconstrained plan and cost: 
2025-06-17 09:55:40,185 - INFO - SequentialPlan:
2025-06-17 09:55:40,185 - INFO - 0
2025-06-17 09:55:45,461 - INFO - Sampled constraints:

2025-06-17 09:55:45,461 - INFO - Sometime(checked(toilet_9))
2025-06-17 09:55:45,461 - INFO - 
2025-06-17 09:55:45,461 - INFO - Generation time: 5.27541971206665

2025-06-17 09:55:45,469 - INFO - Generating plan for constrained problem (with LiftedTCORE).

2025-06-17 09:55:45,505 - INFO - LiftedTCORE compilation time: 0.036009788513183594

2025-06-17 09:55:45,937 - INFO - Planning Time with LiftedTCORE's file: 0.4249391555786133

2025-06-17 09:55:45,937 - INFO - Plan found with LiftedTCORE + sym_bd: SequentialPlan:
    goToLocation(agent1, location3, location7)
    examineReceptacle(agent1, toilet_9)
2025-06-17 09:55:45,937 - INFO - Seed: 458 is solvable

2025-06-17 09:55:45,937 - INFO - Unconstrained cost: 0
2025-06-17 09:55:45,937 - INFO - Constrained cost: 2
2025-06-17 09:55:45,937 - INFO - Seed: 458 Plan simulation is feasible
2025-06-17 09:55:45,937 - INFO - 
Seed: 458 
 Plan: [goToLocation(agent1, location3, location7), examineReceptacle(agent1, toilet_9)]  
 Cost: 2

