2025-06-17 10:24:30,699 - INFO - 
================= Seed: 980 =================

2025-06-17 10:24:30,704 - INFO - problem name = alfred

types = [ReceptacleType, ObjectType, Checkable, Agent - Checkable, Location - Checkable, Receptacle - Checkable, Obj - Checkable]

fluents = [
  bool atLocation[a=Agent - Checkable, l=Location - Checkable]
  bool receptacleAtLocation[r=Receptacle - Checkable, l=Location - Checkable]
  bool objectAtLocation[o=Obj - Checkable, l=Location - Checkable]
  bool openable[r=Receptacle - Checkable]
  bool opened[r=Receptacle - Checkable]
  bool inReceptacle[o=Obj - Checkable, r=Receptacle - Checkable]
  bool isReceptacleObject[o=Obj - Checkable]
  bool inReceptacleObject[innerObject=Obj - Checkable, outObject=Obj - Checkable]
  bool isReceptacleObjectFull[o=Obj - Checkable]
  bool wasInReceptacle[o=Obj - Checkable, r=Receptacle - Checkable]
  bool checked[c=Checkable]
  bool examined[l=Location - Checkable]
  bool receptacleType[r=Receptacle - Checkable, rt=ReceptacleType]
  bool canContain[rt=ReceptacleType, ot=ObjectType]
  bool objectType[o=Obj - Checkable, t=ObjectType]
  bool holds[a=Agent - Checkable, o=Obj - Checkable]
  bool holdsAny[a=Agent - Checkable]
  bool holdsAnyReceptacleObject[a=Agent - Checkable]
  bool full[r=Receptacle - Checkable]
  bool isClean[o=Obj - Checkable]
  bool cleanable[o=Obj - Checkable]
  bool isHot[o=Obj - Checkable]
  bool heatable[o=Obj - Checkable]
  bool isCool[o=Obj - Checkable]
  bool coolable[o=Obj - Checkable]
  bool pickupable[o=Obj - Checkable]
  bool moveable[o=Obj - Checkable]
  bool toggleable[o=Obj - Checkable]
  bool isOn[o=Obj - Checkable]
  bool isToggled[o=Obj - Checkable]
  bool sliceable[o=Obj - Checkable]
  bool isSliced[o=Obj - Checkable]
]

actions = [
  action look(Agent - Checkable a, Location - Checkable l) {
    preconditions = [
      atLocation(a, l)
    ]
    effects = [
      checked(l) := true
    ]
  }
  action inventory(Agent - Checkable a) {
    preconditions = [
    ]
    effects = [
      checked(a) := true
    ]
  }
  action examineReceptacle(Agent - Checkable a, Receptacle - Checkable r) {
    preconditions = [
      Exists (Location - Checkable l) (atLocation(a, l) and receptacleAtLocation(r, l))
    ]
    effects = [
      checked(r) := true
    ]
  }
  action examineObject(Agent - Checkable a, Obj - Checkable o) {
    preconditions = [
      (Exists (Location - Checkable l) Exists (Receptacle - Checkable r) (atLocation(a, l) and receptacleAtLocation(r, l) and inReceptacle(o, r) and ((not openable(r)) or opened(r))) or holds(a, o))
    ]
    effects = [
      checked(o) := true
    ]
  }
  action goToLocation(Agent - Checkable a, Location - Checkable lstart, Location - Checkable lend) {
    preconditions = [
      atLocation(a, lstart)
    ]
    effects = [
      atLocation(a, lstart) := false
      atLocation(a, lend) := true
    ]
  }
  action openObject(Agent - Checkable a, Location - Checkable l, Receptacle - Checkable r) {
    preconditions = [
      (openable(r) and atLocation(a, l) and receptacleAtLocation(r, l) and (not opened(r)))
    ]
    effects = [
      opened(r) := true
      checked(r) := true
    ]
  }
  action closeObject(Agent - Checkable a, Location - Checkable l, Receptacle - Checkable r) {
    preconditions = [
      (openable(r) and atLocation(a, l) and receptacleAtLocation(r, l) and opened(r))
    ]
    effects = [
      opened(r) := false
    ]
  }
  action pickupObject(Agent - Checkable a, Location - Checkable l, Obj - Checkable o, Receptacle - Checkable r) {
    preconditions = [
      (pickupable(o) and atLocation(a, l) and receptacleAtLocation(r, l) and inReceptacle(o, r) and (not holdsAny(a)) and ((not openable(r)) or opened(r)))
    ]
    effects = [
      inReceptacle(o, r) := false
      holds(a, o) := true
      holdsAny(a) := true
      objectAtLocation(o, l) := false
    ]
  }
  action putObject(Agent - Checkable a, Location - Checkable l, Obj - Checkable o, Receptacle - Checkable r, ObjectType ot, ReceptacleType rt) {
    preconditions = [
      (holds(a, o) and atLocation(a, l) and receptacleAtLocation(r, l) and ((not openable(r)) or opened(r)) and objectType(o, ot) and receptacleType(r, rt) and canContain(rt, ot))
    ]
    effects = [
      inReceptacle(o, r) := true
      objectAtLocation(o, l) := true
      holds(a, o) := false
      holdsAny(a) := false
    ]
  }
  action cleanObject(Agent - Checkable a, Location - Checkable l, Receptacle - Checkable r, Obj - Checkable o) {
    preconditions = [
      (cleanable(o) and receptacleType(r, sinkBasinType) and atLocation(a, l) and receptacleAtLocation(r, l) and holds(a, o))
    ]
    effects = [
      isClean(o) := true
    ]
  }
  action heatObject(Agent - Checkable a, Location - Checkable l, Receptacle - Checkable r, Obj - Checkable o) {
    preconditions = [
      (heatable(o) and receptacleType(r, microwaveType) and atLocation(a, l) and receptacleAtLocation(r, l) and holds(a, o))
    ]
    effects = [
      isHot(o) := true
      isCool(o) := false
    ]
  }
  action coolObject(Agent - Checkable a, Location - Checkable l, Receptacle - Checkable r, Obj - Checkable o) {
    preconditions = [
      (coolable(o) and receptacleType(r, fridgeType) and atLocation(a, l) and receptacleAtLocation(r, l) and holds(a, o))
    ]
    effects = [
      isCool(o) := true
      isHot(o) := false
    ]
  }
  action toggleObject(Agent - Checkable a, Location - Checkable l, Obj - Checkable o, Receptacle - Checkable r) {
    preconditions = [
      (toggleable(o) and atLocation(a, l) and receptacleAtLocation(r, l) and inReceptacle(o, r))
    ]
    effects = [
      if isOn(o) then isOn(o) := false
      if (not isOn(o)) then isOn(o) := true
      isToggled(o) := true
    ]
  }
  action sliceObject(Agent - Checkable a, Location - Checkable l, Obj - Checkable co, Obj - Checkable ko) {
    preconditions = [
      (sliceable(co) and (objectType(ko, knifeType) or objectType(ko, butterKnifeType)) and atLocation(a, l) and objectAtLocation(co, l) and holds(a, ko))
    ]
    effects = [
      isSliced(co) := true
    ]
  }
  action help(Agent - Checkable a) {
    preconditions = [
    ]
    effects = [
      checked(a) := true
    ]
  }
]

objects = [
  ReceptacleType: [sinkBasinType, microwaveType, fridgeType, coffeeTableType, handTowelHolderType, coffeeMachineType, deskType, counterTopType, garbageCanType, sofaType]
  ObjectType: [knifeType, butterKnifeType, cdType, wineBottleType, potType, saltShakerType, toiletPaperRollType, statueType, breadType, sprayBottleType, eggType, cupType]
  Checkable: [agent1, location1, location2, location3, location4, location5, location6, location7, location8, location9, location10, coffeeTable_1, handTowelHolder_2, coffeeMachine_3, desk_4, counterTop_5, garbageCan_6, handTowelHolder_7, sofa_8, coffeeTable_9, handTowelHolder_10, cd_1, wineBottle_2, pot_3, saltShaker_4, toiletPaperRoll_5, statue_6, bread_7, sprayBottle_8, egg_9, cup_10]
  Agent - Checkable: [agent1]
  Location - Checkable: [location1, location2, location3, location4, location5, location6, location7, location8, location9, location10]
  Receptacle - Checkable: [coffeeTable_1, handTowelHolder_2, coffeeMachine_3, desk_4, counterTop_5, garbageCan_6, handTowelHolder_7, sofa_8, coffeeTable_9, handTowelHolder_10]
  Obj - Checkable: [cd_1, wineBottle_2, pot_3, saltShaker_4, toiletPaperRoll_5, statue_6, bread_7, sprayBottle_8, egg_9, cup_10]
]

initial fluents default = [
  bool atLocation[a=Agent - Checkable, l=Location - Checkable] := false
  bool receptacleAtLocation[r=Receptacle - Checkable, l=Location - Checkable] := false
  bool objectAtLocation[o=Obj - Checkable, l=Location - Checkable] := false
  bool openable[r=Receptacle - Checkable] := false
  bool opened[r=Receptacle - Checkable] := false
  bool inReceptacle[o=Obj - Checkable, r=Receptacle - Checkable] := false
  bool isReceptacleObject[o=Obj - Checkable] := false
  bool inReceptacleObject[innerObject=Obj - Checkable, outObject=Obj - Checkable] := false
  bool isReceptacleObjectFull[o=Obj - Checkable] := false
  bool wasInReceptacle[o=Obj - Checkable, r=Receptacle - Checkable] := false
  bool checked[c=Checkable] := false
  bool examined[l=Location - Checkable] := false
  bool receptacleType[r=Receptacle - Checkable, rt=ReceptacleType] := false
  bool canContain[rt=ReceptacleType, ot=ObjectType] := false
  bool objectType[o=Obj - Checkable, t=ObjectType] := false
  bool holds[a=Agent - Checkable, o=Obj - Checkable] := false
  bool holdsAny[a=Agent - Checkable] := false
  bool holdsAnyReceptacleObject[a=Agent - Checkable] := false
  bool full[r=Receptacle - Checkable] := false
  bool isClean[o=Obj - Checkable] := false
  bool cleanable[o=Obj - Checkable] := false
  bool isHot[o=Obj - Checkable] := false
  bool heatable[o=Obj - Checkable] := false
  bool isCool[o=Obj - Checkable] := false
  bool coolable[o=Obj - Checkable] := false
  bool pickupable[o=Obj - Checkable] := false
  bool moveable[o=Obj - Checkable] := false
  bool toggleable[o=Obj - Checkable] := false
  bool isOn[o=Obj - Checkable] := false
  bool isToggled[o=Obj - Checkable] := false
  bool sliceable[o=Obj - Checkable] := false
  bool isSliced[o=Obj - Checkable] := false
]

initial values = [
  receptacleType(coffeeTable_1, coffeeTableType) := true
  receptacleType(handTowelHolder_2, handTowelHolderType) := true
  receptacleType(coffeeMachine_3, coffeeMachineType) := true
  receptacleType(desk_4, deskType) := true
  receptacleType(counterTop_5, counterTopType) := true
  receptacleType(garbageCan_6, garbageCanType) := true
  receptacleType(handTowelHolder_7, handTowelHolderType) := true
  receptacleType(sofa_8, sofaType) := true
  receptacleType(coffeeTable_9, coffeeTableType) := true
  receptacleType(handTowelHolder_10, handTowelHolderType) := true
  objectType(cd_1, cdType) := true
  objectType(wineBottle_2, wineBottleType) := true
  objectType(pot_3, potType) := true
  objectType(saltShaker_4, saltShakerType) := true
  objectType(toiletPaperRoll_5, toiletPaperRollType) := true
  objectType(statue_6, statueType) := true
  objectType(bread_7, breadType) := true
  objectType(sprayBottle_8, sprayBottleType) := true
  objectType(egg_9, eggType) := true
  objectType(cup_10, cupType) := true
  canContain(coffeeTableType, wineBottleType) := true
  canContain(coffeeTableType, potType) := true
  canContain(coffeeTableType, saltShakerType) := true
  canContain(coffeeTableType, toiletPaperRollType) := true
  canContain(coffeeTableType, statueType) := true
  canContain(coffeeTableType, breadType) := true
  canContain(coffeeTableType, sprayBottleType) := true
  canContain(coffeeTableType, eggType) := true
  canContain(coffeeTableType, cupType) := true
  canContain(deskType, wineBottleType) := true
  canContain(deskType, toiletPaperRollType) := true
  canContain(deskType, statueType) := true
  canContain(deskType, sprayBottleType) := true
  canContain(deskType, cupType) := true
  canContain(counterTopType, cdType) := true
  canContain(counterTopType, wineBottleType) := true
  canContain(counterTopType, potType) := true
  canContain(counterTopType, saltShakerType) := true
  canContain(counterTopType, toiletPaperRollType) := true
  canContain(counterTopType, statueType) := true
  canContain(counterTopType, breadType) := true
  canContain(counterTopType, sprayBottleType) := true
  canContain(counterTopType, eggType) := true
  canContain(counterTopType, cupType) := true
  canContain(garbageCanType, wineBottleType) := true
  canContain(garbageCanType, toiletPaperRollType) := true
  canContain(garbageCanType, breadType) := true
  canContain(garbageCanType, sprayBottleType) := true
  canContain(garbageCanType, eggType) := true
  pickupable(cd_1) := true
  pickupable(wineBottle_2) := true
  pickupable(pot_3) := true
  isReceptacleObject(pot_3) := true
  cleanable(pot_3) := true
  coolable(pot_3) := true
  pickupable(saltShaker_4) := true
  pickupable(toiletPaperRoll_5) := true
  pickupable(statue_6) := true
  pickupable(bread_7) := true
  heatable(bread_7) := true
  coolable(bread_7) := true
  sliceable(bread_7) := true
  pickupable(sprayBottle_8) := true
  pickupable(egg_9) := true
  cleanable(egg_9) := true
  heatable(egg_9) := true
  coolable(egg_9) := true
  sliceable(egg_9) := true
  pickupable(cup_10) := true
  isReceptacleObject(cup_10) := true
  cleanable(cup_10) := true
  heatable(cup_10) := true
  coolable(cup_10) := true
  receptacleAtLocation(coffeeTable_1, location5) := true
  receptacleAtLocation(handTowelHolder_2, location6) := true
  receptacleAtLocation(coffeeMachine_3, location4) := true
  receptacleAtLocation(desk_4, location7) := true
  receptacleAtLocation(counterTop_5, location9) := true
  receptacleAtLocation(garbageCan_6, location10) := true
  receptacleAtLocation(handTowelHolder_7, location10) := true
  receptacleAtLocation(sofa_8, location6) := true
  receptacleAtLocation(coffeeTable_9, location5) := true
  receptacleAtLocation(handTowelHolder_10, location9) := true
  inReceptacle(wineBottle_2, counterTop_5) := true
  inReceptacle(toiletPaperRoll_5, garbageCan_6) := true
  inReceptacle(bread_7, coffeeTable_1) := true
  inReceptacle(egg_9, garbageCan_6) := true
  objectAtLocation(cd_1, location4) := true
  objectAtLocation(wineBottle_2, location9) := true
  objectAtLocation(pot_3, location9) := true
  objectAtLocation(saltShaker_4, location8) := true
  objectAtLocation(toiletPaperRoll_5, location10) := true
  objectAtLocation(statue_6, location4) := true
  objectAtLocation(bread_7, location5) := true
  objectAtLocation(sprayBottle_8, location5) := true
  objectAtLocation(egg_9, location10) := true
  objectAtLocation(cup_10, location1) := true
  atLocation(agent1, location6) := true
]

goals = [
  Exists (Receptacle - Checkable r) Exists (Obj - Checkable o1) (inReceptacle(o1, r) and objectType(o1, sprayBottleType) and receptacleType(r, deskType) and Exists (Obj - Checkable o2) ((not (o1 == o2)) and objectType(o2, sprayBottleType) and receptacleType(r, deskType) and inReceptacle(o2, r)))
]

quality metrics = [
  minimize sequential-plan-length
]


2025-06-17 10:24:30,706 - INFO - Generating plan for unconstrained problem

2025-06-17 10:24:31,042 - INFO - Unconstrained plan generation time: 0.3364272117614746

