2025-06-17 10:21:21,661 - INFO - 
================= Seed: 692 =================

2025-06-17 10:21:21,666 - INFO - problem name = alfred

types = [ReceptacleType, ObjectType, Checkable, Agent - Checkable, Location - Checkable, Receptacle - Checkable, Obj - Checkable]

fluents = [
  bool atLocation[a=Agent - Checkable, l=Location - Checkable]
  bool receptacleAtLocation[r=Receptacle - Checkable, l=Location - Checkable]
  bool objectAtLocation[o=Obj - Checkable, l=Location - Checkable]
  bool openable[r=Receptacle - Checkable]
  bool opened[r=Receptacle - Checkable]
  bool inReceptacle[o=Obj - Checkable, r=Receptacle - Checkable]
  bool isReceptacleObject[o=Obj - Checkable]
  bool inReceptacleObject[innerObject=Obj - Checkable, outObject=Obj - Checkable]
  bool isReceptacleObjectFull[o=Obj - Checkable]
  bool wasInReceptacle[o=Obj - Checkable, r=Receptacle - Checkable]
  bool checked[c=Checkable]
  bool examined[l=Location - Checkable]
  bool receptacleType[r=Receptacle - Checkable, rt=ReceptacleType]
  bool canContain[rt=ReceptacleType, ot=ObjectType]
  bool objectType[o=Obj - Checkable, t=ObjectType]
  bool holds[a=Agent - Checkable, o=Obj - Checkable]
  bool holdsAny[a=Agent - Checkable]
  bool holdsAnyReceptacleObject[a=Agent - Checkable]
  bool full[r=Receptacle - Checkable]
  bool isClean[o=Obj - Checkable]
  bool cleanable[o=Obj - Checkable]
  bool isHot[o=Obj - Checkable]
  bool heatable[o=Obj - Checkable]
  bool isCool[o=Obj - Checkable]
  bool coolable[o=Obj - Checkable]
  bool pickupable[o=Obj - Checkable]
  bool moveable[o=Obj - Checkable]
  bool toggleable[o=Obj - Checkable]
  bool isOn[o=Obj - Checkable]
  bool isToggled[o=Obj - Checkable]
  bool sliceable[o=Obj - Checkable]
  bool isSliced[o=Obj - Checkable]
]

actions = [
  action look(Agent - Checkable a, Location - Checkable l) {
    preconditions = [
      atLocation(a, l)
    ]
    effects = [
      checked(l) := true
    ]
  }
  action inventory(Agent - Checkable a) {
    preconditions = [
    ]
    effects = [
      checked(a) := true
    ]
  }
  action examineReceptacle(Agent - Checkable a, Receptacle - Checkable r) {
    preconditions = [
      Exists (Location - Checkable l) (atLocation(a, l) and receptacleAtLocation(r, l))
    ]
    effects = [
      checked(r) := true
    ]
  }
  action examineObject(Agent - Checkable a, Obj - Checkable o) {
    preconditions = [
      (Exists (Location - Checkable l) Exists (Receptacle - Checkable r) (atLocation(a, l) and receptacleAtLocation(r, l) and inReceptacle(o, r) and ((not openable(r)) or opened(r))) or holds(a, o))
    ]
    effects = [
      checked(o) := true
    ]
  }
  action goToLocation(Agent - Checkable a, Location - Checkable lstart, Location - Checkable lend) {
    preconditions = [
      atLocation(a, lstart)
    ]
    effects = [
      atLocation(a, lstart) := false
      atLocation(a, lend) := true
    ]
  }
  action openObject(Agent - Checkable a, Location - Checkable l, Receptacle - Checkable r) {
    preconditions = [
      (openable(r) and atLocation(a, l) and receptacleAtLocation(r, l) and (not opened(r)))
    ]
    effects = [
      opened(r) := true
      checked(r) := true
    ]
  }
  action closeObject(Agent - Checkable a, Location - Checkable l, Receptacle - Checkable r) {
    preconditions = [
      (openable(r) and atLocation(a, l) and receptacleAtLocation(r, l) and opened(r))
    ]
    effects = [
      opened(r) := false
    ]
  }
  action pickupObject(Agent - Checkable a, Location - Checkable l, Obj - Checkable o, Receptacle - Checkable r) {
    preconditions = [
      (pickupable(o) and atLocation(a, l) and receptacleAtLocation(r, l) and inReceptacle(o, r) and (not holdsAny(a)) and ((not openable(r)) or opened(r)))
    ]
    effects = [
      inReceptacle(o, r) := false
      holds(a, o) := true
      holdsAny(a) := true
      objectAtLocation(o, l) := false
    ]
  }
  action putObject(Agent - Checkable a, Location - Checkable l, Obj - Checkable o, Receptacle - Checkable r, ObjectType ot, ReceptacleType rt) {
    preconditions = [
      (holds(a, o) and atLocation(a, l) and receptacleAtLocation(r, l) and ((not openable(r)) or opened(r)) and objectType(o, ot) and receptacleType(r, rt) and canContain(rt, ot))
    ]
    effects = [
      inReceptacle(o, r) := true
      objectAtLocation(o, l) := true
      holds(a, o) := false
      holdsAny(a) := false
    ]
  }
  action cleanObject(Agent - Checkable a, Location - Checkable l, Receptacle - Checkable r, Obj - Checkable o) {
    preconditions = [
      (cleanable(o) and receptacleType(r, sinkBasinType) and atLocation(a, l) and receptacleAtLocation(r, l) and holds(a, o))
    ]
    effects = [
      isClean(o) := true
    ]
  }
  action heatObject(Agent - Checkable a, Location - Checkable l, Receptacle - Checkable r, Obj - Checkable o) {
    preconditions = [
      (heatable(o) and receptacleType(r, microwaveType) and atLocation(a, l) and receptacleAtLocation(r, l) and holds(a, o))
    ]
    effects = [
      isHot(o) := true
      isCool(o) := false
    ]
  }
  action coolObject(Agent - Checkable a, Location - Checkable l, Receptacle - Checkable r, Obj - Checkable o) {
    preconditions = [
      (coolable(o) and receptacleType(r, fridgeType) and atLocation(a, l) and receptacleAtLocation(r, l) and holds(a, o))
    ]
    effects = [
      isCool(o) := true
      isHot(o) := false
    ]
  }
  action toggleObject(Agent - Checkable a, Location - Checkable l, Obj - Checkable o, Receptacle - Checkable r) {
    preconditions = [
      (toggleable(o) and atLocation(a, l) and receptacleAtLocation(r, l) and inReceptacle(o, r))
    ]
    effects = [
      if isOn(o) then isOn(o) := false
      if (not isOn(o)) then isOn(o) := true
      isToggled(o) := true
    ]
  }
  action sliceObject(Agent - Checkable a, Location - Checkable l, Obj - Checkable co, Obj - Checkable ko) {
    preconditions = [
      (sliceable(co) and (objectType(ko, knifeType) or objectType(ko, butterKnifeType)) and atLocation(a, l) and objectAtLocation(co, l) and holds(a, ko))
    ]
    effects = [
      isSliced(co) := true
    ]
  }
  action help(Agent - Checkable a) {
    preconditions = [
    ]
    effects = [
      checked(a) := true
    ]
  }
]

objects = [
  ReceptacleType: [sinkBasinType, microwaveType, fridgeType, cartType, bathtubBasinType, toiletType, toasterType, cabinetType, safeType, sideTableType, towelHolderType, coffeeMachineType]
  ObjectType: [knifeType, butterKnifeType, tomatoType, watchType, keyChainType, tissueBoxType, spoonType, plungerType, spatulaType, laptopType, panType]
  Checkable: [agent1, location1, location2, location3, location4, location5, location6, location7, location8, location9, location10, cart_1, bathtubBasin_2, toilet_3, toaster_4, toaster_5, cabinet_6, safe_7, sideTable_8, towelHolder_9, coffeeMachine_10, tomato_1, watch_2, keyChain_3, tissueBox_4, spoon_5, plunger_6, spatula_7, laptop_8, laptop_9, pan_10]
  Agent - Checkable: [agent1]
  Location - Checkable: [location1, location2, location3, location4, location5, location6, location7, location8, location9, location10]
  Receptacle - Checkable: [cart_1, bathtubBasin_2, toilet_3, toaster_4, toaster_5, cabinet_6, safe_7, sideTable_8, towelHolder_9, coffeeMachine_10]
  Obj - Checkable: [tomato_1, watch_2, keyChain_3, tissueBox_4, spoon_5, plunger_6, spatula_7, laptop_8, laptop_9, pan_10]
]

initial fluents default = [
  bool atLocation[a=Agent - Checkable, l=Location - Checkable] := false
  bool receptacleAtLocation[r=Receptacle - Checkable, l=Location - Checkable] := false
  bool objectAtLocation[o=Obj - Checkable, l=Location - Checkable] := false
  bool openable[r=Receptacle - Checkable] := false
  bool opened[r=Receptacle - Checkable] := false
  bool inReceptacle[o=Obj - Checkable, r=Receptacle - Checkable] := false
  bool isReceptacleObject[o=Obj - Checkable] := false
  bool inReceptacleObject[innerObject=Obj - Checkable, outObject=Obj - Checkable] := false
  bool isReceptacleObjectFull[o=Obj - Checkable] := false
  bool wasInReceptacle[o=Obj - Checkable, r=Receptacle - Checkable] := false
  bool checked[c=Checkable] := false
  bool examined[l=Location - Checkable] := false
  bool receptacleType[r=Receptacle - Checkable, rt=ReceptacleType] := false
  bool canContain[rt=ReceptacleType, ot=ObjectType] := false
  bool objectType[o=Obj - Checkable, t=ObjectType] := false
  bool holds[a=Agent - Checkable, o=Obj - Checkable] := false
  bool holdsAny[a=Agent - Checkable] := false
  bool holdsAnyReceptacleObject[a=Agent - Checkable] := false
  bool full[r=Receptacle - Checkable] := false
  bool isClean[o=Obj - Checkable] := false
  bool cleanable[o=Obj - Checkable] := false
  bool isHot[o=Obj - Checkable] := false
  bool heatable[o=Obj - Checkable] := false
  bool isCool[o=Obj - Checkable] := false
  bool coolable[o=Obj - Checkable] := false
  bool pickupable[o=Obj - Checkable] := false
  bool moveable[o=Obj - Checkable] := false
  bool toggleable[o=Obj - Checkable] := false
  bool isOn[o=Obj - Checkable] := false
  bool isToggled[o=Obj - Checkable] := false
  bool sliceable[o=Obj - Checkable] := false
  bool isSliced[o=Obj - Checkable] := false
]

initial values = [
  receptacleType(cart_1, cartType) := true
  receptacleType(bathtubBasin_2, bathtubBasinType) := true
  receptacleType(toilet_3, toiletType) := true
  receptacleType(toaster_4, toasterType) := true
  receptacleType(toaster_5, toasterType) := true
  receptacleType(cabinet_6, cabinetType) := true
  receptacleType(safe_7, safeType) := true
  receptacleType(sideTable_8, sideTableType) := true
  receptacleType(towelHolder_9, towelHolderType) := true
  receptacleType(coffeeMachine_10, coffeeMachineType) := true
  objectType(tomato_1, tomatoType) := true
  objectType(watch_2, watchType) := true
  objectType(keyChain_3, keyChainType) := true
  objectType(tissueBox_4, tissueBoxType) := true
  objectType(spoon_5, spoonType) := true
  objectType(plunger_6, plungerType) := true
  objectType(spatula_7, spatulaType) := true
  objectType(laptop_8, laptopType) := true
  objectType(laptop_9, laptopType) := true
  objectType(pan_10, panType) := true
  canContain(cartType, tissueBoxType) := true
  canContain(cartType, plungerType) := true
  canContain(toiletType, tissueBoxType) := true
  canContain(cabinetType, tissueBoxType) := true
  canContain(cabinetType, plungerType) := true
  canContain(cabinetType, panType) := true
  canContain(safeType, watchType) := true
  canContain(safeType, keyChainType) := true
  canContain(sideTableType, tomatoType) := true
  canContain(sideTableType, watchType) := true
  canContain(sideTableType, keyChainType) := true
  canContain(sideTableType, tissueBoxType) := true
  canContain(sideTableType, spoonType) := true
  canContain(sideTableType, spatulaType) := true
  canContain(sideTableType, laptopType) := true
  canContain(sideTableType, panType) := true
  pickupable(tomato_1) := true
  cleanable(tomato_1) := true
  heatable(tomato_1) := true
  coolable(tomato_1) := true
  sliceable(tomato_1) := true
  pickupable(watch_2) := true
  pickupable(keyChain_3) := true
  pickupable(tissueBox_4) := true
  pickupable(spoon_5) := true
  cleanable(spoon_5) := true
  pickupable(plunger_6) := true
  pickupable(spatula_7) := true
  cleanable(spatula_7) := true
  pickupable(laptop_8) := true
  pickupable(laptop_9) := true
  pickupable(pan_10) := true
  isReceptacleObject(pan_10) := true
  cleanable(pan_10) := true
  coolable(pan_10) := true
  receptacleAtLocation(cart_1, location2) := true
  receptacleAtLocation(bathtubBasin_2, location6) := true
  receptacleAtLocation(toilet_3, location3) := true
  receptacleAtLocation(toaster_4, location10) := true
  receptacleAtLocation(toaster_5, location5) := true
  receptacleAtLocation(cabinet_6, location7) := true
  receptacleAtLocation(safe_7, location5) := true
  receptacleAtLocation(sideTable_8, location4) := true
  receptacleAtLocation(towelHolder_9, location10) := true
  receptacleAtLocation(coffeeMachine_10, location7) := true
  inReceptacle(tissueBox_4, cart_1) := true
  inReceptacle(laptop_8, sideTable_8) := true
  inReceptacle(laptop_9, sideTable_8) := true
  inReceptacle(pan_10, sideTable_8) := true
  objectAtLocation(tomato_1, location5) := true
  objectAtLocation(watch_2, location4) := true
  objectAtLocation(keyChain_3, location5) := true
  objectAtLocation(tissueBox_4, location2) := true
  objectAtLocation(spoon_5, location7) := true
  objectAtLocation(plunger_6, location6) := true
  objectAtLocation(spatula_7, location5) := true
  objectAtLocation(laptop_8, location4) := true
  objectAtLocation(laptop_9, location4) := true
  objectAtLocation(pan_10, location4) := true
  atLocation(agent1, location7) := true
]

goals = [
  Exists (Receptacle - Checkable r) Exists (Obj - Checkable o1) (inReceptacle(o1, r) and objectType(o1, laptopType) and receptacleType(r, sideTableType) and Exists (Obj - Checkable o2) ((not (o1 == o2)) and objectType(o2, keyChainType) and receptacleType(r, sideTableType) and inReceptacle(o2, r)))
]

quality metrics = [
  minimize sequential-plan-length
]


2025-06-17 10:21:21,668 - INFO - Generating plan for unconstrained problem

2025-06-17 10:21:21,982 - INFO - Unconstrained plan generation time: 0.31424880027770996

