2025-06-17 09:53:47,153 - INFO - 
================= Seed: 296 =================

2025-06-17 09:53:47,160 - INFO - problem name = alfred

types = [ReceptacleType, ObjectType, Checkable, Agent - Checkable, Location - Checkable, Receptacle - Checkable, Obj - Checkable]

fluents = [
  bool atLocation[a=Agent - Checkable, l=Location - Checkable]
  bool receptacleAtLocation[r=Receptacle - Checkable, l=Location - Checkable]
  bool objectAtLocation[o=Obj - Checkable, l=Location - Checkable]
  bool openable[r=Receptacle - Checkable]
  bool opened[r=Receptacle - Checkable]
  bool inReceptacle[o=Obj - Checkable, r=Receptacle - Checkable]
  bool isReceptacleObject[o=Obj - Checkable]
  bool inReceptacleObject[innerObject=Obj - Checkable, outObject=Obj - Checkable]
  bool isReceptacleObjectFull[o=Obj - Checkable]
  bool wasInReceptacle[o=Obj - Checkable, r=Receptacle - Checkable]
  bool checked[c=Checkable]
  bool examined[l=Location - Checkable]
  bool receptacleType[r=Receptacle - Checkable, rt=ReceptacleType]
  bool canContain[rt=ReceptacleType, ot=ObjectType]
  bool objectType[o=Obj - Checkable, t=ObjectType]
  bool holds[a=Agent - Checkable, o=Obj - Checkable]
  bool holdsAny[a=Agent - Checkable]
  bool holdsAnyReceptacleObject[a=Agent - Checkable]
  bool full[r=Receptacle - Checkable]
  bool isClean[o=Obj - Checkable]
  bool cleanable[o=Obj - Checkable]
  bool isHot[o=Obj - Checkable]
  bool heatable[o=Obj - Checkable]
  bool isCool[o=Obj - Checkable]
  bool coolable[o=Obj - Checkable]
  bool pickupable[o=Obj - Checkable]
  bool moveable[o=Obj - Checkable]
  bool toggleable[o=Obj - Checkable]
  bool isOn[o=Obj - Checkable]
  bool isToggled[o=Obj - Checkable]
  bool sliceable[o=Obj - Checkable]
  bool isSliced[o=Obj - Checkable]
]

actions = [
  action look(Agent - Checkable a, Location - Checkable l) {
    preconditions = [
      atLocation(a, l)
    ]
    effects = [
      checked(l) := true
    ]
  }
  action inventory(Agent - Checkable a) {
    preconditions = [
    ]
    effects = [
      checked(a) := true
    ]
  }
  action examineReceptacle(Agent - Checkable a, Receptacle - Checkable r) {
    preconditions = [
      Exists (Location - Checkable l) (atLocation(a, l) and receptacleAtLocation(r, l))
    ]
    effects = [
      checked(r) := true
    ]
  }
  action examineObject(Agent - Checkable a, Obj - Checkable o) {
    preconditions = [
      (Exists (Location - Checkable l) Exists (Receptacle - Checkable r) (atLocation(a, l) and receptacleAtLocation(r, l) and inReceptacle(o, r) and ((not openable(r)) or opened(r))) or holds(a, o))
    ]
    effects = [
      checked(o) := true
    ]
  }
  action goToLocation(Agent - Checkable a, Location - Checkable lstart, Location - Checkable lend) {
    preconditions = [
      atLocation(a, lstart)
    ]
    effects = [
      atLocation(a, lstart) := false
      atLocation(a, lend) := true
    ]
  }
  action openObject(Agent - Checkable a, Location - Checkable l, Receptacle - Checkable r) {
    preconditions = [
      (openable(r) and atLocation(a, l) and receptacleAtLocation(r, l) and (not opened(r)))
    ]
    effects = [
      opened(r) := true
      checked(r) := true
    ]
  }
  action closeObject(Agent - Checkable a, Location - Checkable l, Receptacle - Checkable r) {
    preconditions = [
      (openable(r) and atLocation(a, l) and receptacleAtLocation(r, l) and opened(r))
    ]
    effects = [
      opened(r) := false
    ]
  }
  action pickupObject(Agent - Checkable a, Location - Checkable l, Obj - Checkable o, Receptacle - Checkable r) {
    preconditions = [
      (pickupable(o) and atLocation(a, l) and receptacleAtLocation(r, l) and inReceptacle(o, r) and (not holdsAny(a)) and ((not openable(r)) or opened(r)))
    ]
    effects = [
      inReceptacle(o, r) := false
      holds(a, o) := true
      holdsAny(a) := true
      objectAtLocation(o, l) := false
    ]
  }
  action putObject(Agent - Checkable a, Location - Checkable l, Obj - Checkable o, Receptacle - Checkable r, ObjectType ot, ReceptacleType rt) {
    preconditions = [
      (holds(a, o) and atLocation(a, l) and receptacleAtLocation(r, l) and ((not openable(r)) or opened(r)) and objectType(o, ot) and receptacleType(r, rt) and canContain(rt, ot))
    ]
    effects = [
      inReceptacle(o, r) := true
      objectAtLocation(o, l) := true
      holds(a, o) := false
      holdsAny(a) := false
    ]
  }
  action cleanObject(Agent - Checkable a, Location - Checkable l, Receptacle - Checkable r, Obj - Checkable o) {
    preconditions = [
      (cleanable(o) and receptacleType(r, sinkBasinType) and atLocation(a, l) and receptacleAtLocation(r, l) and holds(a, o))
    ]
    effects = [
      isClean(o) := true
    ]
  }
  action heatObject(Agent - Checkable a, Location - Checkable l, Receptacle - Checkable r, Obj - Checkable o) {
    preconditions = [
      (heatable(o) and receptacleType(r, microwaveType) and atLocation(a, l) and receptacleAtLocation(r, l) and holds(a, o))
    ]
    effects = [
      isHot(o) := true
      isCool(o) := false
    ]
  }
  action coolObject(Agent - Checkable a, Location - Checkable l, Receptacle - Checkable r, Obj - Checkable o) {
    preconditions = [
      (coolable(o) and receptacleType(r, fridgeType) and atLocation(a, l) and receptacleAtLocation(r, l) and holds(a, o))
    ]
    effects = [
      isCool(o) := true
      isHot(o) := false
    ]
  }
  action toggleObject(Agent - Checkable a, Location - Checkable l, Obj - Checkable o, Receptacle - Checkable r) {
    preconditions = [
      (toggleable(o) and atLocation(a, l) and receptacleAtLocation(r, l) and inReceptacle(o, r))
    ]
    effects = [
      if isOn(o) then isOn(o) := false
      if (not isOn(o)) then isOn(o) := true
      isToggled(o) := true
    ]
  }
  action sliceObject(Agent - Checkable a, Location - Checkable l, Obj - Checkable co, Obj - Checkable ko) {
    preconditions = [
      (sliceable(co) and (objectType(ko, knifeType) or objectType(ko, butterKnifeType)) and atLocation(a, l) and objectAtLocation(co, l) and holds(a, ko))
    ]
    effects = [
      isSliced(co) := true
    ]
  }
  action help(Agent - Checkable a) {
    preconditions = [
    ]
    effects = [
      checked(a) := true
    ]
  }
]

objects = [
  ReceptacleType: [sinkBasinType, microwaveType, fridgeType, shelfType, toasterType, garbageCanType, stoveBurnerType, towelHolderType, sofaType, drawerType, toiletType, cartType, bathtubBasinType]
  ObjectType: [knifeType, butterKnifeType, wineBottleType, appleType, soapBottleType, tissueBoxType, toiletPaperType, soapBarType, saltShakerType, breadType, boxType]
  Checkable: [agent1, location1, location2, location3, location4, location5, location6, location7, location8, location9, location10, shelf_1, toaster_2, garbageCan_3, stoveBurner_4, towelHolder_5, sofa_6, drawer_7, toilet_8, cart_9, bathtubBasin_10, wineBottle_1, apple_2, soapBottle_3, tissueBox_4, toiletPaper_5, soapBar_6, saltShaker_7, bread_8, wineBottle_9, box_10]
  Agent - Checkable: [agent1]
  Location - Checkable: [location1, location2, location3, location4, location5, location6, location7, location8, location9, location10]
  Receptacle - Checkable: [shelf_1, toaster_2, garbageCan_3, stoveBurner_4, towelHolder_5, sofa_6, drawer_7, toilet_8, cart_9, bathtubBasin_10]
  Obj - Checkable: [wineBottle_1, apple_2, soapBottle_3, tissueBox_4, toiletPaper_5, soapBar_6, saltShaker_7, bread_8, wineBottle_9, box_10]
]

initial fluents default = [
  bool atLocation[a=Agent - Checkable, l=Location - Checkable] := false
  bool receptacleAtLocation[r=Receptacle - Checkable, l=Location - Checkable] := false
  bool objectAtLocation[o=Obj - Checkable, l=Location - Checkable] := false
  bool openable[r=Receptacle - Checkable] := false
  bool opened[r=Receptacle - Checkable] := false
  bool inReceptacle[o=Obj - Checkable, r=Receptacle - Checkable] := false
  bool isReceptacleObject[o=Obj - Checkable] := false
  bool inReceptacleObject[innerObject=Obj - Checkable, outObject=Obj - Checkable] := false
  bool isReceptacleObjectFull[o=Obj - Checkable] := false
  bool wasInReceptacle[o=Obj - Checkable, r=Receptacle - Checkable] := false
  bool checked[c=Checkable] := false
  bool examined[l=Location - Checkable] := false
  bool receptacleType[r=Receptacle - Checkable, rt=ReceptacleType] := false
  bool canContain[rt=ReceptacleType, ot=ObjectType] := false
  bool objectType[o=Obj - Checkable, t=ObjectType] := false
  bool holds[a=Agent - Checkable, o=Obj - Checkable] := false
  bool holdsAny[a=Agent - Checkable] := false
  bool holdsAnyReceptacleObject[a=Agent - Checkable] := false
  bool full[r=Receptacle - Checkable] := false
  bool isClean[o=Obj - Checkable] := false
  bool cleanable[o=Obj - Checkable] := false
  bool isHot[o=Obj - Checkable] := false
  bool heatable[o=Obj - Checkable] := false
  bool isCool[o=Obj - Checkable] := false
  bool coolable[o=Obj - Checkable] := false
  bool pickupable[o=Obj - Checkable] := false
  bool moveable[o=Obj - Checkable] := false
  bool toggleable[o=Obj - Checkable] := false
  bool isOn[o=Obj - Checkable] := false
  bool isToggled[o=Obj - Checkable] := false
  bool sliceable[o=Obj - Checkable] := false
  bool isSliced[o=Obj - Checkable] := false
]

initial values = [
  receptacleType(shelf_1, shelfType) := true
  receptacleType(toaster_2, toasterType) := true
  receptacleType(garbageCan_3, garbageCanType) := true
  receptacleType(stoveBurner_4, stoveBurnerType) := true
  receptacleType(towelHolder_5, towelHolderType) := true
  receptacleType(sofa_6, sofaType) := true
  receptacleType(drawer_7, drawerType) := true
  receptacleType(toilet_8, toiletType) := true
  receptacleType(cart_9, cartType) := true
  receptacleType(bathtubBasin_10, bathtubBasinType) := true
  objectType(wineBottle_1, wineBottleType) := true
  objectType(apple_2, appleType) := true
  objectType(soapBottle_3, soapBottleType) := true
  objectType(tissueBox_4, tissueBoxType) := true
  objectType(toiletPaper_5, toiletPaperType) := true
  objectType(soapBar_6, soapBarType) := true
  objectType(saltShaker_7, saltShakerType) := true
  objectType(bread_8, breadType) := true
  objectType(wineBottle_9, wineBottleType) := true
  objectType(box_10, boxType) := true
  canContain(shelfType, wineBottleType) := true
  canContain(shelfType, soapBottleType) := true
  canContain(shelfType, tissueBoxType) := true
  canContain(shelfType, toiletPaperType) := true
  canContain(shelfType, soapBarType) := true
  canContain(shelfType, saltShakerType) := true
  canContain(shelfType, boxType) := true
  canContain(garbageCanType, wineBottleType) := true
  canContain(garbageCanType, appleType) := true
  canContain(garbageCanType, soapBottleType) := true
  canContain(garbageCanType, tissueBoxType) := true
  canContain(garbageCanType, toiletPaperType) := true
  canContain(garbageCanType, soapBarType) := true
  canContain(garbageCanType, breadType) := true
  canContain(sofaType, boxType) := true
  canContain(drawerType, soapBottleType) := true
  canContain(drawerType, tissueBoxType) := true
  canContain(drawerType, toiletPaperType) := true
  canContain(drawerType, soapBarType) := true
  canContain(drawerType, saltShakerType) := true
  canContain(toiletType, soapBottleType) := true
  canContain(toiletType, tissueBoxType) := true
  canContain(toiletType, toiletPaperType) := true
  canContain(toiletType, soapBarType) := true
  canContain(cartType, soapBottleType) := true
  canContain(cartType, tissueBoxType) := true
  canContain(cartType, toiletPaperType) := true
  canContain(cartType, soapBarType) := true
  canContain(bathtubBasinType, soapBarType) := true
  pickupable(wineBottle_1) := true
  pickupable(apple_2) := true
  cleanable(apple_2) := true
  heatable(apple_2) := true
  coolable(apple_2) := true
  sliceable(apple_2) := true
  pickupable(soapBottle_3) := true
  pickupable(tissueBox_4) := true
  pickupable(toiletPaper_5) := true
  pickupable(soapBar_6) := true
  cleanable(soapBar_6) := true
  pickupable(saltShaker_7) := true
  pickupable(bread_8) := true
  heatable(bread_8) := true
  coolable(bread_8) := true
  sliceable(bread_8) := true
  pickupable(wineBottle_9) := true
  pickupable(box_10) := true
  isReceptacleObject(box_10) := true
  receptacleAtLocation(shelf_1, location4) := true
  receptacleAtLocation(toaster_2, location10) := true
  receptacleAtLocation(garbageCan_3, location8) := true
  receptacleAtLocation(stoveBurner_4, location7) := true
  receptacleAtLocation(towelHolder_5, location6) := true
  receptacleAtLocation(sofa_6, location9) := true
  receptacleAtLocation(drawer_7, location4) := true
  receptacleAtLocation(toilet_8, location9) := true
  receptacleAtLocation(cart_9, location5) := true
  receptacleAtLocation(bathtubBasin_10, location9) := true
  inReceptacle(tissueBox_4, toilet_8) := true
  inReceptacle(toiletPaper_5, cart_9) := true
  inReceptacle(soapBar_6, cart_9) := true
  objectAtLocation(wineBottle_1, location9) := true
  objectAtLocation(apple_2, location9) := true
  objectAtLocation(soapBottle_3, location6) := true
  objectAtLocation(tissueBox_4, location9) := true
  objectAtLocation(toiletPaper_5, location5) := true
  objectAtLocation(soapBar_6, location5) := true
  objectAtLocation(saltShaker_7, location6) := true
  objectAtLocation(bread_8, location4) := true
  objectAtLocation(wineBottle_9, location6) := true
  objectAtLocation(box_10, location2) := true
  atLocation(agent1, location3) := true
]

goals = [
  Exists (Receptacle - Checkable r) Exists (Obj - Checkable o) (heatable(o) and objectType(o, breadType) and receptacleType(r, garbageCanType) and isHot(o) and inReceptacle(o, r))
]

quality metrics = [
  minimize sequential-plan-length
]


2025-06-17 09:53:47,162 - INFO - Generating plan for unconstrained problem

2025-06-17 09:53:47,545 - INFO - Unconstrained plan generation time: 0.3830451965332031

