2025-06-17 10:22:51,954 - INFO - 
================= Seed: 835 =================

2025-06-17 10:22:51,960 - INFO - problem name = alfred

types = [ReceptacleType, ObjectType, Checkable, Agent - Checkable, Location - Checkable, Receptacle - Checkable, Obj - Checkable]

fluents = [
  bool atLocation[a=Agent - Checkable, l=Location - Checkable]
  bool receptacleAtLocation[r=Receptacle - Checkable, l=Location - Checkable]
  bool objectAtLocation[o=Obj - Checkable, l=Location - Checkable]
  bool openable[r=Receptacle - Checkable]
  bool opened[r=Receptacle - Checkable]
  bool inReceptacle[o=Obj - Checkable, r=Receptacle - Checkable]
  bool isReceptacleObject[o=Obj - Checkable]
  bool inReceptacleObject[innerObject=Obj - Checkable, outObject=Obj - Checkable]
  bool isReceptacleObjectFull[o=Obj - Checkable]
  bool wasInReceptacle[o=Obj - Checkable, r=Receptacle - Checkable]
  bool checked[c=Checkable]
  bool examined[l=Location - Checkable]
  bool receptacleType[r=Receptacle - Checkable, rt=ReceptacleType]
  bool canContain[rt=ReceptacleType, ot=ObjectType]
  bool objectType[o=Obj - Checkable, t=ObjectType]
  bool holds[a=Agent - Checkable, o=Obj - Checkable]
  bool holdsAny[a=Agent - Checkable]
  bool holdsAnyReceptacleObject[a=Agent - Checkable]
  bool full[r=Receptacle - Checkable]
  bool isClean[o=Obj - Checkable]
  bool cleanable[o=Obj - Checkable]
  bool isHot[o=Obj - Checkable]
  bool heatable[o=Obj - Checkable]
  bool isCool[o=Obj - Checkable]
  bool coolable[o=Obj - Checkable]
  bool pickupable[o=Obj - Checkable]
  bool moveable[o=Obj - Checkable]
  bool toggleable[o=Obj - Checkable]
  bool isOn[o=Obj - Checkable]
  bool isToggled[o=Obj - Checkable]
  bool sliceable[o=Obj - Checkable]
  bool isSliced[o=Obj - Checkable]
]

actions = [
  action look(Agent - Checkable a, Location - Checkable l) {
    preconditions = [
      atLocation(a, l)
    ]
    effects = [
      checked(l) := true
    ]
  }
  action inventory(Agent - Checkable a) {
    preconditions = [
    ]
    effects = [
      checked(a) := true
    ]
  }
  action examineReceptacle(Agent - Checkable a, Receptacle - Checkable r) {
    preconditions = [
      Exists (Location - Checkable l) (atLocation(a, l) and receptacleAtLocation(r, l))
    ]
    effects = [
      checked(r) := true
    ]
  }
  action examineObject(Agent - Checkable a, Obj - Checkable o) {
    preconditions = [
      (Exists (Location - Checkable l) Exists (Receptacle - Checkable r) (atLocation(a, l) and receptacleAtLocation(r, l) and inReceptacle(o, r) and ((not openable(r)) or opened(r))) or holds(a, o))
    ]
    effects = [
      checked(o) := true
    ]
  }
  action goToLocation(Agent - Checkable a, Location - Checkable lstart, Location - Checkable lend) {
    preconditions = [
      atLocation(a, lstart)
    ]
    effects = [
      atLocation(a, lstart) := false
      atLocation(a, lend) := true
    ]
  }
  action openObject(Agent - Checkable a, Location - Checkable l, Receptacle - Checkable r) {
    preconditions = [
      (openable(r) and atLocation(a, l) and receptacleAtLocation(r, l) and (not opened(r)))
    ]
    effects = [
      opened(r) := true
      checked(r) := true
    ]
  }
  action closeObject(Agent - Checkable a, Location - Checkable l, Receptacle - Checkable r) {
    preconditions = [
      (openable(r) and atLocation(a, l) and receptacleAtLocation(r, l) and opened(r))
    ]
    effects = [
      opened(r) := false
    ]
  }
  action pickupObject(Agent - Checkable a, Location - Checkable l, Obj - Checkable o, Receptacle - Checkable r) {
    preconditions = [
      (pickupable(o) and atLocation(a, l) and receptacleAtLocation(r, l) and inReceptacle(o, r) and (not holdsAny(a)) and ((not openable(r)) or opened(r)))
    ]
    effects = [
      inReceptacle(o, r) := false
      holds(a, o) := true
      holdsAny(a) := true
      objectAtLocation(o, l) := false
    ]
  }
  action putObject(Agent - Checkable a, Location - Checkable l, Obj - Checkable o, Receptacle - Checkable r, ObjectType ot, ReceptacleType rt) {
    preconditions = [
      (holds(a, o) and atLocation(a, l) and receptacleAtLocation(r, l) and ((not openable(r)) or opened(r)) and objectType(o, ot) and receptacleType(r, rt) and canContain(rt, ot))
    ]
    effects = [
      inReceptacle(o, r) := true
      objectAtLocation(o, l) := true
      holds(a, o) := false
      holdsAny(a) := false
    ]
  }
  action cleanObject(Agent - Checkable a, Location - Checkable l, Receptacle - Checkable r, Obj - Checkable o) {
    preconditions = [
      (cleanable(o) and receptacleType(r, sinkBasinType) and atLocation(a, l) and receptacleAtLocation(r, l) and holds(a, o))
    ]
    effects = [
      isClean(o) := true
    ]
  }
  action heatObject(Agent - Checkable a, Location - Checkable l, Receptacle - Checkable r, Obj - Checkable o) {
    preconditions = [
      (heatable(o) and receptacleType(r, microwaveType) and atLocation(a, l) and receptacleAtLocation(r, l) and holds(a, o))
    ]
    effects = [
      isHot(o) := true
      isCool(o) := false
    ]
  }
  action coolObject(Agent - Checkable a, Location - Checkable l, Receptacle - Checkable r, Obj - Checkable o) {
    preconditions = [
      (coolable(o) and receptacleType(r, fridgeType) and atLocation(a, l) and receptacleAtLocation(r, l) and holds(a, o))
    ]
    effects = [
      isCool(o) := true
      isHot(o) := false
    ]
  }
  action toggleObject(Agent - Checkable a, Location - Checkable l, Obj - Checkable o, Receptacle - Checkable r) {
    preconditions = [
      (toggleable(o) and atLocation(a, l) and receptacleAtLocation(r, l) and inReceptacle(o, r))
    ]
    effects = [
      if isOn(o) then isOn(o) := false
      if (not isOn(o)) then isOn(o) := true
      isToggled(o) := true
    ]
  }
  action sliceObject(Agent - Checkable a, Location - Checkable l, Obj - Checkable co, Obj - Checkable ko) {
    preconditions = [
      (sliceable(co) and (objectType(ko, knifeType) or objectType(ko, butterKnifeType)) and atLocation(a, l) and objectAtLocation(co, l) and holds(a, ko))
    ]
    effects = [
      isSliced(co) := true
    ]
  }
  action help(Agent - Checkable a) {
    preconditions = [
    ]
    effects = [
      checked(a) := true
    ]
  }
]

objects = [
  ReceptacleType: [sinkBasinType, microwaveType, fridgeType, armChairType, toiletType, ottomanType, laundryHamperType, deskType, counterTopType, stoveBurnerType, sofaType]
  ObjectType: [knifeType, butterKnifeType, cdType, potatoType, forkType, handTowelType, soapBarType, spatulaType, wineBottleType, statueType, plateType, bowlType]
  Checkable: [agent1, location1, location2, location3, location4, location5, location6, location7, location8, location9, location10, armChair_1, toilet_2, ottoman_3, laundryHamper_4, desk_5, ottoman_6, counterTop_7, stoveBurner_8, sinkBasin_9, sofa_10, cd_1, potato_2, fork_3, handTowel_4, soapBar_5, spatula_6, wineBottle_7, statue_8, plate_9, bowl_10]
  Agent - Checkable: [agent1]
  Location - Checkable: [location1, location2, location3, location4, location5, location6, location7, location8, location9, location10]
  Receptacle - Checkable: [armChair_1, toilet_2, ottoman_3, laundryHamper_4, desk_5, ottoman_6, counterTop_7, stoveBurner_8, sinkBasin_9, sofa_10]
  Obj - Checkable: [cd_1, potato_2, fork_3, handTowel_4, soapBar_5, spatula_6, wineBottle_7, statue_8, plate_9, bowl_10]
]

initial fluents default = [
  bool atLocation[a=Agent - Checkable, l=Location - Checkable] := false
  bool receptacleAtLocation[r=Receptacle - Checkable, l=Location - Checkable] := false
  bool objectAtLocation[o=Obj - Checkable, l=Location - Checkable] := false
  bool openable[r=Receptacle - Checkable] := false
  bool opened[r=Receptacle - Checkable] := false
  bool inReceptacle[o=Obj - Checkable, r=Receptacle - Checkable] := false
  bool isReceptacleObject[o=Obj - Checkable] := false
  bool inReceptacleObject[innerObject=Obj - Checkable, outObject=Obj - Checkable] := false
  bool isReceptacleObjectFull[o=Obj - Checkable] := false
  bool wasInReceptacle[o=Obj - Checkable, r=Receptacle - Checkable] := false
  bool checked[c=Checkable] := false
  bool examined[l=Location - Checkable] := false
  bool receptacleType[r=Receptacle - Checkable, rt=ReceptacleType] := false
  bool canContain[rt=ReceptacleType, ot=ObjectType] := false
  bool objectType[o=Obj - Checkable, t=ObjectType] := false
  bool holds[a=Agent - Checkable, o=Obj - Checkable] := false
  bool holdsAny[a=Agent - Checkable] := false
  bool holdsAnyReceptacleObject[a=Agent - Checkable] := false
  bool full[r=Receptacle - Checkable] := false
  bool isClean[o=Obj - Checkable] := false
  bool cleanable[o=Obj - Checkable] := false
  bool isHot[o=Obj - Checkable] := false
  bool heatable[o=Obj - Checkable] := false
  bool isCool[o=Obj - Checkable] := false
  bool coolable[o=Obj - Checkable] := false
  bool pickupable[o=Obj - Checkable] := false
  bool moveable[o=Obj - Checkable] := false
  bool toggleable[o=Obj - Checkable] := false
  bool isOn[o=Obj - Checkable] := false
  bool isToggled[o=Obj - Checkable] := false
  bool sliceable[o=Obj - Checkable] := false
  bool isSliced[o=Obj - Checkable] := false
]

initial values = [
  receptacleType(armChair_1, armChairType) := true
  receptacleType(toilet_2, toiletType) := true
  receptacleType(ottoman_3, ottomanType) := true
  receptacleType(laundryHamper_4, laundryHamperType) := true
  receptacleType(desk_5, deskType) := true
  receptacleType(ottoman_6, ottomanType) := true
  receptacleType(counterTop_7, counterTopType) := true
  receptacleType(stoveBurner_8, stoveBurnerType) := true
  receptacleType(sinkBasin_9, sinkBasinType) := true
  receptacleType(sofa_10, sofaType) := true
  objectType(cd_1, cdType) := true
  objectType(potato_2, potatoType) := true
  objectType(fork_3, forkType) := true
  objectType(handTowel_4, handTowelType) := true
  objectType(soapBar_5, soapBarType) := true
  objectType(spatula_6, spatulaType) := true
  objectType(wineBottle_7, wineBottleType) := true
  objectType(statue_8, statueType) := true
  objectType(plate_9, plateType) := true
  objectType(bowl_10, bowlType) := true
  canContain(toiletType, handTowelType) := true
  canContain(toiletType, soapBarType) := true
  canContain(deskType, wineBottleType) := true
  canContain(deskType, statueType) := true
  canContain(deskType, plateType) := true
  canContain(deskType, bowlType) := true
  canContain(counterTopType, cdType) := true
  canContain(counterTopType, potatoType) := true
  canContain(counterTopType, forkType) := true
  canContain(counterTopType, handTowelType) := true
  canContain(counterTopType, soapBarType) := true
  canContain(counterTopType, spatulaType) := true
  canContain(counterTopType, wineBottleType) := true
  canContain(counterTopType, statueType) := true
  canContain(counterTopType, plateType) := true
  canContain(counterTopType, bowlType) := true
  canContain(sinkBasinType, potatoType) := true
  canContain(sinkBasinType, forkType) := true
  canContain(sinkBasinType, handTowelType) := true
  canContain(sinkBasinType, soapBarType) := true
  canContain(sinkBasinType, spatulaType) := true
  canContain(sinkBasinType, plateType) := true
  canContain(sinkBasinType, bowlType) := true
  pickupable(cd_1) := true
  pickupable(potato_2) := true
  cleanable(potato_2) := true
  heatable(potato_2) := true
  coolable(potato_2) := true
  sliceable(potato_2) := true
  pickupable(fork_3) := true
  cleanable(fork_3) := true
  pickupable(handTowel_4) := true
  pickupable(soapBar_5) := true
  cleanable(soapBar_5) := true
  pickupable(spatula_6) := true
  cleanable(spatula_6) := true
  pickupable(wineBottle_7) := true
  pickupable(statue_8) := true
  pickupable(plate_9) := true
  isReceptacleObject(plate_9) := true
  cleanable(plate_9) := true
  heatable(plate_9) := true
  coolable(plate_9) := true
  pickupable(bowl_10) := true
  isReceptacleObject(bowl_10) := true
  cleanable(bowl_10) := true
  coolable(bowl_10) := true
  receptacleAtLocation(armChair_1, location2) := true
  receptacleAtLocation(toilet_2, location7) := true
  receptacleAtLocation(ottoman_3, location2) := true
  receptacleAtLocation(laundryHamper_4, location6) := true
  receptacleAtLocation(desk_5, location9) := true
  receptacleAtLocation(ottoman_6, location5) := true
  receptacleAtLocation(counterTop_7, location3) := true
  receptacleAtLocation(stoveBurner_8, location9) := true
  receptacleAtLocation(sinkBasin_9, location2) := true
  receptacleAtLocation(sofa_10, location7) := true
  inReceptacle(soapBar_5, sinkBasin_9) := true
  objectAtLocation(cd_1, location4) := true
  objectAtLocation(potato_2, location4) := true
  objectAtLocation(fork_3, location2) := true
  objectAtLocation(handTowel_4, location4) := true
  objectAtLocation(soapBar_5, location2) := true
  objectAtLocation(spatula_6, location6) := true
  objectAtLocation(wineBottle_7, location5) := true
  objectAtLocation(statue_8, location2) := true
  objectAtLocation(plate_9, location6) := true
  objectAtLocation(bowl_10, location6) := true
  atLocation(agent1, location6) := true
]

goals = [
  Exists (Receptacle - Checkable r) Exists (Obj - Checkable o1) (inReceptacle(o1, r) and objectType(o1, spatulaType) and receptacleType(r, sinkBasinType) and Exists (Obj - Checkable o2) ((not (o1 == o2)) and objectType(o2, forkType) and receptacleType(r, sinkBasinType) and inReceptacle(o2, r)))
]

quality metrics = [
  minimize sequential-plan-length
]


2025-06-17 10:22:51,962 - INFO - Generating plan for unconstrained problem

2025-06-17 10:22:52,306 - INFO - Unconstrained plan generation time: 0.3435323238372803

