2025-06-17 11:18:15,940 - INFO - 
================= Seed: 134 =================

2025-06-17 11:18:15,940 - INFO - problem name = alfred

types = [ReceptacleType, ObjectType, Checkable, Agent - Checkable, Location - Checkable, Receptacle - Checkable, Obj - Checkable]

fluents = [
  bool atLocation[a=Agent - Checkable, l=Location - Checkable]
  bool receptacleAtLocation[r=Receptacle - Checkable, l=Location - Checkable]
  bool objectAtLocation[o=Obj - Checkable, l=Location - Checkable]
  bool openable[r=Receptacle - Checkable]
  bool opened[r=Receptacle - Checkable]
  bool inReceptacle[o=Obj - Checkable, r=Receptacle - Checkable]
  bool isReceptacleObject[o=Obj - Checkable]
  bool inReceptacleObject[innerObject=Obj - Checkable, outObject=Obj - Checkable]
  bool isReceptacleObjectFull[o=Obj - Checkable]
  bool wasInReceptacle[o=Obj - Checkable, r=Receptacle - Checkable]
  bool checked[c=Checkable]
  bool examined[l=Location - Checkable]
  bool receptacleType[r=Receptacle - Checkable, rt=ReceptacleType]
  bool canContain[rt=ReceptacleType, ot=ObjectType]
  bool objectType[o=Obj - Checkable, t=ObjectType]
  bool holds[a=Agent - Checkable, o=Obj - Checkable]
  bool holdsAny[a=Agent - Checkable]
  bool holdsAnyReceptacleObject[a=Agent - Checkable]
  bool full[r=Receptacle - Checkable]
  bool isClean[o=Obj - Checkable]
  bool cleanable[o=Obj - Checkable]
  bool isHot[o=Obj - Checkable]
  bool heatable[o=Obj - Checkable]
  bool isCool[o=Obj - Checkable]
  bool coolable[o=Obj - Checkable]
  bool pickupable[o=Obj - Checkable]
  bool moveable[o=Obj - Checkable]
  bool toggleable[o=Obj - Checkable]
  bool isOn[o=Obj - Checkable]
  bool isToggled[o=Obj - Checkable]
  bool sliceable[o=Obj - Checkable]
  bool isSliced[o=Obj - Checkable]
]

actions = [
  action look(Agent - Checkable a, Location - Checkable l) {
    preconditions = [
      atLocation(a, l)
    ]
    effects = [
      checked(l) := true
    ]
  }
  action inventory(Agent - Checkable a) {
    preconditions = [
    ]
    effects = [
      checked(a) := true
    ]
  }
  action examineReceptacle(Agent - Checkable a, Receptacle - Checkable r) {
    preconditions = [
      Exists (Location - Checkable l) (atLocation(a, l) and receptacleAtLocation(r, l))
    ]
    effects = [
      checked(r) := true
    ]
  }
  action examineObject(Agent - Checkable a, Obj - Checkable o) {
    preconditions = [
      (Exists (Location - Checkable l) Exists (Receptacle - Checkable r) (atLocation(a, l) and receptacleAtLocation(r, l) and inReceptacle(o, r) and ((not openable(r)) or opened(r))) or holds(a, o))
    ]
    effects = [
      checked(o) := true
    ]
  }
  action goToLocation(Agent - Checkable a, Location - Checkable lstart, Location - Checkable lend) {
    preconditions = [
      atLocation(a, lstart)
    ]
    effects = [
      atLocation(a, lstart) := false
      atLocation(a, lend) := true
    ]
  }
  action openObject(Agent - Checkable a, Location - Checkable l, Receptacle - Checkable r) {
    preconditions = [
      (openable(r) and atLocation(a, l) and receptacleAtLocation(r, l) and (not opened(r)))
    ]
    effects = [
      opened(r) := true
      checked(r) := true
    ]
  }
  action closeObject(Agent - Checkable a, Location - Checkable l, Receptacle - Checkable r) {
    preconditions = [
      (openable(r) and atLocation(a, l) and receptacleAtLocation(r, l) and opened(r))
    ]
    effects = [
      opened(r) := false
    ]
  }
  action pickupObject(Agent - Checkable a, Location - Checkable l, Obj - Checkable o, Receptacle - Checkable r) {
    preconditions = [
      (pickupable(o) and atLocation(a, l) and receptacleAtLocation(r, l) and inReceptacle(o, r) and (not holdsAny(a)) and ((not openable(r)) or opened(r)))
    ]
    effects = [
      inReceptacle(o, r) := false
      holds(a, o) := true
      holdsAny(a) := true
      objectAtLocation(o, l) := false
    ]
  }
  action putObject(Agent - Checkable a, Location - Checkable l, Obj - Checkable o, Receptacle - Checkable r, ObjectType ot, ReceptacleType rt) {
    preconditions = [
      (holds(a, o) and atLocation(a, l) and receptacleAtLocation(r, l) and ((not openable(r)) or opened(r)) and objectType(o, ot) and receptacleType(r, rt) and canContain(rt, ot))
    ]
    effects = [
      inReceptacle(o, r) := true
      objectAtLocation(o, l) := true
      holds(a, o) := false
      holdsAny(a) := false
    ]
  }
  action cleanObject(Agent - Checkable a, Location - Checkable l, Receptacle - Checkable r, Obj - Checkable o) {
    preconditions = [
      (cleanable(o) and receptacleType(r, sinkBasinType) and atLocation(a, l) and receptacleAtLocation(r, l) and holds(a, o))
    ]
    effects = [
      isClean(o) := true
    ]
  }
  action heatObject(Agent - Checkable a, Location - Checkable l, Receptacle - Checkable r, Obj - Checkable o) {
    preconditions = [
      (heatable(o) and receptacleType(r, microwaveType) and atLocation(a, l) and receptacleAtLocation(r, l) and holds(a, o))
    ]
    effects = [
      isHot(o) := true
      isCool(o) := false
    ]
  }
  action coolObject(Agent - Checkable a, Location - Checkable l, Receptacle - Checkable r, Obj - Checkable o) {
    preconditions = [
      (coolable(o) and receptacleType(r, fridgeType) and atLocation(a, l) and receptacleAtLocation(r, l) and holds(a, o))
    ]
    effects = [
      isCool(o) := true
      isHot(o) := false
    ]
  }
  action toggleObject(Agent - Checkable a, Location - Checkable l, Obj - Checkable o, Receptacle - Checkable r) {
    preconditions = [
      (toggleable(o) and atLocation(a, l) and receptacleAtLocation(r, l) and inReceptacle(o, r))
    ]
    effects = [
      if isOn(o) then isOn(o) := false
      if (not isOn(o)) then isOn(o) := true
      isToggled(o) := true
    ]
  }
  action sliceObject(Agent - Checkable a, Location - Checkable l, Obj - Checkable co, Obj - Checkable ko) {
    preconditions = [
      (sliceable(co) and (objectType(ko, knifeType) or objectType(ko, butterKnifeType)) and atLocation(a, l) and objectAtLocation(co, l) and holds(a, ko))
    ]
    effects = [
      isSliced(co) := true
    ]
  }
  action help(Agent - Checkable a) {
    preconditions = [
    ]
    effects = [
      checked(a) := true
    ]
  }
]

objects = [
  ReceptacleType: [sinkBasinType, microwaveType, fridgeType, toiletPaperHangerType, towelHolderType, counterTopType, dresserType, safeType, toasterType, toiletType, bedType]
  ObjectType: [knifeType, butterKnifeType, vaseType, bookType, creditCardType, soapBottleType, sprayBottleType, baseballBatType, glassbottleType, cupType]
  Checkable: [agent1, location1, location2, location3, location4, location5, location6, location7, location8, location9, location10, toiletPaperHanger_1, towelHolder_2, counterTop_3, dresser_4, safe_5, toaster_6, dresser_7, dresser_8, toilet_9, bed_10, microwave_11, fridge_12, vase_1, book_2, creditCard_3, book_4, soapBottle_5, sprayBottle_6, baseballBat_7, vase_8, glassbottle_9, cup_10]
  Agent - Checkable: [agent1]
  Location - Checkable: [location1, location2, location3, location4, location5, location6, location7, location8, location9, location10]
  Receptacle - Checkable: [toiletPaperHanger_1, towelHolder_2, counterTop_3, dresser_4, safe_5, toaster_6, dresser_7, dresser_8, toilet_9, bed_10, microwave_11, fridge_12]
  Obj - Checkable: [vase_1, book_2, creditCard_3, book_4, soapBottle_5, sprayBottle_6, baseballBat_7, vase_8, glassbottle_9, cup_10]
]

initial fluents default = [
  bool atLocation[a=Agent - Checkable, l=Location - Checkable] := false
  bool receptacleAtLocation[r=Receptacle - Checkable, l=Location - Checkable] := false
  bool objectAtLocation[o=Obj - Checkable, l=Location - Checkable] := false
  bool openable[r=Receptacle - Checkable] := false
  bool opened[r=Receptacle - Checkable] := false
  bool inReceptacle[o=Obj - Checkable, r=Receptacle - Checkable] := false
  bool isReceptacleObject[o=Obj - Checkable] := false
  bool inReceptacleObject[innerObject=Obj - Checkable, outObject=Obj - Checkable] := false
  bool isReceptacleObjectFull[o=Obj - Checkable] := false
  bool wasInReceptacle[o=Obj - Checkable, r=Receptacle - Checkable] := false
  bool checked[c=Checkable] := false
  bool examined[l=Location - Checkable] := false
  bool receptacleType[r=Receptacle - Checkable, rt=ReceptacleType] := false
  bool canContain[rt=ReceptacleType, ot=ObjectType] := false
  bool objectType[o=Obj - Checkable, t=ObjectType] := false
  bool holds[a=Agent - Checkable, o=Obj - Checkable] := false
  bool holdsAny[a=Agent - Checkable] := false
  bool holdsAnyReceptacleObject[a=Agent - Checkable] := false
  bool full[r=Receptacle - Checkable] := false
  bool isClean[o=Obj - Checkable] := false
  bool cleanable[o=Obj - Checkable] := false
  bool isHot[o=Obj - Checkable] := false
  bool heatable[o=Obj - Checkable] := false
  bool isCool[o=Obj - Checkable] := false
  bool coolable[o=Obj - Checkable] := false
  bool pickupable[o=Obj - Checkable] := false
  bool moveable[o=Obj - Checkable] := false
  bool toggleable[o=Obj - Checkable] := false
  bool isOn[o=Obj - Checkable] := false
  bool isToggled[o=Obj - Checkable] := false
  bool sliceable[o=Obj - Checkable] := false
  bool isSliced[o=Obj - Checkable] := false
]

initial values = [
  receptacleType(toiletPaperHanger_1, toiletPaperHangerType) := true
  receptacleType(towelHolder_2, towelHolderType) := true
  receptacleType(counterTop_3, counterTopType) := true
  receptacleType(dresser_4, dresserType) := true
  receptacleType(safe_5, safeType) := true
  receptacleType(toaster_6, toasterType) := true
  receptacleType(dresser_7, dresserType) := true
  receptacleType(dresser_8, dresserType) := true
  receptacleType(toilet_9, toiletType) := true
  receptacleType(bed_10, bedType) := true
  receptacleType(microwave_11, microwaveType) := true
  receptacleType(fridge_12, fridgeType) := true
  objectType(vase_1, vaseType) := true
  objectType(book_2, bookType) := true
  objectType(creditCard_3, creditCardType) := true
  objectType(book_4, bookType) := true
  objectType(soapBottle_5, soapBottleType) := true
  objectType(sprayBottle_6, sprayBottleType) := true
  objectType(baseballBat_7, baseballBatType) := true
  objectType(vase_8, vaseType) := true
  objectType(glassbottle_9, glassbottleType) := true
  objectType(cup_10, cupType) := true
  canContain(counterTopType, vaseType) := true
  canContain(counterTopType, bookType) := true
  canContain(counterTopType, creditCardType) := true
  canContain(counterTopType, soapBottleType) := true
  canContain(counterTopType, sprayBottleType) := true
  canContain(counterTopType, baseballBatType) := true
  canContain(counterTopType, glassbottleType) := true
  canContain(counterTopType, cupType) := true
  canContain(dresserType, vaseType) := true
  canContain(dresserType, bookType) := true
  canContain(dresserType, creditCardType) := true
  canContain(dresserType, sprayBottleType) := true
  canContain(dresserType, glassbottleType) := true
  canContain(dresserType, cupType) := true
  canContain(safeType, vaseType) := true
  canContain(safeType, creditCardType) := true
  canContain(toiletType, soapBottleType) := true
  canContain(toiletType, sprayBottleType) := true
  canContain(bedType, bookType) := true
  canContain(bedType, baseballBatType) := true
  canContain(microwaveType, glassbottleType) := true
  canContain(microwaveType, cupType) := true
  canContain(fridgeType, glassbottleType) := true
  canContain(fridgeType, cupType) := true
  pickupable(vase_1) := true
  pickupable(book_2) := true
  pickupable(creditCard_3) := true
  pickupable(book_4) := true
  pickupable(soapBottle_5) := true
  pickupable(sprayBottle_6) := true
  pickupable(baseballBat_7) := true
  pickupable(vase_8) := true
  pickupable(glassbottle_9) := true
  pickupable(cup_10) := true
  isReceptacleObject(cup_10) := true
  cleanable(cup_10) := true
  heatable(cup_10) := true
  coolable(cup_10) := true
  receptacleAtLocation(toiletPaperHanger_1, location9) := true
  receptacleAtLocation(towelHolder_2, location5) := true
  receptacleAtLocation(counterTop_3, location5) := true
  receptacleAtLocation(dresser_4, location2) := true
  receptacleAtLocation(safe_5, location10) := true
  receptacleAtLocation(toaster_6, location5) := true
  receptacleAtLocation(dresser_7, location7) := true
  receptacleAtLocation(dresser_8, location6) := true
  receptacleAtLocation(toilet_9, location5) := true
  receptacleAtLocation(bed_10, location6) := true
  receptacleAtLocation(microwave_11, location3) := true
  receptacleAtLocation(fridge_12, location9) := true
  inReceptacle(vase_1, dresser_7) := true
  inReceptacle(book_2, bed_10) := true
  inReceptacle(creditCard_3, safe_5) := true
  inReceptacle(book_4, bed_10) := true
  inReceptacle(soapBottle_5, counterTop_3) := true
  inReceptacle(sprayBottle_6, counterTop_3) := true
  inReceptacle(baseballBat_7, counterTop_3) := true
  inReceptacle(vase_8, dresser_7) := true
  inReceptacle(glassbottle_9, counterTop_3) := true
  inReceptacle(cup_10, dresser_4) := true
  objectAtLocation(vase_1, location7) := true
  objectAtLocation(book_2, location6) := true
  objectAtLocation(creditCard_3, location10) := true
  objectAtLocation(book_4, location6) := true
  objectAtLocation(soapBottle_5, location5) := true
  objectAtLocation(sprayBottle_6, location5) := true
  objectAtLocation(baseballBat_7, location5) := true
  objectAtLocation(vase_8, location7) := true
  objectAtLocation(glassbottle_9, location5) := true
  objectAtLocation(cup_10, location2) := true
  atLocation(agent1, location6) := true
]

goals = [
  Exists (Receptacle - Checkable r) Exists (Obj - Checkable o) (inReceptacle(o, r) and objectType(o, bookType) and receptacleType(r, counterTopType))
]

quality metrics = [
  minimize sequential-plan-length
]


2025-06-17 11:18:15,942 - INFO - Generating plan for unconstrained problem

2025-06-17 11:18:16,384 - INFO - Unconstrained plan generation time: 0.4420955181121826

2025-06-17 11:18:16,384 - INFO - Unconstrained plan and cost: 
2025-06-17 11:18:16,384 - INFO - SequentialPlan:
    pickupObject(agent1, location6, book_2, bed_10)
    goToLocation(agent1, location6, location5)
    putObject(agent1, location5, book_2, counterTop_3, bookType, counterTopType)
2025-06-17 11:18:16,384 - INFO - 3
2025-06-17 11:18:16,701 - INFO - Sampled constraints:

2025-06-17 11:18:16,701 - INFO - Sometime(atLocation(agent1, location5))
2025-06-17 11:18:16,701 - INFO - Sometime-Before(atLocation(agent1, location5), checked(toilet_9))
2025-06-17 11:18:16,701 - INFO - 
2025-06-17 11:18:16,701 - INFO - Generation time: 0.31633615493774414

2025-06-17 11:18:16,702 - INFO - Generating plan for constrained problem (with LiftedTCORE).

2025-06-17 11:18:16,754 - INFO - LiftedTCORE compilation time: 0.05183100700378418

2025-06-17 11:18:17,193 - INFO - Planning Time with LiftedTCORE's file: 0.43897271156311035

