2025-06-17 09:56:03,969 - INFO - 
================= Seed: 485 =================

2025-06-17 09:56:03,982 - INFO - problem name = alfred

types = [ReceptacleType, ObjectType, Checkable, Agent - Checkable, Location - Checkable, Receptacle - Checkable, Obj - Checkable]

fluents = [
  bool atLocation[a=Agent - Checkable, l=Location - Checkable]
  bool receptacleAtLocation[r=Receptacle - Checkable, l=Location - Checkable]
  bool objectAtLocation[o=Obj - Checkable, l=Location - Checkable]
  bool openable[r=Receptacle - Checkable]
  bool opened[r=Receptacle - Checkable]
  bool inReceptacle[o=Obj - Checkable, r=Receptacle - Checkable]
  bool isReceptacleObject[o=Obj - Checkable]
  bool inReceptacleObject[innerObject=Obj - Checkable, outObject=Obj - Checkable]
  bool isReceptacleObjectFull[o=Obj - Checkable]
  bool wasInReceptacle[o=Obj - Checkable, r=Receptacle - Checkable]
  bool checked[c=Checkable]
  bool examined[l=Location - Checkable]
  bool receptacleType[r=Receptacle - Checkable, rt=ReceptacleType]
  bool canContain[rt=ReceptacleType, ot=ObjectType]
  bool objectType[o=Obj - Checkable, t=ObjectType]
  bool holds[a=Agent - Checkable, o=Obj - Checkable]
  bool holdsAny[a=Agent - Checkable]
  bool holdsAnyReceptacleObject[a=Agent - Checkable]
  bool full[r=Receptacle - Checkable]
  bool isClean[o=Obj - Checkable]
  bool cleanable[o=Obj - Checkable]
  bool isHot[o=Obj - Checkable]
  bool heatable[o=Obj - Checkable]
  bool isCool[o=Obj - Checkable]
  bool coolable[o=Obj - Checkable]
  bool pickupable[o=Obj - Checkable]
  bool moveable[o=Obj - Checkable]
  bool toggleable[o=Obj - Checkable]
  bool isOn[o=Obj - Checkable]
  bool isToggled[o=Obj - Checkable]
  bool sliceable[o=Obj - Checkable]
  bool isSliced[o=Obj - Checkable]
]

actions = [
  action look(Agent - Checkable a, Location - Checkable l) {
    preconditions = [
      atLocation(a, l)
    ]
    effects = [
      checked(l) := true
    ]
  }
  action inventory(Agent - Checkable a) {
    preconditions = [
    ]
    effects = [
      checked(a) := true
    ]
  }
  action examineReceptacle(Agent - Checkable a, Receptacle - Checkable r) {
    preconditions = [
      Exists (Location - Checkable l) (atLocation(a, l) and receptacleAtLocation(r, l))
    ]
    effects = [
      checked(r) := true
    ]
  }
  action examineObject(Agent - Checkable a, Obj - Checkable o) {
    preconditions = [
      (Exists (Location - Checkable l) Exists (Receptacle - Checkable r) (atLocation(a, l) and receptacleAtLocation(r, l) and inReceptacle(o, r) and ((not openable(r)) or opened(r))) or holds(a, o))
    ]
    effects = [
      checked(o) := true
    ]
  }
  action goToLocation(Agent - Checkable a, Location - Checkable lstart, Location - Checkable lend) {
    preconditions = [
      atLocation(a, lstart)
    ]
    effects = [
      atLocation(a, lstart) := false
      atLocation(a, lend) := true
    ]
  }
  action openObject(Agent - Checkable a, Location - Checkable l, Receptacle - Checkable r) {
    preconditions = [
      (openable(r) and atLocation(a, l) and receptacleAtLocation(r, l) and (not opened(r)))
    ]
    effects = [
      opened(r) := true
      checked(r) := true
    ]
  }
  action closeObject(Agent - Checkable a, Location - Checkable l, Receptacle - Checkable r) {
    preconditions = [
      (openable(r) and atLocation(a, l) and receptacleAtLocation(r, l) and opened(r))
    ]
    effects = [
      opened(r) := false
    ]
  }
  action pickupObject(Agent - Checkable a, Location - Checkable l, Obj - Checkable o, Receptacle - Checkable r) {
    preconditions = [
      (pickupable(o) and atLocation(a, l) and receptacleAtLocation(r, l) and inReceptacle(o, r) and (not holdsAny(a)) and ((not openable(r)) or opened(r)))
    ]
    effects = [
      inReceptacle(o, r) := false
      holds(a, o) := true
      holdsAny(a) := true
      objectAtLocation(o, l) := false
    ]
  }
  action putObject(Agent - Checkable a, Location - Checkable l, Obj - Checkable o, Receptacle - Checkable r, ObjectType ot, ReceptacleType rt) {
    preconditions = [
      (holds(a, o) and atLocation(a, l) and receptacleAtLocation(r, l) and ((not openable(r)) or opened(r)) and objectType(o, ot) and receptacleType(r, rt) and canContain(rt, ot))
    ]
    effects = [
      inReceptacle(o, r) := true
      objectAtLocation(o, l) := true
      holds(a, o) := false
      holdsAny(a) := false
    ]
  }
  action cleanObject(Agent - Checkable a, Location - Checkable l, Receptacle - Checkable r, Obj - Checkable o) {
    preconditions = [
      (cleanable(o) and receptacleType(r, sinkBasinType) and atLocation(a, l) and receptacleAtLocation(r, l) and holds(a, o))
    ]
    effects = [
      isClean(o) := true
    ]
  }
  action heatObject(Agent - Checkable a, Location - Checkable l, Receptacle - Checkable r, Obj - Checkable o) {
    preconditions = [
      (heatable(o) and receptacleType(r, microwaveType) and atLocation(a, l) and receptacleAtLocation(r, l) and holds(a, o))
    ]
    effects = [
      isHot(o) := true
      isCool(o) := false
    ]
  }
  action coolObject(Agent - Checkable a, Location - Checkable l, Receptacle - Checkable r, Obj - Checkable o) {
    preconditions = [
      (coolable(o) and receptacleType(r, fridgeType) and atLocation(a, l) and receptacleAtLocation(r, l) and holds(a, o))
    ]
    effects = [
      isCool(o) := true
      isHot(o) := false
    ]
  }
  action toggleObject(Agent - Checkable a, Location - Checkable l, Obj - Checkable o, Receptacle - Checkable r) {
    preconditions = [
      (toggleable(o) and atLocation(a, l) and receptacleAtLocation(r, l) and inReceptacle(o, r))
    ]
    effects = [
      if isOn(o) then isOn(o) := false
      if (not isOn(o)) then isOn(o) := true
      isToggled(o) := true
    ]
  }
  action sliceObject(Agent - Checkable a, Location - Checkable l, Obj - Checkable co, Obj - Checkable ko) {
    preconditions = [
      (sliceable(co) and (objectType(ko, knifeType) or objectType(ko, butterKnifeType)) and atLocation(a, l) and objectAtLocation(co, l) and holds(a, ko))
    ]
    effects = [
      isSliced(co) := true
    ]
  }
  action help(Agent - Checkable a) {
    preconditions = [
    ]
    effects = [
      checked(a) := true
    ]
  }
]

objects = [
  ReceptacleType: [sinkBasinType, microwaveType, fridgeType, cabinetType, laundryHamperType, coffeeMachineType, toiletPaperHangerType, cartType, stoveBurnerType, diningTableType]
  ObjectType: [knifeType, butterKnifeType, newspaperType, potatoType, paperTowelType, spatulaType, tissueBoxType, sprayBottleType, plateType, potType]
  Checkable: [agent1, location1, location2, location3, location4, location5, location6, location7, location8, location9, location10, cabinet_1, cabinet_2, laundryHamper_3, coffeeMachine_4, toiletPaperHanger_5, cart_6, microwave_7, stoveBurner_8, diningTable_9, toiletPaperHanger_10, newspaper_1, potato_2, paperTowel_3, spatula_4, butterKnife_5, tissueBox_6, sprayBottle_7, tissueBox_8, plate_9, pot_10]
  Agent - Checkable: [agent1]
  Location - Checkable: [location1, location2, location3, location4, location5, location6, location7, location8, location9, location10]
  Receptacle - Checkable: [cabinet_1, cabinet_2, laundryHamper_3, coffeeMachine_4, toiletPaperHanger_5, cart_6, microwave_7, stoveBurner_8, diningTable_9, toiletPaperHanger_10]
  Obj - Checkable: [newspaper_1, potato_2, paperTowel_3, spatula_4, butterKnife_5, tissueBox_6, sprayBottle_7, tissueBox_8, plate_9, pot_10]
]

initial fluents default = [
  bool atLocation[a=Agent - Checkable, l=Location - Checkable] := false
  bool receptacleAtLocation[r=Receptacle - Checkable, l=Location - Checkable] := false
  bool objectAtLocation[o=Obj - Checkable, l=Location - Checkable] := false
  bool openable[r=Receptacle - Checkable] := false
  bool opened[r=Receptacle - Checkable] := false
  bool inReceptacle[o=Obj - Checkable, r=Receptacle - Checkable] := false
  bool isReceptacleObject[o=Obj - Checkable] := false
  bool inReceptacleObject[innerObject=Obj - Checkable, outObject=Obj - Checkable] := false
  bool isReceptacleObjectFull[o=Obj - Checkable] := false
  bool wasInReceptacle[o=Obj - Checkable, r=Receptacle - Checkable] := false
  bool checked[c=Checkable] := false
  bool examined[l=Location - Checkable] := false
  bool receptacleType[r=Receptacle - Checkable, rt=ReceptacleType] := false
  bool canContain[rt=ReceptacleType, ot=ObjectType] := false
  bool objectType[o=Obj - Checkable, t=ObjectType] := false
  bool holds[a=Agent - Checkable, o=Obj - Checkable] := false
  bool holdsAny[a=Agent - Checkable] := false
  bool holdsAnyReceptacleObject[a=Agent - Checkable] := false
  bool full[r=Receptacle - Checkable] := false
  bool isClean[o=Obj - Checkable] := false
  bool cleanable[o=Obj - Checkable] := false
  bool isHot[o=Obj - Checkable] := false
  bool heatable[o=Obj - Checkable] := false
  bool isCool[o=Obj - Checkable] := false
  bool coolable[o=Obj - Checkable] := false
  bool pickupable[o=Obj - Checkable] := false
  bool moveable[o=Obj - Checkable] := false
  bool toggleable[o=Obj - Checkable] := false
  bool isOn[o=Obj - Checkable] := false
  bool isToggled[o=Obj - Checkable] := false
  bool sliceable[o=Obj - Checkable] := false
  bool isSliced[o=Obj - Checkable] := false
]

initial values = [
  receptacleType(cabinet_1, cabinetType) := true
  receptacleType(cabinet_2, cabinetType) := true
  receptacleType(laundryHamper_3, laundryHamperType) := true
  receptacleType(coffeeMachine_4, coffeeMachineType) := true
  receptacleType(toiletPaperHanger_5, toiletPaperHangerType) := true
  receptacleType(cart_6, cartType) := true
  receptacleType(microwave_7, microwaveType) := true
  receptacleType(stoveBurner_8, stoveBurnerType) := true
  receptacleType(diningTable_9, diningTableType) := true
  receptacleType(toiletPaperHanger_10, toiletPaperHangerType) := true
  objectType(newspaper_1, newspaperType) := true
  objectType(potato_2, potatoType) := true
  objectType(paperTowel_3, paperTowelType) := true
  objectType(spatula_4, spatulaType) := true
  objectType(butterKnife_5, butterKnifeType) := true
  objectType(tissueBox_6, tissueBoxType) := true
  objectType(sprayBottle_7, sprayBottleType) := true
  objectType(tissueBox_8, tissueBoxType) := true
  objectType(plate_9, plateType) := true
  objectType(pot_10, potType) := true
  canContain(cabinetType, newspaperType) := true
  canContain(cabinetType, tissueBoxType) := true
  canContain(cabinetType, sprayBottleType) := true
  canContain(cabinetType, plateType) := true
  canContain(cabinetType, potType) := true
  canContain(cartType, paperTowelType) := true
  canContain(cartType, tissueBoxType) := true
  canContain(cartType, sprayBottleType) := true
  canContain(microwaveType, potatoType) := true
  canContain(microwaveType, plateType) := true
  canContain(stoveBurnerType, potType) := true
  canContain(diningTableType, newspaperType) := true
  canContain(diningTableType, potatoType) := true
  canContain(diningTableType, paperTowelType) := true
  canContain(diningTableType, spatulaType) := true
  canContain(diningTableType, butterKnifeType) := true
  canContain(diningTableType, tissueBoxType) := true
  canContain(diningTableType, sprayBottleType) := true
  canContain(diningTableType, plateType) := true
  canContain(diningTableType, potType) := true
  pickupable(newspaper_1) := true
  pickupable(potato_2) := true
  cleanable(potato_2) := true
  heatable(potato_2) := true
  coolable(potato_2) := true
  sliceable(potato_2) := true
  pickupable(paperTowel_3) := true
  pickupable(spatula_4) := true
  cleanable(spatula_4) := true
  pickupable(butterKnife_5) := true
  cleanable(butterKnife_5) := true
  pickupable(tissueBox_6) := true
  pickupable(sprayBottle_7) := true
  pickupable(tissueBox_8) := true
  pickupable(plate_9) := true
  isReceptacleObject(plate_9) := true
  cleanable(plate_9) := true
  heatable(plate_9) := true
  coolable(plate_9) := true
  pickupable(pot_10) := true
  isReceptacleObject(pot_10) := true
  cleanable(pot_10) := true
  coolable(pot_10) := true
  receptacleAtLocation(cabinet_1, location4) := true
  receptacleAtLocation(cabinet_2, location7) := true
  receptacleAtLocation(laundryHamper_3, location2) := true
  receptacleAtLocation(coffeeMachine_4, location9) := true
  receptacleAtLocation(toiletPaperHanger_5, location2) := true
  receptacleAtLocation(cart_6, location7) := true
  receptacleAtLocation(microwave_7, location8) := true
  receptacleAtLocation(stoveBurner_8, location9) := true
  receptacleAtLocation(diningTable_9, location2) := true
  receptacleAtLocation(toiletPaperHanger_10, location10) := true
  inReceptacle(newspaper_1, diningTable_9) := true
  inReceptacle(potato_2, microwave_7) := true
  inReceptacle(paperTowel_3, cart_6) := true
  inReceptacle(tissueBox_6, cabinet_2) := true
  inReceptacle(sprayBottle_7, cart_6) := true
  inReceptacle(tissueBox_8, cabinet_1) := true
  objectAtLocation(newspaper_1, location2) := true
  objectAtLocation(potato_2, location8) := true
  objectAtLocation(paperTowel_3, location7) := true
  objectAtLocation(spatula_4, location8) := true
  objectAtLocation(butterKnife_5, location6) := true
  objectAtLocation(tissueBox_6, location7) := true
  objectAtLocation(sprayBottle_7, location7) := true
  objectAtLocation(tissueBox_8, location4) := true
  objectAtLocation(plate_9, location6) := true
  objectAtLocation(pot_10, location2) := true
  atLocation(agent1, location9) := true
]

goals = [
  Exists (Receptacle - Checkable r) Exists (Obj - Checkable o1) (inReceptacle(o1, r) and objectType(o1, paperTowelType) and receptacleType(r, cartType) and Exists (Obj - Checkable o2) ((not (o1 == o2)) and objectType(o2, tissueBoxType) and receptacleType(r, cartType) and inReceptacle(o2, r)))
]

quality metrics = [
  minimize sequential-plan-length
]


2025-06-17 09:56:03,986 - INFO - Generating plan for unconstrained problem

2025-06-17 09:56:04,824 - INFO - Unconstrained plan generation time: 0.8376071453094482

2025-06-17 09:56:04,824 - INFO - Unconstrained plan and cost: 
2025-06-17 09:56:04,824 - INFO - SequentialPlan:
    goToLocation(agent1, location9, location7)
    pickupObject(agent1, location7, tissueBox_6, cabinet_2)
    putObject(agent1, location7, tissueBox_6, cart_6, tissueBoxType, cartType)
2025-06-17 09:56:04,825 - INFO - 3
2025-06-17 09:56:04,986 - INFO - Sampled constraints:

2025-06-17 09:56:04,987 - INFO - Sometime(checked(sprayBottle_7))
2025-06-17 09:56:04,987 - INFO - 
2025-06-17 09:56:04,987 - INFO - Generation time: 0.16167211532592773

2025-06-17 09:56:04,994 - INFO - Generating plan for constrained problem (with LiftedTCORE).

2025-06-17 09:56:05,028 - INFO - LiftedTCORE compilation time: 0.03397655487060547

2025-06-17 09:56:05,522 - INFO - Planning Time with LiftedTCORE's file: 0.4871556758880615

2025-06-17 09:56:05,522 - INFO - Plan found with LiftedTCORE + sym_bd: SequentialPlan:
    goToLocation(agent1, location9, location7)
    pickupObject(agent1, location7, tissueBox_6, cabinet_2)
    examineObject(agent1, sprayBottle_7)
    putObject(agent1, location7, tissueBox_6, cart_6, tissueBoxType, cartType)
2025-06-17 09:56:05,522 - INFO - Seed: 485 is solvable

2025-06-17 09:56:05,522 - INFO - Unconstrained cost: 3
2025-06-17 09:56:05,523 - INFO - Constrained cost: 4
2025-06-17 09:56:05,523 - INFO - Seed: 485 Plan simulation is feasible
2025-06-17 09:56:05,523 - INFO - 
Seed: 485 
 Plan: [goToLocation(agent1, location9, location7), pickupObject(agent1, location7, tissueBox_6, cabinet_2), examineObject(agent1, sprayBottle_7), putObject(agent1, location7, tissueBox_6, cart_6, tissueBoxType, cartType)]  
 Cost: 4

