2025-06-17 09:55:55,823 - INFO - 
================= Seed: 468 =================

2025-06-17 09:55:55,828 - INFO - problem name = alfred

types = [ReceptacleType, ObjectType, Checkable, Agent - Checkable, Location - Checkable, Receptacle - Checkable, Obj - Checkable]

fluents = [
  bool atLocation[a=Agent - Checkable, l=Location - Checkable]
  bool receptacleAtLocation[r=Receptacle - Checkable, l=Location - Checkable]
  bool objectAtLocation[o=Obj - Checkable, l=Location - Checkable]
  bool openable[r=Receptacle - Checkable]
  bool opened[r=Receptacle - Checkable]
  bool inReceptacle[o=Obj - Checkable, r=Receptacle - Checkable]
  bool isReceptacleObject[o=Obj - Checkable]
  bool inReceptacleObject[innerObject=Obj - Checkable, outObject=Obj - Checkable]
  bool isReceptacleObjectFull[o=Obj - Checkable]
  bool wasInReceptacle[o=Obj - Checkable, r=Receptacle - Checkable]
  bool checked[c=Checkable]
  bool examined[l=Location - Checkable]
  bool receptacleType[r=Receptacle - Checkable, rt=ReceptacleType]
  bool canContain[rt=ReceptacleType, ot=ObjectType]
  bool objectType[o=Obj - Checkable, t=ObjectType]
  bool holds[a=Agent - Checkable, o=Obj - Checkable]
  bool holdsAny[a=Agent - Checkable]
  bool holdsAnyReceptacleObject[a=Agent - Checkable]
  bool full[r=Receptacle - Checkable]
  bool isClean[o=Obj - Checkable]
  bool cleanable[o=Obj - Checkable]
  bool isHot[o=Obj - Checkable]
  bool heatable[o=Obj - Checkable]
  bool isCool[o=Obj - Checkable]
  bool coolable[o=Obj - Checkable]
  bool pickupable[o=Obj - Checkable]
  bool moveable[o=Obj - Checkable]
  bool toggleable[o=Obj - Checkable]
  bool isOn[o=Obj - Checkable]
  bool isToggled[o=Obj - Checkable]
  bool sliceable[o=Obj - Checkable]
  bool isSliced[o=Obj - Checkable]
]

actions = [
  action look(Agent - Checkable a, Location - Checkable l) {
    preconditions = [
      atLocation(a, l)
    ]
    effects = [
      checked(l) := true
    ]
  }
  action inventory(Agent - Checkable a) {
    preconditions = [
    ]
    effects = [
      checked(a) := true
    ]
  }
  action examineReceptacle(Agent - Checkable a, Receptacle - Checkable r) {
    preconditions = [
      Exists (Location - Checkable l) (atLocation(a, l) and receptacleAtLocation(r, l))
    ]
    effects = [
      checked(r) := true
    ]
  }
  action examineObject(Agent - Checkable a, Obj - Checkable o) {
    preconditions = [
      (Exists (Location - Checkable l) Exists (Receptacle - Checkable r) (atLocation(a, l) and receptacleAtLocation(r, l) and inReceptacle(o, r) and ((not openable(r)) or opened(r))) or holds(a, o))
    ]
    effects = [
      checked(o) := true
    ]
  }
  action goToLocation(Agent - Checkable a, Location - Checkable lstart, Location - Checkable lend) {
    preconditions = [
      atLocation(a, lstart)
    ]
    effects = [
      atLocation(a, lstart) := false
      atLocation(a, lend) := true
    ]
  }
  action openObject(Agent - Checkable a, Location - Checkable l, Receptacle - Checkable r) {
    preconditions = [
      (openable(r) and atLocation(a, l) and receptacleAtLocation(r, l) and (not opened(r)))
    ]
    effects = [
      opened(r) := true
      checked(r) := true
    ]
  }
  action closeObject(Agent - Checkable a, Location - Checkable l, Receptacle - Checkable r) {
    preconditions = [
      (openable(r) and atLocation(a, l) and receptacleAtLocation(r, l) and opened(r))
    ]
    effects = [
      opened(r) := false
    ]
  }
  action pickupObject(Agent - Checkable a, Location - Checkable l, Obj - Checkable o, Receptacle - Checkable r) {
    preconditions = [
      (pickupable(o) and atLocation(a, l) and receptacleAtLocation(r, l) and inReceptacle(o, r) and (not holdsAny(a)) and ((not openable(r)) or opened(r)))
    ]
    effects = [
      inReceptacle(o, r) := false
      holds(a, o) := true
      holdsAny(a) := true
      objectAtLocation(o, l) := false
    ]
  }
  action putObject(Agent - Checkable a, Location - Checkable l, Obj - Checkable o, Receptacle - Checkable r, ObjectType ot, ReceptacleType rt) {
    preconditions = [
      (holds(a, o) and atLocation(a, l) and receptacleAtLocation(r, l) and ((not openable(r)) or opened(r)) and objectType(o, ot) and receptacleType(r, rt) and canContain(rt, ot))
    ]
    effects = [
      inReceptacle(o, r) := true
      objectAtLocation(o, l) := true
      holds(a, o) := false
      holdsAny(a) := false
    ]
  }
  action cleanObject(Agent - Checkable a, Location - Checkable l, Receptacle - Checkable r, Obj - Checkable o) {
    preconditions = [
      (cleanable(o) and receptacleType(r, sinkBasinType) and atLocation(a, l) and receptacleAtLocation(r, l) and holds(a, o))
    ]
    effects = [
      isClean(o) := true
    ]
  }
  action heatObject(Agent - Checkable a, Location - Checkable l, Receptacle - Checkable r, Obj - Checkable o) {
    preconditions = [
      (heatable(o) and receptacleType(r, microwaveType) and atLocation(a, l) and receptacleAtLocation(r, l) and holds(a, o))
    ]
    effects = [
      isHot(o) := true
      isCool(o) := false
    ]
  }
  action coolObject(Agent - Checkable a, Location - Checkable l, Receptacle - Checkable r, Obj - Checkable o) {
    preconditions = [
      (coolable(o) and receptacleType(r, fridgeType) and atLocation(a, l) and receptacleAtLocation(r, l) and holds(a, o))
    ]
    effects = [
      isCool(o) := true
      isHot(o) := false
    ]
  }
  action toggleObject(Agent - Checkable a, Location - Checkable l, Obj - Checkable o, Receptacle - Checkable r) {
    preconditions = [
      (toggleable(o) and atLocation(a, l) and receptacleAtLocation(r, l) and inReceptacle(o, r))
    ]
    effects = [
      if isOn(o) then isOn(o) := false
      if (not isOn(o)) then isOn(o) := true
      isToggled(o) := true
    ]
  }
  action sliceObject(Agent - Checkable a, Location - Checkable l, Obj - Checkable co, Obj - Checkable ko) {
    preconditions = [
      (sliceable(co) and (objectType(ko, knifeType) or objectType(ko, butterKnifeType)) and atLocation(a, l) and objectAtLocation(co, l) and holds(a, ko))
    ]
    effects = [
      isSliced(co) := true
    ]
  }
  action help(Agent - Checkable a) {
    preconditions = [
    ]
    effects = [
      checked(a) := true
    ]
  }
]

objects = [
  ReceptacleType: [sinkBasinType, microwaveType, fridgeType, counterTopType, diningTableType, drawerType, bathtubBasinType, shelfType, coffeeMachineType, ottomanType, toiletType, cabinetType]
  ObjectType: [knifeType, butterKnifeType, statueType, baseballBatType, soapBottleType, ladleType, candleType, mugType, wineBottleType, basketBallType, cupType, bowlType]
  Checkable: [agent1, location1, location2, location3, location4, location5, location6, location7, location8, location9, location10, counterTop_1, diningTable_2, drawer_3, bathtubBasin_4, shelf_5, coffeeMachine_6, ottoman_7, toilet_8, diningTable_9, cabinet_10, statue_1, baseballBat_2, soapBottle_3, ladle_4, candle_5, mug_6, wineBottle_7, basketBall_8, cup_9, bowl_10]
  Agent - Checkable: [agent1]
  Location - Checkable: [location1, location2, location3, location4, location5, location6, location7, location8, location9, location10]
  Receptacle - Checkable: [counterTop_1, diningTable_2, drawer_3, bathtubBasin_4, shelf_5, coffeeMachine_6, ottoman_7, toilet_8, diningTable_9, cabinet_10]
  Obj - Checkable: [statue_1, baseballBat_2, soapBottle_3, ladle_4, candle_5, mug_6, wineBottle_7, basketBall_8, cup_9, bowl_10]
]

initial fluents default = [
  bool atLocation[a=Agent - Checkable, l=Location - Checkable] := false
  bool receptacleAtLocation[r=Receptacle - Checkable, l=Location - Checkable] := false
  bool objectAtLocation[o=Obj - Checkable, l=Location - Checkable] := false
  bool openable[r=Receptacle - Checkable] := false
  bool opened[r=Receptacle - Checkable] := false
  bool inReceptacle[o=Obj - Checkable, r=Receptacle - Checkable] := false
  bool isReceptacleObject[o=Obj - Checkable] := false
  bool inReceptacleObject[innerObject=Obj - Checkable, outObject=Obj - Checkable] := false
  bool isReceptacleObjectFull[o=Obj - Checkable] := false
  bool wasInReceptacle[o=Obj - Checkable, r=Receptacle - Checkable] := false
  bool checked[c=Checkable] := false
  bool examined[l=Location - Checkable] := false
  bool receptacleType[r=Receptacle - Checkable, rt=ReceptacleType] := false
  bool canContain[rt=ReceptacleType, ot=ObjectType] := false
  bool objectType[o=Obj - Checkable, t=ObjectType] := false
  bool holds[a=Agent - Checkable, o=Obj - Checkable] := false
  bool holdsAny[a=Agent - Checkable] := false
  bool holdsAnyReceptacleObject[a=Agent - Checkable] := false
  bool full[r=Receptacle - Checkable] := false
  bool isClean[o=Obj - Checkable] := false
  bool cleanable[o=Obj - Checkable] := false
  bool isHot[o=Obj - Checkable] := false
  bool heatable[o=Obj - Checkable] := false
  bool isCool[o=Obj - Checkable] := false
  bool coolable[o=Obj - Checkable] := false
  bool pickupable[o=Obj - Checkable] := false
  bool moveable[o=Obj - Checkable] := false
  bool toggleable[o=Obj - Checkable] := false
  bool isOn[o=Obj - Checkable] := false
  bool isToggled[o=Obj - Checkable] := false
  bool sliceable[o=Obj - Checkable] := false
  bool isSliced[o=Obj - Checkable] := false
]

initial values = [
  receptacleType(counterTop_1, counterTopType) := true
  receptacleType(diningTable_2, diningTableType) := true
  receptacleType(drawer_3, drawerType) := true
  receptacleType(bathtubBasin_4, bathtubBasinType) := true
  receptacleType(shelf_5, shelfType) := true
  receptacleType(coffeeMachine_6, coffeeMachineType) := true
  receptacleType(ottoman_7, ottomanType) := true
  receptacleType(toilet_8, toiletType) := true
  receptacleType(diningTable_9, diningTableType) := true
  receptacleType(cabinet_10, cabinetType) := true
  objectType(statue_1, statueType) := true
  objectType(baseballBat_2, baseballBatType) := true
  objectType(soapBottle_3, soapBottleType) := true
  objectType(ladle_4, ladleType) := true
  objectType(candle_5, candleType) := true
  objectType(mug_6, mugType) := true
  objectType(wineBottle_7, wineBottleType) := true
  objectType(basketBall_8, basketBallType) := true
  objectType(cup_9, cupType) := true
  objectType(bowl_10, bowlType) := true
  canContain(counterTopType, statueType) := true
  canContain(counterTopType, baseballBatType) := true
  canContain(counterTopType, soapBottleType) := true
  canContain(counterTopType, ladleType) := true
  canContain(counterTopType, candleType) := true
  canContain(counterTopType, mugType) := true
  canContain(counterTopType, wineBottleType) := true
  canContain(counterTopType, basketBallType) := true
  canContain(counterTopType, cupType) := true
  canContain(counterTopType, bowlType) := true
  canContain(diningTableType, statueType) := true
  canContain(diningTableType, baseballBatType) := true
  canContain(diningTableType, soapBottleType) := true
  canContain(diningTableType, ladleType) := true
  canContain(diningTableType, candleType) := true
  canContain(diningTableType, mugType) := true
  canContain(diningTableType, wineBottleType) := true
  canContain(diningTableType, basketBallType) := true
  canContain(diningTableType, cupType) := true
  canContain(diningTableType, bowlType) := true
  canContain(drawerType, soapBottleType) := true
  canContain(drawerType, ladleType) := true
  canContain(drawerType, candleType) := true
  canContain(shelfType, statueType) := true
  canContain(shelfType, soapBottleType) := true
  canContain(shelfType, candleType) := true
  canContain(shelfType, mugType) := true
  canContain(shelfType, wineBottleType) := true
  canContain(shelfType, cupType) := true
  canContain(shelfType, bowlType) := true
  canContain(coffeeMachineType, mugType) := true
  canContain(ottomanType, basketBallType) := true
  canContain(toiletType, soapBottleType) := true
  canContain(toiletType, candleType) := true
  canContain(cabinetType, soapBottleType) := true
  canContain(cabinetType, ladleType) := true
  canContain(cabinetType, candleType) := true
  canContain(cabinetType, mugType) := true
  canContain(cabinetType, wineBottleType) := true
  canContain(cabinetType, cupType) := true
  canContain(cabinetType, bowlType) := true
  pickupable(statue_1) := true
  pickupable(baseballBat_2) := true
  pickupable(soapBottle_3) := true
  pickupable(ladle_4) := true
  cleanable(ladle_4) := true
  pickupable(candle_5) := true
  pickupable(mug_6) := true
  isReceptacleObject(mug_6) := true
  cleanable(mug_6) := true
  heatable(mug_6) := true
  coolable(mug_6) := true
  pickupable(wineBottle_7) := true
  pickupable(basketBall_8) := true
  pickupable(cup_9) := true
  isReceptacleObject(cup_9) := true
  cleanable(cup_9) := true
  heatable(cup_9) := true
  coolable(cup_9) := true
  pickupable(bowl_10) := true
  isReceptacleObject(bowl_10) := true
  cleanable(bowl_10) := true
  coolable(bowl_10) := true
  receptacleAtLocation(counterTop_1, location6) := true
  receptacleAtLocation(diningTable_2, location6) := true
  receptacleAtLocation(drawer_3, location3) := true
  receptacleAtLocation(bathtubBasin_4, location4) := true
  receptacleAtLocation(shelf_5, location3) := true
  receptacleAtLocation(coffeeMachine_6, location9) := true
  receptacleAtLocation(ottoman_7, location6) := true
  receptacleAtLocation(toilet_8, location4) := true
  receptacleAtLocation(diningTable_9, location5) := true
  receptacleAtLocation(cabinet_10, location2) := true
  inReceptacle(statue_1, shelf_5) := true
  inReceptacle(soapBottle_3, drawer_3) := true
  inReceptacle(ladle_4, diningTable_9) := true
  inReceptacle(candle_5, shelf_5) := true
  inReceptacle(basketBall_8, counterTop_1) := true
  inReceptacle(cup_9, diningTable_2) := true
  objectAtLocation(statue_1, location3) := true
  objectAtLocation(baseballBat_2, location6) := true
  objectAtLocation(soapBottle_3, location3) := true
  objectAtLocation(ladle_4, location5) := true
  objectAtLocation(candle_5, location3) := true
  objectAtLocation(mug_6, location2) := true
  objectAtLocation(wineBottle_7, location10) := true
  objectAtLocation(basketBall_8, location6) := true
  objectAtLocation(cup_9, location6) := true
  objectAtLocation(bowl_10, location3) := true
  atLocation(agent1, location10) := true
]

goals = [
  Exists (Receptacle - Checkable r) Exists (Obj - Checkable o1) (inReceptacle(o1, r) and objectType(o1, bowlType) and receptacleType(r, counterTopType) and Exists (Obj - Checkable o2) ((not (o1 == o2)) and objectType(o2, basketBallType) and receptacleType(r, counterTopType) and inReceptacle(o2, r)))
]

quality metrics = [
  minimize sequential-plan-length
]


2025-06-17 09:55:55,830 - INFO - Generating plan for unconstrained problem

2025-06-17 09:55:56,187 - INFO - Unconstrained plan generation time: 0.3567993640899658

