2025-06-17 09:57:42,728 - INFO - 
================= Seed: 625 =================

2025-06-17 09:57:42,738 - INFO - problem name = alfred

types = [ReceptacleType, ObjectType, Checkable, Agent - Checkable, Location - Checkable, Receptacle - Checkable, Obj - Checkable]

fluents = [
  bool atLocation[a=Agent - Checkable, l=Location - Checkable]
  bool receptacleAtLocation[r=Receptacle - Checkable, l=Location - Checkable]
  bool objectAtLocation[o=Obj - Checkable, l=Location - Checkable]
  bool openable[r=Receptacle - Checkable]
  bool opened[r=Receptacle - Checkable]
  bool inReceptacle[o=Obj - Checkable, r=Receptacle - Checkable]
  bool isReceptacleObject[o=Obj - Checkable]
  bool inReceptacleObject[innerObject=Obj - Checkable, outObject=Obj - Checkable]
  bool isReceptacleObjectFull[o=Obj - Checkable]
  bool wasInReceptacle[o=Obj - Checkable, r=Receptacle - Checkable]
  bool checked[c=Checkable]
  bool examined[l=Location - Checkable]
  bool receptacleType[r=Receptacle - Checkable, rt=ReceptacleType]
  bool canContain[rt=ReceptacleType, ot=ObjectType]
  bool objectType[o=Obj - Checkable, t=ObjectType]
  bool holds[a=Agent - Checkable, o=Obj - Checkable]
  bool holdsAny[a=Agent - Checkable]
  bool holdsAnyReceptacleObject[a=Agent - Checkable]
  bool full[r=Receptacle - Checkable]
  bool isClean[o=Obj - Checkable]
  bool cleanable[o=Obj - Checkable]
  bool isHot[o=Obj - Checkable]
  bool heatable[o=Obj - Checkable]
  bool isCool[o=Obj - Checkable]
  bool coolable[o=Obj - Checkable]
  bool pickupable[o=Obj - Checkable]
  bool moveable[o=Obj - Checkable]
  bool toggleable[o=Obj - Checkable]
  bool isOn[o=Obj - Checkable]
  bool isToggled[o=Obj - Checkable]
  bool sliceable[o=Obj - Checkable]
  bool isSliced[o=Obj - Checkable]
]

actions = [
  action look(Agent - Checkable a, Location - Checkable l) {
    preconditions = [
      atLocation(a, l)
    ]
    effects = [
      checked(l) := true
    ]
  }
  action inventory(Agent - Checkable a) {
    preconditions = [
    ]
    effects = [
      checked(a) := true
    ]
  }
  action examineReceptacle(Agent - Checkable a, Receptacle - Checkable r) {
    preconditions = [
      Exists (Location - Checkable l) (atLocation(a, l) and receptacleAtLocation(r, l))
    ]
    effects = [
      checked(r) := true
    ]
  }
  action examineObject(Agent - Checkable a, Obj - Checkable o) {
    preconditions = [
      (Exists (Location - Checkable l) Exists (Receptacle - Checkable r) (atLocation(a, l) and receptacleAtLocation(r, l) and inReceptacle(o, r) and ((not openable(r)) or opened(r))) or holds(a, o))
    ]
    effects = [
      checked(o) := true
    ]
  }
  action goToLocation(Agent - Checkable a, Location - Checkable lstart, Location - Checkable lend) {
    preconditions = [
      atLocation(a, lstart)
    ]
    effects = [
      atLocation(a, lstart) := false
      atLocation(a, lend) := true
    ]
  }
  action openObject(Agent - Checkable a, Location - Checkable l, Receptacle - Checkable r) {
    preconditions = [
      (openable(r) and atLocation(a, l) and receptacleAtLocation(r, l) and (not opened(r)))
    ]
    effects = [
      opened(r) := true
      checked(r) := true
    ]
  }
  action closeObject(Agent - Checkable a, Location - Checkable l, Receptacle - Checkable r) {
    preconditions = [
      (openable(r) and atLocation(a, l) and receptacleAtLocation(r, l) and opened(r))
    ]
    effects = [
      opened(r) := false
    ]
  }
  action pickupObject(Agent - Checkable a, Location - Checkable l, Obj - Checkable o, Receptacle - Checkable r) {
    preconditions = [
      (pickupable(o) and atLocation(a, l) and receptacleAtLocation(r, l) and inReceptacle(o, r) and (not holdsAny(a)) and ((not openable(r)) or opened(r)))
    ]
    effects = [
      inReceptacle(o, r) := false
      holds(a, o) := true
      holdsAny(a) := true
      objectAtLocation(o, l) := false
    ]
  }
  action putObject(Agent - Checkable a, Location - Checkable l, Obj - Checkable o, Receptacle - Checkable r, ObjectType ot, ReceptacleType rt) {
    preconditions = [
      (holds(a, o) and atLocation(a, l) and receptacleAtLocation(r, l) and ((not openable(r)) or opened(r)) and objectType(o, ot) and receptacleType(r, rt) and canContain(rt, ot))
    ]
    effects = [
      inReceptacle(o, r) := true
      objectAtLocation(o, l) := true
      holds(a, o) := false
      holdsAny(a) := false
    ]
  }
  action cleanObject(Agent - Checkable a, Location - Checkable l, Receptacle - Checkable r, Obj - Checkable o) {
    preconditions = [
      (cleanable(o) and receptacleType(r, sinkBasinType) and atLocation(a, l) and receptacleAtLocation(r, l) and holds(a, o))
    ]
    effects = [
      isClean(o) := true
    ]
  }
  action heatObject(Agent - Checkable a, Location - Checkable l, Receptacle - Checkable r, Obj - Checkable o) {
    preconditions = [
      (heatable(o) and receptacleType(r, microwaveType) and atLocation(a, l) and receptacleAtLocation(r, l) and holds(a, o))
    ]
    effects = [
      isHot(o) := true
      isCool(o) := false
    ]
  }
  action coolObject(Agent - Checkable a, Location - Checkable l, Receptacle - Checkable r, Obj - Checkable o) {
    preconditions = [
      (coolable(o) and receptacleType(r, fridgeType) and atLocation(a, l) and receptacleAtLocation(r, l) and holds(a, o))
    ]
    effects = [
      isCool(o) := true
      isHot(o) := false
    ]
  }
  action toggleObject(Agent - Checkable a, Location - Checkable l, Obj - Checkable o, Receptacle - Checkable r) {
    preconditions = [
      (toggleable(o) and atLocation(a, l) and receptacleAtLocation(r, l) and inReceptacle(o, r))
    ]
    effects = [
      if isOn(o) then isOn(o) := false
      if (not isOn(o)) then isOn(o) := true
      isToggled(o) := true
    ]
  }
  action sliceObject(Agent - Checkable a, Location - Checkable l, Obj - Checkable co, Obj - Checkable ko) {
    preconditions = [
      (sliceable(co) and (objectType(ko, knifeType) or objectType(ko, butterKnifeType)) and atLocation(a, l) and objectAtLocation(co, l) and holds(a, ko))
    ]
    effects = [
      isSliced(co) := true
    ]
  }
  action help(Agent - Checkable a) {
    preconditions = [
    ]
    effects = [
      checked(a) := true
    ]
  }
]

objects = [
  ReceptacleType: [sinkBasinType, microwaveType, fridgeType, coffeeTableType, garbageCanType, armChairType, toasterType, shelfType, diningTableType, toiletPaperHangerType]
  ObjectType: [knifeType, butterKnifeType, plateType, cdType, wineBottleType, panType, potatoType, kettleType, tissueBoxType, statueType, newspaperType]
  Checkable: [agent1, location1, location2, location3, location4, location5, location6, location7, location8, location9, location10, coffeeTable_1, garbageCan_2, armChair_3, armChair_4, toaster_5, shelf_6, garbageCan_7, diningTable_8, microwave_9, toiletPaperHanger_10, plate_1, cd_2, wineBottle_3, pan_4, potato_5, kettle_6, tissueBox_7, statue_8, newspaper_9, plate_10]
  Agent - Checkable: [agent1]
  Location - Checkable: [location1, location2, location3, location4, location5, location6, location7, location8, location9, location10]
  Receptacle - Checkable: [coffeeTable_1, garbageCan_2, armChair_3, armChair_4, toaster_5, shelf_6, garbageCan_7, diningTable_8, microwave_9, toiletPaperHanger_10]
  Obj - Checkable: [plate_1, cd_2, wineBottle_3, pan_4, potato_5, kettle_6, tissueBox_7, statue_8, newspaper_9, plate_10]
]

initial fluents default = [
  bool atLocation[a=Agent - Checkable, l=Location - Checkable] := false
  bool receptacleAtLocation[r=Receptacle - Checkable, l=Location - Checkable] := false
  bool objectAtLocation[o=Obj - Checkable, l=Location - Checkable] := false
  bool openable[r=Receptacle - Checkable] := false
  bool opened[r=Receptacle - Checkable] := false
  bool inReceptacle[o=Obj - Checkable, r=Receptacle - Checkable] := false
  bool isReceptacleObject[o=Obj - Checkable] := false
  bool inReceptacleObject[innerObject=Obj - Checkable, outObject=Obj - Checkable] := false
  bool isReceptacleObjectFull[o=Obj - Checkable] := false
  bool wasInReceptacle[o=Obj - Checkable, r=Receptacle - Checkable] := false
  bool checked[c=Checkable] := false
  bool examined[l=Location - Checkable] := false
  bool receptacleType[r=Receptacle - Checkable, rt=ReceptacleType] := false
  bool canContain[rt=ReceptacleType, ot=ObjectType] := false
  bool objectType[o=Obj - Checkable, t=ObjectType] := false
  bool holds[a=Agent - Checkable, o=Obj - Checkable] := false
  bool holdsAny[a=Agent - Checkable] := false
  bool holdsAnyReceptacleObject[a=Agent - Checkable] := false
  bool full[r=Receptacle - Checkable] := false
  bool isClean[o=Obj - Checkable] := false
  bool cleanable[o=Obj - Checkable] := false
  bool isHot[o=Obj - Checkable] := false
  bool heatable[o=Obj - Checkable] := false
  bool isCool[o=Obj - Checkable] := false
  bool coolable[o=Obj - Checkable] := false
  bool pickupable[o=Obj - Checkable] := false
  bool moveable[o=Obj - Checkable] := false
  bool toggleable[o=Obj - Checkable] := false
  bool isOn[o=Obj - Checkable] := false
  bool isToggled[o=Obj - Checkable] := false
  bool sliceable[o=Obj - Checkable] := false
  bool isSliced[o=Obj - Checkable] := false
]

initial values = [
  receptacleType(coffeeTable_1, coffeeTableType) := true
  receptacleType(garbageCan_2, garbageCanType) := true
  receptacleType(armChair_3, armChairType) := true
  receptacleType(armChair_4, armChairType) := true
  receptacleType(toaster_5, toasterType) := true
  receptacleType(shelf_6, shelfType) := true
  receptacleType(garbageCan_7, garbageCanType) := true
  receptacleType(diningTable_8, diningTableType) := true
  receptacleType(microwave_9, microwaveType) := true
  receptacleType(toiletPaperHanger_10, toiletPaperHangerType) := true
  objectType(plate_1, plateType) := true
  objectType(cd_2, cdType) := true
  objectType(wineBottle_3, wineBottleType) := true
  objectType(pan_4, panType) := true
  objectType(potato_5, potatoType) := true
  objectType(kettle_6, kettleType) := true
  objectType(tissueBox_7, tissueBoxType) := true
  objectType(statue_8, statueType) := true
  objectType(newspaper_9, newspaperType) := true
  objectType(plate_10, plateType) := true
  canContain(coffeeTableType, plateType) := true
  canContain(coffeeTableType, wineBottleType) := true
  canContain(coffeeTableType, panType) := true
  canContain(coffeeTableType, potatoType) := true
  canContain(coffeeTableType, kettleType) := true
  canContain(coffeeTableType, tissueBoxType) := true
  canContain(coffeeTableType, statueType) := true
  canContain(coffeeTableType, newspaperType) := true
  canContain(garbageCanType, wineBottleType) := true
  canContain(garbageCanType, potatoType) := true
  canContain(garbageCanType, tissueBoxType) := true
  canContain(garbageCanType, newspaperType) := true
  canContain(armChairType, newspaperType) := true
  canContain(shelfType, plateType) := true
  canContain(shelfType, cdType) := true
  canContain(shelfType, wineBottleType) := true
  canContain(shelfType, kettleType) := true
  canContain(shelfType, tissueBoxType) := true
  canContain(shelfType, statueType) := true
  canContain(shelfType, newspaperType) := true
  canContain(diningTableType, plateType) := true
  canContain(diningTableType, wineBottleType) := true
  canContain(diningTableType, panType) := true
  canContain(diningTableType, potatoType) := true
  canContain(diningTableType, kettleType) := true
  canContain(diningTableType, tissueBoxType) := true
  canContain(diningTableType, statueType) := true
  canContain(diningTableType, newspaperType) := true
  canContain(microwaveType, plateType) := true
  canContain(microwaveType, potatoType) := true
  pickupable(plate_1) := true
  isReceptacleObject(plate_1) := true
  cleanable(plate_1) := true
  heatable(plate_1) := true
  coolable(plate_1) := true
  pickupable(cd_2) := true
  pickupable(wineBottle_3) := true
  pickupable(pan_4) := true
  isReceptacleObject(pan_4) := true
  cleanable(pan_4) := true
  coolable(pan_4) := true
  pickupable(potato_5) := true
  cleanable(potato_5) := true
  heatable(potato_5) := true
  coolable(potato_5) := true
  sliceable(potato_5) := true
  pickupable(kettle_6) := true
  cleanable(kettle_6) := true
  pickupable(tissueBox_7) := true
  pickupable(statue_8) := true
  pickupable(newspaper_9) := true
  pickupable(plate_10) := true
  isReceptacleObject(plate_10) := true
  cleanable(plate_10) := true
  heatable(plate_10) := true
  coolable(plate_10) := true
  receptacleAtLocation(coffeeTable_1, location8) := true
  receptacleAtLocation(garbageCan_2, location10) := true
  receptacleAtLocation(armChair_3, location8) := true
  receptacleAtLocation(armChair_4, location10) := true
  receptacleAtLocation(toaster_5, location3) := true
  receptacleAtLocation(shelf_6, location10) := true
  receptacleAtLocation(garbageCan_7, location2) := true
  receptacleAtLocation(diningTable_8, location5) := true
  receptacleAtLocation(microwave_9, location7) := true
  receptacleAtLocation(toiletPaperHanger_10, location1) := true
  inReceptacle(plate_1, microwave_9) := true
  inReceptacle(wineBottle_3, garbageCan_2) := true
  inReceptacle(potato_5, diningTable_8) := true
  inReceptacle(statue_8, coffeeTable_1) := true
  objectAtLocation(plate_1, location7) := true
  objectAtLocation(cd_2, location3) := true
  objectAtLocation(wineBottle_3, location10) := true
  objectAtLocation(pan_4, location9) := true
  objectAtLocation(potato_5, location5) := true
  objectAtLocation(kettle_6, location8) := true
  objectAtLocation(tissueBox_7, location8) := true
  objectAtLocation(statue_8, location8) := true
  objectAtLocation(newspaper_9, location4) := true
  objectAtLocation(plate_10, location1) := true
  atLocation(agent1, location10) := true
]

goals = [
  Exists (Receptacle - Checkable r) Exists (Obj - Checkable o) (heatable(o) and objectType(o, potatoType) and receptacleType(r, diningTableType) and isHot(o) and inReceptacle(o, r))
]

quality metrics = [
  minimize sequential-plan-length
]


2025-06-17 09:57:42,742 - INFO - Generating plan for unconstrained problem

2025-06-17 09:57:43,217 - INFO - Unconstrained plan generation time: 0.47539281845092773

2025-06-17 09:57:43,217 - INFO - Unconstrained plan and cost: 
2025-06-17 09:57:43,217 - INFO - SequentialPlan:
    goToLocation(agent1, location10, location5)
    pickupObject(agent1, location5, potato_5, diningTable_8)
    goToLocation(agent1, location5, location7)
    heatObject(agent1, location7, microwave_9, potato_5)
    goToLocation(agent1, location7, location5)
    putObject(agent1, location5, potato_5, diningTable_8, potatoType, diningTableType)
2025-06-17 09:57:43,218 - INFO - 6
2025-06-17 09:57:43,739 - INFO - Sampled constraints:

2025-06-17 09:57:43,739 - INFO - Sometime(atLocation(agent1, location5))
2025-06-17 09:57:43,739 - INFO - Sometime-Before(atLocation(agent1, location5), checked(agent1))
2025-06-17 09:57:43,739 - INFO - 
2025-06-17 09:57:43,739 - INFO - Generation time: 0.5212421417236328

2025-06-17 09:57:43,748 - INFO - Generating plan for constrained problem (with LiftedTCORE).

2025-06-17 09:57:43,795 - INFO - LiftedTCORE compilation time: 0.046979665756225586

2025-06-17 09:57:44,312 - INFO - Planning Time with LiftedTCORE's file: 0.5089821815490723

2025-06-17 09:57:44,312 - INFO - Plan found with LiftedTCORE + sym_bd: SequentialPlan:
    help(agent1)
    goToLocation(agent1, location10, location5)
    pickupObject(agent1, location5, potato_5, diningTable_8)
    goToLocation(agent1, location5, location7)
    heatObject(agent1, location7, microwave_9, potato_5)
    goToLocation(agent1, location7, location5)
    putObject(agent1, location5, potato_5, diningTable_8, potatoType, diningTableType)
2025-06-17 09:57:44,312 - INFO - Seed: 625 is solvable

2025-06-17 09:57:44,312 - INFO - Unconstrained cost: 6
2025-06-17 09:57:44,312 - INFO - Constrained cost: 7
2025-06-17 09:57:44,312 - INFO - Seed: 625 Plan simulation is feasible
2025-06-17 09:57:44,312 - INFO - 
Seed: 625 
 Plan: [help(agent1), goToLocation(agent1, location10, location5), pickupObject(agent1, location5, potato_5, diningTable_8), goToLocation(agent1, location5, location7), heatObject(agent1, location7, microwave_9, potato_5), goToLocation(agent1, location7, location5), putObject(agent1, location5, potato_5, diningTable_8, potatoType, diningTableType)]  
 Cost: 7

