2025-06-17 10:22:07,123 - INFO - 
================= Seed: 772 =================

2025-06-17 10:22:07,128 - INFO - problem name = alfred

types = [ReceptacleType, ObjectType, Checkable, Agent - Checkable, Location - Checkable, Receptacle - Checkable, Obj - Checkable]

fluents = [
  bool atLocation[a=Agent - Checkable, l=Location - Checkable]
  bool receptacleAtLocation[r=Receptacle - Checkable, l=Location - Checkable]
  bool objectAtLocation[o=Obj - Checkable, l=Location - Checkable]
  bool openable[r=Receptacle - Checkable]
  bool opened[r=Receptacle - Checkable]
  bool inReceptacle[o=Obj - Checkable, r=Receptacle - Checkable]
  bool isReceptacleObject[o=Obj - Checkable]
  bool inReceptacleObject[innerObject=Obj - Checkable, outObject=Obj - Checkable]
  bool isReceptacleObjectFull[o=Obj - Checkable]
  bool wasInReceptacle[o=Obj - Checkable, r=Receptacle - Checkable]
  bool checked[c=Checkable]
  bool examined[l=Location - Checkable]
  bool receptacleType[r=Receptacle - Checkable, rt=ReceptacleType]
  bool canContain[rt=ReceptacleType, ot=ObjectType]
  bool objectType[o=Obj - Checkable, t=ObjectType]
  bool holds[a=Agent - Checkable, o=Obj - Checkable]
  bool holdsAny[a=Agent - Checkable]
  bool holdsAnyReceptacleObject[a=Agent - Checkable]
  bool full[r=Receptacle - Checkable]
  bool isClean[o=Obj - Checkable]
  bool cleanable[o=Obj - Checkable]
  bool isHot[o=Obj - Checkable]
  bool heatable[o=Obj - Checkable]
  bool isCool[o=Obj - Checkable]
  bool coolable[o=Obj - Checkable]
  bool pickupable[o=Obj - Checkable]
  bool moveable[o=Obj - Checkable]
  bool toggleable[o=Obj - Checkable]
  bool isOn[o=Obj - Checkable]
  bool isToggled[o=Obj - Checkable]
  bool sliceable[o=Obj - Checkable]
  bool isSliced[o=Obj - Checkable]
]

actions = [
  action look(Agent - Checkable a, Location - Checkable l) {
    preconditions = [
      atLocation(a, l)
    ]
    effects = [
      checked(l) := true
    ]
  }
  action inventory(Agent - Checkable a) {
    preconditions = [
    ]
    effects = [
      checked(a) := true
    ]
  }
  action examineReceptacle(Agent - Checkable a, Receptacle - Checkable r) {
    preconditions = [
      Exists (Location - Checkable l) (atLocation(a, l) and receptacleAtLocation(r, l))
    ]
    effects = [
      checked(r) := true
    ]
  }
  action examineObject(Agent - Checkable a, Obj - Checkable o) {
    preconditions = [
      (Exists (Location - Checkable l) Exists (Receptacle - Checkable r) (atLocation(a, l) and receptacleAtLocation(r, l) and inReceptacle(o, r) and ((not openable(r)) or opened(r))) or holds(a, o))
    ]
    effects = [
      checked(o) := true
    ]
  }
  action goToLocation(Agent - Checkable a, Location - Checkable lstart, Location - Checkable lend) {
    preconditions = [
      atLocation(a, lstart)
    ]
    effects = [
      atLocation(a, lstart) := false
      atLocation(a, lend) := true
    ]
  }
  action openObject(Agent - Checkable a, Location - Checkable l, Receptacle - Checkable r) {
    preconditions = [
      (openable(r) and atLocation(a, l) and receptacleAtLocation(r, l) and (not opened(r)))
    ]
    effects = [
      opened(r) := true
      checked(r) := true
    ]
  }
  action closeObject(Agent - Checkable a, Location - Checkable l, Receptacle - Checkable r) {
    preconditions = [
      (openable(r) and atLocation(a, l) and receptacleAtLocation(r, l) and opened(r))
    ]
    effects = [
      opened(r) := false
    ]
  }
  action pickupObject(Agent - Checkable a, Location - Checkable l, Obj - Checkable o, Receptacle - Checkable r) {
    preconditions = [
      (pickupable(o) and atLocation(a, l) and receptacleAtLocation(r, l) and inReceptacle(o, r) and (not holdsAny(a)) and ((not openable(r)) or opened(r)))
    ]
    effects = [
      inReceptacle(o, r) := false
      holds(a, o) := true
      holdsAny(a) := true
      objectAtLocation(o, l) := false
    ]
  }
  action putObject(Agent - Checkable a, Location - Checkable l, Obj - Checkable o, Receptacle - Checkable r, ObjectType ot, ReceptacleType rt) {
    preconditions = [
      (holds(a, o) and atLocation(a, l) and receptacleAtLocation(r, l) and ((not openable(r)) or opened(r)) and objectType(o, ot) and receptacleType(r, rt) and canContain(rt, ot))
    ]
    effects = [
      inReceptacle(o, r) := true
      objectAtLocation(o, l) := true
      holds(a, o) := false
      holdsAny(a) := false
    ]
  }
  action cleanObject(Agent - Checkable a, Location - Checkable l, Receptacle - Checkable r, Obj - Checkable o) {
    preconditions = [
      (cleanable(o) and receptacleType(r, sinkBasinType) and atLocation(a, l) and receptacleAtLocation(r, l) and holds(a, o))
    ]
    effects = [
      isClean(o) := true
    ]
  }
  action heatObject(Agent - Checkable a, Location - Checkable l, Receptacle - Checkable r, Obj - Checkable o) {
    preconditions = [
      (heatable(o) and receptacleType(r, microwaveType) and atLocation(a, l) and receptacleAtLocation(r, l) and holds(a, o))
    ]
    effects = [
      isHot(o) := true
      isCool(o) := false
    ]
  }
  action coolObject(Agent - Checkable a, Location - Checkable l, Receptacle - Checkable r, Obj - Checkable o) {
    preconditions = [
      (coolable(o) and receptacleType(r, fridgeType) and atLocation(a, l) and receptacleAtLocation(r, l) and holds(a, o))
    ]
    effects = [
      isCool(o) := true
      isHot(o) := false
    ]
  }
  action toggleObject(Agent - Checkable a, Location - Checkable l, Obj - Checkable o, Receptacle - Checkable r) {
    preconditions = [
      (toggleable(o) and atLocation(a, l) and receptacleAtLocation(r, l) and inReceptacle(o, r))
    ]
    effects = [
      if isOn(o) then isOn(o) := false
      if (not isOn(o)) then isOn(o) := true
      isToggled(o) := true
    ]
  }
  action sliceObject(Agent - Checkable a, Location - Checkable l, Obj - Checkable co, Obj - Checkable ko) {
    preconditions = [
      (sliceable(co) and (objectType(ko, knifeType) or objectType(ko, butterKnifeType)) and atLocation(a, l) and objectAtLocation(co, l) and holds(a, ko))
    ]
    effects = [
      isSliced(co) := true
    ]
  }
  action help(Agent - Checkable a) {
    preconditions = [
    ]
    effects = [
      checked(a) := true
    ]
  }
]

objects = [
  ReceptacleType: [sinkBasinType, microwaveType, fridgeType, tvStandType, bedType, safeType, sofaType, drawerType, counterTopType, cabinetType]
  ObjectType: [knifeType, butterKnifeType, cupType, glassbottleType, candleType, eggType, potType, tomatoType, watchType, penType, spoonType, mugType]
  Checkable: [agent1, location1, location2, location3, location4, location5, location6, location7, location8, location9, location10, sinkBasin_1, tvStand_2, bed_3, safe_4, microwave_5, sofa_6, drawer_7, counterTop_8, cabinet_9, microwave_10, cup_1, glassbottle_2, candle_3, egg_4, pot_5, tomato_6, watch_7, pen_8, spoon_9, mug_10]
  Agent - Checkable: [agent1]
  Location - Checkable: [location1, location2, location3, location4, location5, location6, location7, location8, location9, location10]
  Receptacle - Checkable: [sinkBasin_1, tvStand_2, bed_3, safe_4, microwave_5, sofa_6, drawer_7, counterTop_8, cabinet_9, microwave_10]
  Obj - Checkable: [cup_1, glassbottle_2, candle_3, egg_4, pot_5, tomato_6, watch_7, pen_8, spoon_9, mug_10]
]

initial fluents default = [
  bool atLocation[a=Agent - Checkable, l=Location - Checkable] := false
  bool receptacleAtLocation[r=Receptacle - Checkable, l=Location - Checkable] := false
  bool objectAtLocation[o=Obj - Checkable, l=Location - Checkable] := false
  bool openable[r=Receptacle - Checkable] := false
  bool opened[r=Receptacle - Checkable] := false
  bool inReceptacle[o=Obj - Checkable, r=Receptacle - Checkable] := false
  bool isReceptacleObject[o=Obj - Checkable] := false
  bool inReceptacleObject[innerObject=Obj - Checkable, outObject=Obj - Checkable] := false
  bool isReceptacleObjectFull[o=Obj - Checkable] := false
  bool wasInReceptacle[o=Obj - Checkable, r=Receptacle - Checkable] := false
  bool checked[c=Checkable] := false
  bool examined[l=Location - Checkable] := false
  bool receptacleType[r=Receptacle - Checkable, rt=ReceptacleType] := false
  bool canContain[rt=ReceptacleType, ot=ObjectType] := false
  bool objectType[o=Obj - Checkable, t=ObjectType] := false
  bool holds[a=Agent - Checkable, o=Obj - Checkable] := false
  bool holdsAny[a=Agent - Checkable] := false
  bool holdsAnyReceptacleObject[a=Agent - Checkable] := false
  bool full[r=Receptacle - Checkable] := false
  bool isClean[o=Obj - Checkable] := false
  bool cleanable[o=Obj - Checkable] := false
  bool isHot[o=Obj - Checkable] := false
  bool heatable[o=Obj - Checkable] := false
  bool isCool[o=Obj - Checkable] := false
  bool coolable[o=Obj - Checkable] := false
  bool pickupable[o=Obj - Checkable] := false
  bool moveable[o=Obj - Checkable] := false
  bool toggleable[o=Obj - Checkable] := false
  bool isOn[o=Obj - Checkable] := false
  bool isToggled[o=Obj - Checkable] := false
  bool sliceable[o=Obj - Checkable] := false
  bool isSliced[o=Obj - Checkable] := false
]

initial values = [
  receptacleType(sinkBasin_1, sinkBasinType) := true
  receptacleType(tvStand_2, tvStandType) := true
  receptacleType(bed_3, bedType) := true
  receptacleType(safe_4, safeType) := true
  receptacleType(microwave_5, microwaveType) := true
  receptacleType(sofa_6, sofaType) := true
  receptacleType(drawer_7, drawerType) := true
  receptacleType(counterTop_8, counterTopType) := true
  receptacleType(cabinet_9, cabinetType) := true
  receptacleType(microwave_10, microwaveType) := true
  objectType(cup_1, cupType) := true
  objectType(glassbottle_2, glassbottleType) := true
  objectType(candle_3, candleType) := true
  objectType(egg_4, eggType) := true
  objectType(pot_5, potType) := true
  objectType(tomato_6, tomatoType) := true
  objectType(watch_7, watchType) := true
  objectType(pen_8, penType) := true
  objectType(spoon_9, spoonType) := true
  objectType(mug_10, mugType) := true
  canContain(sinkBasinType, cupType) := true
  canContain(sinkBasinType, glassbottleType) := true
  canContain(sinkBasinType, eggType) := true
  canContain(sinkBasinType, potType) := true
  canContain(sinkBasinType, tomatoType) := true
  canContain(sinkBasinType, spoonType) := true
  canContain(sinkBasinType, mugType) := true
  canContain(safeType, watchType) := true
  canContain(microwaveType, cupType) := true
  canContain(microwaveType, glassbottleType) := true
  canContain(microwaveType, eggType) := true
  canContain(microwaveType, tomatoType) := true
  canContain(microwaveType, mugType) := true
  canContain(drawerType, candleType) := true
  canContain(drawerType, watchType) := true
  canContain(drawerType, penType) := true
  canContain(drawerType, spoonType) := true
  canContain(counterTopType, cupType) := true
  canContain(counterTopType, glassbottleType) := true
  canContain(counterTopType, candleType) := true
  canContain(counterTopType, eggType) := true
  canContain(counterTopType, potType) := true
  canContain(counterTopType, tomatoType) := true
  canContain(counterTopType, watchType) := true
  canContain(counterTopType, penType) := true
  canContain(counterTopType, spoonType) := true
  canContain(counterTopType, mugType) := true
  canContain(cabinetType, cupType) := true
  canContain(cabinetType, glassbottleType) := true
  canContain(cabinetType, candleType) := true
  canContain(cabinetType, potType) := true
  canContain(cabinetType, mugType) := true
  pickupable(cup_1) := true
  isReceptacleObject(cup_1) := true
  cleanable(cup_1) := true
  heatable(cup_1) := true
  coolable(cup_1) := true
  pickupable(glassbottle_2) := true
  pickupable(candle_3) := true
  pickupable(egg_4) := true
  cleanable(egg_4) := true
  heatable(egg_4) := true
  coolable(egg_4) := true
  sliceable(egg_4) := true
  pickupable(pot_5) := true
  isReceptacleObject(pot_5) := true
  cleanable(pot_5) := true
  coolable(pot_5) := true
  pickupable(tomato_6) := true
  cleanable(tomato_6) := true
  heatable(tomato_6) := true
  coolable(tomato_6) := true
  sliceable(tomato_6) := true
  pickupable(watch_7) := true
  pickupable(pen_8) := true
  pickupable(spoon_9) := true
  cleanable(spoon_9) := true
  pickupable(mug_10) := true
  isReceptacleObject(mug_10) := true
  cleanable(mug_10) := true
  heatable(mug_10) := true
  coolable(mug_10) := true
  receptacleAtLocation(sinkBasin_1, location2) := true
  receptacleAtLocation(tvStand_2, location10) := true
  receptacleAtLocation(bed_3, location7) := true
  receptacleAtLocation(safe_4, location6) := true
  receptacleAtLocation(microwave_5, location5) := true
  receptacleAtLocation(sofa_6, location9) := true
  receptacleAtLocation(drawer_7, location8) := true
  receptacleAtLocation(counterTop_8, location9) := true
  receptacleAtLocation(cabinet_9, location9) := true
  receptacleAtLocation(microwave_10, location2) := true
  inReceptacle(cup_1, counterTop_8) := true
  inReceptacle(glassbottle_2, sinkBasin_1) := true
  inReceptacle(egg_4, microwave_10) := true
  inReceptacle(pot_5, counterTop_8) := true
  inReceptacle(mug_10, microwave_10) := true
  objectAtLocation(cup_1, location9) := true
  objectAtLocation(glassbottle_2, location2) := true
  objectAtLocation(candle_3, location3) := true
  objectAtLocation(egg_4, location2) := true
  objectAtLocation(pot_5, location9) := true
  objectAtLocation(tomato_6, location4) := true
  objectAtLocation(watch_7, location2) := true
  objectAtLocation(pen_8, location4) := true
  objectAtLocation(spoon_9, location6) := true
  objectAtLocation(mug_10, location2) := true
  atLocation(agent1, location9) := true
]

goals = [
  Exists (Receptacle - Checkable r) Exists (Obj - Checkable o) (coolable(o) and objectType(o, cupType) and receptacleType(r, microwaveType) and isCool(o) and inReceptacle(o, r))
]

quality metrics = [
  minimize sequential-plan-length
]


2025-06-17 10:22:07,130 - INFO - Generating plan for unconstrained problem

2025-06-17 10:22:07,443 - INFO - Unconstrained plan generation time: 0.3138093948364258

