2025-06-17 09:55:13,398 - INFO - 
================= Seed: 422 =================

2025-06-17 09:55:13,411 - INFO - problem name = alfred

types = [ReceptacleType, ObjectType, Checkable, Agent - Checkable, Location - Checkable, Receptacle - Checkable, Obj - Checkable]

fluents = [
  bool atLocation[a=Agent - Checkable, l=Location - Checkable]
  bool receptacleAtLocation[r=Receptacle - Checkable, l=Location - Checkable]
  bool objectAtLocation[o=Obj - Checkable, l=Location - Checkable]
  bool openable[r=Receptacle - Checkable]
  bool opened[r=Receptacle - Checkable]
  bool inReceptacle[o=Obj - Checkable, r=Receptacle - Checkable]
  bool isReceptacleObject[o=Obj - Checkable]
  bool inReceptacleObject[innerObject=Obj - Checkable, outObject=Obj - Checkable]
  bool isReceptacleObjectFull[o=Obj - Checkable]
  bool wasInReceptacle[o=Obj - Checkable, r=Receptacle - Checkable]
  bool checked[c=Checkable]
  bool examined[l=Location - Checkable]
  bool receptacleType[r=Receptacle - Checkable, rt=ReceptacleType]
  bool canContain[rt=ReceptacleType, ot=ObjectType]
  bool objectType[o=Obj - Checkable, t=ObjectType]
  bool holds[a=Agent - Checkable, o=Obj - Checkable]
  bool holdsAny[a=Agent - Checkable]
  bool holdsAnyReceptacleObject[a=Agent - Checkable]
  bool full[r=Receptacle - Checkable]
  bool isClean[o=Obj - Checkable]
  bool cleanable[o=Obj - Checkable]
  bool isHot[o=Obj - Checkable]
  bool heatable[o=Obj - Checkable]
  bool isCool[o=Obj - Checkable]
  bool coolable[o=Obj - Checkable]
  bool pickupable[o=Obj - Checkable]
  bool moveable[o=Obj - Checkable]
  bool toggleable[o=Obj - Checkable]
  bool isOn[o=Obj - Checkable]
  bool isToggled[o=Obj - Checkable]
  bool sliceable[o=Obj - Checkable]
  bool isSliced[o=Obj - Checkable]
]

actions = [
  action look(Agent - Checkable a, Location - Checkable l) {
    preconditions = [
      atLocation(a, l)
    ]
    effects = [
      checked(l) := true
    ]
  }
  action inventory(Agent - Checkable a) {
    preconditions = [
    ]
    effects = [
      checked(a) := true
    ]
  }
  action examineReceptacle(Agent - Checkable a, Receptacle - Checkable r) {
    preconditions = [
      Exists (Location - Checkable l) (atLocation(a, l) and receptacleAtLocation(r, l))
    ]
    effects = [
      checked(r) := true
    ]
  }
  action examineObject(Agent - Checkable a, Obj - Checkable o) {
    preconditions = [
      (Exists (Location - Checkable l) Exists (Receptacle - Checkable r) (atLocation(a, l) and receptacleAtLocation(r, l) and inReceptacle(o, r) and ((not openable(r)) or opened(r))) or holds(a, o))
    ]
    effects = [
      checked(o) := true
    ]
  }
  action goToLocation(Agent - Checkable a, Location - Checkable lstart, Location - Checkable lend) {
    preconditions = [
      atLocation(a, lstart)
    ]
    effects = [
      atLocation(a, lstart) := false
      atLocation(a, lend) := true
    ]
  }
  action openObject(Agent - Checkable a, Location - Checkable l, Receptacle - Checkable r) {
    preconditions = [
      (openable(r) and atLocation(a, l) and receptacleAtLocation(r, l) and (not opened(r)))
    ]
    effects = [
      opened(r) := true
      checked(r) := true
    ]
  }
  action closeObject(Agent - Checkable a, Location - Checkable l, Receptacle - Checkable r) {
    preconditions = [
      (openable(r) and atLocation(a, l) and receptacleAtLocation(r, l) and opened(r))
    ]
    effects = [
      opened(r) := false
    ]
  }
  action pickupObject(Agent - Checkable a, Location - Checkable l, Obj - Checkable o, Receptacle - Checkable r) {
    preconditions = [
      (pickupable(o) and atLocation(a, l) and receptacleAtLocation(r, l) and inReceptacle(o, r) and (not holdsAny(a)) and ((not openable(r)) or opened(r)))
    ]
    effects = [
      inReceptacle(o, r) := false
      holds(a, o) := true
      holdsAny(a) := true
      objectAtLocation(o, l) := false
    ]
  }
  action putObject(Agent - Checkable a, Location - Checkable l, Obj - Checkable o, Receptacle - Checkable r, ObjectType ot, ReceptacleType rt) {
    preconditions = [
      (holds(a, o) and atLocation(a, l) and receptacleAtLocation(r, l) and ((not openable(r)) or opened(r)) and objectType(o, ot) and receptacleType(r, rt) and canContain(rt, ot))
    ]
    effects = [
      inReceptacle(o, r) := true
      objectAtLocation(o, l) := true
      holds(a, o) := false
      holdsAny(a) := false
    ]
  }
  action cleanObject(Agent - Checkable a, Location - Checkable l, Receptacle - Checkable r, Obj - Checkable o) {
    preconditions = [
      (cleanable(o) and receptacleType(r, sinkBasinType) and atLocation(a, l) and receptacleAtLocation(r, l) and holds(a, o))
    ]
    effects = [
      isClean(o) := true
    ]
  }
  action heatObject(Agent - Checkable a, Location - Checkable l, Receptacle - Checkable r, Obj - Checkable o) {
    preconditions = [
      (heatable(o) and receptacleType(r, microwaveType) and atLocation(a, l) and receptacleAtLocation(r, l) and holds(a, o))
    ]
    effects = [
      isHot(o) := true
      isCool(o) := false
    ]
  }
  action coolObject(Agent - Checkable a, Location - Checkable l, Receptacle - Checkable r, Obj - Checkable o) {
    preconditions = [
      (coolable(o) and receptacleType(r, fridgeType) and atLocation(a, l) and receptacleAtLocation(r, l) and holds(a, o))
    ]
    effects = [
      isCool(o) := true
      isHot(o) := false
    ]
  }
  action toggleObject(Agent - Checkable a, Location - Checkable l, Obj - Checkable o, Receptacle - Checkable r) {
    preconditions = [
      (toggleable(o) and atLocation(a, l) and receptacleAtLocation(r, l) and inReceptacle(o, r))
    ]
    effects = [
      if isOn(o) then isOn(o) := false
      if (not isOn(o)) then isOn(o) := true
      isToggled(o) := true
    ]
  }
  action sliceObject(Agent - Checkable a, Location - Checkable l, Obj - Checkable co, Obj - Checkable ko) {
    preconditions = [
      (sliceable(co) and (objectType(ko, knifeType) or objectType(ko, butterKnifeType)) and atLocation(a, l) and objectAtLocation(co, l) and holds(a, ko))
    ]
    effects = [
      isSliced(co) := true
    ]
  }
  action help(Agent - Checkable a) {
    preconditions = [
    ]
    effects = [
      checked(a) := true
    ]
  }
]

objects = [
  ReceptacleType: [sinkBasinType, microwaveType, fridgeType, diningTableType, handTowelHolderType, bathtubBasinType, towelHolderType, armChairType, shelfType, counterTopType]
  ObjectType: [knifeType, butterKnifeType, glassbottleType, sprayBottleType, appleType, laptopType, vaseType, lettuceType, baseballBatType, soapBottleType, watchType, bowlType]
  Checkable: [agent1, location1, location2, location3, location4, location5, location6, location7, location8, location9, location10, diningTable_1, handTowelHolder_2, bathtubBasin_3, microwave_4, towelHolder_5, armChair_6, shelf_7, armChair_8, counterTop_9, handTowelHolder_10, glassbottle_1, sprayBottle_2, apple_3, laptop_4, vase_5, lettuce_6, baseballBat_7, soapBottle_8, watch_9, bowl_10]
  Agent - Checkable: [agent1]
  Location - Checkable: [location1, location2, location3, location4, location5, location6, location7, location8, location9, location10]
  Receptacle - Checkable: [diningTable_1, handTowelHolder_2, bathtubBasin_3, microwave_4, towelHolder_5, armChair_6, shelf_7, armChair_8, counterTop_9, handTowelHolder_10]
  Obj - Checkable: [glassbottle_1, sprayBottle_2, apple_3, laptop_4, vase_5, lettuce_6, baseballBat_7, soapBottle_8, watch_9, bowl_10]
]

initial fluents default = [
  bool atLocation[a=Agent - Checkable, l=Location - Checkable] := false
  bool receptacleAtLocation[r=Receptacle - Checkable, l=Location - Checkable] := false
  bool objectAtLocation[o=Obj - Checkable, l=Location - Checkable] := false
  bool openable[r=Receptacle - Checkable] := false
  bool opened[r=Receptacle - Checkable] := false
  bool inReceptacle[o=Obj - Checkable, r=Receptacle - Checkable] := false
  bool isReceptacleObject[o=Obj - Checkable] := false
  bool inReceptacleObject[innerObject=Obj - Checkable, outObject=Obj - Checkable] := false
  bool isReceptacleObjectFull[o=Obj - Checkable] := false
  bool wasInReceptacle[o=Obj - Checkable, r=Receptacle - Checkable] := false
  bool checked[c=Checkable] := false
  bool examined[l=Location - Checkable] := false
  bool receptacleType[r=Receptacle - Checkable, rt=ReceptacleType] := false
  bool canContain[rt=ReceptacleType, ot=ObjectType] := false
  bool objectType[o=Obj - Checkable, t=ObjectType] := false
  bool holds[a=Agent - Checkable, o=Obj - Checkable] := false
  bool holdsAny[a=Agent - Checkable] := false
  bool holdsAnyReceptacleObject[a=Agent - Checkable] := false
  bool full[r=Receptacle - Checkable] := false
  bool isClean[o=Obj - Checkable] := false
  bool cleanable[o=Obj - Checkable] := false
  bool isHot[o=Obj - Checkable] := false
  bool heatable[o=Obj - Checkable] := false
  bool isCool[o=Obj - Checkable] := false
  bool coolable[o=Obj - Checkable] := false
  bool pickupable[o=Obj - Checkable] := false
  bool moveable[o=Obj - Checkable] := false
  bool toggleable[o=Obj - Checkable] := false
  bool isOn[o=Obj - Checkable] := false
  bool isToggled[o=Obj - Checkable] := false
  bool sliceable[o=Obj - Checkable] := false
  bool isSliced[o=Obj - Checkable] := false
]

initial values = [
  receptacleType(diningTable_1, diningTableType) := true
  receptacleType(handTowelHolder_2, handTowelHolderType) := true
  receptacleType(bathtubBasin_3, bathtubBasinType) := true
  receptacleType(microwave_4, microwaveType) := true
  receptacleType(towelHolder_5, towelHolderType) := true
  receptacleType(armChair_6, armChairType) := true
  receptacleType(shelf_7, shelfType) := true
  receptacleType(armChair_8, armChairType) := true
  receptacleType(counterTop_9, counterTopType) := true
  receptacleType(handTowelHolder_10, handTowelHolderType) := true
  objectType(glassbottle_1, glassbottleType) := true
  objectType(sprayBottle_2, sprayBottleType) := true
  objectType(apple_3, appleType) := true
  objectType(laptop_4, laptopType) := true
  objectType(vase_5, vaseType) := true
  objectType(lettuce_6, lettuceType) := true
  objectType(baseballBat_7, baseballBatType) := true
  objectType(soapBottle_8, soapBottleType) := true
  objectType(watch_9, watchType) := true
  objectType(bowl_10, bowlType) := true
  canContain(diningTableType, glassbottleType) := true
  canContain(diningTableType, sprayBottleType) := true
  canContain(diningTableType, appleType) := true
  canContain(diningTableType, laptopType) := true
  canContain(diningTableType, vaseType) := true
  canContain(diningTableType, lettuceType) := true
  canContain(diningTableType, baseballBatType) := true
  canContain(diningTableType, soapBottleType) := true
  canContain(diningTableType, watchType) := true
  canContain(diningTableType, bowlType) := true
  canContain(microwaveType, glassbottleType) := true
  canContain(microwaveType, appleType) := true
  canContain(microwaveType, bowlType) := true
  canContain(armChairType, laptopType) := true
  canContain(shelfType, glassbottleType) := true
  canContain(shelfType, sprayBottleType) := true
  canContain(shelfType, vaseType) := true
  canContain(shelfType, soapBottleType) := true
  canContain(shelfType, watchType) := true
  canContain(shelfType, bowlType) := true
  canContain(counterTopType, glassbottleType) := true
  canContain(counterTopType, sprayBottleType) := true
  canContain(counterTopType, appleType) := true
  canContain(counterTopType, laptopType) := true
  canContain(counterTopType, vaseType) := true
  canContain(counterTopType, lettuceType) := true
  canContain(counterTopType, baseballBatType) := true
  canContain(counterTopType, soapBottleType) := true
  canContain(counterTopType, watchType) := true
  canContain(counterTopType, bowlType) := true
  pickupable(glassbottle_1) := true
  pickupable(sprayBottle_2) := true
  pickupable(apple_3) := true
  cleanable(apple_3) := true
  heatable(apple_3) := true
  coolable(apple_3) := true
  sliceable(apple_3) := true
  pickupable(laptop_4) := true
  pickupable(vase_5) := true
  pickupable(lettuce_6) := true
  cleanable(lettuce_6) := true
  coolable(lettuce_6) := true
  sliceable(lettuce_6) := true
  pickupable(baseballBat_7) := true
  pickupable(soapBottle_8) := true
  pickupable(watch_9) := true
  pickupable(bowl_10) := true
  isReceptacleObject(bowl_10) := true
  cleanable(bowl_10) := true
  coolable(bowl_10) := true
  receptacleAtLocation(diningTable_1, location1) := true
  receptacleAtLocation(handTowelHolder_2, location7) := true
  receptacleAtLocation(bathtubBasin_3, location1) := true
  receptacleAtLocation(microwave_4, location6) := true
  receptacleAtLocation(towelHolder_5, location7) := true
  receptacleAtLocation(armChair_6, location8) := true
  receptacleAtLocation(shelf_7, location2) := true
  receptacleAtLocation(armChair_8, location9) := true
  receptacleAtLocation(counterTop_9, location9) := true
  receptacleAtLocation(handTowelHolder_10, location5) := true
  inReceptacle(laptop_4, diningTable_1) := true
  inReceptacle(baseballBat_7, diningTable_1) := true
  inReceptacle(soapBottle_8, diningTable_1) := true
  inReceptacle(watch_9, diningTable_1) := true
  inReceptacle(bowl_10, counterTop_9) := true
  objectAtLocation(glassbottle_1, location6) := true
  objectAtLocation(sprayBottle_2, location7) := true
  objectAtLocation(apple_3, location4) := true
  objectAtLocation(laptop_4, location1) := true
  objectAtLocation(vase_5, location7) := true
  objectAtLocation(lettuce_6, location10) := true
  objectAtLocation(baseballBat_7, location1) := true
  objectAtLocation(soapBottle_8, location1) := true
  objectAtLocation(watch_9, location1) := true
  objectAtLocation(bowl_10, location9) := true
  atLocation(agent1, location9) := true
]

goals = [
  Exists (Receptacle - Checkable r) Exists (Obj - Checkable o) (inReceptacle(o, r) and objectType(o, appleType) and receptacleType(r, microwaveType))
]

quality metrics = [
  minimize sequential-plan-length
]


2025-06-17 09:55:13,415 - INFO - Generating plan for unconstrained problem

2025-06-17 09:55:13,753 - INFO - Unconstrained plan generation time: 0.33821749687194824

