2025-06-17 11:16:33,793 - INFO - 
================= Seed: 69 =================

2025-06-17 11:16:33,793 - INFO - problem name = alfred

types = [ReceptacleType, ObjectType, Checkable, Agent - Checkable, Location - Checkable, Receptacle - Checkable, Obj - Checkable]

fluents = [
  bool atLocation[a=Agent - Checkable, l=Location - Checkable]
  bool receptacleAtLocation[r=Receptacle - Checkable, l=Location - Checkable]
  bool objectAtLocation[o=Obj - Checkable, l=Location - Checkable]
  bool openable[r=Receptacle - Checkable]
  bool opened[r=Receptacle - Checkable]
  bool inReceptacle[o=Obj - Checkable, r=Receptacle - Checkable]
  bool isReceptacleObject[o=Obj - Checkable]
  bool inReceptacleObject[innerObject=Obj - Checkable, outObject=Obj - Checkable]
  bool isReceptacleObjectFull[o=Obj - Checkable]
  bool wasInReceptacle[o=Obj - Checkable, r=Receptacle - Checkable]
  bool checked[c=Checkable]
  bool examined[l=Location - Checkable]
  bool receptacleType[r=Receptacle - Checkable, rt=ReceptacleType]
  bool canContain[rt=ReceptacleType, ot=ObjectType]
  bool objectType[o=Obj - Checkable, t=ObjectType]
  bool holds[a=Agent - Checkable, o=Obj - Checkable]
  bool holdsAny[a=Agent - Checkable]
  bool holdsAnyReceptacleObject[a=Agent - Checkable]
  bool full[r=Receptacle - Checkable]
  bool isClean[o=Obj - Checkable]
  bool cleanable[o=Obj - Checkable]
  bool isHot[o=Obj - Checkable]
  bool heatable[o=Obj - Checkable]
  bool isCool[o=Obj - Checkable]
  bool coolable[o=Obj - Checkable]
  bool pickupable[o=Obj - Checkable]
  bool moveable[o=Obj - Checkable]
  bool toggleable[o=Obj - Checkable]
  bool isOn[o=Obj - Checkable]
  bool isToggled[o=Obj - Checkable]
  bool sliceable[o=Obj - Checkable]
  bool isSliced[o=Obj - Checkable]
]

actions = [
  action look(Agent - Checkable a, Location - Checkable l) {
    preconditions = [
      atLocation(a, l)
    ]
    effects = [
      checked(l) := true
    ]
  }
  action inventory(Agent - Checkable a) {
    preconditions = [
    ]
    effects = [
      checked(a) := true
    ]
  }
  action examineReceptacle(Agent - Checkable a, Receptacle - Checkable r) {
    preconditions = [
      Exists (Location - Checkable l) (atLocation(a, l) and receptacleAtLocation(r, l))
    ]
    effects = [
      checked(r) := true
    ]
  }
  action examineObject(Agent - Checkable a, Obj - Checkable o) {
    preconditions = [
      (Exists (Location - Checkable l) Exists (Receptacle - Checkable r) (atLocation(a, l) and receptacleAtLocation(r, l) and inReceptacle(o, r) and ((not openable(r)) or opened(r))) or holds(a, o))
    ]
    effects = [
      checked(o) := true
    ]
  }
  action goToLocation(Agent - Checkable a, Location - Checkable lstart, Location - Checkable lend) {
    preconditions = [
      atLocation(a, lstart)
    ]
    effects = [
      atLocation(a, lstart) := false
      atLocation(a, lend) := true
    ]
  }
  action openObject(Agent - Checkable a, Location - Checkable l, Receptacle - Checkable r) {
    preconditions = [
      (openable(r) and atLocation(a, l) and receptacleAtLocation(r, l) and (not opened(r)))
    ]
    effects = [
      opened(r) := true
      checked(r) := true
    ]
  }
  action closeObject(Agent - Checkable a, Location - Checkable l, Receptacle - Checkable r) {
    preconditions = [
      (openable(r) and atLocation(a, l) and receptacleAtLocation(r, l) and opened(r))
    ]
    effects = [
      opened(r) := false
    ]
  }
  action pickupObject(Agent - Checkable a, Location - Checkable l, Obj - Checkable o, Receptacle - Checkable r) {
    preconditions = [
      (pickupable(o) and atLocation(a, l) and receptacleAtLocation(r, l) and inReceptacle(o, r) and (not holdsAny(a)) and ((not openable(r)) or opened(r)))
    ]
    effects = [
      inReceptacle(o, r) := false
      holds(a, o) := true
      holdsAny(a) := true
      objectAtLocation(o, l) := false
    ]
  }
  action putObject(Agent - Checkable a, Location - Checkable l, Obj - Checkable o, Receptacle - Checkable r, ObjectType ot, ReceptacleType rt) {
    preconditions = [
      (holds(a, o) and atLocation(a, l) and receptacleAtLocation(r, l) and ((not openable(r)) or opened(r)) and objectType(o, ot) and receptacleType(r, rt) and canContain(rt, ot))
    ]
    effects = [
      inReceptacle(o, r) := true
      objectAtLocation(o, l) := true
      holds(a, o) := false
      holdsAny(a) := false
    ]
  }
  action cleanObject(Agent - Checkable a, Location - Checkable l, Receptacle - Checkable r, Obj - Checkable o) {
    preconditions = [
      (cleanable(o) and receptacleType(r, sinkBasinType) and atLocation(a, l) and receptacleAtLocation(r, l) and holds(a, o))
    ]
    effects = [
      isClean(o) := true
    ]
  }
  action heatObject(Agent - Checkable a, Location - Checkable l, Receptacle - Checkable r, Obj - Checkable o) {
    preconditions = [
      (heatable(o) and receptacleType(r, microwaveType) and atLocation(a, l) and receptacleAtLocation(r, l) and holds(a, o))
    ]
    effects = [
      isHot(o) := true
      isCool(o) := false
    ]
  }
  action coolObject(Agent - Checkable a, Location - Checkable l, Receptacle - Checkable r, Obj - Checkable o) {
    preconditions = [
      (coolable(o) and receptacleType(r, fridgeType) and atLocation(a, l) and receptacleAtLocation(r, l) and holds(a, o))
    ]
    effects = [
      isCool(o) := true
      isHot(o) := false
    ]
  }
  action toggleObject(Agent - Checkable a, Location - Checkable l, Obj - Checkable o, Receptacle - Checkable r) {
    preconditions = [
      (toggleable(o) and atLocation(a, l) and receptacleAtLocation(r, l) and inReceptacle(o, r))
    ]
    effects = [
      if isOn(o) then isOn(o) := false
      if (not isOn(o)) then isOn(o) := true
      isToggled(o) := true
    ]
  }
  action sliceObject(Agent - Checkable a, Location - Checkable l, Obj - Checkable co, Obj - Checkable ko) {
    preconditions = [
      (sliceable(co) and (objectType(ko, knifeType) or objectType(ko, butterKnifeType)) and atLocation(a, l) and objectAtLocation(co, l) and holds(a, ko))
    ]
    effects = [
      isSliced(co) := true
    ]
  }
  action help(Agent - Checkable a) {
    preconditions = [
    ]
    effects = [
      checked(a) := true
    ]
  }
]

objects = [
  ReceptacleType: [sinkBasinType, microwaveType, fridgeType, sofaType, drawerType, deskType, coffeeMachineType, shelfType, armChairType, stoveBurnerType, toasterType]
  ObjectType: [knifeType, butterKnifeType, boxType, panType, tomatoType, ladleType, appleType, cellPhoneType, toiletPaperRollType, wateringCanType, plateType]
  Checkable: [agent1, location1, location2, location3, location4, location5, location6, location7, location8, location9, location10, sofa_1, drawer_2, sinkBasin_3, desk_4, coffeeMachine_5, shelf_6, armChair_7, stoveBurner_8, microwave_9, toaster_10, microwave_11, fridge_12, butterKnife_1, box_2, pan_3, tomato_4, ladle_5, apple_6, cellPhone_7, toiletPaperRoll_8, wateringCan_9, plate_10]
  Agent - Checkable: [agent1]
  Location - Checkable: [location1, location2, location3, location4, location5, location6, location7, location8, location9, location10]
  Receptacle - Checkable: [sofa_1, drawer_2, sinkBasin_3, desk_4, coffeeMachine_5, shelf_6, armChair_7, stoveBurner_8, microwave_9, toaster_10, microwave_11, fridge_12]
  Obj - Checkable: [butterKnife_1, box_2, pan_3, tomato_4, ladle_5, apple_6, cellPhone_7, toiletPaperRoll_8, wateringCan_9, plate_10]
]

initial fluents default = [
  bool atLocation[a=Agent - Checkable, l=Location - Checkable] := false
  bool receptacleAtLocation[r=Receptacle - Checkable, l=Location - Checkable] := false
  bool objectAtLocation[o=Obj - Checkable, l=Location - Checkable] := false
  bool openable[r=Receptacle - Checkable] := false
  bool opened[r=Receptacle - Checkable] := false
  bool inReceptacle[o=Obj - Checkable, r=Receptacle - Checkable] := false
  bool isReceptacleObject[o=Obj - Checkable] := false
  bool inReceptacleObject[innerObject=Obj - Checkable, outObject=Obj - Checkable] := false
  bool isReceptacleObjectFull[o=Obj - Checkable] := false
  bool wasInReceptacle[o=Obj - Checkable, r=Receptacle - Checkable] := false
  bool checked[c=Checkable] := false
  bool examined[l=Location - Checkable] := false
  bool receptacleType[r=Receptacle - Checkable, rt=ReceptacleType] := false
  bool canContain[rt=ReceptacleType, ot=ObjectType] := false
  bool objectType[o=Obj - Checkable, t=ObjectType] := false
  bool holds[a=Agent - Checkable, o=Obj - Checkable] := false
  bool holdsAny[a=Agent - Checkable] := false
  bool holdsAnyReceptacleObject[a=Agent - Checkable] := false
  bool full[r=Receptacle - Checkable] := false
  bool isClean[o=Obj - Checkable] := false
  bool cleanable[o=Obj - Checkable] := false
  bool isHot[o=Obj - Checkable] := false
  bool heatable[o=Obj - Checkable] := false
  bool isCool[o=Obj - Checkable] := false
  bool coolable[o=Obj - Checkable] := false
  bool pickupable[o=Obj - Checkable] := false
  bool moveable[o=Obj - Checkable] := false
  bool toggleable[o=Obj - Checkable] := false
  bool isOn[o=Obj - Checkable] := false
  bool isToggled[o=Obj - Checkable] := false
  bool sliceable[o=Obj - Checkable] := false
  bool isSliced[o=Obj - Checkable] := false
]

initial values = [
  receptacleType(sofa_1, sofaType) := true
  receptacleType(drawer_2, drawerType) := true
  receptacleType(sinkBasin_3, sinkBasinType) := true
  receptacleType(desk_4, deskType) := true
  receptacleType(coffeeMachine_5, coffeeMachineType) := true
  receptacleType(shelf_6, shelfType) := true
  receptacleType(armChair_7, armChairType) := true
  receptacleType(stoveBurner_8, stoveBurnerType) := true
  receptacleType(microwave_9, microwaveType) := true
  receptacleType(toaster_10, toasterType) := true
  receptacleType(microwave_11, microwaveType) := true
  receptacleType(fridge_12, fridgeType) := true
  objectType(butterKnife_1, butterKnifeType) := true
  objectType(box_2, boxType) := true
  objectType(pan_3, panType) := true
  objectType(tomato_4, tomatoType) := true
  objectType(ladle_5, ladleType) := true
  objectType(apple_6, appleType) := true
  objectType(cellPhone_7, cellPhoneType) := true
  objectType(toiletPaperRoll_8, toiletPaperRollType) := true
  objectType(wateringCan_9, wateringCanType) := true
  objectType(plate_10, plateType) := true
  canContain(sofaType, boxType) := true
  canContain(sofaType, cellPhoneType) := true
  canContain(drawerType, butterKnifeType) := true
  canContain(drawerType, ladleType) := true
  canContain(drawerType, cellPhoneType) := true
  canContain(drawerType, toiletPaperRollType) := true
  canContain(drawerType, wateringCanType) := true
  canContain(sinkBasinType, butterKnifeType) := true
  canContain(sinkBasinType, panType) := true
  canContain(sinkBasinType, tomatoType) := true
  canContain(sinkBasinType, ladleType) := true
  canContain(sinkBasinType, appleType) := true
  canContain(sinkBasinType, plateType) := true
  canContain(deskType, boxType) := true
  canContain(deskType, cellPhoneType) := true
  canContain(deskType, toiletPaperRollType) := true
  canContain(deskType, wateringCanType) := true
  canContain(deskType, plateType) := true
  canContain(shelfType, boxType) := true
  canContain(shelfType, cellPhoneType) := true
  canContain(shelfType, toiletPaperRollType) := true
  canContain(shelfType, wateringCanType) := true
  canContain(shelfType, plateType) := true
  canContain(armChairType, boxType) := true
  canContain(armChairType, cellPhoneType) := true
  canContain(stoveBurnerType, panType) := true
  canContain(microwaveType, tomatoType) := true
  canContain(microwaveType, appleType) := true
  canContain(microwaveType, plateType) := true
  canContain(fridgeType, panType) := true
  canContain(fridgeType, tomatoType) := true
  canContain(fridgeType, appleType) := true
  canContain(fridgeType, plateType) := true
  pickupable(butterKnife_1) := true
  cleanable(butterKnife_1) := true
  pickupable(box_2) := true
  isReceptacleObject(box_2) := true
  pickupable(pan_3) := true
  isReceptacleObject(pan_3) := true
  cleanable(pan_3) := true
  coolable(pan_3) := true
  pickupable(tomato_4) := true
  cleanable(tomato_4) := true
  heatable(tomato_4) := true
  coolable(tomato_4) := true
  sliceable(tomato_4) := true
  pickupable(ladle_5) := true
  cleanable(ladle_5) := true
  pickupable(apple_6) := true
  cleanable(apple_6) := true
  heatable(apple_6) := true
  coolable(apple_6) := true
  sliceable(apple_6) := true
  pickupable(cellPhone_7) := true
  pickupable(toiletPaperRoll_8) := true
  pickupable(wateringCan_9) := true
  pickupable(plate_10) := true
  isReceptacleObject(plate_10) := true
  cleanable(plate_10) := true
  heatable(plate_10) := true
  coolable(plate_10) := true
  receptacleAtLocation(sofa_1, location8) := true
  receptacleAtLocation(drawer_2, location3) := true
  receptacleAtLocation(sinkBasin_3, location7) := true
  receptacleAtLocation(desk_4, location7) := true
  receptacleAtLocation(coffeeMachine_5, location2) := true
  receptacleAtLocation(shelf_6, location7) := true
  receptacleAtLocation(armChair_7, location5) := true
  receptacleAtLocation(stoveBurner_8, location3) := true
  receptacleAtLocation(microwave_9, location4) := true
  receptacleAtLocation(toaster_10, location3) := true
  receptacleAtLocation(microwave_11, location5) := true
  receptacleAtLocation(fridge_12, location4) := true
  inReceptacle(butterKnife_1, drawer_2) := true
  inReceptacle(box_2, armChair_7) := true
  inReceptacle(pan_3, fridge_12) := true
  inReceptacle(tomato_4, fridge_12) := true
  inReceptacle(ladle_5, drawer_2) := true
  inReceptacle(apple_6, sinkBasin_3) := true
  inReceptacle(cellPhone_7, desk_4) := true
  inReceptacle(toiletPaperRoll_8, desk_4) := true
  inReceptacle(wateringCan_9, drawer_2) := true
  inReceptacle(plate_10, fridge_12) := true
  objectAtLocation(butterKnife_1, location3) := true
  objectAtLocation(box_2, location5) := true
  objectAtLocation(pan_3, location4) := true
  objectAtLocation(tomato_4, location4) := true
  objectAtLocation(ladle_5, location3) := true
  objectAtLocation(apple_6, location7) := true
  objectAtLocation(cellPhone_7, location7) := true
  objectAtLocation(toiletPaperRoll_8, location7) := true
  objectAtLocation(wateringCan_9, location3) := true
  objectAtLocation(plate_10, location4) := true
  atLocation(agent1, location6) := true
]

goals = [
  Exists (Receptacle - Checkable r) Exists (Obj - Checkable o) (heatable(o) and objectType(o, appleType) and receptacleType(r, fridgeType) and isHot(o) and inReceptacle(o, r))
]

quality metrics = [
  minimize sequential-plan-length
]


2025-06-17 11:16:33,795 - INFO - Generating plan for unconstrained problem

2025-06-17 11:16:34,211 - INFO - Unconstrained plan generation time: 0.415438175201416

2025-06-17 11:16:34,211 - INFO - Unconstrained plan and cost: 
2025-06-17 11:16:34,211 - INFO - SequentialPlan:
    goToLocation(agent1, location6, location7)
    pickupObject(agent1, location7, apple_6, sinkBasin_3)
    goToLocation(agent1, location7, location4)
    heatObject(agent1, location4, microwave_9, apple_6)
    putObject(agent1, location4, apple_6, fridge_12, appleType, fridgeType)
2025-06-17 11:16:34,211 - INFO - 5
2025-06-17 11:16:34,473 - INFO - Sampled constraints:

2025-06-17 11:16:34,474 - INFO - Sometime(atLocation(agent1, location7))
2025-06-17 11:16:34,474 - INFO - Sometime-After(atLocation(agent1, location7), (checked(location4) or checked(stoveBurner_8)))
2025-06-17 11:16:34,474 - INFO - 
2025-06-17 11:16:34,474 - INFO - Generation time: 0.26187992095947266

2025-06-17 11:16:34,474 - INFO - Generating plan for constrained problem (with LiftedTCORE).

2025-06-17 11:16:34,528 - INFO - LiftedTCORE compilation time: 0.05393266677856445

2025-06-17 11:16:34,975 - INFO - Planning Time with LiftedTCORE's file: 0.44624900817871094

2025-06-17 11:16:34,975 - INFO - Plan found with LiftedTCORE + sym_bd: SequentialPlan:
    goToLocation(agent1, location6, location7)
    pickupObject(agent1, location7, apple_6, sinkBasin_3)
    goToLocation(agent1, location7, location4)
    heatObject(agent1, location4, microwave_9, apple_6)
    look(agent1, location4)
    putObject(agent1, location4, apple_6, fridge_12, appleType, fridgeType)
2025-06-17 11:16:34,975 - INFO - Seed: 69 is solvable

2025-06-17 11:16:34,975 - INFO - Unconstrained cost: 5
2025-06-17 11:16:34,975 - INFO - Constrained cost: 6
2025-06-17 11:16:34,975 - INFO - Seed: 69 Plan simulation is feasible
2025-06-17 11:16:34,976 - INFO - 
Seed: 69 
 Plan: [goToLocation(agent1, location6, location7), pickupObject(agent1, location7, apple_6, sinkBasin_3), goToLocation(agent1, location7, location4), heatObject(agent1, location4, microwave_9, apple_6), look(agent1, location4), putObject(agent1, location4, apple_6, fridge_12, appleType, fridgeType)]  
 Cost: 6

