2025-06-17 09:57:57,064 - INFO - 
================= Seed: 636 =================

2025-06-17 09:57:57,077 - INFO - problem name = alfred

types = [ReceptacleType, ObjectType, Checkable, Agent - Checkable, Location - Checkable, Receptacle - Checkable, Obj - Checkable]

fluents = [
  bool atLocation[a=Agent - Checkable, l=Location - Checkable]
  bool receptacleAtLocation[r=Receptacle - Checkable, l=Location - Checkable]
  bool objectAtLocation[o=Obj - Checkable, l=Location - Checkable]
  bool openable[r=Receptacle - Checkable]
  bool opened[r=Receptacle - Checkable]
  bool inReceptacle[o=Obj - Checkable, r=Receptacle - Checkable]
  bool isReceptacleObject[o=Obj - Checkable]
  bool inReceptacleObject[innerObject=Obj - Checkable, outObject=Obj - Checkable]
  bool isReceptacleObjectFull[o=Obj - Checkable]
  bool wasInReceptacle[o=Obj - Checkable, r=Receptacle - Checkable]
  bool checked[c=Checkable]
  bool examined[l=Location - Checkable]
  bool receptacleType[r=Receptacle - Checkable, rt=ReceptacleType]
  bool canContain[rt=ReceptacleType, ot=ObjectType]
  bool objectType[o=Obj - Checkable, t=ObjectType]
  bool holds[a=Agent - Checkable, o=Obj - Checkable]
  bool holdsAny[a=Agent - Checkable]
  bool holdsAnyReceptacleObject[a=Agent - Checkable]
  bool full[r=Receptacle - Checkable]
  bool isClean[o=Obj - Checkable]
  bool cleanable[o=Obj - Checkable]
  bool isHot[o=Obj - Checkable]
  bool heatable[o=Obj - Checkable]
  bool isCool[o=Obj - Checkable]
  bool coolable[o=Obj - Checkable]
  bool pickupable[o=Obj - Checkable]
  bool moveable[o=Obj - Checkable]
  bool toggleable[o=Obj - Checkable]
  bool isOn[o=Obj - Checkable]
  bool isToggled[o=Obj - Checkable]
  bool sliceable[o=Obj - Checkable]
  bool isSliced[o=Obj - Checkable]
]

actions = [
  action look(Agent - Checkable a, Location - Checkable l) {
    preconditions = [
      atLocation(a, l)
    ]
    effects = [
      checked(l) := true
    ]
  }
  action inventory(Agent - Checkable a) {
    preconditions = [
    ]
    effects = [
      checked(a) := true
    ]
  }
  action examineReceptacle(Agent - Checkable a, Receptacle - Checkable r) {
    preconditions = [
      Exists (Location - Checkable l) (atLocation(a, l) and receptacleAtLocation(r, l))
    ]
    effects = [
      checked(r) := true
    ]
  }
  action examineObject(Agent - Checkable a, Obj - Checkable o) {
    preconditions = [
      (Exists (Location - Checkable l) Exists (Receptacle - Checkable r) (atLocation(a, l) and receptacleAtLocation(r, l) and inReceptacle(o, r) and ((not openable(r)) or opened(r))) or holds(a, o))
    ]
    effects = [
      checked(o) := true
    ]
  }
  action goToLocation(Agent - Checkable a, Location - Checkable lstart, Location - Checkable lend) {
    preconditions = [
      atLocation(a, lstart)
    ]
    effects = [
      atLocation(a, lstart) := false
      atLocation(a, lend) := true
    ]
  }
  action openObject(Agent - Checkable a, Location - Checkable l, Receptacle - Checkable r) {
    preconditions = [
      (openable(r) and atLocation(a, l) and receptacleAtLocation(r, l) and (not opened(r)))
    ]
    effects = [
      opened(r) := true
      checked(r) := true
    ]
  }
  action closeObject(Agent - Checkable a, Location - Checkable l, Receptacle - Checkable r) {
    preconditions = [
      (openable(r) and atLocation(a, l) and receptacleAtLocation(r, l) and opened(r))
    ]
    effects = [
      opened(r) := false
    ]
  }
  action pickupObject(Agent - Checkable a, Location - Checkable l, Obj - Checkable o, Receptacle - Checkable r) {
    preconditions = [
      (pickupable(o) and atLocation(a, l) and receptacleAtLocation(r, l) and inReceptacle(o, r) and (not holdsAny(a)) and ((not openable(r)) or opened(r)))
    ]
    effects = [
      inReceptacle(o, r) := false
      holds(a, o) := true
      holdsAny(a) := true
      objectAtLocation(o, l) := false
    ]
  }
  action putObject(Agent - Checkable a, Location - Checkable l, Obj - Checkable o, Receptacle - Checkable r, ObjectType ot, ReceptacleType rt) {
    preconditions = [
      (holds(a, o) and atLocation(a, l) and receptacleAtLocation(r, l) and ((not openable(r)) or opened(r)) and objectType(o, ot) and receptacleType(r, rt) and canContain(rt, ot))
    ]
    effects = [
      inReceptacle(o, r) := true
      objectAtLocation(o, l) := true
      holds(a, o) := false
      holdsAny(a) := false
    ]
  }
  action cleanObject(Agent - Checkable a, Location - Checkable l, Receptacle - Checkable r, Obj - Checkable o) {
    preconditions = [
      (cleanable(o) and receptacleType(r, sinkBasinType) and atLocation(a, l) and receptacleAtLocation(r, l) and holds(a, o))
    ]
    effects = [
      isClean(o) := true
    ]
  }
  action heatObject(Agent - Checkable a, Location - Checkable l, Receptacle - Checkable r, Obj - Checkable o) {
    preconditions = [
      (heatable(o) and receptacleType(r, microwaveType) and atLocation(a, l) and receptacleAtLocation(r, l) and holds(a, o))
    ]
    effects = [
      isHot(o) := true
      isCool(o) := false
    ]
  }
  action coolObject(Agent - Checkable a, Location - Checkable l, Receptacle - Checkable r, Obj - Checkable o) {
    preconditions = [
      (coolable(o) and receptacleType(r, fridgeType) and atLocation(a, l) and receptacleAtLocation(r, l) and holds(a, o))
    ]
    effects = [
      isCool(o) := true
      isHot(o) := false
    ]
  }
  action toggleObject(Agent - Checkable a, Location - Checkable l, Obj - Checkable o, Receptacle - Checkable r) {
    preconditions = [
      (toggleable(o) and atLocation(a, l) and receptacleAtLocation(r, l) and inReceptacle(o, r))
    ]
    effects = [
      if isOn(o) then isOn(o) := false
      if (not isOn(o)) then isOn(o) := true
      isToggled(o) := true
    ]
  }
  action sliceObject(Agent - Checkable a, Location - Checkable l, Obj - Checkable co, Obj - Checkable ko) {
    preconditions = [
      (sliceable(co) and (objectType(ko, knifeType) or objectType(ko, butterKnifeType)) and atLocation(a, l) and objectAtLocation(co, l) and holds(a, ko))
    ]
    effects = [
      isSliced(co) := true
    ]
  }
  action help(Agent - Checkable a) {
    preconditions = [
    ]
    effects = [
      checked(a) := true
    ]
  }
]

objects = [
  ReceptacleType: [sinkBasinType, microwaveType, fridgeType, counterTopType, toasterType, tvStandType, deskType, bathtubBasinType, coffeeMachineType, sofaType, towelHolderType, diningTableType]
  ObjectType: [knifeType, butterKnifeType, spatulaType, potType, pillowType, watchType, sprayBottleType, mugType, saltShakerType, panType, plateType, bowlType]
  Checkable: [agent1, location1, location2, location3, location4, location5, location6, location7, location8, location9, location10, counterTop_1, toaster_2, tvStand_3, desk_4, bathtubBasin_5, coffeeMachine_6, sofa_7, towelHolder_8, towelHolder_9, diningTable_10, spatula_1, pot_2, pillow_3, watch_4, sprayBottle_5, mug_6, saltShaker_7, pan_8, plate_9, bowl_10]
  Agent - Checkable: [agent1]
  Location - Checkable: [location1, location2, location3, location4, location5, location6, location7, location8, location9, location10]
  Receptacle - Checkable: [counterTop_1, toaster_2, tvStand_3, desk_4, bathtubBasin_5, coffeeMachine_6, sofa_7, towelHolder_8, towelHolder_9, diningTable_10]
  Obj - Checkable: [spatula_1, pot_2, pillow_3, watch_4, sprayBottle_5, mug_6, saltShaker_7, pan_8, plate_9, bowl_10]
]

initial fluents default = [
  bool atLocation[a=Agent - Checkable, l=Location - Checkable] := false
  bool receptacleAtLocation[r=Receptacle - Checkable, l=Location - Checkable] := false
  bool objectAtLocation[o=Obj - Checkable, l=Location - Checkable] := false
  bool openable[r=Receptacle - Checkable] := false
  bool opened[r=Receptacle - Checkable] := false
  bool inReceptacle[o=Obj - Checkable, r=Receptacle - Checkable] := false
  bool isReceptacleObject[o=Obj - Checkable] := false
  bool inReceptacleObject[innerObject=Obj - Checkable, outObject=Obj - Checkable] := false
  bool isReceptacleObjectFull[o=Obj - Checkable] := false
  bool wasInReceptacle[o=Obj - Checkable, r=Receptacle - Checkable] := false
  bool checked[c=Checkable] := false
  bool examined[l=Location - Checkable] := false
  bool receptacleType[r=Receptacle - Checkable, rt=ReceptacleType] := false
  bool canContain[rt=ReceptacleType, ot=ObjectType] := false
  bool objectType[o=Obj - Checkable, t=ObjectType] := false
  bool holds[a=Agent - Checkable, o=Obj - Checkable] := false
  bool holdsAny[a=Agent - Checkable] := false
  bool holdsAnyReceptacleObject[a=Agent - Checkable] := false
  bool full[r=Receptacle - Checkable] := false
  bool isClean[o=Obj - Checkable] := false
  bool cleanable[o=Obj - Checkable] := false
  bool isHot[o=Obj - Checkable] := false
  bool heatable[o=Obj - Checkable] := false
  bool isCool[o=Obj - Checkable] := false
  bool coolable[o=Obj - Checkable] := false
  bool pickupable[o=Obj - Checkable] := false
  bool moveable[o=Obj - Checkable] := false
  bool toggleable[o=Obj - Checkable] := false
  bool isOn[o=Obj - Checkable] := false
  bool isToggled[o=Obj - Checkable] := false
  bool sliceable[o=Obj - Checkable] := false
  bool isSliced[o=Obj - Checkable] := false
]

initial values = [
  receptacleType(counterTop_1, counterTopType) := true
  receptacleType(toaster_2, toasterType) := true
  receptacleType(tvStand_3, tvStandType) := true
  receptacleType(desk_4, deskType) := true
  receptacleType(bathtubBasin_5, bathtubBasinType) := true
  receptacleType(coffeeMachine_6, coffeeMachineType) := true
  receptacleType(sofa_7, sofaType) := true
  receptacleType(towelHolder_8, towelHolderType) := true
  receptacleType(towelHolder_9, towelHolderType) := true
  receptacleType(diningTable_10, diningTableType) := true
  objectType(spatula_1, spatulaType) := true
  objectType(pot_2, potType) := true
  objectType(pillow_3, pillowType) := true
  objectType(watch_4, watchType) := true
  objectType(sprayBottle_5, sprayBottleType) := true
  objectType(mug_6, mugType) := true
  objectType(saltShaker_7, saltShakerType) := true
  objectType(pan_8, panType) := true
  objectType(plate_9, plateType) := true
  objectType(bowl_10, bowlType) := true
  canContain(counterTopType, spatulaType) := true
  canContain(counterTopType, potType) := true
  canContain(counterTopType, watchType) := true
  canContain(counterTopType, sprayBottleType) := true
  canContain(counterTopType, mugType) := true
  canContain(counterTopType, saltShakerType) := true
  canContain(counterTopType, panType) := true
  canContain(counterTopType, plateType) := true
  canContain(counterTopType, bowlType) := true
  canContain(deskType, watchType) := true
  canContain(deskType, sprayBottleType) := true
  canContain(deskType, mugType) := true
  canContain(deskType, plateType) := true
  canContain(deskType, bowlType) := true
  canContain(coffeeMachineType, mugType) := true
  canContain(sofaType, pillowType) := true
  canContain(diningTableType, spatulaType) := true
  canContain(diningTableType, potType) := true
  canContain(diningTableType, watchType) := true
  canContain(diningTableType, sprayBottleType) := true
  canContain(diningTableType, mugType) := true
  canContain(diningTableType, saltShakerType) := true
  canContain(diningTableType, panType) := true
  canContain(diningTableType, plateType) := true
  canContain(diningTableType, bowlType) := true
  pickupable(spatula_1) := true
  cleanable(spatula_1) := true
  pickupable(pot_2) := true
  isReceptacleObject(pot_2) := true
  cleanable(pot_2) := true
  coolable(pot_2) := true
  pickupable(pillow_3) := true
  pickupable(watch_4) := true
  pickupable(sprayBottle_5) := true
  pickupable(mug_6) := true
  isReceptacleObject(mug_6) := true
  cleanable(mug_6) := true
  heatable(mug_6) := true
  coolable(mug_6) := true
  pickupable(saltShaker_7) := true
  pickupable(pan_8) := true
  isReceptacleObject(pan_8) := true
  cleanable(pan_8) := true
  coolable(pan_8) := true
  pickupable(plate_9) := true
  isReceptacleObject(plate_9) := true
  cleanable(plate_9) := true
  heatable(plate_9) := true
  coolable(plate_9) := true
  pickupable(bowl_10) := true
  isReceptacleObject(bowl_10) := true
  cleanable(bowl_10) := true
  coolable(bowl_10) := true
  receptacleAtLocation(counterTop_1, location9) := true
  receptacleAtLocation(toaster_2, location1) := true
  receptacleAtLocation(tvStand_3, location9) := true
  receptacleAtLocation(desk_4, location10) := true
  receptacleAtLocation(bathtubBasin_5, location10) := true
  receptacleAtLocation(coffeeMachine_6, location7) := true
  receptacleAtLocation(sofa_7, location1) := true
  receptacleAtLocation(towelHolder_8, location6) := true
  receptacleAtLocation(towelHolder_9, location5) := true
  receptacleAtLocation(diningTable_10, location1) := true
  inReceptacle(sprayBottle_5, diningTable_10) := true
  inReceptacle(saltShaker_7, diningTable_10) := true
  inReceptacle(plate_9, desk_4) := true
  inReceptacle(bowl_10, desk_4) := true
  objectAtLocation(spatula_1, location2) := true
  objectAtLocation(pot_2, location3) := true
  objectAtLocation(pillow_3, location7) := true
  objectAtLocation(watch_4, location2) := true
  objectAtLocation(sprayBottle_5, location1) := true
  objectAtLocation(mug_6, location7) := true
  objectAtLocation(saltShaker_7, location1) := true
  objectAtLocation(pan_8, location2) := true
  objectAtLocation(plate_9, location10) := true
  objectAtLocation(bowl_10, location10) := true
  atLocation(agent1, location7) := true
]

goals = [
  Exists (Receptacle - Checkable r) Exists (Obj - Checkable o) (coolable(o) and objectType(o, potType) and receptacleType(r, diningTableType) and isCool(o) and inReceptacle(o, r))
]

quality metrics = [
  minimize sequential-plan-length
]


2025-06-17 09:57:57,082 - INFO - Generating plan for unconstrained problem

2025-06-17 09:57:57,614 - INFO - Unconstrained plan generation time: 0.5318255424499512

