2025-06-17 09:54:10,080 - INFO - 
================= Seed: 333 =================

2025-06-17 09:54:10,092 - INFO - problem name = alfred

types = [ReceptacleType, ObjectType, Checkable, Agent - Checkable, Location - Checkable, Receptacle - Checkable, Obj - Checkable]

fluents = [
  bool atLocation[a=Agent - Checkable, l=Location - Checkable]
  bool receptacleAtLocation[r=Receptacle - Checkable, l=Location - Checkable]
  bool objectAtLocation[o=Obj - Checkable, l=Location - Checkable]
  bool openable[r=Receptacle - Checkable]
  bool opened[r=Receptacle - Checkable]
  bool inReceptacle[o=Obj - Checkable, r=Receptacle - Checkable]
  bool isReceptacleObject[o=Obj - Checkable]
  bool inReceptacleObject[innerObject=Obj - Checkable, outObject=Obj - Checkable]
  bool isReceptacleObjectFull[o=Obj - Checkable]
  bool wasInReceptacle[o=Obj - Checkable, r=Receptacle - Checkable]
  bool checked[c=Checkable]
  bool examined[l=Location - Checkable]
  bool receptacleType[r=Receptacle - Checkable, rt=ReceptacleType]
  bool canContain[rt=ReceptacleType, ot=ObjectType]
  bool objectType[o=Obj - Checkable, t=ObjectType]
  bool holds[a=Agent - Checkable, o=Obj - Checkable]
  bool holdsAny[a=Agent - Checkable]
  bool holdsAnyReceptacleObject[a=Agent - Checkable]
  bool full[r=Receptacle - Checkable]
  bool isClean[o=Obj - Checkable]
  bool cleanable[o=Obj - Checkable]
  bool isHot[o=Obj - Checkable]
  bool heatable[o=Obj - Checkable]
  bool isCool[o=Obj - Checkable]
  bool coolable[o=Obj - Checkable]
  bool pickupable[o=Obj - Checkable]
  bool moveable[o=Obj - Checkable]
  bool toggleable[o=Obj - Checkable]
  bool isOn[o=Obj - Checkable]
  bool isToggled[o=Obj - Checkable]
  bool sliceable[o=Obj - Checkable]
  bool isSliced[o=Obj - Checkable]
]

actions = [
  action look(Agent - Checkable a, Location - Checkable l) {
    preconditions = [
      atLocation(a, l)
    ]
    effects = [
      checked(l) := true
    ]
  }
  action inventory(Agent - Checkable a) {
    preconditions = [
    ]
    effects = [
      checked(a) := true
    ]
  }
  action examineReceptacle(Agent - Checkable a, Receptacle - Checkable r) {
    preconditions = [
      Exists (Location - Checkable l) (atLocation(a, l) and receptacleAtLocation(r, l))
    ]
    effects = [
      checked(r) := true
    ]
  }
  action examineObject(Agent - Checkable a, Obj - Checkable o) {
    preconditions = [
      (Exists (Location - Checkable l) Exists (Receptacle - Checkable r) (atLocation(a, l) and receptacleAtLocation(r, l) and inReceptacle(o, r) and ((not openable(r)) or opened(r))) or holds(a, o))
    ]
    effects = [
      checked(o) := true
    ]
  }
  action goToLocation(Agent - Checkable a, Location - Checkable lstart, Location - Checkable lend) {
    preconditions = [
      atLocation(a, lstart)
    ]
    effects = [
      atLocation(a, lstart) := false
      atLocation(a, lend) := true
    ]
  }
  action openObject(Agent - Checkable a, Location - Checkable l, Receptacle - Checkable r) {
    preconditions = [
      (openable(r) and atLocation(a, l) and receptacleAtLocation(r, l) and (not opened(r)))
    ]
    effects = [
      opened(r) := true
      checked(r) := true
    ]
  }
  action closeObject(Agent - Checkable a, Location - Checkable l, Receptacle - Checkable r) {
    preconditions = [
      (openable(r) and atLocation(a, l) and receptacleAtLocation(r, l) and opened(r))
    ]
    effects = [
      opened(r) := false
    ]
  }
  action pickupObject(Agent - Checkable a, Location - Checkable l, Obj - Checkable o, Receptacle - Checkable r) {
    preconditions = [
      (pickupable(o) and atLocation(a, l) and receptacleAtLocation(r, l) and inReceptacle(o, r) and (not holdsAny(a)) and ((not openable(r)) or opened(r)))
    ]
    effects = [
      inReceptacle(o, r) := false
      holds(a, o) := true
      holdsAny(a) := true
      objectAtLocation(o, l) := false
    ]
  }
  action putObject(Agent - Checkable a, Location - Checkable l, Obj - Checkable o, Receptacle - Checkable r, ObjectType ot, ReceptacleType rt) {
    preconditions = [
      (holds(a, o) and atLocation(a, l) and receptacleAtLocation(r, l) and ((not openable(r)) or opened(r)) and objectType(o, ot) and receptacleType(r, rt) and canContain(rt, ot))
    ]
    effects = [
      inReceptacle(o, r) := true
      objectAtLocation(o, l) := true
      holds(a, o) := false
      holdsAny(a) := false
    ]
  }
  action cleanObject(Agent - Checkable a, Location - Checkable l, Receptacle - Checkable r, Obj - Checkable o) {
    preconditions = [
      (cleanable(o) and receptacleType(r, sinkBasinType) and atLocation(a, l) and receptacleAtLocation(r, l) and holds(a, o))
    ]
    effects = [
      isClean(o) := true
    ]
  }
  action heatObject(Agent - Checkable a, Location - Checkable l, Receptacle - Checkable r, Obj - Checkable o) {
    preconditions = [
      (heatable(o) and receptacleType(r, microwaveType) and atLocation(a, l) and receptacleAtLocation(r, l) and holds(a, o))
    ]
    effects = [
      isHot(o) := true
      isCool(o) := false
    ]
  }
  action coolObject(Agent - Checkable a, Location - Checkable l, Receptacle - Checkable r, Obj - Checkable o) {
    preconditions = [
      (coolable(o) and receptacleType(r, fridgeType) and atLocation(a, l) and receptacleAtLocation(r, l) and holds(a, o))
    ]
    effects = [
      isCool(o) := true
      isHot(o) := false
    ]
  }
  action toggleObject(Agent - Checkable a, Location - Checkable l, Obj - Checkable o, Receptacle - Checkable r) {
    preconditions = [
      (toggleable(o) and atLocation(a, l) and receptacleAtLocation(r, l) and inReceptacle(o, r))
    ]
    effects = [
      if isOn(o) then isOn(o) := false
      if (not isOn(o)) then isOn(o) := true
      isToggled(o) := true
    ]
  }
  action sliceObject(Agent - Checkable a, Location - Checkable l, Obj - Checkable co, Obj - Checkable ko) {
    preconditions = [
      (sliceable(co) and (objectType(ko, knifeType) or objectType(ko, butterKnifeType)) and atLocation(a, l) and objectAtLocation(co, l) and holds(a, ko))
    ]
    effects = [
      isSliced(co) := true
    ]
  }
  action help(Agent - Checkable a) {
    preconditions = [
    ]
    effects = [
      checked(a) := true
    ]
  }
]

objects = [
  ReceptacleType: [sinkBasinType, microwaveType, fridgeType, safeType, stoveBurnerType, counterTopType, diningTableType, shelfType, handTowelHolderType]
  ObjectType: [knifeType, butterKnifeType, alarmClockType, breadType, paperTowelType, baseballBatType, eggType, cdType, bowlType, penType, cupType, plateType]
  Checkable: [agent1, location1, location2, location3, location4, location5, location6, location7, location8, location9, location10, safe_1, stoveBurner_2, stoveBurner_3, counterTop_4, diningTable_5, shelf_6, handTowelHolder_7, safe_8, safe_9, microwave_10, alarmClock_1, bread_2, paperTowel_3, baseballBat_4, egg_5, cd_6, bowl_7, pen_8, cup_9, plate_10]
  Agent - Checkable: [agent1]
  Location - Checkable: [location1, location2, location3, location4, location5, location6, location7, location8, location9, location10]
  Receptacle - Checkable: [safe_1, stoveBurner_2, stoveBurner_3, counterTop_4, diningTable_5, shelf_6, handTowelHolder_7, safe_8, safe_9, microwave_10]
  Obj - Checkable: [alarmClock_1, bread_2, paperTowel_3, baseballBat_4, egg_5, cd_6, bowl_7, pen_8, cup_9, plate_10]
]

initial fluents default = [
  bool atLocation[a=Agent - Checkable, l=Location - Checkable] := false
  bool receptacleAtLocation[r=Receptacle - Checkable, l=Location - Checkable] := false
  bool objectAtLocation[o=Obj - Checkable, l=Location - Checkable] := false
  bool openable[r=Receptacle - Checkable] := false
  bool opened[r=Receptacle - Checkable] := false
  bool inReceptacle[o=Obj - Checkable, r=Receptacle - Checkable] := false
  bool isReceptacleObject[o=Obj - Checkable] := false
  bool inReceptacleObject[innerObject=Obj - Checkable, outObject=Obj - Checkable] := false
  bool isReceptacleObjectFull[o=Obj - Checkable] := false
  bool wasInReceptacle[o=Obj - Checkable, r=Receptacle - Checkable] := false
  bool checked[c=Checkable] := false
  bool examined[l=Location - Checkable] := false
  bool receptacleType[r=Receptacle - Checkable, rt=ReceptacleType] := false
  bool canContain[rt=ReceptacleType, ot=ObjectType] := false
  bool objectType[o=Obj - Checkable, t=ObjectType] := false
  bool holds[a=Agent - Checkable, o=Obj - Checkable] := false
  bool holdsAny[a=Agent - Checkable] := false
  bool holdsAnyReceptacleObject[a=Agent - Checkable] := false
  bool full[r=Receptacle - Checkable] := false
  bool isClean[o=Obj - Checkable] := false
  bool cleanable[o=Obj - Checkable] := false
  bool isHot[o=Obj - Checkable] := false
  bool heatable[o=Obj - Checkable] := false
  bool isCool[o=Obj - Checkable] := false
  bool coolable[o=Obj - Checkable] := false
  bool pickupable[o=Obj - Checkable] := false
  bool moveable[o=Obj - Checkable] := false
  bool toggleable[o=Obj - Checkable] := false
  bool isOn[o=Obj - Checkable] := false
  bool isToggled[o=Obj - Checkable] := false
  bool sliceable[o=Obj - Checkable] := false
  bool isSliced[o=Obj - Checkable] := false
]

initial values = [
  receptacleType(safe_1, safeType) := true
  receptacleType(stoveBurner_2, stoveBurnerType) := true
  receptacleType(stoveBurner_3, stoveBurnerType) := true
  receptacleType(counterTop_4, counterTopType) := true
  receptacleType(diningTable_5, diningTableType) := true
  receptacleType(shelf_6, shelfType) := true
  receptacleType(handTowelHolder_7, handTowelHolderType) := true
  receptacleType(safe_8, safeType) := true
  receptacleType(safe_9, safeType) := true
  receptacleType(microwave_10, microwaveType) := true
  objectType(alarmClock_1, alarmClockType) := true
  objectType(bread_2, breadType) := true
  objectType(paperTowel_3, paperTowelType) := true
  objectType(baseballBat_4, baseballBatType) := true
  objectType(egg_5, eggType) := true
  objectType(cd_6, cdType) := true
  objectType(bowl_7, bowlType) := true
  objectType(pen_8, penType) := true
  objectType(cup_9, cupType) := true
  objectType(plate_10, plateType) := true
  canContain(safeType, cdType) := true
  canContain(counterTopType, alarmClockType) := true
  canContain(counterTopType, breadType) := true
  canContain(counterTopType, paperTowelType) := true
  canContain(counterTopType, baseballBatType) := true
  canContain(counterTopType, eggType) := true
  canContain(counterTopType, cdType) := true
  canContain(counterTopType, bowlType) := true
  canContain(counterTopType, penType) := true
  canContain(counterTopType, cupType) := true
  canContain(counterTopType, plateType) := true
  canContain(diningTableType, alarmClockType) := true
  canContain(diningTableType, breadType) := true
  canContain(diningTableType, paperTowelType) := true
  canContain(diningTableType, baseballBatType) := true
  canContain(diningTableType, eggType) := true
  canContain(diningTableType, bowlType) := true
  canContain(diningTableType, penType) := true
  canContain(diningTableType, cupType) := true
  canContain(diningTableType, plateType) := true
  canContain(shelfType, alarmClockType) := true
  canContain(shelfType, paperTowelType) := true
  canContain(shelfType, cdType) := true
  canContain(shelfType, bowlType) := true
  canContain(shelfType, penType) := true
  canContain(shelfType, cupType) := true
  canContain(shelfType, plateType) := true
  canContain(microwaveType, breadType) := true
  canContain(microwaveType, eggType) := true
  canContain(microwaveType, bowlType) := true
  canContain(microwaveType, cupType) := true
  canContain(microwaveType, plateType) := true
  pickupable(alarmClock_1) := true
  pickupable(bread_2) := true
  heatable(bread_2) := true
  coolable(bread_2) := true
  sliceable(bread_2) := true
  pickupable(paperTowel_3) := true
  pickupable(baseballBat_4) := true
  pickupable(egg_5) := true
  cleanable(egg_5) := true
  heatable(egg_5) := true
  coolable(egg_5) := true
  sliceable(egg_5) := true
  pickupable(cd_6) := true
  pickupable(bowl_7) := true
  isReceptacleObject(bowl_7) := true
  cleanable(bowl_7) := true
  coolable(bowl_7) := true
  pickupable(pen_8) := true
  pickupable(cup_9) := true
  isReceptacleObject(cup_9) := true
  cleanable(cup_9) := true
  heatable(cup_9) := true
  coolable(cup_9) := true
  pickupable(plate_10) := true
  isReceptacleObject(plate_10) := true
  cleanable(plate_10) := true
  heatable(plate_10) := true
  coolable(plate_10) := true
  receptacleAtLocation(safe_1, location5) := true
  receptacleAtLocation(stoveBurner_2, location8) := true
  receptacleAtLocation(stoveBurner_3, location4) := true
  receptacleAtLocation(counterTop_4, location8) := true
  receptacleAtLocation(diningTable_5, location9) := true
  receptacleAtLocation(shelf_6, location5) := true
  receptacleAtLocation(handTowelHolder_7, location1) := true
  receptacleAtLocation(safe_8, location5) := true
  receptacleAtLocation(safe_9, location3) := true
  receptacleAtLocation(microwave_10, location7) := true
  inReceptacle(plate_10, shelf_6) := true
  objectAtLocation(alarmClock_1, location1) := true
  objectAtLocation(bread_2, location2) := true
  objectAtLocation(paperTowel_3, location4) := true
  objectAtLocation(baseballBat_4, location7) := true
  objectAtLocation(egg_5, location6) := true
  objectAtLocation(cd_6, location10) := true
  objectAtLocation(bowl_7, location8) := true
  objectAtLocation(pen_8, location6) := true
  objectAtLocation(cup_9, location8) := true
  objectAtLocation(plate_10, location5) := true
  atLocation(agent1, location2) := true
]

goals = [
  Exists (Receptacle - Checkable r) Exists (Obj - Checkable o) (heatable(o) and objectType(o, cupType) and receptacleType(r, shelfType) and isHot(o) and inReceptacle(o, r))
]

quality metrics = [
  minimize sequential-plan-length
]


2025-06-17 09:54:10,096 - INFO - Generating plan for unconstrained problem

2025-06-17 09:54:10,488 - INFO - Unconstrained plan generation time: 0.3916292190551758

