2025-06-17 09:56:10,292 - INFO - 
================= Seed: 493 =================

2025-06-17 09:56:10,305 - INFO - problem name = alfred

types = [ReceptacleType, ObjectType, Checkable, Agent - Checkable, Location - Checkable, Receptacle - Checkable, Obj - Checkable]

fluents = [
  bool atLocation[a=Agent - Checkable, l=Location - Checkable]
  bool receptacleAtLocation[r=Receptacle - Checkable, l=Location - Checkable]
  bool objectAtLocation[o=Obj - Checkable, l=Location - Checkable]
  bool openable[r=Receptacle - Checkable]
  bool opened[r=Receptacle - Checkable]
  bool inReceptacle[o=Obj - Checkable, r=Receptacle - Checkable]
  bool isReceptacleObject[o=Obj - Checkable]
  bool inReceptacleObject[innerObject=Obj - Checkable, outObject=Obj - Checkable]
  bool isReceptacleObjectFull[o=Obj - Checkable]
  bool wasInReceptacle[o=Obj - Checkable, r=Receptacle - Checkable]
  bool checked[c=Checkable]
  bool examined[l=Location - Checkable]
  bool receptacleType[r=Receptacle - Checkable, rt=ReceptacleType]
  bool canContain[rt=ReceptacleType, ot=ObjectType]
  bool objectType[o=Obj - Checkable, t=ObjectType]
  bool holds[a=Agent - Checkable, o=Obj - Checkable]
  bool holdsAny[a=Agent - Checkable]
  bool holdsAnyReceptacleObject[a=Agent - Checkable]
  bool full[r=Receptacle - Checkable]
  bool isClean[o=Obj - Checkable]
  bool cleanable[o=Obj - Checkable]
  bool isHot[o=Obj - Checkable]
  bool heatable[o=Obj - Checkable]
  bool isCool[o=Obj - Checkable]
  bool coolable[o=Obj - Checkable]
  bool pickupable[o=Obj - Checkable]
  bool moveable[o=Obj - Checkable]
  bool toggleable[o=Obj - Checkable]
  bool isOn[o=Obj - Checkable]
  bool isToggled[o=Obj - Checkable]
  bool sliceable[o=Obj - Checkable]
  bool isSliced[o=Obj - Checkable]
]

actions = [
  action look(Agent - Checkable a, Location - Checkable l) {
    preconditions = [
      atLocation(a, l)
    ]
    effects = [
      checked(l) := true
    ]
  }
  action inventory(Agent - Checkable a) {
    preconditions = [
    ]
    effects = [
      checked(a) := true
    ]
  }
  action examineReceptacle(Agent - Checkable a, Receptacle - Checkable r) {
    preconditions = [
      Exists (Location - Checkable l) (atLocation(a, l) and receptacleAtLocation(r, l))
    ]
    effects = [
      checked(r) := true
    ]
  }
  action examineObject(Agent - Checkable a, Obj - Checkable o) {
    preconditions = [
      (Exists (Location - Checkable l) Exists (Receptacle - Checkable r) (atLocation(a, l) and receptacleAtLocation(r, l) and inReceptacle(o, r) and ((not openable(r)) or opened(r))) or holds(a, o))
    ]
    effects = [
      checked(o) := true
    ]
  }
  action goToLocation(Agent - Checkable a, Location - Checkable lstart, Location - Checkable lend) {
    preconditions = [
      atLocation(a, lstart)
    ]
    effects = [
      atLocation(a, lstart) := false
      atLocation(a, lend) := true
    ]
  }
  action openObject(Agent - Checkable a, Location - Checkable l, Receptacle - Checkable r) {
    preconditions = [
      (openable(r) and atLocation(a, l) and receptacleAtLocation(r, l) and (not opened(r)))
    ]
    effects = [
      opened(r) := true
      checked(r) := true
    ]
  }
  action closeObject(Agent - Checkable a, Location - Checkable l, Receptacle - Checkable r) {
    preconditions = [
      (openable(r) and atLocation(a, l) and receptacleAtLocation(r, l) and opened(r))
    ]
    effects = [
      opened(r) := false
    ]
  }
  action pickupObject(Agent - Checkable a, Location - Checkable l, Obj - Checkable o, Receptacle - Checkable r) {
    preconditions = [
      (pickupable(o) and atLocation(a, l) and receptacleAtLocation(r, l) and inReceptacle(o, r) and (not holdsAny(a)) and ((not openable(r)) or opened(r)))
    ]
    effects = [
      inReceptacle(o, r) := false
      holds(a, o) := true
      holdsAny(a) := true
      objectAtLocation(o, l) := false
    ]
  }
  action putObject(Agent - Checkable a, Location - Checkable l, Obj - Checkable o, Receptacle - Checkable r, ObjectType ot, ReceptacleType rt) {
    preconditions = [
      (holds(a, o) and atLocation(a, l) and receptacleAtLocation(r, l) and ((not openable(r)) or opened(r)) and objectType(o, ot) and receptacleType(r, rt) and canContain(rt, ot))
    ]
    effects = [
      inReceptacle(o, r) := true
      objectAtLocation(o, l) := true
      holds(a, o) := false
      holdsAny(a) := false
    ]
  }
  action cleanObject(Agent - Checkable a, Location - Checkable l, Receptacle - Checkable r, Obj - Checkable o) {
    preconditions = [
      (cleanable(o) and receptacleType(r, sinkBasinType) and atLocation(a, l) and receptacleAtLocation(r, l) and holds(a, o))
    ]
    effects = [
      isClean(o) := true
    ]
  }
  action heatObject(Agent - Checkable a, Location - Checkable l, Receptacle - Checkable r, Obj - Checkable o) {
    preconditions = [
      (heatable(o) and receptacleType(r, microwaveType) and atLocation(a, l) and receptacleAtLocation(r, l) and holds(a, o))
    ]
    effects = [
      isHot(o) := true
      isCool(o) := false
    ]
  }
  action coolObject(Agent - Checkable a, Location - Checkable l, Receptacle - Checkable r, Obj - Checkable o) {
    preconditions = [
      (coolable(o) and receptacleType(r, fridgeType) and atLocation(a, l) and receptacleAtLocation(r, l) and holds(a, o))
    ]
    effects = [
      isCool(o) := true
      isHot(o) := false
    ]
  }
  action toggleObject(Agent - Checkable a, Location - Checkable l, Obj - Checkable o, Receptacle - Checkable r) {
    preconditions = [
      (toggleable(o) and atLocation(a, l) and receptacleAtLocation(r, l) and inReceptacle(o, r))
    ]
    effects = [
      if isOn(o) then isOn(o) := false
      if (not isOn(o)) then isOn(o) := true
      isToggled(o) := true
    ]
  }
  action sliceObject(Agent - Checkable a, Location - Checkable l, Obj - Checkable co, Obj - Checkable ko) {
    preconditions = [
      (sliceable(co) and (objectType(ko, knifeType) or objectType(ko, butterKnifeType)) and atLocation(a, l) and objectAtLocation(co, l) and holds(a, ko))
    ]
    effects = [
      isSliced(co) := true
    ]
  }
  action help(Agent - Checkable a) {
    preconditions = [
    ]
    effects = [
      checked(a) := true
    ]
  }
]

objects = [
  ReceptacleType: [sinkBasinType, microwaveType, fridgeType, tvStandType, garbageCanType, sofaType, cartType, handTowelHolderType, bathtubBasinType, stoveBurnerType, towelHolderType, toasterType]
  ObjectType: [knifeType, butterKnifeType, newspaperType, appleType, penType, pencilType, keyChainType, clothType, sprayBottleType, tissueBoxType, wineBottleType, bowlType]
  Checkable: [agent1, location1, location2, location3, location4, location5, location6, location7, location8, location9, location10, tvStand_1, garbageCan_2, sofa_3, cart_4, handTowelHolder_5, bathtubBasin_6, garbageCan_7, stoveBurner_8, towelHolder_9, toaster_10, newspaper_1, apple_2, pen_3, pencil_4, keyChain_5, cloth_6, sprayBottle_7, tissueBox_8, wineBottle_9, bowl_10]
  Agent - Checkable: [agent1]
  Location - Checkable: [location1, location2, location3, location4, location5, location6, location7, location8, location9, location10]
  Receptacle - Checkable: [tvStand_1, garbageCan_2, sofa_3, cart_4, handTowelHolder_5, bathtubBasin_6, garbageCan_7, stoveBurner_8, towelHolder_9, toaster_10]
  Obj - Checkable: [newspaper_1, apple_2, pen_3, pencil_4, keyChain_5, cloth_6, sprayBottle_7, tissueBox_8, wineBottle_9, bowl_10]
]

initial fluents default = [
  bool atLocation[a=Agent - Checkable, l=Location - Checkable] := false
  bool receptacleAtLocation[r=Receptacle - Checkable, l=Location - Checkable] := false
  bool objectAtLocation[o=Obj - Checkable, l=Location - Checkable] := false
  bool openable[r=Receptacle - Checkable] := false
  bool opened[r=Receptacle - Checkable] := false
  bool inReceptacle[o=Obj - Checkable, r=Receptacle - Checkable] := false
  bool isReceptacleObject[o=Obj - Checkable] := false
  bool inReceptacleObject[innerObject=Obj - Checkable, outObject=Obj - Checkable] := false
  bool isReceptacleObjectFull[o=Obj - Checkable] := false
  bool wasInReceptacle[o=Obj - Checkable, r=Receptacle - Checkable] := false
  bool checked[c=Checkable] := false
  bool examined[l=Location - Checkable] := false
  bool receptacleType[r=Receptacle - Checkable, rt=ReceptacleType] := false
  bool canContain[rt=ReceptacleType, ot=ObjectType] := false
  bool objectType[o=Obj - Checkable, t=ObjectType] := false
  bool holds[a=Agent - Checkable, o=Obj - Checkable] := false
  bool holdsAny[a=Agent - Checkable] := false
  bool holdsAnyReceptacleObject[a=Agent - Checkable] := false
  bool full[r=Receptacle - Checkable] := false
  bool isClean[o=Obj - Checkable] := false
  bool cleanable[o=Obj - Checkable] := false
  bool isHot[o=Obj - Checkable] := false
  bool heatable[o=Obj - Checkable] := false
  bool isCool[o=Obj - Checkable] := false
  bool coolable[o=Obj - Checkable] := false
  bool pickupable[o=Obj - Checkable] := false
  bool moveable[o=Obj - Checkable] := false
  bool toggleable[o=Obj - Checkable] := false
  bool isOn[o=Obj - Checkable] := false
  bool isToggled[o=Obj - Checkable] := false
  bool sliceable[o=Obj - Checkable] := false
  bool isSliced[o=Obj - Checkable] := false
]

initial values = [
  receptacleType(tvStand_1, tvStandType) := true
  receptacleType(garbageCan_2, garbageCanType) := true
  receptacleType(sofa_3, sofaType) := true
  receptacleType(cart_4, cartType) := true
  receptacleType(handTowelHolder_5, handTowelHolderType) := true
  receptacleType(bathtubBasin_6, bathtubBasinType) := true
  receptacleType(garbageCan_7, garbageCanType) := true
  receptacleType(stoveBurner_8, stoveBurnerType) := true
  receptacleType(towelHolder_9, towelHolderType) := true
  receptacleType(toaster_10, toasterType) := true
  objectType(newspaper_1, newspaperType) := true
  objectType(apple_2, appleType) := true
  objectType(pen_3, penType) := true
  objectType(pencil_4, pencilType) := true
  objectType(keyChain_5, keyChainType) := true
  objectType(cloth_6, clothType) := true
  objectType(sprayBottle_7, sprayBottleType) := true
  objectType(tissueBox_8, tissueBoxType) := true
  objectType(wineBottle_9, wineBottleType) := true
  objectType(bowl_10, bowlType) := true
  canContain(tvStandType, tissueBoxType) := true
  canContain(garbageCanType, newspaperType) := true
  canContain(garbageCanType, appleType) := true
  canContain(garbageCanType, penType) := true
  canContain(garbageCanType, pencilType) := true
  canContain(garbageCanType, clothType) := true
  canContain(garbageCanType, sprayBottleType) := true
  canContain(garbageCanType, tissueBoxType) := true
  canContain(garbageCanType, wineBottleType) := true
  canContain(sofaType, newspaperType) := true
  canContain(sofaType, keyChainType) := true
  canContain(sofaType, clothType) := true
  canContain(cartType, clothType) := true
  canContain(cartType, sprayBottleType) := true
  canContain(cartType, tissueBoxType) := true
  canContain(bathtubBasinType, clothType) := true
  pickupable(newspaper_1) := true
  pickupable(apple_2) := true
  cleanable(apple_2) := true
  heatable(apple_2) := true
  coolable(apple_2) := true
  sliceable(apple_2) := true
  pickupable(pen_3) := true
  pickupable(pencil_4) := true
  pickupable(keyChain_5) := true
  pickupable(cloth_6) := true
  cleanable(cloth_6) := true
  pickupable(sprayBottle_7) := true
  pickupable(tissueBox_8) := true
  pickupable(wineBottle_9) := true
  pickupable(bowl_10) := true
  isReceptacleObject(bowl_10) := true
  cleanable(bowl_10) := true
  coolable(bowl_10) := true
  receptacleAtLocation(tvStand_1, location10) := true
  receptacleAtLocation(garbageCan_2, location1) := true
  receptacleAtLocation(sofa_3, location10) := true
  receptacleAtLocation(cart_4, location9) := true
  receptacleAtLocation(handTowelHolder_5, location6) := true
  receptacleAtLocation(bathtubBasin_6, location2) := true
  receptacleAtLocation(garbageCan_7, location1) := true
  receptacleAtLocation(stoveBurner_8, location10) := true
  receptacleAtLocation(towelHolder_9, location5) := true
  receptacleAtLocation(toaster_10, location2) := true
  inReceptacle(pencil_4, garbageCan_2) := true
  inReceptacle(cloth_6, bathtubBasin_6) := true
  inReceptacle(sprayBottle_7, garbageCan_2) := true
  inReceptacle(tissueBox_8, garbageCan_2) := true
  inReceptacle(wineBottle_9, garbageCan_2) := true
  objectAtLocation(newspaper_1, location4) := true
  objectAtLocation(apple_2, location3) := true
  objectAtLocation(pen_3, location10) := true
  objectAtLocation(pencil_4, location1) := true
  objectAtLocation(keyChain_5, location2) := true
  objectAtLocation(cloth_6, location2) := true
  objectAtLocation(sprayBottle_7, location1) := true
  objectAtLocation(tissueBox_8, location1) := true
  objectAtLocation(wineBottle_9, location1) := true
  objectAtLocation(bowl_10, location7) := true
  atLocation(agent1, location6) := true
]

goals = [
  Exists (Receptacle - Checkable r) Exists (Obj - Checkable o1) (inReceptacle(o1, r) and objectType(o1, wineBottleType) and receptacleType(r, garbageCanType) and Exists (Obj - Checkable o2) ((not (o1 == o2)) and objectType(o2, sprayBottleType) and receptacleType(r, garbageCanType) and inReceptacle(o2, r)))
]

quality metrics = [
  minimize sequential-plan-length
]


2025-06-17 09:56:10,309 - INFO - Generating plan for unconstrained problem

2025-06-17 09:56:10,774 - INFO - Unconstrained plan generation time: 0.46518707275390625

2025-06-17 09:56:10,774 - INFO - Unconstrained plan and cost: 
2025-06-17 09:56:10,774 - INFO - SequentialPlan:
2025-06-17 09:56:10,774 - INFO - 0
2025-06-17 09:56:10,986 - INFO - Sampled constraints:

2025-06-17 09:56:10,987 - INFO - Sometime(atLocation(agent1, location7))
2025-06-17 09:56:10,987 - INFO - 
2025-06-17 09:56:10,987 - INFO - Generation time: 0.2121114730834961

2025-06-17 09:56:10,994 - INFO - Generating plan for constrained problem (with LiftedTCORE).

2025-06-17 09:56:11,031 - INFO - LiftedTCORE compilation time: 0.036752939224243164

2025-06-17 09:56:11,498 - INFO - Planning Time with LiftedTCORE's file: 0.45966267585754395

2025-06-17 09:56:11,498 - INFO - Plan found with LiftedTCORE + sym_bd: SequentialPlan:
    goToLocation(agent1, location6, location7)
2025-06-17 09:56:11,498 - INFO - Seed: 493 is solvable

2025-06-17 09:56:11,498 - INFO - Unconstrained cost: 0
2025-06-17 09:56:11,499 - INFO - Constrained cost: 1
2025-06-17 09:56:11,499 - INFO - Seed: 493 Plan simulation is feasible
2025-06-17 09:56:11,499 - INFO - 
Seed: 493 
 Plan: [goToLocation(agent1, location6, location7)]  
 Cost: 1

