2025-06-17 09:54:09,271 - INFO - 
================= Seed: 331 =================

2025-06-17 09:54:09,276 - INFO - problem name = alfred

types = [ReceptacleType, ObjectType, Checkable, Agent - Checkable, Location - Checkable, Receptacle - Checkable, Obj - Checkable]

fluents = [
  bool atLocation[a=Agent - Checkable, l=Location - Checkable]
  bool receptacleAtLocation[r=Receptacle - Checkable, l=Location - Checkable]
  bool objectAtLocation[o=Obj - Checkable, l=Location - Checkable]
  bool openable[r=Receptacle - Checkable]
  bool opened[r=Receptacle - Checkable]
  bool inReceptacle[o=Obj - Checkable, r=Receptacle - Checkable]
  bool isReceptacleObject[o=Obj - Checkable]
  bool inReceptacleObject[innerObject=Obj - Checkable, outObject=Obj - Checkable]
  bool isReceptacleObjectFull[o=Obj - Checkable]
  bool wasInReceptacle[o=Obj - Checkable, r=Receptacle - Checkable]
  bool checked[c=Checkable]
  bool examined[l=Location - Checkable]
  bool receptacleType[r=Receptacle - Checkable, rt=ReceptacleType]
  bool canContain[rt=ReceptacleType, ot=ObjectType]
  bool objectType[o=Obj - Checkable, t=ObjectType]
  bool holds[a=Agent - Checkable, o=Obj - Checkable]
  bool holdsAny[a=Agent - Checkable]
  bool holdsAnyReceptacleObject[a=Agent - Checkable]
  bool full[r=Receptacle - Checkable]
  bool isClean[o=Obj - Checkable]
  bool cleanable[o=Obj - Checkable]
  bool isHot[o=Obj - Checkable]
  bool heatable[o=Obj - Checkable]
  bool isCool[o=Obj - Checkable]
  bool coolable[o=Obj - Checkable]
  bool pickupable[o=Obj - Checkable]
  bool moveable[o=Obj - Checkable]
  bool toggleable[o=Obj - Checkable]
  bool isOn[o=Obj - Checkable]
  bool isToggled[o=Obj - Checkable]
  bool sliceable[o=Obj - Checkable]
  bool isSliced[o=Obj - Checkable]
]

actions = [
  action look(Agent - Checkable a, Location - Checkable l) {
    preconditions = [
      atLocation(a, l)
    ]
    effects = [
      checked(l) := true
    ]
  }
  action inventory(Agent - Checkable a) {
    preconditions = [
    ]
    effects = [
      checked(a) := true
    ]
  }
  action examineReceptacle(Agent - Checkable a, Receptacle - Checkable r) {
    preconditions = [
      Exists (Location - Checkable l) (atLocation(a, l) and receptacleAtLocation(r, l))
    ]
    effects = [
      checked(r) := true
    ]
  }
  action examineObject(Agent - Checkable a, Obj - Checkable o) {
    preconditions = [
      (Exists (Location - Checkable l) Exists (Receptacle - Checkable r) (atLocation(a, l) and receptacleAtLocation(r, l) and inReceptacle(o, r) and ((not openable(r)) or opened(r))) or holds(a, o))
    ]
    effects = [
      checked(o) := true
    ]
  }
  action goToLocation(Agent - Checkable a, Location - Checkable lstart, Location - Checkable lend) {
    preconditions = [
      atLocation(a, lstart)
    ]
    effects = [
      atLocation(a, lstart) := false
      atLocation(a, lend) := true
    ]
  }
  action openObject(Agent - Checkable a, Location - Checkable l, Receptacle - Checkable r) {
    preconditions = [
      (openable(r) and atLocation(a, l) and receptacleAtLocation(r, l) and (not opened(r)))
    ]
    effects = [
      opened(r) := true
      checked(r) := true
    ]
  }
  action closeObject(Agent - Checkable a, Location - Checkable l, Receptacle - Checkable r) {
    preconditions = [
      (openable(r) and atLocation(a, l) and receptacleAtLocation(r, l) and opened(r))
    ]
    effects = [
      opened(r) := false
    ]
  }
  action pickupObject(Agent - Checkable a, Location - Checkable l, Obj - Checkable o, Receptacle - Checkable r) {
    preconditions = [
      (pickupable(o) and atLocation(a, l) and receptacleAtLocation(r, l) and inReceptacle(o, r) and (not holdsAny(a)) and ((not openable(r)) or opened(r)))
    ]
    effects = [
      inReceptacle(o, r) := false
      holds(a, o) := true
      holdsAny(a) := true
      objectAtLocation(o, l) := false
    ]
  }
  action putObject(Agent - Checkable a, Location - Checkable l, Obj - Checkable o, Receptacle - Checkable r, ObjectType ot, ReceptacleType rt) {
    preconditions = [
      (holds(a, o) and atLocation(a, l) and receptacleAtLocation(r, l) and ((not openable(r)) or opened(r)) and objectType(o, ot) and receptacleType(r, rt) and canContain(rt, ot))
    ]
    effects = [
      inReceptacle(o, r) := true
      objectAtLocation(o, l) := true
      holds(a, o) := false
      holdsAny(a) := false
    ]
  }
  action cleanObject(Agent - Checkable a, Location - Checkable l, Receptacle - Checkable r, Obj - Checkable o) {
    preconditions = [
      (cleanable(o) and receptacleType(r, sinkBasinType) and atLocation(a, l) and receptacleAtLocation(r, l) and holds(a, o))
    ]
    effects = [
      isClean(o) := true
    ]
  }
  action heatObject(Agent - Checkable a, Location - Checkable l, Receptacle - Checkable r, Obj - Checkable o) {
    preconditions = [
      (heatable(o) and receptacleType(r, microwaveType) and atLocation(a, l) and receptacleAtLocation(r, l) and holds(a, o))
    ]
    effects = [
      isHot(o) := true
      isCool(o) := false
    ]
  }
  action coolObject(Agent - Checkable a, Location - Checkable l, Receptacle - Checkable r, Obj - Checkable o) {
    preconditions = [
      (coolable(o) and receptacleType(r, fridgeType) and atLocation(a, l) and receptacleAtLocation(r, l) and holds(a, o))
    ]
    effects = [
      isCool(o) := true
      isHot(o) := false
    ]
  }
  action toggleObject(Agent - Checkable a, Location - Checkable l, Obj - Checkable o, Receptacle - Checkable r) {
    preconditions = [
      (toggleable(o) and atLocation(a, l) and receptacleAtLocation(r, l) and inReceptacle(o, r))
    ]
    effects = [
      if isOn(o) then isOn(o) := false
      if (not isOn(o)) then isOn(o) := true
      isToggled(o) := true
    ]
  }
  action sliceObject(Agent - Checkable a, Location - Checkable l, Obj - Checkable co, Obj - Checkable ko) {
    preconditions = [
      (sliceable(co) and (objectType(ko, knifeType) or objectType(ko, butterKnifeType)) and atLocation(a, l) and objectAtLocation(co, l) and holds(a, ko))
    ]
    effects = [
      isSliced(co) := true
    ]
  }
  action help(Agent - Checkable a) {
    preconditions = [
    ]
    effects = [
      checked(a) := true
    ]
  }
]

objects = [
  ReceptacleType: [sinkBasinType, microwaveType, fridgeType, bedType, dresserType, cartType, coffeeMachineType, toiletType]
  ObjectType: [knifeType, butterKnifeType, laptopType, potatoType, alarmClockType, spatulaType, appleType, statueType, ladleType, plateType]
  Checkable: [agent1, location1, location2, location3, location4, location5, location6, location7, location8, location9, location10, bed_1, dresser_2, microwave_3, cart_4, coffeeMachine_5, fridge_6, cart_7, bed_8, toilet_9, sinkBasin_10, laptop_1, potato_2, alarmClock_3, spatula_4, alarmClock_5, apple_6, spatula_7, statue_8, ladle_9, plate_10]
  Agent - Checkable: [agent1]
  Location - Checkable: [location1, location2, location3, location4, location5, location6, location7, location8, location9, location10]
  Receptacle - Checkable: [bed_1, dresser_2, microwave_3, cart_4, coffeeMachine_5, fridge_6, cart_7, bed_8, toilet_9, sinkBasin_10]
  Obj - Checkable: [laptop_1, potato_2, alarmClock_3, spatula_4, alarmClock_5, apple_6, spatula_7, statue_8, ladle_9, plate_10]
]

initial fluents default = [
  bool atLocation[a=Agent - Checkable, l=Location - Checkable] := false
  bool receptacleAtLocation[r=Receptacle - Checkable, l=Location - Checkable] := false
  bool objectAtLocation[o=Obj - Checkable, l=Location - Checkable] := false
  bool openable[r=Receptacle - Checkable] := false
  bool opened[r=Receptacle - Checkable] := false
  bool inReceptacle[o=Obj - Checkable, r=Receptacle - Checkable] := false
  bool isReceptacleObject[o=Obj - Checkable] := false
  bool inReceptacleObject[innerObject=Obj - Checkable, outObject=Obj - Checkable] := false
  bool isReceptacleObjectFull[o=Obj - Checkable] := false
  bool wasInReceptacle[o=Obj - Checkable, r=Receptacle - Checkable] := false
  bool checked[c=Checkable] := false
  bool examined[l=Location - Checkable] := false
  bool receptacleType[r=Receptacle - Checkable, rt=ReceptacleType] := false
  bool canContain[rt=ReceptacleType, ot=ObjectType] := false
  bool objectType[o=Obj - Checkable, t=ObjectType] := false
  bool holds[a=Agent - Checkable, o=Obj - Checkable] := false
  bool holdsAny[a=Agent - Checkable] := false
  bool holdsAnyReceptacleObject[a=Agent - Checkable] := false
  bool full[r=Receptacle - Checkable] := false
  bool isClean[o=Obj - Checkable] := false
  bool cleanable[o=Obj - Checkable] := false
  bool isHot[o=Obj - Checkable] := false
  bool heatable[o=Obj - Checkable] := false
  bool isCool[o=Obj - Checkable] := false
  bool coolable[o=Obj - Checkable] := false
  bool pickupable[o=Obj - Checkable] := false
  bool moveable[o=Obj - Checkable] := false
  bool toggleable[o=Obj - Checkable] := false
  bool isOn[o=Obj - Checkable] := false
  bool isToggled[o=Obj - Checkable] := false
  bool sliceable[o=Obj - Checkable] := false
  bool isSliced[o=Obj - Checkable] := false
]

initial values = [
  receptacleType(bed_1, bedType) := true
  receptacleType(dresser_2, dresserType) := true
  receptacleType(microwave_3, microwaveType) := true
  receptacleType(cart_4, cartType) := true
  receptacleType(coffeeMachine_5, coffeeMachineType) := true
  receptacleType(fridge_6, fridgeType) := true
  receptacleType(cart_7, cartType) := true
  receptacleType(bed_8, bedType) := true
  receptacleType(toilet_9, toiletType) := true
  receptacleType(sinkBasin_10, sinkBasinType) := true
  objectType(laptop_1, laptopType) := true
  objectType(potato_2, potatoType) := true
  objectType(alarmClock_3, alarmClockType) := true
  objectType(spatula_4, spatulaType) := true
  objectType(alarmClock_5, alarmClockType) := true
  objectType(apple_6, appleType) := true
  objectType(spatula_7, spatulaType) := true
  objectType(statue_8, statueType) := true
  objectType(ladle_9, ladleType) := true
  objectType(plate_10, plateType) := true
  canContain(bedType, laptopType) := true
  canContain(dresserType, laptopType) := true
  canContain(dresserType, alarmClockType) := true
  canContain(dresserType, statueType) := true
  canContain(dresserType, plateType) := true
  canContain(microwaveType, potatoType) := true
  canContain(microwaveType, appleType) := true
  canContain(microwaveType, plateType) := true
  canContain(cartType, statueType) := true
  canContain(fridgeType, potatoType) := true
  canContain(fridgeType, appleType) := true
  canContain(fridgeType, plateType) := true
  canContain(sinkBasinType, potatoType) := true
  canContain(sinkBasinType, spatulaType) := true
  canContain(sinkBasinType, appleType) := true
  canContain(sinkBasinType, ladleType) := true
  canContain(sinkBasinType, plateType) := true
  pickupable(laptop_1) := true
  pickupable(potato_2) := true
  cleanable(potato_2) := true
  heatable(potato_2) := true
  coolable(potato_2) := true
  sliceable(potato_2) := true
  pickupable(alarmClock_3) := true
  pickupable(spatula_4) := true
  cleanable(spatula_4) := true
  pickupable(alarmClock_5) := true
  pickupable(apple_6) := true
  cleanable(apple_6) := true
  heatable(apple_6) := true
  coolable(apple_6) := true
  sliceable(apple_6) := true
  pickupable(spatula_7) := true
  cleanable(spatula_7) := true
  pickupable(statue_8) := true
  pickupable(ladle_9) := true
  cleanable(ladle_9) := true
  pickupable(plate_10) := true
  isReceptacleObject(plate_10) := true
  cleanable(plate_10) := true
  heatable(plate_10) := true
  coolable(plate_10) := true
  receptacleAtLocation(bed_1, location10) := true
  receptacleAtLocation(dresser_2, location6) := true
  receptacleAtLocation(microwave_3, location7) := true
  receptacleAtLocation(cart_4, location9) := true
  receptacleAtLocation(coffeeMachine_5, location4) := true
  receptacleAtLocation(fridge_6, location3) := true
  receptacleAtLocation(cart_7, location6) := true
  receptacleAtLocation(bed_8, location10) := true
  receptacleAtLocation(toilet_9, location10) := true
  receptacleAtLocation(sinkBasin_10, location3) := true
  inReceptacle(laptop_1, dresser_2) := true
  inReceptacle(potato_2, sinkBasin_10) := true
  objectAtLocation(laptop_1, location6) := true
  objectAtLocation(potato_2, location3) := true
  objectAtLocation(alarmClock_3, location1) := true
  objectAtLocation(spatula_4, location3) := true
  objectAtLocation(alarmClock_5, location8) := true
  objectAtLocation(apple_6, location9) := true
  objectAtLocation(spatula_7, location9) := true
  objectAtLocation(statue_8, location9) := true
  objectAtLocation(ladle_9, location4) := true
  objectAtLocation(plate_10, location2) := true
  atLocation(agent1, location5) := true
]

goals = [
  Exists (Receptacle - Checkable r) Exists (Obj - Checkable o) (inReceptacle(o, r) and objectType(o, plateType) and receptacleType(r, microwaveType))
]

quality metrics = [
  minimize sequential-plan-length
]


2025-06-17 09:54:09,278 - INFO - Generating plan for unconstrained problem

2025-06-17 09:54:09,657 - INFO - Unconstrained plan generation time: 0.37924647331237793

