2025-06-17 09:56:22,663 - INFO - 
================= Seed: 504 =================

2025-06-17 09:56:22,674 - INFO - problem name = alfred

types = [ReceptacleType, ObjectType, Checkable, Agent - Checkable, Location - Checkable, Receptacle - Checkable, Obj - Checkable]

fluents = [
  bool atLocation[a=Agent - Checkable, l=Location - Checkable]
  bool receptacleAtLocation[r=Receptacle - Checkable, l=Location - Checkable]
  bool objectAtLocation[o=Obj - Checkable, l=Location - Checkable]
  bool openable[r=Receptacle - Checkable]
  bool opened[r=Receptacle - Checkable]
  bool inReceptacle[o=Obj - Checkable, r=Receptacle - Checkable]
  bool isReceptacleObject[o=Obj - Checkable]
  bool inReceptacleObject[innerObject=Obj - Checkable, outObject=Obj - Checkable]
  bool isReceptacleObjectFull[o=Obj - Checkable]
  bool wasInReceptacle[o=Obj - Checkable, r=Receptacle - Checkable]
  bool checked[c=Checkable]
  bool examined[l=Location - Checkable]
  bool receptacleType[r=Receptacle - Checkable, rt=ReceptacleType]
  bool canContain[rt=ReceptacleType, ot=ObjectType]
  bool objectType[o=Obj - Checkable, t=ObjectType]
  bool holds[a=Agent - Checkable, o=Obj - Checkable]
  bool holdsAny[a=Agent - Checkable]
  bool holdsAnyReceptacleObject[a=Agent - Checkable]
  bool full[r=Receptacle - Checkable]
  bool isClean[o=Obj - Checkable]
  bool cleanable[o=Obj - Checkable]
  bool isHot[o=Obj - Checkable]
  bool heatable[o=Obj - Checkable]
  bool isCool[o=Obj - Checkable]
  bool coolable[o=Obj - Checkable]
  bool pickupable[o=Obj - Checkable]
  bool moveable[o=Obj - Checkable]
  bool toggleable[o=Obj - Checkable]
  bool isOn[o=Obj - Checkable]
  bool isToggled[o=Obj - Checkable]
  bool sliceable[o=Obj - Checkable]
  bool isSliced[o=Obj - Checkable]
]

actions = [
  action look(Agent - Checkable a, Location - Checkable l) {
    preconditions = [
      atLocation(a, l)
    ]
    effects = [
      checked(l) := true
    ]
  }
  action inventory(Agent - Checkable a) {
    preconditions = [
    ]
    effects = [
      checked(a) := true
    ]
  }
  action examineReceptacle(Agent - Checkable a, Receptacle - Checkable r) {
    preconditions = [
      Exists (Location - Checkable l) (atLocation(a, l) and receptacleAtLocation(r, l))
    ]
    effects = [
      checked(r) := true
    ]
  }
  action examineObject(Agent - Checkable a, Obj - Checkable o) {
    preconditions = [
      (Exists (Location - Checkable l) Exists (Receptacle - Checkable r) (atLocation(a, l) and receptacleAtLocation(r, l) and inReceptacle(o, r) and ((not openable(r)) or opened(r))) or holds(a, o))
    ]
    effects = [
      checked(o) := true
    ]
  }
  action goToLocation(Agent - Checkable a, Location - Checkable lstart, Location - Checkable lend) {
    preconditions = [
      atLocation(a, lstart)
    ]
    effects = [
      atLocation(a, lstart) := false
      atLocation(a, lend) := true
    ]
  }
  action openObject(Agent - Checkable a, Location - Checkable l, Receptacle - Checkable r) {
    preconditions = [
      (openable(r) and atLocation(a, l) and receptacleAtLocation(r, l) and (not opened(r)))
    ]
    effects = [
      opened(r) := true
      checked(r) := true
    ]
  }
  action closeObject(Agent - Checkable a, Location - Checkable l, Receptacle - Checkable r) {
    preconditions = [
      (openable(r) and atLocation(a, l) and receptacleAtLocation(r, l) and opened(r))
    ]
    effects = [
      opened(r) := false
    ]
  }
  action pickupObject(Agent - Checkable a, Location - Checkable l, Obj - Checkable o, Receptacle - Checkable r) {
    preconditions = [
      (pickupable(o) and atLocation(a, l) and receptacleAtLocation(r, l) and inReceptacle(o, r) and (not holdsAny(a)) and ((not openable(r)) or opened(r)))
    ]
    effects = [
      inReceptacle(o, r) := false
      holds(a, o) := true
      holdsAny(a) := true
      objectAtLocation(o, l) := false
    ]
  }
  action putObject(Agent - Checkable a, Location - Checkable l, Obj - Checkable o, Receptacle - Checkable r, ObjectType ot, ReceptacleType rt) {
    preconditions = [
      (holds(a, o) and atLocation(a, l) and receptacleAtLocation(r, l) and ((not openable(r)) or opened(r)) and objectType(o, ot) and receptacleType(r, rt) and canContain(rt, ot))
    ]
    effects = [
      inReceptacle(o, r) := true
      objectAtLocation(o, l) := true
      holds(a, o) := false
      holdsAny(a) := false
    ]
  }
  action cleanObject(Agent - Checkable a, Location - Checkable l, Receptacle - Checkable r, Obj - Checkable o) {
    preconditions = [
      (cleanable(o) and receptacleType(r, sinkBasinType) and atLocation(a, l) and receptacleAtLocation(r, l) and holds(a, o))
    ]
    effects = [
      isClean(o) := true
    ]
  }
  action heatObject(Agent - Checkable a, Location - Checkable l, Receptacle - Checkable r, Obj - Checkable o) {
    preconditions = [
      (heatable(o) and receptacleType(r, microwaveType) and atLocation(a, l) and receptacleAtLocation(r, l) and holds(a, o))
    ]
    effects = [
      isHot(o) := true
      isCool(o) := false
    ]
  }
  action coolObject(Agent - Checkable a, Location - Checkable l, Receptacle - Checkable r, Obj - Checkable o) {
    preconditions = [
      (coolable(o) and receptacleType(r, fridgeType) and atLocation(a, l) and receptacleAtLocation(r, l) and holds(a, o))
    ]
    effects = [
      isCool(o) := true
      isHot(o) := false
    ]
  }
  action toggleObject(Agent - Checkable a, Location - Checkable l, Obj - Checkable o, Receptacle - Checkable r) {
    preconditions = [
      (toggleable(o) and atLocation(a, l) and receptacleAtLocation(r, l) and inReceptacle(o, r))
    ]
    effects = [
      if isOn(o) then isOn(o) := false
      if (not isOn(o)) then isOn(o) := true
      isToggled(o) := true
    ]
  }
  action sliceObject(Agent - Checkable a, Location - Checkable l, Obj - Checkable co, Obj - Checkable ko) {
    preconditions = [
      (sliceable(co) and (objectType(ko, knifeType) or objectType(ko, butterKnifeType)) and atLocation(a, l) and objectAtLocation(co, l) and holds(a, ko))
    ]
    effects = [
      isSliced(co) := true
    ]
  }
  action help(Agent - Checkable a) {
    preconditions = [
    ]
    effects = [
      checked(a) := true
    ]
  }
]

objects = [
  ReceptacleType: [sinkBasinType, microwaveType, fridgeType, sideTableType, bedType, bathtubBasinType, stoveBurnerType, deskType, laundryHamperType, counterTopType, drawerType]
  ObjectType: [knifeType, butterKnifeType, sprayBottleType, candleType, dishSpongeType, statueType, forkType, plateType, paperTowelType, soapBarType, saltShakerType, boxType]
  Checkable: [agent1, location1, location2, location3, location4, location5, location6, location7, location8, location9, location10, sideTable_1, bed_2, bathtubBasin_3, stoveBurner_4, desk_5, bathtubBasin_6, laundryHamper_7, bed_8, counterTop_9, drawer_10, sprayBottle_1, candle_2, dishSponge_3, statue_4, fork_5, plate_6, paperTowel_7, soapBar_8, saltShaker_9, box_10]
  Agent - Checkable: [agent1]
  Location - Checkable: [location1, location2, location3, location4, location5, location6, location7, location8, location9, location10]
  Receptacle - Checkable: [sideTable_1, bed_2, bathtubBasin_3, stoveBurner_4, desk_5, bathtubBasin_6, laundryHamper_7, bed_8, counterTop_9, drawer_10]
  Obj - Checkable: [sprayBottle_1, candle_2, dishSponge_3, statue_4, fork_5, plate_6, paperTowel_7, soapBar_8, saltShaker_9, box_10]
]

initial fluents default = [
  bool atLocation[a=Agent - Checkable, l=Location - Checkable] := false
  bool receptacleAtLocation[r=Receptacle - Checkable, l=Location - Checkable] := false
  bool objectAtLocation[o=Obj - Checkable, l=Location - Checkable] := false
  bool openable[r=Receptacle - Checkable] := false
  bool opened[r=Receptacle - Checkable] := false
  bool inReceptacle[o=Obj - Checkable, r=Receptacle - Checkable] := false
  bool isReceptacleObject[o=Obj - Checkable] := false
  bool inReceptacleObject[innerObject=Obj - Checkable, outObject=Obj - Checkable] := false
  bool isReceptacleObjectFull[o=Obj - Checkable] := false
  bool wasInReceptacle[o=Obj - Checkable, r=Receptacle - Checkable] := false
  bool checked[c=Checkable] := false
  bool examined[l=Location - Checkable] := false
  bool receptacleType[r=Receptacle - Checkable, rt=ReceptacleType] := false
  bool canContain[rt=ReceptacleType, ot=ObjectType] := false
  bool objectType[o=Obj - Checkable, t=ObjectType] := false
  bool holds[a=Agent - Checkable, o=Obj - Checkable] := false
  bool holdsAny[a=Agent - Checkable] := false
  bool holdsAnyReceptacleObject[a=Agent - Checkable] := false
  bool full[r=Receptacle - Checkable] := false
  bool isClean[o=Obj - Checkable] := false
  bool cleanable[o=Obj - Checkable] := false
  bool isHot[o=Obj - Checkable] := false
  bool heatable[o=Obj - Checkable] := false
  bool isCool[o=Obj - Checkable] := false
  bool coolable[o=Obj - Checkable] := false
  bool pickupable[o=Obj - Checkable] := false
  bool moveable[o=Obj - Checkable] := false
  bool toggleable[o=Obj - Checkable] := false
  bool isOn[o=Obj - Checkable] := false
  bool isToggled[o=Obj - Checkable] := false
  bool sliceable[o=Obj - Checkable] := false
  bool isSliced[o=Obj - Checkable] := false
]

initial values = [
  receptacleType(sideTable_1, sideTableType) := true
  receptacleType(bed_2, bedType) := true
  receptacleType(bathtubBasin_3, bathtubBasinType) := true
  receptacleType(stoveBurner_4, stoveBurnerType) := true
  receptacleType(desk_5, deskType) := true
  receptacleType(bathtubBasin_6, bathtubBasinType) := true
  receptacleType(laundryHamper_7, laundryHamperType) := true
  receptacleType(bed_8, bedType) := true
  receptacleType(counterTop_9, counterTopType) := true
  receptacleType(drawer_10, drawerType) := true
  objectType(sprayBottle_1, sprayBottleType) := true
  objectType(candle_2, candleType) := true
  objectType(dishSponge_3, dishSpongeType) := true
  objectType(statue_4, statueType) := true
  objectType(fork_5, forkType) := true
  objectType(plate_6, plateType) := true
  objectType(paperTowel_7, paperTowelType) := true
  objectType(soapBar_8, soapBarType) := true
  objectType(saltShaker_9, saltShakerType) := true
  objectType(box_10, boxType) := true
  canContain(sideTableType, sprayBottleType) := true
  canContain(sideTableType, candleType) := true
  canContain(sideTableType, dishSpongeType) := true
  canContain(sideTableType, statueType) := true
  canContain(sideTableType, forkType) := true
  canContain(sideTableType, plateType) := true
  canContain(sideTableType, paperTowelType) := true
  canContain(sideTableType, soapBarType) := true
  canContain(sideTableType, saltShakerType) := true
  canContain(sideTableType, boxType) := true
  canContain(bathtubBasinType, dishSpongeType) := true
  canContain(bathtubBasinType, soapBarType) := true
  canContain(deskType, sprayBottleType) := true
  canContain(deskType, candleType) := true
  canContain(deskType, statueType) := true
  canContain(deskType, plateType) := true
  canContain(deskType, boxType) := true
  canContain(counterTopType, sprayBottleType) := true
  canContain(counterTopType, candleType) := true
  canContain(counterTopType, dishSpongeType) := true
  canContain(counterTopType, statueType) := true
  canContain(counterTopType, forkType) := true
  canContain(counterTopType, plateType) := true
  canContain(counterTopType, paperTowelType) := true
  canContain(counterTopType, soapBarType) := true
  canContain(counterTopType, saltShakerType) := true
  canContain(counterTopType, boxType) := true
  canContain(drawerType, sprayBottleType) := true
  canContain(drawerType, candleType) := true
  canContain(drawerType, dishSpongeType) := true
  canContain(drawerType, forkType) := true
  canContain(drawerType, soapBarType) := true
  canContain(drawerType, saltShakerType) := true
  pickupable(sprayBottle_1) := true
  pickupable(candle_2) := true
  pickupable(dishSponge_3) := true
  cleanable(dishSponge_3) := true
  pickupable(statue_4) := true
  pickupable(fork_5) := true
  cleanable(fork_5) := true
  pickupable(plate_6) := true
  isReceptacleObject(plate_6) := true
  cleanable(plate_6) := true
  heatable(plate_6) := true
  coolable(plate_6) := true
  pickupable(paperTowel_7) := true
  pickupable(soapBar_8) := true
  cleanable(soapBar_8) := true
  pickupable(saltShaker_9) := true
  pickupable(box_10) := true
  isReceptacleObject(box_10) := true
  receptacleAtLocation(sideTable_1, location2) := true
  receptacleAtLocation(bed_2, location7) := true
  receptacleAtLocation(bathtubBasin_3, location2) := true
  receptacleAtLocation(stoveBurner_4, location1) := true
  receptacleAtLocation(desk_5, location8) := true
  receptacleAtLocation(bathtubBasin_6, location5) := true
  receptacleAtLocation(laundryHamper_7, location2) := true
  receptacleAtLocation(bed_8, location3) := true
  receptacleAtLocation(counterTop_9, location1) := true
  receptacleAtLocation(drawer_10, location4) := true
  inReceptacle(sprayBottle_1, sideTable_1) := true
  inReceptacle(candle_2, counterTop_9) := true
  inReceptacle(statue_4, desk_5) := true
  inReceptacle(soapBar_8, bathtubBasin_3) := true
  objectAtLocation(sprayBottle_1, location2) := true
  objectAtLocation(candle_2, location1) := true
  objectAtLocation(dishSponge_3, location10) := true
  objectAtLocation(statue_4, location8) := true
  objectAtLocation(fork_5, location5) := true
  objectAtLocation(plate_6, location8) := true
  objectAtLocation(paperTowel_7, location2) := true
  objectAtLocation(soapBar_8, location2) := true
  objectAtLocation(saltShaker_9, location5) := true
  objectAtLocation(box_10, location4) := true
  atLocation(agent1, location8) := true
]

goals = [
  Exists (Receptacle - Checkable r) Exists (Obj - Checkable o) (inReceptacle(o, r) and objectType(o, statueType) and receptacleType(r, deskType))
]

quality metrics = [
  minimize sequential-plan-length
]


2025-06-17 09:56:22,678 - INFO - Generating plan for unconstrained problem

2025-06-17 09:56:23,089 - INFO - Unconstrained plan generation time: 0.41104722023010254

2025-06-17 09:56:23,089 - INFO - Unconstrained plan and cost: 
2025-06-17 09:56:23,089 - INFO - SequentialPlan:
2025-06-17 09:56:23,089 - INFO - 0
2025-06-17 09:56:24,327 - INFO - Sampled constraints:

2025-06-17 09:56:24,327 - INFO - Sometime((checked(location7) or atLocation(agent1, location1)))
2025-06-17 09:56:24,327 - INFO - 
2025-06-17 09:56:24,327 - INFO - Generation time: 1.237466812133789

2025-06-17 09:56:24,335 - INFO - Generating plan for constrained problem (with LiftedTCORE).

2025-06-17 09:56:24,372 - INFO - LiftedTCORE compilation time: 0.03744244575500488

2025-06-17 09:56:24,840 - INFO - Planning Time with LiftedTCORE's file: 0.4600858688354492

2025-06-17 09:56:24,840 - INFO - Plan found with LiftedTCORE + sym_bd: SequentialPlan:
    goToLocation(agent1, location8, location1)
2025-06-17 09:56:24,840 - INFO - Seed: 504 is solvable

2025-06-17 09:56:24,840 - INFO - Unconstrained cost: 0
2025-06-17 09:56:24,840 - INFO - Constrained cost: 1
2025-06-17 09:56:24,840 - INFO - Seed: 504 Plan simulation is feasible
2025-06-17 09:56:24,840 - INFO - 
Seed: 504 
 Plan: [goToLocation(agent1, location8, location1)]  
 Cost: 1

