2025-06-17 09:57:25,530 - INFO - 
================= Seed: 596 =================

2025-06-17 09:57:25,542 - INFO - problem name = alfred

types = [ReceptacleType, ObjectType, Checkable, Agent - Checkable, Location - Checkable, Receptacle - Checkable, Obj - Checkable]

fluents = [
  bool atLocation[a=Agent - Checkable, l=Location - Checkable]
  bool receptacleAtLocation[r=Receptacle - Checkable, l=Location - Checkable]
  bool objectAtLocation[o=Obj - Checkable, l=Location - Checkable]
  bool openable[r=Receptacle - Checkable]
  bool opened[r=Receptacle - Checkable]
  bool inReceptacle[o=Obj - Checkable, r=Receptacle - Checkable]
  bool isReceptacleObject[o=Obj - Checkable]
  bool inReceptacleObject[innerObject=Obj - Checkable, outObject=Obj - Checkable]
  bool isReceptacleObjectFull[o=Obj - Checkable]
  bool wasInReceptacle[o=Obj - Checkable, r=Receptacle - Checkable]
  bool checked[c=Checkable]
  bool examined[l=Location - Checkable]
  bool receptacleType[r=Receptacle - Checkable, rt=ReceptacleType]
  bool canContain[rt=ReceptacleType, ot=ObjectType]
  bool objectType[o=Obj - Checkable, t=ObjectType]
  bool holds[a=Agent - Checkable, o=Obj - Checkable]
  bool holdsAny[a=Agent - Checkable]
  bool holdsAnyReceptacleObject[a=Agent - Checkable]
  bool full[r=Receptacle - Checkable]
  bool isClean[o=Obj - Checkable]
  bool cleanable[o=Obj - Checkable]
  bool isHot[o=Obj - Checkable]
  bool heatable[o=Obj - Checkable]
  bool isCool[o=Obj - Checkable]
  bool coolable[o=Obj - Checkable]
  bool pickupable[o=Obj - Checkable]
  bool moveable[o=Obj - Checkable]
  bool toggleable[o=Obj - Checkable]
  bool isOn[o=Obj - Checkable]
  bool isToggled[o=Obj - Checkable]
  bool sliceable[o=Obj - Checkable]
  bool isSliced[o=Obj - Checkable]
]

actions = [
  action look(Agent - Checkable a, Location - Checkable l) {
    preconditions = [
      atLocation(a, l)
    ]
    effects = [
      checked(l) := true
    ]
  }
  action inventory(Agent - Checkable a) {
    preconditions = [
    ]
    effects = [
      checked(a) := true
    ]
  }
  action examineReceptacle(Agent - Checkable a, Receptacle - Checkable r) {
    preconditions = [
      Exists (Location - Checkable l) (atLocation(a, l) and receptacleAtLocation(r, l))
    ]
    effects = [
      checked(r) := true
    ]
  }
  action examineObject(Agent - Checkable a, Obj - Checkable o) {
    preconditions = [
      (Exists (Location - Checkable l) Exists (Receptacle - Checkable r) (atLocation(a, l) and receptacleAtLocation(r, l) and inReceptacle(o, r) and ((not openable(r)) or opened(r))) or holds(a, o))
    ]
    effects = [
      checked(o) := true
    ]
  }
  action goToLocation(Agent - Checkable a, Location - Checkable lstart, Location - Checkable lend) {
    preconditions = [
      atLocation(a, lstart)
    ]
    effects = [
      atLocation(a, lstart) := false
      atLocation(a, lend) := true
    ]
  }
  action openObject(Agent - Checkable a, Location - Checkable l, Receptacle - Checkable r) {
    preconditions = [
      (openable(r) and atLocation(a, l) and receptacleAtLocation(r, l) and (not opened(r)))
    ]
    effects = [
      opened(r) := true
      checked(r) := true
    ]
  }
  action closeObject(Agent - Checkable a, Location - Checkable l, Receptacle - Checkable r) {
    preconditions = [
      (openable(r) and atLocation(a, l) and receptacleAtLocation(r, l) and opened(r))
    ]
    effects = [
      opened(r) := false
    ]
  }
  action pickupObject(Agent - Checkable a, Location - Checkable l, Obj - Checkable o, Receptacle - Checkable r) {
    preconditions = [
      (pickupable(o) and atLocation(a, l) and receptacleAtLocation(r, l) and inReceptacle(o, r) and (not holdsAny(a)) and ((not openable(r)) or opened(r)))
    ]
    effects = [
      inReceptacle(o, r) := false
      holds(a, o) := true
      holdsAny(a) := true
      objectAtLocation(o, l) := false
    ]
  }
  action putObject(Agent - Checkable a, Location - Checkable l, Obj - Checkable o, Receptacle - Checkable r, ObjectType ot, ReceptacleType rt) {
    preconditions = [
      (holds(a, o) and atLocation(a, l) and receptacleAtLocation(r, l) and ((not openable(r)) or opened(r)) and objectType(o, ot) and receptacleType(r, rt) and canContain(rt, ot))
    ]
    effects = [
      inReceptacle(o, r) := true
      objectAtLocation(o, l) := true
      holds(a, o) := false
      holdsAny(a) := false
    ]
  }
  action cleanObject(Agent - Checkable a, Location - Checkable l, Receptacle - Checkable r, Obj - Checkable o) {
    preconditions = [
      (cleanable(o) and receptacleType(r, sinkBasinType) and atLocation(a, l) and receptacleAtLocation(r, l) and holds(a, o))
    ]
    effects = [
      isClean(o) := true
    ]
  }
  action heatObject(Agent - Checkable a, Location - Checkable l, Receptacle - Checkable r, Obj - Checkable o) {
    preconditions = [
      (heatable(o) and receptacleType(r, microwaveType) and atLocation(a, l) and receptacleAtLocation(r, l) and holds(a, o))
    ]
    effects = [
      isHot(o) := true
      isCool(o) := false
    ]
  }
  action coolObject(Agent - Checkable a, Location - Checkable l, Receptacle - Checkable r, Obj - Checkable o) {
    preconditions = [
      (coolable(o) and receptacleType(r, fridgeType) and atLocation(a, l) and receptacleAtLocation(r, l) and holds(a, o))
    ]
    effects = [
      isCool(o) := true
      isHot(o) := false
    ]
  }
  action toggleObject(Agent - Checkable a, Location - Checkable l, Obj - Checkable o, Receptacle - Checkable r) {
    preconditions = [
      (toggleable(o) and atLocation(a, l) and receptacleAtLocation(r, l) and inReceptacle(o, r))
    ]
    effects = [
      if isOn(o) then isOn(o) := false
      if (not isOn(o)) then isOn(o) := true
      isToggled(o) := true
    ]
  }
  action sliceObject(Agent - Checkable a, Location - Checkable l, Obj - Checkable co, Obj - Checkable ko) {
    preconditions = [
      (sliceable(co) and (objectType(ko, knifeType) or objectType(ko, butterKnifeType)) and atLocation(a, l) and objectAtLocation(co, l) and holds(a, ko))
    ]
    effects = [
      isSliced(co) := true
    ]
  }
  action help(Agent - Checkable a) {
    preconditions = [
    ]
    effects = [
      checked(a) := true
    ]
  }
]

objects = [
  ReceptacleType: [sinkBasinType, microwaveType, fridgeType, diningTableType, cabinetType, toasterType, coffeeMachineType, laundryHamperType, sofaType, counterTopType, dresserType]
  ObjectType: [knifeType, butterKnifeType, baseballBatType, tissueBoxType, appleType, potType, newspaperType, kettleType, keyChainType, bowlType]
  Checkable: [agent1, location1, location2, location3, location4, location5, location6, location7, location8, location9, location10, diningTable_1, cabinet_2, toaster_3, coffeeMachine_4, laundryHamper_5, cabinet_6, coffeeMachine_7, sofa_8, counterTop_9, dresser_10, baseballBat_1, tissueBox_2, apple_3, butterKnife_4, pot_5, newspaper_6, pot_7, kettle_8, keyChain_9, bowl_10]
  Agent - Checkable: [agent1]
  Location - Checkable: [location1, location2, location3, location4, location5, location6, location7, location8, location9, location10]
  Receptacle - Checkable: [diningTable_1, cabinet_2, toaster_3, coffeeMachine_4, laundryHamper_5, cabinet_6, coffeeMachine_7, sofa_8, counterTop_9, dresser_10]
  Obj - Checkable: [baseballBat_1, tissueBox_2, apple_3, butterKnife_4, pot_5, newspaper_6, pot_7, kettle_8, keyChain_9, bowl_10]
]

initial fluents default = [
  bool atLocation[a=Agent - Checkable, l=Location - Checkable] := false
  bool receptacleAtLocation[r=Receptacle - Checkable, l=Location - Checkable] := false
  bool objectAtLocation[o=Obj - Checkable, l=Location - Checkable] := false
  bool openable[r=Receptacle - Checkable] := false
  bool opened[r=Receptacle - Checkable] := false
  bool inReceptacle[o=Obj - Checkable, r=Receptacle - Checkable] := false
  bool isReceptacleObject[o=Obj - Checkable] := false
  bool inReceptacleObject[innerObject=Obj - Checkable, outObject=Obj - Checkable] := false
  bool isReceptacleObjectFull[o=Obj - Checkable] := false
  bool wasInReceptacle[o=Obj - Checkable, r=Receptacle - Checkable] := false
  bool checked[c=Checkable] := false
  bool examined[l=Location - Checkable] := false
  bool receptacleType[r=Receptacle - Checkable, rt=ReceptacleType] := false
  bool canContain[rt=ReceptacleType, ot=ObjectType] := false
  bool objectType[o=Obj - Checkable, t=ObjectType] := false
  bool holds[a=Agent - Checkable, o=Obj - Checkable] := false
  bool holdsAny[a=Agent - Checkable] := false
  bool holdsAnyReceptacleObject[a=Agent - Checkable] := false
  bool full[r=Receptacle - Checkable] := false
  bool isClean[o=Obj - Checkable] := false
  bool cleanable[o=Obj - Checkable] := false
  bool isHot[o=Obj - Checkable] := false
  bool heatable[o=Obj - Checkable] := false
  bool isCool[o=Obj - Checkable] := false
  bool coolable[o=Obj - Checkable] := false
  bool pickupable[o=Obj - Checkable] := false
  bool moveable[o=Obj - Checkable] := false
  bool toggleable[o=Obj - Checkable] := false
  bool isOn[o=Obj - Checkable] := false
  bool isToggled[o=Obj - Checkable] := false
  bool sliceable[o=Obj - Checkable] := false
  bool isSliced[o=Obj - Checkable] := false
]

initial values = [
  receptacleType(diningTable_1, diningTableType) := true
  receptacleType(cabinet_2, cabinetType) := true
  receptacleType(toaster_3, toasterType) := true
  receptacleType(coffeeMachine_4, coffeeMachineType) := true
  receptacleType(laundryHamper_5, laundryHamperType) := true
  receptacleType(cabinet_6, cabinetType) := true
  receptacleType(coffeeMachine_7, coffeeMachineType) := true
  receptacleType(sofa_8, sofaType) := true
  receptacleType(counterTop_9, counterTopType) := true
  receptacleType(dresser_10, dresserType) := true
  objectType(baseballBat_1, baseballBatType) := true
  objectType(tissueBox_2, tissueBoxType) := true
  objectType(apple_3, appleType) := true
  objectType(butterKnife_4, butterKnifeType) := true
  objectType(pot_5, potType) := true
  objectType(newspaper_6, newspaperType) := true
  objectType(pot_7, potType) := true
  objectType(kettle_8, kettleType) := true
  objectType(keyChain_9, keyChainType) := true
  objectType(bowl_10, bowlType) := true
  canContain(diningTableType, baseballBatType) := true
  canContain(diningTableType, tissueBoxType) := true
  canContain(diningTableType, appleType) := true
  canContain(diningTableType, butterKnifeType) := true
  canContain(diningTableType, potType) := true
  canContain(diningTableType, newspaperType) := true
  canContain(diningTableType, kettleType) := true
  canContain(diningTableType, keyChainType) := true
  canContain(diningTableType, bowlType) := true
  canContain(cabinetType, tissueBoxType) := true
  canContain(cabinetType, potType) := true
  canContain(cabinetType, newspaperType) := true
  canContain(cabinetType, kettleType) := true
  canContain(cabinetType, bowlType) := true
  canContain(sofaType, newspaperType) := true
  canContain(sofaType, keyChainType) := true
  canContain(counterTopType, baseballBatType) := true
  canContain(counterTopType, tissueBoxType) := true
  canContain(counterTopType, appleType) := true
  canContain(counterTopType, butterKnifeType) := true
  canContain(counterTopType, potType) := true
  canContain(counterTopType, newspaperType) := true
  canContain(counterTopType, kettleType) := true
  canContain(counterTopType, keyChainType) := true
  canContain(counterTopType, bowlType) := true
  canContain(dresserType, tissueBoxType) := true
  canContain(dresserType, newspaperType) := true
  canContain(dresserType, keyChainType) := true
  canContain(dresserType, bowlType) := true
  pickupable(baseballBat_1) := true
  pickupable(tissueBox_2) := true
  pickupable(apple_3) := true
  cleanable(apple_3) := true
  heatable(apple_3) := true
  coolable(apple_3) := true
  sliceable(apple_3) := true
  pickupable(butterKnife_4) := true
  cleanable(butterKnife_4) := true
  pickupable(pot_5) := true
  isReceptacleObject(pot_5) := true
  cleanable(pot_5) := true
  coolable(pot_5) := true
  pickupable(newspaper_6) := true
  pickupable(pot_7) := true
  isReceptacleObject(pot_7) := true
  cleanable(pot_7) := true
  coolable(pot_7) := true
  pickupable(kettle_8) := true
  cleanable(kettle_8) := true
  pickupable(keyChain_9) := true
  pickupable(bowl_10) := true
  isReceptacleObject(bowl_10) := true
  cleanable(bowl_10) := true
  coolable(bowl_10) := true
  receptacleAtLocation(diningTable_1, location10) := true
  receptacleAtLocation(cabinet_2, location8) := true
  receptacleAtLocation(toaster_3, location8) := true
  receptacleAtLocation(coffeeMachine_4, location2) := true
  receptacleAtLocation(laundryHamper_5, location4) := true
  receptacleAtLocation(cabinet_6, location1) := true
  receptacleAtLocation(coffeeMachine_7, location5) := true
  receptacleAtLocation(sofa_8, location9) := true
  receptacleAtLocation(counterTop_9, location6) := true
  receptacleAtLocation(dresser_10, location7) := true
  inReceptacle(baseballBat_1, diningTable_1) := true
  inReceptacle(tissueBox_2, cabinet_6) := true
  inReceptacle(butterKnife_4, diningTable_1) := true
  inReceptacle(newspaper_6, counterTop_9) := true
  inReceptacle(keyChain_9, dresser_10) := true
  inReceptacle(bowl_10, cabinet_6) := true
  objectAtLocation(baseballBat_1, location10) := true
  objectAtLocation(tissueBox_2, location1) := true
  objectAtLocation(apple_3, location9) := true
  objectAtLocation(butterKnife_4, location10) := true
  objectAtLocation(pot_5, location6) := true
  objectAtLocation(newspaper_6, location6) := true
  objectAtLocation(pot_7, location7) := true
  objectAtLocation(kettle_8, location2) := true
  objectAtLocation(keyChain_9, location7) := true
  objectAtLocation(bowl_10, location1) := true
  atLocation(agent1, location3) := true
]

goals = [
  Exists (Receptacle - Checkable r) Exists (Obj - Checkable o) (coolable(o) and objectType(o, appleType) and receptacleType(r, diningTableType) and isCool(o) and inReceptacle(o, r))
]

quality metrics = [
  minimize sequential-plan-length
]


2025-06-17 09:57:25,546 - INFO - Generating plan for unconstrained problem

2025-06-17 09:57:25,956 - INFO - Unconstrained plan generation time: 0.41016197204589844

