2025-06-17 10:23:19,523 - INFO - 
================= Seed: 876 =================

2025-06-17 10:23:19,527 - INFO - problem name = alfred

types = [ReceptacleType, ObjectType, Checkable, Agent - Checkable, Location - Checkable, Receptacle - Checkable, Obj - Checkable]

fluents = [
  bool atLocation[a=Agent - Checkable, l=Location - Checkable]
  bool receptacleAtLocation[r=Receptacle - Checkable, l=Location - Checkable]
  bool objectAtLocation[o=Obj - Checkable, l=Location - Checkable]
  bool openable[r=Receptacle - Checkable]
  bool opened[r=Receptacle - Checkable]
  bool inReceptacle[o=Obj - Checkable, r=Receptacle - Checkable]
  bool isReceptacleObject[o=Obj - Checkable]
  bool inReceptacleObject[innerObject=Obj - Checkable, outObject=Obj - Checkable]
  bool isReceptacleObjectFull[o=Obj - Checkable]
  bool wasInReceptacle[o=Obj - Checkable, r=Receptacle - Checkable]
  bool checked[c=Checkable]
  bool examined[l=Location - Checkable]
  bool receptacleType[r=Receptacle - Checkable, rt=ReceptacleType]
  bool canContain[rt=ReceptacleType, ot=ObjectType]
  bool objectType[o=Obj - Checkable, t=ObjectType]
  bool holds[a=Agent - Checkable, o=Obj - Checkable]
  bool holdsAny[a=Agent - Checkable]
  bool holdsAnyReceptacleObject[a=Agent - Checkable]
  bool full[r=Receptacle - Checkable]
  bool isClean[o=Obj - Checkable]
  bool cleanable[o=Obj - Checkable]
  bool isHot[o=Obj - Checkable]
  bool heatable[o=Obj - Checkable]
  bool isCool[o=Obj - Checkable]
  bool coolable[o=Obj - Checkable]
  bool pickupable[o=Obj - Checkable]
  bool moveable[o=Obj - Checkable]
  bool toggleable[o=Obj - Checkable]
  bool isOn[o=Obj - Checkable]
  bool isToggled[o=Obj - Checkable]
  bool sliceable[o=Obj - Checkable]
  bool isSliced[o=Obj - Checkable]
]

actions = [
  action look(Agent - Checkable a, Location - Checkable l) {
    preconditions = [
      atLocation(a, l)
    ]
    effects = [
      checked(l) := true
    ]
  }
  action inventory(Agent - Checkable a) {
    preconditions = [
    ]
    effects = [
      checked(a) := true
    ]
  }
  action examineReceptacle(Agent - Checkable a, Receptacle - Checkable r) {
    preconditions = [
      Exists (Location - Checkable l) (atLocation(a, l) and receptacleAtLocation(r, l))
    ]
    effects = [
      checked(r) := true
    ]
  }
  action examineObject(Agent - Checkable a, Obj - Checkable o) {
    preconditions = [
      (Exists (Location - Checkable l) Exists (Receptacle - Checkable r) (atLocation(a, l) and receptacleAtLocation(r, l) and inReceptacle(o, r) and ((not openable(r)) or opened(r))) or holds(a, o))
    ]
    effects = [
      checked(o) := true
    ]
  }
  action goToLocation(Agent - Checkable a, Location - Checkable lstart, Location - Checkable lend) {
    preconditions = [
      atLocation(a, lstart)
    ]
    effects = [
      atLocation(a, lstart) := false
      atLocation(a, lend) := true
    ]
  }
  action openObject(Agent - Checkable a, Location - Checkable l, Receptacle - Checkable r) {
    preconditions = [
      (openable(r) and atLocation(a, l) and receptacleAtLocation(r, l) and (not opened(r)))
    ]
    effects = [
      opened(r) := true
      checked(r) := true
    ]
  }
  action closeObject(Agent - Checkable a, Location - Checkable l, Receptacle - Checkable r) {
    preconditions = [
      (openable(r) and atLocation(a, l) and receptacleAtLocation(r, l) and opened(r))
    ]
    effects = [
      opened(r) := false
    ]
  }
  action pickupObject(Agent - Checkable a, Location - Checkable l, Obj - Checkable o, Receptacle - Checkable r) {
    preconditions = [
      (pickupable(o) and atLocation(a, l) and receptacleAtLocation(r, l) and inReceptacle(o, r) and (not holdsAny(a)) and ((not openable(r)) or opened(r)))
    ]
    effects = [
      inReceptacle(o, r) := false
      holds(a, o) := true
      holdsAny(a) := true
      objectAtLocation(o, l) := false
    ]
  }
  action putObject(Agent - Checkable a, Location - Checkable l, Obj - Checkable o, Receptacle - Checkable r, ObjectType ot, ReceptacleType rt) {
    preconditions = [
      (holds(a, o) and atLocation(a, l) and receptacleAtLocation(r, l) and ((not openable(r)) or opened(r)) and objectType(o, ot) and receptacleType(r, rt) and canContain(rt, ot))
    ]
    effects = [
      inReceptacle(o, r) := true
      objectAtLocation(o, l) := true
      holds(a, o) := false
      holdsAny(a) := false
    ]
  }
  action cleanObject(Agent - Checkable a, Location - Checkable l, Receptacle - Checkable r, Obj - Checkable o) {
    preconditions = [
      (cleanable(o) and receptacleType(r, sinkBasinType) and atLocation(a, l) and receptacleAtLocation(r, l) and holds(a, o))
    ]
    effects = [
      isClean(o) := true
    ]
  }
  action heatObject(Agent - Checkable a, Location - Checkable l, Receptacle - Checkable r, Obj - Checkable o) {
    preconditions = [
      (heatable(o) and receptacleType(r, microwaveType) and atLocation(a, l) and receptacleAtLocation(r, l) and holds(a, o))
    ]
    effects = [
      isHot(o) := true
      isCool(o) := false
    ]
  }
  action coolObject(Agent - Checkable a, Location - Checkable l, Receptacle - Checkable r, Obj - Checkable o) {
    preconditions = [
      (coolable(o) and receptacleType(r, fridgeType) and atLocation(a, l) and receptacleAtLocation(r, l) and holds(a, o))
    ]
    effects = [
      isCool(o) := true
      isHot(o) := false
    ]
  }
  action toggleObject(Agent - Checkable a, Location - Checkable l, Obj - Checkable o, Receptacle - Checkable r) {
    preconditions = [
      (toggleable(o) and atLocation(a, l) and receptacleAtLocation(r, l) and inReceptacle(o, r))
    ]
    effects = [
      if isOn(o) then isOn(o) := false
      if (not isOn(o)) then isOn(o) := true
      isToggled(o) := true
    ]
  }
  action sliceObject(Agent - Checkable a, Location - Checkable l, Obj - Checkable co, Obj - Checkable ko) {
    preconditions = [
      (sliceable(co) and (objectType(ko, knifeType) or objectType(ko, butterKnifeType)) and atLocation(a, l) and objectAtLocation(co, l) and holds(a, ko))
    ]
    effects = [
      isSliced(co) := true
    ]
  }
  action help(Agent - Checkable a) {
    preconditions = [
    ]
    effects = [
      checked(a) := true
    ]
  }
]

objects = [
  ReceptacleType: [sinkBasinType, microwaveType, fridgeType, ottomanType, bathtubBasinType, dresserType, garbageCanType, sideTableType, coffeeTableType, drawerType, shelfType, safeType]
  ObjectType: [knifeType, butterKnifeType, watchType, basketBallType, dishSpongeType, forkType, tennisRacketType, lettuceType, kettleType, newspaperType, cellPhoneType, mugType]
  Checkable: [agent1, location1, location2, location3, location4, location5, location6, location7, location8, location9, location10, ottoman_1, bathtubBasin_2, dresser_3, garbageCan_4, sideTable_5, coffeeTable_6, drawer_7, shelf_8, shelf_9, safe_10, watch_1, basketBall_2, dishSponge_3, fork_4, tennisRacket_5, lettuce_6, kettle_7, newspaper_8, cellPhone_9, mug_10]
  Agent - Checkable: [agent1]
  Location - Checkable: [location1, location2, location3, location4, location5, location6, location7, location8, location9, location10]
  Receptacle - Checkable: [ottoman_1, bathtubBasin_2, dresser_3, garbageCan_4, sideTable_5, coffeeTable_6, drawer_7, shelf_8, shelf_9, safe_10]
  Obj - Checkable: [watch_1, basketBall_2, dishSponge_3, fork_4, tennisRacket_5, lettuce_6, kettle_7, newspaper_8, cellPhone_9, mug_10]
]

initial fluents default = [
  bool atLocation[a=Agent - Checkable, l=Location - Checkable] := false
  bool receptacleAtLocation[r=Receptacle - Checkable, l=Location - Checkable] := false
  bool objectAtLocation[o=Obj - Checkable, l=Location - Checkable] := false
  bool openable[r=Receptacle - Checkable] := false
  bool opened[r=Receptacle - Checkable] := false
  bool inReceptacle[o=Obj - Checkable, r=Receptacle - Checkable] := false
  bool isReceptacleObject[o=Obj - Checkable] := false
  bool inReceptacleObject[innerObject=Obj - Checkable, outObject=Obj - Checkable] := false
  bool isReceptacleObjectFull[o=Obj - Checkable] := false
  bool wasInReceptacle[o=Obj - Checkable, r=Receptacle - Checkable] := false
  bool checked[c=Checkable] := false
  bool examined[l=Location - Checkable] := false
  bool receptacleType[r=Receptacle - Checkable, rt=ReceptacleType] := false
  bool canContain[rt=ReceptacleType, ot=ObjectType] := false
  bool objectType[o=Obj - Checkable, t=ObjectType] := false
  bool holds[a=Agent - Checkable, o=Obj - Checkable] := false
  bool holdsAny[a=Agent - Checkable] := false
  bool holdsAnyReceptacleObject[a=Agent - Checkable] := false
  bool full[r=Receptacle - Checkable] := false
  bool isClean[o=Obj - Checkable] := false
  bool cleanable[o=Obj - Checkable] := false
  bool isHot[o=Obj - Checkable] := false
  bool heatable[o=Obj - Checkable] := false
  bool isCool[o=Obj - Checkable] := false
  bool coolable[o=Obj - Checkable] := false
  bool pickupable[o=Obj - Checkable] := false
  bool moveable[o=Obj - Checkable] := false
  bool toggleable[o=Obj - Checkable] := false
  bool isOn[o=Obj - Checkable] := false
  bool isToggled[o=Obj - Checkable] := false
  bool sliceable[o=Obj - Checkable] := false
  bool isSliced[o=Obj - Checkable] := false
]

initial values = [
  receptacleType(ottoman_1, ottomanType) := true
  receptacleType(bathtubBasin_2, bathtubBasinType) := true
  receptacleType(dresser_3, dresserType) := true
  receptacleType(garbageCan_4, garbageCanType) := true
  receptacleType(sideTable_5, sideTableType) := true
  receptacleType(coffeeTable_6, coffeeTableType) := true
  receptacleType(drawer_7, drawerType) := true
  receptacleType(shelf_8, shelfType) := true
  receptacleType(shelf_9, shelfType) := true
  receptacleType(safe_10, safeType) := true
  objectType(watch_1, watchType) := true
  objectType(basketBall_2, basketBallType) := true
  objectType(dishSponge_3, dishSpongeType) := true
  objectType(fork_4, forkType) := true
  objectType(tennisRacket_5, tennisRacketType) := true
  objectType(lettuce_6, lettuceType) := true
  objectType(kettle_7, kettleType) := true
  objectType(newspaper_8, newspaperType) := true
  objectType(cellPhone_9, cellPhoneType) := true
  objectType(mug_10, mugType) := true
  canContain(ottomanType, basketBallType) := true
  canContain(ottomanType, newspaperType) := true
  canContain(ottomanType, cellPhoneType) := true
  canContain(bathtubBasinType, dishSpongeType) := true
  canContain(dresserType, watchType) := true
  canContain(dresserType, basketBallType) := true
  canContain(dresserType, tennisRacketType) := true
  canContain(dresserType, newspaperType) := true
  canContain(dresserType, cellPhoneType) := true
  canContain(dresserType, mugType) := true
  canContain(garbageCanType, dishSpongeType) := true
  canContain(garbageCanType, lettuceType) := true
  canContain(garbageCanType, newspaperType) := true
  canContain(sideTableType, watchType) := true
  canContain(sideTableType, basketBallType) := true
  canContain(sideTableType, dishSpongeType) := true
  canContain(sideTableType, forkType) := true
  canContain(sideTableType, tennisRacketType) := true
  canContain(sideTableType, lettuceType) := true
  canContain(sideTableType, kettleType) := true
  canContain(sideTableType, newspaperType) := true
  canContain(sideTableType, cellPhoneType) := true
  canContain(sideTableType, mugType) := true
  canContain(coffeeTableType, watchType) := true
  canContain(coffeeTableType, basketBallType) := true
  canContain(coffeeTableType, dishSpongeType) := true
  canContain(coffeeTableType, forkType) := true
  canContain(coffeeTableType, tennisRacketType) := true
  canContain(coffeeTableType, lettuceType) := true
  canContain(coffeeTableType, kettleType) := true
  canContain(coffeeTableType, newspaperType) := true
  canContain(coffeeTableType, cellPhoneType) := true
  canContain(coffeeTableType, mugType) := true
  canContain(drawerType, watchType) := true
  canContain(drawerType, dishSpongeType) := true
  canContain(drawerType, forkType) := true
  canContain(drawerType, newspaperType) := true
  canContain(drawerType, cellPhoneType) := true
  canContain(shelfType, watchType) := true
  canContain(shelfType, dishSpongeType) := true
  canContain(shelfType, kettleType) := true
  canContain(shelfType, newspaperType) := true
  canContain(shelfType, cellPhoneType) := true
  canContain(shelfType, mugType) := true
  canContain(safeType, watchType) := true
  canContain(safeType, cellPhoneType) := true
  pickupable(watch_1) := true
  pickupable(basketBall_2) := true
  pickupable(dishSponge_3) := true
  cleanable(dishSponge_3) := true
  pickupable(fork_4) := true
  cleanable(fork_4) := true
  pickupable(tennisRacket_5) := true
  pickupable(lettuce_6) := true
  cleanable(lettuce_6) := true
  coolable(lettuce_6) := true
  sliceable(lettuce_6) := true
  pickupable(kettle_7) := true
  cleanable(kettle_7) := true
  pickupable(newspaper_8) := true
  pickupable(cellPhone_9) := true
  pickupable(mug_10) := true
  isReceptacleObject(mug_10) := true
  cleanable(mug_10) := true
  heatable(mug_10) := true
  coolable(mug_10) := true
  receptacleAtLocation(ottoman_1, location8) := true
  receptacleAtLocation(bathtubBasin_2, location4) := true
  receptacleAtLocation(dresser_3, location8) := true
  receptacleAtLocation(garbageCan_4, location3) := true
  receptacleAtLocation(sideTable_5, location7) := true
  receptacleAtLocation(coffeeTable_6, location1) := true
  receptacleAtLocation(drawer_7, location5) := true
  receptacleAtLocation(shelf_8, location1) := true
  receptacleAtLocation(shelf_9, location1) := true
  receptacleAtLocation(safe_10, location8) := true
  inReceptacle(basketBall_2, dresser_3) := true
  inReceptacle(dishSponge_3, coffeeTable_6) := true
  inReceptacle(fork_4, drawer_7) := true
  inReceptacle(cellPhone_9, coffeeTable_6) := true
  objectAtLocation(watch_1, location2) := true
  objectAtLocation(basketBall_2, location8) := true
  objectAtLocation(dishSponge_3, location1) := true
  objectAtLocation(fork_4, location5) := true
  objectAtLocation(tennisRacket_5, location8) := true
  objectAtLocation(lettuce_6, location8) := true
  objectAtLocation(kettle_7, location5) := true
  objectAtLocation(newspaper_8, location7) := true
  objectAtLocation(cellPhone_9, location1) := true
  objectAtLocation(mug_10, location5) := true
  atLocation(agent1, location1) := true
]

goals = [
  Exists (Receptacle - Checkable r) Exists (Obj - Checkable o) (inReceptacle(o, r) and objectType(o, newspaperType) and receptacleType(r, ottomanType))
]

quality metrics = [
  minimize sequential-plan-length
]


2025-06-17 10:23:19,529 - INFO - Generating plan for unconstrained problem

2025-06-17 10:23:19,844 - INFO - Unconstrained plan generation time: 0.3143308162689209

