2025-06-17 09:54:58,664 - INFO - 
================= Seed: 402 =================

2025-06-17 09:54:58,677 - INFO - problem name = alfred

types = [ReceptacleType, ObjectType, Checkable, Agent - Checkable, Location - Checkable, Receptacle - Checkable, Obj - Checkable]

fluents = [
  bool atLocation[a=Agent - Checkable, l=Location - Checkable]
  bool receptacleAtLocation[r=Receptacle - Checkable, l=Location - Checkable]
  bool objectAtLocation[o=Obj - Checkable, l=Location - Checkable]
  bool openable[r=Receptacle - Checkable]
  bool opened[r=Receptacle - Checkable]
  bool inReceptacle[o=Obj - Checkable, r=Receptacle - Checkable]
  bool isReceptacleObject[o=Obj - Checkable]
  bool inReceptacleObject[innerObject=Obj - Checkable, outObject=Obj - Checkable]
  bool isReceptacleObjectFull[o=Obj - Checkable]
  bool wasInReceptacle[o=Obj - Checkable, r=Receptacle - Checkable]
  bool checked[c=Checkable]
  bool examined[l=Location - Checkable]
  bool receptacleType[r=Receptacle - Checkable, rt=ReceptacleType]
  bool canContain[rt=ReceptacleType, ot=ObjectType]
  bool objectType[o=Obj - Checkable, t=ObjectType]
  bool holds[a=Agent - Checkable, o=Obj - Checkable]
  bool holdsAny[a=Agent - Checkable]
  bool holdsAnyReceptacleObject[a=Agent - Checkable]
  bool full[r=Receptacle - Checkable]
  bool isClean[o=Obj - Checkable]
  bool cleanable[o=Obj - Checkable]
  bool isHot[o=Obj - Checkable]
  bool heatable[o=Obj - Checkable]
  bool isCool[o=Obj - Checkable]
  bool coolable[o=Obj - Checkable]
  bool pickupable[o=Obj - Checkable]
  bool moveable[o=Obj - Checkable]
  bool toggleable[o=Obj - Checkable]
  bool isOn[o=Obj - Checkable]
  bool isToggled[o=Obj - Checkable]
  bool sliceable[o=Obj - Checkable]
  bool isSliced[o=Obj - Checkable]
]

actions = [
  action look(Agent - Checkable a, Location - Checkable l) {
    preconditions = [
      atLocation(a, l)
    ]
    effects = [
      checked(l) := true
    ]
  }
  action inventory(Agent - Checkable a) {
    preconditions = [
    ]
    effects = [
      checked(a) := true
    ]
  }
  action examineReceptacle(Agent - Checkable a, Receptacle - Checkable r) {
    preconditions = [
      Exists (Location - Checkable l) (atLocation(a, l) and receptacleAtLocation(r, l))
    ]
    effects = [
      checked(r) := true
    ]
  }
  action examineObject(Agent - Checkable a, Obj - Checkable o) {
    preconditions = [
      (Exists (Location - Checkable l) Exists (Receptacle - Checkable r) (atLocation(a, l) and receptacleAtLocation(r, l) and inReceptacle(o, r) and ((not openable(r)) or opened(r))) or holds(a, o))
    ]
    effects = [
      checked(o) := true
    ]
  }
  action goToLocation(Agent - Checkable a, Location - Checkable lstart, Location - Checkable lend) {
    preconditions = [
      atLocation(a, lstart)
    ]
    effects = [
      atLocation(a, lstart) := false
      atLocation(a, lend) := true
    ]
  }
  action openObject(Agent - Checkable a, Location - Checkable l, Receptacle - Checkable r) {
    preconditions = [
      (openable(r) and atLocation(a, l) and receptacleAtLocation(r, l) and (not opened(r)))
    ]
    effects = [
      opened(r) := true
      checked(r) := true
    ]
  }
  action closeObject(Agent - Checkable a, Location - Checkable l, Receptacle - Checkable r) {
    preconditions = [
      (openable(r) and atLocation(a, l) and receptacleAtLocation(r, l) and opened(r))
    ]
    effects = [
      opened(r) := false
    ]
  }
  action pickupObject(Agent - Checkable a, Location - Checkable l, Obj - Checkable o, Receptacle - Checkable r) {
    preconditions = [
      (pickupable(o) and atLocation(a, l) and receptacleAtLocation(r, l) and inReceptacle(o, r) and (not holdsAny(a)) and ((not openable(r)) or opened(r)))
    ]
    effects = [
      inReceptacle(o, r) := false
      holds(a, o) := true
      holdsAny(a) := true
      objectAtLocation(o, l) := false
    ]
  }
  action putObject(Agent - Checkable a, Location - Checkable l, Obj - Checkable o, Receptacle - Checkable r, ObjectType ot, ReceptacleType rt) {
    preconditions = [
      (holds(a, o) and atLocation(a, l) and receptacleAtLocation(r, l) and ((not openable(r)) or opened(r)) and objectType(o, ot) and receptacleType(r, rt) and canContain(rt, ot))
    ]
    effects = [
      inReceptacle(o, r) := true
      objectAtLocation(o, l) := true
      holds(a, o) := false
      holdsAny(a) := false
    ]
  }
  action cleanObject(Agent - Checkable a, Location - Checkable l, Receptacle - Checkable r, Obj - Checkable o) {
    preconditions = [
      (cleanable(o) and receptacleType(r, sinkBasinType) and atLocation(a, l) and receptacleAtLocation(r, l) and holds(a, o))
    ]
    effects = [
      isClean(o) := true
    ]
  }
  action heatObject(Agent - Checkable a, Location - Checkable l, Receptacle - Checkable r, Obj - Checkable o) {
    preconditions = [
      (heatable(o) and receptacleType(r, microwaveType) and atLocation(a, l) and receptacleAtLocation(r, l) and holds(a, o))
    ]
    effects = [
      isHot(o) := true
      isCool(o) := false
    ]
  }
  action coolObject(Agent - Checkable a, Location - Checkable l, Receptacle - Checkable r, Obj - Checkable o) {
    preconditions = [
      (coolable(o) and receptacleType(r, fridgeType) and atLocation(a, l) and receptacleAtLocation(r, l) and holds(a, o))
    ]
    effects = [
      isCool(o) := true
      isHot(o) := false
    ]
  }
  action toggleObject(Agent - Checkable a, Location - Checkable l, Obj - Checkable o, Receptacle - Checkable r) {
    preconditions = [
      (toggleable(o) and atLocation(a, l) and receptacleAtLocation(r, l) and inReceptacle(o, r))
    ]
    effects = [
      if isOn(o) then isOn(o) := false
      if (not isOn(o)) then isOn(o) := true
      isToggled(o) := true
    ]
  }
  action sliceObject(Agent - Checkable a, Location - Checkable l, Obj - Checkable co, Obj - Checkable ko) {
    preconditions = [
      (sliceable(co) and (objectType(ko, knifeType) or objectType(ko, butterKnifeType)) and atLocation(a, l) and objectAtLocation(co, l) and holds(a, ko))
    ]
    effects = [
      isSliced(co) := true
    ]
  }
  action help(Agent - Checkable a) {
    preconditions = [
    ]
    effects = [
      checked(a) := true
    ]
  }
]

objects = [
  ReceptacleType: [sinkBasinType, microwaveType, fridgeType, bedType, toiletPaperHangerType, ottomanType, toiletType, coffeeTableType, diningTableType, handTowelHolderType, safeType, sideTableType]
  ObjectType: [knifeType, butterKnifeType, soapBarType, pillowType, toiletPaperType, laptopType, cupType, creditCardType, penType, tennisRacketType, sprayBottleType, potType]
  Checkable: [agent1, location1, location2, location3, location4, location5, location6, location7, location8, location9, location10, bed_1, toiletPaperHanger_2, sinkBasin_3, ottoman_4, toilet_5, coffeeTable_6, diningTable_7, handTowelHolder_8, safe_9, sideTable_10, soapBar_1, pillow_2, toiletPaper_3, laptop_4, cup_5, creditCard_6, pen_7, tennisRacket_8, sprayBottle_9, pot_10]
  Agent - Checkable: [agent1]
  Location - Checkable: [location1, location2, location3, location4, location5, location6, location7, location8, location9, location10]
  Receptacle - Checkable: [bed_1, toiletPaperHanger_2, sinkBasin_3, ottoman_4, toilet_5, coffeeTable_6, diningTable_7, handTowelHolder_8, safe_9, sideTable_10]
  Obj - Checkable: [soapBar_1, pillow_2, toiletPaper_3, laptop_4, cup_5, creditCard_6, pen_7, tennisRacket_8, sprayBottle_9, pot_10]
]

initial fluents default = [
  bool atLocation[a=Agent - Checkable, l=Location - Checkable] := false
  bool receptacleAtLocation[r=Receptacle - Checkable, l=Location - Checkable] := false
  bool objectAtLocation[o=Obj - Checkable, l=Location - Checkable] := false
  bool openable[r=Receptacle - Checkable] := false
  bool opened[r=Receptacle - Checkable] := false
  bool inReceptacle[o=Obj - Checkable, r=Receptacle - Checkable] := false
  bool isReceptacleObject[o=Obj - Checkable] := false
  bool inReceptacleObject[innerObject=Obj - Checkable, outObject=Obj - Checkable] := false
  bool isReceptacleObjectFull[o=Obj - Checkable] := false
  bool wasInReceptacle[o=Obj - Checkable, r=Receptacle - Checkable] := false
  bool checked[c=Checkable] := false
  bool examined[l=Location - Checkable] := false
  bool receptacleType[r=Receptacle - Checkable, rt=ReceptacleType] := false
  bool canContain[rt=ReceptacleType, ot=ObjectType] := false
  bool objectType[o=Obj - Checkable, t=ObjectType] := false
  bool holds[a=Agent - Checkable, o=Obj - Checkable] := false
  bool holdsAny[a=Agent - Checkable] := false
  bool holdsAnyReceptacleObject[a=Agent - Checkable] := false
  bool full[r=Receptacle - Checkable] := false
  bool isClean[o=Obj - Checkable] := false
  bool cleanable[o=Obj - Checkable] := false
  bool isHot[o=Obj - Checkable] := false
  bool heatable[o=Obj - Checkable] := false
  bool isCool[o=Obj - Checkable] := false
  bool coolable[o=Obj - Checkable] := false
  bool pickupable[o=Obj - Checkable] := false
  bool moveable[o=Obj - Checkable] := false
  bool toggleable[o=Obj - Checkable] := false
  bool isOn[o=Obj - Checkable] := false
  bool isToggled[o=Obj - Checkable] := false
  bool sliceable[o=Obj - Checkable] := false
  bool isSliced[o=Obj - Checkable] := false
]

initial values = [
  receptacleType(bed_1, bedType) := true
  receptacleType(toiletPaperHanger_2, toiletPaperHangerType) := true
  receptacleType(sinkBasin_3, sinkBasinType) := true
  receptacleType(ottoman_4, ottomanType) := true
  receptacleType(toilet_5, toiletType) := true
  receptacleType(coffeeTable_6, coffeeTableType) := true
  receptacleType(diningTable_7, diningTableType) := true
  receptacleType(handTowelHolder_8, handTowelHolderType) := true
  receptacleType(safe_9, safeType) := true
  receptacleType(sideTable_10, sideTableType) := true
  objectType(soapBar_1, soapBarType) := true
  objectType(pillow_2, pillowType) := true
  objectType(toiletPaper_3, toiletPaperType) := true
  objectType(laptop_4, laptopType) := true
  objectType(cup_5, cupType) := true
  objectType(creditCard_6, creditCardType) := true
  objectType(pen_7, penType) := true
  objectType(tennisRacket_8, tennisRacketType) := true
  objectType(sprayBottle_9, sprayBottleType) := true
  objectType(pot_10, potType) := true
  canContain(bedType, pillowType) := true
  canContain(bedType, laptopType) := true
  canContain(bedType, tennisRacketType) := true
  canContain(toiletPaperHangerType, toiletPaperType) := true
  canContain(sinkBasinType, soapBarType) := true
  canContain(sinkBasinType, cupType) := true
  canContain(sinkBasinType, potType) := true
  canContain(ottomanType, pillowType) := true
  canContain(ottomanType, laptopType) := true
  canContain(ottomanType, creditCardType) := true
  canContain(toiletType, soapBarType) := true
  canContain(toiletType, toiletPaperType) := true
  canContain(toiletType, sprayBottleType) := true
  canContain(coffeeTableType, soapBarType) := true
  canContain(coffeeTableType, toiletPaperType) := true
  canContain(coffeeTableType, laptopType) := true
  canContain(coffeeTableType, cupType) := true
  canContain(coffeeTableType, creditCardType) := true
  canContain(coffeeTableType, penType) := true
  canContain(coffeeTableType, tennisRacketType) := true
  canContain(coffeeTableType, sprayBottleType) := true
  canContain(coffeeTableType, potType) := true
  canContain(diningTableType, soapBarType) := true
  canContain(diningTableType, toiletPaperType) := true
  canContain(diningTableType, laptopType) := true
  canContain(diningTableType, cupType) := true
  canContain(diningTableType, creditCardType) := true
  canContain(diningTableType, penType) := true
  canContain(diningTableType, tennisRacketType) := true
  canContain(diningTableType, sprayBottleType) := true
  canContain(diningTableType, potType) := true
  canContain(safeType, creditCardType) := true
  canContain(sideTableType, soapBarType) := true
  canContain(sideTableType, toiletPaperType) := true
  canContain(sideTableType, laptopType) := true
  canContain(sideTableType, cupType) := true
  canContain(sideTableType, creditCardType) := true
  canContain(sideTableType, penType) := true
  canContain(sideTableType, tennisRacketType) := true
  canContain(sideTableType, sprayBottleType) := true
  canContain(sideTableType, potType) := true
  pickupable(soapBar_1) := true
  cleanable(soapBar_1) := true
  pickupable(pillow_2) := true
  pickupable(toiletPaper_3) := true
  pickupable(laptop_4) := true
  pickupable(cup_5) := true
  isReceptacleObject(cup_5) := true
  cleanable(cup_5) := true
  heatable(cup_5) := true
  coolable(cup_5) := true
  pickupable(creditCard_6) := true
  pickupable(pen_7) := true
  pickupable(tennisRacket_8) := true
  pickupable(sprayBottle_9) := true
  pickupable(pot_10) := true
  isReceptacleObject(pot_10) := true
  cleanable(pot_10) := true
  coolable(pot_10) := true
  receptacleAtLocation(bed_1, location10) := true
  receptacleAtLocation(toiletPaperHanger_2, location8) := true
  receptacleAtLocation(sinkBasin_3, location1) := true
  receptacleAtLocation(ottoman_4, location3) := true
  receptacleAtLocation(toilet_5, location5) := true
  receptacleAtLocation(coffeeTable_6, location8) := true
  receptacleAtLocation(diningTable_7, location5) := true
  receptacleAtLocation(handTowelHolder_8, location6) := true
  receptacleAtLocation(safe_9, location9) := true
  receptacleAtLocation(sideTable_10, location10) := true
  inReceptacle(laptop_4, sideTable_10) := true
  inReceptacle(cup_5, coffeeTable_6) := true
  inReceptacle(tennisRacket_8, coffeeTable_6) := true
  objectAtLocation(soapBar_1, location5) := true
  objectAtLocation(pillow_2, location10) := true
  objectAtLocation(toiletPaper_3, location4) := true
  objectAtLocation(laptop_4, location10) := true
  objectAtLocation(cup_5, location8) := true
  objectAtLocation(creditCard_6, location3) := true
  objectAtLocation(pen_7, location7) := true
  objectAtLocation(tennisRacket_8, location8) := true
  objectAtLocation(sprayBottle_9, location10) := true
  objectAtLocation(pot_10, location4) := true
  atLocation(agent1, location7) := true
]

goals = [
  Exists (Receptacle - Checkable r) Exists (Obj - Checkable o1) (inReceptacle(o1, r) and objectType(o1, potType) and receptacleType(r, coffeeTableType) and Exists (Obj - Checkable o2) ((not (o1 == o2)) and objectType(o2, penType) and receptacleType(r, coffeeTableType) and inReceptacle(o2, r)))
]

quality metrics = [
  minimize sequential-plan-length
]


2025-06-17 09:54:58,681 - INFO - Generating plan for unconstrained problem

2025-06-17 09:54:59,073 - INFO - Unconstrained plan generation time: 0.3917992115020752

