2025-06-17 11:19:36,414 - INFO - 
================= Seed: 186 =================

2025-06-17 11:19:36,414 - INFO - problem name = alfred

types = [ReceptacleType, ObjectType, Checkable, Agent - Checkable, Location - Checkable, Receptacle - Checkable, Obj - Checkable]

fluents = [
  bool atLocation[a=Agent - Checkable, l=Location - Checkable]
  bool receptacleAtLocation[r=Receptacle - Checkable, l=Location - Checkable]
  bool objectAtLocation[o=Obj - Checkable, l=Location - Checkable]
  bool openable[r=Receptacle - Checkable]
  bool opened[r=Receptacle - Checkable]
  bool inReceptacle[o=Obj - Checkable, r=Receptacle - Checkable]
  bool isReceptacleObject[o=Obj - Checkable]
  bool inReceptacleObject[innerObject=Obj - Checkable, outObject=Obj - Checkable]
  bool isReceptacleObjectFull[o=Obj - Checkable]
  bool wasInReceptacle[o=Obj - Checkable, r=Receptacle - Checkable]
  bool checked[c=Checkable]
  bool examined[l=Location - Checkable]
  bool receptacleType[r=Receptacle - Checkable, rt=ReceptacleType]
  bool canContain[rt=ReceptacleType, ot=ObjectType]
  bool objectType[o=Obj - Checkable, t=ObjectType]
  bool holds[a=Agent - Checkable, o=Obj - Checkable]
  bool holdsAny[a=Agent - Checkable]
  bool holdsAnyReceptacleObject[a=Agent - Checkable]
  bool full[r=Receptacle - Checkable]
  bool isClean[o=Obj - Checkable]
  bool cleanable[o=Obj - Checkable]
  bool isHot[o=Obj - Checkable]
  bool heatable[o=Obj - Checkable]
  bool isCool[o=Obj - Checkable]
  bool coolable[o=Obj - Checkable]
  bool pickupable[o=Obj - Checkable]
  bool moveable[o=Obj - Checkable]
  bool toggleable[o=Obj - Checkable]
  bool isOn[o=Obj - Checkable]
  bool isToggled[o=Obj - Checkable]
  bool sliceable[o=Obj - Checkable]
  bool isSliced[o=Obj - Checkable]
]

actions = [
  action look(Agent - Checkable a, Location - Checkable l) {
    preconditions = [
      atLocation(a, l)
    ]
    effects = [
      checked(l) := true
    ]
  }
  action inventory(Agent - Checkable a) {
    preconditions = [
    ]
    effects = [
      checked(a) := true
    ]
  }
  action examineReceptacle(Agent - Checkable a, Receptacle - Checkable r) {
    preconditions = [
      Exists (Location - Checkable l) (atLocation(a, l) and receptacleAtLocation(r, l))
    ]
    effects = [
      checked(r) := true
    ]
  }
  action examineObject(Agent - Checkable a, Obj - Checkable o) {
    preconditions = [
      (Exists (Location - Checkable l) Exists (Receptacle - Checkable r) (atLocation(a, l) and receptacleAtLocation(r, l) and inReceptacle(o, r) and ((not openable(r)) or opened(r))) or holds(a, o))
    ]
    effects = [
      checked(o) := true
    ]
  }
  action goToLocation(Agent - Checkable a, Location - Checkable lstart, Location - Checkable lend) {
    preconditions = [
      atLocation(a, lstart)
    ]
    effects = [
      atLocation(a, lstart) := false
      atLocation(a, lend) := true
    ]
  }
  action openObject(Agent - Checkable a, Location - Checkable l, Receptacle - Checkable r) {
    preconditions = [
      (openable(r) and atLocation(a, l) and receptacleAtLocation(r, l) and (not opened(r)))
    ]
    effects = [
      opened(r) := true
      checked(r) := true
    ]
  }
  action closeObject(Agent - Checkable a, Location - Checkable l, Receptacle - Checkable r) {
    preconditions = [
      (openable(r) and atLocation(a, l) and receptacleAtLocation(r, l) and opened(r))
    ]
    effects = [
      opened(r) := false
    ]
  }
  action pickupObject(Agent - Checkable a, Location - Checkable l, Obj - Checkable o, Receptacle - Checkable r) {
    preconditions = [
      (pickupable(o) and atLocation(a, l) and receptacleAtLocation(r, l) and inReceptacle(o, r) and (not holdsAny(a)) and ((not openable(r)) or opened(r)))
    ]
    effects = [
      inReceptacle(o, r) := false
      holds(a, o) := true
      holdsAny(a) := true
      objectAtLocation(o, l) := false
    ]
  }
  action putObject(Agent - Checkable a, Location - Checkable l, Obj - Checkable o, Receptacle - Checkable r, ObjectType ot, ReceptacleType rt) {
    preconditions = [
      (holds(a, o) and atLocation(a, l) and receptacleAtLocation(r, l) and ((not openable(r)) or opened(r)) and objectType(o, ot) and receptacleType(r, rt) and canContain(rt, ot))
    ]
    effects = [
      inReceptacle(o, r) := true
      objectAtLocation(o, l) := true
      holds(a, o) := false
      holdsAny(a) := false
    ]
  }
  action cleanObject(Agent - Checkable a, Location - Checkable l, Receptacle - Checkable r, Obj - Checkable o) {
    preconditions = [
      (cleanable(o) and receptacleType(r, sinkBasinType) and atLocation(a, l) and receptacleAtLocation(r, l) and holds(a, o))
    ]
    effects = [
      isClean(o) := true
    ]
  }
  action heatObject(Agent - Checkable a, Location - Checkable l, Receptacle - Checkable r, Obj - Checkable o) {
    preconditions = [
      (heatable(o) and receptacleType(r, microwaveType) and atLocation(a, l) and receptacleAtLocation(r, l) and holds(a, o))
    ]
    effects = [
      isHot(o) := true
      isCool(o) := false
    ]
  }
  action coolObject(Agent - Checkable a, Location - Checkable l, Receptacle - Checkable r, Obj - Checkable o) {
    preconditions = [
      (coolable(o) and receptacleType(r, fridgeType) and atLocation(a, l) and receptacleAtLocation(r, l) and holds(a, o))
    ]
    effects = [
      isCool(o) := true
      isHot(o) := false
    ]
  }
  action toggleObject(Agent - Checkable a, Location - Checkable l, Obj - Checkable o, Receptacle - Checkable r) {
    preconditions = [
      (toggleable(o) and atLocation(a, l) and receptacleAtLocation(r, l) and inReceptacle(o, r))
    ]
    effects = [
      if isOn(o) then isOn(o) := false
      if (not isOn(o)) then isOn(o) := true
      isToggled(o) := true
    ]
  }
  action sliceObject(Agent - Checkable a, Location - Checkable l, Obj - Checkable co, Obj - Checkable ko) {
    preconditions = [
      (sliceable(co) and (objectType(ko, knifeType) or objectType(ko, butterKnifeType)) and atLocation(a, l) and objectAtLocation(co, l) and holds(a, ko))
    ]
    effects = [
      isSliced(co) := true
    ]
  }
  action help(Agent - Checkable a) {
    preconditions = [
    ]
    effects = [
      checked(a) := true
    ]
  }
]

objects = [
  ReceptacleType: [sinkBasinType, microwaveType, fridgeType, sofaType, coffeeTableType, cartType, safeType, laundryHamperType, sideTableType, toiletPaperHangerType]
  ObjectType: [knifeType, butterKnifeType, laptopType, spoonType, wateringCanType, appleType, kettleType, potType, cdType, baseballBatType, bowlType]
  Checkable: [agent1, location1, location2, location3, location4, location5, location6, location7, location8, location9, location10, microwave_1, sofa_2, coffeeTable_3, cart_4, safe_5, laundryHamper_6, sideTable_7, sinkBasin_8, toiletPaperHanger_9, sofa_10, microwave_11, fridge_12, laptop_1, spoon_2, wateringCan_3, apple_4, kettle_5, pot_6, cd_7, baseballBat_8, bowl_9, pot_10]
  Agent - Checkable: [agent1]
  Location - Checkable: [location1, location2, location3, location4, location5, location6, location7, location8, location9, location10]
  Receptacle - Checkable: [microwave_1, sofa_2, coffeeTable_3, cart_4, safe_5, laundryHamper_6, sideTable_7, sinkBasin_8, toiletPaperHanger_9, sofa_10, microwave_11, fridge_12]
  Obj - Checkable: [laptop_1, spoon_2, wateringCan_3, apple_4, kettle_5, pot_6, cd_7, baseballBat_8, bowl_9, pot_10]
]

initial fluents default = [
  bool atLocation[a=Agent - Checkable, l=Location - Checkable] := false
  bool receptacleAtLocation[r=Receptacle - Checkable, l=Location - Checkable] := false
  bool objectAtLocation[o=Obj - Checkable, l=Location - Checkable] := false
  bool openable[r=Receptacle - Checkable] := false
  bool opened[r=Receptacle - Checkable] := false
  bool inReceptacle[o=Obj - Checkable, r=Receptacle - Checkable] := false
  bool isReceptacleObject[o=Obj - Checkable] := false
  bool inReceptacleObject[innerObject=Obj - Checkable, outObject=Obj - Checkable] := false
  bool isReceptacleObjectFull[o=Obj - Checkable] := false
  bool wasInReceptacle[o=Obj - Checkable, r=Receptacle - Checkable] := false
  bool checked[c=Checkable] := false
  bool examined[l=Location - Checkable] := false
  bool receptacleType[r=Receptacle - Checkable, rt=ReceptacleType] := false
  bool canContain[rt=ReceptacleType, ot=ObjectType] := false
  bool objectType[o=Obj - Checkable, t=ObjectType] := false
  bool holds[a=Agent - Checkable, o=Obj - Checkable] := false
  bool holdsAny[a=Agent - Checkable] := false
  bool holdsAnyReceptacleObject[a=Agent - Checkable] := false
  bool full[r=Receptacle - Checkable] := false
  bool isClean[o=Obj - Checkable] := false
  bool cleanable[o=Obj - Checkable] := false
  bool isHot[o=Obj - Checkable] := false
  bool heatable[o=Obj - Checkable] := false
  bool isCool[o=Obj - Checkable] := false
  bool coolable[o=Obj - Checkable] := false
  bool pickupable[o=Obj - Checkable] := false
  bool moveable[o=Obj - Checkable] := false
  bool toggleable[o=Obj - Checkable] := false
  bool isOn[o=Obj - Checkable] := false
  bool isToggled[o=Obj - Checkable] := false
  bool sliceable[o=Obj - Checkable] := false
  bool isSliced[o=Obj - Checkable] := false
]

initial values = [
  receptacleType(microwave_1, microwaveType) := true
  receptacleType(sofa_2, sofaType) := true
  receptacleType(coffeeTable_3, coffeeTableType) := true
  receptacleType(cart_4, cartType) := true
  receptacleType(safe_5, safeType) := true
  receptacleType(laundryHamper_6, laundryHamperType) := true
  receptacleType(sideTable_7, sideTableType) := true
  receptacleType(sinkBasin_8, sinkBasinType) := true
  receptacleType(toiletPaperHanger_9, toiletPaperHangerType) := true
  receptacleType(sofa_10, sofaType) := true
  receptacleType(microwave_11, microwaveType) := true
  receptacleType(fridge_12, fridgeType) := true
  objectType(laptop_1, laptopType) := true
  objectType(spoon_2, spoonType) := true
  objectType(wateringCan_3, wateringCanType) := true
  objectType(apple_4, appleType) := true
  objectType(kettle_5, kettleType) := true
  objectType(pot_6, potType) := true
  objectType(cd_7, cdType) := true
  objectType(baseballBat_8, baseballBatType) := true
  objectType(bowl_9, bowlType) := true
  objectType(pot_10, potType) := true
  canContain(microwaveType, appleType) := true
  canContain(microwaveType, bowlType) := true
  canContain(sofaType, laptopType) := true
  canContain(coffeeTableType, laptopType) := true
  canContain(coffeeTableType, spoonType) := true
  canContain(coffeeTableType, wateringCanType) := true
  canContain(coffeeTableType, appleType) := true
  canContain(coffeeTableType, kettleType) := true
  canContain(coffeeTableType, potType) := true
  canContain(coffeeTableType, baseballBatType) := true
  canContain(coffeeTableType, bowlType) := true
  canContain(safeType, cdType) := true
  canContain(sideTableType, laptopType) := true
  canContain(sideTableType, spoonType) := true
  canContain(sideTableType, wateringCanType) := true
  canContain(sideTableType, appleType) := true
  canContain(sideTableType, kettleType) := true
  canContain(sideTableType, potType) := true
  canContain(sideTableType, baseballBatType) := true
  canContain(sideTableType, bowlType) := true
  canContain(sinkBasinType, spoonType) := true
  canContain(sinkBasinType, appleType) := true
  canContain(sinkBasinType, kettleType) := true
  canContain(sinkBasinType, potType) := true
  canContain(sinkBasinType, bowlType) := true
  canContain(fridgeType, appleType) := true
  canContain(fridgeType, potType) := true
  canContain(fridgeType, bowlType) := true
  pickupable(laptop_1) := true
  pickupable(spoon_2) := true
  cleanable(spoon_2) := true
  pickupable(wateringCan_3) := true
  pickupable(apple_4) := true
  cleanable(apple_4) := true
  heatable(apple_4) := true
  coolable(apple_4) := true
  sliceable(apple_4) := true
  pickupable(kettle_5) := true
  cleanable(kettle_5) := true
  pickupable(pot_6) := true
  isReceptacleObject(pot_6) := true
  cleanable(pot_6) := true
  coolable(pot_6) := true
  pickupable(cd_7) := true
  pickupable(baseballBat_8) := true
  pickupable(bowl_9) := true
  isReceptacleObject(bowl_9) := true
  cleanable(bowl_9) := true
  coolable(bowl_9) := true
  pickupable(pot_10) := true
  isReceptacleObject(pot_10) := true
  cleanable(pot_10) := true
  coolable(pot_10) := true
  receptacleAtLocation(microwave_1, location10) := true
  receptacleAtLocation(sofa_2, location2) := true
  receptacleAtLocation(coffeeTable_3, location9) := true
  receptacleAtLocation(cart_4, location6) := true
  receptacleAtLocation(safe_5, location2) := true
  receptacleAtLocation(laundryHamper_6, location5) := true
  receptacleAtLocation(sideTable_7, location2) := true
  receptacleAtLocation(sinkBasin_8, location2) := true
  receptacleAtLocation(toiletPaperHanger_9, location2) := true
  receptacleAtLocation(sofa_10, location9) := true
  receptacleAtLocation(microwave_11, location3) := true
  receptacleAtLocation(fridge_12, location4) := true
  inReceptacle(laptop_1, sofa_10) := true
  inReceptacle(spoon_2, coffeeTable_3) := true
  inReceptacle(wateringCan_3, sideTable_7) := true
  inReceptacle(apple_4, sideTable_7) := true
  inReceptacle(kettle_5, sinkBasin_8) := true
  inReceptacle(pot_6, sideTable_7) := true
  inReceptacle(cd_7, safe_5) := true
  inReceptacle(baseballBat_8, coffeeTable_3) := true
  inReceptacle(bowl_9, microwave_1) := true
  inReceptacle(pot_10, sideTable_7) := true
  objectAtLocation(laptop_1, location9) := true
  objectAtLocation(spoon_2, location9) := true
  objectAtLocation(wateringCan_3, location2) := true
  objectAtLocation(apple_4, location2) := true
  objectAtLocation(kettle_5, location2) := true
  objectAtLocation(pot_6, location2) := true
  objectAtLocation(cd_7, location2) := true
  objectAtLocation(baseballBat_8, location9) := true
  objectAtLocation(bowl_9, location10) := true
  objectAtLocation(pot_10, location2) := true
  atLocation(agent1, location5) := true
]

goals = [
  Exists (Receptacle - Checkable r) Exists (Obj - Checkable o) (inReceptacle(o, r) and objectType(o, laptopType) and receptacleType(r, coffeeTableType))
]

quality metrics = [
  minimize sequential-plan-length
]


2025-06-17 11:19:36,416 - INFO - Generating plan for unconstrained problem

2025-06-17 11:19:36,870 - INFO - Unconstrained plan generation time: 0.45383238792419434

2025-06-17 11:19:36,870 - INFO - Unconstrained plan and cost: 
2025-06-17 11:19:36,870 - INFO - SequentialPlan:
    goToLocation(agent1, location5, location9)
    pickupObject(agent1, location9, laptop_1, sofa_10)
    putObject(agent1, location9, laptop_1, coffeeTable_3, laptopType, coffeeTableType)
2025-06-17 11:19:36,870 - INFO - 3
2025-06-17 11:19:37,230 - INFO - Sampled constraints:

2025-06-17 11:19:37,231 - INFO - Sometime((atLocation(agent1, location2) and checked(sideTable_7)))
2025-06-17 11:19:37,231 - INFO - 
2025-06-17 11:19:37,231 - INFO - Generation time: 0.36031413078308105

2025-06-17 11:19:37,231 - INFO - Generating plan for constrained problem (with LiftedTCORE).

2025-06-17 11:19:37,273 - INFO - LiftedTCORE compilation time: 0.042181968688964844

2025-06-17 11:19:37,732 - INFO - Planning Time with LiftedTCORE's file: 0.4582207202911377

2025-06-17 11:19:37,732 - INFO - Plan found with LiftedTCORE + sym_bd: SequentialPlan:
    goToLocation(agent1, location5, location2)
    examineReceptacle(agent1, sideTable_7)
    goToLocation(agent1, location2, location9)
    pickupObject(agent1, location9, laptop_1, sofa_10)
    putObject(agent1, location9, laptop_1, coffeeTable_3, laptopType, coffeeTableType)
2025-06-17 11:19:37,732 - INFO - Seed: 186 is solvable

2025-06-17 11:19:37,732 - INFO - Unconstrained cost: 3
2025-06-17 11:19:37,732 - INFO - Constrained cost: 5
2025-06-17 11:19:37,733 - INFO - Seed: 186 Plan simulation is feasible
2025-06-17 11:19:37,733 - INFO - 
Seed: 186 
 Plan: [goToLocation(agent1, location5, location2), examineReceptacle(agent1, sideTable_7), goToLocation(agent1, location2, location9), pickupObject(agent1, location9, laptop_1, sofa_10), putObject(agent1, location9, laptop_1, coffeeTable_3, laptopType, coffeeTableType)]  
 Cost: 5

