2025-06-17 09:57:03,474 - INFO - 
================= Seed: 560 =================

2025-06-17 09:57:03,478 - INFO - problem name = alfred

types = [ReceptacleType, ObjectType, Checkable, Agent - Checkable, Location - Checkable, Receptacle - Checkable, Obj - Checkable]

fluents = [
  bool atLocation[a=Agent - Checkable, l=Location - Checkable]
  bool receptacleAtLocation[r=Receptacle - Checkable, l=Location - Checkable]
  bool objectAtLocation[o=Obj - Checkable, l=Location - Checkable]
  bool openable[r=Receptacle - Checkable]
  bool opened[r=Receptacle - Checkable]
  bool inReceptacle[o=Obj - Checkable, r=Receptacle - Checkable]
  bool isReceptacleObject[o=Obj - Checkable]
  bool inReceptacleObject[innerObject=Obj - Checkable, outObject=Obj - Checkable]
  bool isReceptacleObjectFull[o=Obj - Checkable]
  bool wasInReceptacle[o=Obj - Checkable, r=Receptacle - Checkable]
  bool checked[c=Checkable]
  bool examined[l=Location - Checkable]
  bool receptacleType[r=Receptacle - Checkable, rt=ReceptacleType]
  bool canContain[rt=ReceptacleType, ot=ObjectType]
  bool objectType[o=Obj - Checkable, t=ObjectType]
  bool holds[a=Agent - Checkable, o=Obj - Checkable]
  bool holdsAny[a=Agent - Checkable]
  bool holdsAnyReceptacleObject[a=Agent - Checkable]
  bool full[r=Receptacle - Checkable]
  bool isClean[o=Obj - Checkable]
  bool cleanable[o=Obj - Checkable]
  bool isHot[o=Obj - Checkable]
  bool heatable[o=Obj - Checkable]
  bool isCool[o=Obj - Checkable]
  bool coolable[o=Obj - Checkable]
  bool pickupable[o=Obj - Checkable]
  bool moveable[o=Obj - Checkable]
  bool toggleable[o=Obj - Checkable]
  bool isOn[o=Obj - Checkable]
  bool isToggled[o=Obj - Checkable]
  bool sliceable[o=Obj - Checkable]
  bool isSliced[o=Obj - Checkable]
]

actions = [
  action look(Agent - Checkable a, Location - Checkable l) {
    preconditions = [
      atLocation(a, l)
    ]
    effects = [
      checked(l) := true
    ]
  }
  action inventory(Agent - Checkable a) {
    preconditions = [
    ]
    effects = [
      checked(a) := true
    ]
  }
  action examineReceptacle(Agent - Checkable a, Receptacle - Checkable r) {
    preconditions = [
      Exists (Location - Checkable l) (atLocation(a, l) and receptacleAtLocation(r, l))
    ]
    effects = [
      checked(r) := true
    ]
  }
  action examineObject(Agent - Checkable a, Obj - Checkable o) {
    preconditions = [
      (Exists (Location - Checkable l) Exists (Receptacle - Checkable r) (atLocation(a, l) and receptacleAtLocation(r, l) and inReceptacle(o, r) and ((not openable(r)) or opened(r))) or holds(a, o))
    ]
    effects = [
      checked(o) := true
    ]
  }
  action goToLocation(Agent - Checkable a, Location - Checkable lstart, Location - Checkable lend) {
    preconditions = [
      atLocation(a, lstart)
    ]
    effects = [
      atLocation(a, lstart) := false
      atLocation(a, lend) := true
    ]
  }
  action openObject(Agent - Checkable a, Location - Checkable l, Receptacle - Checkable r) {
    preconditions = [
      (openable(r) and atLocation(a, l) and receptacleAtLocation(r, l) and (not opened(r)))
    ]
    effects = [
      opened(r) := true
      checked(r) := true
    ]
  }
  action closeObject(Agent - Checkable a, Location - Checkable l, Receptacle - Checkable r) {
    preconditions = [
      (openable(r) and atLocation(a, l) and receptacleAtLocation(r, l) and opened(r))
    ]
    effects = [
      opened(r) := false
    ]
  }
  action pickupObject(Agent - Checkable a, Location - Checkable l, Obj - Checkable o, Receptacle - Checkable r) {
    preconditions = [
      (pickupable(o) and atLocation(a, l) and receptacleAtLocation(r, l) and inReceptacle(o, r) and (not holdsAny(a)) and ((not openable(r)) or opened(r)))
    ]
    effects = [
      inReceptacle(o, r) := false
      holds(a, o) := true
      holdsAny(a) := true
      objectAtLocation(o, l) := false
    ]
  }
  action putObject(Agent - Checkable a, Location - Checkable l, Obj - Checkable o, Receptacle - Checkable r, ObjectType ot, ReceptacleType rt) {
    preconditions = [
      (holds(a, o) and atLocation(a, l) and receptacleAtLocation(r, l) and ((not openable(r)) or opened(r)) and objectType(o, ot) and receptacleType(r, rt) and canContain(rt, ot))
    ]
    effects = [
      inReceptacle(o, r) := true
      objectAtLocation(o, l) := true
      holds(a, o) := false
      holdsAny(a) := false
    ]
  }
  action cleanObject(Agent - Checkable a, Location - Checkable l, Receptacle - Checkable r, Obj - Checkable o) {
    preconditions = [
      (cleanable(o) and receptacleType(r, sinkBasinType) and atLocation(a, l) and receptacleAtLocation(r, l) and holds(a, o))
    ]
    effects = [
      isClean(o) := true
    ]
  }
  action heatObject(Agent - Checkable a, Location - Checkable l, Receptacle - Checkable r, Obj - Checkable o) {
    preconditions = [
      (heatable(o) and receptacleType(r, microwaveType) and atLocation(a, l) and receptacleAtLocation(r, l) and holds(a, o))
    ]
    effects = [
      isHot(o) := true
      isCool(o) := false
    ]
  }
  action coolObject(Agent - Checkable a, Location - Checkable l, Receptacle - Checkable r, Obj - Checkable o) {
    preconditions = [
      (coolable(o) and receptacleType(r, fridgeType) and atLocation(a, l) and receptacleAtLocation(r, l) and holds(a, o))
    ]
    effects = [
      isCool(o) := true
      isHot(o) := false
    ]
  }
  action toggleObject(Agent - Checkable a, Location - Checkable l, Obj - Checkable o, Receptacle - Checkable r) {
    preconditions = [
      (toggleable(o) and atLocation(a, l) and receptacleAtLocation(r, l) and inReceptacle(o, r))
    ]
    effects = [
      if isOn(o) then isOn(o) := false
      if (not isOn(o)) then isOn(o) := true
      isToggled(o) := true
    ]
  }
  action sliceObject(Agent - Checkable a, Location - Checkable l, Obj - Checkable co, Obj - Checkable ko) {
    preconditions = [
      (sliceable(co) and (objectType(ko, knifeType) or objectType(ko, butterKnifeType)) and atLocation(a, l) and objectAtLocation(co, l) and holds(a, ko))
    ]
    effects = [
      isSliced(co) := true
    ]
  }
  action help(Agent - Checkable a) {
    preconditions = [
    ]
    effects = [
      checked(a) := true
    ]
  }
]

objects = [
  ReceptacleType: [sinkBasinType, microwaveType, fridgeType, laundryHamperType, toiletType, drawerType, toiletPaperHangerType, dresserType, sideTableType, bathtubBasinType, ottomanType, toasterType]
  ObjectType: [knifeType, butterKnifeType, clothType, remoteControlType, baseballBatType, plateType, sprayBottleType, cupType, toiletPaperRollType, newspaperType]
  Checkable: [agent1, location1, location2, location3, location4, location5, location6, location7, location8, location9, location10, laundryHamper_1, toilet_2, drawer_3, toiletPaperHanger_4, dresser_5, sideTable_6, bathtubBasin_7, ottoman_8, toaster_9, bathtubBasin_10, cloth_1, remoteControl_2, baseballBat_3, plate_4, baseballBat_5, sprayBottle_6, cup_7, toiletPaperRoll_8, newspaper_9, cup_10]
  Agent - Checkable: [agent1]
  Location - Checkable: [location1, location2, location3, location4, location5, location6, location7, location8, location9, location10]
  Receptacle - Checkable: [laundryHamper_1, toilet_2, drawer_3, toiletPaperHanger_4, dresser_5, sideTable_6, bathtubBasin_7, ottoman_8, toaster_9, bathtubBasin_10]
  Obj - Checkable: [cloth_1, remoteControl_2, baseballBat_3, plate_4, baseballBat_5, sprayBottle_6, cup_7, toiletPaperRoll_8, newspaper_9, cup_10]
]

initial fluents default = [
  bool atLocation[a=Agent - Checkable, l=Location - Checkable] := false
  bool receptacleAtLocation[r=Receptacle - Checkable, l=Location - Checkable] := false
  bool objectAtLocation[o=Obj - Checkable, l=Location - Checkable] := false
  bool openable[r=Receptacle - Checkable] := false
  bool opened[r=Receptacle - Checkable] := false
  bool inReceptacle[o=Obj - Checkable, r=Receptacle - Checkable] := false
  bool isReceptacleObject[o=Obj - Checkable] := false
  bool inReceptacleObject[innerObject=Obj - Checkable, outObject=Obj - Checkable] := false
  bool isReceptacleObjectFull[o=Obj - Checkable] := false
  bool wasInReceptacle[o=Obj - Checkable, r=Receptacle - Checkable] := false
  bool checked[c=Checkable] := false
  bool examined[l=Location - Checkable] := false
  bool receptacleType[r=Receptacle - Checkable, rt=ReceptacleType] := false
  bool canContain[rt=ReceptacleType, ot=ObjectType] := false
  bool objectType[o=Obj - Checkable, t=ObjectType] := false
  bool holds[a=Agent - Checkable, o=Obj - Checkable] := false
  bool holdsAny[a=Agent - Checkable] := false
  bool holdsAnyReceptacleObject[a=Agent - Checkable] := false
  bool full[r=Receptacle - Checkable] := false
  bool isClean[o=Obj - Checkable] := false
  bool cleanable[o=Obj - Checkable] := false
  bool isHot[o=Obj - Checkable] := false
  bool heatable[o=Obj - Checkable] := false
  bool isCool[o=Obj - Checkable] := false
  bool coolable[o=Obj - Checkable] := false
  bool pickupable[o=Obj - Checkable] := false
  bool moveable[o=Obj - Checkable] := false
  bool toggleable[o=Obj - Checkable] := false
  bool isOn[o=Obj - Checkable] := false
  bool isToggled[o=Obj - Checkable] := false
  bool sliceable[o=Obj - Checkable] := false
  bool isSliced[o=Obj - Checkable] := false
]

initial values = [
  receptacleType(laundryHamper_1, laundryHamperType) := true
  receptacleType(toilet_2, toiletType) := true
  receptacleType(drawer_3, drawerType) := true
  receptacleType(toiletPaperHanger_4, toiletPaperHangerType) := true
  receptacleType(dresser_5, dresserType) := true
  receptacleType(sideTable_6, sideTableType) := true
  receptacleType(bathtubBasin_7, bathtubBasinType) := true
  receptacleType(ottoman_8, ottomanType) := true
  receptacleType(toaster_9, toasterType) := true
  receptacleType(bathtubBasin_10, bathtubBasinType) := true
  objectType(cloth_1, clothType) := true
  objectType(remoteControl_2, remoteControlType) := true
  objectType(baseballBat_3, baseballBatType) := true
  objectType(plate_4, plateType) := true
  objectType(baseballBat_5, baseballBatType) := true
  objectType(sprayBottle_6, sprayBottleType) := true
  objectType(cup_7, cupType) := true
  objectType(toiletPaperRoll_8, toiletPaperRollType) := true
  objectType(newspaper_9, newspaperType) := true
  objectType(cup_10, cupType) := true
  canContain(laundryHamperType, clothType) := true
  canContain(toiletType, clothType) := true
  canContain(toiletType, sprayBottleType) := true
  canContain(toiletType, toiletPaperRollType) := true
  canContain(toiletType, newspaperType) := true
  canContain(drawerType, clothType) := true
  canContain(drawerType, remoteControlType) := true
  canContain(drawerType, sprayBottleType) := true
  canContain(drawerType, toiletPaperRollType) := true
  canContain(drawerType, newspaperType) := true
  canContain(toiletPaperHangerType, toiletPaperRollType) := true
  canContain(dresserType, clothType) := true
  canContain(dresserType, remoteControlType) := true
  canContain(dresserType, plateType) := true
  canContain(dresserType, sprayBottleType) := true
  canContain(dresserType, cupType) := true
  canContain(dresserType, toiletPaperRollType) := true
  canContain(dresserType, newspaperType) := true
  canContain(sideTableType, clothType) := true
  canContain(sideTableType, remoteControlType) := true
  canContain(sideTableType, baseballBatType) := true
  canContain(sideTableType, plateType) := true
  canContain(sideTableType, sprayBottleType) := true
  canContain(sideTableType, cupType) := true
  canContain(sideTableType, toiletPaperRollType) := true
  canContain(sideTableType, newspaperType) := true
  canContain(bathtubBasinType, clothType) := true
  canContain(ottomanType, clothType) := true
  canContain(ottomanType, remoteControlType) := true
  canContain(ottomanType, newspaperType) := true
  pickupable(cloth_1) := true
  cleanable(cloth_1) := true
  pickupable(remoteControl_2) := true
  pickupable(baseballBat_3) := true
  pickupable(plate_4) := true
  isReceptacleObject(plate_4) := true
  cleanable(plate_4) := true
  heatable(plate_4) := true
  coolable(plate_4) := true
  pickupable(baseballBat_5) := true
  pickupable(sprayBottle_6) := true
  pickupable(cup_7) := true
  isReceptacleObject(cup_7) := true
  cleanable(cup_7) := true
  heatable(cup_7) := true
  coolable(cup_7) := true
  pickupable(toiletPaperRoll_8) := true
  pickupable(newspaper_9) := true
  pickupable(cup_10) := true
  isReceptacleObject(cup_10) := true
  cleanable(cup_10) := true
  heatable(cup_10) := true
  coolable(cup_10) := true
  receptacleAtLocation(laundryHamper_1, location2) := true
  receptacleAtLocation(toilet_2, location2) := true
  receptacleAtLocation(drawer_3, location5) := true
  receptacleAtLocation(toiletPaperHanger_4, location10) := true
  receptacleAtLocation(dresser_5, location3) := true
  receptacleAtLocation(sideTable_6, location5) := true
  receptacleAtLocation(bathtubBasin_7, location8) := true
  receptacleAtLocation(ottoman_8, location4) := true
  receptacleAtLocation(toaster_9, location10) := true
  receptacleAtLocation(bathtubBasin_10, location2) := true
  inReceptacle(cloth_1, drawer_3) := true
  inReceptacle(remoteControl_2, ottoman_8) := true
  inReceptacle(sprayBottle_6, sideTable_6) := true
  inReceptacle(cup_10, dresser_5) := true
  objectAtLocation(cloth_1, location5) := true
  objectAtLocation(remoteControl_2, location4) := true
  objectAtLocation(baseballBat_3, location2) := true
  objectAtLocation(plate_4, location2) := true
  objectAtLocation(baseballBat_5, location3) := true
  objectAtLocation(sprayBottle_6, location5) := true
  objectAtLocation(cup_7, location4) := true
  objectAtLocation(toiletPaperRoll_8, location9) := true
  objectAtLocation(newspaper_9, location5) := true
  objectAtLocation(cup_10, location3) := true
  atLocation(agent1, location10) := true
]

goals = [
  Exists (Receptacle - Checkable r) Exists (Obj - Checkable o) (inReceptacle(o, r) and objectType(o, remoteControlType) and receptacleType(r, drawerType))
]

quality metrics = [
  minimize sequential-plan-length
]


2025-06-17 09:57:03,480 - INFO - Generating plan for unconstrained problem

2025-06-17 09:57:03,929 - INFO - Unconstrained plan generation time: 0.4481842517852783

2025-06-17 09:57:03,929 - INFO - Unconstrained plan and cost: 
2025-06-17 09:57:03,929 - INFO - SequentialPlan:
    goToLocation(agent1, location10, location4)
    pickupObject(agent1, location4, remoteControl_2, ottoman_8)
    goToLocation(agent1, location4, location5)
    putObject(agent1, location5, remoteControl_2, drawer_3, remoteControlType, drawerType)
2025-06-17 09:57:03,929 - INFO - 4
2025-06-17 09:57:04,124 - INFO - Sampled constraints:

2025-06-17 09:57:04,124 - INFO - Sometime(checked(location3))
2025-06-17 09:57:04,124 - INFO - 
2025-06-17 09:57:04,124 - INFO - Generation time: 0.19488811492919922

2025-06-17 09:57:04,132 - INFO - Generating plan for constrained problem (with LiftedTCORE).

2025-06-17 09:57:04,170 - INFO - LiftedTCORE compilation time: 0.03757143020629883

2025-06-17 09:57:04,653 - INFO - Planning Time with LiftedTCORE's file: 0.4758338928222656

2025-06-17 09:57:04,654 - INFO - Plan found with LiftedTCORE + sym_bd: SequentialPlan:
    goToLocation(agent1, location10, location4)
    pickupObject(agent1, location4, remoteControl_2, ottoman_8)
    goToLocation(agent1, location4, location3)
    look(agent1, location3)
    goToLocation(agent1, location3, location5)
    putObject(agent1, location5, remoteControl_2, drawer_3, remoteControlType, drawerType)
2025-06-17 09:57:04,654 - INFO - Seed: 560 is solvable

2025-06-17 09:57:04,654 - INFO - Unconstrained cost: 4
2025-06-17 09:57:04,654 - INFO - Constrained cost: 6
2025-06-17 09:57:04,654 - INFO - Seed: 560 Plan simulation is feasible
2025-06-17 09:57:04,654 - INFO - 
Seed: 560 
 Plan: [goToLocation(agent1, location10, location4), pickupObject(agent1, location4, remoteControl_2, ottoman_8), goToLocation(agent1, location4, location3), look(agent1, location3), goToLocation(agent1, location3, location5), putObject(agent1, location5, remoteControl_2, drawer_3, remoteControlType, drawerType)]  
 Cost: 6

