2025-06-17 10:23:22,470 - INFO - 
================= Seed: 882 =================

2025-06-17 10:23:22,475 - INFO - problem name = alfred

types = [ReceptacleType, ObjectType, Checkable, Agent - Checkable, Location - Checkable, Receptacle - Checkable, Obj - Checkable]

fluents = [
  bool atLocation[a=Agent - Checkable, l=Location - Checkable]
  bool receptacleAtLocation[r=Receptacle - Checkable, l=Location - Checkable]
  bool objectAtLocation[o=Obj - Checkable, l=Location - Checkable]
  bool openable[r=Receptacle - Checkable]
  bool opened[r=Receptacle - Checkable]
  bool inReceptacle[o=Obj - Checkable, r=Receptacle - Checkable]
  bool isReceptacleObject[o=Obj - Checkable]
  bool inReceptacleObject[innerObject=Obj - Checkable, outObject=Obj - Checkable]
  bool isReceptacleObjectFull[o=Obj - Checkable]
  bool wasInReceptacle[o=Obj - Checkable, r=Receptacle - Checkable]
  bool checked[c=Checkable]
  bool examined[l=Location - Checkable]
  bool receptacleType[r=Receptacle - Checkable, rt=ReceptacleType]
  bool canContain[rt=ReceptacleType, ot=ObjectType]
  bool objectType[o=Obj - Checkable, t=ObjectType]
  bool holds[a=Agent - Checkable, o=Obj - Checkable]
  bool holdsAny[a=Agent - Checkable]
  bool holdsAnyReceptacleObject[a=Agent - Checkable]
  bool full[r=Receptacle - Checkable]
  bool isClean[o=Obj - Checkable]
  bool cleanable[o=Obj - Checkable]
  bool isHot[o=Obj - Checkable]
  bool heatable[o=Obj - Checkable]
  bool isCool[o=Obj - Checkable]
  bool coolable[o=Obj - Checkable]
  bool pickupable[o=Obj - Checkable]
  bool moveable[o=Obj - Checkable]
  bool toggleable[o=Obj - Checkable]
  bool isOn[o=Obj - Checkable]
  bool isToggled[o=Obj - Checkable]
  bool sliceable[o=Obj - Checkable]
  bool isSliced[o=Obj - Checkable]
]

actions = [
  action look(Agent - Checkable a, Location - Checkable l) {
    preconditions = [
      atLocation(a, l)
    ]
    effects = [
      checked(l) := true
    ]
  }
  action inventory(Agent - Checkable a) {
    preconditions = [
    ]
    effects = [
      checked(a) := true
    ]
  }
  action examineReceptacle(Agent - Checkable a, Receptacle - Checkable r) {
    preconditions = [
      Exists (Location - Checkable l) (atLocation(a, l) and receptacleAtLocation(r, l))
    ]
    effects = [
      checked(r) := true
    ]
  }
  action examineObject(Agent - Checkable a, Obj - Checkable o) {
    preconditions = [
      (Exists (Location - Checkable l) Exists (Receptacle - Checkable r) (atLocation(a, l) and receptacleAtLocation(r, l) and inReceptacle(o, r) and ((not openable(r)) or opened(r))) or holds(a, o))
    ]
    effects = [
      checked(o) := true
    ]
  }
  action goToLocation(Agent - Checkable a, Location - Checkable lstart, Location - Checkable lend) {
    preconditions = [
      atLocation(a, lstart)
    ]
    effects = [
      atLocation(a, lstart) := false
      atLocation(a, lend) := true
    ]
  }
  action openObject(Agent - Checkable a, Location - Checkable l, Receptacle - Checkable r) {
    preconditions = [
      (openable(r) and atLocation(a, l) and receptacleAtLocation(r, l) and (not opened(r)))
    ]
    effects = [
      opened(r) := true
      checked(r) := true
    ]
  }
  action closeObject(Agent - Checkable a, Location - Checkable l, Receptacle - Checkable r) {
    preconditions = [
      (openable(r) and atLocation(a, l) and receptacleAtLocation(r, l) and opened(r))
    ]
    effects = [
      opened(r) := false
    ]
  }
  action pickupObject(Agent - Checkable a, Location - Checkable l, Obj - Checkable o, Receptacle - Checkable r) {
    preconditions = [
      (pickupable(o) and atLocation(a, l) and receptacleAtLocation(r, l) and inReceptacle(o, r) and (not holdsAny(a)) and ((not openable(r)) or opened(r)))
    ]
    effects = [
      inReceptacle(o, r) := false
      holds(a, o) := true
      holdsAny(a) := true
      objectAtLocation(o, l) := false
    ]
  }
  action putObject(Agent - Checkable a, Location - Checkable l, Obj - Checkable o, Receptacle - Checkable r, ObjectType ot, ReceptacleType rt) {
    preconditions = [
      (holds(a, o) and atLocation(a, l) and receptacleAtLocation(r, l) and ((not openable(r)) or opened(r)) and objectType(o, ot) and receptacleType(r, rt) and canContain(rt, ot))
    ]
    effects = [
      inReceptacle(o, r) := true
      objectAtLocation(o, l) := true
      holds(a, o) := false
      holdsAny(a) := false
    ]
  }
  action cleanObject(Agent - Checkable a, Location - Checkable l, Receptacle - Checkable r, Obj - Checkable o) {
    preconditions = [
      (cleanable(o) and receptacleType(r, sinkBasinType) and atLocation(a, l) and receptacleAtLocation(r, l) and holds(a, o))
    ]
    effects = [
      isClean(o) := true
    ]
  }
  action heatObject(Agent - Checkable a, Location - Checkable l, Receptacle - Checkable r, Obj - Checkable o) {
    preconditions = [
      (heatable(o) and receptacleType(r, microwaveType) and atLocation(a, l) and receptacleAtLocation(r, l) and holds(a, o))
    ]
    effects = [
      isHot(o) := true
      isCool(o) := false
    ]
  }
  action coolObject(Agent - Checkable a, Location - Checkable l, Receptacle - Checkable r, Obj - Checkable o) {
    preconditions = [
      (coolable(o) and receptacleType(r, fridgeType) and atLocation(a, l) and receptacleAtLocation(r, l) and holds(a, o))
    ]
    effects = [
      isCool(o) := true
      isHot(o) := false
    ]
  }
  action toggleObject(Agent - Checkable a, Location - Checkable l, Obj - Checkable o, Receptacle - Checkable r) {
    preconditions = [
      (toggleable(o) and atLocation(a, l) and receptacleAtLocation(r, l) and inReceptacle(o, r))
    ]
    effects = [
      if isOn(o) then isOn(o) := false
      if (not isOn(o)) then isOn(o) := true
      isToggled(o) := true
    ]
  }
  action sliceObject(Agent - Checkable a, Location - Checkable l, Obj - Checkable co, Obj - Checkable ko) {
    preconditions = [
      (sliceable(co) and (objectType(ko, knifeType) or objectType(ko, butterKnifeType)) and atLocation(a, l) and objectAtLocation(co, l) and holds(a, ko))
    ]
    effects = [
      isSliced(co) := true
    ]
  }
  action help(Agent - Checkable a) {
    preconditions = [
    ]
    effects = [
      checked(a) := true
    ]
  }
]

objects = [
  ReceptacleType: [sinkBasinType, microwaveType, fridgeType, bathtubBasinType, ottomanType, toiletType, cartType, cabinetType, bedType, safeType]
  ObjectType: [knifeType, butterKnifeType, cupType, baseballBatType, sprayBottleType, wateringCanType, basketBallType, ladleType, bookType, tissueBoxType, panType]
  Checkable: [agent1, location1, location2, location3, location4, location5, location6, location7, location8, location9, location10, bathtubBasin_1, ottoman_2, toilet_3, cart_4, microwave_5, cabinet_6, bed_7, toilet_8, toilet_9, safe_10, cup_1, baseballBat_2, sprayBottle_3, wateringCan_4, basketBall_5, ladle_6, book_7, tissueBox_8, sprayBottle_9, pan_10]
  Agent - Checkable: [agent1]
  Location - Checkable: [location1, location2, location3, location4, location5, location6, location7, location8, location9, location10]
  Receptacle - Checkable: [bathtubBasin_1, ottoman_2, toilet_3, cart_4, microwave_5, cabinet_6, bed_7, toilet_8, toilet_9, safe_10]
  Obj - Checkable: [cup_1, baseballBat_2, sprayBottle_3, wateringCan_4, basketBall_5, ladle_6, book_7, tissueBox_8, sprayBottle_9, pan_10]
]

initial fluents default = [
  bool atLocation[a=Agent - Checkable, l=Location - Checkable] := false
  bool receptacleAtLocation[r=Receptacle - Checkable, l=Location - Checkable] := false
  bool objectAtLocation[o=Obj - Checkable, l=Location - Checkable] := false
  bool openable[r=Receptacle - Checkable] := false
  bool opened[r=Receptacle - Checkable] := false
  bool inReceptacle[o=Obj - Checkable, r=Receptacle - Checkable] := false
  bool isReceptacleObject[o=Obj - Checkable] := false
  bool inReceptacleObject[innerObject=Obj - Checkable, outObject=Obj - Checkable] := false
  bool isReceptacleObjectFull[o=Obj - Checkable] := false
  bool wasInReceptacle[o=Obj - Checkable, r=Receptacle - Checkable] := false
  bool checked[c=Checkable] := false
  bool examined[l=Location - Checkable] := false
  bool receptacleType[r=Receptacle - Checkable, rt=ReceptacleType] := false
  bool canContain[rt=ReceptacleType, ot=ObjectType] := false
  bool objectType[o=Obj - Checkable, t=ObjectType] := false
  bool holds[a=Agent - Checkable, o=Obj - Checkable] := false
  bool holdsAny[a=Agent - Checkable] := false
  bool holdsAnyReceptacleObject[a=Agent - Checkable] := false
  bool full[r=Receptacle - Checkable] := false
  bool isClean[o=Obj - Checkable] := false
  bool cleanable[o=Obj - Checkable] := false
  bool isHot[o=Obj - Checkable] := false
  bool heatable[o=Obj - Checkable] := false
  bool isCool[o=Obj - Checkable] := false
  bool coolable[o=Obj - Checkable] := false
  bool pickupable[o=Obj - Checkable] := false
  bool moveable[o=Obj - Checkable] := false
  bool toggleable[o=Obj - Checkable] := false
  bool isOn[o=Obj - Checkable] := false
  bool isToggled[o=Obj - Checkable] := false
  bool sliceable[o=Obj - Checkable] := false
  bool isSliced[o=Obj - Checkable] := false
]

initial values = [
  receptacleType(bathtubBasin_1, bathtubBasinType) := true
  receptacleType(ottoman_2, ottomanType) := true
  receptacleType(toilet_3, toiletType) := true
  receptacleType(cart_4, cartType) := true
  receptacleType(microwave_5, microwaveType) := true
  receptacleType(cabinet_6, cabinetType) := true
  receptacleType(bed_7, bedType) := true
  receptacleType(toilet_8, toiletType) := true
  receptacleType(toilet_9, toiletType) := true
  receptacleType(safe_10, safeType) := true
  objectType(cup_1, cupType) := true
  objectType(baseballBat_2, baseballBatType) := true
  objectType(sprayBottle_3, sprayBottleType) := true
  objectType(wateringCan_4, wateringCanType) := true
  objectType(basketBall_5, basketBallType) := true
  objectType(ladle_6, ladleType) := true
  objectType(book_7, bookType) := true
  objectType(tissueBox_8, tissueBoxType) := true
  objectType(sprayBottle_9, sprayBottleType) := true
  objectType(pan_10, panType) := true
  canContain(ottomanType, basketBallType) := true
  canContain(ottomanType, bookType) := true
  canContain(toiletType, sprayBottleType) := true
  canContain(toiletType, tissueBoxType) := true
  canContain(cartType, sprayBottleType) := true
  canContain(cartType, tissueBoxType) := true
  canContain(microwaveType, cupType) := true
  canContain(cabinetType, cupType) := true
  canContain(cabinetType, sprayBottleType) := true
  canContain(cabinetType, wateringCanType) := true
  canContain(cabinetType, ladleType) := true
  canContain(cabinetType, bookType) := true
  canContain(cabinetType, tissueBoxType) := true
  canContain(cabinetType, panType) := true
  canContain(bedType, baseballBatType) := true
  canContain(bedType, basketBallType) := true
  canContain(bedType, bookType) := true
  pickupable(cup_1) := true
  isReceptacleObject(cup_1) := true
  cleanable(cup_1) := true
  heatable(cup_1) := true
  coolable(cup_1) := true
  pickupable(baseballBat_2) := true
  pickupable(sprayBottle_3) := true
  pickupable(wateringCan_4) := true
  pickupable(basketBall_5) := true
  pickupable(ladle_6) := true
  cleanable(ladle_6) := true
  pickupable(book_7) := true
  pickupable(tissueBox_8) := true
  pickupable(sprayBottle_9) := true
  pickupable(pan_10) := true
  isReceptacleObject(pan_10) := true
  cleanable(pan_10) := true
  coolable(pan_10) := true
  receptacleAtLocation(bathtubBasin_1, location3) := true
  receptacleAtLocation(ottoman_2, location9) := true
  receptacleAtLocation(toilet_3, location8) := true
  receptacleAtLocation(cart_4, location6) := true
  receptacleAtLocation(microwave_5, location5) := true
  receptacleAtLocation(cabinet_6, location7) := true
  receptacleAtLocation(bed_7, location7) := true
  receptacleAtLocation(toilet_8, location10) := true
  receptacleAtLocation(toilet_9, location10) := true
  receptacleAtLocation(safe_10, location6) := true
  inReceptacle(tissueBox_8, toilet_3) := true
  objectAtLocation(cup_1, location7) := true
  objectAtLocation(baseballBat_2, location9) := true
  objectAtLocation(sprayBottle_3, location10) := true
  objectAtLocation(wateringCan_4, location6) := true
  objectAtLocation(basketBall_5, location7) := true
  objectAtLocation(ladle_6, location2) := true
  objectAtLocation(book_7, location1) := true
  objectAtLocation(tissueBox_8, location8) := true
  objectAtLocation(sprayBottle_9, location3) := true
  objectAtLocation(pan_10, location5) := true
  atLocation(agent1, location7) := true
]

goals = [
  Exists (Receptacle - Checkable r) Exists (Obj - Checkable o) (inReceptacle(o, r) and objectType(o, tissueBoxType) and receptacleType(r, cartType))
]

quality metrics = [
  minimize sequential-plan-length
]


2025-06-17 10:23:22,477 - INFO - Generating plan for unconstrained problem

2025-06-17 10:23:22,836 - INFO - Unconstrained plan generation time: 0.3594050407409668

2025-06-17 10:23:22,836 - INFO - Unconstrained plan and cost: 
2025-06-17 10:23:22,836 - INFO - SequentialPlan:
    goToLocation(agent1, location7, location8)
    pickupObject(agent1, location8, tissueBox_8, toilet_3)
    goToLocation(agent1, location8, location6)
    putObject(agent1, location6, tissueBox_8, cart_4, tissueBoxType, cartType)
2025-06-17 10:23:22,836 - INFO - 4
2025-06-17 10:23:23,009 - INFO - Sampled constraints:

2025-06-17 10:23:23,009 - INFO - Sometime(atLocation(agent1, location8))
2025-06-17 10:23:23,009 - INFO - Sometime-After(atLocation(agent1, location8), (checked(book_7) or checked(location4)))
2025-06-17 10:23:23,009 - INFO - 
2025-06-17 10:23:23,009 - INFO - Generation time: 0.17251944541931152

2025-06-17 10:23:23,017 - INFO - Generating plan for constrained problem (with LiftedTCORE).

2025-06-17 10:23:23,064 - INFO - LiftedTCORE compilation time: 0.04668164253234863

2025-06-17 10:23:23,504 - INFO - Planning Time with LiftedTCORE's file: 0.4314725399017334

2025-06-17 10:23:23,504 - INFO - Plan found with LiftedTCORE + sym_bd: SequentialPlan:
    goToLocation(agent1, location7, location8)
    pickupObject(agent1, location8, tissueBox_8, toilet_3)
    goToLocation(agent1, location8, location4)
    look(agent1, location4)
    goToLocation(agent1, location4, location6)
    putObject(agent1, location6, tissueBox_8, cart_4, tissueBoxType, cartType)
2025-06-17 10:23:23,504 - INFO - Seed: 882 is solvable

2025-06-17 10:23:23,504 - INFO - Unconstrained cost: 4
2025-06-17 10:23:23,504 - INFO - Constrained cost: 6
2025-06-17 10:23:23,504 - INFO - Seed: 882 Plan simulation is feasible
2025-06-17 10:23:23,504 - INFO - 
Seed: 882 
 Plan: [goToLocation(agent1, location7, location8), pickupObject(agent1, location8, tissueBox_8, toilet_3), goToLocation(agent1, location8, location4), look(agent1, location4), goToLocation(agent1, location4, location6), putObject(agent1, location6, tissueBox_8, cart_4, tissueBoxType, cartType)]  
 Cost: 6

