2025-06-17 11:15:11,601 - INFO - 
================= Seed: 17 =================

2025-06-17 11:15:11,601 - INFO - problem name = alfred

types = [ReceptacleType, ObjectType, Checkable, Agent - Checkable, Location - Checkable, Receptacle - Checkable, Obj - Checkable]

fluents = [
  bool atLocation[a=Agent - Checkable, l=Location - Checkable]
  bool receptacleAtLocation[r=Receptacle - Checkable, l=Location - Checkable]
  bool objectAtLocation[o=Obj - Checkable, l=Location - Checkable]
  bool openable[r=Receptacle - Checkable]
  bool opened[r=Receptacle - Checkable]
  bool inReceptacle[o=Obj - Checkable, r=Receptacle - Checkable]
  bool isReceptacleObject[o=Obj - Checkable]
  bool inReceptacleObject[innerObject=Obj - Checkable, outObject=Obj - Checkable]
  bool isReceptacleObjectFull[o=Obj - Checkable]
  bool wasInReceptacle[o=Obj - Checkable, r=Receptacle - Checkable]
  bool checked[c=Checkable]
  bool examined[l=Location - Checkable]
  bool receptacleType[r=Receptacle - Checkable, rt=ReceptacleType]
  bool canContain[rt=ReceptacleType, ot=ObjectType]
  bool objectType[o=Obj - Checkable, t=ObjectType]
  bool holds[a=Agent - Checkable, o=Obj - Checkable]
  bool holdsAny[a=Agent - Checkable]
  bool holdsAnyReceptacleObject[a=Agent - Checkable]
  bool full[r=Receptacle - Checkable]
  bool isClean[o=Obj - Checkable]
  bool cleanable[o=Obj - Checkable]
  bool isHot[o=Obj - Checkable]
  bool heatable[o=Obj - Checkable]
  bool isCool[o=Obj - Checkable]
  bool coolable[o=Obj - Checkable]
  bool pickupable[o=Obj - Checkable]
  bool moveable[o=Obj - Checkable]
  bool toggleable[o=Obj - Checkable]
  bool isOn[o=Obj - Checkable]
  bool isToggled[o=Obj - Checkable]
  bool sliceable[o=Obj - Checkable]
  bool isSliced[o=Obj - Checkable]
]

actions = [
  action look(Agent - Checkable a, Location - Checkable l) {
    preconditions = [
      atLocation(a, l)
    ]
    effects = [
      checked(l) := true
    ]
  }
  action inventory(Agent - Checkable a) {
    preconditions = [
    ]
    effects = [
      checked(a) := true
    ]
  }
  action examineReceptacle(Agent - Checkable a, Receptacle - Checkable r) {
    preconditions = [
      Exists (Location - Checkable l) (atLocation(a, l) and receptacleAtLocation(r, l))
    ]
    effects = [
      checked(r) := true
    ]
  }
  action examineObject(Agent - Checkable a, Obj - Checkable o) {
    preconditions = [
      (Exists (Location - Checkable l) Exists (Receptacle - Checkable r) (atLocation(a, l) and receptacleAtLocation(r, l) and inReceptacle(o, r) and ((not openable(r)) or opened(r))) or holds(a, o))
    ]
    effects = [
      checked(o) := true
    ]
  }
  action goToLocation(Agent - Checkable a, Location - Checkable lstart, Location - Checkable lend) {
    preconditions = [
      atLocation(a, lstart)
    ]
    effects = [
      atLocation(a, lstart) := false
      atLocation(a, lend) := true
    ]
  }
  action openObject(Agent - Checkable a, Location - Checkable l, Receptacle - Checkable r) {
    preconditions = [
      (openable(r) and atLocation(a, l) and receptacleAtLocation(r, l) and (not opened(r)))
    ]
    effects = [
      opened(r) := true
      checked(r) := true
    ]
  }
  action closeObject(Agent - Checkable a, Location - Checkable l, Receptacle - Checkable r) {
    preconditions = [
      (openable(r) and atLocation(a, l) and receptacleAtLocation(r, l) and opened(r))
    ]
    effects = [
      opened(r) := false
    ]
  }
  action pickupObject(Agent - Checkable a, Location - Checkable l, Obj - Checkable o, Receptacle - Checkable r) {
    preconditions = [
      (pickupable(o) and atLocation(a, l) and receptacleAtLocation(r, l) and inReceptacle(o, r) and (not holdsAny(a)) and ((not openable(r)) or opened(r)))
    ]
    effects = [
      inReceptacle(o, r) := false
      holds(a, o) := true
      holdsAny(a) := true
      objectAtLocation(o, l) := false
    ]
  }
  action putObject(Agent - Checkable a, Location - Checkable l, Obj - Checkable o, Receptacle - Checkable r, ObjectType ot, ReceptacleType rt) {
    preconditions = [
      (holds(a, o) and atLocation(a, l) and receptacleAtLocation(r, l) and ((not openable(r)) or opened(r)) and objectType(o, ot) and receptacleType(r, rt) and canContain(rt, ot))
    ]
    effects = [
      inReceptacle(o, r) := true
      objectAtLocation(o, l) := true
      holds(a, o) := false
      holdsAny(a) := false
    ]
  }
  action cleanObject(Agent - Checkable a, Location - Checkable l, Receptacle - Checkable r, Obj - Checkable o) {
    preconditions = [
      (cleanable(o) and receptacleType(r, sinkBasinType) and atLocation(a, l) and receptacleAtLocation(r, l) and holds(a, o))
    ]
    effects = [
      isClean(o) := true
    ]
  }
  action heatObject(Agent - Checkable a, Location - Checkable l, Receptacle - Checkable r, Obj - Checkable o) {
    preconditions = [
      (heatable(o) and receptacleType(r, microwaveType) and atLocation(a, l) and receptacleAtLocation(r, l) and holds(a, o))
    ]
    effects = [
      isHot(o) := true
      isCool(o) := false
    ]
  }
  action coolObject(Agent - Checkable a, Location - Checkable l, Receptacle - Checkable r, Obj - Checkable o) {
    preconditions = [
      (coolable(o) and receptacleType(r, fridgeType) and atLocation(a, l) and receptacleAtLocation(r, l) and holds(a, o))
    ]
    effects = [
      isCool(o) := true
      isHot(o) := false
    ]
  }
  action toggleObject(Agent - Checkable a, Location - Checkable l, Obj - Checkable o, Receptacle - Checkable r) {
    preconditions = [
      (toggleable(o) and atLocation(a, l) and receptacleAtLocation(r, l) and inReceptacle(o, r))
    ]
    effects = [
      if isOn(o) then isOn(o) := false
      if (not isOn(o)) then isOn(o) := true
      isToggled(o) := true
    ]
  }
  action sliceObject(Agent - Checkable a, Location - Checkable l, Obj - Checkable co, Obj - Checkable ko) {
    preconditions = [
      (sliceable(co) and (objectType(ko, knifeType) or objectType(ko, butterKnifeType)) and atLocation(a, l) and objectAtLocation(co, l) and holds(a, ko))
    ]
    effects = [
      isSliced(co) := true
    ]
  }
  action help(Agent - Checkable a) {
    preconditions = [
    ]
    effects = [
      checked(a) := true
    ]
  }
]

objects = [
  ReceptacleType: [sinkBasinType, microwaveType, fridgeType, towelHolderType, coffeeTableType, deskType, handTowelHolderType, stoveBurnerType, coffeeMachineType, laundryHamperType, ottomanType]
  ObjectType: [knifeType, butterKnifeType, spatulaType, vaseType, soapBottleType, boxType, clothType, mugType, lettuceType, bowlType]
  Checkable: [agent1, location1, location2, location3, location4, location5, location6, location7, location8, location9, location10, towelHolder_1, coffeeTable_2, desk_3, handTowelHolder_4, stoveBurner_5, handTowelHolder_6, coffeeMachine_7, laundryHamper_8, ottoman_9, ottoman_10, microwave_11, fridge_12, spatula_1, vase_2, soapBottle_3, box_4, cloth_5, mug_6, lettuce_7, bowl_8, butterKnife_9, bowl_10]
  Agent - Checkable: [agent1]
  Location - Checkable: [location1, location2, location3, location4, location5, location6, location7, location8, location9, location10]
  Receptacle - Checkable: [towelHolder_1, coffeeTable_2, desk_3, handTowelHolder_4, stoveBurner_5, handTowelHolder_6, coffeeMachine_7, laundryHamper_8, ottoman_9, ottoman_10, microwave_11, fridge_12]
  Obj - Checkable: [spatula_1, vase_2, soapBottle_3, box_4, cloth_5, mug_6, lettuce_7, bowl_8, butterKnife_9, bowl_10]
]

initial fluents default = [
  bool atLocation[a=Agent - Checkable, l=Location - Checkable] := false
  bool receptacleAtLocation[r=Receptacle - Checkable, l=Location - Checkable] := false
  bool objectAtLocation[o=Obj - Checkable, l=Location - Checkable] := false
  bool openable[r=Receptacle - Checkable] := false
  bool opened[r=Receptacle - Checkable] := false
  bool inReceptacle[o=Obj - Checkable, r=Receptacle - Checkable] := false
  bool isReceptacleObject[o=Obj - Checkable] := false
  bool inReceptacleObject[innerObject=Obj - Checkable, outObject=Obj - Checkable] := false
  bool isReceptacleObjectFull[o=Obj - Checkable] := false
  bool wasInReceptacle[o=Obj - Checkable, r=Receptacle - Checkable] := false
  bool checked[c=Checkable] := false
  bool examined[l=Location - Checkable] := false
  bool receptacleType[r=Receptacle - Checkable, rt=ReceptacleType] := false
  bool canContain[rt=ReceptacleType, ot=ObjectType] := false
  bool objectType[o=Obj - Checkable, t=ObjectType] := false
  bool holds[a=Agent - Checkable, o=Obj - Checkable] := false
  bool holdsAny[a=Agent - Checkable] := false
  bool holdsAnyReceptacleObject[a=Agent - Checkable] := false
  bool full[r=Receptacle - Checkable] := false
  bool isClean[o=Obj - Checkable] := false
  bool cleanable[o=Obj - Checkable] := false
  bool isHot[o=Obj - Checkable] := false
  bool heatable[o=Obj - Checkable] := false
  bool isCool[o=Obj - Checkable] := false
  bool coolable[o=Obj - Checkable] := false
  bool pickupable[o=Obj - Checkable] := false
  bool moveable[o=Obj - Checkable] := false
  bool toggleable[o=Obj - Checkable] := false
  bool isOn[o=Obj - Checkable] := false
  bool isToggled[o=Obj - Checkable] := false
  bool sliceable[o=Obj - Checkable] := false
  bool isSliced[o=Obj - Checkable] := false
]

initial values = [
  receptacleType(towelHolder_1, towelHolderType) := true
  receptacleType(coffeeTable_2, coffeeTableType) := true
  receptacleType(desk_3, deskType) := true
  receptacleType(handTowelHolder_4, handTowelHolderType) := true
  receptacleType(stoveBurner_5, stoveBurnerType) := true
  receptacleType(handTowelHolder_6, handTowelHolderType) := true
  receptacleType(coffeeMachine_7, coffeeMachineType) := true
  receptacleType(laundryHamper_8, laundryHamperType) := true
  receptacleType(ottoman_9, ottomanType) := true
  receptacleType(ottoman_10, ottomanType) := true
  receptacleType(microwave_11, microwaveType) := true
  receptacleType(fridge_12, fridgeType) := true
  objectType(spatula_1, spatulaType) := true
  objectType(vase_2, vaseType) := true
  objectType(soapBottle_3, soapBottleType) := true
  objectType(box_4, boxType) := true
  objectType(cloth_5, clothType) := true
  objectType(mug_6, mugType) := true
  objectType(lettuce_7, lettuceType) := true
  objectType(bowl_8, bowlType) := true
  objectType(butterKnife_9, butterKnifeType) := true
  objectType(bowl_10, bowlType) := true
  canContain(coffeeTableType, spatulaType) := true
  canContain(coffeeTableType, vaseType) := true
  canContain(coffeeTableType, soapBottleType) := true
  canContain(coffeeTableType, boxType) := true
  canContain(coffeeTableType, clothType) := true
  canContain(coffeeTableType, mugType) := true
  canContain(coffeeTableType, lettuceType) := true
  canContain(coffeeTableType, bowlType) := true
  canContain(coffeeTableType, butterKnifeType) := true
  canContain(deskType, vaseType) := true
  canContain(deskType, soapBottleType) := true
  canContain(deskType, boxType) := true
  canContain(deskType, clothType) := true
  canContain(deskType, mugType) := true
  canContain(deskType, bowlType) := true
  canContain(coffeeMachineType, mugType) := true
  canContain(laundryHamperType, clothType) := true
  canContain(ottomanType, boxType) := true
  canContain(ottomanType, clothType) := true
  canContain(microwaveType, mugType) := true
  canContain(microwaveType, bowlType) := true
  canContain(fridgeType, mugType) := true
  canContain(fridgeType, lettuceType) := true
  canContain(fridgeType, bowlType) := true
  pickupable(spatula_1) := true
  cleanable(spatula_1) := true
  pickupable(vase_2) := true
  pickupable(soapBottle_3) := true
  pickupable(box_4) := true
  isReceptacleObject(box_4) := true
  pickupable(cloth_5) := true
  cleanable(cloth_5) := true
  pickupable(mug_6) := true
  isReceptacleObject(mug_6) := true
  cleanable(mug_6) := true
  heatable(mug_6) := true
  coolable(mug_6) := true
  pickupable(lettuce_7) := true
  cleanable(lettuce_7) := true
  coolable(lettuce_7) := true
  sliceable(lettuce_7) := true
  pickupable(bowl_8) := true
  isReceptacleObject(bowl_8) := true
  cleanable(bowl_8) := true
  coolable(bowl_8) := true
  pickupable(butterKnife_9) := true
  cleanable(butterKnife_9) := true
  pickupable(bowl_10) := true
  isReceptacleObject(bowl_10) := true
  cleanable(bowl_10) := true
  coolable(bowl_10) := true
  receptacleAtLocation(towelHolder_1, location3) := true
  receptacleAtLocation(coffeeTable_2, location4) := true
  receptacleAtLocation(desk_3, location3) := true
  receptacleAtLocation(handTowelHolder_4, location9) := true
  receptacleAtLocation(stoveBurner_5, location9) := true
  receptacleAtLocation(handTowelHolder_6, location4) := true
  receptacleAtLocation(coffeeMachine_7, location6) := true
  receptacleAtLocation(laundryHamper_8, location9) := true
  receptacleAtLocation(ottoman_9, location2) := true
  receptacleAtLocation(ottoman_10, location2) := true
  receptacleAtLocation(microwave_11, location5) := true
  receptacleAtLocation(fridge_12, location7) := true
  inReceptacle(spatula_1, coffeeTable_2) := true
  inReceptacle(vase_2, desk_3) := true
  inReceptacle(soapBottle_3, coffeeTable_2) := true
  inReceptacle(box_4, ottoman_9) := true
  inReceptacle(cloth_5, ottoman_9) := true
  inReceptacle(mug_6, coffeeTable_2) := true
  inReceptacle(lettuce_7, fridge_12) := true
  inReceptacle(bowl_8, desk_3) := true
  inReceptacle(butterKnife_9, coffeeTable_2) := true
  inReceptacle(bowl_10, fridge_12) := true
  objectAtLocation(spatula_1, location4) := true
  objectAtLocation(vase_2, location3) := true
  objectAtLocation(soapBottle_3, location4) := true
  objectAtLocation(box_4, location2) := true
  objectAtLocation(cloth_5, location2) := true
  objectAtLocation(mug_6, location4) := true
  objectAtLocation(lettuce_7, location7) := true
  objectAtLocation(bowl_8, location3) := true
  objectAtLocation(butterKnife_9, location4) := true
  objectAtLocation(bowl_10, location7) := true
  atLocation(agent1, location5) := true
]

goals = [
  Exists (Receptacle - Checkable r) Exists (Obj - Checkable o1) (inReceptacle(o1, r) and objectType(o1, clothType) and receptacleType(r, coffeeTableType) and Exists (Obj - Checkable o2) ((not (o1 == o2)) and objectType(o2, soapBottleType) and receptacleType(r, coffeeTableType) and inReceptacle(o2, r)))
]

quality metrics = [
  minimize sequential-plan-length
]


2025-06-17 11:15:11,603 - INFO - Generating plan for unconstrained problem

2025-06-17 11:15:12,040 - INFO - Unconstrained plan generation time: 0.4371776580810547

2025-06-17 11:15:12,040 - INFO - Unconstrained plan and cost: 
2025-06-17 11:15:12,041 - INFO - SequentialPlan:
    goToLocation(agent1, location5, location2)
    pickupObject(agent1, location2, cloth_5, ottoman_9)
    goToLocation(agent1, location2, location4)
    putObject(agent1, location4, cloth_5, coffeeTable_2, clothType, coffeeTableType)
2025-06-17 11:15:12,041 - INFO - 4
2025-06-17 11:15:12,260 - INFO - Sampled constraints:

2025-06-17 11:15:12,260 - INFO - Sometime(atLocation(agent1, location2))
2025-06-17 11:15:12,260 - INFO - Sometime-After(atLocation(agent1, location2), (checked(box_4) or atLocation(agent1, location9)))
2025-06-17 11:15:12,260 - INFO - 
2025-06-17 11:15:12,260 - INFO - Generation time: 0.2186441421508789

2025-06-17 11:15:12,260 - INFO - Generating plan for constrained problem (with LiftedTCORE).

2025-06-17 11:15:12,312 - INFO - LiftedTCORE compilation time: 0.0515141487121582

2025-06-17 11:15:12,908 - INFO - Planning Time with LiftedTCORE's file: 0.5963213443756104

2025-06-17 11:15:12,909 - INFO - Plan found with LiftedTCORE + sym_bd: SequentialPlan:
    goToLocation(agent1, location5, location2)
    pickupObject(agent1, location2, cloth_5, ottoman_9)
    examineObject(agent1, box_4)
    goToLocation(agent1, location2, location4)
    putObject(agent1, location4, cloth_5, coffeeTable_2, clothType, coffeeTableType)
2025-06-17 11:15:12,909 - INFO - Seed: 17 is solvable

2025-06-17 11:15:12,909 - INFO - Unconstrained cost: 4
2025-06-17 11:15:12,909 - INFO - Constrained cost: 5
2025-06-17 11:15:12,909 - INFO - Seed: 17 Plan simulation is feasible
2025-06-17 11:15:12,909 - INFO - 
Seed: 17 
 Plan: [goToLocation(agent1, location5, location2), pickupObject(agent1, location2, cloth_5, ottoman_9), examineObject(agent1, box_4), goToLocation(agent1, location2, location4), putObject(agent1, location4, cloth_5, coffeeTable_2, clothType, coffeeTableType)]  
 Cost: 5

