2025-06-17 11:18:19,234 - INFO - 
================= Seed: 136 =================

2025-06-17 11:18:19,235 - INFO - problem name = alfred

types = [ReceptacleType, ObjectType, Checkable, Agent - Checkable, Location - Checkable, Receptacle - Checkable, Obj - Checkable]

fluents = [
  bool atLocation[a=Agent - Checkable, l=Location - Checkable]
  bool receptacleAtLocation[r=Receptacle - Checkable, l=Location - Checkable]
  bool objectAtLocation[o=Obj - Checkable, l=Location - Checkable]
  bool openable[r=Receptacle - Checkable]
  bool opened[r=Receptacle - Checkable]
  bool inReceptacle[o=Obj - Checkable, r=Receptacle - Checkable]
  bool isReceptacleObject[o=Obj - Checkable]
  bool inReceptacleObject[innerObject=Obj - Checkable, outObject=Obj - Checkable]
  bool isReceptacleObjectFull[o=Obj - Checkable]
  bool wasInReceptacle[o=Obj - Checkable, r=Receptacle - Checkable]
  bool checked[c=Checkable]
  bool examined[l=Location - Checkable]
  bool receptacleType[r=Receptacle - Checkable, rt=ReceptacleType]
  bool canContain[rt=ReceptacleType, ot=ObjectType]
  bool objectType[o=Obj - Checkable, t=ObjectType]
  bool holds[a=Agent - Checkable, o=Obj - Checkable]
  bool holdsAny[a=Agent - Checkable]
  bool holdsAnyReceptacleObject[a=Agent - Checkable]
  bool full[r=Receptacle - Checkable]
  bool isClean[o=Obj - Checkable]
  bool cleanable[o=Obj - Checkable]
  bool isHot[o=Obj - Checkable]
  bool heatable[o=Obj - Checkable]
  bool isCool[o=Obj - Checkable]
  bool coolable[o=Obj - Checkable]
  bool pickupable[o=Obj - Checkable]
  bool moveable[o=Obj - Checkable]
  bool toggleable[o=Obj - Checkable]
  bool isOn[o=Obj - Checkable]
  bool isToggled[o=Obj - Checkable]
  bool sliceable[o=Obj - Checkable]
  bool isSliced[o=Obj - Checkable]
]

actions = [
  action look(Agent - Checkable a, Location - Checkable l) {
    preconditions = [
      atLocation(a, l)
    ]
    effects = [
      checked(l) := true
    ]
  }
  action inventory(Agent - Checkable a) {
    preconditions = [
    ]
    effects = [
      checked(a) := true
    ]
  }
  action examineReceptacle(Agent - Checkable a, Receptacle - Checkable r) {
    preconditions = [
      Exists (Location - Checkable l) (atLocation(a, l) and receptacleAtLocation(r, l))
    ]
    effects = [
      checked(r) := true
    ]
  }
  action examineObject(Agent - Checkable a, Obj - Checkable o) {
    preconditions = [
      (Exists (Location - Checkable l) Exists (Receptacle - Checkable r) (atLocation(a, l) and receptacleAtLocation(r, l) and inReceptacle(o, r) and ((not openable(r)) or opened(r))) or holds(a, o))
    ]
    effects = [
      checked(o) := true
    ]
  }
  action goToLocation(Agent - Checkable a, Location - Checkable lstart, Location - Checkable lend) {
    preconditions = [
      atLocation(a, lstart)
    ]
    effects = [
      atLocation(a, lstart) := false
      atLocation(a, lend) := true
    ]
  }
  action openObject(Agent - Checkable a, Location - Checkable l, Receptacle - Checkable r) {
    preconditions = [
      (openable(r) and atLocation(a, l) and receptacleAtLocation(r, l) and (not opened(r)))
    ]
    effects = [
      opened(r) := true
      checked(r) := true
    ]
  }
  action closeObject(Agent - Checkable a, Location - Checkable l, Receptacle - Checkable r) {
    preconditions = [
      (openable(r) and atLocation(a, l) and receptacleAtLocation(r, l) and opened(r))
    ]
    effects = [
      opened(r) := false
    ]
  }
  action pickupObject(Agent - Checkable a, Location - Checkable l, Obj - Checkable o, Receptacle - Checkable r) {
    preconditions = [
      (pickupable(o) and atLocation(a, l) and receptacleAtLocation(r, l) and inReceptacle(o, r) and (not holdsAny(a)) and ((not openable(r)) or opened(r)))
    ]
    effects = [
      inReceptacle(o, r) := false
      holds(a, o) := true
      holdsAny(a) := true
      objectAtLocation(o, l) := false
    ]
  }
  action putObject(Agent - Checkable a, Location - Checkable l, Obj - Checkable o, Receptacle - Checkable r, ObjectType ot, ReceptacleType rt) {
    preconditions = [
      (holds(a, o) and atLocation(a, l) and receptacleAtLocation(r, l) and ((not openable(r)) or opened(r)) and objectType(o, ot) and receptacleType(r, rt) and canContain(rt, ot))
    ]
    effects = [
      inReceptacle(o, r) := true
      objectAtLocation(o, l) := true
      holds(a, o) := false
      holdsAny(a) := false
    ]
  }
  action cleanObject(Agent - Checkable a, Location - Checkable l, Receptacle - Checkable r, Obj - Checkable o) {
    preconditions = [
      (cleanable(o) and receptacleType(r, sinkBasinType) and atLocation(a, l) and receptacleAtLocation(r, l) and holds(a, o))
    ]
    effects = [
      isClean(o) := true
    ]
  }
  action heatObject(Agent - Checkable a, Location - Checkable l, Receptacle - Checkable r, Obj - Checkable o) {
    preconditions = [
      (heatable(o) and receptacleType(r, microwaveType) and atLocation(a, l) and receptacleAtLocation(r, l) and holds(a, o))
    ]
    effects = [
      isHot(o) := true
      isCool(o) := false
    ]
  }
  action coolObject(Agent - Checkable a, Location - Checkable l, Receptacle - Checkable r, Obj - Checkable o) {
    preconditions = [
      (coolable(o) and receptacleType(r, fridgeType) and atLocation(a, l) and receptacleAtLocation(r, l) and holds(a, o))
    ]
    effects = [
      isCool(o) := true
      isHot(o) := false
    ]
  }
  action toggleObject(Agent - Checkable a, Location - Checkable l, Obj - Checkable o, Receptacle - Checkable r) {
    preconditions = [
      (toggleable(o) and atLocation(a, l) and receptacleAtLocation(r, l) and inReceptacle(o, r))
    ]
    effects = [
      if isOn(o) then isOn(o) := false
      if (not isOn(o)) then isOn(o) := true
      isToggled(o) := true
    ]
  }
  action sliceObject(Agent - Checkable a, Location - Checkable l, Obj - Checkable co, Obj - Checkable ko) {
    preconditions = [
      (sliceable(co) and (objectType(ko, knifeType) or objectType(ko, butterKnifeType)) and atLocation(a, l) and objectAtLocation(co, l) and holds(a, ko))
    ]
    effects = [
      isSliced(co) := true
    ]
  }
  action help(Agent - Checkable a) {
    preconditions = [
    ]
    effects = [
      checked(a) := true
    ]
  }
]

objects = [
  ReceptacleType: [sinkBasinType, microwaveType, fridgeType, bathtubBasinType, coffeeTableType, towelHolderType, drawerType, toiletPaperHangerType, laundryHamperType, counterTopType, ottomanType]
  ObjectType: [knifeType, butterKnifeType, bowlType, tissueBoxType, watchType, cupType, basketBallType, spoonType, spatulaType, lettuceType, bookType, potType]
  Checkable: [agent1, location1, location2, location3, location4, location5, location6, location7, location8, location9, location10, bathtubBasin_1, coffeeTable_2, towelHolder_3, drawer_4, coffeeTable_5, toiletPaperHanger_6, laundryHamper_7, counterTop_8, coffeeTable_9, ottoman_10, microwave_11, fridge_12, bowl_1, tissueBox_2, watch_3, cup_4, basketBall_5, spoon_6, spatula_7, lettuce_8, book_9, pot_10]
  Agent - Checkable: [agent1]
  Location - Checkable: [location1, location2, location3, location4, location5, location6, location7, location8, location9, location10]
  Receptacle - Checkable: [bathtubBasin_1, coffeeTable_2, towelHolder_3, drawer_4, coffeeTable_5, toiletPaperHanger_6, laundryHamper_7, counterTop_8, coffeeTable_9, ottoman_10, microwave_11, fridge_12]
  Obj - Checkable: [bowl_1, tissueBox_2, watch_3, cup_4, basketBall_5, spoon_6, spatula_7, lettuce_8, book_9, pot_10]
]

initial fluents default = [
  bool atLocation[a=Agent - Checkable, l=Location - Checkable] := false
  bool receptacleAtLocation[r=Receptacle - Checkable, l=Location - Checkable] := false
  bool objectAtLocation[o=Obj - Checkable, l=Location - Checkable] := false
  bool openable[r=Receptacle - Checkable] := false
  bool opened[r=Receptacle - Checkable] := false
  bool inReceptacle[o=Obj - Checkable, r=Receptacle - Checkable] := false
  bool isReceptacleObject[o=Obj - Checkable] := false
  bool inReceptacleObject[innerObject=Obj - Checkable, outObject=Obj - Checkable] := false
  bool isReceptacleObjectFull[o=Obj - Checkable] := false
  bool wasInReceptacle[o=Obj - Checkable, r=Receptacle - Checkable] := false
  bool checked[c=Checkable] := false
  bool examined[l=Location - Checkable] := false
  bool receptacleType[r=Receptacle - Checkable, rt=ReceptacleType] := false
  bool canContain[rt=ReceptacleType, ot=ObjectType] := false
  bool objectType[o=Obj - Checkable, t=ObjectType] := false
  bool holds[a=Agent - Checkable, o=Obj - Checkable] := false
  bool holdsAny[a=Agent - Checkable] := false
  bool holdsAnyReceptacleObject[a=Agent - Checkable] := false
  bool full[r=Receptacle - Checkable] := false
  bool isClean[o=Obj - Checkable] := false
  bool cleanable[o=Obj - Checkable] := false
  bool isHot[o=Obj - Checkable] := false
  bool heatable[o=Obj - Checkable] := false
  bool isCool[o=Obj - Checkable] := false
  bool coolable[o=Obj - Checkable] := false
  bool pickupable[o=Obj - Checkable] := false
  bool moveable[o=Obj - Checkable] := false
  bool toggleable[o=Obj - Checkable] := false
  bool isOn[o=Obj - Checkable] := false
  bool isToggled[o=Obj - Checkable] := false
  bool sliceable[o=Obj - Checkable] := false
  bool isSliced[o=Obj - Checkable] := false
]

initial values = [
  receptacleType(bathtubBasin_1, bathtubBasinType) := true
  receptacleType(coffeeTable_2, coffeeTableType) := true
  receptacleType(towelHolder_3, towelHolderType) := true
  receptacleType(drawer_4, drawerType) := true
  receptacleType(coffeeTable_5, coffeeTableType) := true
  receptacleType(toiletPaperHanger_6, toiletPaperHangerType) := true
  receptacleType(laundryHamper_7, laundryHamperType) := true
  receptacleType(counterTop_8, counterTopType) := true
  receptacleType(coffeeTable_9, coffeeTableType) := true
  receptacleType(ottoman_10, ottomanType) := true
  receptacleType(microwave_11, microwaveType) := true
  receptacleType(fridge_12, fridgeType) := true
  objectType(bowl_1, bowlType) := true
  objectType(tissueBox_2, tissueBoxType) := true
  objectType(watch_3, watchType) := true
  objectType(cup_4, cupType) := true
  objectType(basketBall_5, basketBallType) := true
  objectType(spoon_6, spoonType) := true
  objectType(spatula_7, spatulaType) := true
  objectType(lettuce_8, lettuceType) := true
  objectType(book_9, bookType) := true
  objectType(pot_10, potType) := true
  canContain(coffeeTableType, bowlType) := true
  canContain(coffeeTableType, tissueBoxType) := true
  canContain(coffeeTableType, watchType) := true
  canContain(coffeeTableType, cupType) := true
  canContain(coffeeTableType, basketBallType) := true
  canContain(coffeeTableType, spoonType) := true
  canContain(coffeeTableType, spatulaType) := true
  canContain(coffeeTableType, lettuceType) := true
  canContain(coffeeTableType, bookType) := true
  canContain(coffeeTableType, potType) := true
  canContain(drawerType, tissueBoxType) := true
  canContain(drawerType, watchType) := true
  canContain(drawerType, spoonType) := true
  canContain(drawerType, spatulaType) := true
  canContain(drawerType, bookType) := true
  canContain(counterTopType, bowlType) := true
  canContain(counterTopType, tissueBoxType) := true
  canContain(counterTopType, watchType) := true
  canContain(counterTopType, cupType) := true
  canContain(counterTopType, basketBallType) := true
  canContain(counterTopType, spoonType) := true
  canContain(counterTopType, spatulaType) := true
  canContain(counterTopType, lettuceType) := true
  canContain(counterTopType, bookType) := true
  canContain(counterTopType, potType) := true
  canContain(ottomanType, basketBallType) := true
  canContain(ottomanType, bookType) := true
  canContain(microwaveType, bowlType) := true
  canContain(microwaveType, cupType) := true
  canContain(fridgeType, bowlType) := true
  canContain(fridgeType, cupType) := true
  canContain(fridgeType, lettuceType) := true
  canContain(fridgeType, potType) := true
  pickupable(bowl_1) := true
  isReceptacleObject(bowl_1) := true
  cleanable(bowl_1) := true
  coolable(bowl_1) := true
  pickupable(tissueBox_2) := true
  pickupable(watch_3) := true
  pickupable(cup_4) := true
  isReceptacleObject(cup_4) := true
  cleanable(cup_4) := true
  heatable(cup_4) := true
  coolable(cup_4) := true
  pickupable(basketBall_5) := true
  pickupable(spoon_6) := true
  cleanable(spoon_6) := true
  pickupable(spatula_7) := true
  cleanable(spatula_7) := true
  pickupable(lettuce_8) := true
  cleanable(lettuce_8) := true
  coolable(lettuce_8) := true
  sliceable(lettuce_8) := true
  pickupable(book_9) := true
  pickupable(pot_10) := true
  isReceptacleObject(pot_10) := true
  cleanable(pot_10) := true
  coolable(pot_10) := true
  receptacleAtLocation(bathtubBasin_1, location1) := true
  receptacleAtLocation(coffeeTable_2, location2) := true
  receptacleAtLocation(towelHolder_3, location5) := true
  receptacleAtLocation(drawer_4, location9) := true
  receptacleAtLocation(coffeeTable_5, location1) := true
  receptacleAtLocation(toiletPaperHanger_6, location1) := true
  receptacleAtLocation(laundryHamper_7, location3) := true
  receptacleAtLocation(counterTop_8, location6) := true
  receptacleAtLocation(coffeeTable_9, location9) := true
  receptacleAtLocation(ottoman_10, location5) := true
  receptacleAtLocation(microwave_11, location4) := true
  receptacleAtLocation(fridge_12, location5) := true
  inReceptacle(bowl_1, coffeeTable_5) := true
  inReceptacle(tissueBox_2, coffeeTable_2) := true
  inReceptacle(watch_3, coffeeTable_5) := true
  inReceptacle(cup_4, microwave_11) := true
  inReceptacle(basketBall_5, coffeeTable_2) := true
  inReceptacle(spoon_6, coffeeTable_9) := true
  inReceptacle(spatula_7, coffeeTable_9) := true
  inReceptacle(lettuce_8, coffeeTable_9) := true
  inReceptacle(book_9, drawer_4) := true
  inReceptacle(pot_10, coffeeTable_9) := true
  objectAtLocation(bowl_1, location1) := true
  objectAtLocation(tissueBox_2, location2) := true
  objectAtLocation(watch_3, location1) := true
  objectAtLocation(cup_4, location4) := true
  objectAtLocation(basketBall_5, location2) := true
  objectAtLocation(spoon_6, location9) := true
  objectAtLocation(spatula_7, location9) := true
  objectAtLocation(lettuce_8, location9) := true
  objectAtLocation(book_9, location9) := true
  objectAtLocation(pot_10, location9) := true
  atLocation(agent1, location6) := true
]

goals = [
  Exists (Receptacle - Checkable r) Exists (Obj - Checkable o1) (inReceptacle(o1, r) and objectType(o1, spatulaType) and receptacleType(r, counterTopType) and Exists (Obj - Checkable o2) ((not (o1 == o2)) and objectType(o2, cupType) and receptacleType(r, counterTopType) and inReceptacle(o2, r)))
]

quality metrics = [
  minimize sequential-plan-length
]


2025-06-17 11:18:19,237 - INFO - Generating plan for unconstrained problem

2025-06-17 11:18:19,677 - INFO - Unconstrained plan generation time: 0.44048643112182617

2025-06-17 11:18:19,677 - INFO - Unconstrained plan and cost: 
2025-06-17 11:18:19,677 - INFO - SequentialPlan:
    goToLocation(agent1, location6, location4)
    pickupObject(agent1, location4, cup_4, microwave_11)
    goToLocation(agent1, location4, location6)
    putObject(agent1, location6, cup_4, counterTop_8, cupType, counterTopType)
    goToLocation(agent1, location6, location9)
    pickupObject(agent1, location9, spatula_7, coffeeTable_9)
    goToLocation(agent1, location9, location6)
    putObject(agent1, location6, spatula_7, counterTop_8, spatulaType, counterTopType)
2025-06-17 11:18:19,678 - INFO - 8
2025-06-17 11:18:20,028 - INFO - Sampled constraints:

2025-06-17 11:18:20,028 - INFO - Sometime(atLocation(agent1, location4))
2025-06-17 11:18:20,028 - INFO - Sometime-After(atLocation(agent1, location4), atLocation(agent1, location10))
2025-06-17 11:18:20,028 - INFO - 
2025-06-17 11:18:20,028 - INFO - Generation time: 0.34969401359558105

2025-06-17 11:18:20,029 - INFO - Generating plan for constrained problem (with LiftedTCORE).

2025-06-17 11:18:20,083 - INFO - LiftedTCORE compilation time: 0.054407596588134766

2025-06-17 11:18:20,562 - INFO - Planning Time with LiftedTCORE's file: 0.4788968563079834

2025-06-17 11:18:20,562 - INFO - Plan found with LiftedTCORE + sym_bd: SequentialPlan:
    goToLocation(agent1, location6, location4)
    pickupObject(agent1, location4, cup_4, microwave_11)
    goToLocation(agent1, location4, location10)
    goToLocation(agent1, location10, location6)
    putObject(agent1, location6, cup_4, counterTop_8, cupType, counterTopType)
    goToLocation(agent1, location6, location9)
    pickupObject(agent1, location9, spatula_7, coffeeTable_9)
    goToLocation(agent1, location9, location6)
    putObject(agent1, location6, spatula_7, counterTop_8, spatulaType, counterTopType)
2025-06-17 11:18:20,563 - INFO - Seed: 136 is solvable

2025-06-17 11:18:20,563 - INFO - Unconstrained cost: 8
2025-06-17 11:18:20,563 - INFO - Constrained cost: 9
2025-06-17 11:18:20,563 - INFO - Seed: 136 Plan simulation is feasible
2025-06-17 11:18:20,563 - INFO - 
Seed: 136 
 Plan: [goToLocation(agent1, location6, location4), pickupObject(agent1, location4, cup_4, microwave_11), goToLocation(agent1, location4, location10), goToLocation(agent1, location10, location6), putObject(agent1, location6, cup_4, counterTop_8, cupType, counterTopType), goToLocation(agent1, location6, location9), pickupObject(agent1, location9, spatula_7, coffeeTable_9), goToLocation(agent1, location9, location6), putObject(agent1, location6, spatula_7, counterTop_8, spatulaType, counterTopType)]  
 Cost: 9

