2025-06-17 10:22:47,043 - INFO - 
================= Seed: 826 =================

2025-06-17 10:22:47,047 - INFO - problem name = alfred

types = [ReceptacleType, ObjectType, Checkable, Agent - Checkable, Location - Checkable, Receptacle - Checkable, Obj - Checkable]

fluents = [
  bool atLocation[a=Agent - Checkable, l=Location - Checkable]
  bool receptacleAtLocation[r=Receptacle - Checkable, l=Location - Checkable]
  bool objectAtLocation[o=Obj - Checkable, l=Location - Checkable]
  bool openable[r=Receptacle - Checkable]
  bool opened[r=Receptacle - Checkable]
  bool inReceptacle[o=Obj - Checkable, r=Receptacle - Checkable]
  bool isReceptacleObject[o=Obj - Checkable]
  bool inReceptacleObject[innerObject=Obj - Checkable, outObject=Obj - Checkable]
  bool isReceptacleObjectFull[o=Obj - Checkable]
  bool wasInReceptacle[o=Obj - Checkable, r=Receptacle - Checkable]
  bool checked[c=Checkable]
  bool examined[l=Location - Checkable]
  bool receptacleType[r=Receptacle - Checkable, rt=ReceptacleType]
  bool canContain[rt=ReceptacleType, ot=ObjectType]
  bool objectType[o=Obj - Checkable, t=ObjectType]
  bool holds[a=Agent - Checkable, o=Obj - Checkable]
  bool holdsAny[a=Agent - Checkable]
  bool holdsAnyReceptacleObject[a=Agent - Checkable]
  bool full[r=Receptacle - Checkable]
  bool isClean[o=Obj - Checkable]
  bool cleanable[o=Obj - Checkable]
  bool isHot[o=Obj - Checkable]
  bool heatable[o=Obj - Checkable]
  bool isCool[o=Obj - Checkable]
  bool coolable[o=Obj - Checkable]
  bool pickupable[o=Obj - Checkable]
  bool moveable[o=Obj - Checkable]
  bool toggleable[o=Obj - Checkable]
  bool isOn[o=Obj - Checkable]
  bool isToggled[o=Obj - Checkable]
  bool sliceable[o=Obj - Checkable]
  bool isSliced[o=Obj - Checkable]
]

actions = [
  action look(Agent - Checkable a, Location - Checkable l) {
    preconditions = [
      atLocation(a, l)
    ]
    effects = [
      checked(l) := true
    ]
  }
  action inventory(Agent - Checkable a) {
    preconditions = [
    ]
    effects = [
      checked(a) := true
    ]
  }
  action examineReceptacle(Agent - Checkable a, Receptacle - Checkable r) {
    preconditions = [
      Exists (Location - Checkable l) (atLocation(a, l) and receptacleAtLocation(r, l))
    ]
    effects = [
      checked(r) := true
    ]
  }
  action examineObject(Agent - Checkable a, Obj - Checkable o) {
    preconditions = [
      (Exists (Location - Checkable l) Exists (Receptacle - Checkable r) (atLocation(a, l) and receptacleAtLocation(r, l) and inReceptacle(o, r) and ((not openable(r)) or opened(r))) or holds(a, o))
    ]
    effects = [
      checked(o) := true
    ]
  }
  action goToLocation(Agent - Checkable a, Location - Checkable lstart, Location - Checkable lend) {
    preconditions = [
      atLocation(a, lstart)
    ]
    effects = [
      atLocation(a, lstart) := false
      atLocation(a, lend) := true
    ]
  }
  action openObject(Agent - Checkable a, Location - Checkable l, Receptacle - Checkable r) {
    preconditions = [
      (openable(r) and atLocation(a, l) and receptacleAtLocation(r, l) and (not opened(r)))
    ]
    effects = [
      opened(r) := true
      checked(r) := true
    ]
  }
  action closeObject(Agent - Checkable a, Location - Checkable l, Receptacle - Checkable r) {
    preconditions = [
      (openable(r) and atLocation(a, l) and receptacleAtLocation(r, l) and opened(r))
    ]
    effects = [
      opened(r) := false
    ]
  }
  action pickupObject(Agent - Checkable a, Location - Checkable l, Obj - Checkable o, Receptacle - Checkable r) {
    preconditions = [
      (pickupable(o) and atLocation(a, l) and receptacleAtLocation(r, l) and inReceptacle(o, r) and (not holdsAny(a)) and ((not openable(r)) or opened(r)))
    ]
    effects = [
      inReceptacle(o, r) := false
      holds(a, o) := true
      holdsAny(a) := true
      objectAtLocation(o, l) := false
    ]
  }
  action putObject(Agent - Checkable a, Location - Checkable l, Obj - Checkable o, Receptacle - Checkable r, ObjectType ot, ReceptacleType rt) {
    preconditions = [
      (holds(a, o) and atLocation(a, l) and receptacleAtLocation(r, l) and ((not openable(r)) or opened(r)) and objectType(o, ot) and receptacleType(r, rt) and canContain(rt, ot))
    ]
    effects = [
      inReceptacle(o, r) := true
      objectAtLocation(o, l) := true
      holds(a, o) := false
      holdsAny(a) := false
    ]
  }
  action cleanObject(Agent - Checkable a, Location - Checkable l, Receptacle - Checkable r, Obj - Checkable o) {
    preconditions = [
      (cleanable(o) and receptacleType(r, sinkBasinType) and atLocation(a, l) and receptacleAtLocation(r, l) and holds(a, o))
    ]
    effects = [
      isClean(o) := true
    ]
  }
  action heatObject(Agent - Checkable a, Location - Checkable l, Receptacle - Checkable r, Obj - Checkable o) {
    preconditions = [
      (heatable(o) and receptacleType(r, microwaveType) and atLocation(a, l) and receptacleAtLocation(r, l) and holds(a, o))
    ]
    effects = [
      isHot(o) := true
      isCool(o) := false
    ]
  }
  action coolObject(Agent - Checkable a, Location - Checkable l, Receptacle - Checkable r, Obj - Checkable o) {
    preconditions = [
      (coolable(o) and receptacleType(r, fridgeType) and atLocation(a, l) and receptacleAtLocation(r, l) and holds(a, o))
    ]
    effects = [
      isCool(o) := true
      isHot(o) := false
    ]
  }
  action toggleObject(Agent - Checkable a, Location - Checkable l, Obj - Checkable o, Receptacle - Checkable r) {
    preconditions = [
      (toggleable(o) and atLocation(a, l) and receptacleAtLocation(r, l) and inReceptacle(o, r))
    ]
    effects = [
      if isOn(o) then isOn(o) := false
      if (not isOn(o)) then isOn(o) := true
      isToggled(o) := true
    ]
  }
  action sliceObject(Agent - Checkable a, Location - Checkable l, Obj - Checkable co, Obj - Checkable ko) {
    preconditions = [
      (sliceable(co) and (objectType(ko, knifeType) or objectType(ko, butterKnifeType)) and atLocation(a, l) and objectAtLocation(co, l) and holds(a, ko))
    ]
    effects = [
      isSliced(co) := true
    ]
  }
  action help(Agent - Checkable a) {
    preconditions = [
    ]
    effects = [
      checked(a) := true
    ]
  }
]

objects = [
  ReceptacleType: [sinkBasinType, microwaveType, fridgeType, safeType, deskType, toiletType, garbageCanType, toiletPaperHangerType, stoveBurnerType, tvStandType, cabinetType, counterTopType, armChairType]
  ObjectType: [knifeType, butterKnifeType, bookType, lettuceType, plungerType, potType, tissueBoxType, toiletPaperRollType, vaseType, cellPhoneType, cupType]
  Checkable: [agent1, location1, location2, location3, location4, location5, location6, location7, location8, location9, location10, safe_1, desk_2, toilet_3, garbageCan_4, toiletPaperHanger_5, stoveBurner_6, tvStand_7, cabinet_8, counterTop_9, armChair_10, book_1, lettuce_2, plunger_3, pot_4, tissueBox_5, toiletPaperRoll_6, lettuce_7, vase_8, cellPhone_9, cup_10]
  Agent - Checkable: [agent1]
  Location - Checkable: [location1, location2, location3, location4, location5, location6, location7, location8, location9, location10]
  Receptacle - Checkable: [safe_1, desk_2, toilet_3, garbageCan_4, toiletPaperHanger_5, stoveBurner_6, tvStand_7, cabinet_8, counterTop_9, armChair_10]
  Obj - Checkable: [book_1, lettuce_2, plunger_3, pot_4, tissueBox_5, toiletPaperRoll_6, lettuce_7, vase_8, cellPhone_9, cup_10]
]

initial fluents default = [
  bool atLocation[a=Agent - Checkable, l=Location - Checkable] := false
  bool receptacleAtLocation[r=Receptacle - Checkable, l=Location - Checkable] := false
  bool objectAtLocation[o=Obj - Checkable, l=Location - Checkable] := false
  bool openable[r=Receptacle - Checkable] := false
  bool opened[r=Receptacle - Checkable] := false
  bool inReceptacle[o=Obj - Checkable, r=Receptacle - Checkable] := false
  bool isReceptacleObject[o=Obj - Checkable] := false
  bool inReceptacleObject[innerObject=Obj - Checkable, outObject=Obj - Checkable] := false
  bool isReceptacleObjectFull[o=Obj - Checkable] := false
  bool wasInReceptacle[o=Obj - Checkable, r=Receptacle - Checkable] := false
  bool checked[c=Checkable] := false
  bool examined[l=Location - Checkable] := false
  bool receptacleType[r=Receptacle - Checkable, rt=ReceptacleType] := false
  bool canContain[rt=ReceptacleType, ot=ObjectType] := false
  bool objectType[o=Obj - Checkable, t=ObjectType] := false
  bool holds[a=Agent - Checkable, o=Obj - Checkable] := false
  bool holdsAny[a=Agent - Checkable] := false
  bool holdsAnyReceptacleObject[a=Agent - Checkable] := false
  bool full[r=Receptacle - Checkable] := false
  bool isClean[o=Obj - Checkable] := false
  bool cleanable[o=Obj - Checkable] := false
  bool isHot[o=Obj - Checkable] := false
  bool heatable[o=Obj - Checkable] := false
  bool isCool[o=Obj - Checkable] := false
  bool coolable[o=Obj - Checkable] := false
  bool pickupable[o=Obj - Checkable] := false
  bool moveable[o=Obj - Checkable] := false
  bool toggleable[o=Obj - Checkable] := false
  bool isOn[o=Obj - Checkable] := false
  bool isToggled[o=Obj - Checkable] := false
  bool sliceable[o=Obj - Checkable] := false
  bool isSliced[o=Obj - Checkable] := false
]

initial values = [
  receptacleType(safe_1, safeType) := true
  receptacleType(desk_2, deskType) := true
  receptacleType(toilet_3, toiletType) := true
  receptacleType(garbageCan_4, garbageCanType) := true
  receptacleType(toiletPaperHanger_5, toiletPaperHangerType) := true
  receptacleType(stoveBurner_6, stoveBurnerType) := true
  receptacleType(tvStand_7, tvStandType) := true
  receptacleType(cabinet_8, cabinetType) := true
  receptacleType(counterTop_9, counterTopType) := true
  receptacleType(armChair_10, armChairType) := true
  objectType(book_1, bookType) := true
  objectType(lettuce_2, lettuceType) := true
  objectType(plunger_3, plungerType) := true
  objectType(pot_4, potType) := true
  objectType(tissueBox_5, tissueBoxType) := true
  objectType(toiletPaperRoll_6, toiletPaperRollType) := true
  objectType(lettuce_7, lettuceType) := true
  objectType(vase_8, vaseType) := true
  objectType(cellPhone_9, cellPhoneType) := true
  objectType(cup_10, cupType) := true
  canContain(safeType, vaseType) := true
  canContain(safeType, cellPhoneType) := true
  canContain(deskType, bookType) := true
  canContain(deskType, tissueBoxType) := true
  canContain(deskType, toiletPaperRollType) := true
  canContain(deskType, vaseType) := true
  canContain(deskType, cellPhoneType) := true
  canContain(deskType, cupType) := true
  canContain(toiletType, tissueBoxType) := true
  canContain(toiletType, toiletPaperRollType) := true
  canContain(garbageCanType, lettuceType) := true
  canContain(garbageCanType, tissueBoxType) := true
  canContain(garbageCanType, toiletPaperRollType) := true
  canContain(toiletPaperHangerType, toiletPaperRollType) := true
  canContain(stoveBurnerType, potType) := true
  canContain(tvStandType, tissueBoxType) := true
  canContain(cabinetType, bookType) := true
  canContain(cabinetType, plungerType) := true
  canContain(cabinetType, potType) := true
  canContain(cabinetType, tissueBoxType) := true
  canContain(cabinetType, toiletPaperRollType) := true
  canContain(cabinetType, vaseType) := true
  canContain(cabinetType, cupType) := true
  canContain(counterTopType, bookType) := true
  canContain(counterTopType, lettuceType) := true
  canContain(counterTopType, potType) := true
  canContain(counterTopType, tissueBoxType) := true
  canContain(counterTopType, toiletPaperRollType) := true
  canContain(counterTopType, vaseType) := true
  canContain(counterTopType, cellPhoneType) := true
  canContain(counterTopType, cupType) := true
  canContain(armChairType, bookType) := true
  canContain(armChairType, cellPhoneType) := true
  pickupable(book_1) := true
  pickupable(lettuce_2) := true
  cleanable(lettuce_2) := true
  coolable(lettuce_2) := true
  sliceable(lettuce_2) := true
  pickupable(plunger_3) := true
  pickupable(pot_4) := true
  isReceptacleObject(pot_4) := true
  cleanable(pot_4) := true
  coolable(pot_4) := true
  pickupable(tissueBox_5) := true
  pickupable(toiletPaperRoll_6) := true
  pickupable(lettuce_7) := true
  cleanable(lettuce_7) := true
  coolable(lettuce_7) := true
  sliceable(lettuce_7) := true
  pickupable(vase_8) := true
  pickupable(cellPhone_9) := true
  pickupable(cup_10) := true
  isReceptacleObject(cup_10) := true
  cleanable(cup_10) := true
  heatable(cup_10) := true
  coolable(cup_10) := true
  receptacleAtLocation(safe_1, location6) := true
  receptacleAtLocation(desk_2, location9) := true
  receptacleAtLocation(toilet_3, location3) := true
  receptacleAtLocation(garbageCan_4, location6) := true
  receptacleAtLocation(toiletPaperHanger_5, location2) := true
  receptacleAtLocation(stoveBurner_6, location8) := true
  receptacleAtLocation(tvStand_7, location4) := true
  receptacleAtLocation(cabinet_8, location3) := true
  receptacleAtLocation(counterTop_9, location9) := true
  receptacleAtLocation(armChair_10, location8) := true
  inReceptacle(tissueBox_5, counterTop_9) := true
  inReceptacle(toiletPaperRoll_6, cabinet_8) := true
  inReceptacle(vase_8, counterTop_9) := true
  inReceptacle(cellPhone_9, armChair_10) := true
  inReceptacle(cup_10, counterTop_9) := true
  objectAtLocation(book_1, location5) := true
  objectAtLocation(lettuce_2, location7) := true
  objectAtLocation(plunger_3, location7) := true
  objectAtLocation(pot_4, location5) := true
  objectAtLocation(tissueBox_5, location9) := true
  objectAtLocation(toiletPaperRoll_6, location3) := true
  objectAtLocation(lettuce_7, location1) := true
  objectAtLocation(vase_8, location9) := true
  objectAtLocation(cellPhone_9, location8) := true
  objectAtLocation(cup_10, location9) := true
  atLocation(agent1, location5) := true
]

goals = [
  Exists (Receptacle - Checkable r) Exists (Obj - Checkable o1) (inReceptacle(o1, r) and objectType(o1, toiletPaperRollType) and receptacleType(r, deskType) and Exists (Obj - Checkable o2) ((not (o1 == o2)) and objectType(o2, cupType) and receptacleType(r, deskType) and inReceptacle(o2, r)))
]

quality metrics = [
  minimize sequential-plan-length
]


2025-06-17 10:22:47,050 - INFO - Generating plan for unconstrained problem

2025-06-17 10:22:47,454 - INFO - Unconstrained plan generation time: 0.4043595790863037

2025-06-17 10:22:47,454 - INFO - Unconstrained plan and cost: 
2025-06-17 10:22:47,454 - INFO - SequentialPlan:
    goToLocation(agent1, location5, location3)
    pickupObject(agent1, location3, toiletPaperRoll_6, cabinet_8)
    goToLocation(agent1, location3, location9)
    putObject(agent1, location9, toiletPaperRoll_6, desk_2, toiletPaperRollType, deskType)
    pickupObject(agent1, location9, cup_10, counterTop_9)
    putObject(agent1, location9, cup_10, desk_2, cupType, deskType)
2025-06-17 10:22:47,454 - INFO - 6
2025-06-17 10:22:47,711 - INFO - Sampled constraints:

2025-06-17 10:22:47,711 - INFO - Sometime(atLocation(agent1, location3))
2025-06-17 10:22:47,711 - INFO - Sometime-After(atLocation(agent1, location3), (checked(safe_1) or checked(stoveBurner_6)))
2025-06-17 10:22:47,711 - INFO - 
2025-06-17 10:22:47,712 - INFO - Generation time: 0.2568080425262451

2025-06-17 10:22:47,720 - INFO - Generating plan for constrained problem (with LiftedTCORE).

2025-06-17 10:22:47,771 - INFO - LiftedTCORE compilation time: 0.05056452751159668

2025-06-17 10:22:48,253 - INFO - Planning Time with LiftedTCORE's file: 0.4735403060913086

2025-06-17 10:22:48,253 - INFO - Plan found with LiftedTCORE + sym_bd: SequentialPlan:
    goToLocation(agent1, location5, location3)
    pickupObject(agent1, location3, toiletPaperRoll_6, cabinet_8)
    goToLocation(agent1, location3, location6)
    examineReceptacle(agent1, safe_1)
    goToLocation(agent1, location6, location9)
    putObject(agent1, location9, toiletPaperRoll_6, desk_2, toiletPaperRollType, deskType)
    pickupObject(agent1, location9, cup_10, counterTop_9)
    putObject(agent1, location9, cup_10, desk_2, cupType, deskType)
2025-06-17 10:22:48,253 - INFO - Seed: 826 is solvable

2025-06-17 10:22:48,253 - INFO - Unconstrained cost: 6
2025-06-17 10:22:48,253 - INFO - Constrained cost: 8
2025-06-17 10:22:48,253 - INFO - Seed: 826 Plan simulation is feasible
2025-06-17 10:22:48,253 - INFO - 
Seed: 826 
 Plan: [goToLocation(agent1, location5, location3), pickupObject(agent1, location3, toiletPaperRoll_6, cabinet_8), goToLocation(agent1, location3, location6), examineReceptacle(agent1, safe_1), goToLocation(agent1, location6, location9), putObject(agent1, location9, toiletPaperRoll_6, desk_2, toiletPaperRollType, deskType), pickupObject(agent1, location9, cup_10, counterTop_9), putObject(agent1, location9, cup_10, desk_2, cupType, deskType)]  
 Cost: 8

