2025-06-17 11:18:24,053 - INFO - 
================= Seed: 139 =================

2025-06-17 11:18:24,053 - INFO - problem name = alfred

types = [ReceptacleType, ObjectType, Checkable, Agent - Checkable, Location - Checkable, Receptacle - Checkable, Obj - Checkable]

fluents = [
  bool atLocation[a=Agent - Checkable, l=Location - Checkable]
  bool receptacleAtLocation[r=Receptacle - Checkable, l=Location - Checkable]
  bool objectAtLocation[o=Obj - Checkable, l=Location - Checkable]
  bool openable[r=Receptacle - Checkable]
  bool opened[r=Receptacle - Checkable]
  bool inReceptacle[o=Obj - Checkable, r=Receptacle - Checkable]
  bool isReceptacleObject[o=Obj - Checkable]
  bool inReceptacleObject[innerObject=Obj - Checkable, outObject=Obj - Checkable]
  bool isReceptacleObjectFull[o=Obj - Checkable]
  bool wasInReceptacle[o=Obj - Checkable, r=Receptacle - Checkable]
  bool checked[c=Checkable]
  bool examined[l=Location - Checkable]
  bool receptacleType[r=Receptacle - Checkable, rt=ReceptacleType]
  bool canContain[rt=ReceptacleType, ot=ObjectType]
  bool objectType[o=Obj - Checkable, t=ObjectType]
  bool holds[a=Agent - Checkable, o=Obj - Checkable]
  bool holdsAny[a=Agent - Checkable]
  bool holdsAnyReceptacleObject[a=Agent - Checkable]
  bool full[r=Receptacle - Checkable]
  bool isClean[o=Obj - Checkable]
  bool cleanable[o=Obj - Checkable]
  bool isHot[o=Obj - Checkable]
  bool heatable[o=Obj - Checkable]
  bool isCool[o=Obj - Checkable]
  bool coolable[o=Obj - Checkable]
  bool pickupable[o=Obj - Checkable]
  bool moveable[o=Obj - Checkable]
  bool toggleable[o=Obj - Checkable]
  bool isOn[o=Obj - Checkable]
  bool isToggled[o=Obj - Checkable]
  bool sliceable[o=Obj - Checkable]
  bool isSliced[o=Obj - Checkable]
]

actions = [
  action look(Agent - Checkable a, Location - Checkable l) {
    preconditions = [
      atLocation(a, l)
    ]
    effects = [
      checked(l) := true
    ]
  }
  action inventory(Agent - Checkable a) {
    preconditions = [
    ]
    effects = [
      checked(a) := true
    ]
  }
  action examineReceptacle(Agent - Checkable a, Receptacle - Checkable r) {
    preconditions = [
      Exists (Location - Checkable l) (atLocation(a, l) and receptacleAtLocation(r, l))
    ]
    effects = [
      checked(r) := true
    ]
  }
  action examineObject(Agent - Checkable a, Obj - Checkable o) {
    preconditions = [
      (Exists (Location - Checkable l) Exists (Receptacle - Checkable r) (atLocation(a, l) and receptacleAtLocation(r, l) and inReceptacle(o, r) and ((not openable(r)) or opened(r))) or holds(a, o))
    ]
    effects = [
      checked(o) := true
    ]
  }
  action goToLocation(Agent - Checkable a, Location - Checkable lstart, Location - Checkable lend) {
    preconditions = [
      atLocation(a, lstart)
    ]
    effects = [
      atLocation(a, lstart) := false
      atLocation(a, lend) := true
    ]
  }
  action openObject(Agent - Checkable a, Location - Checkable l, Receptacle - Checkable r) {
    preconditions = [
      (openable(r) and atLocation(a, l) and receptacleAtLocation(r, l) and (not opened(r)))
    ]
    effects = [
      opened(r) := true
      checked(r) := true
    ]
  }
  action closeObject(Agent - Checkable a, Location - Checkable l, Receptacle - Checkable r) {
    preconditions = [
      (openable(r) and atLocation(a, l) and receptacleAtLocation(r, l) and opened(r))
    ]
    effects = [
      opened(r) := false
    ]
  }
  action pickupObject(Agent - Checkable a, Location - Checkable l, Obj - Checkable o, Receptacle - Checkable r) {
    preconditions = [
      (pickupable(o) and atLocation(a, l) and receptacleAtLocation(r, l) and inReceptacle(o, r) and (not holdsAny(a)) and ((not openable(r)) or opened(r)))
    ]
    effects = [
      inReceptacle(o, r) := false
      holds(a, o) := true
      holdsAny(a) := true
      objectAtLocation(o, l) := false
    ]
  }
  action putObject(Agent - Checkable a, Location - Checkable l, Obj - Checkable o, Receptacle - Checkable r, ObjectType ot, ReceptacleType rt) {
    preconditions = [
      (holds(a, o) and atLocation(a, l) and receptacleAtLocation(r, l) and ((not openable(r)) or opened(r)) and objectType(o, ot) and receptacleType(r, rt) and canContain(rt, ot))
    ]
    effects = [
      inReceptacle(o, r) := true
      objectAtLocation(o, l) := true
      holds(a, o) := false
      holdsAny(a) := false
    ]
  }
  action cleanObject(Agent - Checkable a, Location - Checkable l, Receptacle - Checkable r, Obj - Checkable o) {
    preconditions = [
      (cleanable(o) and receptacleType(r, sinkBasinType) and atLocation(a, l) and receptacleAtLocation(r, l) and holds(a, o))
    ]
    effects = [
      isClean(o) := true
    ]
  }
  action heatObject(Agent - Checkable a, Location - Checkable l, Receptacle - Checkable r, Obj - Checkable o) {
    preconditions = [
      (heatable(o) and receptacleType(r, microwaveType) and atLocation(a, l) and receptacleAtLocation(r, l) and holds(a, o))
    ]
    effects = [
      isHot(o) := true
      isCool(o) := false
    ]
  }
  action coolObject(Agent - Checkable a, Location - Checkable l, Receptacle - Checkable r, Obj - Checkable o) {
    preconditions = [
      (coolable(o) and receptacleType(r, fridgeType) and atLocation(a, l) and receptacleAtLocation(r, l) and holds(a, o))
    ]
    effects = [
      isCool(o) := true
      isHot(o) := false
    ]
  }
  action toggleObject(Agent - Checkable a, Location - Checkable l, Obj - Checkable o, Receptacle - Checkable r) {
    preconditions = [
      (toggleable(o) and atLocation(a, l) and receptacleAtLocation(r, l) and inReceptacle(o, r))
    ]
    effects = [
      if isOn(o) then isOn(o) := false
      if (not isOn(o)) then isOn(o) := true
      isToggled(o) := true
    ]
  }
  action sliceObject(Agent - Checkable a, Location - Checkable l, Obj - Checkable co, Obj - Checkable ko) {
    preconditions = [
      (sliceable(co) and (objectType(ko, knifeType) or objectType(ko, butterKnifeType)) and atLocation(a, l) and objectAtLocation(co, l) and holds(a, ko))
    ]
    effects = [
      isSliced(co) := true
    ]
  }
  action help(Agent - Checkable a) {
    preconditions = [
    ]
    effects = [
      checked(a) := true
    ]
  }
]

objects = [
  ReceptacleType: [sinkBasinType, microwaveType, fridgeType, bathtubBasinType, ottomanType, armChairType, safeType, tvStandType, cartType, sofaType, handTowelHolderType]
  ObjectType: [knifeType, butterKnifeType, laptopType, dishSpongeType, soapBarType, wineBottleType, potatoType, bookType, bowlType, mugType, plateType]
  Checkable: [agent1, location1, location2, location3, location4, location5, location6, location7, location8, location9, location10, bathtubBasin_1, ottoman_2, armChair_3, safe_4, armChair_5, tvStand_6, tvStand_7, cart_8, sofa_9, handTowelHolder_10, microwave_11, fridge_12, laptop_1, dishSponge_2, soapBar_3, wineBottle_4, potato_5, book_6, bowl_7, mug_8, mug_9, plate_10]
  Agent - Checkable: [agent1]
  Location - Checkable: [location1, location2, location3, location4, location5, location6, location7, location8, location9, location10]
  Receptacle - Checkable: [bathtubBasin_1, ottoman_2, armChair_3, safe_4, armChair_5, tvStand_6, tvStand_7, cart_8, sofa_9, handTowelHolder_10, microwave_11, fridge_12]
  Obj - Checkable: [laptop_1, dishSponge_2, soapBar_3, wineBottle_4, potato_5, book_6, bowl_7, mug_8, mug_9, plate_10]
]

initial fluents default = [
  bool atLocation[a=Agent - Checkable, l=Location - Checkable] := false
  bool receptacleAtLocation[r=Receptacle - Checkable, l=Location - Checkable] := false
  bool objectAtLocation[o=Obj - Checkable, l=Location - Checkable] := false
  bool openable[r=Receptacle - Checkable] := false
  bool opened[r=Receptacle - Checkable] := false
  bool inReceptacle[o=Obj - Checkable, r=Receptacle - Checkable] := false
  bool isReceptacleObject[o=Obj - Checkable] := false
  bool inReceptacleObject[innerObject=Obj - Checkable, outObject=Obj - Checkable] := false
  bool isReceptacleObjectFull[o=Obj - Checkable] := false
  bool wasInReceptacle[o=Obj - Checkable, r=Receptacle - Checkable] := false
  bool checked[c=Checkable] := false
  bool examined[l=Location - Checkable] := false
  bool receptacleType[r=Receptacle - Checkable, rt=ReceptacleType] := false
  bool canContain[rt=ReceptacleType, ot=ObjectType] := false
  bool objectType[o=Obj - Checkable, t=ObjectType] := false
  bool holds[a=Agent - Checkable, o=Obj - Checkable] := false
  bool holdsAny[a=Agent - Checkable] := false
  bool holdsAnyReceptacleObject[a=Agent - Checkable] := false
  bool full[r=Receptacle - Checkable] := false
  bool isClean[o=Obj - Checkable] := false
  bool cleanable[o=Obj - Checkable] := false
  bool isHot[o=Obj - Checkable] := false
  bool heatable[o=Obj - Checkable] := false
  bool isCool[o=Obj - Checkable] := false
  bool coolable[o=Obj - Checkable] := false
  bool pickupable[o=Obj - Checkable] := false
  bool moveable[o=Obj - Checkable] := false
  bool toggleable[o=Obj - Checkable] := false
  bool isOn[o=Obj - Checkable] := false
  bool isToggled[o=Obj - Checkable] := false
  bool sliceable[o=Obj - Checkable] := false
  bool isSliced[o=Obj - Checkable] := false
]

initial values = [
  receptacleType(bathtubBasin_1, bathtubBasinType) := true
  receptacleType(ottoman_2, ottomanType) := true
  receptacleType(armChair_3, armChairType) := true
  receptacleType(safe_4, safeType) := true
  receptacleType(armChair_5, armChairType) := true
  receptacleType(tvStand_6, tvStandType) := true
  receptacleType(tvStand_7, tvStandType) := true
  receptacleType(cart_8, cartType) := true
  receptacleType(sofa_9, sofaType) := true
  receptacleType(handTowelHolder_10, handTowelHolderType) := true
  receptacleType(microwave_11, microwaveType) := true
  receptacleType(fridge_12, fridgeType) := true
  objectType(laptop_1, laptopType) := true
  objectType(dishSponge_2, dishSpongeType) := true
  objectType(soapBar_3, soapBarType) := true
  objectType(wineBottle_4, wineBottleType) := true
  objectType(potato_5, potatoType) := true
  objectType(book_6, bookType) := true
  objectType(bowl_7, bowlType) := true
  objectType(mug_8, mugType) := true
  objectType(mug_9, mugType) := true
  objectType(plate_10, plateType) := true
  canContain(bathtubBasinType, dishSpongeType) := true
  canContain(bathtubBasinType, soapBarType) := true
  canContain(ottomanType, laptopType) := true
  canContain(ottomanType, bookType) := true
  canContain(armChairType, laptopType) := true
  canContain(armChairType, bookType) := true
  canContain(cartType, dishSpongeType) := true
  canContain(cartType, soapBarType) := true
  canContain(cartType, mugType) := true
  canContain(sofaType, laptopType) := true
  canContain(sofaType, bookType) := true
  canContain(microwaveType, potatoType) := true
  canContain(microwaveType, bowlType) := true
  canContain(microwaveType, mugType) := true
  canContain(microwaveType, plateType) := true
  canContain(fridgeType, wineBottleType) := true
  canContain(fridgeType, potatoType) := true
  canContain(fridgeType, bowlType) := true
  canContain(fridgeType, mugType) := true
  canContain(fridgeType, plateType) := true
  pickupable(laptop_1) := true
  pickupable(dishSponge_2) := true
  cleanable(dishSponge_2) := true
  pickupable(soapBar_3) := true
  cleanable(soapBar_3) := true
  pickupable(wineBottle_4) := true
  pickupable(potato_5) := true
  cleanable(potato_5) := true
  heatable(potato_5) := true
  coolable(potato_5) := true
  sliceable(potato_5) := true
  pickupable(book_6) := true
  pickupable(bowl_7) := true
  isReceptacleObject(bowl_7) := true
  cleanable(bowl_7) := true
  coolable(bowl_7) := true
  pickupable(mug_8) := true
  isReceptacleObject(mug_8) := true
  cleanable(mug_8) := true
  heatable(mug_8) := true
  coolable(mug_8) := true
  pickupable(mug_9) := true
  isReceptacleObject(mug_9) := true
  cleanable(mug_9) := true
  heatable(mug_9) := true
  coolable(mug_9) := true
  pickupable(plate_10) := true
  isReceptacleObject(plate_10) := true
  cleanable(plate_10) := true
  heatable(plate_10) := true
  coolable(plate_10) := true
  receptacleAtLocation(bathtubBasin_1, location6) := true
  receptacleAtLocation(ottoman_2, location2) := true
  receptacleAtLocation(armChair_3, location2) := true
  receptacleAtLocation(safe_4, location9) := true
  receptacleAtLocation(armChair_5, location5) := true
  receptacleAtLocation(tvStand_6, location9) := true
  receptacleAtLocation(tvStand_7, location1) := true
  receptacleAtLocation(cart_8, location1) := true
  receptacleAtLocation(sofa_9, location9) := true
  receptacleAtLocation(handTowelHolder_10, location8) := true
  receptacleAtLocation(microwave_11, location5) := true
  receptacleAtLocation(fridge_12, location9) := true
  inReceptacle(laptop_1, sofa_9) := true
  inReceptacle(dishSponge_2, bathtubBasin_1) := true
  inReceptacle(soapBar_3, cart_8) := true
  inReceptacle(wineBottle_4, fridge_12) := true
  inReceptacle(potato_5, microwave_11) := true
  inReceptacle(book_6, ottoman_2) := true
  inReceptacle(bowl_7, fridge_12) := true
  inReceptacle(mug_8, cart_8) := true
  inReceptacle(mug_9, cart_8) := true
  inReceptacle(plate_10, fridge_12) := true
  objectAtLocation(laptop_1, location9) := true
  objectAtLocation(dishSponge_2, location6) := true
  objectAtLocation(soapBar_3, location1) := true
  objectAtLocation(wineBottle_4, location9) := true
  objectAtLocation(potato_5, location5) := true
  objectAtLocation(book_6, location2) := true
  objectAtLocation(bowl_7, location9) := true
  objectAtLocation(mug_8, location1) := true
  objectAtLocation(mug_9, location1) := true
  objectAtLocation(plate_10, location9) := true
  atLocation(agent1, location6) := true
]

goals = [
  Exists (Receptacle - Checkable r) Exists (Obj - Checkable o1) (inReceptacle(o1, r) and objectType(o1, bowlType) and receptacleType(r, fridgeType) and Exists (Obj - Checkable o2) ((not (o1 == o2)) and objectType(o2, wineBottleType) and receptacleType(r, fridgeType) and inReceptacle(o2, r)))
]

quality metrics = [
  minimize sequential-plan-length
]


2025-06-17 11:18:24,055 - INFO - Generating plan for unconstrained problem

2025-06-17 11:18:24,491 - INFO - Unconstrained plan generation time: 0.4359629154205322

2025-06-17 11:18:24,491 - INFO - Unconstrained plan and cost: 
2025-06-17 11:18:24,491 - INFO - SequentialPlan:
2025-06-17 11:18:24,492 - INFO - 0
2025-06-17 11:18:25,465 - INFO - Sampled constraints:

2025-06-17 11:18:25,465 - INFO - Sometime(checked(potato_5))
2025-06-17 11:18:25,465 - INFO - 
2025-06-17 11:18:25,465 - INFO - Generation time: 0.9729938507080078

2025-06-17 11:18:25,465 - INFO - Generating plan for constrained problem (with LiftedTCORE).

2025-06-17 11:18:25,506 - INFO - LiftedTCORE compilation time: 0.040666818618774414

2025-06-17 11:18:25,969 - INFO - Planning Time with LiftedTCORE's file: 0.4628584384918213

2025-06-17 11:18:25,969 - INFO - Plan found with LiftedTCORE + sym_bd: SequentialPlan:
    goToLocation(agent1, location6, location5)
    examineObject(agent1, potato_5)
2025-06-17 11:18:25,969 - INFO - Seed: 139 is solvable

2025-06-17 11:18:25,970 - INFO - Unconstrained cost: 0
2025-06-17 11:18:25,970 - INFO - Constrained cost: 2
2025-06-17 11:18:25,970 - INFO - Seed: 139 Plan simulation is feasible
2025-06-17 11:18:25,970 - INFO - 
Seed: 139 
 Plan: [goToLocation(agent1, location6, location5), examineObject(agent1, potato_5)]  
 Cost: 2

