2025-06-17 11:17:05,135 - INFO - 
================= Seed: 89 =================

2025-06-17 11:17:05,135 - INFO - problem name = alfred

types = [ReceptacleType, ObjectType, Checkable, Agent - Checkable, Location - Checkable, Receptacle - Checkable, Obj - Checkable]

fluents = [
  bool atLocation[a=Agent - Checkable, l=Location - Checkable]
  bool receptacleAtLocation[r=Receptacle - Checkable, l=Location - Checkable]
  bool objectAtLocation[o=Obj - Checkable, l=Location - Checkable]
  bool openable[r=Receptacle - Checkable]
  bool opened[r=Receptacle - Checkable]
  bool inReceptacle[o=Obj - Checkable, r=Receptacle - Checkable]
  bool isReceptacleObject[o=Obj - Checkable]
  bool inReceptacleObject[innerObject=Obj - Checkable, outObject=Obj - Checkable]
  bool isReceptacleObjectFull[o=Obj - Checkable]
  bool wasInReceptacle[o=Obj - Checkable, r=Receptacle - Checkable]
  bool checked[c=Checkable]
  bool examined[l=Location - Checkable]
  bool receptacleType[r=Receptacle - Checkable, rt=ReceptacleType]
  bool canContain[rt=ReceptacleType, ot=ObjectType]
  bool objectType[o=Obj - Checkable, t=ObjectType]
  bool holds[a=Agent - Checkable, o=Obj - Checkable]
  bool holdsAny[a=Agent - Checkable]
  bool holdsAnyReceptacleObject[a=Agent - Checkable]
  bool full[r=Receptacle - Checkable]
  bool isClean[o=Obj - Checkable]
  bool cleanable[o=Obj - Checkable]
  bool isHot[o=Obj - Checkable]
  bool heatable[o=Obj - Checkable]
  bool isCool[o=Obj - Checkable]
  bool coolable[o=Obj - Checkable]
  bool pickupable[o=Obj - Checkable]
  bool moveable[o=Obj - Checkable]
  bool toggleable[o=Obj - Checkable]
  bool isOn[o=Obj - Checkable]
  bool isToggled[o=Obj - Checkable]
  bool sliceable[o=Obj - Checkable]
  bool isSliced[o=Obj - Checkable]
]

actions = [
  action look(Agent - Checkable a, Location - Checkable l) {
    preconditions = [
      atLocation(a, l)
    ]
    effects = [
      checked(l) := true
    ]
  }
  action inventory(Agent - Checkable a) {
    preconditions = [
    ]
    effects = [
      checked(a) := true
    ]
  }
  action examineReceptacle(Agent - Checkable a, Receptacle - Checkable r) {
    preconditions = [
      Exists (Location - Checkable l) (atLocation(a, l) and receptacleAtLocation(r, l))
    ]
    effects = [
      checked(r) := true
    ]
  }
  action examineObject(Agent - Checkable a, Obj - Checkable o) {
    preconditions = [
      (Exists (Location - Checkable l) Exists (Receptacle - Checkable r) (atLocation(a, l) and receptacleAtLocation(r, l) and inReceptacle(o, r) and ((not openable(r)) or opened(r))) or holds(a, o))
    ]
    effects = [
      checked(o) := true
    ]
  }
  action goToLocation(Agent - Checkable a, Location - Checkable lstart, Location - Checkable lend) {
    preconditions = [
      atLocation(a, lstart)
    ]
    effects = [
      atLocation(a, lstart) := false
      atLocation(a, lend) := true
    ]
  }
  action openObject(Agent - Checkable a, Location - Checkable l, Receptacle - Checkable r) {
    preconditions = [
      (openable(r) and atLocation(a, l) and receptacleAtLocation(r, l) and (not opened(r)))
    ]
    effects = [
      opened(r) := true
      checked(r) := true
    ]
  }
  action closeObject(Agent - Checkable a, Location - Checkable l, Receptacle - Checkable r) {
    preconditions = [
      (openable(r) and atLocation(a, l) and receptacleAtLocation(r, l) and opened(r))
    ]
    effects = [
      opened(r) := false
    ]
  }
  action pickupObject(Agent - Checkable a, Location - Checkable l, Obj - Checkable o, Receptacle - Checkable r) {
    preconditions = [
      (pickupable(o) and atLocation(a, l) and receptacleAtLocation(r, l) and inReceptacle(o, r) and (not holdsAny(a)) and ((not openable(r)) or opened(r)))
    ]
    effects = [
      inReceptacle(o, r) := false
      holds(a, o) := true
      holdsAny(a) := true
      objectAtLocation(o, l) := false
    ]
  }
  action putObject(Agent - Checkable a, Location - Checkable l, Obj - Checkable o, Receptacle - Checkable r, ObjectType ot, ReceptacleType rt) {
    preconditions = [
      (holds(a, o) and atLocation(a, l) and receptacleAtLocation(r, l) and ((not openable(r)) or opened(r)) and objectType(o, ot) and receptacleType(r, rt) and canContain(rt, ot))
    ]
    effects = [
      inReceptacle(o, r) := true
      objectAtLocation(o, l) := true
      holds(a, o) := false
      holdsAny(a) := false
    ]
  }
  action cleanObject(Agent - Checkable a, Location - Checkable l, Receptacle - Checkable r, Obj - Checkable o) {
    preconditions = [
      (cleanable(o) and receptacleType(r, sinkBasinType) and atLocation(a, l) and receptacleAtLocation(r, l) and holds(a, o))
    ]
    effects = [
      isClean(o) := true
    ]
  }
  action heatObject(Agent - Checkable a, Location - Checkable l, Receptacle - Checkable r, Obj - Checkable o) {
    preconditions = [
      (heatable(o) and receptacleType(r, microwaveType) and atLocation(a, l) and receptacleAtLocation(r, l) and holds(a, o))
    ]
    effects = [
      isHot(o) := true
      isCool(o) := false
    ]
  }
  action coolObject(Agent - Checkable a, Location - Checkable l, Receptacle - Checkable r, Obj - Checkable o) {
    preconditions = [
      (coolable(o) and receptacleType(r, fridgeType) and atLocation(a, l) and receptacleAtLocation(r, l) and holds(a, o))
    ]
    effects = [
      isCool(o) := true
      isHot(o) := false
    ]
  }
  action toggleObject(Agent - Checkable a, Location - Checkable l, Obj - Checkable o, Receptacle - Checkable r) {
    preconditions = [
      (toggleable(o) and atLocation(a, l) and receptacleAtLocation(r, l) and inReceptacle(o, r))
    ]
    effects = [
      if isOn(o) then isOn(o) := false
      if (not isOn(o)) then isOn(o) := true
      isToggled(o) := true
    ]
  }
  action sliceObject(Agent - Checkable a, Location - Checkable l, Obj - Checkable co, Obj - Checkable ko) {
    preconditions = [
      (sliceable(co) and (objectType(ko, knifeType) or objectType(ko, butterKnifeType)) and atLocation(a, l) and objectAtLocation(co, l) and holds(a, ko))
    ]
    effects = [
      isSliced(co) := true
    ]
  }
  action help(Agent - Checkable a) {
    preconditions = [
    ]
    effects = [
      checked(a) := true
    ]
  }
]

objects = [
  ReceptacleType: [sinkBasinType, microwaveType, fridgeType, shelfType, laundryHamperType, armChairType, ottomanType, garbageCanType, cabinetType, stoveBurnerType, cartType]
  ObjectType: [knifeType, butterKnifeType, boxType, saltShakerType, pepperShakerType, potatoType, remoteControlType, tissueBoxType, panType, laptopType]
  Checkable: [agent1, location1, location2, location3, location4, location5, location6, location7, location8, location9, location10, shelf_1, laundryHamper_2, armChair_3, ottoman_4, garbageCan_5, cabinet_6, stoveBurner_7, cart_8, shelf_9, cabinet_10, microwave_11, fridge_12, box_1, saltShaker_2, pepperShaker_3, potato_4, saltShaker_5, remoteControl_6, tissueBox_7, pan_8, laptop_9, box_10]
  Agent - Checkable: [agent1]
  Location - Checkable: [location1, location2, location3, location4, location5, location6, location7, location8, location9, location10]
  Receptacle - Checkable: [shelf_1, laundryHamper_2, armChair_3, ottoman_4, garbageCan_5, cabinet_6, stoveBurner_7, cart_8, shelf_9, cabinet_10, microwave_11, fridge_12]
  Obj - Checkable: [box_1, saltShaker_2, pepperShaker_3, potato_4, saltShaker_5, remoteControl_6, tissueBox_7, pan_8, laptop_9, box_10]
]

initial fluents default = [
  bool atLocation[a=Agent - Checkable, l=Location - Checkable] := false
  bool receptacleAtLocation[r=Receptacle - Checkable, l=Location - Checkable] := false
  bool objectAtLocation[o=Obj - Checkable, l=Location - Checkable] := false
  bool openable[r=Receptacle - Checkable] := false
  bool opened[r=Receptacle - Checkable] := false
  bool inReceptacle[o=Obj - Checkable, r=Receptacle - Checkable] := false
  bool isReceptacleObject[o=Obj - Checkable] := false
  bool inReceptacleObject[innerObject=Obj - Checkable, outObject=Obj - Checkable] := false
  bool isReceptacleObjectFull[o=Obj - Checkable] := false
  bool wasInReceptacle[o=Obj - Checkable, r=Receptacle - Checkable] := false
  bool checked[c=Checkable] := false
  bool examined[l=Location - Checkable] := false
  bool receptacleType[r=Receptacle - Checkable, rt=ReceptacleType] := false
  bool canContain[rt=ReceptacleType, ot=ObjectType] := false
  bool objectType[o=Obj - Checkable, t=ObjectType] := false
  bool holds[a=Agent - Checkable, o=Obj - Checkable] := false
  bool holdsAny[a=Agent - Checkable] := false
  bool holdsAnyReceptacleObject[a=Agent - Checkable] := false
  bool full[r=Receptacle - Checkable] := false
  bool isClean[o=Obj - Checkable] := false
  bool cleanable[o=Obj - Checkable] := false
  bool isHot[o=Obj - Checkable] := false
  bool heatable[o=Obj - Checkable] := false
  bool isCool[o=Obj - Checkable] := false
  bool coolable[o=Obj - Checkable] := false
  bool pickupable[o=Obj - Checkable] := false
  bool moveable[o=Obj - Checkable] := false
  bool toggleable[o=Obj - Checkable] := false
  bool isOn[o=Obj - Checkable] := false
  bool isToggled[o=Obj - Checkable] := false
  bool sliceable[o=Obj - Checkable] := false
  bool isSliced[o=Obj - Checkable] := false
]

initial values = [
  receptacleType(shelf_1, shelfType) := true
  receptacleType(laundryHamper_2, laundryHamperType) := true
  receptacleType(armChair_3, armChairType) := true
  receptacleType(ottoman_4, ottomanType) := true
  receptacleType(garbageCan_5, garbageCanType) := true
  receptacleType(cabinet_6, cabinetType) := true
  receptacleType(stoveBurner_7, stoveBurnerType) := true
  receptacleType(cart_8, cartType) := true
  receptacleType(shelf_9, shelfType) := true
  receptacleType(cabinet_10, cabinetType) := true
  receptacleType(microwave_11, microwaveType) := true
  receptacleType(fridge_12, fridgeType) := true
  objectType(box_1, boxType) := true
  objectType(saltShaker_2, saltShakerType) := true
  objectType(pepperShaker_3, pepperShakerType) := true
  objectType(potato_4, potatoType) := true
  objectType(saltShaker_5, saltShakerType) := true
  objectType(remoteControl_6, remoteControlType) := true
  objectType(tissueBox_7, tissueBoxType) := true
  objectType(pan_8, panType) := true
  objectType(laptop_9, laptopType) := true
  objectType(box_10, boxType) := true
  canContain(shelfType, boxType) := true
  canContain(shelfType, saltShakerType) := true
  canContain(shelfType, pepperShakerType) := true
  canContain(shelfType, remoteControlType) := true
  canContain(shelfType, tissueBoxType) := true
  canContain(armChairType, boxType) := true
  canContain(armChairType, remoteControlType) := true
  canContain(armChairType, laptopType) := true
  canContain(ottomanType, boxType) := true
  canContain(ottomanType, remoteControlType) := true
  canContain(ottomanType, laptopType) := true
  canContain(garbageCanType, potatoType) := true
  canContain(garbageCanType, tissueBoxType) := true
  canContain(cabinetType, boxType) := true
  canContain(cabinetType, saltShakerType) := true
  canContain(cabinetType, pepperShakerType) := true
  canContain(cabinetType, tissueBoxType) := true
  canContain(cabinetType, panType) := true
  canContain(stoveBurnerType, panType) := true
  canContain(cartType, tissueBoxType) := true
  canContain(microwaveType, potatoType) := true
  canContain(fridgeType, potatoType) := true
  canContain(fridgeType, panType) := true
  pickupable(box_1) := true
  isReceptacleObject(box_1) := true
  pickupable(saltShaker_2) := true
  pickupable(pepperShaker_3) := true
  pickupable(potato_4) := true
  cleanable(potato_4) := true
  heatable(potato_4) := true
  coolable(potato_4) := true
  sliceable(potato_4) := true
  pickupable(saltShaker_5) := true
  pickupable(remoteControl_6) := true
  pickupable(tissueBox_7) := true
  pickupable(pan_8) := true
  isReceptacleObject(pan_8) := true
  cleanable(pan_8) := true
  coolable(pan_8) := true
  pickupable(laptop_9) := true
  pickupable(box_10) := true
  isReceptacleObject(box_10) := true
  receptacleAtLocation(shelf_1, location3) := true
  receptacleAtLocation(laundryHamper_2, location10) := true
  receptacleAtLocation(armChair_3, location8) := true
  receptacleAtLocation(ottoman_4, location1) := true
  receptacleAtLocation(garbageCan_5, location9) := true
  receptacleAtLocation(cabinet_6, location6) := true
  receptacleAtLocation(stoveBurner_7, location2) := true
  receptacleAtLocation(cart_8, location2) := true
  receptacleAtLocation(shelf_9, location7) := true
  receptacleAtLocation(cabinet_10, location8) := true
  receptacleAtLocation(microwave_11, location2) := true
  receptacleAtLocation(fridge_12, location7) := true
  inReceptacle(box_1, cabinet_6) := true
  inReceptacle(saltShaker_2, shelf_1) := true
  inReceptacle(pepperShaker_3, shelf_1) := true
  inReceptacle(potato_4, fridge_12) := true
  inReceptacle(saltShaker_5, cabinet_6) := true
  inReceptacle(remoteControl_6, shelf_1) := true
  inReceptacle(tissueBox_7, cabinet_6) := true
  inReceptacle(pan_8, cabinet_10) := true
  inReceptacle(laptop_9, armChair_3) := true
  inReceptacle(box_10, shelf_9) := true
  objectAtLocation(box_1, location6) := true
  objectAtLocation(saltShaker_2, location3) := true
  objectAtLocation(pepperShaker_3, location3) := true
  objectAtLocation(potato_4, location7) := true
  objectAtLocation(saltShaker_5, location6) := true
  objectAtLocation(remoteControl_6, location3) := true
  objectAtLocation(tissueBox_7, location6) := true
  objectAtLocation(pan_8, location8) := true
  objectAtLocation(laptop_9, location8) := true
  objectAtLocation(box_10, location7) := true
  atLocation(agent1, location3) := true
]

goals = [
  Exists (Receptacle - Checkable r) Exists (Obj - Checkable o) (coolable(o) and objectType(o, potatoType) and receptacleType(r, fridgeType) and isCool(o) and inReceptacle(o, r))
]

quality metrics = [
  minimize sequential-plan-length
]


2025-06-17 11:17:05,137 - INFO - Generating plan for unconstrained problem

2025-06-17 11:17:05,558 - INFO - Unconstrained plan generation time: 0.4208691120147705

2025-06-17 11:17:05,558 - INFO - Unconstrained plan and cost: 
2025-06-17 11:17:05,558 - INFO - SequentialPlan:
    goToLocation(agent1, location3, location7)
    pickupObject(agent1, location7, potato_4, fridge_12)
    coolObject(agent1, location7, fridge_12, potato_4)
    putObject(agent1, location7, potato_4, fridge_12, potatoType, fridgeType)
2025-06-17 11:17:05,558 - INFO - 4
2025-06-17 11:17:06,166 - INFO - Sampled constraints:

2025-06-17 11:17:06,166 - INFO - Sometime(atLocation(agent1, location7))
2025-06-17 11:17:06,166 - INFO - Sometime-Before(atLocation(agent1, location7), (checked(tissueBox_7) or atLocation(agent1, location4)))
2025-06-17 11:17:06,166 - INFO - 
2025-06-17 11:17:06,166 - INFO - Generation time: 0.6076850891113281

2025-06-17 11:17:06,167 - INFO - Generating plan for constrained problem (with LiftedTCORE).

2025-06-17 11:17:06,220 - INFO - LiftedTCORE compilation time: 0.05253863334655762

2025-06-17 11:17:06,695 - INFO - Planning Time with LiftedTCORE's file: 0.475496768951416

2025-06-17 11:17:06,696 - INFO - Plan found with LiftedTCORE + sym_bd: SequentialPlan:
    goToLocation(agent1, location3, location4)
    goToLocation(agent1, location4, location7)
    pickupObject(agent1, location7, potato_4, fridge_12)
    coolObject(agent1, location7, fridge_12, potato_4)
    putObject(agent1, location7, potato_4, fridge_12, potatoType, fridgeType)
2025-06-17 11:17:06,696 - INFO - Seed: 89 is solvable

2025-06-17 11:17:06,696 - INFO - Unconstrained cost: 4
2025-06-17 11:17:06,696 - INFO - Constrained cost: 5
2025-06-17 11:17:06,696 - INFO - Seed: 89 Plan simulation is feasible
2025-06-17 11:17:06,696 - INFO - 
Seed: 89 
 Plan: [goToLocation(agent1, location3, location4), goToLocation(agent1, location4, location7), pickupObject(agent1, location7, potato_4, fridge_12), coolObject(agent1, location7, fridge_12, potato_4), putObject(agent1, location7, potato_4, fridge_12, potatoType, fridgeType)]  
 Cost: 5

