2025-06-17 09:53:10,610 - INFO - 
================= Seed: 252 =================

2025-06-17 09:53:10,623 - INFO - problem name = alfred

types = [ReceptacleType, ObjectType, Checkable, Agent - Checkable, Location - Checkable, Receptacle - Checkable, Obj - Checkable]

fluents = [
  bool atLocation[a=Agent - Checkable, l=Location - Checkable]
  bool receptacleAtLocation[r=Receptacle - Checkable, l=Location - Checkable]
  bool objectAtLocation[o=Obj - Checkable, l=Location - Checkable]
  bool openable[r=Receptacle - Checkable]
  bool opened[r=Receptacle - Checkable]
  bool inReceptacle[o=Obj - Checkable, r=Receptacle - Checkable]
  bool isReceptacleObject[o=Obj - Checkable]
  bool inReceptacleObject[innerObject=Obj - Checkable, outObject=Obj - Checkable]
  bool isReceptacleObjectFull[o=Obj - Checkable]
  bool wasInReceptacle[o=Obj - Checkable, r=Receptacle - Checkable]
  bool checked[c=Checkable]
  bool examined[l=Location - Checkable]
  bool receptacleType[r=Receptacle - Checkable, rt=ReceptacleType]
  bool canContain[rt=ReceptacleType, ot=ObjectType]
  bool objectType[o=Obj - Checkable, t=ObjectType]
  bool holds[a=Agent - Checkable, o=Obj - Checkable]
  bool holdsAny[a=Agent - Checkable]
  bool holdsAnyReceptacleObject[a=Agent - Checkable]
  bool full[r=Receptacle - Checkable]
  bool isClean[o=Obj - Checkable]
  bool cleanable[o=Obj - Checkable]
  bool isHot[o=Obj - Checkable]
  bool heatable[o=Obj - Checkable]
  bool isCool[o=Obj - Checkable]
  bool coolable[o=Obj - Checkable]
  bool pickupable[o=Obj - Checkable]
  bool moveable[o=Obj - Checkable]
  bool toggleable[o=Obj - Checkable]
  bool isOn[o=Obj - Checkable]
  bool isToggled[o=Obj - Checkable]
  bool sliceable[o=Obj - Checkable]
  bool isSliced[o=Obj - Checkable]
]

actions = [
  action look(Agent - Checkable a, Location - Checkable l) {
    preconditions = [
      atLocation(a, l)
    ]
    effects = [
      checked(l) := true
    ]
  }
  action inventory(Agent - Checkable a) {
    preconditions = [
    ]
    effects = [
      checked(a) := true
    ]
  }
  action examineReceptacle(Agent - Checkable a, Receptacle - Checkable r) {
    preconditions = [
      Exists (Location - Checkable l) (atLocation(a, l) and receptacleAtLocation(r, l))
    ]
    effects = [
      checked(r) := true
    ]
  }
  action examineObject(Agent - Checkable a, Obj - Checkable o) {
    preconditions = [
      (Exists (Location - Checkable l) Exists (Receptacle - Checkable r) (atLocation(a, l) and receptacleAtLocation(r, l) and inReceptacle(o, r) and ((not openable(r)) or opened(r))) or holds(a, o))
    ]
    effects = [
      checked(o) := true
    ]
  }
  action goToLocation(Agent - Checkable a, Location - Checkable lstart, Location - Checkable lend) {
    preconditions = [
      atLocation(a, lstart)
    ]
    effects = [
      atLocation(a, lstart) := false
      atLocation(a, lend) := true
    ]
  }
  action openObject(Agent - Checkable a, Location - Checkable l, Receptacle - Checkable r) {
    preconditions = [
      (openable(r) and atLocation(a, l) and receptacleAtLocation(r, l) and (not opened(r)))
    ]
    effects = [
      opened(r) := true
      checked(r) := true
    ]
  }
  action closeObject(Agent - Checkable a, Location - Checkable l, Receptacle - Checkable r) {
    preconditions = [
      (openable(r) and atLocation(a, l) and receptacleAtLocation(r, l) and opened(r))
    ]
    effects = [
      opened(r) := false
    ]
  }
  action pickupObject(Agent - Checkable a, Location - Checkable l, Obj - Checkable o, Receptacle - Checkable r) {
    preconditions = [
      (pickupable(o) and atLocation(a, l) and receptacleAtLocation(r, l) and inReceptacle(o, r) and (not holdsAny(a)) and ((not openable(r)) or opened(r)))
    ]
    effects = [
      inReceptacle(o, r) := false
      holds(a, o) := true
      holdsAny(a) := true
      objectAtLocation(o, l) := false
    ]
  }
  action putObject(Agent - Checkable a, Location - Checkable l, Obj - Checkable o, Receptacle - Checkable r, ObjectType ot, ReceptacleType rt) {
    preconditions = [
      (holds(a, o) and atLocation(a, l) and receptacleAtLocation(r, l) and ((not openable(r)) or opened(r)) and objectType(o, ot) and receptacleType(r, rt) and canContain(rt, ot))
    ]
    effects = [
      inReceptacle(o, r) := true
      objectAtLocation(o, l) := true
      holds(a, o) := false
      holdsAny(a) := false
    ]
  }
  action cleanObject(Agent - Checkable a, Location - Checkable l, Receptacle - Checkable r, Obj - Checkable o) {
    preconditions = [
      (cleanable(o) and receptacleType(r, sinkBasinType) and atLocation(a, l) and receptacleAtLocation(r, l) and holds(a, o))
    ]
    effects = [
      isClean(o) := true
    ]
  }
  action heatObject(Agent - Checkable a, Location - Checkable l, Receptacle - Checkable r, Obj - Checkable o) {
    preconditions = [
      (heatable(o) and receptacleType(r, microwaveType) and atLocation(a, l) and receptacleAtLocation(r, l) and holds(a, o))
    ]
    effects = [
      isHot(o) := true
      isCool(o) := false
    ]
  }
  action coolObject(Agent - Checkable a, Location - Checkable l, Receptacle - Checkable r, Obj - Checkable o) {
    preconditions = [
      (coolable(o) and receptacleType(r, fridgeType) and atLocation(a, l) and receptacleAtLocation(r, l) and holds(a, o))
    ]
    effects = [
      isCool(o) := true
      isHot(o) := false
    ]
  }
  action toggleObject(Agent - Checkable a, Location - Checkable l, Obj - Checkable o, Receptacle - Checkable r) {
    preconditions = [
      (toggleable(o) and atLocation(a, l) and receptacleAtLocation(r, l) and inReceptacle(o, r))
    ]
    effects = [
      if isOn(o) then isOn(o) := false
      if (not isOn(o)) then isOn(o) := true
      isToggled(o) := true
    ]
  }
  action sliceObject(Agent - Checkable a, Location - Checkable l, Obj - Checkable co, Obj - Checkable ko) {
    preconditions = [
      (sliceable(co) and (objectType(ko, knifeType) or objectType(ko, butterKnifeType)) and atLocation(a, l) and objectAtLocation(co, l) and holds(a, ko))
    ]
    effects = [
      isSliced(co) := true
    ]
  }
  action help(Agent - Checkable a) {
    preconditions = [
    ]
    effects = [
      checked(a) := true
    ]
  }
]

objects = [
  ReceptacleType: [sinkBasinType, microwaveType, fridgeType, laundryHamperType, armChairType, bathtubBasinType, sofaType, handTowelHolderType, safeType, cabinetType, deskType, counterTopType]
  ObjectType: [knifeType, butterKnifeType, glassbottleType, handTowelType, tennisRacketType, penType, plateType, keyChainType, newspaperType, pepperShakerType, panType]
  Checkable: [agent1, location1, location2, location3, location4, location5, location6, location7, location8, location9, location10, laundryHamper_1, armChair_2, bathtubBasin_3, sofa_4, handTowelHolder_5, safe_6, cabinet_7, desk_8, counterTop_9, microwave_10, glassbottle_1, handTowel_2, tennisRacket_3, pen_4, plate_5, keyChain_6, pen_7, newspaper_8, pepperShaker_9, pan_10]
  Agent - Checkable: [agent1]
  Location - Checkable: [location1, location2, location3, location4, location5, location6, location7, location8, location9, location10]
  Receptacle - Checkable: [laundryHamper_1, armChair_2, bathtubBasin_3, sofa_4, handTowelHolder_5, safe_6, cabinet_7, desk_8, counterTop_9, microwave_10]
  Obj - Checkable: [glassbottle_1, handTowel_2, tennisRacket_3, pen_4, plate_5, keyChain_6, pen_7, newspaper_8, pepperShaker_9, pan_10]
]

initial fluents default = [
  bool atLocation[a=Agent - Checkable, l=Location - Checkable] := false
  bool receptacleAtLocation[r=Receptacle - Checkable, l=Location - Checkable] := false
  bool objectAtLocation[o=Obj - Checkable, l=Location - Checkable] := false
  bool openable[r=Receptacle - Checkable] := false
  bool opened[r=Receptacle - Checkable] := false
  bool inReceptacle[o=Obj - Checkable, r=Receptacle - Checkable] := false
  bool isReceptacleObject[o=Obj - Checkable] := false
  bool inReceptacleObject[innerObject=Obj - Checkable, outObject=Obj - Checkable] := false
  bool isReceptacleObjectFull[o=Obj - Checkable] := false
  bool wasInReceptacle[o=Obj - Checkable, r=Receptacle - Checkable] := false
  bool checked[c=Checkable] := false
  bool examined[l=Location - Checkable] := false
  bool receptacleType[r=Receptacle - Checkable, rt=ReceptacleType] := false
  bool canContain[rt=ReceptacleType, ot=ObjectType] := false
  bool objectType[o=Obj - Checkable, t=ObjectType] := false
  bool holds[a=Agent - Checkable, o=Obj - Checkable] := false
  bool holdsAny[a=Agent - Checkable] := false
  bool holdsAnyReceptacleObject[a=Agent - Checkable] := false
  bool full[r=Receptacle - Checkable] := false
  bool isClean[o=Obj - Checkable] := false
  bool cleanable[o=Obj - Checkable] := false
  bool isHot[o=Obj - Checkable] := false
  bool heatable[o=Obj - Checkable] := false
  bool isCool[o=Obj - Checkable] := false
  bool coolable[o=Obj - Checkable] := false
  bool pickupable[o=Obj - Checkable] := false
  bool moveable[o=Obj - Checkable] := false
  bool toggleable[o=Obj - Checkable] := false
  bool isOn[o=Obj - Checkable] := false
  bool isToggled[o=Obj - Checkable] := false
  bool sliceable[o=Obj - Checkable] := false
  bool isSliced[o=Obj - Checkable] := false
]

initial values = [
  receptacleType(laundryHamper_1, laundryHamperType) := true
  receptacleType(armChair_2, armChairType) := true
  receptacleType(bathtubBasin_3, bathtubBasinType) := true
  receptacleType(sofa_4, sofaType) := true
  receptacleType(handTowelHolder_5, handTowelHolderType) := true
  receptacleType(safe_6, safeType) := true
  receptacleType(cabinet_7, cabinetType) := true
  receptacleType(desk_8, deskType) := true
  receptacleType(counterTop_9, counterTopType) := true
  receptacleType(microwave_10, microwaveType) := true
  objectType(glassbottle_1, glassbottleType) := true
  objectType(handTowel_2, handTowelType) := true
  objectType(tennisRacket_3, tennisRacketType) := true
  objectType(pen_4, penType) := true
  objectType(plate_5, plateType) := true
  objectType(keyChain_6, keyChainType) := true
  objectType(pen_7, penType) := true
  objectType(newspaper_8, newspaperType) := true
  objectType(pepperShaker_9, pepperShakerType) := true
  objectType(pan_10, panType) := true
  canContain(armChairType, keyChainType) := true
  canContain(armChairType, newspaperType) := true
  canContain(bathtubBasinType, handTowelType) := true
  canContain(sofaType, keyChainType) := true
  canContain(sofaType, newspaperType) := true
  canContain(handTowelHolderType, handTowelType) := true
  canContain(safeType, keyChainType) := true
  canContain(cabinetType, glassbottleType) := true
  canContain(cabinetType, handTowelType) := true
  canContain(cabinetType, plateType) := true
  canContain(cabinetType, newspaperType) := true
  canContain(cabinetType, pepperShakerType) := true
  canContain(cabinetType, panType) := true
  canContain(deskType, glassbottleType) := true
  canContain(deskType, tennisRacketType) := true
  canContain(deskType, penType) := true
  canContain(deskType, plateType) := true
  canContain(deskType, keyChainType) := true
  canContain(deskType, newspaperType) := true
  canContain(counterTopType, glassbottleType) := true
  canContain(counterTopType, handTowelType) := true
  canContain(counterTopType, tennisRacketType) := true
  canContain(counterTopType, penType) := true
  canContain(counterTopType, plateType) := true
  canContain(counterTopType, keyChainType) := true
  canContain(counterTopType, newspaperType) := true
  canContain(counterTopType, pepperShakerType) := true
  canContain(counterTopType, panType) := true
  canContain(microwaveType, glassbottleType) := true
  canContain(microwaveType, plateType) := true
  pickupable(glassbottle_1) := true
  pickupable(handTowel_2) := true
  pickupable(tennisRacket_3) := true
  pickupable(pen_4) := true
  pickupable(plate_5) := true
  isReceptacleObject(plate_5) := true
  cleanable(plate_5) := true
  heatable(plate_5) := true
  coolable(plate_5) := true
  pickupable(keyChain_6) := true
  pickupable(pen_7) := true
  pickupable(newspaper_8) := true
  pickupable(pepperShaker_9) := true
  pickupable(pan_10) := true
  isReceptacleObject(pan_10) := true
  cleanable(pan_10) := true
  coolable(pan_10) := true
  receptacleAtLocation(laundryHamper_1, location5) := true
  receptacleAtLocation(armChair_2, location1) := true
  receptacleAtLocation(bathtubBasin_3, location5) := true
  receptacleAtLocation(sofa_4, location4) := true
  receptacleAtLocation(handTowelHolder_5, location5) := true
  receptacleAtLocation(safe_6, location10) := true
  receptacleAtLocation(cabinet_7, location1) := true
  receptacleAtLocation(desk_8, location3) := true
  receptacleAtLocation(counterTop_9, location6) := true
  receptacleAtLocation(microwave_10, location9) := true
  inReceptacle(tennisRacket_3, counterTop_9) := true
  inReceptacle(keyChain_6, armChair_2) := true
  inReceptacle(newspaper_8, cabinet_7) := true
  objectAtLocation(glassbottle_1, location1) := true
  objectAtLocation(handTowel_2, location9) := true
  objectAtLocation(tennisRacket_3, location6) := true
  objectAtLocation(pen_4, location3) := true
  objectAtLocation(plate_5, location1) := true
  objectAtLocation(keyChain_6, location1) := true
  objectAtLocation(pen_7, location5) := true
  objectAtLocation(newspaper_8, location1) := true
  objectAtLocation(pepperShaker_9, location8) := true
  objectAtLocation(pan_10, location5) := true
  atLocation(agent1, location4) := true
]

goals = [
  Exists (Receptacle - Checkable r) Exists (Obj - Checkable o) (coolable(o) and objectType(o, panType) and receptacleType(r, counterTopType) and isCool(o) and inReceptacle(o, r))
]

quality metrics = [
  minimize sequential-plan-length
]


2025-06-17 09:53:10,627 - INFO - Generating plan for unconstrained problem

2025-06-17 09:53:10,962 - INFO - Unconstrained plan generation time: 0.33541440963745117

