2025-06-17 10:23:50,268 - INFO - 
================= Seed: 921 =================

2025-06-17 10:23:50,273 - INFO - problem name = alfred

types = [ReceptacleType, ObjectType, Checkable, Agent - Checkable, Location - Checkable, Receptacle - Checkable, Obj - Checkable]

fluents = [
  bool atLocation[a=Agent - Checkable, l=Location - Checkable]
  bool receptacleAtLocation[r=Receptacle - Checkable, l=Location - Checkable]
  bool objectAtLocation[o=Obj - Checkable, l=Location - Checkable]
  bool openable[r=Receptacle - Checkable]
  bool opened[r=Receptacle - Checkable]
  bool inReceptacle[o=Obj - Checkable, r=Receptacle - Checkable]
  bool isReceptacleObject[o=Obj - Checkable]
  bool inReceptacleObject[innerObject=Obj - Checkable, outObject=Obj - Checkable]
  bool isReceptacleObjectFull[o=Obj - Checkable]
  bool wasInReceptacle[o=Obj - Checkable, r=Receptacle - Checkable]
  bool checked[c=Checkable]
  bool examined[l=Location - Checkable]
  bool receptacleType[r=Receptacle - Checkable, rt=ReceptacleType]
  bool canContain[rt=ReceptacleType, ot=ObjectType]
  bool objectType[o=Obj - Checkable, t=ObjectType]
  bool holds[a=Agent - Checkable, o=Obj - Checkable]
  bool holdsAny[a=Agent - Checkable]
  bool holdsAnyReceptacleObject[a=Agent - Checkable]
  bool full[r=Receptacle - Checkable]
  bool isClean[o=Obj - Checkable]
  bool cleanable[o=Obj - Checkable]
  bool isHot[o=Obj - Checkable]
  bool heatable[o=Obj - Checkable]
  bool isCool[o=Obj - Checkable]
  bool coolable[o=Obj - Checkable]
  bool pickupable[o=Obj - Checkable]
  bool moveable[o=Obj - Checkable]
  bool toggleable[o=Obj - Checkable]
  bool isOn[o=Obj - Checkable]
  bool isToggled[o=Obj - Checkable]
  bool sliceable[o=Obj - Checkable]
  bool isSliced[o=Obj - Checkable]
]

actions = [
  action look(Agent - Checkable a, Location - Checkable l) {
    preconditions = [
      atLocation(a, l)
    ]
    effects = [
      checked(l) := true
    ]
  }
  action inventory(Agent - Checkable a) {
    preconditions = [
    ]
    effects = [
      checked(a) := true
    ]
  }
  action examineReceptacle(Agent - Checkable a, Receptacle - Checkable r) {
    preconditions = [
      Exists (Location - Checkable l) (atLocation(a, l) and receptacleAtLocation(r, l))
    ]
    effects = [
      checked(r) := true
    ]
  }
  action examineObject(Agent - Checkable a, Obj - Checkable o) {
    preconditions = [
      (Exists (Location - Checkable l) Exists (Receptacle - Checkable r) (atLocation(a, l) and receptacleAtLocation(r, l) and inReceptacle(o, r) and ((not openable(r)) or opened(r))) or holds(a, o))
    ]
    effects = [
      checked(o) := true
    ]
  }
  action goToLocation(Agent - Checkable a, Location - Checkable lstart, Location - Checkable lend) {
    preconditions = [
      atLocation(a, lstart)
    ]
    effects = [
      atLocation(a, lstart) := false
      atLocation(a, lend) := true
    ]
  }
  action openObject(Agent - Checkable a, Location - Checkable l, Receptacle - Checkable r) {
    preconditions = [
      (openable(r) and atLocation(a, l) and receptacleAtLocation(r, l) and (not opened(r)))
    ]
    effects = [
      opened(r) := true
      checked(r) := true
    ]
  }
  action closeObject(Agent - Checkable a, Location - Checkable l, Receptacle - Checkable r) {
    preconditions = [
      (openable(r) and atLocation(a, l) and receptacleAtLocation(r, l) and opened(r))
    ]
    effects = [
      opened(r) := false
    ]
  }
  action pickupObject(Agent - Checkable a, Location - Checkable l, Obj - Checkable o, Receptacle - Checkable r) {
    preconditions = [
      (pickupable(o) and atLocation(a, l) and receptacleAtLocation(r, l) and inReceptacle(o, r) and (not holdsAny(a)) and ((not openable(r)) or opened(r)))
    ]
    effects = [
      inReceptacle(o, r) := false
      holds(a, o) := true
      holdsAny(a) := true
      objectAtLocation(o, l) := false
    ]
  }
  action putObject(Agent - Checkable a, Location - Checkable l, Obj - Checkable o, Receptacle - Checkable r, ObjectType ot, ReceptacleType rt) {
    preconditions = [
      (holds(a, o) and atLocation(a, l) and receptacleAtLocation(r, l) and ((not openable(r)) or opened(r)) and objectType(o, ot) and receptacleType(r, rt) and canContain(rt, ot))
    ]
    effects = [
      inReceptacle(o, r) := true
      objectAtLocation(o, l) := true
      holds(a, o) := false
      holdsAny(a) := false
    ]
  }
  action cleanObject(Agent - Checkable a, Location - Checkable l, Receptacle - Checkable r, Obj - Checkable o) {
    preconditions = [
      (cleanable(o) and receptacleType(r, sinkBasinType) and atLocation(a, l) and receptacleAtLocation(r, l) and holds(a, o))
    ]
    effects = [
      isClean(o) := true
    ]
  }
  action heatObject(Agent - Checkable a, Location - Checkable l, Receptacle - Checkable r, Obj - Checkable o) {
    preconditions = [
      (heatable(o) and receptacleType(r, microwaveType) and atLocation(a, l) and receptacleAtLocation(r, l) and holds(a, o))
    ]
    effects = [
      isHot(o) := true
      isCool(o) := false
    ]
  }
  action coolObject(Agent - Checkable a, Location - Checkable l, Receptacle - Checkable r, Obj - Checkable o) {
    preconditions = [
      (coolable(o) and receptacleType(r, fridgeType) and atLocation(a, l) and receptacleAtLocation(r, l) and holds(a, o))
    ]
    effects = [
      isCool(o) := true
      isHot(o) := false
    ]
  }
  action toggleObject(Agent - Checkable a, Location - Checkable l, Obj - Checkable o, Receptacle - Checkable r) {
    preconditions = [
      (toggleable(o) and atLocation(a, l) and receptacleAtLocation(r, l) and inReceptacle(o, r))
    ]
    effects = [
      if isOn(o) then isOn(o) := false
      if (not isOn(o)) then isOn(o) := true
      isToggled(o) := true
    ]
  }
  action sliceObject(Agent - Checkable a, Location - Checkable l, Obj - Checkable co, Obj - Checkable ko) {
    preconditions = [
      (sliceable(co) and (objectType(ko, knifeType) or objectType(ko, butterKnifeType)) and atLocation(a, l) and objectAtLocation(co, l) and holds(a, ko))
    ]
    effects = [
      isSliced(co) := true
    ]
  }
  action help(Agent - Checkable a) {
    preconditions = [
    ]
    effects = [
      checked(a) := true
    ]
  }
]

objects = [
  ReceptacleType: [sinkBasinType, microwaveType, fridgeType, toasterType, stoveBurnerType, diningTableType, shelfType, armChairType, coffeeMachineType, bathtubBasinType, sofaType]
  ObjectType: [knifeType, butterKnifeType, candleType, appleType, spatulaType, pencilType, paperTowelType, baseballBatType, alarmClockType, eggType, dishSpongeType, bowlType]
  Checkable: [agent1, location1, location2, location3, location4, location5, location6, location7, location8, location9, location10, toaster_1, stoveBurner_2, stoveBurner_3, diningTable_4, shelf_5, armChair_6, coffeeMachine_7, bathtubBasin_8, fridge_9, sofa_10, candle_1, apple_2, spatula_3, pencil_4, paperTowel_5, baseballBat_6, alarmClock_7, egg_8, dishSponge_9, bowl_10]
  Agent - Checkable: [agent1]
  Location - Checkable: [location1, location2, location3, location4, location5, location6, location7, location8, location9, location10]
  Receptacle - Checkable: [toaster_1, stoveBurner_2, stoveBurner_3, diningTable_4, shelf_5, armChair_6, coffeeMachine_7, bathtubBasin_8, fridge_9, sofa_10]
  Obj - Checkable: [candle_1, apple_2, spatula_3, pencil_4, paperTowel_5, baseballBat_6, alarmClock_7, egg_8, dishSponge_9, bowl_10]
]

initial fluents default = [
  bool atLocation[a=Agent - Checkable, l=Location - Checkable] := false
  bool receptacleAtLocation[r=Receptacle - Checkable, l=Location - Checkable] := false
  bool objectAtLocation[o=Obj - Checkable, l=Location - Checkable] := false
  bool openable[r=Receptacle - Checkable] := false
  bool opened[r=Receptacle - Checkable] := false
  bool inReceptacle[o=Obj - Checkable, r=Receptacle - Checkable] := false
  bool isReceptacleObject[o=Obj - Checkable] := false
  bool inReceptacleObject[innerObject=Obj - Checkable, outObject=Obj - Checkable] := false
  bool isReceptacleObjectFull[o=Obj - Checkable] := false
  bool wasInReceptacle[o=Obj - Checkable, r=Receptacle - Checkable] := false
  bool checked[c=Checkable] := false
  bool examined[l=Location - Checkable] := false
  bool receptacleType[r=Receptacle - Checkable, rt=ReceptacleType] := false
  bool canContain[rt=ReceptacleType, ot=ObjectType] := false
  bool objectType[o=Obj - Checkable, t=ObjectType] := false
  bool holds[a=Agent - Checkable, o=Obj - Checkable] := false
  bool holdsAny[a=Agent - Checkable] := false
  bool holdsAnyReceptacleObject[a=Agent - Checkable] := false
  bool full[r=Receptacle - Checkable] := false
  bool isClean[o=Obj - Checkable] := false
  bool cleanable[o=Obj - Checkable] := false
  bool isHot[o=Obj - Checkable] := false
  bool heatable[o=Obj - Checkable] := false
  bool isCool[o=Obj - Checkable] := false
  bool coolable[o=Obj - Checkable] := false
  bool pickupable[o=Obj - Checkable] := false
  bool moveable[o=Obj - Checkable] := false
  bool toggleable[o=Obj - Checkable] := false
  bool isOn[o=Obj - Checkable] := false
  bool isToggled[o=Obj - Checkable] := false
  bool sliceable[o=Obj - Checkable] := false
  bool isSliced[o=Obj - Checkable] := false
]

initial values = [
  receptacleType(toaster_1, toasterType) := true
  receptacleType(stoveBurner_2, stoveBurnerType) := true
  receptacleType(stoveBurner_3, stoveBurnerType) := true
  receptacleType(diningTable_4, diningTableType) := true
  receptacleType(shelf_5, shelfType) := true
  receptacleType(armChair_6, armChairType) := true
  receptacleType(coffeeMachine_7, coffeeMachineType) := true
  receptacleType(bathtubBasin_8, bathtubBasinType) := true
  receptacleType(fridge_9, fridgeType) := true
  receptacleType(sofa_10, sofaType) := true
  objectType(candle_1, candleType) := true
  objectType(apple_2, appleType) := true
  objectType(spatula_3, spatulaType) := true
  objectType(pencil_4, pencilType) := true
  objectType(paperTowel_5, paperTowelType) := true
  objectType(baseballBat_6, baseballBatType) := true
  objectType(alarmClock_7, alarmClockType) := true
  objectType(egg_8, eggType) := true
  objectType(dishSponge_9, dishSpongeType) := true
  objectType(bowl_10, bowlType) := true
  canContain(diningTableType, candleType) := true
  canContain(diningTableType, appleType) := true
  canContain(diningTableType, spatulaType) := true
  canContain(diningTableType, pencilType) := true
  canContain(diningTableType, paperTowelType) := true
  canContain(diningTableType, baseballBatType) := true
  canContain(diningTableType, alarmClockType) := true
  canContain(diningTableType, eggType) := true
  canContain(diningTableType, dishSpongeType) := true
  canContain(diningTableType, bowlType) := true
  canContain(shelfType, candleType) := true
  canContain(shelfType, pencilType) := true
  canContain(shelfType, paperTowelType) := true
  canContain(shelfType, alarmClockType) := true
  canContain(shelfType, dishSpongeType) := true
  canContain(shelfType, bowlType) := true
  canContain(bathtubBasinType, dishSpongeType) := true
  canContain(fridgeType, appleType) := true
  canContain(fridgeType, eggType) := true
  canContain(fridgeType, bowlType) := true
  pickupable(candle_1) := true
  pickupable(apple_2) := true
  cleanable(apple_2) := true
  heatable(apple_2) := true
  coolable(apple_2) := true
  sliceable(apple_2) := true
  pickupable(spatula_3) := true
  cleanable(spatula_3) := true
  pickupable(pencil_4) := true
  pickupable(paperTowel_5) := true
  pickupable(baseballBat_6) := true
  pickupable(alarmClock_7) := true
  pickupable(egg_8) := true
  cleanable(egg_8) := true
  heatable(egg_8) := true
  coolable(egg_8) := true
  sliceable(egg_8) := true
  pickupable(dishSponge_9) := true
  cleanable(dishSponge_9) := true
  pickupable(bowl_10) := true
  isReceptacleObject(bowl_10) := true
  cleanable(bowl_10) := true
  coolable(bowl_10) := true
  receptacleAtLocation(toaster_1, location2) := true
  receptacleAtLocation(stoveBurner_2, location2) := true
  receptacleAtLocation(stoveBurner_3, location9) := true
  receptacleAtLocation(diningTable_4, location2) := true
  receptacleAtLocation(shelf_5, location5) := true
  receptacleAtLocation(armChair_6, location9) := true
  receptacleAtLocation(coffeeMachine_7, location6) := true
  receptacleAtLocation(bathtubBasin_8, location8) := true
  receptacleAtLocation(fridge_9, location6) := true
  receptacleAtLocation(sofa_10, location4) := true
  inReceptacle(bowl_10, shelf_5) := true
  objectAtLocation(candle_1, location6) := true
  objectAtLocation(apple_2, location6) := true
  objectAtLocation(spatula_3, location7) := true
  objectAtLocation(pencil_4, location3) := true
  objectAtLocation(paperTowel_5, location9) := true
  objectAtLocation(baseballBat_6, location1) := true
  objectAtLocation(alarmClock_7, location7) := true
  objectAtLocation(egg_8, location10) := true
  objectAtLocation(dishSponge_9, location3) := true
  objectAtLocation(bowl_10, location5) := true
  atLocation(agent1, location3) := true
]

goals = [
  Exists (Receptacle - Checkable r) Exists (Obj - Checkable o) (inReceptacle(o, r) and objectType(o, eggType) and receptacleType(r, fridgeType))
]

quality metrics = [
  minimize sequential-plan-length
]


2025-06-17 10:23:50,275 - INFO - Generating plan for unconstrained problem

2025-06-17 10:23:50,584 - INFO - Unconstrained plan generation time: 0.3096630573272705

