2025-06-17 09:53:13,756 - INFO - 
================= Seed: 257 =================

2025-06-17 09:53:13,768 - INFO - problem name = alfred

types = [ReceptacleType, ObjectType, Checkable, Agent - Checkable, Location - Checkable, Receptacle - Checkable, Obj - Checkable]

fluents = [
  bool atLocation[a=Agent - Checkable, l=Location - Checkable]
  bool receptacleAtLocation[r=Receptacle - Checkable, l=Location - Checkable]
  bool objectAtLocation[o=Obj - Checkable, l=Location - Checkable]
  bool openable[r=Receptacle - Checkable]
  bool opened[r=Receptacle - Checkable]
  bool inReceptacle[o=Obj - Checkable, r=Receptacle - Checkable]
  bool isReceptacleObject[o=Obj - Checkable]
  bool inReceptacleObject[innerObject=Obj - Checkable, outObject=Obj - Checkable]
  bool isReceptacleObjectFull[o=Obj - Checkable]
  bool wasInReceptacle[o=Obj - Checkable, r=Receptacle - Checkable]
  bool checked[c=Checkable]
  bool examined[l=Location - Checkable]
  bool receptacleType[r=Receptacle - Checkable, rt=ReceptacleType]
  bool canContain[rt=ReceptacleType, ot=ObjectType]
  bool objectType[o=Obj - Checkable, t=ObjectType]
  bool holds[a=Agent - Checkable, o=Obj - Checkable]
  bool holdsAny[a=Agent - Checkable]
  bool holdsAnyReceptacleObject[a=Agent - Checkable]
  bool full[r=Receptacle - Checkable]
  bool isClean[o=Obj - Checkable]
  bool cleanable[o=Obj - Checkable]
  bool isHot[o=Obj - Checkable]
  bool heatable[o=Obj - Checkable]
  bool isCool[o=Obj - Checkable]
  bool coolable[o=Obj - Checkable]
  bool pickupable[o=Obj - Checkable]
  bool moveable[o=Obj - Checkable]
  bool toggleable[o=Obj - Checkable]
  bool isOn[o=Obj - Checkable]
  bool isToggled[o=Obj - Checkable]
  bool sliceable[o=Obj - Checkable]
  bool isSliced[o=Obj - Checkable]
]

actions = [
  action look(Agent - Checkable a, Location - Checkable l) {
    preconditions = [
      atLocation(a, l)
    ]
    effects = [
      checked(l) := true
    ]
  }
  action inventory(Agent - Checkable a) {
    preconditions = [
    ]
    effects = [
      checked(a) := true
    ]
  }
  action examineReceptacle(Agent - Checkable a, Receptacle - Checkable r) {
    preconditions = [
      Exists (Location - Checkable l) (atLocation(a, l) and receptacleAtLocation(r, l))
    ]
    effects = [
      checked(r) := true
    ]
  }
  action examineObject(Agent - Checkable a, Obj - Checkable o) {
    preconditions = [
      (Exists (Location - Checkable l) Exists (Receptacle - Checkable r) (atLocation(a, l) and receptacleAtLocation(r, l) and inReceptacle(o, r) and ((not openable(r)) or opened(r))) or holds(a, o))
    ]
    effects = [
      checked(o) := true
    ]
  }
  action goToLocation(Agent - Checkable a, Location - Checkable lstart, Location - Checkable lend) {
    preconditions = [
      atLocation(a, lstart)
    ]
    effects = [
      atLocation(a, lstart) := false
      atLocation(a, lend) := true
    ]
  }
  action openObject(Agent - Checkable a, Location - Checkable l, Receptacle - Checkable r) {
    preconditions = [
      (openable(r) and atLocation(a, l) and receptacleAtLocation(r, l) and (not opened(r)))
    ]
    effects = [
      opened(r) := true
      checked(r) := true
    ]
  }
  action closeObject(Agent - Checkable a, Location - Checkable l, Receptacle - Checkable r) {
    preconditions = [
      (openable(r) and atLocation(a, l) and receptacleAtLocation(r, l) and opened(r))
    ]
    effects = [
      opened(r) := false
    ]
  }
  action pickupObject(Agent - Checkable a, Location - Checkable l, Obj - Checkable o, Receptacle - Checkable r) {
    preconditions = [
      (pickupable(o) and atLocation(a, l) and receptacleAtLocation(r, l) and inReceptacle(o, r) and (not holdsAny(a)) and ((not openable(r)) or opened(r)))
    ]
    effects = [
      inReceptacle(o, r) := false
      holds(a, o) := true
      holdsAny(a) := true
      objectAtLocation(o, l) := false
    ]
  }
  action putObject(Agent - Checkable a, Location - Checkable l, Obj - Checkable o, Receptacle - Checkable r, ObjectType ot, ReceptacleType rt) {
    preconditions = [
      (holds(a, o) and atLocation(a, l) and receptacleAtLocation(r, l) and ((not openable(r)) or opened(r)) and objectType(o, ot) and receptacleType(r, rt) and canContain(rt, ot))
    ]
    effects = [
      inReceptacle(o, r) := true
      objectAtLocation(o, l) := true
      holds(a, o) := false
      holdsAny(a) := false
    ]
  }
  action cleanObject(Agent - Checkable a, Location - Checkable l, Receptacle - Checkable r, Obj - Checkable o) {
    preconditions = [
      (cleanable(o) and receptacleType(r, sinkBasinType) and atLocation(a, l) and receptacleAtLocation(r, l) and holds(a, o))
    ]
    effects = [
      isClean(o) := true
    ]
  }
  action heatObject(Agent - Checkable a, Location - Checkable l, Receptacle - Checkable r, Obj - Checkable o) {
    preconditions = [
      (heatable(o) and receptacleType(r, microwaveType) and atLocation(a, l) and receptacleAtLocation(r, l) and holds(a, o))
    ]
    effects = [
      isHot(o) := true
      isCool(o) := false
    ]
  }
  action coolObject(Agent - Checkable a, Location - Checkable l, Receptacle - Checkable r, Obj - Checkable o) {
    preconditions = [
      (coolable(o) and receptacleType(r, fridgeType) and atLocation(a, l) and receptacleAtLocation(r, l) and holds(a, o))
    ]
    effects = [
      isCool(o) := true
      isHot(o) := false
    ]
  }
  action toggleObject(Agent - Checkable a, Location - Checkable l, Obj - Checkable o, Receptacle - Checkable r) {
    preconditions = [
      (toggleable(o) and atLocation(a, l) and receptacleAtLocation(r, l) and inReceptacle(o, r))
    ]
    effects = [
      if isOn(o) then isOn(o) := false
      if (not isOn(o)) then isOn(o) := true
      isToggled(o) := true
    ]
  }
  action sliceObject(Agent - Checkable a, Location - Checkable l, Obj - Checkable co, Obj - Checkable ko) {
    preconditions = [
      (sliceable(co) and (objectType(ko, knifeType) or objectType(ko, butterKnifeType)) and atLocation(a, l) and objectAtLocation(co, l) and holds(a, ko))
    ]
    effects = [
      isSliced(co) := true
    ]
  }
  action help(Agent - Checkable a) {
    preconditions = [
    ]
    effects = [
      checked(a) := true
    ]
  }
]

objects = [
  ReceptacleType: [sinkBasinType, microwaveType, fridgeType, coffeeTableType, garbageCanType, safeType, towelHolderType, counterTopType, bathtubBasinType, armChairType]
  ObjectType: [knifeType, butterKnifeType, toiletPaperType, lettuceType, cupType, creditCardType, candleType, watchType, bowlType, handTowelType, pepperShakerType]
  Checkable: [agent1, location1, location2, location3, location4, location5, location6, location7, location8, location9, location10, microwave_1, coffeeTable_2, sinkBasin_3, garbageCan_4, safe_5, safe_6, towelHolder_7, counterTop_8, bathtubBasin_9, armChair_10, toiletPaper_1, lettuce_2, cup_3, creditCard_4, candle_5, watch_6, bowl_7, handTowel_8, pepperShaker_9, bowl_10]
  Agent - Checkable: [agent1]
  Location - Checkable: [location1, location2, location3, location4, location5, location6, location7, location8, location9, location10]
  Receptacle - Checkable: [microwave_1, coffeeTable_2, sinkBasin_3, garbageCan_4, safe_5, safe_6, towelHolder_7, counterTop_8, bathtubBasin_9, armChair_10]
  Obj - Checkable: [toiletPaper_1, lettuce_2, cup_3, creditCard_4, candle_5, watch_6, bowl_7, handTowel_8, pepperShaker_9, bowl_10]
]

initial fluents default = [
  bool atLocation[a=Agent - Checkable, l=Location - Checkable] := false
  bool receptacleAtLocation[r=Receptacle - Checkable, l=Location - Checkable] := false
  bool objectAtLocation[o=Obj - Checkable, l=Location - Checkable] := false
  bool openable[r=Receptacle - Checkable] := false
  bool opened[r=Receptacle - Checkable] := false
  bool inReceptacle[o=Obj - Checkable, r=Receptacle - Checkable] := false
  bool isReceptacleObject[o=Obj - Checkable] := false
  bool inReceptacleObject[innerObject=Obj - Checkable, outObject=Obj - Checkable] := false
  bool isReceptacleObjectFull[o=Obj - Checkable] := false
  bool wasInReceptacle[o=Obj - Checkable, r=Receptacle - Checkable] := false
  bool checked[c=Checkable] := false
  bool examined[l=Location - Checkable] := false
  bool receptacleType[r=Receptacle - Checkable, rt=ReceptacleType] := false
  bool canContain[rt=ReceptacleType, ot=ObjectType] := false
  bool objectType[o=Obj - Checkable, t=ObjectType] := false
  bool holds[a=Agent - Checkable, o=Obj - Checkable] := false
  bool holdsAny[a=Agent - Checkable] := false
  bool holdsAnyReceptacleObject[a=Agent - Checkable] := false
  bool full[r=Receptacle - Checkable] := false
  bool isClean[o=Obj - Checkable] := false
  bool cleanable[o=Obj - Checkable] := false
  bool isHot[o=Obj - Checkable] := false
  bool heatable[o=Obj - Checkable] := false
  bool isCool[o=Obj - Checkable] := false
  bool coolable[o=Obj - Checkable] := false
  bool pickupable[o=Obj - Checkable] := false
  bool moveable[o=Obj - Checkable] := false
  bool toggleable[o=Obj - Checkable] := false
  bool isOn[o=Obj - Checkable] := false
  bool isToggled[o=Obj - Checkable] := false
  bool sliceable[o=Obj - Checkable] := false
  bool isSliced[o=Obj - Checkable] := false
]

initial values = [
  receptacleType(microwave_1, microwaveType) := true
  receptacleType(coffeeTable_2, coffeeTableType) := true
  receptacleType(sinkBasin_3, sinkBasinType) := true
  receptacleType(garbageCan_4, garbageCanType) := true
  receptacleType(safe_5, safeType) := true
  receptacleType(safe_6, safeType) := true
  receptacleType(towelHolder_7, towelHolderType) := true
  receptacleType(counterTop_8, counterTopType) := true
  receptacleType(bathtubBasin_9, bathtubBasinType) := true
  receptacleType(armChair_10, armChairType) := true
  objectType(toiletPaper_1, toiletPaperType) := true
  objectType(lettuce_2, lettuceType) := true
  objectType(cup_3, cupType) := true
  objectType(creditCard_4, creditCardType) := true
  objectType(candle_5, candleType) := true
  objectType(watch_6, watchType) := true
  objectType(bowl_7, bowlType) := true
  objectType(handTowel_8, handTowelType) := true
  objectType(pepperShaker_9, pepperShakerType) := true
  objectType(bowl_10, bowlType) := true
  canContain(microwaveType, cupType) := true
  canContain(microwaveType, bowlType) := true
  canContain(coffeeTableType, toiletPaperType) := true
  canContain(coffeeTableType, lettuceType) := true
  canContain(coffeeTableType, cupType) := true
  canContain(coffeeTableType, creditCardType) := true
  canContain(coffeeTableType, candleType) := true
  canContain(coffeeTableType, watchType) := true
  canContain(coffeeTableType, bowlType) := true
  canContain(coffeeTableType, handTowelType) := true
  canContain(coffeeTableType, pepperShakerType) := true
  canContain(sinkBasinType, lettuceType) := true
  canContain(sinkBasinType, cupType) := true
  canContain(sinkBasinType, bowlType) := true
  canContain(sinkBasinType, handTowelType) := true
  canContain(garbageCanType, toiletPaperType) := true
  canContain(garbageCanType, lettuceType) := true
  canContain(garbageCanType, handTowelType) := true
  canContain(safeType, creditCardType) := true
  canContain(safeType, watchType) := true
  canContain(counterTopType, toiletPaperType) := true
  canContain(counterTopType, lettuceType) := true
  canContain(counterTopType, cupType) := true
  canContain(counterTopType, creditCardType) := true
  canContain(counterTopType, candleType) := true
  canContain(counterTopType, watchType) := true
  canContain(counterTopType, bowlType) := true
  canContain(counterTopType, handTowelType) := true
  canContain(counterTopType, pepperShakerType) := true
  canContain(bathtubBasinType, handTowelType) := true
  canContain(armChairType, creditCardType) := true
  pickupable(toiletPaper_1) := true
  pickupable(lettuce_2) := true
  cleanable(lettuce_2) := true
  coolable(lettuce_2) := true
  sliceable(lettuce_2) := true
  pickupable(cup_3) := true
  isReceptacleObject(cup_3) := true
  cleanable(cup_3) := true
  heatable(cup_3) := true
  coolable(cup_3) := true
  pickupable(creditCard_4) := true
  pickupable(candle_5) := true
  pickupable(watch_6) := true
  pickupable(bowl_7) := true
  isReceptacleObject(bowl_7) := true
  cleanable(bowl_7) := true
  coolable(bowl_7) := true
  pickupable(handTowel_8) := true
  pickupable(pepperShaker_9) := true
  pickupable(bowl_10) := true
  isReceptacleObject(bowl_10) := true
  cleanable(bowl_10) := true
  coolable(bowl_10) := true
  receptacleAtLocation(microwave_1, location2) := true
  receptacleAtLocation(coffeeTable_2, location7) := true
  receptacleAtLocation(sinkBasin_3, location3) := true
  receptacleAtLocation(garbageCan_4, location7) := true
  receptacleAtLocation(safe_5, location8) := true
  receptacleAtLocation(safe_6, location4) := true
  receptacleAtLocation(towelHolder_7, location2) := true
  receptacleAtLocation(counterTop_8, location3) := true
  receptacleAtLocation(bathtubBasin_9, location9) := true
  receptacleAtLocation(armChair_10, location2) := true
  inReceptacle(lettuce_2, sinkBasin_3) := true
  inReceptacle(creditCard_4, safe_5) := true
  objectAtLocation(toiletPaper_1, location9) := true
  objectAtLocation(lettuce_2, location3) := true
  objectAtLocation(cup_3, location5) := true
  objectAtLocation(creditCard_4, location8) := true
  objectAtLocation(candle_5, location1) := true
  objectAtLocation(watch_6, location3) := true
  objectAtLocation(bowl_7, location10) := true
  objectAtLocation(handTowel_8, location9) := true
  objectAtLocation(pepperShaker_9, location10) := true
  objectAtLocation(bowl_10, location4) := true
  atLocation(agent1, location4) := true
]

goals = [
  Exists (Receptacle - Checkable r) Exists (Obj - Checkable o) (inReceptacle(o, r) and objectType(o, bowlType) and receptacleType(r, sinkBasinType))
]

quality metrics = [
  minimize sequential-plan-length
]


2025-06-17 09:53:13,772 - INFO - Generating plan for unconstrained problem

2025-06-17 09:53:14,135 - INFO - Unconstrained plan generation time: 0.3627448081970215

