2025-06-17 09:57:38,567 - INFO - 
================= Seed: 620 =================

2025-06-17 09:57:38,580 - INFO - problem name = alfred

types = [ReceptacleType, ObjectType, Checkable, Agent - Checkable, Location - Checkable, Receptacle - Checkable, Obj - Checkable]

fluents = [
  bool atLocation[a=Agent - Checkable, l=Location - Checkable]
  bool receptacleAtLocation[r=Receptacle - Checkable, l=Location - Checkable]
  bool objectAtLocation[o=Obj - Checkable, l=Location - Checkable]
  bool openable[r=Receptacle - Checkable]
  bool opened[r=Receptacle - Checkable]
  bool inReceptacle[o=Obj - Checkable, r=Receptacle - Checkable]
  bool isReceptacleObject[o=Obj - Checkable]
  bool inReceptacleObject[innerObject=Obj - Checkable, outObject=Obj - Checkable]
  bool isReceptacleObjectFull[o=Obj - Checkable]
  bool wasInReceptacle[o=Obj - Checkable, r=Receptacle - Checkable]
  bool checked[c=Checkable]
  bool examined[l=Location - Checkable]
  bool receptacleType[r=Receptacle - Checkable, rt=ReceptacleType]
  bool canContain[rt=ReceptacleType, ot=ObjectType]
  bool objectType[o=Obj - Checkable, t=ObjectType]
  bool holds[a=Agent - Checkable, o=Obj - Checkable]
  bool holdsAny[a=Agent - Checkable]
  bool holdsAnyReceptacleObject[a=Agent - Checkable]
  bool full[r=Receptacle - Checkable]
  bool isClean[o=Obj - Checkable]
  bool cleanable[o=Obj - Checkable]
  bool isHot[o=Obj - Checkable]
  bool heatable[o=Obj - Checkable]
  bool isCool[o=Obj - Checkable]
  bool coolable[o=Obj - Checkable]
  bool pickupable[o=Obj - Checkable]
  bool moveable[o=Obj - Checkable]
  bool toggleable[o=Obj - Checkable]
  bool isOn[o=Obj - Checkable]
  bool isToggled[o=Obj - Checkable]
  bool sliceable[o=Obj - Checkable]
  bool isSliced[o=Obj - Checkable]
]

actions = [
  action look(Agent - Checkable a, Location - Checkable l) {
    preconditions = [
      atLocation(a, l)
    ]
    effects = [
      checked(l) := true
    ]
  }
  action inventory(Agent - Checkable a) {
    preconditions = [
    ]
    effects = [
      checked(a) := true
    ]
  }
  action examineReceptacle(Agent - Checkable a, Receptacle - Checkable r) {
    preconditions = [
      Exists (Location - Checkable l) (atLocation(a, l) and receptacleAtLocation(r, l))
    ]
    effects = [
      checked(r) := true
    ]
  }
  action examineObject(Agent - Checkable a, Obj - Checkable o) {
    preconditions = [
      (Exists (Location - Checkable l) Exists (Receptacle - Checkable r) (atLocation(a, l) and receptacleAtLocation(r, l) and inReceptacle(o, r) and ((not openable(r)) or opened(r))) or holds(a, o))
    ]
    effects = [
      checked(o) := true
    ]
  }
  action goToLocation(Agent - Checkable a, Location - Checkable lstart, Location - Checkable lend) {
    preconditions = [
      atLocation(a, lstart)
    ]
    effects = [
      atLocation(a, lstart) := false
      atLocation(a, lend) := true
    ]
  }
  action openObject(Agent - Checkable a, Location - Checkable l, Receptacle - Checkable r) {
    preconditions = [
      (openable(r) and atLocation(a, l) and receptacleAtLocation(r, l) and (not opened(r)))
    ]
    effects = [
      opened(r) := true
      checked(r) := true
    ]
  }
  action closeObject(Agent - Checkable a, Location - Checkable l, Receptacle - Checkable r) {
    preconditions = [
      (openable(r) and atLocation(a, l) and receptacleAtLocation(r, l) and opened(r))
    ]
    effects = [
      opened(r) := false
    ]
  }
  action pickupObject(Agent - Checkable a, Location - Checkable l, Obj - Checkable o, Receptacle - Checkable r) {
    preconditions = [
      (pickupable(o) and atLocation(a, l) and receptacleAtLocation(r, l) and inReceptacle(o, r) and (not holdsAny(a)) and ((not openable(r)) or opened(r)))
    ]
    effects = [
      inReceptacle(o, r) := false
      holds(a, o) := true
      holdsAny(a) := true
      objectAtLocation(o, l) := false
    ]
  }
  action putObject(Agent - Checkable a, Location - Checkable l, Obj - Checkable o, Receptacle - Checkable r, ObjectType ot, ReceptacleType rt) {
    preconditions = [
      (holds(a, o) and atLocation(a, l) and receptacleAtLocation(r, l) and ((not openable(r)) or opened(r)) and objectType(o, ot) and receptacleType(r, rt) and canContain(rt, ot))
    ]
    effects = [
      inReceptacle(o, r) := true
      objectAtLocation(o, l) := true
      holds(a, o) := false
      holdsAny(a) := false
    ]
  }
  action cleanObject(Agent - Checkable a, Location - Checkable l, Receptacle - Checkable r, Obj - Checkable o) {
    preconditions = [
      (cleanable(o) and receptacleType(r, sinkBasinType) and atLocation(a, l) and receptacleAtLocation(r, l) and holds(a, o))
    ]
    effects = [
      isClean(o) := true
    ]
  }
  action heatObject(Agent - Checkable a, Location - Checkable l, Receptacle - Checkable r, Obj - Checkable o) {
    preconditions = [
      (heatable(o) and receptacleType(r, microwaveType) and atLocation(a, l) and receptacleAtLocation(r, l) and holds(a, o))
    ]
    effects = [
      isHot(o) := true
      isCool(o) := false
    ]
  }
  action coolObject(Agent - Checkable a, Location - Checkable l, Receptacle - Checkable r, Obj - Checkable o) {
    preconditions = [
      (coolable(o) and receptacleType(r, fridgeType) and atLocation(a, l) and receptacleAtLocation(r, l) and holds(a, o))
    ]
    effects = [
      isCool(o) := true
      isHot(o) := false
    ]
  }
  action toggleObject(Agent - Checkable a, Location - Checkable l, Obj - Checkable o, Receptacle - Checkable r) {
    preconditions = [
      (toggleable(o) and atLocation(a, l) and receptacleAtLocation(r, l) and inReceptacle(o, r))
    ]
    effects = [
      if isOn(o) then isOn(o) := false
      if (not isOn(o)) then isOn(o) := true
      isToggled(o) := true
    ]
  }
  action sliceObject(Agent - Checkable a, Location - Checkable l, Obj - Checkable co, Obj - Checkable ko) {
    preconditions = [
      (sliceable(co) and (objectType(ko, knifeType) or objectType(ko, butterKnifeType)) and atLocation(a, l) and objectAtLocation(co, l) and holds(a, ko))
    ]
    effects = [
      isSliced(co) := true
    ]
  }
  action help(Agent - Checkable a) {
    preconditions = [
    ]
    effects = [
      checked(a) := true
    ]
  }
]

objects = [
  ReceptacleType: [sinkBasinType, microwaveType, fridgeType, coffeeTableType, towelHolderType, toiletPaperHangerType, armChairType, bathtubBasinType, deskType, sofaType, shelfType, laundryHamperType]
  ObjectType: [knifeType, butterKnifeType, cupType, basketBallType, soapBottleType, bowlType, saltShakerType, appleType, mugType, breadType, clothType]
  Checkable: [agent1, location1, location2, location3, location4, location5, location6, location7, location8, location9, location10, fridge_1, coffeeTable_2, towelHolder_3, toiletPaperHanger_4, armChair_5, bathtubBasin_6, desk_7, sofa_8, shelf_9, laundryHamper_10, cup_1, basketBall_2, soapBottle_3, bowl_4, saltShaker_5, apple_6, mug_7, bread_8, cloth_9, bowl_10]
  Agent - Checkable: [agent1]
  Location - Checkable: [location1, location2, location3, location4, location5, location6, location7, location8, location9, location10]
  Receptacle - Checkable: [fridge_1, coffeeTable_2, towelHolder_3, toiletPaperHanger_4, armChair_5, bathtubBasin_6, desk_7, sofa_8, shelf_9, laundryHamper_10]
  Obj - Checkable: [cup_1, basketBall_2, soapBottle_3, bowl_4, saltShaker_5, apple_6, mug_7, bread_8, cloth_9, bowl_10]
]

initial fluents default = [
  bool atLocation[a=Agent - Checkable, l=Location - Checkable] := false
  bool receptacleAtLocation[r=Receptacle - Checkable, l=Location - Checkable] := false
  bool objectAtLocation[o=Obj - Checkable, l=Location - Checkable] := false
  bool openable[r=Receptacle - Checkable] := false
  bool opened[r=Receptacle - Checkable] := false
  bool inReceptacle[o=Obj - Checkable, r=Receptacle - Checkable] := false
  bool isReceptacleObject[o=Obj - Checkable] := false
  bool inReceptacleObject[innerObject=Obj - Checkable, outObject=Obj - Checkable] := false
  bool isReceptacleObjectFull[o=Obj - Checkable] := false
  bool wasInReceptacle[o=Obj - Checkable, r=Receptacle - Checkable] := false
  bool checked[c=Checkable] := false
  bool examined[l=Location - Checkable] := false
  bool receptacleType[r=Receptacle - Checkable, rt=ReceptacleType] := false
  bool canContain[rt=ReceptacleType, ot=ObjectType] := false
  bool objectType[o=Obj - Checkable, t=ObjectType] := false
  bool holds[a=Agent - Checkable, o=Obj - Checkable] := false
  bool holdsAny[a=Agent - Checkable] := false
  bool holdsAnyReceptacleObject[a=Agent - Checkable] := false
  bool full[r=Receptacle - Checkable] := false
  bool isClean[o=Obj - Checkable] := false
  bool cleanable[o=Obj - Checkable] := false
  bool isHot[o=Obj - Checkable] := false
  bool heatable[o=Obj - Checkable] := false
  bool isCool[o=Obj - Checkable] := false
  bool coolable[o=Obj - Checkable] := false
  bool pickupable[o=Obj - Checkable] := false
  bool moveable[o=Obj - Checkable] := false
  bool toggleable[o=Obj - Checkable] := false
  bool isOn[o=Obj - Checkable] := false
  bool isToggled[o=Obj - Checkable] := false
  bool sliceable[o=Obj - Checkable] := false
  bool isSliced[o=Obj - Checkable] := false
]

initial values = [
  receptacleType(fridge_1, fridgeType) := true
  receptacleType(coffeeTable_2, coffeeTableType) := true
  receptacleType(towelHolder_3, towelHolderType) := true
  receptacleType(toiletPaperHanger_4, toiletPaperHangerType) := true
  receptacleType(armChair_5, armChairType) := true
  receptacleType(bathtubBasin_6, bathtubBasinType) := true
  receptacleType(desk_7, deskType) := true
  receptacleType(sofa_8, sofaType) := true
  receptacleType(shelf_9, shelfType) := true
  receptacleType(laundryHamper_10, laundryHamperType) := true
  objectType(cup_1, cupType) := true
  objectType(basketBall_2, basketBallType) := true
  objectType(soapBottle_3, soapBottleType) := true
  objectType(bowl_4, bowlType) := true
  objectType(saltShaker_5, saltShakerType) := true
  objectType(apple_6, appleType) := true
  objectType(mug_7, mugType) := true
  objectType(bread_8, breadType) := true
  objectType(cloth_9, clothType) := true
  objectType(bowl_10, bowlType) := true
  canContain(fridgeType, cupType) := true
  canContain(fridgeType, bowlType) := true
  canContain(fridgeType, appleType) := true
  canContain(fridgeType, mugType) := true
  canContain(fridgeType, breadType) := true
  canContain(coffeeTableType, cupType) := true
  canContain(coffeeTableType, basketBallType) := true
  canContain(coffeeTableType, soapBottleType) := true
  canContain(coffeeTableType, bowlType) := true
  canContain(coffeeTableType, saltShakerType) := true
  canContain(coffeeTableType, appleType) := true
  canContain(coffeeTableType, mugType) := true
  canContain(coffeeTableType, breadType) := true
  canContain(coffeeTableType, clothType) := true
  canContain(armChairType, basketBallType) := true
  canContain(armChairType, clothType) := true
  canContain(bathtubBasinType, clothType) := true
  canContain(deskType, cupType) := true
  canContain(deskType, basketBallType) := true
  canContain(deskType, soapBottleType) := true
  canContain(deskType, bowlType) := true
  canContain(deskType, mugType) := true
  canContain(deskType, clothType) := true
  canContain(sofaType, basketBallType) := true
  canContain(sofaType, clothType) := true
  canContain(shelfType, cupType) := true
  canContain(shelfType, soapBottleType) := true
  canContain(shelfType, bowlType) := true
  canContain(shelfType, saltShakerType) := true
  canContain(shelfType, mugType) := true
  canContain(shelfType, clothType) := true
  canContain(laundryHamperType, clothType) := true
  pickupable(cup_1) := true
  isReceptacleObject(cup_1) := true
  cleanable(cup_1) := true
  heatable(cup_1) := true
  coolable(cup_1) := true
  pickupable(basketBall_2) := true
  pickupable(soapBottle_3) := true
  pickupable(bowl_4) := true
  isReceptacleObject(bowl_4) := true
  cleanable(bowl_4) := true
  coolable(bowl_4) := true
  pickupable(saltShaker_5) := true
  pickupable(apple_6) := true
  cleanable(apple_6) := true
  heatable(apple_6) := true
  coolable(apple_6) := true
  sliceable(apple_6) := true
  pickupable(mug_7) := true
  isReceptacleObject(mug_7) := true
  cleanable(mug_7) := true
  heatable(mug_7) := true
  coolable(mug_7) := true
  pickupable(bread_8) := true
  heatable(bread_8) := true
  coolable(bread_8) := true
  sliceable(bread_8) := true
  pickupable(cloth_9) := true
  cleanable(cloth_9) := true
  pickupable(bowl_10) := true
  isReceptacleObject(bowl_10) := true
  cleanable(bowl_10) := true
  coolable(bowl_10) := true
  receptacleAtLocation(fridge_1, location2) := true
  receptacleAtLocation(coffeeTable_2, location5) := true
  receptacleAtLocation(towelHolder_3, location1) := true
  receptacleAtLocation(toiletPaperHanger_4, location9) := true
  receptacleAtLocation(armChair_5, location3) := true
  receptacleAtLocation(bathtubBasin_6, location10) := true
  receptacleAtLocation(desk_7, location8) := true
  receptacleAtLocation(sofa_8, location2) := true
  receptacleAtLocation(shelf_9, location9) := true
  receptacleAtLocation(laundryHamper_10, location2) := true
  inReceptacle(basketBall_2, sofa_8) := true
  inReceptacle(soapBottle_3, coffeeTable_2) := true
  inReceptacle(saltShaker_5, coffeeTable_2) := true
  inReceptacle(mug_7, desk_7) := true
  inReceptacle(cloth_9, desk_7) := true
  inReceptacle(bowl_10, coffeeTable_2) := true
  objectAtLocation(cup_1, location1) := true
  objectAtLocation(basketBall_2, location2) := true
  objectAtLocation(soapBottle_3, location5) := true
  objectAtLocation(bowl_4, location9) := true
  objectAtLocation(saltShaker_5, location5) := true
  objectAtLocation(apple_6, location8) := true
  objectAtLocation(mug_7, location8) := true
  objectAtLocation(bread_8, location1) := true
  objectAtLocation(cloth_9, location8) := true
  objectAtLocation(bowl_10, location5) := true
  atLocation(agent1, location5) := true
]

goals = [
  Exists (Receptacle - Checkable r) Exists (Obj - Checkable o) (coolable(o) and objectType(o, cupType) and receptacleType(r, deskType) and isCool(o) and inReceptacle(o, r))
]

quality metrics = [
  minimize sequential-plan-length
]


2025-06-17 09:57:38,584 - INFO - Generating plan for unconstrained problem

2025-06-17 09:57:38,946 - INFO - Unconstrained plan generation time: 0.3616361618041992

