2025-06-17 09:54:05,828 - INFO - 
================= Seed: 326 =================

2025-06-17 09:54:05,833 - INFO - problem name = alfred

types = [ReceptacleType, ObjectType, Checkable, Agent - Checkable, Location - Checkable, Receptacle - Checkable, Obj - Checkable]

fluents = [
  bool atLocation[a=Agent - Checkable, l=Location - Checkable]
  bool receptacleAtLocation[r=Receptacle - Checkable, l=Location - Checkable]
  bool objectAtLocation[o=Obj - Checkable, l=Location - Checkable]
  bool openable[r=Receptacle - Checkable]
  bool opened[r=Receptacle - Checkable]
  bool inReceptacle[o=Obj - Checkable, r=Receptacle - Checkable]
  bool isReceptacleObject[o=Obj - Checkable]
  bool inReceptacleObject[innerObject=Obj - Checkable, outObject=Obj - Checkable]
  bool isReceptacleObjectFull[o=Obj - Checkable]
  bool wasInReceptacle[o=Obj - Checkable, r=Receptacle - Checkable]
  bool checked[c=Checkable]
  bool examined[l=Location - Checkable]
  bool receptacleType[r=Receptacle - Checkable, rt=ReceptacleType]
  bool canContain[rt=ReceptacleType, ot=ObjectType]
  bool objectType[o=Obj - Checkable, t=ObjectType]
  bool holds[a=Agent - Checkable, o=Obj - Checkable]
  bool holdsAny[a=Agent - Checkable]
  bool holdsAnyReceptacleObject[a=Agent - Checkable]
  bool full[r=Receptacle - Checkable]
  bool isClean[o=Obj - Checkable]
  bool cleanable[o=Obj - Checkable]
  bool isHot[o=Obj - Checkable]
  bool heatable[o=Obj - Checkable]
  bool isCool[o=Obj - Checkable]
  bool coolable[o=Obj - Checkable]
  bool pickupable[o=Obj - Checkable]
  bool moveable[o=Obj - Checkable]
  bool toggleable[o=Obj - Checkable]
  bool isOn[o=Obj - Checkable]
  bool isToggled[o=Obj - Checkable]
  bool sliceable[o=Obj - Checkable]
  bool isSliced[o=Obj - Checkable]
]

actions = [
  action look(Agent - Checkable a, Location - Checkable l) {
    preconditions = [
      atLocation(a, l)
    ]
    effects = [
      checked(l) := true
    ]
  }
  action inventory(Agent - Checkable a) {
    preconditions = [
    ]
    effects = [
      checked(a) := true
    ]
  }
  action examineReceptacle(Agent - Checkable a, Receptacle - Checkable r) {
    preconditions = [
      Exists (Location - Checkable l) (atLocation(a, l) and receptacleAtLocation(r, l))
    ]
    effects = [
      checked(r) := true
    ]
  }
  action examineObject(Agent - Checkable a, Obj - Checkable o) {
    preconditions = [
      (Exists (Location - Checkable l) Exists (Receptacle - Checkable r) (atLocation(a, l) and receptacleAtLocation(r, l) and inReceptacle(o, r) and ((not openable(r)) or opened(r))) or holds(a, o))
    ]
    effects = [
      checked(o) := true
    ]
  }
  action goToLocation(Agent - Checkable a, Location - Checkable lstart, Location - Checkable lend) {
    preconditions = [
      atLocation(a, lstart)
    ]
    effects = [
      atLocation(a, lstart) := false
      atLocation(a, lend) := true
    ]
  }
  action openObject(Agent - Checkable a, Location - Checkable l, Receptacle - Checkable r) {
    preconditions = [
      (openable(r) and atLocation(a, l) and receptacleAtLocation(r, l) and (not opened(r)))
    ]
    effects = [
      opened(r) := true
      checked(r) := true
    ]
  }
  action closeObject(Agent - Checkable a, Location - Checkable l, Receptacle - Checkable r) {
    preconditions = [
      (openable(r) and atLocation(a, l) and receptacleAtLocation(r, l) and opened(r))
    ]
    effects = [
      opened(r) := false
    ]
  }
  action pickupObject(Agent - Checkable a, Location - Checkable l, Obj - Checkable o, Receptacle - Checkable r) {
    preconditions = [
      (pickupable(o) and atLocation(a, l) and receptacleAtLocation(r, l) and inReceptacle(o, r) and (not holdsAny(a)) and ((not openable(r)) or opened(r)))
    ]
    effects = [
      inReceptacle(o, r) := false
      holds(a, o) := true
      holdsAny(a) := true
      objectAtLocation(o, l) := false
    ]
  }
  action putObject(Agent - Checkable a, Location - Checkable l, Obj - Checkable o, Receptacle - Checkable r, ObjectType ot, ReceptacleType rt) {
    preconditions = [
      (holds(a, o) and atLocation(a, l) and receptacleAtLocation(r, l) and ((not openable(r)) or opened(r)) and objectType(o, ot) and receptacleType(r, rt) and canContain(rt, ot))
    ]
    effects = [
      inReceptacle(o, r) := true
      objectAtLocation(o, l) := true
      holds(a, o) := false
      holdsAny(a) := false
    ]
  }
  action cleanObject(Agent - Checkable a, Location - Checkable l, Receptacle - Checkable r, Obj - Checkable o) {
    preconditions = [
      (cleanable(o) and receptacleType(r, sinkBasinType) and atLocation(a, l) and receptacleAtLocation(r, l) and holds(a, o))
    ]
    effects = [
      isClean(o) := true
    ]
  }
  action heatObject(Agent - Checkable a, Location - Checkable l, Receptacle - Checkable r, Obj - Checkable o) {
    preconditions = [
      (heatable(o) and receptacleType(r, microwaveType) and atLocation(a, l) and receptacleAtLocation(r, l) and holds(a, o))
    ]
    effects = [
      isHot(o) := true
      isCool(o) := false
    ]
  }
  action coolObject(Agent - Checkable a, Location - Checkable l, Receptacle - Checkable r, Obj - Checkable o) {
    preconditions = [
      (coolable(o) and receptacleType(r, fridgeType) and atLocation(a, l) and receptacleAtLocation(r, l) and holds(a, o))
    ]
    effects = [
      isCool(o) := true
      isHot(o) := false
    ]
  }
  action toggleObject(Agent - Checkable a, Location - Checkable l, Obj - Checkable o, Receptacle - Checkable r) {
    preconditions = [
      (toggleable(o) and atLocation(a, l) and receptacleAtLocation(r, l) and inReceptacle(o, r))
    ]
    effects = [
      if isOn(o) then isOn(o) := false
      if (not isOn(o)) then isOn(o) := true
      isToggled(o) := true
    ]
  }
  action sliceObject(Agent - Checkable a, Location - Checkable l, Obj - Checkable co, Obj - Checkable ko) {
    preconditions = [
      (sliceable(co) and (objectType(ko, knifeType) or objectType(ko, butterKnifeType)) and atLocation(a, l) and objectAtLocation(co, l) and holds(a, ko))
    ]
    effects = [
      isSliced(co) := true
    ]
  }
  action help(Agent - Checkable a) {
    preconditions = [
    ]
    effects = [
      checked(a) := true
    ]
  }
]

objects = [
  ReceptacleType: [sinkBasinType, microwaveType, fridgeType, toiletPaperHangerType, handTowelHolderType, drawerType, deskType, sideTableType, diningTableType, shelfType, toiletType]
  ObjectType: [knifeType, butterKnifeType, penType, potType, dishSpongeType, mugType, kettleType, clothType, toiletPaperType, lettuceType, cupType]
  Checkable: [agent1, location1, location2, location3, location4, location5, location6, location7, location8, location9, location10, sinkBasin_1, toiletPaperHanger_2, handTowelHolder_3, drawer_4, desk_5, sideTable_6, diningTable_7, shelf_8, toilet_9, sinkBasin_10, pen_1, pot_2, dishSponge_3, mug_4, kettle_5, cloth_6, mug_7, toiletPaper_8, lettuce_9, cup_10]
  Agent - Checkable: [agent1]
  Location - Checkable: [location1, location2, location3, location4, location5, location6, location7, location8, location9, location10]
  Receptacle - Checkable: [sinkBasin_1, toiletPaperHanger_2, handTowelHolder_3, drawer_4, desk_5, sideTable_6, diningTable_7, shelf_8, toilet_9, sinkBasin_10]
  Obj - Checkable: [pen_1, pot_2, dishSponge_3, mug_4, kettle_5, cloth_6, mug_7, toiletPaper_8, lettuce_9, cup_10]
]

initial fluents default = [
  bool atLocation[a=Agent - Checkable, l=Location - Checkable] := false
  bool receptacleAtLocation[r=Receptacle - Checkable, l=Location - Checkable] := false
  bool objectAtLocation[o=Obj - Checkable, l=Location - Checkable] := false
  bool openable[r=Receptacle - Checkable] := false
  bool opened[r=Receptacle - Checkable] := false
  bool inReceptacle[o=Obj - Checkable, r=Receptacle - Checkable] := false
  bool isReceptacleObject[o=Obj - Checkable] := false
  bool inReceptacleObject[innerObject=Obj - Checkable, outObject=Obj - Checkable] := false
  bool isReceptacleObjectFull[o=Obj - Checkable] := false
  bool wasInReceptacle[o=Obj - Checkable, r=Receptacle - Checkable] := false
  bool checked[c=Checkable] := false
  bool examined[l=Location - Checkable] := false
  bool receptacleType[r=Receptacle - Checkable, rt=ReceptacleType] := false
  bool canContain[rt=ReceptacleType, ot=ObjectType] := false
  bool objectType[o=Obj - Checkable, t=ObjectType] := false
  bool holds[a=Agent - Checkable, o=Obj - Checkable] := false
  bool holdsAny[a=Agent - Checkable] := false
  bool holdsAnyReceptacleObject[a=Agent - Checkable] := false
  bool full[r=Receptacle - Checkable] := false
  bool isClean[o=Obj - Checkable] := false
  bool cleanable[o=Obj - Checkable] := false
  bool isHot[o=Obj - Checkable] := false
  bool heatable[o=Obj - Checkable] := false
  bool isCool[o=Obj - Checkable] := false
  bool coolable[o=Obj - Checkable] := false
  bool pickupable[o=Obj - Checkable] := false
  bool moveable[o=Obj - Checkable] := false
  bool toggleable[o=Obj - Checkable] := false
  bool isOn[o=Obj - Checkable] := false
  bool isToggled[o=Obj - Checkable] := false
  bool sliceable[o=Obj - Checkable] := false
  bool isSliced[o=Obj - Checkable] := false
]

initial values = [
  receptacleType(sinkBasin_1, sinkBasinType) := true
  receptacleType(toiletPaperHanger_2, toiletPaperHangerType) := true
  receptacleType(handTowelHolder_3, handTowelHolderType) := true
  receptacleType(drawer_4, drawerType) := true
  receptacleType(desk_5, deskType) := true
  receptacleType(sideTable_6, sideTableType) := true
  receptacleType(diningTable_7, diningTableType) := true
  receptacleType(shelf_8, shelfType) := true
  receptacleType(toilet_9, toiletType) := true
  receptacleType(sinkBasin_10, sinkBasinType) := true
  objectType(pen_1, penType) := true
  objectType(pot_2, potType) := true
  objectType(dishSponge_3, dishSpongeType) := true
  objectType(mug_4, mugType) := true
  objectType(kettle_5, kettleType) := true
  objectType(cloth_6, clothType) := true
  objectType(mug_7, mugType) := true
  objectType(toiletPaper_8, toiletPaperType) := true
  objectType(lettuce_9, lettuceType) := true
  objectType(cup_10, cupType) := true
  canContain(sinkBasinType, potType) := true
  canContain(sinkBasinType, dishSpongeType) := true
  canContain(sinkBasinType, mugType) := true
  canContain(sinkBasinType, kettleType) := true
  canContain(sinkBasinType, clothType) := true
  canContain(sinkBasinType, lettuceType) := true
  canContain(sinkBasinType, cupType) := true
  canContain(toiletPaperHangerType, toiletPaperType) := true
  canContain(drawerType, penType) := true
  canContain(drawerType, dishSpongeType) := true
  canContain(drawerType, clothType) := true
  canContain(drawerType, toiletPaperType) := true
  canContain(deskType, penType) := true
  canContain(deskType, mugType) := true
  canContain(deskType, clothType) := true
  canContain(deskType, toiletPaperType) := true
  canContain(deskType, cupType) := true
  canContain(sideTableType, penType) := true
  canContain(sideTableType, potType) := true
  canContain(sideTableType, dishSpongeType) := true
  canContain(sideTableType, mugType) := true
  canContain(sideTableType, kettleType) := true
  canContain(sideTableType, clothType) := true
  canContain(sideTableType, toiletPaperType) := true
  canContain(sideTableType, lettuceType) := true
  canContain(sideTableType, cupType) := true
  canContain(diningTableType, penType) := true
  canContain(diningTableType, potType) := true
  canContain(diningTableType, dishSpongeType) := true
  canContain(diningTableType, mugType) := true
  canContain(diningTableType, kettleType) := true
  canContain(diningTableType, clothType) := true
  canContain(diningTableType, toiletPaperType) := true
  canContain(diningTableType, lettuceType) := true
  canContain(diningTableType, cupType) := true
  canContain(shelfType, penType) := true
  canContain(shelfType, potType) := true
  canContain(shelfType, dishSpongeType) := true
  canContain(shelfType, mugType) := true
  canContain(shelfType, kettleType) := true
  canContain(shelfType, clothType) := true
  canContain(shelfType, toiletPaperType) := true
  canContain(shelfType, cupType) := true
  canContain(toiletType, dishSpongeType) := true
  canContain(toiletType, clothType) := true
  canContain(toiletType, toiletPaperType) := true
  pickupable(pen_1) := true
  pickupable(pot_2) := true
  isReceptacleObject(pot_2) := true
  cleanable(pot_2) := true
  coolable(pot_2) := true
  pickupable(dishSponge_3) := true
  cleanable(dishSponge_3) := true
  pickupable(mug_4) := true
  isReceptacleObject(mug_4) := true
  cleanable(mug_4) := true
  heatable(mug_4) := true
  coolable(mug_4) := true
  pickupable(kettle_5) := true
  cleanable(kettle_5) := true
  pickupable(cloth_6) := true
  cleanable(cloth_6) := true
  pickupable(mug_7) := true
  isReceptacleObject(mug_7) := true
  cleanable(mug_7) := true
  heatable(mug_7) := true
  coolable(mug_7) := true
  pickupable(toiletPaper_8) := true
  pickupable(lettuce_9) := true
  cleanable(lettuce_9) := true
  coolable(lettuce_9) := true
  sliceable(lettuce_9) := true
  pickupable(cup_10) := true
  isReceptacleObject(cup_10) := true
  cleanable(cup_10) := true
  heatable(cup_10) := true
  coolable(cup_10) := true
  receptacleAtLocation(sinkBasin_1, location9) := true
  receptacleAtLocation(toiletPaperHanger_2, location1) := true
  receptacleAtLocation(handTowelHolder_3, location8) := true
  receptacleAtLocation(drawer_4, location1) := true
  receptacleAtLocation(desk_5, location7) := true
  receptacleAtLocation(sideTable_6, location8) := true
  receptacleAtLocation(diningTable_7, location8) := true
  receptacleAtLocation(shelf_8, location1) := true
  receptacleAtLocation(toilet_9, location7) := true
  receptacleAtLocation(sinkBasin_10, location9) := true
  inReceptacle(pen_1, drawer_4) := true
  inReceptacle(pot_2, shelf_8) := true
  inReceptacle(dishSponge_3, drawer_4) := true
  inReceptacle(cloth_6, toilet_9) := true
  inReceptacle(cup_10, shelf_8) := true
  objectAtLocation(pen_1, location1) := true
  objectAtLocation(pot_2, location1) := true
  objectAtLocation(dishSponge_3, location1) := true
  objectAtLocation(mug_4, location4) := true
  objectAtLocation(kettle_5, location6) := true
  objectAtLocation(cloth_6, location7) := true
  objectAtLocation(mug_7, location5) := true
  objectAtLocation(toiletPaper_8, location7) := true
  objectAtLocation(lettuce_9, location8) := true
  objectAtLocation(cup_10, location1) := true
  atLocation(agent1, location8) := true
]

goals = [
  Exists (Receptacle - Checkable r) Exists (Obj - Checkable o1) (inReceptacle(o1, r) and objectType(o1, lettuceType) and receptacleType(r, sideTableType) and Exists (Obj - Checkable o2) ((not (o1 == o2)) and objectType(o2, kettleType) and receptacleType(r, sideTableType) and inReceptacle(o2, r)))
]

quality metrics = [
  minimize sequential-plan-length
]


2025-06-17 09:54:05,835 - INFO - Generating plan for unconstrained problem

2025-06-17 09:54:06,249 - INFO - Unconstrained plan generation time: 0.41404247283935547

