2025-06-17 09:54:30,394 - INFO - 
================= Seed: 361 =================

2025-06-17 09:54:30,399 - INFO - problem name = alfred

types = [ReceptacleType, ObjectType, Checkable, Agent - Checkable, Location - Checkable, Receptacle - Checkable, Obj - Checkable]

fluents = [
  bool atLocation[a=Agent - Checkable, l=Location - Checkable]
  bool receptacleAtLocation[r=Receptacle - Checkable, l=Location - Checkable]
  bool objectAtLocation[o=Obj - Checkable, l=Location - Checkable]
  bool openable[r=Receptacle - Checkable]
  bool opened[r=Receptacle - Checkable]
  bool inReceptacle[o=Obj - Checkable, r=Receptacle - Checkable]
  bool isReceptacleObject[o=Obj - Checkable]
  bool inReceptacleObject[innerObject=Obj - Checkable, outObject=Obj - Checkable]
  bool isReceptacleObjectFull[o=Obj - Checkable]
  bool wasInReceptacle[o=Obj - Checkable, r=Receptacle - Checkable]
  bool checked[c=Checkable]
  bool examined[l=Location - Checkable]
  bool receptacleType[r=Receptacle - Checkable, rt=ReceptacleType]
  bool canContain[rt=ReceptacleType, ot=ObjectType]
  bool objectType[o=Obj - Checkable, t=ObjectType]
  bool holds[a=Agent - Checkable, o=Obj - Checkable]
  bool holdsAny[a=Agent - Checkable]
  bool holdsAnyReceptacleObject[a=Agent - Checkable]
  bool full[r=Receptacle - Checkable]
  bool isClean[o=Obj - Checkable]
  bool cleanable[o=Obj - Checkable]
  bool isHot[o=Obj - Checkable]
  bool heatable[o=Obj - Checkable]
  bool isCool[o=Obj - Checkable]
  bool coolable[o=Obj - Checkable]
  bool pickupable[o=Obj - Checkable]
  bool moveable[o=Obj - Checkable]
  bool toggleable[o=Obj - Checkable]
  bool isOn[o=Obj - Checkable]
  bool isToggled[o=Obj - Checkable]
  bool sliceable[o=Obj - Checkable]
  bool isSliced[o=Obj - Checkable]
]

actions = [
  action look(Agent - Checkable a, Location - Checkable l) {
    preconditions = [
      atLocation(a, l)
    ]
    effects = [
      checked(l) := true
    ]
  }
  action inventory(Agent - Checkable a) {
    preconditions = [
    ]
    effects = [
      checked(a) := true
    ]
  }
  action examineReceptacle(Agent - Checkable a, Receptacle - Checkable r) {
    preconditions = [
      Exists (Location - Checkable l) (atLocation(a, l) and receptacleAtLocation(r, l))
    ]
    effects = [
      checked(r) := true
    ]
  }
  action examineObject(Agent - Checkable a, Obj - Checkable o) {
    preconditions = [
      (Exists (Location - Checkable l) Exists (Receptacle - Checkable r) (atLocation(a, l) and receptacleAtLocation(r, l) and inReceptacle(o, r) and ((not openable(r)) or opened(r))) or holds(a, o))
    ]
    effects = [
      checked(o) := true
    ]
  }
  action goToLocation(Agent - Checkable a, Location - Checkable lstart, Location - Checkable lend) {
    preconditions = [
      atLocation(a, lstart)
    ]
    effects = [
      atLocation(a, lstart) := false
      atLocation(a, lend) := true
    ]
  }
  action openObject(Agent - Checkable a, Location - Checkable l, Receptacle - Checkable r) {
    preconditions = [
      (openable(r) and atLocation(a, l) and receptacleAtLocation(r, l) and (not opened(r)))
    ]
    effects = [
      opened(r) := true
      checked(r) := true
    ]
  }
  action closeObject(Agent - Checkable a, Location - Checkable l, Receptacle - Checkable r) {
    preconditions = [
      (openable(r) and atLocation(a, l) and receptacleAtLocation(r, l) and opened(r))
    ]
    effects = [
      opened(r) := false
    ]
  }
  action pickupObject(Agent - Checkable a, Location - Checkable l, Obj - Checkable o, Receptacle - Checkable r) {
    preconditions = [
      (pickupable(o) and atLocation(a, l) and receptacleAtLocation(r, l) and inReceptacle(o, r) and (not holdsAny(a)) and ((not openable(r)) or opened(r)))
    ]
    effects = [
      inReceptacle(o, r) := false
      holds(a, o) := true
      holdsAny(a) := true
      objectAtLocation(o, l) := false
    ]
  }
  action putObject(Agent - Checkable a, Location - Checkable l, Obj - Checkable o, Receptacle - Checkable r, ObjectType ot, ReceptacleType rt) {
    preconditions = [
      (holds(a, o) and atLocation(a, l) and receptacleAtLocation(r, l) and ((not openable(r)) or opened(r)) and objectType(o, ot) and receptacleType(r, rt) and canContain(rt, ot))
    ]
    effects = [
      inReceptacle(o, r) := true
      objectAtLocation(o, l) := true
      holds(a, o) := false
      holdsAny(a) := false
    ]
  }
  action cleanObject(Agent - Checkable a, Location - Checkable l, Receptacle - Checkable r, Obj - Checkable o) {
    preconditions = [
      (cleanable(o) and receptacleType(r, sinkBasinType) and atLocation(a, l) and receptacleAtLocation(r, l) and holds(a, o))
    ]
    effects = [
      isClean(o) := true
    ]
  }
  action heatObject(Agent - Checkable a, Location - Checkable l, Receptacle - Checkable r, Obj - Checkable o) {
    preconditions = [
      (heatable(o) and receptacleType(r, microwaveType) and atLocation(a, l) and receptacleAtLocation(r, l) and holds(a, o))
    ]
    effects = [
      isHot(o) := true
      isCool(o) := false
    ]
  }
  action coolObject(Agent - Checkable a, Location - Checkable l, Receptacle - Checkable r, Obj - Checkable o) {
    preconditions = [
      (coolable(o) and receptacleType(r, fridgeType) and atLocation(a, l) and receptacleAtLocation(r, l) and holds(a, o))
    ]
    effects = [
      isCool(o) := true
      isHot(o) := false
    ]
  }
  action toggleObject(Agent - Checkable a, Location - Checkable l, Obj - Checkable o, Receptacle - Checkable r) {
    preconditions = [
      (toggleable(o) and atLocation(a, l) and receptacleAtLocation(r, l) and inReceptacle(o, r))
    ]
    effects = [
      if isOn(o) then isOn(o) := false
      if (not isOn(o)) then isOn(o) := true
      isToggled(o) := true
    ]
  }
  action sliceObject(Agent - Checkable a, Location - Checkable l, Obj - Checkable co, Obj - Checkable ko) {
    preconditions = [
      (sliceable(co) and (objectType(ko, knifeType) or objectType(ko, butterKnifeType)) and atLocation(a, l) and objectAtLocation(co, l) and holds(a, ko))
    ]
    effects = [
      isSliced(co) := true
    ]
  }
  action help(Agent - Checkable a) {
    preconditions = [
    ]
    effects = [
      checked(a) := true
    ]
  }
]

objects = [
  ReceptacleType: [sinkBasinType, microwaveType, fridgeType, toasterType, armChairType, cabinetType, dresserType, laundryHamperType, diningTableType, sideTableType, tvStandType, bathtubBasinType]
  ObjectType: [knifeType, butterKnifeType, baseballBatType, lettuceType, cellPhoneType, alarmClockType, watchType, statueType, kettleType, forkType, bowlType, potType]
  Checkable: [agent1, location1, location2, location3, location4, location5, location6, location7, location8, location9, location10, toaster_1, armChair_2, cabinet_3, dresser_4, laundryHamper_5, diningTable_6, diningTable_7, sideTable_8, tvStand_9, bathtubBasin_10, baseballBat_1, lettuce_2, cellPhone_3, alarmClock_4, watch_5, statue_6, kettle_7, fork_8, bowl_9, pot_10]
  Agent - Checkable: [agent1]
  Location - Checkable: [location1, location2, location3, location4, location5, location6, location7, location8, location9, location10]
  Receptacle - Checkable: [toaster_1, armChair_2, cabinet_3, dresser_4, laundryHamper_5, diningTable_6, diningTable_7, sideTable_8, tvStand_9, bathtubBasin_10]
  Obj - Checkable: [baseballBat_1, lettuce_2, cellPhone_3, alarmClock_4, watch_5, statue_6, kettle_7, fork_8, bowl_9, pot_10]
]

initial fluents default = [
  bool atLocation[a=Agent - Checkable, l=Location - Checkable] := false
  bool receptacleAtLocation[r=Receptacle - Checkable, l=Location - Checkable] := false
  bool objectAtLocation[o=Obj - Checkable, l=Location - Checkable] := false
  bool openable[r=Receptacle - Checkable] := false
  bool opened[r=Receptacle - Checkable] := false
  bool inReceptacle[o=Obj - Checkable, r=Receptacle - Checkable] := false
  bool isReceptacleObject[o=Obj - Checkable] := false
  bool inReceptacleObject[innerObject=Obj - Checkable, outObject=Obj - Checkable] := false
  bool isReceptacleObjectFull[o=Obj - Checkable] := false
  bool wasInReceptacle[o=Obj - Checkable, r=Receptacle - Checkable] := false
  bool checked[c=Checkable] := false
  bool examined[l=Location - Checkable] := false
  bool receptacleType[r=Receptacle - Checkable, rt=ReceptacleType] := false
  bool canContain[rt=ReceptacleType, ot=ObjectType] := false
  bool objectType[o=Obj - Checkable, t=ObjectType] := false
  bool holds[a=Agent - Checkable, o=Obj - Checkable] := false
  bool holdsAny[a=Agent - Checkable] := false
  bool holdsAnyReceptacleObject[a=Agent - Checkable] := false
  bool full[r=Receptacle - Checkable] := false
  bool isClean[o=Obj - Checkable] := false
  bool cleanable[o=Obj - Checkable] := false
  bool isHot[o=Obj - Checkable] := false
  bool heatable[o=Obj - Checkable] := false
  bool isCool[o=Obj - Checkable] := false
  bool coolable[o=Obj - Checkable] := false
  bool pickupable[o=Obj - Checkable] := false
  bool moveable[o=Obj - Checkable] := false
  bool toggleable[o=Obj - Checkable] := false
  bool isOn[o=Obj - Checkable] := false
  bool isToggled[o=Obj - Checkable] := false
  bool sliceable[o=Obj - Checkable] := false
  bool isSliced[o=Obj - Checkable] := false
]

initial values = [
  receptacleType(toaster_1, toasterType) := true
  receptacleType(armChair_2, armChairType) := true
  receptacleType(cabinet_3, cabinetType) := true
  receptacleType(dresser_4, dresserType) := true
  receptacleType(laundryHamper_5, laundryHamperType) := true
  receptacleType(diningTable_6, diningTableType) := true
  receptacleType(diningTable_7, diningTableType) := true
  receptacleType(sideTable_8, sideTableType) := true
  receptacleType(tvStand_9, tvStandType) := true
  receptacleType(bathtubBasin_10, bathtubBasinType) := true
  objectType(baseballBat_1, baseballBatType) := true
  objectType(lettuce_2, lettuceType) := true
  objectType(cellPhone_3, cellPhoneType) := true
  objectType(alarmClock_4, alarmClockType) := true
  objectType(watch_5, watchType) := true
  objectType(statue_6, statueType) := true
  objectType(kettle_7, kettleType) := true
  objectType(fork_8, forkType) := true
  objectType(bowl_9, bowlType) := true
  objectType(pot_10, potType) := true
  canContain(armChairType, cellPhoneType) := true
  canContain(cabinetType, kettleType) := true
  canContain(cabinetType, bowlType) := true
  canContain(cabinetType, potType) := true
  canContain(dresserType, cellPhoneType) := true
  canContain(dresserType, alarmClockType) := true
  canContain(dresserType, watchType) := true
  canContain(dresserType, statueType) := true
  canContain(dresserType, bowlType) := true
  canContain(diningTableType, baseballBatType) := true
  canContain(diningTableType, lettuceType) := true
  canContain(diningTableType, cellPhoneType) := true
  canContain(diningTableType, alarmClockType) := true
  canContain(diningTableType, watchType) := true
  canContain(diningTableType, statueType) := true
  canContain(diningTableType, kettleType) := true
  canContain(diningTableType, forkType) := true
  canContain(diningTableType, bowlType) := true
  canContain(diningTableType, potType) := true
  canContain(sideTableType, baseballBatType) := true
  canContain(sideTableType, lettuceType) := true
  canContain(sideTableType, cellPhoneType) := true
  canContain(sideTableType, alarmClockType) := true
  canContain(sideTableType, watchType) := true
  canContain(sideTableType, statueType) := true
  canContain(sideTableType, kettleType) := true
  canContain(sideTableType, forkType) := true
  canContain(sideTableType, bowlType) := true
  canContain(sideTableType, potType) := true
  pickupable(baseballBat_1) := true
  pickupable(lettuce_2) := true
  cleanable(lettuce_2) := true
  coolable(lettuce_2) := true
  sliceable(lettuce_2) := true
  pickupable(cellPhone_3) := true
  pickupable(alarmClock_4) := true
  pickupable(watch_5) := true
  pickupable(statue_6) := true
  pickupable(kettle_7) := true
  cleanable(kettle_7) := true
  pickupable(fork_8) := true
  cleanable(fork_8) := true
  pickupable(bowl_9) := true
  isReceptacleObject(bowl_9) := true
  cleanable(bowl_9) := true
  coolable(bowl_9) := true
  pickupable(pot_10) := true
  isReceptacleObject(pot_10) := true
  cleanable(pot_10) := true
  coolable(pot_10) := true
  receptacleAtLocation(toaster_1, location2) := true
  receptacleAtLocation(armChair_2, location3) := true
  receptacleAtLocation(cabinet_3, location1) := true
  receptacleAtLocation(dresser_4, location8) := true
  receptacleAtLocation(laundryHamper_5, location10) := true
  receptacleAtLocation(diningTable_6, location7) := true
  receptacleAtLocation(diningTable_7, location5) := true
  receptacleAtLocation(sideTable_8, location8) := true
  receptacleAtLocation(tvStand_9, location9) := true
  receptacleAtLocation(bathtubBasin_10, location6) := true
  inReceptacle(cellPhone_3, dresser_4) := true
  inReceptacle(watch_5, diningTable_7) := true
  inReceptacle(statue_6, sideTable_8) := true
  inReceptacle(kettle_7, cabinet_3) := true
  inReceptacle(bowl_9, sideTable_8) := true
  objectAtLocation(baseballBat_1, location7) := true
  objectAtLocation(lettuce_2, location9) := true
  objectAtLocation(cellPhone_3, location8) := true
  objectAtLocation(alarmClock_4, location1) := true
  objectAtLocation(watch_5, location5) := true
  objectAtLocation(statue_6, location8) := true
  objectAtLocation(kettle_7, location1) := true
  objectAtLocation(fork_8, location10) := true
  objectAtLocation(bowl_9, location8) := true
  objectAtLocation(pot_10, location4) := true
  atLocation(agent1, location5) := true
]

goals = [
  Exists (Receptacle - Checkable r) Exists (Obj - Checkable o) (inReceptacle(o, r) and objectType(o, cellPhoneType) and receptacleType(r, dresserType))
]

quality metrics = [
  minimize sequential-plan-length
]


2025-06-17 09:54:30,401 - INFO - Generating plan for unconstrained problem

2025-06-17 09:54:30,871 - INFO - Unconstrained plan generation time: 0.4703941345214844

2025-06-17 09:54:30,871 - INFO - Unconstrained plan and cost: 
2025-06-17 09:54:30,871 - INFO - SequentialPlan:
2025-06-17 09:54:30,872 - INFO - 0
2025-06-17 09:54:31,677 - INFO - Sampled constraints:

2025-06-17 09:54:31,677 - INFO - Sometime(atLocation(agent1, location8))
2025-06-17 09:54:31,677 - INFO - 
2025-06-17 09:54:31,677 - INFO - Generation time: 0.8056392669677734

2025-06-17 09:54:31,685 - INFO - Generating plan for constrained problem (with LiftedTCORE).

2025-06-17 09:54:31,721 - INFO - LiftedTCORE compilation time: 0.03657841682434082

2025-06-17 09:54:32,136 - INFO - Planning Time with LiftedTCORE's file: 0.4077460765838623

2025-06-17 09:54:32,136 - INFO - Plan found with LiftedTCORE + sym_bd: SequentialPlan:
    goToLocation(agent1, location5, location8)
2025-06-17 09:54:32,136 - INFO - Seed: 361 is solvable

2025-06-17 09:54:32,136 - INFO - Unconstrained cost: 0
2025-06-17 09:54:32,136 - INFO - Constrained cost: 1
2025-06-17 09:54:32,136 - INFO - Seed: 361 Plan simulation is feasible
2025-06-17 09:54:32,137 - INFO - 
Seed: 361 
 Plan: [goToLocation(agent1, location5, location8)]  
 Cost: 1

