2025-06-17 09:54:50,278 - INFO - 
================= Seed: 388 =================

2025-06-17 09:54:50,283 - INFO - problem name = alfred

types = [ReceptacleType, ObjectType, Checkable, Agent - Checkable, Location - Checkable, Receptacle - Checkable, Obj - Checkable]

fluents = [
  bool atLocation[a=Agent - Checkable, l=Location - Checkable]
  bool receptacleAtLocation[r=Receptacle - Checkable, l=Location - Checkable]
  bool objectAtLocation[o=Obj - Checkable, l=Location - Checkable]
  bool openable[r=Receptacle - Checkable]
  bool opened[r=Receptacle - Checkable]
  bool inReceptacle[o=Obj - Checkable, r=Receptacle - Checkable]
  bool isReceptacleObject[o=Obj - Checkable]
  bool inReceptacleObject[innerObject=Obj - Checkable, outObject=Obj - Checkable]
  bool isReceptacleObjectFull[o=Obj - Checkable]
  bool wasInReceptacle[o=Obj - Checkable, r=Receptacle - Checkable]
  bool checked[c=Checkable]
  bool examined[l=Location - Checkable]
  bool receptacleType[r=Receptacle - Checkable, rt=ReceptacleType]
  bool canContain[rt=ReceptacleType, ot=ObjectType]
  bool objectType[o=Obj - Checkable, t=ObjectType]
  bool holds[a=Agent - Checkable, o=Obj - Checkable]
  bool holdsAny[a=Agent - Checkable]
  bool holdsAnyReceptacleObject[a=Agent - Checkable]
  bool full[r=Receptacle - Checkable]
  bool isClean[o=Obj - Checkable]
  bool cleanable[o=Obj - Checkable]
  bool isHot[o=Obj - Checkable]
  bool heatable[o=Obj - Checkable]
  bool isCool[o=Obj - Checkable]
  bool coolable[o=Obj - Checkable]
  bool pickupable[o=Obj - Checkable]
  bool moveable[o=Obj - Checkable]
  bool toggleable[o=Obj - Checkable]
  bool isOn[o=Obj - Checkable]
  bool isToggled[o=Obj - Checkable]
  bool sliceable[o=Obj - Checkable]
  bool isSliced[o=Obj - Checkable]
]

actions = [
  action look(Agent - Checkable a, Location - Checkable l) {
    preconditions = [
      atLocation(a, l)
    ]
    effects = [
      checked(l) := true
    ]
  }
  action inventory(Agent - Checkable a) {
    preconditions = [
    ]
    effects = [
      checked(a) := true
    ]
  }
  action examineReceptacle(Agent - Checkable a, Receptacle - Checkable r) {
    preconditions = [
      Exists (Location - Checkable l) (atLocation(a, l) and receptacleAtLocation(r, l))
    ]
    effects = [
      checked(r) := true
    ]
  }
  action examineObject(Agent - Checkable a, Obj - Checkable o) {
    preconditions = [
      (Exists (Location - Checkable l) Exists (Receptacle - Checkable r) (atLocation(a, l) and receptacleAtLocation(r, l) and inReceptacle(o, r) and ((not openable(r)) or opened(r))) or holds(a, o))
    ]
    effects = [
      checked(o) := true
    ]
  }
  action goToLocation(Agent - Checkable a, Location - Checkable lstart, Location - Checkable lend) {
    preconditions = [
      atLocation(a, lstart)
    ]
    effects = [
      atLocation(a, lstart) := false
      atLocation(a, lend) := true
    ]
  }
  action openObject(Agent - Checkable a, Location - Checkable l, Receptacle - Checkable r) {
    preconditions = [
      (openable(r) and atLocation(a, l) and receptacleAtLocation(r, l) and (not opened(r)))
    ]
    effects = [
      opened(r) := true
      checked(r) := true
    ]
  }
  action closeObject(Agent - Checkable a, Location - Checkable l, Receptacle - Checkable r) {
    preconditions = [
      (openable(r) and atLocation(a, l) and receptacleAtLocation(r, l) and opened(r))
    ]
    effects = [
      opened(r) := false
    ]
  }
  action pickupObject(Agent - Checkable a, Location - Checkable l, Obj - Checkable o, Receptacle - Checkable r) {
    preconditions = [
      (pickupable(o) and atLocation(a, l) and receptacleAtLocation(r, l) and inReceptacle(o, r) and (not holdsAny(a)) and ((not openable(r)) or opened(r)))
    ]
    effects = [
      inReceptacle(o, r) := false
      holds(a, o) := true
      holdsAny(a) := true
      objectAtLocation(o, l) := false
    ]
  }
  action putObject(Agent - Checkable a, Location - Checkable l, Obj - Checkable o, Receptacle - Checkable r, ObjectType ot, ReceptacleType rt) {
    preconditions = [
      (holds(a, o) and atLocation(a, l) and receptacleAtLocation(r, l) and ((not openable(r)) or opened(r)) and objectType(o, ot) and receptacleType(r, rt) and canContain(rt, ot))
    ]
    effects = [
      inReceptacle(o, r) := true
      objectAtLocation(o, l) := true
      holds(a, o) := false
      holdsAny(a) := false
    ]
  }
  action cleanObject(Agent - Checkable a, Location - Checkable l, Receptacle - Checkable r, Obj - Checkable o) {
    preconditions = [
      (cleanable(o) and receptacleType(r, sinkBasinType) and atLocation(a, l) and receptacleAtLocation(r, l) and holds(a, o))
    ]
    effects = [
      isClean(o) := true
    ]
  }
  action heatObject(Agent - Checkable a, Location - Checkable l, Receptacle - Checkable r, Obj - Checkable o) {
    preconditions = [
      (heatable(o) and receptacleType(r, microwaveType) and atLocation(a, l) and receptacleAtLocation(r, l) and holds(a, o))
    ]
    effects = [
      isHot(o) := true
      isCool(o) := false
    ]
  }
  action coolObject(Agent - Checkable a, Location - Checkable l, Receptacle - Checkable r, Obj - Checkable o) {
    preconditions = [
      (coolable(o) and receptacleType(r, fridgeType) and atLocation(a, l) and receptacleAtLocation(r, l) and holds(a, o))
    ]
    effects = [
      isCool(o) := true
      isHot(o) := false
    ]
  }
  action toggleObject(Agent - Checkable a, Location - Checkable l, Obj - Checkable o, Receptacle - Checkable r) {
    preconditions = [
      (toggleable(o) and atLocation(a, l) and receptacleAtLocation(r, l) and inReceptacle(o, r))
    ]
    effects = [
      if isOn(o) then isOn(o) := false
      if (not isOn(o)) then isOn(o) := true
      isToggled(o) := true
    ]
  }
  action sliceObject(Agent - Checkable a, Location - Checkable l, Obj - Checkable co, Obj - Checkable ko) {
    preconditions = [
      (sliceable(co) and (objectType(ko, knifeType) or objectType(ko, butterKnifeType)) and atLocation(a, l) and objectAtLocation(co, l) and holds(a, ko))
    ]
    effects = [
      isSliced(co) := true
    ]
  }
  action help(Agent - Checkable a) {
    preconditions = [
    ]
    effects = [
      checked(a) := true
    ]
  }
]

objects = [
  ReceptacleType: [sinkBasinType, microwaveType, fridgeType, deskType, toasterType, stoveBurnerType, sofaType, bedType, coffeeMachineType]
  ObjectType: [knifeType, butterKnifeType, basketBallType, baseballBatType, remoteControlType, kettleType, glassbottleType, bookType, boxType]
  Checkable: [agent1, location1, location2, location3, location4, location5, location6, location7, location8, location9, location10, desk_1, toaster_2, stoveBurner_3, stoveBurner_4, stoveBurner_5, sofa_6, bed_7, toaster_8, coffeeMachine_9, sofa_10, basketBall_1, baseballBat_2, basketBall_3, remoteControl_4, kettle_5, basketBall_6, glassbottle_7, book_8, kettle_9, box_10]
  Agent - Checkable: [agent1]
  Location - Checkable: [location1, location2, location3, location4, location5, location6, location7, location8, location9, location10]
  Receptacle - Checkable: [desk_1, toaster_2, stoveBurner_3, stoveBurner_4, stoveBurner_5, sofa_6, bed_7, toaster_8, coffeeMachine_9, sofa_10]
  Obj - Checkable: [basketBall_1, baseballBat_2, basketBall_3, remoteControl_4, kettle_5, basketBall_6, glassbottle_7, book_8, kettle_9, box_10]
]

initial fluents default = [
  bool atLocation[a=Agent - Checkable, l=Location - Checkable] := false
  bool receptacleAtLocation[r=Receptacle - Checkable, l=Location - Checkable] := false
  bool objectAtLocation[o=Obj - Checkable, l=Location - Checkable] := false
  bool openable[r=Receptacle - Checkable] := false
  bool opened[r=Receptacle - Checkable] := false
  bool inReceptacle[o=Obj - Checkable, r=Receptacle - Checkable] := false
  bool isReceptacleObject[o=Obj - Checkable] := false
  bool inReceptacleObject[innerObject=Obj - Checkable, outObject=Obj - Checkable] := false
  bool isReceptacleObjectFull[o=Obj - Checkable] := false
  bool wasInReceptacle[o=Obj - Checkable, r=Receptacle - Checkable] := false
  bool checked[c=Checkable] := false
  bool examined[l=Location - Checkable] := false
  bool receptacleType[r=Receptacle - Checkable, rt=ReceptacleType] := false
  bool canContain[rt=ReceptacleType, ot=ObjectType] := false
  bool objectType[o=Obj - Checkable, t=ObjectType] := false
  bool holds[a=Agent - Checkable, o=Obj - Checkable] := false
  bool holdsAny[a=Agent - Checkable] := false
  bool holdsAnyReceptacleObject[a=Agent - Checkable] := false
  bool full[r=Receptacle - Checkable] := false
  bool isClean[o=Obj - Checkable] := false
  bool cleanable[o=Obj - Checkable] := false
  bool isHot[o=Obj - Checkable] := false
  bool heatable[o=Obj - Checkable] := false
  bool isCool[o=Obj - Checkable] := false
  bool coolable[o=Obj - Checkable] := false
  bool pickupable[o=Obj - Checkable] := false
  bool moveable[o=Obj - Checkable] := false
  bool toggleable[o=Obj - Checkable] := false
  bool isOn[o=Obj - Checkable] := false
  bool isToggled[o=Obj - Checkable] := false
  bool sliceable[o=Obj - Checkable] := false
  bool isSliced[o=Obj - Checkable] := false
]

initial values = [
  receptacleType(desk_1, deskType) := true
  receptacleType(toaster_2, toasterType) := true
  receptacleType(stoveBurner_3, stoveBurnerType) := true
  receptacleType(stoveBurner_4, stoveBurnerType) := true
  receptacleType(stoveBurner_5, stoveBurnerType) := true
  receptacleType(sofa_6, sofaType) := true
  receptacleType(bed_7, bedType) := true
  receptacleType(toaster_8, toasterType) := true
  receptacleType(coffeeMachine_9, coffeeMachineType) := true
  receptacleType(sofa_10, sofaType) := true
  objectType(basketBall_1, basketBallType) := true
  objectType(baseballBat_2, baseballBatType) := true
  objectType(basketBall_3, basketBallType) := true
  objectType(remoteControl_4, remoteControlType) := true
  objectType(kettle_5, kettleType) := true
  objectType(basketBall_6, basketBallType) := true
  objectType(glassbottle_7, glassbottleType) := true
  objectType(book_8, bookType) := true
  objectType(kettle_9, kettleType) := true
  objectType(box_10, boxType) := true
  canContain(deskType, basketBallType) := true
  canContain(deskType, remoteControlType) := true
  canContain(deskType, glassbottleType) := true
  canContain(deskType, bookType) := true
  canContain(deskType, boxType) := true
  canContain(stoveBurnerType, kettleType) := true
  canContain(sofaType, basketBallType) := true
  canContain(sofaType, remoteControlType) := true
  canContain(sofaType, bookType) := true
  canContain(sofaType, boxType) := true
  canContain(bedType, basketBallType) := true
  canContain(bedType, baseballBatType) := true
  canContain(bedType, bookType) := true
  pickupable(basketBall_1) := true
  pickupable(baseballBat_2) := true
  pickupable(basketBall_3) := true
  pickupable(remoteControl_4) := true
  pickupable(kettle_5) := true
  cleanable(kettle_5) := true
  pickupable(basketBall_6) := true
  pickupable(glassbottle_7) := true
  pickupable(book_8) := true
  pickupable(kettle_9) := true
  cleanable(kettle_9) := true
  pickupable(box_10) := true
  isReceptacleObject(box_10) := true
  receptacleAtLocation(desk_1, location1) := true
  receptacleAtLocation(toaster_2, location3) := true
  receptacleAtLocation(stoveBurner_3, location5) := true
  receptacleAtLocation(stoveBurner_4, location4) := true
  receptacleAtLocation(stoveBurner_5, location6) := true
  receptacleAtLocation(sofa_6, location2) := true
  receptacleAtLocation(bed_7, location1) := true
  receptacleAtLocation(toaster_8, location5) := true
  receptacleAtLocation(coffeeMachine_9, location6) := true
  receptacleAtLocation(sofa_10, location9) := true
  inReceptacle(remoteControl_4, desk_1) := true
  inReceptacle(kettle_5, stoveBurner_4) := true
  objectAtLocation(basketBall_1, location4) := true
  objectAtLocation(baseballBat_2, location5) := true
  objectAtLocation(basketBall_3, location5) := true
  objectAtLocation(remoteControl_4, location1) := true
  objectAtLocation(kettle_5, location4) := true
  objectAtLocation(basketBall_6, location5) := true
  objectAtLocation(glassbottle_7, location6) := true
  objectAtLocation(book_8, location2) := true
  objectAtLocation(kettle_9, location8) := true
  objectAtLocation(box_10, location6) := true
  atLocation(agent1, location7) := true
]

goals = [
  Exists (Receptacle - Checkable r) Exists (Obj - Checkable o) (inReceptacle(o, r) and objectType(o, basketBallType) and receptacleType(r, sofaType))
]

quality metrics = [
  minimize sequential-plan-length
]


2025-06-17 09:54:50,285 - INFO - Generating plan for unconstrained problem

2025-06-17 09:54:50,670 - INFO - Unconstrained plan generation time: 0.3850557804107666

