2025-06-17 11:19:00,167 - INFO - 
================= Seed: 162 =================

2025-06-17 11:19:00,167 - INFO - problem name = alfred

types = [ReceptacleType, ObjectType, Checkable, Agent - Checkable, Location - Checkable, Receptacle - Checkable, Obj - Checkable]

fluents = [
  bool atLocation[a=Agent - Checkable, l=Location - Checkable]
  bool receptacleAtLocation[r=Receptacle - Checkable, l=Location - Checkable]
  bool objectAtLocation[o=Obj - Checkable, l=Location - Checkable]
  bool openable[r=Receptacle - Checkable]
  bool opened[r=Receptacle - Checkable]
  bool inReceptacle[o=Obj - Checkable, r=Receptacle - Checkable]
  bool isReceptacleObject[o=Obj - Checkable]
  bool inReceptacleObject[innerObject=Obj - Checkable, outObject=Obj - Checkable]
  bool isReceptacleObjectFull[o=Obj - Checkable]
  bool wasInReceptacle[o=Obj - Checkable, r=Receptacle - Checkable]
  bool checked[c=Checkable]
  bool examined[l=Location - Checkable]
  bool receptacleType[r=Receptacle - Checkable, rt=ReceptacleType]
  bool canContain[rt=ReceptacleType, ot=ObjectType]
  bool objectType[o=Obj - Checkable, t=ObjectType]
  bool holds[a=Agent - Checkable, o=Obj - Checkable]
  bool holdsAny[a=Agent - Checkable]
  bool holdsAnyReceptacleObject[a=Agent - Checkable]
  bool full[r=Receptacle - Checkable]
  bool isClean[o=Obj - Checkable]
  bool cleanable[o=Obj - Checkable]
  bool isHot[o=Obj - Checkable]
  bool heatable[o=Obj - Checkable]
  bool isCool[o=Obj - Checkable]
  bool coolable[o=Obj - Checkable]
  bool pickupable[o=Obj - Checkable]
  bool moveable[o=Obj - Checkable]
  bool toggleable[o=Obj - Checkable]
  bool isOn[o=Obj - Checkable]
  bool isToggled[o=Obj - Checkable]
  bool sliceable[o=Obj - Checkable]
  bool isSliced[o=Obj - Checkable]
]

actions = [
  action look(Agent - Checkable a, Location - Checkable l) {
    preconditions = [
      atLocation(a, l)
    ]
    effects = [
      checked(l) := true
    ]
  }
  action inventory(Agent - Checkable a) {
    preconditions = [
    ]
    effects = [
      checked(a) := true
    ]
  }
  action examineReceptacle(Agent - Checkable a, Receptacle - Checkable r) {
    preconditions = [
      Exists (Location - Checkable l) (atLocation(a, l) and receptacleAtLocation(r, l))
    ]
    effects = [
      checked(r) := true
    ]
  }
  action examineObject(Agent - Checkable a, Obj - Checkable o) {
    preconditions = [
      (Exists (Location - Checkable l) Exists (Receptacle - Checkable r) (atLocation(a, l) and receptacleAtLocation(r, l) and inReceptacle(o, r) and ((not openable(r)) or opened(r))) or holds(a, o))
    ]
    effects = [
      checked(o) := true
    ]
  }
  action goToLocation(Agent - Checkable a, Location - Checkable lstart, Location - Checkable lend) {
    preconditions = [
      atLocation(a, lstart)
    ]
    effects = [
      atLocation(a, lstart) := false
      atLocation(a, lend) := true
    ]
  }
  action openObject(Agent - Checkable a, Location - Checkable l, Receptacle - Checkable r) {
    preconditions = [
      (openable(r) and atLocation(a, l) and receptacleAtLocation(r, l) and (not opened(r)))
    ]
    effects = [
      opened(r) := true
      checked(r) := true
    ]
  }
  action closeObject(Agent - Checkable a, Location - Checkable l, Receptacle - Checkable r) {
    preconditions = [
      (openable(r) and atLocation(a, l) and receptacleAtLocation(r, l) and opened(r))
    ]
    effects = [
      opened(r) := false
    ]
  }
  action pickupObject(Agent - Checkable a, Location - Checkable l, Obj - Checkable o, Receptacle - Checkable r) {
    preconditions = [
      (pickupable(o) and atLocation(a, l) and receptacleAtLocation(r, l) and inReceptacle(o, r) and (not holdsAny(a)) and ((not openable(r)) or opened(r)))
    ]
    effects = [
      inReceptacle(o, r) := false
      holds(a, o) := true
      holdsAny(a) := true
      objectAtLocation(o, l) := false
    ]
  }
  action putObject(Agent - Checkable a, Location - Checkable l, Obj - Checkable o, Receptacle - Checkable r, ObjectType ot, ReceptacleType rt) {
    preconditions = [
      (holds(a, o) and atLocation(a, l) and receptacleAtLocation(r, l) and ((not openable(r)) or opened(r)) and objectType(o, ot) and receptacleType(r, rt) and canContain(rt, ot))
    ]
    effects = [
      inReceptacle(o, r) := true
      objectAtLocation(o, l) := true
      holds(a, o) := false
      holdsAny(a) := false
    ]
  }
  action cleanObject(Agent - Checkable a, Location - Checkable l, Receptacle - Checkable r, Obj - Checkable o) {
    preconditions = [
      (cleanable(o) and receptacleType(r, sinkBasinType) and atLocation(a, l) and receptacleAtLocation(r, l) and holds(a, o))
    ]
    effects = [
      isClean(o) := true
    ]
  }
  action heatObject(Agent - Checkable a, Location - Checkable l, Receptacle - Checkable r, Obj - Checkable o) {
    preconditions = [
      (heatable(o) and receptacleType(r, microwaveType) and atLocation(a, l) and receptacleAtLocation(r, l) and holds(a, o))
    ]
    effects = [
      isHot(o) := true
      isCool(o) := false
    ]
  }
  action coolObject(Agent - Checkable a, Location - Checkable l, Receptacle - Checkable r, Obj - Checkable o) {
    preconditions = [
      (coolable(o) and receptacleType(r, fridgeType) and atLocation(a, l) and receptacleAtLocation(r, l) and holds(a, o))
    ]
    effects = [
      isCool(o) := true
      isHot(o) := false
    ]
  }
  action toggleObject(Agent - Checkable a, Location - Checkable l, Obj - Checkable o, Receptacle - Checkable r) {
    preconditions = [
      (toggleable(o) and atLocation(a, l) and receptacleAtLocation(r, l) and inReceptacle(o, r))
    ]
    effects = [
      if isOn(o) then isOn(o) := false
      if (not isOn(o)) then isOn(o) := true
      isToggled(o) := true
    ]
  }
  action sliceObject(Agent - Checkable a, Location - Checkable l, Obj - Checkable co, Obj - Checkable ko) {
    preconditions = [
      (sliceable(co) and (objectType(ko, knifeType) or objectType(ko, butterKnifeType)) and atLocation(a, l) and objectAtLocation(co, l) and holds(a, ko))
    ]
    effects = [
      isSliced(co) := true
    ]
  }
  action help(Agent - Checkable a) {
    preconditions = [
    ]
    effects = [
      checked(a) := true
    ]
  }
]

objects = [
  ReceptacleType: [sinkBasinType, microwaveType, fridgeType, drawerType, ottomanType, tvStandType, toiletType, counterTopType, towelHolderType, coffeeTableType, toiletPaperHangerType, laundryHamperType]
  ObjectType: [knifeType, butterKnifeType, eggType, plateType, kettleType, baseballBatType, vaseType, boxType, mugType, wateringCanType, candleType]
  Checkable: [agent1, location1, location2, location3, location4, location5, location6, location7, location8, location9, location10, drawer_1, ottoman_2, tvStand_3, toilet_4, counterTop_5, towelHolder_6, counterTop_7, coffeeTable_8, toiletPaperHanger_9, laundryHamper_10, microwave_11, fridge_12, egg_1, plate_2, kettle_3, baseballBat_4, vase_5, box_6, mug_7, wateringCan_8, candle_9, mug_10]
  Agent - Checkable: [agent1]
  Location - Checkable: [location1, location2, location3, location4, location5, location6, location7, location8, location9, location10]
  Receptacle - Checkable: [drawer_1, ottoman_2, tvStand_3, toilet_4, counterTop_5, towelHolder_6, counterTop_7, coffeeTable_8, toiletPaperHanger_9, laundryHamper_10, microwave_11, fridge_12]
  Obj - Checkable: [egg_1, plate_2, kettle_3, baseballBat_4, vase_5, box_6, mug_7, wateringCan_8, candle_9, mug_10]
]

initial fluents default = [
  bool atLocation[a=Agent - Checkable, l=Location - Checkable] := false
  bool receptacleAtLocation[r=Receptacle - Checkable, l=Location - Checkable] := false
  bool objectAtLocation[o=Obj - Checkable, l=Location - Checkable] := false
  bool openable[r=Receptacle - Checkable] := false
  bool opened[r=Receptacle - Checkable] := false
  bool inReceptacle[o=Obj - Checkable, r=Receptacle - Checkable] := false
  bool isReceptacleObject[o=Obj - Checkable] := false
  bool inReceptacleObject[innerObject=Obj - Checkable, outObject=Obj - Checkable] := false
  bool isReceptacleObjectFull[o=Obj - Checkable] := false
  bool wasInReceptacle[o=Obj - Checkable, r=Receptacle - Checkable] := false
  bool checked[c=Checkable] := false
  bool examined[l=Location - Checkable] := false
  bool receptacleType[r=Receptacle - Checkable, rt=ReceptacleType] := false
  bool canContain[rt=ReceptacleType, ot=ObjectType] := false
  bool objectType[o=Obj - Checkable, t=ObjectType] := false
  bool holds[a=Agent - Checkable, o=Obj - Checkable] := false
  bool holdsAny[a=Agent - Checkable] := false
  bool holdsAnyReceptacleObject[a=Agent - Checkable] := false
  bool full[r=Receptacle - Checkable] := false
  bool isClean[o=Obj - Checkable] := false
  bool cleanable[o=Obj - Checkable] := false
  bool isHot[o=Obj - Checkable] := false
  bool heatable[o=Obj - Checkable] := false
  bool isCool[o=Obj - Checkable] := false
  bool coolable[o=Obj - Checkable] := false
  bool pickupable[o=Obj - Checkable] := false
  bool moveable[o=Obj - Checkable] := false
  bool toggleable[o=Obj - Checkable] := false
  bool isOn[o=Obj - Checkable] := false
  bool isToggled[o=Obj - Checkable] := false
  bool sliceable[o=Obj - Checkable] := false
  bool isSliced[o=Obj - Checkable] := false
]

initial values = [
  receptacleType(drawer_1, drawerType) := true
  receptacleType(ottoman_2, ottomanType) := true
  receptacleType(tvStand_3, tvStandType) := true
  receptacleType(toilet_4, toiletType) := true
  receptacleType(counterTop_5, counterTopType) := true
  receptacleType(towelHolder_6, towelHolderType) := true
  receptacleType(counterTop_7, counterTopType) := true
  receptacleType(coffeeTable_8, coffeeTableType) := true
  receptacleType(toiletPaperHanger_9, toiletPaperHangerType) := true
  receptacleType(laundryHamper_10, laundryHamperType) := true
  receptacleType(microwave_11, microwaveType) := true
  receptacleType(fridge_12, fridgeType) := true
  objectType(egg_1, eggType) := true
  objectType(plate_2, plateType) := true
  objectType(kettle_3, kettleType) := true
  objectType(baseballBat_4, baseballBatType) := true
  objectType(vase_5, vaseType) := true
  objectType(box_6, boxType) := true
  objectType(mug_7, mugType) := true
  objectType(wateringCan_8, wateringCanType) := true
  objectType(candle_9, candleType) := true
  objectType(mug_10, mugType) := true
  canContain(drawerType, wateringCanType) := true
  canContain(drawerType, candleType) := true
  canContain(ottomanType, boxType) := true
  canContain(toiletType, candleType) := true
  canContain(counterTopType, eggType) := true
  canContain(counterTopType, plateType) := true
  canContain(counterTopType, kettleType) := true
  canContain(counterTopType, baseballBatType) := true
  canContain(counterTopType, vaseType) := true
  canContain(counterTopType, boxType) := true
  canContain(counterTopType, mugType) := true
  canContain(counterTopType, wateringCanType) := true
  canContain(counterTopType, candleType) := true
  canContain(coffeeTableType, eggType) := true
  canContain(coffeeTableType, plateType) := true
  canContain(coffeeTableType, kettleType) := true
  canContain(coffeeTableType, baseballBatType) := true
  canContain(coffeeTableType, vaseType) := true
  canContain(coffeeTableType, boxType) := true
  canContain(coffeeTableType, mugType) := true
  canContain(coffeeTableType, wateringCanType) := true
  canContain(coffeeTableType, candleType) := true
  canContain(microwaveType, eggType) := true
  canContain(microwaveType, plateType) := true
  canContain(microwaveType, mugType) := true
  canContain(fridgeType, eggType) := true
  canContain(fridgeType, plateType) := true
  canContain(fridgeType, mugType) := true
  pickupable(egg_1) := true
  cleanable(egg_1) := true
  heatable(egg_1) := true
  coolable(egg_1) := true
  sliceable(egg_1) := true
  pickupable(plate_2) := true
  isReceptacleObject(plate_2) := true
  cleanable(plate_2) := true
  heatable(plate_2) := true
  coolable(plate_2) := true
  pickupable(kettle_3) := true
  cleanable(kettle_3) := true
  pickupable(baseballBat_4) := true
  pickupable(vase_5) := true
  pickupable(box_6) := true
  isReceptacleObject(box_6) := true
  pickupable(mug_7) := true
  isReceptacleObject(mug_7) := true
  cleanable(mug_7) := true
  heatable(mug_7) := true
  coolable(mug_7) := true
  pickupable(wateringCan_8) := true
  pickupable(candle_9) := true
  pickupable(mug_10) := true
  isReceptacleObject(mug_10) := true
  cleanable(mug_10) := true
  heatable(mug_10) := true
  coolable(mug_10) := true
  receptacleAtLocation(drawer_1, location10) := true
  receptacleAtLocation(ottoman_2, location1) := true
  receptacleAtLocation(tvStand_3, location5) := true
  receptacleAtLocation(toilet_4, location2) := true
  receptacleAtLocation(counterTop_5, location3) := true
  receptacleAtLocation(towelHolder_6, location7) := true
  receptacleAtLocation(counterTop_7, location8) := true
  receptacleAtLocation(coffeeTable_8, location1) := true
  receptacleAtLocation(toiletPaperHanger_9, location1) := true
  receptacleAtLocation(laundryHamper_10, location4) := true
  receptacleAtLocation(microwave_11, location3) := true
  receptacleAtLocation(fridge_12, location9) := true
  inReceptacle(egg_1, coffeeTable_8) := true
  inReceptacle(plate_2, counterTop_5) := true
  inReceptacle(kettle_3, counterTop_5) := true
  inReceptacle(baseballBat_4, counterTop_7) := true
  inReceptacle(vase_5, counterTop_5) := true
  inReceptacle(box_6, counterTop_7) := true
  inReceptacle(mug_7, microwave_11) := true
  inReceptacle(wateringCan_8, drawer_1) := true
  inReceptacle(candle_9, counterTop_5) := true
  inReceptacle(mug_10, fridge_12) := true
  objectAtLocation(egg_1, location1) := true
  objectAtLocation(plate_2, location3) := true
  objectAtLocation(kettle_3, location3) := true
  objectAtLocation(baseballBat_4, location8) := true
  objectAtLocation(vase_5, location3) := true
  objectAtLocation(box_6, location8) := true
  objectAtLocation(mug_7, location3) := true
  objectAtLocation(wateringCan_8, location10) := true
  objectAtLocation(candle_9, location3) := true
  objectAtLocation(mug_10, location9) := true
  atLocation(agent1, location1) := true
]

goals = [
  Exists (Receptacle - Checkable r) Exists (Obj - Checkable o) (coolable(o) and objectType(o, mugType) and receptacleType(r, counterTopType) and isCool(o) and inReceptacle(o, r))
]

quality metrics = [
  minimize sequential-plan-length
]


2025-06-17 11:19:00,169 - INFO - Generating plan for unconstrained problem

2025-06-17 11:19:00,611 - INFO - Unconstrained plan generation time: 0.44115233421325684

2025-06-17 11:19:00,611 - INFO - Unconstrained plan and cost: 
2025-06-17 11:19:00,611 - INFO - SequentialPlan:
    goToLocation(agent1, location1, location9)
    pickupObject(agent1, location9, mug_10, fridge_12)
    coolObject(agent1, location9, fridge_12, mug_10)
    goToLocation(agent1, location9, location3)
    putObject(agent1, location3, mug_10, counterTop_5, mugType, counterTopType)
2025-06-17 11:19:00,611 - INFO - 5
2025-06-17 11:19:00,916 - INFO - Sampled constraints:

2025-06-17 11:19:00,916 - INFO - Sometime(atLocation(agent1, location3))
2025-06-17 11:19:00,916 - INFO - Sometime-Before(atLocation(agent1, location3), (atLocation(agent1, location7) or checked(location4)))
2025-06-17 11:19:00,916 - INFO - 
2025-06-17 11:19:00,916 - INFO - Generation time: 0.3048110008239746

2025-06-17 11:19:00,917 - INFO - Generating plan for constrained problem (with LiftedTCORE).

2025-06-17 11:19:00,972 - INFO - LiftedTCORE compilation time: 0.054962873458862305

2025-06-17 11:19:01,449 - INFO - Planning Time with LiftedTCORE's file: 0.4767887592315674

2025-06-17 11:19:01,449 - INFO - Plan found with LiftedTCORE + sym_bd: SequentialPlan:
    goToLocation(agent1, location1, location7)
    goToLocation(agent1, location7, location9)
    pickupObject(agent1, location9, mug_10, fridge_12)
    coolObject(agent1, location9, fridge_12, mug_10)
    goToLocation(agent1, location9, location3)
    putObject(agent1, location3, mug_10, counterTop_5, mugType, counterTopType)
2025-06-17 11:19:01,450 - INFO - Seed: 162 is solvable

2025-06-17 11:19:01,450 - INFO - Unconstrained cost: 5
2025-06-17 11:19:01,450 - INFO - Constrained cost: 6
2025-06-17 11:19:01,450 - INFO - Seed: 162 Plan simulation is feasible
2025-06-17 11:19:01,450 - INFO - 
Seed: 162 
 Plan: [goToLocation(agent1, location1, location7), goToLocation(agent1, location7, location9), pickupObject(agent1, location9, mug_10, fridge_12), coolObject(agent1, location9, fridge_12, mug_10), goToLocation(agent1, location9, location3), putObject(agent1, location3, mug_10, counterTop_5, mugType, counterTopType)]  
 Cost: 6

