2025-06-17 09:56:33,464 - INFO - 
================= Seed: 517 =================

2025-06-17 09:56:33,471 - INFO - problem name = alfred

types = [ReceptacleType, ObjectType, Checkable, Agent - Checkable, Location - Checkable, Receptacle - Checkable, Obj - Checkable]

fluents = [
  bool atLocation[a=Agent - Checkable, l=Location - Checkable]
  bool receptacleAtLocation[r=Receptacle - Checkable, l=Location - Checkable]
  bool objectAtLocation[o=Obj - Checkable, l=Location - Checkable]
  bool openable[r=Receptacle - Checkable]
  bool opened[r=Receptacle - Checkable]
  bool inReceptacle[o=Obj - Checkable, r=Receptacle - Checkable]
  bool isReceptacleObject[o=Obj - Checkable]
  bool inReceptacleObject[innerObject=Obj - Checkable, outObject=Obj - Checkable]
  bool isReceptacleObjectFull[o=Obj - Checkable]
  bool wasInReceptacle[o=Obj - Checkable, r=Receptacle - Checkable]
  bool checked[c=Checkable]
  bool examined[l=Location - Checkable]
  bool receptacleType[r=Receptacle - Checkable, rt=ReceptacleType]
  bool canContain[rt=ReceptacleType, ot=ObjectType]
  bool objectType[o=Obj - Checkable, t=ObjectType]
  bool holds[a=Agent - Checkable, o=Obj - Checkable]
  bool holdsAny[a=Agent - Checkable]
  bool holdsAnyReceptacleObject[a=Agent - Checkable]
  bool full[r=Receptacle - Checkable]
  bool isClean[o=Obj - Checkable]
  bool cleanable[o=Obj - Checkable]
  bool isHot[o=Obj - Checkable]
  bool heatable[o=Obj - Checkable]
  bool isCool[o=Obj - Checkable]
  bool coolable[o=Obj - Checkable]
  bool pickupable[o=Obj - Checkable]
  bool moveable[o=Obj - Checkable]
  bool toggleable[o=Obj - Checkable]
  bool isOn[o=Obj - Checkable]
  bool isToggled[o=Obj - Checkable]
  bool sliceable[o=Obj - Checkable]
  bool isSliced[o=Obj - Checkable]
]

actions = [
  action look(Agent - Checkable a, Location - Checkable l) {
    preconditions = [
      atLocation(a, l)
    ]
    effects = [
      checked(l) := true
    ]
  }
  action inventory(Agent - Checkable a) {
    preconditions = [
    ]
    effects = [
      checked(a) := true
    ]
  }
  action examineReceptacle(Agent - Checkable a, Receptacle - Checkable r) {
    preconditions = [
      Exists (Location - Checkable l) (atLocation(a, l) and receptacleAtLocation(r, l))
    ]
    effects = [
      checked(r) := true
    ]
  }
  action examineObject(Agent - Checkable a, Obj - Checkable o) {
    preconditions = [
      (Exists (Location - Checkable l) Exists (Receptacle - Checkable r) (atLocation(a, l) and receptacleAtLocation(r, l) and inReceptacle(o, r) and ((not openable(r)) or opened(r))) or holds(a, o))
    ]
    effects = [
      checked(o) := true
    ]
  }
  action goToLocation(Agent - Checkable a, Location - Checkable lstart, Location - Checkable lend) {
    preconditions = [
      atLocation(a, lstart)
    ]
    effects = [
      atLocation(a, lstart) := false
      atLocation(a, lend) := true
    ]
  }
  action openObject(Agent - Checkable a, Location - Checkable l, Receptacle - Checkable r) {
    preconditions = [
      (openable(r) and atLocation(a, l) and receptacleAtLocation(r, l) and (not opened(r)))
    ]
    effects = [
      opened(r) := true
      checked(r) := true
    ]
  }
  action closeObject(Agent - Checkable a, Location - Checkable l, Receptacle - Checkable r) {
    preconditions = [
      (openable(r) and atLocation(a, l) and receptacleAtLocation(r, l) and opened(r))
    ]
    effects = [
      opened(r) := false
    ]
  }
  action pickupObject(Agent - Checkable a, Location - Checkable l, Obj - Checkable o, Receptacle - Checkable r) {
    preconditions = [
      (pickupable(o) and atLocation(a, l) and receptacleAtLocation(r, l) and inReceptacle(o, r) and (not holdsAny(a)) and ((not openable(r)) or opened(r)))
    ]
    effects = [
      inReceptacle(o, r) := false
      holds(a, o) := true
      holdsAny(a) := true
      objectAtLocation(o, l) := false
    ]
  }
  action putObject(Agent - Checkable a, Location - Checkable l, Obj - Checkable o, Receptacle - Checkable r, ObjectType ot, ReceptacleType rt) {
    preconditions = [
      (holds(a, o) and atLocation(a, l) and receptacleAtLocation(r, l) and ((not openable(r)) or opened(r)) and objectType(o, ot) and receptacleType(r, rt) and canContain(rt, ot))
    ]
    effects = [
      inReceptacle(o, r) := true
      objectAtLocation(o, l) := true
      holds(a, o) := false
      holdsAny(a) := false
    ]
  }
  action cleanObject(Agent - Checkable a, Location - Checkable l, Receptacle - Checkable r, Obj - Checkable o) {
    preconditions = [
      (cleanable(o) and receptacleType(r, sinkBasinType) and atLocation(a, l) and receptacleAtLocation(r, l) and holds(a, o))
    ]
    effects = [
      isClean(o) := true
    ]
  }
  action heatObject(Agent - Checkable a, Location - Checkable l, Receptacle - Checkable r, Obj - Checkable o) {
    preconditions = [
      (heatable(o) and receptacleType(r, microwaveType) and atLocation(a, l) and receptacleAtLocation(r, l) and holds(a, o))
    ]
    effects = [
      isHot(o) := true
      isCool(o) := false
    ]
  }
  action coolObject(Agent - Checkable a, Location - Checkable l, Receptacle - Checkable r, Obj - Checkable o) {
    preconditions = [
      (coolable(o) and receptacleType(r, fridgeType) and atLocation(a, l) and receptacleAtLocation(r, l) and holds(a, o))
    ]
    effects = [
      isCool(o) := true
      isHot(o) := false
    ]
  }
  action toggleObject(Agent - Checkable a, Location - Checkable l, Obj - Checkable o, Receptacle - Checkable r) {
    preconditions = [
      (toggleable(o) and atLocation(a, l) and receptacleAtLocation(r, l) and inReceptacle(o, r))
    ]
    effects = [
      if isOn(o) then isOn(o) := false
      if (not isOn(o)) then isOn(o) := true
      isToggled(o) := true
    ]
  }
  action sliceObject(Agent - Checkable a, Location - Checkable l, Obj - Checkable co, Obj - Checkable ko) {
    preconditions = [
      (sliceable(co) and (objectType(ko, knifeType) or objectType(ko, butterKnifeType)) and atLocation(a, l) and objectAtLocation(co, l) and holds(a, ko))
    ]
    effects = [
      isSliced(co) := true
    ]
  }
  action help(Agent - Checkable a) {
    preconditions = [
    ]
    effects = [
      checked(a) := true
    ]
  }
]

objects = [
  ReceptacleType: [sinkBasinType, microwaveType, fridgeType, deskType, coffeeTableType, dresserType, sofaType, diningTableType, cartType, counterTopType, laundryHamperType]
  ObjectType: [knifeType, butterKnifeType, creditCardType, newspaperType, lettuceType, sprayBottleType, pepperShakerType, pillowType, tomatoType, bookType, plateType]
  Checkable: [agent1, location1, location2, location3, location4, location5, location6, location7, location8, location9, location10, desk_1, coffeeTable_2, dresser_3, sofa_4, diningTable_5, cart_6, counterTop_7, laundryHamper_8, coffeeTable_9, desk_10, creditCard_1, newspaper_2, lettuce_3, sprayBottle_4, pepperShaker_5, pillow_6, tomato_7, knife_8, book_9, plate_10]
  Agent - Checkable: [agent1]
  Location - Checkable: [location1, location2, location3, location4, location5, location6, location7, location8, location9, location10]
  Receptacle - Checkable: [desk_1, coffeeTable_2, dresser_3, sofa_4, diningTable_5, cart_6, counterTop_7, laundryHamper_8, coffeeTable_9, desk_10]
  Obj - Checkable: [creditCard_1, newspaper_2, lettuce_3, sprayBottle_4, pepperShaker_5, pillow_6, tomato_7, knife_8, book_9, plate_10]
]

initial fluents default = [
  bool atLocation[a=Agent - Checkable, l=Location - Checkable] := false
  bool receptacleAtLocation[r=Receptacle - Checkable, l=Location - Checkable] := false
  bool objectAtLocation[o=Obj - Checkable, l=Location - Checkable] := false
  bool openable[r=Receptacle - Checkable] := false
  bool opened[r=Receptacle - Checkable] := false
  bool inReceptacle[o=Obj - Checkable, r=Receptacle - Checkable] := false
  bool isReceptacleObject[o=Obj - Checkable] := false
  bool inReceptacleObject[innerObject=Obj - Checkable, outObject=Obj - Checkable] := false
  bool isReceptacleObjectFull[o=Obj - Checkable] := false
  bool wasInReceptacle[o=Obj - Checkable, r=Receptacle - Checkable] := false
  bool checked[c=Checkable] := false
  bool examined[l=Location - Checkable] := false
  bool receptacleType[r=Receptacle - Checkable, rt=ReceptacleType] := false
  bool canContain[rt=ReceptacleType, ot=ObjectType] := false
  bool objectType[o=Obj - Checkable, t=ObjectType] := false
  bool holds[a=Agent - Checkable, o=Obj - Checkable] := false
  bool holdsAny[a=Agent - Checkable] := false
  bool holdsAnyReceptacleObject[a=Agent - Checkable] := false
  bool full[r=Receptacle - Checkable] := false
  bool isClean[o=Obj - Checkable] := false
  bool cleanable[o=Obj - Checkable] := false
  bool isHot[o=Obj - Checkable] := false
  bool heatable[o=Obj - Checkable] := false
  bool isCool[o=Obj - Checkable] := false
  bool coolable[o=Obj - Checkable] := false
  bool pickupable[o=Obj - Checkable] := false
  bool moveable[o=Obj - Checkable] := false
  bool toggleable[o=Obj - Checkable] := false
  bool isOn[o=Obj - Checkable] := false
  bool isToggled[o=Obj - Checkable] := false
  bool sliceable[o=Obj - Checkable] := false
  bool isSliced[o=Obj - Checkable] := false
]

initial values = [
  receptacleType(desk_1, deskType) := true
  receptacleType(coffeeTable_2, coffeeTableType) := true
  receptacleType(dresser_3, dresserType) := true
  receptacleType(sofa_4, sofaType) := true
  receptacleType(diningTable_5, diningTableType) := true
  receptacleType(cart_6, cartType) := true
  receptacleType(counterTop_7, counterTopType) := true
  receptacleType(laundryHamper_8, laundryHamperType) := true
  receptacleType(coffeeTable_9, coffeeTableType) := true
  receptacleType(desk_10, deskType) := true
  objectType(creditCard_1, creditCardType) := true
  objectType(newspaper_2, newspaperType) := true
  objectType(lettuce_3, lettuceType) := true
  objectType(sprayBottle_4, sprayBottleType) := true
  objectType(pepperShaker_5, pepperShakerType) := true
  objectType(pillow_6, pillowType) := true
  objectType(tomato_7, tomatoType) := true
  objectType(knife_8, knifeType) := true
  objectType(book_9, bookType) := true
  objectType(plate_10, plateType) := true
  canContain(deskType, creditCardType) := true
  canContain(deskType, newspaperType) := true
  canContain(deskType, sprayBottleType) := true
  canContain(deskType, bookType) := true
  canContain(deskType, plateType) := true
  canContain(coffeeTableType, creditCardType) := true
  canContain(coffeeTableType, newspaperType) := true
  canContain(coffeeTableType, lettuceType) := true
  canContain(coffeeTableType, sprayBottleType) := true
  canContain(coffeeTableType, pepperShakerType) := true
  canContain(coffeeTableType, tomatoType) := true
  canContain(coffeeTableType, knifeType) := true
  canContain(coffeeTableType, bookType) := true
  canContain(coffeeTableType, plateType) := true
  canContain(dresserType, creditCardType) := true
  canContain(dresserType, newspaperType) := true
  canContain(dresserType, sprayBottleType) := true
  canContain(dresserType, bookType) := true
  canContain(dresserType, plateType) := true
  canContain(sofaType, creditCardType) := true
  canContain(sofaType, newspaperType) := true
  canContain(sofaType, pillowType) := true
  canContain(sofaType, bookType) := true
  canContain(diningTableType, creditCardType) := true
  canContain(diningTableType, newspaperType) := true
  canContain(diningTableType, lettuceType) := true
  canContain(diningTableType, sprayBottleType) := true
  canContain(diningTableType, pepperShakerType) := true
  canContain(diningTableType, tomatoType) := true
  canContain(diningTableType, knifeType) := true
  canContain(diningTableType, bookType) := true
  canContain(diningTableType, plateType) := true
  canContain(cartType, sprayBottleType) := true
  canContain(counterTopType, creditCardType) := true
  canContain(counterTopType, newspaperType) := true
  canContain(counterTopType, lettuceType) := true
  canContain(counterTopType, sprayBottleType) := true
  canContain(counterTopType, pepperShakerType) := true
  canContain(counterTopType, tomatoType) := true
  canContain(counterTopType, knifeType) := true
  canContain(counterTopType, bookType) := true
  canContain(counterTopType, plateType) := true
  pickupable(creditCard_1) := true
  pickupable(newspaper_2) := true
  pickupable(lettuce_3) := true
  cleanable(lettuce_3) := true
  coolable(lettuce_3) := true
  sliceable(lettuce_3) := true
  pickupable(sprayBottle_4) := true
  pickupable(pepperShaker_5) := true
  pickupable(pillow_6) := true
  pickupable(tomato_7) := true
  cleanable(tomato_7) := true
  heatable(tomato_7) := true
  coolable(tomato_7) := true
  sliceable(tomato_7) := true
  pickupable(knife_8) := true
  cleanable(knife_8) := true
  pickupable(book_9) := true
  pickupable(plate_10) := true
  isReceptacleObject(plate_10) := true
  cleanable(plate_10) := true
  heatable(plate_10) := true
  coolable(plate_10) := true
  receptacleAtLocation(desk_1, location5) := true
  receptacleAtLocation(coffeeTable_2, location1) := true
  receptacleAtLocation(dresser_3, location7) := true
  receptacleAtLocation(sofa_4, location4) := true
  receptacleAtLocation(diningTable_5, location1) := true
  receptacleAtLocation(cart_6, location4) := true
  receptacleAtLocation(counterTop_7, location10) := true
  receptacleAtLocation(laundryHamper_8, location7) := true
  receptacleAtLocation(coffeeTable_9, location5) := true
  receptacleAtLocation(desk_10, location7) := true
  inReceptacle(creditCard_1, diningTable_5) := true
  inReceptacle(newspaper_2, coffeeTable_2) := true
  inReceptacle(tomato_7, coffeeTable_2) := true
  inReceptacle(book_9, coffeeTable_2) := true
  inReceptacle(plate_10, counterTop_7) := true
  objectAtLocation(creditCard_1, location1) := true
  objectAtLocation(newspaper_2, location1) := true
  objectAtLocation(lettuce_3, location4) := true
  objectAtLocation(sprayBottle_4, location3) := true
  objectAtLocation(pepperShaker_5, location7) := true
  objectAtLocation(pillow_6, location4) := true
  objectAtLocation(tomato_7, location1) := true
  objectAtLocation(knife_8, location2) := true
  objectAtLocation(book_9, location1) := true
  objectAtLocation(plate_10, location10) := true
  atLocation(agent1, location3) := true
]

goals = [
  Exists (Receptacle - Checkable r) Exists (Obj - Checkable o) (inReceptacle(o, r) and objectType(o, bookType) and receptacleType(r, deskType))
]

quality metrics = [
  minimize sequential-plan-length
]


2025-06-17 09:56:33,475 - INFO - Generating plan for unconstrained problem

2025-06-17 09:56:33,958 - INFO - Unconstrained plan generation time: 0.48301243782043457

2025-06-17 09:56:33,958 - INFO - Unconstrained plan and cost: 
2025-06-17 09:56:33,958 - INFO - SequentialPlan:
    goToLocation(agent1, location3, location1)
    pickupObject(agent1, location1, book_9, coffeeTable_2)
    goToLocation(agent1, location1, location5)
    putObject(agent1, location5, book_9, desk_1, bookType, deskType)
2025-06-17 09:56:33,958 - INFO - 4
2025-06-17 09:56:34,283 - INFO - Sampled constraints:

2025-06-17 09:56:34,283 - INFO - Sometime(atLocation(agent1, location1))
2025-06-17 09:56:34,283 - INFO - Sometime-Before(atLocation(agent1, location1), atLocation(agent1, location7))
2025-06-17 09:56:34,283 - INFO - 
2025-06-17 09:56:34,283 - INFO - Generation time: 0.32440805435180664

2025-06-17 09:56:34,291 - INFO - Generating plan for constrained problem (with LiftedTCORE).

2025-06-17 09:56:34,339 - INFO - LiftedTCORE compilation time: 0.04766559600830078

2025-06-17 09:56:34,841 - INFO - Planning Time with LiftedTCORE's file: 0.49416160583496094

2025-06-17 09:56:34,841 - INFO - Plan found with LiftedTCORE + sym_bd: SequentialPlan:
    goToLocation(agent1, location3, location7)
    goToLocation(agent1, location7, location1)
    pickupObject(agent1, location1, book_9, coffeeTable_2)
    goToLocation(agent1, location1, location5)
    putObject(agent1, location5, book_9, desk_1, bookType, deskType)
2025-06-17 09:56:34,841 - INFO - Seed: 517 is solvable

2025-06-17 09:56:34,841 - INFO - Unconstrained cost: 4
2025-06-17 09:56:34,841 - INFO - Constrained cost: 5
2025-06-17 09:56:34,841 - INFO - Seed: 517 Plan simulation is feasible
2025-06-17 09:56:34,841 - INFO - 
Seed: 517 
 Plan: [goToLocation(agent1, location3, location7), goToLocation(agent1, location7, location1), pickupObject(agent1, location1, book_9, coffeeTable_2), goToLocation(agent1, location1, location5), putObject(agent1, location5, book_9, desk_1, bookType, deskType)]  
 Cost: 5

