2025-06-17 09:55:34,352 - INFO - 
================= Seed: 451 =================

2025-06-17 09:55:34,364 - INFO - problem name = alfred

types = [ReceptacleType, ObjectType, Checkable, Agent - Checkable, Location - Checkable, Receptacle - Checkable, Obj - Checkable]

fluents = [
  bool atLocation[a=Agent - Checkable, l=Location - Checkable]
  bool receptacleAtLocation[r=Receptacle - Checkable, l=Location - Checkable]
  bool objectAtLocation[o=Obj - Checkable, l=Location - Checkable]
  bool openable[r=Receptacle - Checkable]
  bool opened[r=Receptacle - Checkable]
  bool inReceptacle[o=Obj - Checkable, r=Receptacle - Checkable]
  bool isReceptacleObject[o=Obj - Checkable]
  bool inReceptacleObject[innerObject=Obj - Checkable, outObject=Obj - Checkable]
  bool isReceptacleObjectFull[o=Obj - Checkable]
  bool wasInReceptacle[o=Obj - Checkable, r=Receptacle - Checkable]
  bool checked[c=Checkable]
  bool examined[l=Location - Checkable]
  bool receptacleType[r=Receptacle - Checkable, rt=ReceptacleType]
  bool canContain[rt=ReceptacleType, ot=ObjectType]
  bool objectType[o=Obj - Checkable, t=ObjectType]
  bool holds[a=Agent - Checkable, o=Obj - Checkable]
  bool holdsAny[a=Agent - Checkable]
  bool holdsAnyReceptacleObject[a=Agent - Checkable]
  bool full[r=Receptacle - Checkable]
  bool isClean[o=Obj - Checkable]
  bool cleanable[o=Obj - Checkable]
  bool isHot[o=Obj - Checkable]
  bool heatable[o=Obj - Checkable]
  bool isCool[o=Obj - Checkable]
  bool coolable[o=Obj - Checkable]
  bool pickupable[o=Obj - Checkable]
  bool moveable[o=Obj - Checkable]
  bool toggleable[o=Obj - Checkable]
  bool isOn[o=Obj - Checkable]
  bool isToggled[o=Obj - Checkable]
  bool sliceable[o=Obj - Checkable]
  bool isSliced[o=Obj - Checkable]
]

actions = [
  action look(Agent - Checkable a, Location - Checkable l) {
    preconditions = [
      atLocation(a, l)
    ]
    effects = [
      checked(l) := true
    ]
  }
  action inventory(Agent - Checkable a) {
    preconditions = [
    ]
    effects = [
      checked(a) := true
    ]
  }
  action examineReceptacle(Agent - Checkable a, Receptacle - Checkable r) {
    preconditions = [
      Exists (Location - Checkable l) (atLocation(a, l) and receptacleAtLocation(r, l))
    ]
    effects = [
      checked(r) := true
    ]
  }
  action examineObject(Agent - Checkable a, Obj - Checkable o) {
    preconditions = [
      (Exists (Location - Checkable l) Exists (Receptacle - Checkable r) (atLocation(a, l) and receptacleAtLocation(r, l) and inReceptacle(o, r) and ((not openable(r)) or opened(r))) or holds(a, o))
    ]
    effects = [
      checked(o) := true
    ]
  }
  action goToLocation(Agent - Checkable a, Location - Checkable lstart, Location - Checkable lend) {
    preconditions = [
      atLocation(a, lstart)
    ]
    effects = [
      atLocation(a, lstart) := false
      atLocation(a, lend) := true
    ]
  }
  action openObject(Agent - Checkable a, Location - Checkable l, Receptacle - Checkable r) {
    preconditions = [
      (openable(r) and atLocation(a, l) and receptacleAtLocation(r, l) and (not opened(r)))
    ]
    effects = [
      opened(r) := true
      checked(r) := true
    ]
  }
  action closeObject(Agent - Checkable a, Location - Checkable l, Receptacle - Checkable r) {
    preconditions = [
      (openable(r) and atLocation(a, l) and receptacleAtLocation(r, l) and opened(r))
    ]
    effects = [
      opened(r) := false
    ]
  }
  action pickupObject(Agent - Checkable a, Location - Checkable l, Obj - Checkable o, Receptacle - Checkable r) {
    preconditions = [
      (pickupable(o) and atLocation(a, l) and receptacleAtLocation(r, l) and inReceptacle(o, r) and (not holdsAny(a)) and ((not openable(r)) or opened(r)))
    ]
    effects = [
      inReceptacle(o, r) := false
      holds(a, o) := true
      holdsAny(a) := true
      objectAtLocation(o, l) := false
    ]
  }
  action putObject(Agent - Checkable a, Location - Checkable l, Obj - Checkable o, Receptacle - Checkable r, ObjectType ot, ReceptacleType rt) {
    preconditions = [
      (holds(a, o) and atLocation(a, l) and receptacleAtLocation(r, l) and ((not openable(r)) or opened(r)) and objectType(o, ot) and receptacleType(r, rt) and canContain(rt, ot))
    ]
    effects = [
      inReceptacle(o, r) := true
      objectAtLocation(o, l) := true
      holds(a, o) := false
      holdsAny(a) := false
    ]
  }
  action cleanObject(Agent - Checkable a, Location - Checkable l, Receptacle - Checkable r, Obj - Checkable o) {
    preconditions = [
      (cleanable(o) and receptacleType(r, sinkBasinType) and atLocation(a, l) and receptacleAtLocation(r, l) and holds(a, o))
    ]
    effects = [
      isClean(o) := true
    ]
  }
  action heatObject(Agent - Checkable a, Location - Checkable l, Receptacle - Checkable r, Obj - Checkable o) {
    preconditions = [
      (heatable(o) and receptacleType(r, microwaveType) and atLocation(a, l) and receptacleAtLocation(r, l) and holds(a, o))
    ]
    effects = [
      isHot(o) := true
      isCool(o) := false
    ]
  }
  action coolObject(Agent - Checkable a, Location - Checkable l, Receptacle - Checkable r, Obj - Checkable o) {
    preconditions = [
      (coolable(o) and receptacleType(r, fridgeType) and atLocation(a, l) and receptacleAtLocation(r, l) and holds(a, o))
    ]
    effects = [
      isCool(o) := true
      isHot(o) := false
    ]
  }
  action toggleObject(Agent - Checkable a, Location - Checkable l, Obj - Checkable o, Receptacle - Checkable r) {
    preconditions = [
      (toggleable(o) and atLocation(a, l) and receptacleAtLocation(r, l) and inReceptacle(o, r))
    ]
    effects = [
      if isOn(o) then isOn(o) := false
      if (not isOn(o)) then isOn(o) := true
      isToggled(o) := true
    ]
  }
  action sliceObject(Agent - Checkable a, Location - Checkable l, Obj - Checkable co, Obj - Checkable ko) {
    preconditions = [
      (sliceable(co) and (objectType(ko, knifeType) or objectType(ko, butterKnifeType)) and atLocation(a, l) and objectAtLocation(co, l) and holds(a, ko))
    ]
    effects = [
      isSliced(co) := true
    ]
  }
  action help(Agent - Checkable a) {
    preconditions = [
    ]
    effects = [
      checked(a) := true
    ]
  }
]

objects = [
  ReceptacleType: [sinkBasinType, microwaveType, fridgeType, drawerType, bathtubBasinType, cabinetType, toiletPaperHangerType, dresserType, stoveBurnerType, toasterType, laundryHamperType]
  ObjectType: [knifeType, butterKnifeType, wineBottleType, forkType, tennisRacketType, bowlType, spatulaType, pencilType, sprayBottleType, boxType]
  Checkable: [agent1, location1, location2, location3, location4, location5, location6, location7, location8, location9, location10, drawer_1, bathtubBasin_2, cabinet_3, toiletPaperHanger_4, dresser_5, stoveBurner_6, drawer_7, sinkBasin_8, toaster_9, laundryHamper_10, wineBottle_1, fork_2, tennisRacket_3, bowl_4, spatula_5, pencil_6, sprayBottle_7, tennisRacket_8, pencil_9, box_10]
  Agent - Checkable: [agent1]
  Location - Checkable: [location1, location2, location3, location4, location5, location6, location7, location8, location9, location10]
  Receptacle - Checkable: [drawer_1, bathtubBasin_2, cabinet_3, toiletPaperHanger_4, dresser_5, stoveBurner_6, drawer_7, sinkBasin_8, toaster_9, laundryHamper_10]
  Obj - Checkable: [wineBottle_1, fork_2, tennisRacket_3, bowl_4, spatula_5, pencil_6, sprayBottle_7, tennisRacket_8, pencil_9, box_10]
]

initial fluents default = [
  bool atLocation[a=Agent - Checkable, l=Location - Checkable] := false
  bool receptacleAtLocation[r=Receptacle - Checkable, l=Location - Checkable] := false
  bool objectAtLocation[o=Obj - Checkable, l=Location - Checkable] := false
  bool openable[r=Receptacle - Checkable] := false
  bool opened[r=Receptacle - Checkable] := false
  bool inReceptacle[o=Obj - Checkable, r=Receptacle - Checkable] := false
  bool isReceptacleObject[o=Obj - Checkable] := false
  bool inReceptacleObject[innerObject=Obj - Checkable, outObject=Obj - Checkable] := false
  bool isReceptacleObjectFull[o=Obj - Checkable] := false
  bool wasInReceptacle[o=Obj - Checkable, r=Receptacle - Checkable] := false
  bool checked[c=Checkable] := false
  bool examined[l=Location - Checkable] := false
  bool receptacleType[r=Receptacle - Checkable, rt=ReceptacleType] := false
  bool canContain[rt=ReceptacleType, ot=ObjectType] := false
  bool objectType[o=Obj - Checkable, t=ObjectType] := false
  bool holds[a=Agent - Checkable, o=Obj - Checkable] := false
  bool holdsAny[a=Agent - Checkable] := false
  bool holdsAnyReceptacleObject[a=Agent - Checkable] := false
  bool full[r=Receptacle - Checkable] := false
  bool isClean[o=Obj - Checkable] := false
  bool cleanable[o=Obj - Checkable] := false
  bool isHot[o=Obj - Checkable] := false
  bool heatable[o=Obj - Checkable] := false
  bool isCool[o=Obj - Checkable] := false
  bool coolable[o=Obj - Checkable] := false
  bool pickupable[o=Obj - Checkable] := false
  bool moveable[o=Obj - Checkable] := false
  bool toggleable[o=Obj - Checkable] := false
  bool isOn[o=Obj - Checkable] := false
  bool isToggled[o=Obj - Checkable] := false
  bool sliceable[o=Obj - Checkable] := false
  bool isSliced[o=Obj - Checkable] := false
]

initial values = [
  receptacleType(drawer_1, drawerType) := true
  receptacleType(bathtubBasin_2, bathtubBasinType) := true
  receptacleType(cabinet_3, cabinetType) := true
  receptacleType(toiletPaperHanger_4, toiletPaperHangerType) := true
  receptacleType(dresser_5, dresserType) := true
  receptacleType(stoveBurner_6, stoveBurnerType) := true
  receptacleType(drawer_7, drawerType) := true
  receptacleType(sinkBasin_8, sinkBasinType) := true
  receptacleType(toaster_9, toasterType) := true
  receptacleType(laundryHamper_10, laundryHamperType) := true
  objectType(wineBottle_1, wineBottleType) := true
  objectType(fork_2, forkType) := true
  objectType(tennisRacket_3, tennisRacketType) := true
  objectType(bowl_4, bowlType) := true
  objectType(spatula_5, spatulaType) := true
  objectType(pencil_6, pencilType) := true
  objectType(sprayBottle_7, sprayBottleType) := true
  objectType(tennisRacket_8, tennisRacketType) := true
  objectType(pencil_9, pencilType) := true
  objectType(box_10, boxType) := true
  canContain(drawerType, forkType) := true
  canContain(drawerType, spatulaType) := true
  canContain(drawerType, pencilType) := true
  canContain(drawerType, sprayBottleType) := true
  canContain(cabinetType, wineBottleType) := true
  canContain(cabinetType, bowlType) := true
  canContain(cabinetType, sprayBottleType) := true
  canContain(cabinetType, boxType) := true
  canContain(dresserType, wineBottleType) := true
  canContain(dresserType, tennisRacketType) := true
  canContain(dresserType, bowlType) := true
  canContain(dresserType, pencilType) := true
  canContain(dresserType, sprayBottleType) := true
  canContain(dresserType, boxType) := true
  canContain(sinkBasinType, forkType) := true
  canContain(sinkBasinType, bowlType) := true
  canContain(sinkBasinType, spatulaType) := true
  pickupable(wineBottle_1) := true
  pickupable(fork_2) := true
  cleanable(fork_2) := true
  pickupable(tennisRacket_3) := true
  pickupable(bowl_4) := true
  isReceptacleObject(bowl_4) := true
  cleanable(bowl_4) := true
  coolable(bowl_4) := true
  pickupable(spatula_5) := true
  cleanable(spatula_5) := true
  pickupable(pencil_6) := true
  pickupable(sprayBottle_7) := true
  pickupable(tennisRacket_8) := true
  pickupable(pencil_9) := true
  pickupable(box_10) := true
  isReceptacleObject(box_10) := true
  receptacleAtLocation(drawer_1, location9) := true
  receptacleAtLocation(bathtubBasin_2, location3) := true
  receptacleAtLocation(cabinet_3, location7) := true
  receptacleAtLocation(toiletPaperHanger_4, location4) := true
  receptacleAtLocation(dresser_5, location7) := true
  receptacleAtLocation(stoveBurner_6, location9) := true
  receptacleAtLocation(drawer_7, location10) := true
  receptacleAtLocation(sinkBasin_8, location10) := true
  receptacleAtLocation(toaster_9, location6) := true
  receptacleAtLocation(laundryHamper_10, location8) := true
  inReceptacle(sprayBottle_7, drawer_7) := true
  objectAtLocation(wineBottle_1, location2) := true
  objectAtLocation(fork_2, location4) := true
  objectAtLocation(tennisRacket_3, location6) := true
  objectAtLocation(bowl_4, location2) := true
  objectAtLocation(spatula_5, location6) := true
  objectAtLocation(pencil_6, location7) := true
  objectAtLocation(sprayBottle_7, location10) := true
  objectAtLocation(tennisRacket_8, location6) := true
  objectAtLocation(pencil_9, location7) := true
  objectAtLocation(box_10, location9) := true
  atLocation(agent1, location2) := true
]

goals = [
  Exists (Receptacle - Checkable r) Exists (Obj - Checkable o) (coolable(o) and objectType(o, bowlType) and receptacleType(r, dresserType) and isCool(o) and inReceptacle(o, r))
]

quality metrics = [
  minimize sequential-plan-length
]


2025-06-17 09:55:34,368 - INFO - Generating plan for unconstrained problem

2025-06-17 09:55:34,718 - INFO - Unconstrained plan generation time: 0.3500335216522217

