2025-06-17 09:55:16,601 - INFO - 
================= Seed: 430 =================

2025-06-17 09:55:16,614 - INFO - problem name = alfred

types = [ReceptacleType, ObjectType, Checkable, Agent - Checkable, Location - Checkable, Receptacle - Checkable, Obj - Checkable]

fluents = [
  bool atLocation[a=Agent - Checkable, l=Location - Checkable]
  bool receptacleAtLocation[r=Receptacle - Checkable, l=Location - Checkable]
  bool objectAtLocation[o=Obj - Checkable, l=Location - Checkable]
  bool openable[r=Receptacle - Checkable]
  bool opened[r=Receptacle - Checkable]
  bool inReceptacle[o=Obj - Checkable, r=Receptacle - Checkable]
  bool isReceptacleObject[o=Obj - Checkable]
  bool inReceptacleObject[innerObject=Obj - Checkable, outObject=Obj - Checkable]
  bool isReceptacleObjectFull[o=Obj - Checkable]
  bool wasInReceptacle[o=Obj - Checkable, r=Receptacle - Checkable]
  bool checked[c=Checkable]
  bool examined[l=Location - Checkable]
  bool receptacleType[r=Receptacle - Checkable, rt=ReceptacleType]
  bool canContain[rt=ReceptacleType, ot=ObjectType]
  bool objectType[o=Obj - Checkable, t=ObjectType]
  bool holds[a=Agent - Checkable, o=Obj - Checkable]
  bool holdsAny[a=Agent - Checkable]
  bool holdsAnyReceptacleObject[a=Agent - Checkable]
  bool full[r=Receptacle - Checkable]
  bool isClean[o=Obj - Checkable]
  bool cleanable[o=Obj - Checkable]
  bool isHot[o=Obj - Checkable]
  bool heatable[o=Obj - Checkable]
  bool isCool[o=Obj - Checkable]
  bool coolable[o=Obj - Checkable]
  bool pickupable[o=Obj - Checkable]
  bool moveable[o=Obj - Checkable]
  bool toggleable[o=Obj - Checkable]
  bool isOn[o=Obj - Checkable]
  bool isToggled[o=Obj - Checkable]
  bool sliceable[o=Obj - Checkable]
  bool isSliced[o=Obj - Checkable]
]

actions = [
  action look(Agent - Checkable a, Location - Checkable l) {
    preconditions = [
      atLocation(a, l)
    ]
    effects = [
      checked(l) := true
    ]
  }
  action inventory(Agent - Checkable a) {
    preconditions = [
    ]
    effects = [
      checked(a) := true
    ]
  }
  action examineReceptacle(Agent - Checkable a, Receptacle - Checkable r) {
    preconditions = [
      Exists (Location - Checkable l) (atLocation(a, l) and receptacleAtLocation(r, l))
    ]
    effects = [
      checked(r) := true
    ]
  }
  action examineObject(Agent - Checkable a, Obj - Checkable o) {
    preconditions = [
      (Exists (Location - Checkable l) Exists (Receptacle - Checkable r) (atLocation(a, l) and receptacleAtLocation(r, l) and inReceptacle(o, r) and ((not openable(r)) or opened(r))) or holds(a, o))
    ]
    effects = [
      checked(o) := true
    ]
  }
  action goToLocation(Agent - Checkable a, Location - Checkable lstart, Location - Checkable lend) {
    preconditions = [
      atLocation(a, lstart)
    ]
    effects = [
      atLocation(a, lstart) := false
      atLocation(a, lend) := true
    ]
  }
  action openObject(Agent - Checkable a, Location - Checkable l, Receptacle - Checkable r) {
    preconditions = [
      (openable(r) and atLocation(a, l) and receptacleAtLocation(r, l) and (not opened(r)))
    ]
    effects = [
      opened(r) := true
      checked(r) := true
    ]
  }
  action closeObject(Agent - Checkable a, Location - Checkable l, Receptacle - Checkable r) {
    preconditions = [
      (openable(r) and atLocation(a, l) and receptacleAtLocation(r, l) and opened(r))
    ]
    effects = [
      opened(r) := false
    ]
  }
  action pickupObject(Agent - Checkable a, Location - Checkable l, Obj - Checkable o, Receptacle - Checkable r) {
    preconditions = [
      (pickupable(o) and atLocation(a, l) and receptacleAtLocation(r, l) and inReceptacle(o, r) and (not holdsAny(a)) and ((not openable(r)) or opened(r)))
    ]
    effects = [
      inReceptacle(o, r) := false
      holds(a, o) := true
      holdsAny(a) := true
      objectAtLocation(o, l) := false
    ]
  }
  action putObject(Agent - Checkable a, Location - Checkable l, Obj - Checkable o, Receptacle - Checkable r, ObjectType ot, ReceptacleType rt) {
    preconditions = [
      (holds(a, o) and atLocation(a, l) and receptacleAtLocation(r, l) and ((not openable(r)) or opened(r)) and objectType(o, ot) and receptacleType(r, rt) and canContain(rt, ot))
    ]
    effects = [
      inReceptacle(o, r) := true
      objectAtLocation(o, l) := true
      holds(a, o) := false
      holdsAny(a) := false
    ]
  }
  action cleanObject(Agent - Checkable a, Location - Checkable l, Receptacle - Checkable r, Obj - Checkable o) {
    preconditions = [
      (cleanable(o) and receptacleType(r, sinkBasinType) and atLocation(a, l) and receptacleAtLocation(r, l) and holds(a, o))
    ]
    effects = [
      isClean(o) := true
    ]
  }
  action heatObject(Agent - Checkable a, Location - Checkable l, Receptacle - Checkable r, Obj - Checkable o) {
    preconditions = [
      (heatable(o) and receptacleType(r, microwaveType) and atLocation(a, l) and receptacleAtLocation(r, l) and holds(a, o))
    ]
    effects = [
      isHot(o) := true
      isCool(o) := false
    ]
  }
  action coolObject(Agent - Checkable a, Location - Checkable l, Receptacle - Checkable r, Obj - Checkable o) {
    preconditions = [
      (coolable(o) and receptacleType(r, fridgeType) and atLocation(a, l) and receptacleAtLocation(r, l) and holds(a, o))
    ]
    effects = [
      isCool(o) := true
      isHot(o) := false
    ]
  }
  action toggleObject(Agent - Checkable a, Location - Checkable l, Obj - Checkable o, Receptacle - Checkable r) {
    preconditions = [
      (toggleable(o) and atLocation(a, l) and receptacleAtLocation(r, l) and inReceptacle(o, r))
    ]
    effects = [
      if isOn(o) then isOn(o) := false
      if (not isOn(o)) then isOn(o) := true
      isToggled(o) := true
    ]
  }
  action sliceObject(Agent - Checkable a, Location - Checkable l, Obj - Checkable co, Obj - Checkable ko) {
    preconditions = [
      (sliceable(co) and (objectType(ko, knifeType) or objectType(ko, butterKnifeType)) and atLocation(a, l) and objectAtLocation(co, l) and holds(a, ko))
    ]
    effects = [
      isSliced(co) := true
    ]
  }
  action help(Agent - Checkable a) {
    preconditions = [
    ]
    effects = [
      checked(a) := true
    ]
  }
]

objects = [
  ReceptacleType: [sinkBasinType, microwaveType, fridgeType, garbageCanType, sofaType, cabinetType, bathtubBasinType, counterTopType, sideTableType, laundryHamperType, bedType]
  ObjectType: [knifeType, butterKnifeType, remoteControlType, pillowType, soapBarType, saltShakerType, pencilType, kettleType, paperTowelType, breadType, spatulaType, cupType]
  Checkable: [agent1, location1, location2, location3, location4, location5, location6, location7, location8, location9, location10, garbageCan_1, sofa_2, cabinet_3, bathtubBasin_4, cabinet_5, counterTop_6, sideTable_7, microwave_8, laundryHamper_9, bed_10, remoteControl_1, pillow_2, soapBar_3, saltShaker_4, pencil_5, kettle_6, paperTowel_7, bread_8, spatula_9, cup_10]
  Agent - Checkable: [agent1]
  Location - Checkable: [location1, location2, location3, location4, location5, location6, location7, location8, location9, location10]
  Receptacle - Checkable: [garbageCan_1, sofa_2, cabinet_3, bathtubBasin_4, cabinet_5, counterTop_6, sideTable_7, microwave_8, laundryHamper_9, bed_10]
  Obj - Checkable: [remoteControl_1, pillow_2, soapBar_3, saltShaker_4, pencil_5, kettle_6, paperTowel_7, bread_8, spatula_9, cup_10]
]

initial fluents default = [
  bool atLocation[a=Agent - Checkable, l=Location - Checkable] := false
  bool receptacleAtLocation[r=Receptacle - Checkable, l=Location - Checkable] := false
  bool objectAtLocation[o=Obj - Checkable, l=Location - Checkable] := false
  bool openable[r=Receptacle - Checkable] := false
  bool opened[r=Receptacle - Checkable] := false
  bool inReceptacle[o=Obj - Checkable, r=Receptacle - Checkable] := false
  bool isReceptacleObject[o=Obj - Checkable] := false
  bool inReceptacleObject[innerObject=Obj - Checkable, outObject=Obj - Checkable] := false
  bool isReceptacleObjectFull[o=Obj - Checkable] := false
  bool wasInReceptacle[o=Obj - Checkable, r=Receptacle - Checkable] := false
  bool checked[c=Checkable] := false
  bool examined[l=Location - Checkable] := false
  bool receptacleType[r=Receptacle - Checkable, rt=ReceptacleType] := false
  bool canContain[rt=ReceptacleType, ot=ObjectType] := false
  bool objectType[o=Obj - Checkable, t=ObjectType] := false
  bool holds[a=Agent - Checkable, o=Obj - Checkable] := false
  bool holdsAny[a=Agent - Checkable] := false
  bool holdsAnyReceptacleObject[a=Agent - Checkable] := false
  bool full[r=Receptacle - Checkable] := false
  bool isClean[o=Obj - Checkable] := false
  bool cleanable[o=Obj - Checkable] := false
  bool isHot[o=Obj - Checkable] := false
  bool heatable[o=Obj - Checkable] := false
  bool isCool[o=Obj - Checkable] := false
  bool coolable[o=Obj - Checkable] := false
  bool pickupable[o=Obj - Checkable] := false
  bool moveable[o=Obj - Checkable] := false
  bool toggleable[o=Obj - Checkable] := false
  bool isOn[o=Obj - Checkable] := false
  bool isToggled[o=Obj - Checkable] := false
  bool sliceable[o=Obj - Checkable] := false
  bool isSliced[o=Obj - Checkable] := false
]

initial values = [
  receptacleType(garbageCan_1, garbageCanType) := true
  receptacleType(sofa_2, sofaType) := true
  receptacleType(cabinet_3, cabinetType) := true
  receptacleType(bathtubBasin_4, bathtubBasinType) := true
  receptacleType(cabinet_5, cabinetType) := true
  receptacleType(counterTop_6, counterTopType) := true
  receptacleType(sideTable_7, sideTableType) := true
  receptacleType(microwave_8, microwaveType) := true
  receptacleType(laundryHamper_9, laundryHamperType) := true
  receptacleType(bed_10, bedType) := true
  objectType(remoteControl_1, remoteControlType) := true
  objectType(pillow_2, pillowType) := true
  objectType(soapBar_3, soapBarType) := true
  objectType(saltShaker_4, saltShakerType) := true
  objectType(pencil_5, pencilType) := true
  objectType(kettle_6, kettleType) := true
  objectType(paperTowel_7, paperTowelType) := true
  objectType(bread_8, breadType) := true
  objectType(spatula_9, spatulaType) := true
  objectType(cup_10, cupType) := true
  canContain(garbageCanType, soapBarType) := true
  canContain(garbageCanType, pencilType) := true
  canContain(garbageCanType, paperTowelType) := true
  canContain(garbageCanType, breadType) := true
  canContain(sofaType, remoteControlType) := true
  canContain(sofaType, pillowType) := true
  canContain(cabinetType, soapBarType) := true
  canContain(cabinetType, saltShakerType) := true
  canContain(cabinetType, kettleType) := true
  canContain(cabinetType, cupType) := true
  canContain(bathtubBasinType, soapBarType) := true
  canContain(counterTopType, remoteControlType) := true
  canContain(counterTopType, soapBarType) := true
  canContain(counterTopType, saltShakerType) := true
  canContain(counterTopType, pencilType) := true
  canContain(counterTopType, kettleType) := true
  canContain(counterTopType, paperTowelType) := true
  canContain(counterTopType, breadType) := true
  canContain(counterTopType, spatulaType) := true
  canContain(counterTopType, cupType) := true
  canContain(sideTableType, remoteControlType) := true
  canContain(sideTableType, soapBarType) := true
  canContain(sideTableType, saltShakerType) := true
  canContain(sideTableType, pencilType) := true
  canContain(sideTableType, kettleType) := true
  canContain(sideTableType, paperTowelType) := true
  canContain(sideTableType, breadType) := true
  canContain(sideTableType, spatulaType) := true
  canContain(sideTableType, cupType) := true
  canContain(microwaveType, breadType) := true
  canContain(microwaveType, cupType) := true
  canContain(bedType, pillowType) := true
  pickupable(remoteControl_1) := true
  pickupable(pillow_2) := true
  pickupable(soapBar_3) := true
  cleanable(soapBar_3) := true
  pickupable(saltShaker_4) := true
  pickupable(pencil_5) := true
  pickupable(kettle_6) := true
  cleanable(kettle_6) := true
  pickupable(paperTowel_7) := true
  pickupable(bread_8) := true
  heatable(bread_8) := true
  coolable(bread_8) := true
  sliceable(bread_8) := true
  pickupable(spatula_9) := true
  cleanable(spatula_9) := true
  pickupable(cup_10) := true
  isReceptacleObject(cup_10) := true
  cleanable(cup_10) := true
  heatable(cup_10) := true
  coolable(cup_10) := true
  receptacleAtLocation(garbageCan_1, location4) := true
  receptacleAtLocation(sofa_2, location3) := true
  receptacleAtLocation(cabinet_3, location3) := true
  receptacleAtLocation(bathtubBasin_4, location5) := true
  receptacleAtLocation(cabinet_5, location10) := true
  receptacleAtLocation(counterTop_6, location4) := true
  receptacleAtLocation(sideTable_7, location3) := true
  receptacleAtLocation(microwave_8, location8) := true
  receptacleAtLocation(laundryHamper_9, location9) := true
  receptacleAtLocation(bed_10, location1) := true
  inReceptacle(soapBar_3, garbageCan_1) := true
  inReceptacle(saltShaker_4, counterTop_6) := true
  inReceptacle(kettle_6, cabinet_3) := true
  inReceptacle(spatula_9, sideTable_7) := true
  objectAtLocation(remoteControl_1, location1) := true
  objectAtLocation(pillow_2, location10) := true
  objectAtLocation(soapBar_3, location4) := true
  objectAtLocation(saltShaker_4, location4) := true
  objectAtLocation(pencil_5, location8) := true
  objectAtLocation(kettle_6, location3) := true
  objectAtLocation(paperTowel_7, location1) := true
  objectAtLocation(bread_8, location5) := true
  objectAtLocation(spatula_9, location3) := true
  objectAtLocation(cup_10, location9) := true
  atLocation(agent1, location9) := true
]

goals = [
  Exists (Receptacle - Checkable r) Exists (Obj - Checkable o) (inReceptacle(o, r) and objectType(o, saltShakerType) and receptacleType(r, cabinetType))
]

quality metrics = [
  minimize sequential-plan-length
]


2025-06-17 09:55:16,618 - INFO - Generating plan for unconstrained problem

2025-06-17 09:55:17,063 - INFO - Unconstrained plan generation time: 0.4456512928009033

2025-06-17 09:55:17,064 - INFO - Unconstrained plan and cost: 
2025-06-17 09:55:17,064 - INFO - SequentialPlan:
    goToLocation(agent1, location9, location4)
    pickupObject(agent1, location4, saltShaker_4, counterTop_6)
    goToLocation(agent1, location4, location10)
    putObject(agent1, location10, saltShaker_4, cabinet_5, saltShakerType, cabinetType)
2025-06-17 09:55:17,064 - INFO - 4
2025-06-17 09:55:17,568 - INFO - Sampled constraints:

2025-06-17 09:55:17,568 - INFO - Sometime(checked(soapBar_3))
2025-06-17 09:55:17,568 - INFO - 
2025-06-17 09:55:17,568 - INFO - Generation time: 0.5039558410644531

2025-06-17 09:55:17,576 - INFO - Generating plan for constrained problem (with LiftedTCORE).

2025-06-17 09:55:17,619 - INFO - LiftedTCORE compilation time: 0.04311180114746094

2025-06-17 09:55:18,099 - INFO - Planning Time with LiftedTCORE's file: 0.473132848739624

2025-06-17 09:55:18,100 - INFO - Plan found with LiftedTCORE + sym_bd: SequentialPlan:
    goToLocation(agent1, location9, location4)
    pickupObject(agent1, location4, saltShaker_4, counterTop_6)
    examineObject(agent1, soapBar_3)
    goToLocation(agent1, location4, location10)
    putObject(agent1, location10, saltShaker_4, cabinet_5, saltShakerType, cabinetType)
2025-06-17 09:55:18,100 - INFO - Seed: 430 is solvable

2025-06-17 09:55:18,100 - INFO - Unconstrained cost: 4
2025-06-17 09:55:18,100 - INFO - Constrained cost: 5
2025-06-17 09:55:18,100 - INFO - Seed: 430 Plan simulation is feasible
2025-06-17 09:55:18,100 - INFO - 
Seed: 430 
 Plan: [goToLocation(agent1, location9, location4), pickupObject(agent1, location4, saltShaker_4, counterTop_6), examineObject(agent1, soapBar_3), goToLocation(agent1, location4, location10), putObject(agent1, location10, saltShaker_4, cabinet_5, saltShakerType, cabinetType)]  
 Cost: 5

