2025-06-17 11:19:32,649 - INFO - 
================= Seed: 183 =================

2025-06-17 11:19:32,650 - INFO - problem name = alfred

types = [ReceptacleType, ObjectType, Checkable, Agent - Checkable, Location - Checkable, Receptacle - Checkable, Obj - Checkable]

fluents = [
  bool atLocation[a=Agent - Checkable, l=Location - Checkable]
  bool receptacleAtLocation[r=Receptacle - Checkable, l=Location - Checkable]
  bool objectAtLocation[o=Obj - Checkable, l=Location - Checkable]
  bool openable[r=Receptacle - Checkable]
  bool opened[r=Receptacle - Checkable]
  bool inReceptacle[o=Obj - Checkable, r=Receptacle - Checkable]
  bool isReceptacleObject[o=Obj - Checkable]
  bool inReceptacleObject[innerObject=Obj - Checkable, outObject=Obj - Checkable]
  bool isReceptacleObjectFull[o=Obj - Checkable]
  bool wasInReceptacle[o=Obj - Checkable, r=Receptacle - Checkable]
  bool checked[c=Checkable]
  bool examined[l=Location - Checkable]
  bool receptacleType[r=Receptacle - Checkable, rt=ReceptacleType]
  bool canContain[rt=ReceptacleType, ot=ObjectType]
  bool objectType[o=Obj - Checkable, t=ObjectType]
  bool holds[a=Agent - Checkable, o=Obj - Checkable]
  bool holdsAny[a=Agent - Checkable]
  bool holdsAnyReceptacleObject[a=Agent - Checkable]
  bool full[r=Receptacle - Checkable]
  bool isClean[o=Obj - Checkable]
  bool cleanable[o=Obj - Checkable]
  bool isHot[o=Obj - Checkable]
  bool heatable[o=Obj - Checkable]
  bool isCool[o=Obj - Checkable]
  bool coolable[o=Obj - Checkable]
  bool pickupable[o=Obj - Checkable]
  bool moveable[o=Obj - Checkable]
  bool toggleable[o=Obj - Checkable]
  bool isOn[o=Obj - Checkable]
  bool isToggled[o=Obj - Checkable]
  bool sliceable[o=Obj - Checkable]
  bool isSliced[o=Obj - Checkable]
]

actions = [
  action look(Agent - Checkable a, Location - Checkable l) {
    preconditions = [
      atLocation(a, l)
    ]
    effects = [
      checked(l) := true
    ]
  }
  action inventory(Agent - Checkable a) {
    preconditions = [
    ]
    effects = [
      checked(a) := true
    ]
  }
  action examineReceptacle(Agent - Checkable a, Receptacle - Checkable r) {
    preconditions = [
      Exists (Location - Checkable l) (atLocation(a, l) and receptacleAtLocation(r, l))
    ]
    effects = [
      checked(r) := true
    ]
  }
  action examineObject(Agent - Checkable a, Obj - Checkable o) {
    preconditions = [
      (Exists (Location - Checkable l) Exists (Receptacle - Checkable r) (atLocation(a, l) and receptacleAtLocation(r, l) and inReceptacle(o, r) and ((not openable(r)) or opened(r))) or holds(a, o))
    ]
    effects = [
      checked(o) := true
    ]
  }
  action goToLocation(Agent - Checkable a, Location - Checkable lstart, Location - Checkable lend) {
    preconditions = [
      atLocation(a, lstart)
    ]
    effects = [
      atLocation(a, lstart) := false
      atLocation(a, lend) := true
    ]
  }
  action openObject(Agent - Checkable a, Location - Checkable l, Receptacle - Checkable r) {
    preconditions = [
      (openable(r) and atLocation(a, l) and receptacleAtLocation(r, l) and (not opened(r)))
    ]
    effects = [
      opened(r) := true
      checked(r) := true
    ]
  }
  action closeObject(Agent - Checkable a, Location - Checkable l, Receptacle - Checkable r) {
    preconditions = [
      (openable(r) and atLocation(a, l) and receptacleAtLocation(r, l) and opened(r))
    ]
    effects = [
      opened(r) := false
    ]
  }
  action pickupObject(Agent - Checkable a, Location - Checkable l, Obj - Checkable o, Receptacle - Checkable r) {
    preconditions = [
      (pickupable(o) and atLocation(a, l) and receptacleAtLocation(r, l) and inReceptacle(o, r) and (not holdsAny(a)) and ((not openable(r)) or opened(r)))
    ]
    effects = [
      inReceptacle(o, r) := false
      holds(a, o) := true
      holdsAny(a) := true
      objectAtLocation(o, l) := false
    ]
  }
  action putObject(Agent - Checkable a, Location - Checkable l, Obj - Checkable o, Receptacle - Checkable r, ObjectType ot, ReceptacleType rt) {
    preconditions = [
      (holds(a, o) and atLocation(a, l) and receptacleAtLocation(r, l) and ((not openable(r)) or opened(r)) and objectType(o, ot) and receptacleType(r, rt) and canContain(rt, ot))
    ]
    effects = [
      inReceptacle(o, r) := true
      objectAtLocation(o, l) := true
      holds(a, o) := false
      holdsAny(a) := false
    ]
  }
  action cleanObject(Agent - Checkable a, Location - Checkable l, Receptacle - Checkable r, Obj - Checkable o) {
    preconditions = [
      (cleanable(o) and receptacleType(r, sinkBasinType) and atLocation(a, l) and receptacleAtLocation(r, l) and holds(a, o))
    ]
    effects = [
      isClean(o) := true
    ]
  }
  action heatObject(Agent - Checkable a, Location - Checkable l, Receptacle - Checkable r, Obj - Checkable o) {
    preconditions = [
      (heatable(o) and receptacleType(r, microwaveType) and atLocation(a, l) and receptacleAtLocation(r, l) and holds(a, o))
    ]
    effects = [
      isHot(o) := true
      isCool(o) := false
    ]
  }
  action coolObject(Agent - Checkable a, Location - Checkable l, Receptacle - Checkable r, Obj - Checkable o) {
    preconditions = [
      (coolable(o) and receptacleType(r, fridgeType) and atLocation(a, l) and receptacleAtLocation(r, l) and holds(a, o))
    ]
    effects = [
      isCool(o) := true
      isHot(o) := false
    ]
  }
  action toggleObject(Agent - Checkable a, Location - Checkable l, Obj - Checkable o, Receptacle - Checkable r) {
    preconditions = [
      (toggleable(o) and atLocation(a, l) and receptacleAtLocation(r, l) and inReceptacle(o, r))
    ]
    effects = [
      if isOn(o) then isOn(o) := false
      if (not isOn(o)) then isOn(o) := true
      isToggled(o) := true
    ]
  }
  action sliceObject(Agent - Checkable a, Location - Checkable l, Obj - Checkable co, Obj - Checkable ko) {
    preconditions = [
      (sliceable(co) and (objectType(ko, knifeType) or objectType(ko, butterKnifeType)) and atLocation(a, l) and objectAtLocation(co, l) and holds(a, ko))
    ]
    effects = [
      isSliced(co) := true
    ]
  }
  action help(Agent - Checkable a) {
    preconditions = [
    ]
    effects = [
      checked(a) := true
    ]
  }
]

objects = [
  ReceptacleType: [sinkBasinType, microwaveType, fridgeType, shelfType, dresserType, cartType, bathtubBasinType, stoveBurnerType, handTowelHolderType, deskType, bedType]
  ObjectType: [knifeType, butterKnifeType, tennisRacketType, cellPhoneType, toiletPaperType, remoteControlType, tomatoType, wineBottleType, kettleType, penType, bowlType]
  Checkable: [agent1, location1, location2, location3, location4, location5, location6, location7, location8, location9, location10, sinkBasin_1, shelf_2, dresser_3, cart_4, bathtubBasin_5, stoveBurner_6, handTowelHolder_7, desk_8, fridge_9, bed_10, microwave_11, fridge_12, tennisRacket_1, cellPhone_2, tennisRacket_3, toiletPaper_4, remoteControl_5, tomato_6, wineBottle_7, kettle_8, pen_9, bowl_10]
  Agent - Checkable: [agent1]
  Location - Checkable: [location1, location2, location3, location4, location5, location6, location7, location8, location9, location10]
  Receptacle - Checkable: [sinkBasin_1, shelf_2, dresser_3, cart_4, bathtubBasin_5, stoveBurner_6, handTowelHolder_7, desk_8, fridge_9, bed_10, microwave_11, fridge_12]
  Obj - Checkable: [tennisRacket_1, cellPhone_2, tennisRacket_3, toiletPaper_4, remoteControl_5, tomato_6, wineBottle_7, kettle_8, pen_9, bowl_10]
]

initial fluents default = [
  bool atLocation[a=Agent - Checkable, l=Location - Checkable] := false
  bool receptacleAtLocation[r=Receptacle - Checkable, l=Location - Checkable] := false
  bool objectAtLocation[o=Obj - Checkable, l=Location - Checkable] := false
  bool openable[r=Receptacle - Checkable] := false
  bool opened[r=Receptacle - Checkable] := false
  bool inReceptacle[o=Obj - Checkable, r=Receptacle - Checkable] := false
  bool isReceptacleObject[o=Obj - Checkable] := false
  bool inReceptacleObject[innerObject=Obj - Checkable, outObject=Obj - Checkable] := false
  bool isReceptacleObjectFull[o=Obj - Checkable] := false
  bool wasInReceptacle[o=Obj - Checkable, r=Receptacle - Checkable] := false
  bool checked[c=Checkable] := false
  bool examined[l=Location - Checkable] := false
  bool receptacleType[r=Receptacle - Checkable, rt=ReceptacleType] := false
  bool canContain[rt=ReceptacleType, ot=ObjectType] := false
  bool objectType[o=Obj - Checkable, t=ObjectType] := false
  bool holds[a=Agent - Checkable, o=Obj - Checkable] := false
  bool holdsAny[a=Agent - Checkable] := false
  bool holdsAnyReceptacleObject[a=Agent - Checkable] := false
  bool full[r=Receptacle - Checkable] := false
  bool isClean[o=Obj - Checkable] := false
  bool cleanable[o=Obj - Checkable] := false
  bool isHot[o=Obj - Checkable] := false
  bool heatable[o=Obj - Checkable] := false
  bool isCool[o=Obj - Checkable] := false
  bool coolable[o=Obj - Checkable] := false
  bool pickupable[o=Obj - Checkable] := false
  bool moveable[o=Obj - Checkable] := false
  bool toggleable[o=Obj - Checkable] := false
  bool isOn[o=Obj - Checkable] := false
  bool isToggled[o=Obj - Checkable] := false
  bool sliceable[o=Obj - Checkable] := false
  bool isSliced[o=Obj - Checkable] := false
]

initial values = [
  receptacleType(sinkBasin_1, sinkBasinType) := true
  receptacleType(shelf_2, shelfType) := true
  receptacleType(dresser_3, dresserType) := true
  receptacleType(cart_4, cartType) := true
  receptacleType(bathtubBasin_5, bathtubBasinType) := true
  receptacleType(stoveBurner_6, stoveBurnerType) := true
  receptacleType(handTowelHolder_7, handTowelHolderType) := true
  receptacleType(desk_8, deskType) := true
  receptacleType(fridge_9, fridgeType) := true
  receptacleType(bed_10, bedType) := true
  receptacleType(microwave_11, microwaveType) := true
  receptacleType(fridge_12, fridgeType) := true
  objectType(tennisRacket_1, tennisRacketType) := true
  objectType(cellPhone_2, cellPhoneType) := true
  objectType(tennisRacket_3, tennisRacketType) := true
  objectType(toiletPaper_4, toiletPaperType) := true
  objectType(remoteControl_5, remoteControlType) := true
  objectType(tomato_6, tomatoType) := true
  objectType(wineBottle_7, wineBottleType) := true
  objectType(kettle_8, kettleType) := true
  objectType(pen_9, penType) := true
  objectType(bowl_10, bowlType) := true
  canContain(sinkBasinType, tomatoType) := true
  canContain(sinkBasinType, kettleType) := true
  canContain(sinkBasinType, bowlType) := true
  canContain(shelfType, cellPhoneType) := true
  canContain(shelfType, toiletPaperType) := true
  canContain(shelfType, remoteControlType) := true
  canContain(shelfType, wineBottleType) := true
  canContain(shelfType, kettleType) := true
  canContain(shelfType, penType) := true
  canContain(shelfType, bowlType) := true
  canContain(dresserType, tennisRacketType) := true
  canContain(dresserType, cellPhoneType) := true
  canContain(dresserType, toiletPaperType) := true
  canContain(dresserType, remoteControlType) := true
  canContain(dresserType, wineBottleType) := true
  canContain(dresserType, penType) := true
  canContain(dresserType, bowlType) := true
  canContain(cartType, toiletPaperType) := true
  canContain(stoveBurnerType, kettleType) := true
  canContain(deskType, tennisRacketType) := true
  canContain(deskType, cellPhoneType) := true
  canContain(deskType, toiletPaperType) := true
  canContain(deskType, remoteControlType) := true
  canContain(deskType, wineBottleType) := true
  canContain(deskType, penType) := true
  canContain(deskType, bowlType) := true
  canContain(fridgeType, tomatoType) := true
  canContain(fridgeType, wineBottleType) := true
  canContain(fridgeType, bowlType) := true
  canContain(bedType, tennisRacketType) := true
  canContain(bedType, cellPhoneType) := true
  canContain(microwaveType, tomatoType) := true
  canContain(microwaveType, bowlType) := true
  pickupable(tennisRacket_1) := true
  pickupable(cellPhone_2) := true
  pickupable(tennisRacket_3) := true
  pickupable(toiletPaper_4) := true
  pickupable(remoteControl_5) := true
  pickupable(tomato_6) := true
  cleanable(tomato_6) := true
  heatable(tomato_6) := true
  coolable(tomato_6) := true
  sliceable(tomato_6) := true
  pickupable(wineBottle_7) := true
  pickupable(kettle_8) := true
  cleanable(kettle_8) := true
  pickupable(pen_9) := true
  pickupable(bowl_10) := true
  isReceptacleObject(bowl_10) := true
  cleanable(bowl_10) := true
  coolable(bowl_10) := true
  receptacleAtLocation(sinkBasin_1, location3) := true
  receptacleAtLocation(shelf_2, location2) := true
  receptacleAtLocation(dresser_3, location10) := true
  receptacleAtLocation(cart_4, location6) := true
  receptacleAtLocation(bathtubBasin_5, location7) := true
  receptacleAtLocation(stoveBurner_6, location7) := true
  receptacleAtLocation(handTowelHolder_7, location5) := true
  receptacleAtLocation(desk_8, location5) := true
  receptacleAtLocation(fridge_9, location5) := true
  receptacleAtLocation(bed_10, location9) := true
  receptacleAtLocation(microwave_11, location1) := true
  receptacleAtLocation(fridge_12, location7) := true
  inReceptacle(tennisRacket_1, dresser_3) := true
  inReceptacle(cellPhone_2, bed_10) := true
  inReceptacle(tennisRacket_3, dresser_3) := true
  inReceptacle(toiletPaper_4, desk_8) := true
  inReceptacle(remoteControl_5, desk_8) := true
  inReceptacle(tomato_6, microwave_11) := true
  inReceptacle(wineBottle_7, dresser_3) := true
  inReceptacle(kettle_8, stoveBurner_6) := true
  inReceptacle(pen_9, dresser_3) := true
  inReceptacle(bowl_10, dresser_3) := true
  objectAtLocation(tennisRacket_1, location10) := true
  objectAtLocation(cellPhone_2, location9) := true
  objectAtLocation(tennisRacket_3, location10) := true
  objectAtLocation(toiletPaper_4, location5) := true
  objectAtLocation(remoteControl_5, location5) := true
  objectAtLocation(tomato_6, location1) := true
  objectAtLocation(wineBottle_7, location10) := true
  objectAtLocation(kettle_8, location7) := true
  objectAtLocation(pen_9, location10) := true
  objectAtLocation(bowl_10, location10) := true
  atLocation(agent1, location6) := true
]

goals = [
  Exists (Receptacle - Checkable r) Exists (Obj - Checkable o) (inReceptacle(o, r) and objectType(o, wineBottleType) and receptacleType(r, deskType))
]

quality metrics = [
  minimize sequential-plan-length
]


2025-06-17 11:19:32,655 - INFO - Generating plan for unconstrained problem

2025-06-17 11:19:33,098 - INFO - Unconstrained plan generation time: 0.4427525997161865

2025-06-17 11:19:33,098 - INFO - Unconstrained plan and cost: 
2025-06-17 11:19:33,098 - INFO - SequentialPlan:
    goToLocation(agent1, location6, location10)
    pickupObject(agent1, location10, wineBottle_7, dresser_3)
    goToLocation(agent1, location10, location5)
    putObject(agent1, location5, wineBottle_7, desk_8, wineBottleType, deskType)
2025-06-17 11:19:33,098 - INFO - 4
2025-06-17 11:19:33,453 - INFO - Sampled constraints:

2025-06-17 11:19:33,453 - INFO - Sometime(checked(handTowelHolder_7))
2025-06-17 11:19:33,453 - INFO - 
2025-06-17 11:19:33,454 - INFO - Generation time: 0.35508012771606445

2025-06-17 11:19:33,454 - INFO - Generating plan for constrained problem (with LiftedTCORE).

2025-06-17 11:19:33,496 - INFO - LiftedTCORE compilation time: 0.04170036315917969

2025-06-17 11:19:33,917 - INFO - Planning Time with LiftedTCORE's file: 0.42097997665405273

2025-06-17 11:19:33,917 - INFO - Plan found with LiftedTCORE + sym_bd: SequentialPlan:
    goToLocation(agent1, location6, location10)
    pickupObject(agent1, location10, wineBottle_7, dresser_3)
    goToLocation(agent1, location10, location5)
    examineReceptacle(agent1, handTowelHolder_7)
    putObject(agent1, location5, wineBottle_7, desk_8, wineBottleType, deskType)
2025-06-17 11:19:33,917 - INFO - Seed: 183 is solvable

2025-06-17 11:19:33,917 - INFO - Unconstrained cost: 4
2025-06-17 11:19:33,917 - INFO - Constrained cost: 5
2025-06-17 11:19:33,917 - INFO - Seed: 183 Plan simulation is feasible
2025-06-17 11:19:33,917 - INFO - 
Seed: 183 
 Plan: [goToLocation(agent1, location6, location10), pickupObject(agent1, location10, wineBottle_7, dresser_3), goToLocation(agent1, location10, location5), examineReceptacle(agent1, handTowelHolder_7), putObject(agent1, location5, wineBottle_7, desk_8, wineBottleType, deskType)]  
 Cost: 5

