2025-06-17 09:57:36,174 - INFO - 
================= Seed: 615 =================

2025-06-17 09:57:36,183 - INFO - problem name = alfred

types = [ReceptacleType, ObjectType, Checkable, Agent - Checkable, Location - Checkable, Receptacle - Checkable, Obj - Checkable]

fluents = [
  bool atLocation[a=Agent - Checkable, l=Location - Checkable]
  bool receptacleAtLocation[r=Receptacle - Checkable, l=Location - Checkable]
  bool objectAtLocation[o=Obj - Checkable, l=Location - Checkable]
  bool openable[r=Receptacle - Checkable]
  bool opened[r=Receptacle - Checkable]
  bool inReceptacle[o=Obj - Checkable, r=Receptacle - Checkable]
  bool isReceptacleObject[o=Obj - Checkable]
  bool inReceptacleObject[innerObject=Obj - Checkable, outObject=Obj - Checkable]
  bool isReceptacleObjectFull[o=Obj - Checkable]
  bool wasInReceptacle[o=Obj - Checkable, r=Receptacle - Checkable]
  bool checked[c=Checkable]
  bool examined[l=Location - Checkable]
  bool receptacleType[r=Receptacle - Checkable, rt=ReceptacleType]
  bool canContain[rt=ReceptacleType, ot=ObjectType]
  bool objectType[o=Obj - Checkable, t=ObjectType]
  bool holds[a=Agent - Checkable, o=Obj - Checkable]
  bool holdsAny[a=Agent - Checkable]
  bool holdsAnyReceptacleObject[a=Agent - Checkable]
  bool full[r=Receptacle - Checkable]
  bool isClean[o=Obj - Checkable]
  bool cleanable[o=Obj - Checkable]
  bool isHot[o=Obj - Checkable]
  bool heatable[o=Obj - Checkable]
  bool isCool[o=Obj - Checkable]
  bool coolable[o=Obj - Checkable]
  bool pickupable[o=Obj - Checkable]
  bool moveable[o=Obj - Checkable]
  bool toggleable[o=Obj - Checkable]
  bool isOn[o=Obj - Checkable]
  bool isToggled[o=Obj - Checkable]
  bool sliceable[o=Obj - Checkable]
  bool isSliced[o=Obj - Checkable]
]

actions = [
  action look(Agent - Checkable a, Location - Checkable l) {
    preconditions = [
      atLocation(a, l)
    ]
    effects = [
      checked(l) := true
    ]
  }
  action inventory(Agent - Checkable a) {
    preconditions = [
    ]
    effects = [
      checked(a) := true
    ]
  }
  action examineReceptacle(Agent - Checkable a, Receptacle - Checkable r) {
    preconditions = [
      Exists (Location - Checkable l) (atLocation(a, l) and receptacleAtLocation(r, l))
    ]
    effects = [
      checked(r) := true
    ]
  }
  action examineObject(Agent - Checkable a, Obj - Checkable o) {
    preconditions = [
      (Exists (Location - Checkable l) Exists (Receptacle - Checkable r) (atLocation(a, l) and receptacleAtLocation(r, l) and inReceptacle(o, r) and ((not openable(r)) or opened(r))) or holds(a, o))
    ]
    effects = [
      checked(o) := true
    ]
  }
  action goToLocation(Agent - Checkable a, Location - Checkable lstart, Location - Checkable lend) {
    preconditions = [
      atLocation(a, lstart)
    ]
    effects = [
      atLocation(a, lstart) := false
      atLocation(a, lend) := true
    ]
  }
  action openObject(Agent - Checkable a, Location - Checkable l, Receptacle - Checkable r) {
    preconditions = [
      (openable(r) and atLocation(a, l) and receptacleAtLocation(r, l) and (not opened(r)))
    ]
    effects = [
      opened(r) := true
      checked(r) := true
    ]
  }
  action closeObject(Agent - Checkable a, Location - Checkable l, Receptacle - Checkable r) {
    preconditions = [
      (openable(r) and atLocation(a, l) and receptacleAtLocation(r, l) and opened(r))
    ]
    effects = [
      opened(r) := false
    ]
  }
  action pickupObject(Agent - Checkable a, Location - Checkable l, Obj - Checkable o, Receptacle - Checkable r) {
    preconditions = [
      (pickupable(o) and atLocation(a, l) and receptacleAtLocation(r, l) and inReceptacle(o, r) and (not holdsAny(a)) and ((not openable(r)) or opened(r)))
    ]
    effects = [
      inReceptacle(o, r) := false
      holds(a, o) := true
      holdsAny(a) := true
      objectAtLocation(o, l) := false
    ]
  }
  action putObject(Agent - Checkable a, Location - Checkable l, Obj - Checkable o, Receptacle - Checkable r, ObjectType ot, ReceptacleType rt) {
    preconditions = [
      (holds(a, o) and atLocation(a, l) and receptacleAtLocation(r, l) and ((not openable(r)) or opened(r)) and objectType(o, ot) and receptacleType(r, rt) and canContain(rt, ot))
    ]
    effects = [
      inReceptacle(o, r) := true
      objectAtLocation(o, l) := true
      holds(a, o) := false
      holdsAny(a) := false
    ]
  }
  action cleanObject(Agent - Checkable a, Location - Checkable l, Receptacle - Checkable r, Obj - Checkable o) {
    preconditions = [
      (cleanable(o) and receptacleType(r, sinkBasinType) and atLocation(a, l) and receptacleAtLocation(r, l) and holds(a, o))
    ]
    effects = [
      isClean(o) := true
    ]
  }
  action heatObject(Agent - Checkable a, Location - Checkable l, Receptacle - Checkable r, Obj - Checkable o) {
    preconditions = [
      (heatable(o) and receptacleType(r, microwaveType) and atLocation(a, l) and receptacleAtLocation(r, l) and holds(a, o))
    ]
    effects = [
      isHot(o) := true
      isCool(o) := false
    ]
  }
  action coolObject(Agent - Checkable a, Location - Checkable l, Receptacle - Checkable r, Obj - Checkable o) {
    preconditions = [
      (coolable(o) and receptacleType(r, fridgeType) and atLocation(a, l) and receptacleAtLocation(r, l) and holds(a, o))
    ]
    effects = [
      isCool(o) := true
      isHot(o) := false
    ]
  }
  action toggleObject(Agent - Checkable a, Location - Checkable l, Obj - Checkable o, Receptacle - Checkable r) {
    preconditions = [
      (toggleable(o) and atLocation(a, l) and receptacleAtLocation(r, l) and inReceptacle(o, r))
    ]
    effects = [
      if isOn(o) then isOn(o) := false
      if (not isOn(o)) then isOn(o) := true
      isToggled(o) := true
    ]
  }
  action sliceObject(Agent - Checkable a, Location - Checkable l, Obj - Checkable co, Obj - Checkable ko) {
    preconditions = [
      (sliceable(co) and (objectType(ko, knifeType) or objectType(ko, butterKnifeType)) and atLocation(a, l) and objectAtLocation(co, l) and holds(a, ko))
    ]
    effects = [
      isSliced(co) := true
    ]
  }
  action help(Agent - Checkable a) {
    preconditions = [
    ]
    effects = [
      checked(a) := true
    ]
  }
]

objects = [
  ReceptacleType: [sinkBasinType, microwaveType, fridgeType, diningTableType, shelfType, sofaType, coffeeMachineType, cabinetType, deskType, handTowelHolderType, laundryHamperType]
  ObjectType: [knifeType, butterKnifeType, cdType, watchType, remoteControlType, panType, ladleType, forkType, soapBarType, cellPhoneType, spoonType, mugType]
  Checkable: [agent1, location1, location2, location3, location4, location5, location6, location7, location8, location9, location10, fridge_1, diningTable_2, shelf_3, sofa_4, sofa_5, coffeeMachine_6, cabinet_7, desk_8, handTowelHolder_9, laundryHamper_10, cd_1, watch_2, remoteControl_3, pan_4, ladle_5, fork_6, soapBar_7, cellPhone_8, spoon_9, mug_10]
  Agent - Checkable: [agent1]
  Location - Checkable: [location1, location2, location3, location4, location5, location6, location7, location8, location9, location10]
  Receptacle - Checkable: [fridge_1, diningTable_2, shelf_3, sofa_4, sofa_5, coffeeMachine_6, cabinet_7, desk_8, handTowelHolder_9, laundryHamper_10]
  Obj - Checkable: [cd_1, watch_2, remoteControl_3, pan_4, ladle_5, fork_6, soapBar_7, cellPhone_8, spoon_9, mug_10]
]

initial fluents default = [
  bool atLocation[a=Agent - Checkable, l=Location - Checkable] := false
  bool receptacleAtLocation[r=Receptacle - Checkable, l=Location - Checkable] := false
  bool objectAtLocation[o=Obj - Checkable, l=Location - Checkable] := false
  bool openable[r=Receptacle - Checkable] := false
  bool opened[r=Receptacle - Checkable] := false
  bool inReceptacle[o=Obj - Checkable, r=Receptacle - Checkable] := false
  bool isReceptacleObject[o=Obj - Checkable] := false
  bool inReceptacleObject[innerObject=Obj - Checkable, outObject=Obj - Checkable] := false
  bool isReceptacleObjectFull[o=Obj - Checkable] := false
  bool wasInReceptacle[o=Obj - Checkable, r=Receptacle - Checkable] := false
  bool checked[c=Checkable] := false
  bool examined[l=Location - Checkable] := false
  bool receptacleType[r=Receptacle - Checkable, rt=ReceptacleType] := false
  bool canContain[rt=ReceptacleType, ot=ObjectType] := false
  bool objectType[o=Obj - Checkable, t=ObjectType] := false
  bool holds[a=Agent - Checkable, o=Obj - Checkable] := false
  bool holdsAny[a=Agent - Checkable] := false
  bool holdsAnyReceptacleObject[a=Agent - Checkable] := false
  bool full[r=Receptacle - Checkable] := false
  bool isClean[o=Obj - Checkable] := false
  bool cleanable[o=Obj - Checkable] := false
  bool isHot[o=Obj - Checkable] := false
  bool heatable[o=Obj - Checkable] := false
  bool isCool[o=Obj - Checkable] := false
  bool coolable[o=Obj - Checkable] := false
  bool pickupable[o=Obj - Checkable] := false
  bool moveable[o=Obj - Checkable] := false
  bool toggleable[o=Obj - Checkable] := false
  bool isOn[o=Obj - Checkable] := false
  bool isToggled[o=Obj - Checkable] := false
  bool sliceable[o=Obj - Checkable] := false
  bool isSliced[o=Obj - Checkable] := false
]

initial values = [
  receptacleType(fridge_1, fridgeType) := true
  receptacleType(diningTable_2, diningTableType) := true
  receptacleType(shelf_3, shelfType) := true
  receptacleType(sofa_4, sofaType) := true
  receptacleType(sofa_5, sofaType) := true
  receptacleType(coffeeMachine_6, coffeeMachineType) := true
  receptacleType(cabinet_7, cabinetType) := true
  receptacleType(desk_8, deskType) := true
  receptacleType(handTowelHolder_9, handTowelHolderType) := true
  receptacleType(laundryHamper_10, laundryHamperType) := true
  objectType(cd_1, cdType) := true
  objectType(watch_2, watchType) := true
  objectType(remoteControl_3, remoteControlType) := true
  objectType(pan_4, panType) := true
  objectType(ladle_5, ladleType) := true
  objectType(fork_6, forkType) := true
  objectType(soapBar_7, soapBarType) := true
  objectType(cellPhone_8, cellPhoneType) := true
  objectType(spoon_9, spoonType) := true
  objectType(mug_10, mugType) := true
  canContain(fridgeType, panType) := true
  canContain(fridgeType, mugType) := true
  canContain(diningTableType, watchType) := true
  canContain(diningTableType, remoteControlType) := true
  canContain(diningTableType, panType) := true
  canContain(diningTableType, ladleType) := true
  canContain(diningTableType, forkType) := true
  canContain(diningTableType, soapBarType) := true
  canContain(diningTableType, cellPhoneType) := true
  canContain(diningTableType, spoonType) := true
  canContain(diningTableType, mugType) := true
  canContain(shelfType, cdType) := true
  canContain(shelfType, watchType) := true
  canContain(shelfType, remoteControlType) := true
  canContain(shelfType, soapBarType) := true
  canContain(shelfType, cellPhoneType) := true
  canContain(shelfType, mugType) := true
  canContain(sofaType, remoteControlType) := true
  canContain(sofaType, cellPhoneType) := true
  canContain(coffeeMachineType, mugType) := true
  canContain(cabinetType, panType) := true
  canContain(cabinetType, ladleType) := true
  canContain(cabinetType, soapBarType) := true
  canContain(cabinetType, mugType) := true
  canContain(deskType, watchType) := true
  canContain(deskType, remoteControlType) := true
  canContain(deskType, cellPhoneType) := true
  canContain(deskType, mugType) := true
  pickupable(cd_1) := true
  pickupable(watch_2) := true
  pickupable(remoteControl_3) := true
  pickupable(pan_4) := true
  isReceptacleObject(pan_4) := true
  cleanable(pan_4) := true
  coolable(pan_4) := true
  pickupable(ladle_5) := true
  cleanable(ladle_5) := true
  pickupable(fork_6) := true
  cleanable(fork_6) := true
  pickupable(soapBar_7) := true
  cleanable(soapBar_7) := true
  pickupable(cellPhone_8) := true
  pickupable(spoon_9) := true
  cleanable(spoon_9) := true
  pickupable(mug_10) := true
  isReceptacleObject(mug_10) := true
  cleanable(mug_10) := true
  heatable(mug_10) := true
  coolable(mug_10) := true
  receptacleAtLocation(fridge_1, location7) := true
  receptacleAtLocation(diningTable_2, location1) := true
  receptacleAtLocation(shelf_3, location8) := true
  receptacleAtLocation(sofa_4, location1) := true
  receptacleAtLocation(sofa_5, location3) := true
  receptacleAtLocation(coffeeMachine_6, location4) := true
  receptacleAtLocation(cabinet_7, location8) := true
  receptacleAtLocation(desk_8, location1) := true
  receptacleAtLocation(handTowelHolder_9, location3) := true
  receptacleAtLocation(laundryHamper_10, location7) := true
  inReceptacle(watch_2, diningTable_2) := true
  inReceptacle(cellPhone_8, shelf_3) := true
  inReceptacle(mug_10, desk_8) := true
  objectAtLocation(cd_1, location5) := true
  objectAtLocation(watch_2, location1) := true
  objectAtLocation(remoteControl_3, location10) := true
  objectAtLocation(pan_4, location7) := true
  objectAtLocation(ladle_5, location1) := true
  objectAtLocation(fork_6, location5) := true
  objectAtLocation(soapBar_7, location9) := true
  objectAtLocation(cellPhone_8, location8) := true
  objectAtLocation(spoon_9, location5) := true
  objectAtLocation(mug_10, location1) := true
  atLocation(agent1, location5) := true
]

goals = [
  Exists (Receptacle - Checkable r) Exists (Obj - Checkable o1) (inReceptacle(o1, r) and objectType(o1, soapBarType) and receptacleType(r, cabinetType) and Exists (Obj - Checkable o2) ((not (o1 == o2)) and objectType(o2, soapBarType) and receptacleType(r, cabinetType) and inReceptacle(o2, r)))
]

quality metrics = [
  minimize sequential-plan-length
]


2025-06-17 09:57:36,186 - INFO - Generating plan for unconstrained problem

2025-06-17 09:57:36,551 - INFO - Unconstrained plan generation time: 0.3646354675292969

