2025-06-17 10:21:55,704 - INFO - 
================= Seed: 748 =================

2025-06-17 10:21:55,709 - INFO - problem name = alfred

types = [ReceptacleType, ObjectType, Checkable, Agent - Checkable, Location - Checkable, Receptacle - Checkable, Obj - Checkable]

fluents = [
  bool atLocation[a=Agent - Checkable, l=Location - Checkable]
  bool receptacleAtLocation[r=Receptacle - Checkable, l=Location - Checkable]
  bool objectAtLocation[o=Obj - Checkable, l=Location - Checkable]
  bool openable[r=Receptacle - Checkable]
  bool opened[r=Receptacle - Checkable]
  bool inReceptacle[o=Obj - Checkable, r=Receptacle - Checkable]
  bool isReceptacleObject[o=Obj - Checkable]
  bool inReceptacleObject[innerObject=Obj - Checkable, outObject=Obj - Checkable]
  bool isReceptacleObjectFull[o=Obj - Checkable]
  bool wasInReceptacle[o=Obj - Checkable, r=Receptacle - Checkable]
  bool checked[c=Checkable]
  bool examined[l=Location - Checkable]
  bool receptacleType[r=Receptacle - Checkable, rt=ReceptacleType]
  bool canContain[rt=ReceptacleType, ot=ObjectType]
  bool objectType[o=Obj - Checkable, t=ObjectType]
  bool holds[a=Agent - Checkable, o=Obj - Checkable]
  bool holdsAny[a=Agent - Checkable]
  bool holdsAnyReceptacleObject[a=Agent - Checkable]
  bool full[r=Receptacle - Checkable]
  bool isClean[o=Obj - Checkable]
  bool cleanable[o=Obj - Checkable]
  bool isHot[o=Obj - Checkable]
  bool heatable[o=Obj - Checkable]
  bool isCool[o=Obj - Checkable]
  bool coolable[o=Obj - Checkable]
  bool pickupable[o=Obj - Checkable]
  bool moveable[o=Obj - Checkable]
  bool toggleable[o=Obj - Checkable]
  bool isOn[o=Obj - Checkable]
  bool isToggled[o=Obj - Checkable]
  bool sliceable[o=Obj - Checkable]
  bool isSliced[o=Obj - Checkable]
]

actions = [
  action look(Agent - Checkable a, Location - Checkable l) {
    preconditions = [
      atLocation(a, l)
    ]
    effects = [
      checked(l) := true
    ]
  }
  action inventory(Agent - Checkable a) {
    preconditions = [
    ]
    effects = [
      checked(a) := true
    ]
  }
  action examineReceptacle(Agent - Checkable a, Receptacle - Checkable r) {
    preconditions = [
      Exists (Location - Checkable l) (atLocation(a, l) and receptacleAtLocation(r, l))
    ]
    effects = [
      checked(r) := true
    ]
  }
  action examineObject(Agent - Checkable a, Obj - Checkable o) {
    preconditions = [
      (Exists (Location - Checkable l) Exists (Receptacle - Checkable r) (atLocation(a, l) and receptacleAtLocation(r, l) and inReceptacle(o, r) and ((not openable(r)) or opened(r))) or holds(a, o))
    ]
    effects = [
      checked(o) := true
    ]
  }
  action goToLocation(Agent - Checkable a, Location - Checkable lstart, Location - Checkable lend) {
    preconditions = [
      atLocation(a, lstart)
    ]
    effects = [
      atLocation(a, lstart) := false
      atLocation(a, lend) := true
    ]
  }
  action openObject(Agent - Checkable a, Location - Checkable l, Receptacle - Checkable r) {
    preconditions = [
      (openable(r) and atLocation(a, l) and receptacleAtLocation(r, l) and (not opened(r)))
    ]
    effects = [
      opened(r) := true
      checked(r) := true
    ]
  }
  action closeObject(Agent - Checkable a, Location - Checkable l, Receptacle - Checkable r) {
    preconditions = [
      (openable(r) and atLocation(a, l) and receptacleAtLocation(r, l) and opened(r))
    ]
    effects = [
      opened(r) := false
    ]
  }
  action pickupObject(Agent - Checkable a, Location - Checkable l, Obj - Checkable o, Receptacle - Checkable r) {
    preconditions = [
      (pickupable(o) and atLocation(a, l) and receptacleAtLocation(r, l) and inReceptacle(o, r) and (not holdsAny(a)) and ((not openable(r)) or opened(r)))
    ]
    effects = [
      inReceptacle(o, r) := false
      holds(a, o) := true
      holdsAny(a) := true
      objectAtLocation(o, l) := false
    ]
  }
  action putObject(Agent - Checkable a, Location - Checkable l, Obj - Checkable o, Receptacle - Checkable r, ObjectType ot, ReceptacleType rt) {
    preconditions = [
      (holds(a, o) and atLocation(a, l) and receptacleAtLocation(r, l) and ((not openable(r)) or opened(r)) and objectType(o, ot) and receptacleType(r, rt) and canContain(rt, ot))
    ]
    effects = [
      inReceptacle(o, r) := true
      objectAtLocation(o, l) := true
      holds(a, o) := false
      holdsAny(a) := false
    ]
  }
  action cleanObject(Agent - Checkable a, Location - Checkable l, Receptacle - Checkable r, Obj - Checkable o) {
    preconditions = [
      (cleanable(o) and receptacleType(r, sinkBasinType) and atLocation(a, l) and receptacleAtLocation(r, l) and holds(a, o))
    ]
    effects = [
      isClean(o) := true
    ]
  }
  action heatObject(Agent - Checkable a, Location - Checkable l, Receptacle - Checkable r, Obj - Checkable o) {
    preconditions = [
      (heatable(o) and receptacleType(r, microwaveType) and atLocation(a, l) and receptacleAtLocation(r, l) and holds(a, o))
    ]
    effects = [
      isHot(o) := true
      isCool(o) := false
    ]
  }
  action coolObject(Agent - Checkable a, Location - Checkable l, Receptacle - Checkable r, Obj - Checkable o) {
    preconditions = [
      (coolable(o) and receptacleType(r, fridgeType) and atLocation(a, l) and receptacleAtLocation(r, l) and holds(a, o))
    ]
    effects = [
      isCool(o) := true
      isHot(o) := false
    ]
  }
  action toggleObject(Agent - Checkable a, Location - Checkable l, Obj - Checkable o, Receptacle - Checkable r) {
    preconditions = [
      (toggleable(o) and atLocation(a, l) and receptacleAtLocation(r, l) and inReceptacle(o, r))
    ]
    effects = [
      if isOn(o) then isOn(o) := false
      if (not isOn(o)) then isOn(o) := true
      isToggled(o) := true
    ]
  }
  action sliceObject(Agent - Checkable a, Location - Checkable l, Obj - Checkable co, Obj - Checkable ko) {
    preconditions = [
      (sliceable(co) and (objectType(ko, knifeType) or objectType(ko, butterKnifeType)) and atLocation(a, l) and objectAtLocation(co, l) and holds(a, ko))
    ]
    effects = [
      isSliced(co) := true
    ]
  }
  action help(Agent - Checkable a) {
    preconditions = [
    ]
    effects = [
      checked(a) := true
    ]
  }
]

objects = [
  ReceptacleType: [sinkBasinType, microwaveType, fridgeType, shelfType, coffeeMachineType, handTowelHolderType, bedType, diningTableType, drawerType, sideTableType]
  ObjectType: [knifeType, butterKnifeType, soapBarType, potatoType, bookType, laptopType, wineBottleType, bowlType, watchType, appleType, spoonType, panType]
  Checkable: [agent1, location1, location2, location3, location4, location5, location6, location7, location8, location9, location10, shelf_1, coffeeMachine_2, microwave_3, handTowelHolder_4, bed_5, diningTable_6, drawer_7, microwave_8, sideTable_9, microwave_10, soapBar_1, potato_2, book_3, laptop_4, wineBottle_5, bowl_6, watch_7, apple_8, spoon_9, pan_10]
  Agent - Checkable: [agent1]
  Location - Checkable: [location1, location2, location3, location4, location5, location6, location7, location8, location9, location10]
  Receptacle - Checkable: [shelf_1, coffeeMachine_2, microwave_3, handTowelHolder_4, bed_5, diningTable_6, drawer_7, microwave_8, sideTable_9, microwave_10]
  Obj - Checkable: [soapBar_1, potato_2, book_3, laptop_4, wineBottle_5, bowl_6, watch_7, apple_8, spoon_9, pan_10]
]

initial fluents default = [
  bool atLocation[a=Agent - Checkable, l=Location - Checkable] := false
  bool receptacleAtLocation[r=Receptacle - Checkable, l=Location - Checkable] := false
  bool objectAtLocation[o=Obj - Checkable, l=Location - Checkable] := false
  bool openable[r=Receptacle - Checkable] := false
  bool opened[r=Receptacle - Checkable] := false
  bool inReceptacle[o=Obj - Checkable, r=Receptacle - Checkable] := false
  bool isReceptacleObject[o=Obj - Checkable] := false
  bool inReceptacleObject[innerObject=Obj - Checkable, outObject=Obj - Checkable] := false
  bool isReceptacleObjectFull[o=Obj - Checkable] := false
  bool wasInReceptacle[o=Obj - Checkable, r=Receptacle - Checkable] := false
  bool checked[c=Checkable] := false
  bool examined[l=Location - Checkable] := false
  bool receptacleType[r=Receptacle - Checkable, rt=ReceptacleType] := false
  bool canContain[rt=ReceptacleType, ot=ObjectType] := false
  bool objectType[o=Obj - Checkable, t=ObjectType] := false
  bool holds[a=Agent - Checkable, o=Obj - Checkable] := false
  bool holdsAny[a=Agent - Checkable] := false
  bool holdsAnyReceptacleObject[a=Agent - Checkable] := false
  bool full[r=Receptacle - Checkable] := false
  bool isClean[o=Obj - Checkable] := false
  bool cleanable[o=Obj - Checkable] := false
  bool isHot[o=Obj - Checkable] := false
  bool heatable[o=Obj - Checkable] := false
  bool isCool[o=Obj - Checkable] := false
  bool coolable[o=Obj - Checkable] := false
  bool pickupable[o=Obj - Checkable] := false
  bool moveable[o=Obj - Checkable] := false
  bool toggleable[o=Obj - Checkable] := false
  bool isOn[o=Obj - Checkable] := false
  bool isToggled[o=Obj - Checkable] := false
  bool sliceable[o=Obj - Checkable] := false
  bool isSliced[o=Obj - Checkable] := false
]

initial values = [
  receptacleType(shelf_1, shelfType) := true
  receptacleType(coffeeMachine_2, coffeeMachineType) := true
  receptacleType(microwave_3, microwaveType) := true
  receptacleType(handTowelHolder_4, handTowelHolderType) := true
  receptacleType(bed_5, bedType) := true
  receptacleType(diningTable_6, diningTableType) := true
  receptacleType(drawer_7, drawerType) := true
  receptacleType(microwave_8, microwaveType) := true
  receptacleType(sideTable_9, sideTableType) := true
  receptacleType(microwave_10, microwaveType) := true
  objectType(soapBar_1, soapBarType) := true
  objectType(potato_2, potatoType) := true
  objectType(book_3, bookType) := true
  objectType(laptop_4, laptopType) := true
  objectType(wineBottle_5, wineBottleType) := true
  objectType(bowl_6, bowlType) := true
  objectType(watch_7, watchType) := true
  objectType(apple_8, appleType) := true
  objectType(spoon_9, spoonType) := true
  objectType(pan_10, panType) := true
  canContain(shelfType, soapBarType) := true
  canContain(shelfType, bookType) := true
  canContain(shelfType, wineBottleType) := true
  canContain(shelfType, bowlType) := true
  canContain(shelfType, watchType) := true
  canContain(microwaveType, potatoType) := true
  canContain(microwaveType, bowlType) := true
  canContain(microwaveType, appleType) := true
  canContain(bedType, bookType) := true
  canContain(bedType, laptopType) := true
  canContain(diningTableType, soapBarType) := true
  canContain(diningTableType, potatoType) := true
  canContain(diningTableType, bookType) := true
  canContain(diningTableType, laptopType) := true
  canContain(diningTableType, wineBottleType) := true
  canContain(diningTableType, bowlType) := true
  canContain(diningTableType, watchType) := true
  canContain(diningTableType, appleType) := true
  canContain(diningTableType, spoonType) := true
  canContain(diningTableType, panType) := true
  canContain(drawerType, soapBarType) := true
  canContain(drawerType, bookType) := true
  canContain(drawerType, watchType) := true
  canContain(drawerType, spoonType) := true
  canContain(sideTableType, soapBarType) := true
  canContain(sideTableType, potatoType) := true
  canContain(sideTableType, bookType) := true
  canContain(sideTableType, laptopType) := true
  canContain(sideTableType, wineBottleType) := true
  canContain(sideTableType, bowlType) := true
  canContain(sideTableType, watchType) := true
  canContain(sideTableType, appleType) := true
  canContain(sideTableType, spoonType) := true
  canContain(sideTableType, panType) := true
  pickupable(soapBar_1) := true
  cleanable(soapBar_1) := true
  pickupable(potato_2) := true
  cleanable(potato_2) := true
  heatable(potato_2) := true
  coolable(potato_2) := true
  sliceable(potato_2) := true
  pickupable(book_3) := true
  pickupable(laptop_4) := true
  pickupable(wineBottle_5) := true
  pickupable(bowl_6) := true
  isReceptacleObject(bowl_6) := true
  cleanable(bowl_6) := true
  coolable(bowl_6) := true
  pickupable(watch_7) := true
  pickupable(apple_8) := true
  cleanable(apple_8) := true
  heatable(apple_8) := true
  coolable(apple_8) := true
  sliceable(apple_8) := true
  pickupable(spoon_9) := true
  cleanable(spoon_9) := true
  pickupable(pan_10) := true
  isReceptacleObject(pan_10) := true
  cleanable(pan_10) := true
  coolable(pan_10) := true
  receptacleAtLocation(shelf_1, location6) := true
  receptacleAtLocation(coffeeMachine_2, location9) := true
  receptacleAtLocation(microwave_3, location6) := true
  receptacleAtLocation(handTowelHolder_4, location2) := true
  receptacleAtLocation(bed_5, location7) := true
  receptacleAtLocation(diningTable_6, location7) := true
  receptacleAtLocation(drawer_7, location10) := true
  receptacleAtLocation(microwave_8, location6) := true
  receptacleAtLocation(sideTable_9, location4) := true
  receptacleAtLocation(microwave_10, location7) := true
  inReceptacle(book_3, diningTable_6) := true
  inReceptacle(bowl_6, shelf_1) := true
  inReceptacle(watch_7, diningTable_6) := true
  objectAtLocation(soapBar_1, location5) := true
  objectAtLocation(potato_2, location9) := true
  objectAtLocation(book_3, location7) := true
  objectAtLocation(laptop_4, location6) := true
  objectAtLocation(wineBottle_5, location3) := true
  objectAtLocation(bowl_6, location6) := true
  objectAtLocation(watch_7, location7) := true
  objectAtLocation(apple_8, location6) := true
  objectAtLocation(spoon_9, location2) := true
  objectAtLocation(pan_10, location6) := true
  atLocation(agent1, location7) := true
]

goals = [
  Exists (Receptacle - Checkable r) Exists (Obj - Checkable o) (inReceptacle(o, r) and objectType(o, watchType) and receptacleType(r, diningTableType))
]

quality metrics = [
  minimize sequential-plan-length
]


2025-06-17 10:21:55,711 - INFO - Generating plan for unconstrained problem

2025-06-17 10:21:56,078 - INFO - Unconstrained plan generation time: 0.36715126037597656

2025-06-17 10:21:56,078 - INFO - Unconstrained plan and cost: 
2025-06-17 10:21:56,078 - INFO - SequentialPlan:
2025-06-17 10:21:56,078 - INFO - 0
2025-06-17 10:21:57,541 - INFO - Sampled constraints:

2025-06-17 10:21:57,541 - INFO - Sometime((atLocation(agent1, location9) and checked(pan_10)))
2025-06-17 10:21:57,541 - INFO - 
2025-06-17 10:21:57,541 - INFO - Generation time: 1.462536096572876

2025-06-17 10:21:57,548 - INFO - Generating plan for constrained problem (with LiftedTCORE).

2025-06-17 10:21:57,585 - INFO - LiftedTCORE compilation time: 0.03643393516540527

2025-06-17 10:21:57,922 - INFO - Planning Time with LiftedTCORE's file: 0.3273649215698242

