2025-06-17 10:21:04,096 - INFO - 
================= Seed: 671 =================

2025-06-17 10:21:04,101 - INFO - problem name = alfred

types = [ReceptacleType, ObjectType, Checkable, Agent - Checkable, Location - Checkable, Receptacle - Checkable, Obj - Checkable]

fluents = [
  bool atLocation[a=Agent - Checkable, l=Location - Checkable]
  bool receptacleAtLocation[r=Receptacle - Checkable, l=Location - Checkable]
  bool objectAtLocation[o=Obj - Checkable, l=Location - Checkable]
  bool openable[r=Receptacle - Checkable]
  bool opened[r=Receptacle - Checkable]
  bool inReceptacle[o=Obj - Checkable, r=Receptacle - Checkable]
  bool isReceptacleObject[o=Obj - Checkable]
  bool inReceptacleObject[innerObject=Obj - Checkable, outObject=Obj - Checkable]
  bool isReceptacleObjectFull[o=Obj - Checkable]
  bool wasInReceptacle[o=Obj - Checkable, r=Receptacle - Checkable]
  bool checked[c=Checkable]
  bool examined[l=Location - Checkable]
  bool receptacleType[r=Receptacle - Checkable, rt=ReceptacleType]
  bool canContain[rt=ReceptacleType, ot=ObjectType]
  bool objectType[o=Obj - Checkable, t=ObjectType]
  bool holds[a=Agent - Checkable, o=Obj - Checkable]
  bool holdsAny[a=Agent - Checkable]
  bool holdsAnyReceptacleObject[a=Agent - Checkable]
  bool full[r=Receptacle - Checkable]
  bool isClean[o=Obj - Checkable]
  bool cleanable[o=Obj - Checkable]
  bool isHot[o=Obj - Checkable]
  bool heatable[o=Obj - Checkable]
  bool isCool[o=Obj - Checkable]
  bool coolable[o=Obj - Checkable]
  bool pickupable[o=Obj - Checkable]
  bool moveable[o=Obj - Checkable]
  bool toggleable[o=Obj - Checkable]
  bool isOn[o=Obj - Checkable]
  bool isToggled[o=Obj - Checkable]
  bool sliceable[o=Obj - Checkable]
  bool isSliced[o=Obj - Checkable]
]

actions = [
  action look(Agent - Checkable a, Location - Checkable l) {
    preconditions = [
      atLocation(a, l)
    ]
    effects = [
      checked(l) := true
    ]
  }
  action inventory(Agent - Checkable a) {
    preconditions = [
    ]
    effects = [
      checked(a) := true
    ]
  }
  action examineReceptacle(Agent - Checkable a, Receptacle - Checkable r) {
    preconditions = [
      Exists (Location - Checkable l) (atLocation(a, l) and receptacleAtLocation(r, l))
    ]
    effects = [
      checked(r) := true
    ]
  }
  action examineObject(Agent - Checkable a, Obj - Checkable o) {
    preconditions = [
      (Exists (Location - Checkable l) Exists (Receptacle - Checkable r) (atLocation(a, l) and receptacleAtLocation(r, l) and inReceptacle(o, r) and ((not openable(r)) or opened(r))) or holds(a, o))
    ]
    effects = [
      checked(o) := true
    ]
  }
  action goToLocation(Agent - Checkable a, Location - Checkable lstart, Location - Checkable lend) {
    preconditions = [
      atLocation(a, lstart)
    ]
    effects = [
      atLocation(a, lstart) := false
      atLocation(a, lend) := true
    ]
  }
  action openObject(Agent - Checkable a, Location - Checkable l, Receptacle - Checkable r) {
    preconditions = [
      (openable(r) and atLocation(a, l) and receptacleAtLocation(r, l) and (not opened(r)))
    ]
    effects = [
      opened(r) := true
      checked(r) := true
    ]
  }
  action closeObject(Agent - Checkable a, Location - Checkable l, Receptacle - Checkable r) {
    preconditions = [
      (openable(r) and atLocation(a, l) and receptacleAtLocation(r, l) and opened(r))
    ]
    effects = [
      opened(r) := false
    ]
  }
  action pickupObject(Agent - Checkable a, Location - Checkable l, Obj - Checkable o, Receptacle - Checkable r) {
    preconditions = [
      (pickupable(o) and atLocation(a, l) and receptacleAtLocation(r, l) and inReceptacle(o, r) and (not holdsAny(a)) and ((not openable(r)) or opened(r)))
    ]
    effects = [
      inReceptacle(o, r) := false
      holds(a, o) := true
      holdsAny(a) := true
      objectAtLocation(o, l) := false
    ]
  }
  action putObject(Agent - Checkable a, Location - Checkable l, Obj - Checkable o, Receptacle - Checkable r, ObjectType ot, ReceptacleType rt) {
    preconditions = [
      (holds(a, o) and atLocation(a, l) and receptacleAtLocation(r, l) and ((not openable(r)) or opened(r)) and objectType(o, ot) and receptacleType(r, rt) and canContain(rt, ot))
    ]
    effects = [
      inReceptacle(o, r) := true
      objectAtLocation(o, l) := true
      holds(a, o) := false
      holdsAny(a) := false
    ]
  }
  action cleanObject(Agent - Checkable a, Location - Checkable l, Receptacle - Checkable r, Obj - Checkable o) {
    preconditions = [
      (cleanable(o) and receptacleType(r, sinkBasinType) and atLocation(a, l) and receptacleAtLocation(r, l) and holds(a, o))
    ]
    effects = [
      isClean(o) := true
    ]
  }
  action heatObject(Agent - Checkable a, Location - Checkable l, Receptacle - Checkable r, Obj - Checkable o) {
    preconditions = [
      (heatable(o) and receptacleType(r, microwaveType) and atLocation(a, l) and receptacleAtLocation(r, l) and holds(a, o))
    ]
    effects = [
      isHot(o) := true
      isCool(o) := false
    ]
  }
  action coolObject(Agent - Checkable a, Location - Checkable l, Receptacle - Checkable r, Obj - Checkable o) {
    preconditions = [
      (coolable(o) and receptacleType(r, fridgeType) and atLocation(a, l) and receptacleAtLocation(r, l) and holds(a, o))
    ]
    effects = [
      isCool(o) := true
      isHot(o) := false
    ]
  }
  action toggleObject(Agent - Checkable a, Location - Checkable l, Obj - Checkable o, Receptacle - Checkable r) {
    preconditions = [
      (toggleable(o) and atLocation(a, l) and receptacleAtLocation(r, l) and inReceptacle(o, r))
    ]
    effects = [
      if isOn(o) then isOn(o) := false
      if (not isOn(o)) then isOn(o) := true
      isToggled(o) := true
    ]
  }
  action sliceObject(Agent - Checkable a, Location - Checkable l, Obj - Checkable co, Obj - Checkable ko) {
    preconditions = [
      (sliceable(co) and (objectType(ko, knifeType) or objectType(ko, butterKnifeType)) and atLocation(a, l) and objectAtLocation(co, l) and holds(a, ko))
    ]
    effects = [
      isSliced(co) := true
    ]
  }
  action help(Agent - Checkable a) {
    preconditions = [
    ]
    effects = [
      checked(a) := true
    ]
  }
]

objects = [
  ReceptacleType: [sinkBasinType, microwaveType, fridgeType, deskType, bathtubBasinType, cabinetType, bedType, diningTableType, ottomanType, sideTableType]
  ObjectType: [knifeType, butterKnifeType, handTowelType, mugType, wateringCanType, tomatoType, penType, candleType, plungerType, panType]
  Checkable: [agent1, location1, location2, location3, location4, location5, location6, location7, location8, location9, location10, desk_1, bathtubBasin_2, cabinet_3, bed_4, diningTable_5, ottoman_6, sideTable_7, diningTable_8, microwave_9, bathtubBasin_10, handTowel_1, mug_2, butterKnife_3, wateringCan_4, handTowel_5, tomato_6, pen_7, candle_8, plunger_9, pan_10]
  Agent - Checkable: [agent1]
  Location - Checkable: [location1, location2, location3, location4, location5, location6, location7, location8, location9, location10]
  Receptacle - Checkable: [desk_1, bathtubBasin_2, cabinet_3, bed_4, diningTable_5, ottoman_6, sideTable_7, diningTable_8, microwave_9, bathtubBasin_10]
  Obj - Checkable: [handTowel_1, mug_2, butterKnife_3, wateringCan_4, handTowel_5, tomato_6, pen_7, candle_8, plunger_9, pan_10]
]

initial fluents default = [
  bool atLocation[a=Agent - Checkable, l=Location - Checkable] := false
  bool receptacleAtLocation[r=Receptacle - Checkable, l=Location - Checkable] := false
  bool objectAtLocation[o=Obj - Checkable, l=Location - Checkable] := false
  bool openable[r=Receptacle - Checkable] := false
  bool opened[r=Receptacle - Checkable] := false
  bool inReceptacle[o=Obj - Checkable, r=Receptacle - Checkable] := false
  bool isReceptacleObject[o=Obj - Checkable] := false
  bool inReceptacleObject[innerObject=Obj - Checkable, outObject=Obj - Checkable] := false
  bool isReceptacleObjectFull[o=Obj - Checkable] := false
  bool wasInReceptacle[o=Obj - Checkable, r=Receptacle - Checkable] := false
  bool checked[c=Checkable] := false
  bool examined[l=Location - Checkable] := false
  bool receptacleType[r=Receptacle - Checkable, rt=ReceptacleType] := false
  bool canContain[rt=ReceptacleType, ot=ObjectType] := false
  bool objectType[o=Obj - Checkable, t=ObjectType] := false
  bool holds[a=Agent - Checkable, o=Obj - Checkable] := false
  bool holdsAny[a=Agent - Checkable] := false
  bool holdsAnyReceptacleObject[a=Agent - Checkable] := false
  bool full[r=Receptacle - Checkable] := false
  bool isClean[o=Obj - Checkable] := false
  bool cleanable[o=Obj - Checkable] := false
  bool isHot[o=Obj - Checkable] := false
  bool heatable[o=Obj - Checkable] := false
  bool isCool[o=Obj - Checkable] := false
  bool coolable[o=Obj - Checkable] := false
  bool pickupable[o=Obj - Checkable] := false
  bool moveable[o=Obj - Checkable] := false
  bool toggleable[o=Obj - Checkable] := false
  bool isOn[o=Obj - Checkable] := false
  bool isToggled[o=Obj - Checkable] := false
  bool sliceable[o=Obj - Checkable] := false
  bool isSliced[o=Obj - Checkable] := false
]

initial values = [
  receptacleType(desk_1, deskType) := true
  receptacleType(bathtubBasin_2, bathtubBasinType) := true
  receptacleType(cabinet_3, cabinetType) := true
  receptacleType(bed_4, bedType) := true
  receptacleType(diningTable_5, diningTableType) := true
  receptacleType(ottoman_6, ottomanType) := true
  receptacleType(sideTable_7, sideTableType) := true
  receptacleType(diningTable_8, diningTableType) := true
  receptacleType(microwave_9, microwaveType) := true
  receptacleType(bathtubBasin_10, bathtubBasinType) := true
  objectType(handTowel_1, handTowelType) := true
  objectType(mug_2, mugType) := true
  objectType(butterKnife_3, butterKnifeType) := true
  objectType(wateringCan_4, wateringCanType) := true
  objectType(handTowel_5, handTowelType) := true
  objectType(tomato_6, tomatoType) := true
  objectType(pen_7, penType) := true
  objectType(candle_8, candleType) := true
  objectType(plunger_9, plungerType) := true
  objectType(pan_10, panType) := true
  canContain(deskType, mugType) := true
  canContain(deskType, wateringCanType) := true
  canContain(deskType, penType) := true
  canContain(deskType, candleType) := true
  canContain(bathtubBasinType, handTowelType) := true
  canContain(cabinetType, handTowelType) := true
  canContain(cabinetType, mugType) := true
  canContain(cabinetType, wateringCanType) := true
  canContain(cabinetType, candleType) := true
  canContain(cabinetType, plungerType) := true
  canContain(cabinetType, panType) := true
  canContain(diningTableType, handTowelType) := true
  canContain(diningTableType, mugType) := true
  canContain(diningTableType, butterKnifeType) := true
  canContain(diningTableType, wateringCanType) := true
  canContain(diningTableType, tomatoType) := true
  canContain(diningTableType, penType) := true
  canContain(diningTableType, candleType) := true
  canContain(diningTableType, panType) := true
  canContain(sideTableType, handTowelType) := true
  canContain(sideTableType, mugType) := true
  canContain(sideTableType, butterKnifeType) := true
  canContain(sideTableType, wateringCanType) := true
  canContain(sideTableType, tomatoType) := true
  canContain(sideTableType, penType) := true
  canContain(sideTableType, candleType) := true
  canContain(sideTableType, panType) := true
  canContain(microwaveType, mugType) := true
  canContain(microwaveType, tomatoType) := true
  pickupable(handTowel_1) := true
  pickupable(mug_2) := true
  isReceptacleObject(mug_2) := true
  cleanable(mug_2) := true
  heatable(mug_2) := true
  coolable(mug_2) := true
  pickupable(butterKnife_3) := true
  cleanable(butterKnife_3) := true
  pickupable(wateringCan_4) := true
  pickupable(handTowel_5) := true
  pickupable(tomato_6) := true
  cleanable(tomato_6) := true
  heatable(tomato_6) := true
  coolable(tomato_6) := true
  sliceable(tomato_6) := true
  pickupable(pen_7) := true
  pickupable(candle_8) := true
  pickupable(plunger_9) := true
  pickupable(pan_10) := true
  isReceptacleObject(pan_10) := true
  cleanable(pan_10) := true
  coolable(pan_10) := true
  receptacleAtLocation(desk_1, location8) := true
  receptacleAtLocation(bathtubBasin_2, location10) := true
  receptacleAtLocation(cabinet_3, location8) := true
  receptacleAtLocation(bed_4, location2) := true
  receptacleAtLocation(diningTable_5, location6) := true
  receptacleAtLocation(ottoman_6, location1) := true
  receptacleAtLocation(sideTable_7, location6) := true
  receptacleAtLocation(diningTable_8, location9) := true
  receptacleAtLocation(microwave_9, location8) := true
  receptacleAtLocation(bathtubBasin_10, location5) := true
  inReceptacle(mug_2, diningTable_8) := true
  inReceptacle(wateringCan_4, cabinet_3) := true
  inReceptacle(tomato_6, microwave_9) := true
  inReceptacle(pen_7, desk_1) := true
  inReceptacle(candle_8, diningTable_8) := true
  objectAtLocation(handTowel_1, location9) := true
  objectAtLocation(mug_2, location9) := true
  objectAtLocation(butterKnife_3, location2) := true
  objectAtLocation(wateringCan_4, location8) := true
  objectAtLocation(handTowel_5, location9) := true
  objectAtLocation(tomato_6, location8) := true
  objectAtLocation(pen_7, location8) := true
  objectAtLocation(candle_8, location9) := true
  objectAtLocation(plunger_9, location7) := true
  objectAtLocation(pan_10, location5) := true
  atLocation(agent1, location7) := true
]

goals = [
  Exists (Receptacle - Checkable r) Exists (Obj - Checkable o1) (inReceptacle(o1, r) and objectType(o1, handTowelType) and receptacleType(r, cabinetType) and Exists (Obj - Checkable o2) ((not (o1 == o2)) and objectType(o2, candleType) and receptacleType(r, cabinetType) and inReceptacle(o2, r)))
]

quality metrics = [
  minimize sequential-plan-length
]


2025-06-17 10:21:04,103 - INFO - Generating plan for unconstrained problem

2025-06-17 10:21:04,416 - INFO - Unconstrained plan generation time: 0.3130662441253662

