2025-06-17 11:16:28,671 - INFO - 
================= Seed: 66 =================

2025-06-17 11:16:28,672 - INFO - problem name = alfred

types = [ReceptacleType, ObjectType, Checkable, Agent - Checkable, Location - Checkable, Receptacle - Checkable, Obj - Checkable]

fluents = [
  bool atLocation[a=Agent - Checkable, l=Location - Checkable]
  bool receptacleAtLocation[r=Receptacle - Checkable, l=Location - Checkable]
  bool objectAtLocation[o=Obj - Checkable, l=Location - Checkable]
  bool openable[r=Receptacle - Checkable]
  bool opened[r=Receptacle - Checkable]
  bool inReceptacle[o=Obj - Checkable, r=Receptacle - Checkable]
  bool isReceptacleObject[o=Obj - Checkable]
  bool inReceptacleObject[innerObject=Obj - Checkable, outObject=Obj - Checkable]
  bool isReceptacleObjectFull[o=Obj - Checkable]
  bool wasInReceptacle[o=Obj - Checkable, r=Receptacle - Checkable]
  bool checked[c=Checkable]
  bool examined[l=Location - Checkable]
  bool receptacleType[r=Receptacle - Checkable, rt=ReceptacleType]
  bool canContain[rt=ReceptacleType, ot=ObjectType]
  bool objectType[o=Obj - Checkable, t=ObjectType]
  bool holds[a=Agent - Checkable, o=Obj - Checkable]
  bool holdsAny[a=Agent - Checkable]
  bool holdsAnyReceptacleObject[a=Agent - Checkable]
  bool full[r=Receptacle - Checkable]
  bool isClean[o=Obj - Checkable]
  bool cleanable[o=Obj - Checkable]
  bool isHot[o=Obj - Checkable]
  bool heatable[o=Obj - Checkable]
  bool isCool[o=Obj - Checkable]
  bool coolable[o=Obj - Checkable]
  bool pickupable[o=Obj - Checkable]
  bool moveable[o=Obj - Checkable]
  bool toggleable[o=Obj - Checkable]
  bool isOn[o=Obj - Checkable]
  bool isToggled[o=Obj - Checkable]
  bool sliceable[o=Obj - Checkable]
  bool isSliced[o=Obj - Checkable]
]

actions = [
  action look(Agent - Checkable a, Location - Checkable l) {
    preconditions = [
      atLocation(a, l)
    ]
    effects = [
      checked(l) := true
    ]
  }
  action inventory(Agent - Checkable a) {
    preconditions = [
    ]
    effects = [
      checked(a) := true
    ]
  }
  action examineReceptacle(Agent - Checkable a, Receptacle - Checkable r) {
    preconditions = [
      Exists (Location - Checkable l) (atLocation(a, l) and receptacleAtLocation(r, l))
    ]
    effects = [
      checked(r) := true
    ]
  }
  action examineObject(Agent - Checkable a, Obj - Checkable o) {
    preconditions = [
      (Exists (Location - Checkable l) Exists (Receptacle - Checkable r) (atLocation(a, l) and receptacleAtLocation(r, l) and inReceptacle(o, r) and ((not openable(r)) or opened(r))) or holds(a, o))
    ]
    effects = [
      checked(o) := true
    ]
  }
  action goToLocation(Agent - Checkable a, Location - Checkable lstart, Location - Checkable lend) {
    preconditions = [
      atLocation(a, lstart)
    ]
    effects = [
      atLocation(a, lstart) := false
      atLocation(a, lend) := true
    ]
  }
  action openObject(Agent - Checkable a, Location - Checkable l, Receptacle - Checkable r) {
    preconditions = [
      (openable(r) and atLocation(a, l) and receptacleAtLocation(r, l) and (not opened(r)))
    ]
    effects = [
      opened(r) := true
      checked(r) := true
    ]
  }
  action closeObject(Agent - Checkable a, Location - Checkable l, Receptacle - Checkable r) {
    preconditions = [
      (openable(r) and atLocation(a, l) and receptacleAtLocation(r, l) and opened(r))
    ]
    effects = [
      opened(r) := false
    ]
  }
  action pickupObject(Agent - Checkable a, Location - Checkable l, Obj - Checkable o, Receptacle - Checkable r) {
    preconditions = [
      (pickupable(o) and atLocation(a, l) and receptacleAtLocation(r, l) and inReceptacle(o, r) and (not holdsAny(a)) and ((not openable(r)) or opened(r)))
    ]
    effects = [
      inReceptacle(o, r) := false
      holds(a, o) := true
      holdsAny(a) := true
      objectAtLocation(o, l) := false
    ]
  }
  action putObject(Agent - Checkable a, Location - Checkable l, Obj - Checkable o, Receptacle - Checkable r, ObjectType ot, ReceptacleType rt) {
    preconditions = [
      (holds(a, o) and atLocation(a, l) and receptacleAtLocation(r, l) and ((not openable(r)) or opened(r)) and objectType(o, ot) and receptacleType(r, rt) and canContain(rt, ot))
    ]
    effects = [
      inReceptacle(o, r) := true
      objectAtLocation(o, l) := true
      holds(a, o) := false
      holdsAny(a) := false
    ]
  }
  action cleanObject(Agent - Checkable a, Location - Checkable l, Receptacle - Checkable r, Obj - Checkable o) {
    preconditions = [
      (cleanable(o) and receptacleType(r, sinkBasinType) and atLocation(a, l) and receptacleAtLocation(r, l) and holds(a, o))
    ]
    effects = [
      isClean(o) := true
    ]
  }
  action heatObject(Agent - Checkable a, Location - Checkable l, Receptacle - Checkable r, Obj - Checkable o) {
    preconditions = [
      (heatable(o) and receptacleType(r, microwaveType) and atLocation(a, l) and receptacleAtLocation(r, l) and holds(a, o))
    ]
    effects = [
      isHot(o) := true
      isCool(o) := false
    ]
  }
  action coolObject(Agent - Checkable a, Location - Checkable l, Receptacle - Checkable r, Obj - Checkable o) {
    preconditions = [
      (coolable(o) and receptacleType(r, fridgeType) and atLocation(a, l) and receptacleAtLocation(r, l) and holds(a, o))
    ]
    effects = [
      isCool(o) := true
      isHot(o) := false
    ]
  }
  action toggleObject(Agent - Checkable a, Location - Checkable l, Obj - Checkable o, Receptacle - Checkable r) {
    preconditions = [
      (toggleable(o) and atLocation(a, l) and receptacleAtLocation(r, l) and inReceptacle(o, r))
    ]
    effects = [
      if isOn(o) then isOn(o) := false
      if (not isOn(o)) then isOn(o) := true
      isToggled(o) := true
    ]
  }
  action sliceObject(Agent - Checkable a, Location - Checkable l, Obj - Checkable co, Obj - Checkable ko) {
    preconditions = [
      (sliceable(co) and (objectType(ko, knifeType) or objectType(ko, butterKnifeType)) and atLocation(a, l) and objectAtLocation(co, l) and holds(a, ko))
    ]
    effects = [
      isSliced(co) := true
    ]
  }
  action help(Agent - Checkable a) {
    preconditions = [
    ]
    effects = [
      checked(a) := true
    ]
  }
]

objects = [
  ReceptacleType: [sinkBasinType, microwaveType, fridgeType, shelfType, handTowelHolderType, coffeeTableType, toasterType, deskType, sideTableType, garbageCanType, cartType]
  ObjectType: [knifeType, butterKnifeType, wateringCanType, alarmClockType, watchType, panType, cellPhoneType, candleType, newspaperType, tissueBoxType, baseballBatType]
  Checkable: [agent1, location1, location2, location3, location4, location5, location6, location7, location8, location9, location10, shelf_1, handTowelHolder_2, coffeeTable_3, toaster_4, fridge_5, desk_6, sideTable_7, handTowelHolder_8, garbageCan_9, cart_10, microwave_11, fridge_12, wateringCan_1, alarmClock_2, watch_3, pan_4, cellPhone_5, candle_6, newspaper_7, tissueBox_8, baseballBat_9, pan_10]
  Agent - Checkable: [agent1]
  Location - Checkable: [location1, location2, location3, location4, location5, location6, location7, location8, location9, location10]
  Receptacle - Checkable: [shelf_1, handTowelHolder_2, coffeeTable_3, toaster_4, fridge_5, desk_6, sideTable_7, handTowelHolder_8, garbageCan_9, cart_10, microwave_11, fridge_12]
  Obj - Checkable: [wateringCan_1, alarmClock_2, watch_3, pan_4, cellPhone_5, candle_6, newspaper_7, tissueBox_8, baseballBat_9, pan_10]
]

initial fluents default = [
  bool atLocation[a=Agent - Checkable, l=Location - Checkable] := false
  bool receptacleAtLocation[r=Receptacle - Checkable, l=Location - Checkable] := false
  bool objectAtLocation[o=Obj - Checkable, l=Location - Checkable] := false
  bool openable[r=Receptacle - Checkable] := false
  bool opened[r=Receptacle - Checkable] := false
  bool inReceptacle[o=Obj - Checkable, r=Receptacle - Checkable] := false
  bool isReceptacleObject[o=Obj - Checkable] := false
  bool inReceptacleObject[innerObject=Obj - Checkable, outObject=Obj - Checkable] := false
  bool isReceptacleObjectFull[o=Obj - Checkable] := false
  bool wasInReceptacle[o=Obj - Checkable, r=Receptacle - Checkable] := false
  bool checked[c=Checkable] := false
  bool examined[l=Location - Checkable] := false
  bool receptacleType[r=Receptacle - Checkable, rt=ReceptacleType] := false
  bool canContain[rt=ReceptacleType, ot=ObjectType] := false
  bool objectType[o=Obj - Checkable, t=ObjectType] := false
  bool holds[a=Agent - Checkable, o=Obj - Checkable] := false
  bool holdsAny[a=Agent - Checkable] := false
  bool holdsAnyReceptacleObject[a=Agent - Checkable] := false
  bool full[r=Receptacle - Checkable] := false
  bool isClean[o=Obj - Checkable] := false
  bool cleanable[o=Obj - Checkable] := false
  bool isHot[o=Obj - Checkable] := false
  bool heatable[o=Obj - Checkable] := false
  bool isCool[o=Obj - Checkable] := false
  bool coolable[o=Obj - Checkable] := false
  bool pickupable[o=Obj - Checkable] := false
  bool moveable[o=Obj - Checkable] := false
  bool toggleable[o=Obj - Checkable] := false
  bool isOn[o=Obj - Checkable] := false
  bool isToggled[o=Obj - Checkable] := false
  bool sliceable[o=Obj - Checkable] := false
  bool isSliced[o=Obj - Checkable] := false
]

initial values = [
  receptacleType(shelf_1, shelfType) := true
  receptacleType(handTowelHolder_2, handTowelHolderType) := true
  receptacleType(coffeeTable_3, coffeeTableType) := true
  receptacleType(toaster_4, toasterType) := true
  receptacleType(fridge_5, fridgeType) := true
  receptacleType(desk_6, deskType) := true
  receptacleType(sideTable_7, sideTableType) := true
  receptacleType(handTowelHolder_8, handTowelHolderType) := true
  receptacleType(garbageCan_9, garbageCanType) := true
  receptacleType(cart_10, cartType) := true
  receptacleType(microwave_11, microwaveType) := true
  receptacleType(fridge_12, fridgeType) := true
  objectType(wateringCan_1, wateringCanType) := true
  objectType(alarmClock_2, alarmClockType) := true
  objectType(watch_3, watchType) := true
  objectType(pan_4, panType) := true
  objectType(cellPhone_5, cellPhoneType) := true
  objectType(candle_6, candleType) := true
  objectType(newspaper_7, newspaperType) := true
  objectType(tissueBox_8, tissueBoxType) := true
  objectType(baseballBat_9, baseballBatType) := true
  objectType(pan_10, panType) := true
  canContain(shelfType, wateringCanType) := true
  canContain(shelfType, alarmClockType) := true
  canContain(shelfType, watchType) := true
  canContain(shelfType, cellPhoneType) := true
  canContain(shelfType, candleType) := true
  canContain(shelfType, newspaperType) := true
  canContain(shelfType, tissueBoxType) := true
  canContain(coffeeTableType, wateringCanType) := true
  canContain(coffeeTableType, alarmClockType) := true
  canContain(coffeeTableType, watchType) := true
  canContain(coffeeTableType, panType) := true
  canContain(coffeeTableType, cellPhoneType) := true
  canContain(coffeeTableType, candleType) := true
  canContain(coffeeTableType, newspaperType) := true
  canContain(coffeeTableType, tissueBoxType) := true
  canContain(coffeeTableType, baseballBatType) := true
  canContain(fridgeType, panType) := true
  canContain(deskType, wateringCanType) := true
  canContain(deskType, alarmClockType) := true
  canContain(deskType, watchType) := true
  canContain(deskType, cellPhoneType) := true
  canContain(deskType, candleType) := true
  canContain(deskType, newspaperType) := true
  canContain(deskType, tissueBoxType) := true
  canContain(sideTableType, wateringCanType) := true
  canContain(sideTableType, alarmClockType) := true
  canContain(sideTableType, watchType) := true
  canContain(sideTableType, panType) := true
  canContain(sideTableType, cellPhoneType) := true
  canContain(sideTableType, candleType) := true
  canContain(sideTableType, newspaperType) := true
  canContain(sideTableType, tissueBoxType) := true
  canContain(sideTableType, baseballBatType) := true
  canContain(garbageCanType, newspaperType) := true
  canContain(garbageCanType, tissueBoxType) := true
  canContain(cartType, candleType) := true
  canContain(cartType, tissueBoxType) := true
  pickupable(wateringCan_1) := true
  pickupable(alarmClock_2) := true
  pickupable(watch_3) := true
  pickupable(pan_4) := true
  isReceptacleObject(pan_4) := true
  cleanable(pan_4) := true
  coolable(pan_4) := true
  pickupable(cellPhone_5) := true
  pickupable(candle_6) := true
  pickupable(newspaper_7) := true
  pickupable(tissueBox_8) := true
  pickupable(baseballBat_9) := true
  pickupable(pan_10) := true
  isReceptacleObject(pan_10) := true
  cleanable(pan_10) := true
  coolable(pan_10) := true
  receptacleAtLocation(shelf_1, location9) := true
  receptacleAtLocation(handTowelHolder_2, location1) := true
  receptacleAtLocation(coffeeTable_3, location9) := true
  receptacleAtLocation(toaster_4, location2) := true
  receptacleAtLocation(fridge_5, location7) := true
  receptacleAtLocation(desk_6, location3) := true
  receptacleAtLocation(sideTable_7, location6) := true
  receptacleAtLocation(handTowelHolder_8, location1) := true
  receptacleAtLocation(garbageCan_9, location1) := true
  receptacleAtLocation(cart_10, location4) := true
  receptacleAtLocation(microwave_11, location8) := true
  receptacleAtLocation(fridge_12, location10) := true
  inReceptacle(wateringCan_1, desk_6) := true
  inReceptacle(alarmClock_2, desk_6) := true
  inReceptacle(watch_3, desk_6) := true
  inReceptacle(pan_4, sideTable_7) := true
  inReceptacle(cellPhone_5, sideTable_7) := true
  inReceptacle(candle_6, shelf_1) := true
  inReceptacle(newspaper_7, desk_6) := true
  inReceptacle(tissueBox_8, cart_10) := true
  inReceptacle(baseballBat_9, sideTable_7) := true
  inReceptacle(pan_10, sideTable_7) := true
  objectAtLocation(wateringCan_1, location3) := true
  objectAtLocation(alarmClock_2, location3) := true
  objectAtLocation(watch_3, location3) := true
  objectAtLocation(pan_4, location6) := true
  objectAtLocation(cellPhone_5, location6) := true
  objectAtLocation(candle_6, location9) := true
  objectAtLocation(newspaper_7, location3) := true
  objectAtLocation(tissueBox_8, location4) := true
  objectAtLocation(baseballBat_9, location6) := true
  objectAtLocation(pan_10, location6) := true
  atLocation(agent1, location9) := true
]

goals = [
  Exists (Receptacle - Checkable r) Exists (Obj - Checkable o) (coolable(o) and objectType(o, panType) and receptacleType(r, coffeeTableType) and isCool(o) and inReceptacle(o, r))
]

quality metrics = [
  minimize sequential-plan-length
]


2025-06-17 11:16:28,678 - INFO - Generating plan for unconstrained problem

2025-06-17 11:16:29,144 - INFO - Unconstrained plan generation time: 0.4664335250854492

2025-06-17 11:16:29,144 - INFO - Unconstrained plan and cost: 
2025-06-17 11:16:29,144 - INFO - SequentialPlan:
    goToLocation(agent1, location9, location6)
    pickupObject(agent1, location6, pan_10, sideTable_7)
    goToLocation(agent1, location6, location10)
    coolObject(agent1, location10, fridge_12, pan_10)
    goToLocation(agent1, location10, location9)
    putObject(agent1, location9, pan_10, coffeeTable_3, panType, coffeeTableType)
2025-06-17 11:16:29,145 - INFO - 6
2025-06-17 11:16:29,420 - INFO - Sampled constraints:

2025-06-17 11:16:29,420 - INFO - Sometime((checked(location6) and checked(shelf_1)))
2025-06-17 11:16:29,420 - INFO - 
2025-06-17 11:16:29,420 - INFO - Generation time: 0.27542638778686523

2025-06-17 11:16:29,421 - INFO - Generating plan for constrained problem (with LiftedTCORE).

2025-06-17 11:16:29,461 - INFO - LiftedTCORE compilation time: 0.03994894027709961

2025-06-17 11:16:29,946 - INFO - Planning Time with LiftedTCORE's file: 0.48452091217041016

2025-06-17 11:16:29,946 - INFO - Plan found with LiftedTCORE + sym_bd: SequentialPlan:
    goToLocation(agent1, location9, location6)
    pickupObject(agent1, location6, pan_10, sideTable_7)
    look(agent1, location6)
    goToLocation(agent1, location6, location10)
    coolObject(agent1, location10, fridge_12, pan_10)
    goToLocation(agent1, location10, location9)
    examineReceptacle(agent1, shelf_1)
    putObject(agent1, location9, pan_10, coffeeTable_3, panType, coffeeTableType)
2025-06-17 11:16:29,946 - INFO - Seed: 66 is solvable

2025-06-17 11:16:29,947 - INFO - Unconstrained cost: 6
2025-06-17 11:16:29,947 - INFO - Constrained cost: 8
2025-06-17 11:16:29,947 - INFO - Seed: 66 Plan simulation is feasible
2025-06-17 11:16:29,947 - INFO - 
Seed: 66 
 Plan: [goToLocation(agent1, location9, location6), pickupObject(agent1, location6, pan_10, sideTable_7), look(agent1, location6), goToLocation(agent1, location6, location10), coolObject(agent1, location10, fridge_12, pan_10), goToLocation(agent1, location10, location9), examineReceptacle(agent1, shelf_1), putObject(agent1, location9, pan_10, coffeeTable_3, panType, coffeeTableType)]  
 Cost: 8

