2025-06-17 11:18:48,014 - INFO - 
================= Seed: 154 =================

2025-06-17 11:18:48,014 - INFO - problem name = alfred

types = [ReceptacleType, ObjectType, Checkable, Agent - Checkable, Location - Checkable, Receptacle - Checkable, Obj - Checkable]

fluents = [
  bool atLocation[a=Agent - Checkable, l=Location - Checkable]
  bool receptacleAtLocation[r=Receptacle - Checkable, l=Location - Checkable]
  bool objectAtLocation[o=Obj - Checkable, l=Location - Checkable]
  bool openable[r=Receptacle - Checkable]
  bool opened[r=Receptacle - Checkable]
  bool inReceptacle[o=Obj - Checkable, r=Receptacle - Checkable]
  bool isReceptacleObject[o=Obj - Checkable]
  bool inReceptacleObject[innerObject=Obj - Checkable, outObject=Obj - Checkable]
  bool isReceptacleObjectFull[o=Obj - Checkable]
  bool wasInReceptacle[o=Obj - Checkable, r=Receptacle - Checkable]
  bool checked[c=Checkable]
  bool examined[l=Location - Checkable]
  bool receptacleType[r=Receptacle - Checkable, rt=ReceptacleType]
  bool canContain[rt=ReceptacleType, ot=ObjectType]
  bool objectType[o=Obj - Checkable, t=ObjectType]
  bool holds[a=Agent - Checkable, o=Obj - Checkable]
  bool holdsAny[a=Agent - Checkable]
  bool holdsAnyReceptacleObject[a=Agent - Checkable]
  bool full[r=Receptacle - Checkable]
  bool isClean[o=Obj - Checkable]
  bool cleanable[o=Obj - Checkable]
  bool isHot[o=Obj - Checkable]
  bool heatable[o=Obj - Checkable]
  bool isCool[o=Obj - Checkable]
  bool coolable[o=Obj - Checkable]
  bool pickupable[o=Obj - Checkable]
  bool moveable[o=Obj - Checkable]
  bool toggleable[o=Obj - Checkable]
  bool isOn[o=Obj - Checkable]
  bool isToggled[o=Obj - Checkable]
  bool sliceable[o=Obj - Checkable]
  bool isSliced[o=Obj - Checkable]
]

actions = [
  action look(Agent - Checkable a, Location - Checkable l) {
    preconditions = [
      atLocation(a, l)
    ]
    effects = [
      checked(l) := true
    ]
  }
  action inventory(Agent - Checkable a) {
    preconditions = [
    ]
    effects = [
      checked(a) := true
    ]
  }
  action examineReceptacle(Agent - Checkable a, Receptacle - Checkable r) {
    preconditions = [
      Exists (Location - Checkable l) (atLocation(a, l) and receptacleAtLocation(r, l))
    ]
    effects = [
      checked(r) := true
    ]
  }
  action examineObject(Agent - Checkable a, Obj - Checkable o) {
    preconditions = [
      (Exists (Location - Checkable l) Exists (Receptacle - Checkable r) (atLocation(a, l) and receptacleAtLocation(r, l) and inReceptacle(o, r) and ((not openable(r)) or opened(r))) or holds(a, o))
    ]
    effects = [
      checked(o) := true
    ]
  }
  action goToLocation(Agent - Checkable a, Location - Checkable lstart, Location - Checkable lend) {
    preconditions = [
      atLocation(a, lstart)
    ]
    effects = [
      atLocation(a, lstart) := false
      atLocation(a, lend) := true
    ]
  }
  action openObject(Agent - Checkable a, Location - Checkable l, Receptacle - Checkable r) {
    preconditions = [
      (openable(r) and atLocation(a, l) and receptacleAtLocation(r, l) and (not opened(r)))
    ]
    effects = [
      opened(r) := true
      checked(r) := true
    ]
  }
  action closeObject(Agent - Checkable a, Location - Checkable l, Receptacle - Checkable r) {
    preconditions = [
      (openable(r) and atLocation(a, l) and receptacleAtLocation(r, l) and opened(r))
    ]
    effects = [
      opened(r) := false
    ]
  }
  action pickupObject(Agent - Checkable a, Location - Checkable l, Obj - Checkable o, Receptacle - Checkable r) {
    preconditions = [
      (pickupable(o) and atLocation(a, l) and receptacleAtLocation(r, l) and inReceptacle(o, r) and (not holdsAny(a)) and ((not openable(r)) or opened(r)))
    ]
    effects = [
      inReceptacle(o, r) := false
      holds(a, o) := true
      holdsAny(a) := true
      objectAtLocation(o, l) := false
    ]
  }
  action putObject(Agent - Checkable a, Location - Checkable l, Obj - Checkable o, Receptacle - Checkable r, ObjectType ot, ReceptacleType rt) {
    preconditions = [
      (holds(a, o) and atLocation(a, l) and receptacleAtLocation(r, l) and ((not openable(r)) or opened(r)) and objectType(o, ot) and receptacleType(r, rt) and canContain(rt, ot))
    ]
    effects = [
      inReceptacle(o, r) := true
      objectAtLocation(o, l) := true
      holds(a, o) := false
      holdsAny(a) := false
    ]
  }
  action cleanObject(Agent - Checkable a, Location - Checkable l, Receptacle - Checkable r, Obj - Checkable o) {
    preconditions = [
      (cleanable(o) and receptacleType(r, sinkBasinType) and atLocation(a, l) and receptacleAtLocation(r, l) and holds(a, o))
    ]
    effects = [
      isClean(o) := true
    ]
  }
  action heatObject(Agent - Checkable a, Location - Checkable l, Receptacle - Checkable r, Obj - Checkable o) {
    preconditions = [
      (heatable(o) and receptacleType(r, microwaveType) and atLocation(a, l) and receptacleAtLocation(r, l) and holds(a, o))
    ]
    effects = [
      isHot(o) := true
      isCool(o) := false
    ]
  }
  action coolObject(Agent - Checkable a, Location - Checkable l, Receptacle - Checkable r, Obj - Checkable o) {
    preconditions = [
      (coolable(o) and receptacleType(r, fridgeType) and atLocation(a, l) and receptacleAtLocation(r, l) and holds(a, o))
    ]
    effects = [
      isCool(o) := true
      isHot(o) := false
    ]
  }
  action toggleObject(Agent - Checkable a, Location - Checkable l, Obj - Checkable o, Receptacle - Checkable r) {
    preconditions = [
      (toggleable(o) and atLocation(a, l) and receptacleAtLocation(r, l) and inReceptacle(o, r))
    ]
    effects = [
      if isOn(o) then isOn(o) := false
      if (not isOn(o)) then isOn(o) := true
      isToggled(o) := true
    ]
  }
  action sliceObject(Agent - Checkable a, Location - Checkable l, Obj - Checkable co, Obj - Checkable ko) {
    preconditions = [
      (sliceable(co) and (objectType(ko, knifeType) or objectType(ko, butterKnifeType)) and atLocation(a, l) and objectAtLocation(co, l) and holds(a, ko))
    ]
    effects = [
      isSliced(co) := true
    ]
  }
  action help(Agent - Checkable a) {
    preconditions = [
    ]
    effects = [
      checked(a) := true
    ]
  }
]

objects = [
  ReceptacleType: [sinkBasinType, microwaveType, fridgeType, counterTopType, bedType, toasterType, deskType, diningTableType, toiletPaperHangerType, sideTableType, towelHolderType]
  ObjectType: [knifeType, butterKnifeType, laptopType, kettleType, potType, tomatoType, basketBallType, cupType, panType, plateType]
  Checkable: [agent1, location1, location2, location3, location4, location5, location6, location7, location8, location9, location10, counterTop_1, bed_2, toaster_3, desk_4, diningTable_5, toiletPaperHanger_6, bed_7, counterTop_8, sideTable_9, towelHolder_10, microwave_11, fridge_12, laptop_1, kettle_2, pot_3, tomato_4, basketBall_5, kettle_6, cup_7, kettle_8, pan_9, plate_10]
  Agent - Checkable: [agent1]
  Location - Checkable: [location1, location2, location3, location4, location5, location6, location7, location8, location9, location10]
  Receptacle - Checkable: [counterTop_1, bed_2, toaster_3, desk_4, diningTable_5, toiletPaperHanger_6, bed_7, counterTop_8, sideTable_9, towelHolder_10, microwave_11, fridge_12]
  Obj - Checkable: [laptop_1, kettle_2, pot_3, tomato_4, basketBall_5, kettle_6, cup_7, kettle_8, pan_9, plate_10]
]

initial fluents default = [
  bool atLocation[a=Agent - Checkable, l=Location - Checkable] := false
  bool receptacleAtLocation[r=Receptacle - Checkable, l=Location - Checkable] := false
  bool objectAtLocation[o=Obj - Checkable, l=Location - Checkable] := false
  bool openable[r=Receptacle - Checkable] := false
  bool opened[r=Receptacle - Checkable] := false
  bool inReceptacle[o=Obj - Checkable, r=Receptacle - Checkable] := false
  bool isReceptacleObject[o=Obj - Checkable] := false
  bool inReceptacleObject[innerObject=Obj - Checkable, outObject=Obj - Checkable] := false
  bool isReceptacleObjectFull[o=Obj - Checkable] := false
  bool wasInReceptacle[o=Obj - Checkable, r=Receptacle - Checkable] := false
  bool checked[c=Checkable] := false
  bool examined[l=Location - Checkable] := false
  bool receptacleType[r=Receptacle - Checkable, rt=ReceptacleType] := false
  bool canContain[rt=ReceptacleType, ot=ObjectType] := false
  bool objectType[o=Obj - Checkable, t=ObjectType] := false
  bool holds[a=Agent - Checkable, o=Obj - Checkable] := false
  bool holdsAny[a=Agent - Checkable] := false
  bool holdsAnyReceptacleObject[a=Agent - Checkable] := false
  bool full[r=Receptacle - Checkable] := false
  bool isClean[o=Obj - Checkable] := false
  bool cleanable[o=Obj - Checkable] := false
  bool isHot[o=Obj - Checkable] := false
  bool heatable[o=Obj - Checkable] := false
  bool isCool[o=Obj - Checkable] := false
  bool coolable[o=Obj - Checkable] := false
  bool pickupable[o=Obj - Checkable] := false
  bool moveable[o=Obj - Checkable] := false
  bool toggleable[o=Obj - Checkable] := false
  bool isOn[o=Obj - Checkable] := false
  bool isToggled[o=Obj - Checkable] := false
  bool sliceable[o=Obj - Checkable] := false
  bool isSliced[o=Obj - Checkable] := false
]

initial values = [
  receptacleType(counterTop_1, counterTopType) := true
  receptacleType(bed_2, bedType) := true
  receptacleType(toaster_3, toasterType) := true
  receptacleType(desk_4, deskType) := true
  receptacleType(diningTable_5, diningTableType) := true
  receptacleType(toiletPaperHanger_6, toiletPaperHangerType) := true
  receptacleType(bed_7, bedType) := true
  receptacleType(counterTop_8, counterTopType) := true
  receptacleType(sideTable_9, sideTableType) := true
  receptacleType(towelHolder_10, towelHolderType) := true
  receptacleType(microwave_11, microwaveType) := true
  receptacleType(fridge_12, fridgeType) := true
  objectType(laptop_1, laptopType) := true
  objectType(kettle_2, kettleType) := true
  objectType(pot_3, potType) := true
  objectType(tomato_4, tomatoType) := true
  objectType(basketBall_5, basketBallType) := true
  objectType(kettle_6, kettleType) := true
  objectType(cup_7, cupType) := true
  objectType(kettle_8, kettleType) := true
  objectType(pan_9, panType) := true
  objectType(plate_10, plateType) := true
  canContain(counterTopType, laptopType) := true
  canContain(counterTopType, kettleType) := true
  canContain(counterTopType, potType) := true
  canContain(counterTopType, tomatoType) := true
  canContain(counterTopType, basketBallType) := true
  canContain(counterTopType, cupType) := true
  canContain(counterTopType, panType) := true
  canContain(counterTopType, plateType) := true
  canContain(bedType, laptopType) := true
  canContain(bedType, basketBallType) := true
  canContain(deskType, laptopType) := true
  canContain(deskType, basketBallType) := true
  canContain(deskType, cupType) := true
  canContain(deskType, plateType) := true
  canContain(diningTableType, laptopType) := true
  canContain(diningTableType, kettleType) := true
  canContain(diningTableType, potType) := true
  canContain(diningTableType, tomatoType) := true
  canContain(diningTableType, basketBallType) := true
  canContain(diningTableType, cupType) := true
  canContain(diningTableType, panType) := true
  canContain(diningTableType, plateType) := true
  canContain(sideTableType, laptopType) := true
  canContain(sideTableType, kettleType) := true
  canContain(sideTableType, potType) := true
  canContain(sideTableType, tomatoType) := true
  canContain(sideTableType, basketBallType) := true
  canContain(sideTableType, cupType) := true
  canContain(sideTableType, panType) := true
  canContain(sideTableType, plateType) := true
  canContain(microwaveType, tomatoType) := true
  canContain(microwaveType, cupType) := true
  canContain(microwaveType, plateType) := true
  canContain(fridgeType, potType) := true
  canContain(fridgeType, tomatoType) := true
  canContain(fridgeType, cupType) := true
  canContain(fridgeType, panType) := true
  canContain(fridgeType, plateType) := true
  pickupable(laptop_1) := true
  pickupable(kettle_2) := true
  cleanable(kettle_2) := true
  pickupable(pot_3) := true
  isReceptacleObject(pot_3) := true
  cleanable(pot_3) := true
  coolable(pot_3) := true
  pickupable(tomato_4) := true
  cleanable(tomato_4) := true
  heatable(tomato_4) := true
  coolable(tomato_4) := true
  sliceable(tomato_4) := true
  pickupable(basketBall_5) := true
  pickupable(kettle_6) := true
  cleanable(kettle_6) := true
  pickupable(cup_7) := true
  isReceptacleObject(cup_7) := true
  cleanable(cup_7) := true
  heatable(cup_7) := true
  coolable(cup_7) := true
  pickupable(kettle_8) := true
  cleanable(kettle_8) := true
  pickupable(pan_9) := true
  isReceptacleObject(pan_9) := true
  cleanable(pan_9) := true
  coolable(pan_9) := true
  pickupable(plate_10) := true
  isReceptacleObject(plate_10) := true
  cleanable(plate_10) := true
  heatable(plate_10) := true
  coolable(plate_10) := true
  receptacleAtLocation(counterTop_1, location2) := true
  receptacleAtLocation(bed_2, location5) := true
  receptacleAtLocation(toaster_3, location5) := true
  receptacleAtLocation(desk_4, location3) := true
  receptacleAtLocation(diningTable_5, location1) := true
  receptacleAtLocation(toiletPaperHanger_6, location6) := true
  receptacleAtLocation(bed_7, location5) := true
  receptacleAtLocation(counterTop_8, location2) := true
  receptacleAtLocation(sideTable_9, location9) := true
  receptacleAtLocation(towelHolder_10, location8) := true
  receptacleAtLocation(microwave_11, location3) := true
  receptacleAtLocation(fridge_12, location1) := true
  inReceptacle(laptop_1, sideTable_9) := true
  inReceptacle(kettle_2, diningTable_5) := true
  inReceptacle(pot_3, counterTop_1) := true
  inReceptacle(tomato_4, sideTable_9) := true
  inReceptacle(basketBall_5, bed_2) := true
  inReceptacle(kettle_6, counterTop_8) := true
  inReceptacle(cup_7, desk_4) := true
  inReceptacle(kettle_8, sideTable_9) := true
  inReceptacle(pan_9, diningTable_5) := true
  inReceptacle(plate_10, counterTop_1) := true
  objectAtLocation(laptop_1, location9) := true
  objectAtLocation(kettle_2, location1) := true
  objectAtLocation(pot_3, location2) := true
  objectAtLocation(tomato_4, location9) := true
  objectAtLocation(basketBall_5, location5) := true
  objectAtLocation(kettle_6, location2) := true
  objectAtLocation(cup_7, location3) := true
  objectAtLocation(kettle_8, location9) := true
  objectAtLocation(pan_9, location1) := true
  objectAtLocation(plate_10, location2) := true
  atLocation(agent1, location1) := true
]

goals = [
  Exists (Receptacle - Checkable r) Exists (Obj - Checkable o) (inReceptacle(o, r) and objectType(o, plateType) and receptacleType(r, sideTableType))
]

quality metrics = [
  minimize sequential-plan-length
]


2025-06-17 11:18:48,016 - INFO - Generating plan for unconstrained problem

2025-06-17 11:18:48,721 - INFO - Unconstrained plan generation time: 0.7042748928070068

2025-06-17 11:18:48,721 - INFO - Unconstrained plan and cost: 
2025-06-17 11:18:48,721 - INFO - SequentialPlan:
    goToLocation(agent1, location1, location2)
    pickupObject(agent1, location2, plate_10, counterTop_1)
    goToLocation(agent1, location2, location9)
    putObject(agent1, location9, plate_10, sideTable_9, plateType, sideTableType)
2025-06-17 11:18:48,721 - INFO - 4
2025-06-17 11:18:48,950 - INFO - Sampled constraints:

2025-06-17 11:18:48,950 - INFO - Sometime((atLocation(agent1, location8) and checked(pot_3)))
2025-06-17 11:18:48,950 - INFO - 
2025-06-17 11:18:48,950 - INFO - Generation time: 0.2291707992553711

2025-06-17 11:18:48,951 - INFO - Generating plan for constrained problem (with LiftedTCORE).

2025-06-17 11:18:48,995 - INFO - LiftedTCORE compilation time: 0.043656349182128906

2025-06-17 11:18:49,453 - INFO - Planning Time with LiftedTCORE's file: 0.4579944610595703

2025-06-17 11:18:49,453 - INFO - Plan found with LiftedTCORE + sym_bd: SequentialPlan:
    goToLocation(agent1, location1, location2)
    pickupObject(agent1, location2, plate_10, counterTop_1)
    examineObject(agent1, pot_3)
    goToLocation(agent1, location2, location8)
    goToLocation(agent1, location8, location9)
    putObject(agent1, location9, plate_10, sideTable_9, plateType, sideTableType)
2025-06-17 11:18:49,454 - INFO - Seed: 154 is solvable

2025-06-17 11:18:49,454 - INFO - Unconstrained cost: 4
2025-06-17 11:18:49,454 - INFO - Constrained cost: 6
2025-06-17 11:18:49,454 - INFO - Seed: 154 Plan simulation is feasible
2025-06-17 11:18:49,454 - INFO - 
Seed: 154 
 Plan: [goToLocation(agent1, location1, location2), pickupObject(agent1, location2, plate_10, counterTop_1), examineObject(agent1, pot_3), goToLocation(agent1, location2, location8), goToLocation(agent1, location8, location9), putObject(agent1, location9, plate_10, sideTable_9, plateType, sideTableType)]  
 Cost: 6

