2025-06-17 10:23:03,140 - INFO - 
================= Seed: 853 =================

2025-06-17 10:23:03,144 - INFO - problem name = alfred

types = [ReceptacleType, ObjectType, Checkable, Agent - Checkable, Location - Checkable, Receptacle - Checkable, Obj - Checkable]

fluents = [
  bool atLocation[a=Agent - Checkable, l=Location - Checkable]
  bool receptacleAtLocation[r=Receptacle - Checkable, l=Location - Checkable]
  bool objectAtLocation[o=Obj - Checkable, l=Location - Checkable]
  bool openable[r=Receptacle - Checkable]
  bool opened[r=Receptacle - Checkable]
  bool inReceptacle[o=Obj - Checkable, r=Receptacle - Checkable]
  bool isReceptacleObject[o=Obj - Checkable]
  bool inReceptacleObject[innerObject=Obj - Checkable, outObject=Obj - Checkable]
  bool isReceptacleObjectFull[o=Obj - Checkable]
  bool wasInReceptacle[o=Obj - Checkable, r=Receptacle - Checkable]
  bool checked[c=Checkable]
  bool examined[l=Location - Checkable]
  bool receptacleType[r=Receptacle - Checkable, rt=ReceptacleType]
  bool canContain[rt=ReceptacleType, ot=ObjectType]
  bool objectType[o=Obj - Checkable, t=ObjectType]
  bool holds[a=Agent - Checkable, o=Obj - Checkable]
  bool holdsAny[a=Agent - Checkable]
  bool holdsAnyReceptacleObject[a=Agent - Checkable]
  bool full[r=Receptacle - Checkable]
  bool isClean[o=Obj - Checkable]
  bool cleanable[o=Obj - Checkable]
  bool isHot[o=Obj - Checkable]
  bool heatable[o=Obj - Checkable]
  bool isCool[o=Obj - Checkable]
  bool coolable[o=Obj - Checkable]
  bool pickupable[o=Obj - Checkable]
  bool moveable[o=Obj - Checkable]
  bool toggleable[o=Obj - Checkable]
  bool isOn[o=Obj - Checkable]
  bool isToggled[o=Obj - Checkable]
  bool sliceable[o=Obj - Checkable]
  bool isSliced[o=Obj - Checkable]
]

actions = [
  action look(Agent - Checkable a, Location - Checkable l) {
    preconditions = [
      atLocation(a, l)
    ]
    effects = [
      checked(l) := true
    ]
  }
  action inventory(Agent - Checkable a) {
    preconditions = [
    ]
    effects = [
      checked(a) := true
    ]
  }
  action examineReceptacle(Agent - Checkable a, Receptacle - Checkable r) {
    preconditions = [
      Exists (Location - Checkable l) (atLocation(a, l) and receptacleAtLocation(r, l))
    ]
    effects = [
      checked(r) := true
    ]
  }
  action examineObject(Agent - Checkable a, Obj - Checkable o) {
    preconditions = [
      (Exists (Location - Checkable l) Exists (Receptacle - Checkable r) (atLocation(a, l) and receptacleAtLocation(r, l) and inReceptacle(o, r) and ((not openable(r)) or opened(r))) or holds(a, o))
    ]
    effects = [
      checked(o) := true
    ]
  }
  action goToLocation(Agent - Checkable a, Location - Checkable lstart, Location - Checkable lend) {
    preconditions = [
      atLocation(a, lstart)
    ]
    effects = [
      atLocation(a, lstart) := false
      atLocation(a, lend) := true
    ]
  }
  action openObject(Agent - Checkable a, Location - Checkable l, Receptacle - Checkable r) {
    preconditions = [
      (openable(r) and atLocation(a, l) and receptacleAtLocation(r, l) and (not opened(r)))
    ]
    effects = [
      opened(r) := true
      checked(r) := true
    ]
  }
  action closeObject(Agent - Checkable a, Location - Checkable l, Receptacle - Checkable r) {
    preconditions = [
      (openable(r) and atLocation(a, l) and receptacleAtLocation(r, l) and opened(r))
    ]
    effects = [
      opened(r) := false
    ]
  }
  action pickupObject(Agent - Checkable a, Location - Checkable l, Obj - Checkable o, Receptacle - Checkable r) {
    preconditions = [
      (pickupable(o) and atLocation(a, l) and receptacleAtLocation(r, l) and inReceptacle(o, r) and (not holdsAny(a)) and ((not openable(r)) or opened(r)))
    ]
    effects = [
      inReceptacle(o, r) := false
      holds(a, o) := true
      holdsAny(a) := true
      objectAtLocation(o, l) := false
    ]
  }
  action putObject(Agent - Checkable a, Location - Checkable l, Obj - Checkable o, Receptacle - Checkable r, ObjectType ot, ReceptacleType rt) {
    preconditions = [
      (holds(a, o) and atLocation(a, l) and receptacleAtLocation(r, l) and ((not openable(r)) or opened(r)) and objectType(o, ot) and receptacleType(r, rt) and canContain(rt, ot))
    ]
    effects = [
      inReceptacle(o, r) := true
      objectAtLocation(o, l) := true
      holds(a, o) := false
      holdsAny(a) := false
    ]
  }
  action cleanObject(Agent - Checkable a, Location - Checkable l, Receptacle - Checkable r, Obj - Checkable o) {
    preconditions = [
      (cleanable(o) and receptacleType(r, sinkBasinType) and atLocation(a, l) and receptacleAtLocation(r, l) and holds(a, o))
    ]
    effects = [
      isClean(o) := true
    ]
  }
  action heatObject(Agent - Checkable a, Location - Checkable l, Receptacle - Checkable r, Obj - Checkable o) {
    preconditions = [
      (heatable(o) and receptacleType(r, microwaveType) and atLocation(a, l) and receptacleAtLocation(r, l) and holds(a, o))
    ]
    effects = [
      isHot(o) := true
      isCool(o) := false
    ]
  }
  action coolObject(Agent - Checkable a, Location - Checkable l, Receptacle - Checkable r, Obj - Checkable o) {
    preconditions = [
      (coolable(o) and receptacleType(r, fridgeType) and atLocation(a, l) and receptacleAtLocation(r, l) and holds(a, o))
    ]
    effects = [
      isCool(o) := true
      isHot(o) := false
    ]
  }
  action toggleObject(Agent - Checkable a, Location - Checkable l, Obj - Checkable o, Receptacle - Checkable r) {
    preconditions = [
      (toggleable(o) and atLocation(a, l) and receptacleAtLocation(r, l) and inReceptacle(o, r))
    ]
    effects = [
      if isOn(o) then isOn(o) := false
      if (not isOn(o)) then isOn(o) := true
      isToggled(o) := true
    ]
  }
  action sliceObject(Agent - Checkable a, Location - Checkable l, Obj - Checkable co, Obj - Checkable ko) {
    preconditions = [
      (sliceable(co) and (objectType(ko, knifeType) or objectType(ko, butterKnifeType)) and atLocation(a, l) and objectAtLocation(co, l) and holds(a, ko))
    ]
    effects = [
      isSliced(co) := true
    ]
  }
  action help(Agent - Checkable a) {
    preconditions = [
    ]
    effects = [
      checked(a) := true
    ]
  }
]

objects = [
  ReceptacleType: [sinkBasinType, microwaveType, fridgeType, diningTableType, handTowelHolderType, cartType, dresserType, stoveBurnerType, toasterType]
  ObjectType: [knifeType, butterKnifeType, remoteControlType, laptopType, wineBottleType, cellPhoneType, keyChainType, eggType, pencilType, soapBottleType, mugType, plateType]
  Checkable: [agent1, location1, location2, location3, location4, location5, location6, location7, location8, location9, location10, diningTable_1, handTowelHolder_2, cart_3, handTowelHolder_4, dresser_5, cart_6, stoveBurner_7, microwave_8, toaster_9, sinkBasin_10, remoteControl_1, laptop_2, wineBottle_3, cellPhone_4, keyChain_5, egg_6, pencil_7, soapBottle_8, mug_9, plate_10]
  Agent - Checkable: [agent1]
  Location - Checkable: [location1, location2, location3, location4, location5, location6, location7, location8, location9, location10]
  Receptacle - Checkable: [diningTable_1, handTowelHolder_2, cart_3, handTowelHolder_4, dresser_5, cart_6, stoveBurner_7, microwave_8, toaster_9, sinkBasin_10]
  Obj - Checkable: [remoteControl_1, laptop_2, wineBottle_3, cellPhone_4, keyChain_5, egg_6, pencil_7, soapBottle_8, mug_9, plate_10]
]

initial fluents default = [
  bool atLocation[a=Agent - Checkable, l=Location - Checkable] := false
  bool receptacleAtLocation[r=Receptacle - Checkable, l=Location - Checkable] := false
  bool objectAtLocation[o=Obj - Checkable, l=Location - Checkable] := false
  bool openable[r=Receptacle - Checkable] := false
  bool opened[r=Receptacle - Checkable] := false
  bool inReceptacle[o=Obj - Checkable, r=Receptacle - Checkable] := false
  bool isReceptacleObject[o=Obj - Checkable] := false
  bool inReceptacleObject[innerObject=Obj - Checkable, outObject=Obj - Checkable] := false
  bool isReceptacleObjectFull[o=Obj - Checkable] := false
  bool wasInReceptacle[o=Obj - Checkable, r=Receptacle - Checkable] := false
  bool checked[c=Checkable] := false
  bool examined[l=Location - Checkable] := false
  bool receptacleType[r=Receptacle - Checkable, rt=ReceptacleType] := false
  bool canContain[rt=ReceptacleType, ot=ObjectType] := false
  bool objectType[o=Obj - Checkable, t=ObjectType] := false
  bool holds[a=Agent - Checkable, o=Obj - Checkable] := false
  bool holdsAny[a=Agent - Checkable] := false
  bool holdsAnyReceptacleObject[a=Agent - Checkable] := false
  bool full[r=Receptacle - Checkable] := false
  bool isClean[o=Obj - Checkable] := false
  bool cleanable[o=Obj - Checkable] := false
  bool isHot[o=Obj - Checkable] := false
  bool heatable[o=Obj - Checkable] := false
  bool isCool[o=Obj - Checkable] := false
  bool coolable[o=Obj - Checkable] := false
  bool pickupable[o=Obj - Checkable] := false
  bool moveable[o=Obj - Checkable] := false
  bool toggleable[o=Obj - Checkable] := false
  bool isOn[o=Obj - Checkable] := false
  bool isToggled[o=Obj - Checkable] := false
  bool sliceable[o=Obj - Checkable] := false
  bool isSliced[o=Obj - Checkable] := false
]

initial values = [
  receptacleType(diningTable_1, diningTableType) := true
  receptacleType(handTowelHolder_2, handTowelHolderType) := true
  receptacleType(cart_3, cartType) := true
  receptacleType(handTowelHolder_4, handTowelHolderType) := true
  receptacleType(dresser_5, dresserType) := true
  receptacleType(cart_6, cartType) := true
  receptacleType(stoveBurner_7, stoveBurnerType) := true
  receptacleType(microwave_8, microwaveType) := true
  receptacleType(toaster_9, toasterType) := true
  receptacleType(sinkBasin_10, sinkBasinType) := true
  objectType(remoteControl_1, remoteControlType) := true
  objectType(laptop_2, laptopType) := true
  objectType(wineBottle_3, wineBottleType) := true
  objectType(cellPhone_4, cellPhoneType) := true
  objectType(keyChain_5, keyChainType) := true
  objectType(egg_6, eggType) := true
  objectType(pencil_7, pencilType) := true
  objectType(soapBottle_8, soapBottleType) := true
  objectType(mug_9, mugType) := true
  objectType(plate_10, plateType) := true
  canContain(diningTableType, remoteControlType) := true
  canContain(diningTableType, laptopType) := true
  canContain(diningTableType, wineBottleType) := true
  canContain(diningTableType, cellPhoneType) := true
  canContain(diningTableType, keyChainType) := true
  canContain(diningTableType, eggType) := true
  canContain(diningTableType, pencilType) := true
  canContain(diningTableType, soapBottleType) := true
  canContain(diningTableType, mugType) := true
  canContain(diningTableType, plateType) := true
  canContain(cartType, soapBottleType) := true
  canContain(cartType, mugType) := true
  canContain(dresserType, remoteControlType) := true
  canContain(dresserType, laptopType) := true
  canContain(dresserType, wineBottleType) := true
  canContain(dresserType, cellPhoneType) := true
  canContain(dresserType, keyChainType) := true
  canContain(dresserType, pencilType) := true
  canContain(dresserType, mugType) := true
  canContain(dresserType, plateType) := true
  canContain(microwaveType, eggType) := true
  canContain(microwaveType, mugType) := true
  canContain(microwaveType, plateType) := true
  canContain(sinkBasinType, eggType) := true
  canContain(sinkBasinType, mugType) := true
  canContain(sinkBasinType, plateType) := true
  pickupable(remoteControl_1) := true
  pickupable(laptop_2) := true
  pickupable(wineBottle_3) := true
  pickupable(cellPhone_4) := true
  pickupable(keyChain_5) := true
  pickupable(egg_6) := true
  cleanable(egg_6) := true
  heatable(egg_6) := true
  coolable(egg_6) := true
  sliceable(egg_6) := true
  pickupable(pencil_7) := true
  pickupable(soapBottle_8) := true
  pickupable(mug_9) := true
  isReceptacleObject(mug_9) := true
  cleanable(mug_9) := true
  heatable(mug_9) := true
  coolable(mug_9) := true
  pickupable(plate_10) := true
  isReceptacleObject(plate_10) := true
  cleanable(plate_10) := true
  heatable(plate_10) := true
  coolable(plate_10) := true
  receptacleAtLocation(diningTable_1, location3) := true
  receptacleAtLocation(handTowelHolder_2, location10) := true
  receptacleAtLocation(cart_3, location7) := true
  receptacleAtLocation(handTowelHolder_4, location3) := true
  receptacleAtLocation(dresser_5, location5) := true
  receptacleAtLocation(cart_6, location7) := true
  receptacleAtLocation(stoveBurner_7, location3) := true
  receptacleAtLocation(microwave_8, location3) := true
  receptacleAtLocation(toaster_9, location9) := true
  receptacleAtLocation(sinkBasin_10, location3) := true
  inReceptacle(wineBottle_3, diningTable_1) := true
  objectAtLocation(remoteControl_1, location10) := true
  objectAtLocation(laptop_2, location3) := true
  objectAtLocation(wineBottle_3, location3) := true
  objectAtLocation(cellPhone_4, location4) := true
  objectAtLocation(keyChain_5, location6) := true
  objectAtLocation(egg_6, location1) := true
  objectAtLocation(pencil_7, location8) := true
  objectAtLocation(soapBottle_8, location9) := true
  objectAtLocation(mug_9, location1) := true
  objectAtLocation(plate_10, location3) := true
  atLocation(agent1, location9) := true
]

goals = [
  Exists (Receptacle - Checkable r) Exists (Obj - Checkable o1) (inReceptacle(o1, r) and objectType(o1, cellPhoneType) and receptacleType(r, diningTableType) and Exists (Obj - Checkable o2) ((not (o1 == o2)) and objectType(o2, remoteControlType) and receptacleType(r, diningTableType) and inReceptacle(o2, r)))
]

quality metrics = [
  minimize sequential-plan-length
]


2025-06-17 10:23:03,146 - INFO - Generating plan for unconstrained problem

2025-06-17 10:23:03,484 - INFO - Unconstrained plan generation time: 0.3378567695617676

