2025-06-17 10:22:43,282 - INFO - 
================= Seed: 821 =================

2025-06-17 10:22:43,289 - INFO - problem name = alfred

types = [ReceptacleType, ObjectType, Checkable, Agent - Checkable, Location - Checkable, Receptacle - Checkable, Obj - Checkable]

fluents = [
  bool atLocation[a=Agent - Checkable, l=Location - Checkable]
  bool receptacleAtLocation[r=Receptacle - Checkable, l=Location - Checkable]
  bool objectAtLocation[o=Obj - Checkable, l=Location - Checkable]
  bool openable[r=Receptacle - Checkable]
  bool opened[r=Receptacle - Checkable]
  bool inReceptacle[o=Obj - Checkable, r=Receptacle - Checkable]
  bool isReceptacleObject[o=Obj - Checkable]
  bool inReceptacleObject[innerObject=Obj - Checkable, outObject=Obj - Checkable]
  bool isReceptacleObjectFull[o=Obj - Checkable]
  bool wasInReceptacle[o=Obj - Checkable, r=Receptacle - Checkable]
  bool checked[c=Checkable]
  bool examined[l=Location - Checkable]
  bool receptacleType[r=Receptacle - Checkable, rt=ReceptacleType]
  bool canContain[rt=ReceptacleType, ot=ObjectType]
  bool objectType[o=Obj - Checkable, t=ObjectType]
  bool holds[a=Agent - Checkable, o=Obj - Checkable]
  bool holdsAny[a=Agent - Checkable]
  bool holdsAnyReceptacleObject[a=Agent - Checkable]
  bool full[r=Receptacle - Checkable]
  bool isClean[o=Obj - Checkable]
  bool cleanable[o=Obj - Checkable]
  bool isHot[o=Obj - Checkable]
  bool heatable[o=Obj - Checkable]
  bool isCool[o=Obj - Checkable]
  bool coolable[o=Obj - Checkable]
  bool pickupable[o=Obj - Checkable]
  bool moveable[o=Obj - Checkable]
  bool toggleable[o=Obj - Checkable]
  bool isOn[o=Obj - Checkable]
  bool isToggled[o=Obj - Checkable]
  bool sliceable[o=Obj - Checkable]
  bool isSliced[o=Obj - Checkable]
]

actions = [
  action look(Agent - Checkable a, Location - Checkable l) {
    preconditions = [
      atLocation(a, l)
    ]
    effects = [
      checked(l) := true
    ]
  }
  action inventory(Agent - Checkable a) {
    preconditions = [
    ]
    effects = [
      checked(a) := true
    ]
  }
  action examineReceptacle(Agent - Checkable a, Receptacle - Checkable r) {
    preconditions = [
      Exists (Location - Checkable l) (atLocation(a, l) and receptacleAtLocation(r, l))
    ]
    effects = [
      checked(r) := true
    ]
  }
  action examineObject(Agent - Checkable a, Obj - Checkable o) {
    preconditions = [
      (Exists (Location - Checkable l) Exists (Receptacle - Checkable r) (atLocation(a, l) and receptacleAtLocation(r, l) and inReceptacle(o, r) and ((not openable(r)) or opened(r))) or holds(a, o))
    ]
    effects = [
      checked(o) := true
    ]
  }
  action goToLocation(Agent - Checkable a, Location - Checkable lstart, Location - Checkable lend) {
    preconditions = [
      atLocation(a, lstart)
    ]
    effects = [
      atLocation(a, lstart) := false
      atLocation(a, lend) := true
    ]
  }
  action openObject(Agent - Checkable a, Location - Checkable l, Receptacle - Checkable r) {
    preconditions = [
      (openable(r) and atLocation(a, l) and receptacleAtLocation(r, l) and (not opened(r)))
    ]
    effects = [
      opened(r) := true
      checked(r) := true
    ]
  }
  action closeObject(Agent - Checkable a, Location - Checkable l, Receptacle - Checkable r) {
    preconditions = [
      (openable(r) and atLocation(a, l) and receptacleAtLocation(r, l) and opened(r))
    ]
    effects = [
      opened(r) := false
    ]
  }
  action pickupObject(Agent - Checkable a, Location - Checkable l, Obj - Checkable o, Receptacle - Checkable r) {
    preconditions = [
      (pickupable(o) and atLocation(a, l) and receptacleAtLocation(r, l) and inReceptacle(o, r) and (not holdsAny(a)) and ((not openable(r)) or opened(r)))
    ]
    effects = [
      inReceptacle(o, r) := false
      holds(a, o) := true
      holdsAny(a) := true
      objectAtLocation(o, l) := false
    ]
  }
  action putObject(Agent - Checkable a, Location - Checkable l, Obj - Checkable o, Receptacle - Checkable r, ObjectType ot, ReceptacleType rt) {
    preconditions = [
      (holds(a, o) and atLocation(a, l) and receptacleAtLocation(r, l) and ((not openable(r)) or opened(r)) and objectType(o, ot) and receptacleType(r, rt) and canContain(rt, ot))
    ]
    effects = [
      inReceptacle(o, r) := true
      objectAtLocation(o, l) := true
      holds(a, o) := false
      holdsAny(a) := false
    ]
  }
  action cleanObject(Agent - Checkable a, Location - Checkable l, Receptacle - Checkable r, Obj - Checkable o) {
    preconditions = [
      (cleanable(o) and receptacleType(r, sinkBasinType) and atLocation(a, l) and receptacleAtLocation(r, l) and holds(a, o))
    ]
    effects = [
      isClean(o) := true
    ]
  }
  action heatObject(Agent - Checkable a, Location - Checkable l, Receptacle - Checkable r, Obj - Checkable o) {
    preconditions = [
      (heatable(o) and receptacleType(r, microwaveType) and atLocation(a, l) and receptacleAtLocation(r, l) and holds(a, o))
    ]
    effects = [
      isHot(o) := true
      isCool(o) := false
    ]
  }
  action coolObject(Agent - Checkable a, Location - Checkable l, Receptacle - Checkable r, Obj - Checkable o) {
    preconditions = [
      (coolable(o) and receptacleType(r, fridgeType) and atLocation(a, l) and receptacleAtLocation(r, l) and holds(a, o))
    ]
    effects = [
      isCool(o) := true
      isHot(o) := false
    ]
  }
  action toggleObject(Agent - Checkable a, Location - Checkable l, Obj - Checkable o, Receptacle - Checkable r) {
    preconditions = [
      (toggleable(o) and atLocation(a, l) and receptacleAtLocation(r, l) and inReceptacle(o, r))
    ]
    effects = [
      if isOn(o) then isOn(o) := false
      if (not isOn(o)) then isOn(o) := true
      isToggled(o) := true
    ]
  }
  action sliceObject(Agent - Checkable a, Location - Checkable l, Obj - Checkable co, Obj - Checkable ko) {
    preconditions = [
      (sliceable(co) and (objectType(ko, knifeType) or objectType(ko, butterKnifeType)) and atLocation(a, l) and objectAtLocation(co, l) and holds(a, ko))
    ]
    effects = [
      isSliced(co) := true
    ]
  }
  action help(Agent - Checkable a) {
    preconditions = [
    ]
    effects = [
      checked(a) := true
    ]
  }
]

objects = [
  ReceptacleType: [sinkBasinType, microwaveType, fridgeType, bathtubBasinType, toiletType, toiletPaperHangerType, handTowelHolderType, laundryHamperType, stoveBurnerType, deskType]
  ObjectType: [knifeType, butterKnifeType, clothType, tomatoType, paperTowelType, glassbottleType, mugType, toiletPaperType, alarmClockType, vaseType, bowlType]
  Checkable: [agent1, location1, location2, location3, location4, location5, location6, location7, location8, location9, location10, bathtubBasin_1, toilet_2, toiletPaperHanger_3, handTowelHolder_4, laundryHamper_5, stoveBurner_6, fridge_7, sinkBasin_8, desk_9, sinkBasin_10, cloth_1, tomato_2, paperTowel_3, glassbottle_4, mug_5, toiletPaper_6, alarmClock_7, toiletPaper_8, vase_9, bowl_10]
  Agent - Checkable: [agent1]
  Location - Checkable: [location1, location2, location3, location4, location5, location6, location7, location8, location9, location10]
  Receptacle - Checkable: [bathtubBasin_1, toilet_2, toiletPaperHanger_3, handTowelHolder_4, laundryHamper_5, stoveBurner_6, fridge_7, sinkBasin_8, desk_9, sinkBasin_10]
  Obj - Checkable: [cloth_1, tomato_2, paperTowel_3, glassbottle_4, mug_5, toiletPaper_6, alarmClock_7, toiletPaper_8, vase_9, bowl_10]
]

initial fluents default = [
  bool atLocation[a=Agent - Checkable, l=Location - Checkable] := false
  bool receptacleAtLocation[r=Receptacle - Checkable, l=Location - Checkable] := false
  bool objectAtLocation[o=Obj - Checkable, l=Location - Checkable] := false
  bool openable[r=Receptacle - Checkable] := false
  bool opened[r=Receptacle - Checkable] := false
  bool inReceptacle[o=Obj - Checkable, r=Receptacle - Checkable] := false
  bool isReceptacleObject[o=Obj - Checkable] := false
  bool inReceptacleObject[innerObject=Obj - Checkable, outObject=Obj - Checkable] := false
  bool isReceptacleObjectFull[o=Obj - Checkable] := false
  bool wasInReceptacle[o=Obj - Checkable, r=Receptacle - Checkable] := false
  bool checked[c=Checkable] := false
  bool examined[l=Location - Checkable] := false
  bool receptacleType[r=Receptacle - Checkable, rt=ReceptacleType] := false
  bool canContain[rt=ReceptacleType, ot=ObjectType] := false
  bool objectType[o=Obj - Checkable, t=ObjectType] := false
  bool holds[a=Agent - Checkable, o=Obj - Checkable] := false
  bool holdsAny[a=Agent - Checkable] := false
  bool holdsAnyReceptacleObject[a=Agent - Checkable] := false
  bool full[r=Receptacle - Checkable] := false
  bool isClean[o=Obj - Checkable] := false
  bool cleanable[o=Obj - Checkable] := false
  bool isHot[o=Obj - Checkable] := false
  bool heatable[o=Obj - Checkable] := false
  bool isCool[o=Obj - Checkable] := false
  bool coolable[o=Obj - Checkable] := false
  bool pickupable[o=Obj - Checkable] := false
  bool moveable[o=Obj - Checkable] := false
  bool toggleable[o=Obj - Checkable] := false
  bool isOn[o=Obj - Checkable] := false
  bool isToggled[o=Obj - Checkable] := false
  bool sliceable[o=Obj - Checkable] := false
  bool isSliced[o=Obj - Checkable] := false
]

initial values = [
  receptacleType(bathtubBasin_1, bathtubBasinType) := true
  receptacleType(toilet_2, toiletType) := true
  receptacleType(toiletPaperHanger_3, toiletPaperHangerType) := true
  receptacleType(handTowelHolder_4, handTowelHolderType) := true
  receptacleType(laundryHamper_5, laundryHamperType) := true
  receptacleType(stoveBurner_6, stoveBurnerType) := true
  receptacleType(fridge_7, fridgeType) := true
  receptacleType(sinkBasin_8, sinkBasinType) := true
  receptacleType(desk_9, deskType) := true
  receptacleType(sinkBasin_10, sinkBasinType) := true
  objectType(cloth_1, clothType) := true
  objectType(tomato_2, tomatoType) := true
  objectType(paperTowel_3, paperTowelType) := true
  objectType(glassbottle_4, glassbottleType) := true
  objectType(mug_5, mugType) := true
  objectType(toiletPaper_6, toiletPaperType) := true
  objectType(alarmClock_7, alarmClockType) := true
  objectType(toiletPaper_8, toiletPaperType) := true
  objectType(vase_9, vaseType) := true
  objectType(bowl_10, bowlType) := true
  canContain(bathtubBasinType, clothType) := true
  canContain(toiletType, clothType) := true
  canContain(toiletType, paperTowelType) := true
  canContain(toiletType, toiletPaperType) := true
  canContain(toiletPaperHangerType, toiletPaperType) := true
  canContain(laundryHamperType, clothType) := true
  canContain(fridgeType, tomatoType) := true
  canContain(fridgeType, glassbottleType) := true
  canContain(fridgeType, mugType) := true
  canContain(fridgeType, bowlType) := true
  canContain(sinkBasinType, clothType) := true
  canContain(sinkBasinType, tomatoType) := true
  canContain(sinkBasinType, glassbottleType) := true
  canContain(sinkBasinType, mugType) := true
  canContain(sinkBasinType, bowlType) := true
  canContain(deskType, clothType) := true
  canContain(deskType, glassbottleType) := true
  canContain(deskType, mugType) := true
  canContain(deskType, toiletPaperType) := true
  canContain(deskType, alarmClockType) := true
  canContain(deskType, vaseType) := true
  canContain(deskType, bowlType) := true
  pickupable(cloth_1) := true
  cleanable(cloth_1) := true
  pickupable(tomato_2) := true
  cleanable(tomato_2) := true
  heatable(tomato_2) := true
  coolable(tomato_2) := true
  sliceable(tomato_2) := true
  pickupable(paperTowel_3) := true
  pickupable(glassbottle_4) := true
  pickupable(mug_5) := true
  isReceptacleObject(mug_5) := true
  cleanable(mug_5) := true
  heatable(mug_5) := true
  coolable(mug_5) := true
  pickupable(toiletPaper_6) := true
  pickupable(alarmClock_7) := true
  pickupable(toiletPaper_8) := true
  pickupable(vase_9) := true
  pickupable(bowl_10) := true
  isReceptacleObject(bowl_10) := true
  cleanable(bowl_10) := true
  coolable(bowl_10) := true
  receptacleAtLocation(bathtubBasin_1, location2) := true
  receptacleAtLocation(toilet_2, location9) := true
  receptacleAtLocation(toiletPaperHanger_3, location7) := true
  receptacleAtLocation(handTowelHolder_4, location8) := true
  receptacleAtLocation(laundryHamper_5, location1) := true
  receptacleAtLocation(stoveBurner_6, location8) := true
  receptacleAtLocation(fridge_7, location9) := true
  receptacleAtLocation(sinkBasin_8, location3) := true
  receptacleAtLocation(desk_9, location8) := true
  receptacleAtLocation(sinkBasin_10, location5) := true
  inReceptacle(cloth_1, sinkBasin_10) := true
  inReceptacle(tomato_2, sinkBasin_8) := true
  inReceptacle(glassbottle_4, sinkBasin_10) := true
  inReceptacle(mug_5, sinkBasin_8) := true
  inReceptacle(toiletPaper_6, toilet_2) := true
  objectAtLocation(cloth_1, location5) := true
  objectAtLocation(tomato_2, location3) := true
  objectAtLocation(paperTowel_3, location4) := true
  objectAtLocation(glassbottle_4, location5) := true
  objectAtLocation(mug_5, location3) := true
  objectAtLocation(toiletPaper_6, location9) := true
  objectAtLocation(alarmClock_7, location4) := true
  objectAtLocation(toiletPaper_8, location10) := true
  objectAtLocation(vase_9, location10) := true
  objectAtLocation(bowl_10, location5) := true
  atLocation(agent1, location3) := true
]

goals = [
  Exists (Receptacle - Checkable r) Exists (Obj - Checkable o) (coolable(o) and objectType(o, mugType) and receptacleType(r, deskType) and isCool(o) and inReceptacle(o, r))
]

quality metrics = [
  minimize sequential-plan-length
]


2025-06-17 10:22:43,291 - INFO - Generating plan for unconstrained problem

2025-06-17 10:22:43,699 - INFO - Unconstrained plan generation time: 0.4083383083343506

2025-06-17 10:22:43,699 - INFO - Unconstrained plan and cost: 
2025-06-17 10:22:43,699 - INFO - SequentialPlan:
    pickupObject(agent1, location3, mug_5, sinkBasin_8)
    goToLocation(agent1, location3, location9)
    coolObject(agent1, location9, fridge_7, mug_5)
    goToLocation(agent1, location9, location8)
    putObject(agent1, location8, mug_5, desk_9, mugType, deskType)
2025-06-17 10:22:43,700 - INFO - 5
2025-06-17 10:22:43,898 - INFO - Sampled constraints:

2025-06-17 10:22:43,898 - INFO - Sometime(atLocation(agent1, location9))
2025-06-17 10:22:43,898 - INFO - Sometime-After(atLocation(agent1, location9), (atLocation(agent1, location2) or checked(laundryHamper_5)))
2025-06-17 10:22:43,898 - INFO - 
2025-06-17 10:22:43,898 - INFO - Generation time: 0.1983189582824707

2025-06-17 10:22:43,906 - INFO - Generating plan for constrained problem (with LiftedTCORE).

2025-06-17 10:22:43,958 - INFO - LiftedTCORE compilation time: 0.05127596855163574

2025-06-17 10:22:44,439 - INFO - Planning Time with LiftedTCORE's file: 0.4728109836578369

2025-06-17 10:22:44,439 - INFO - Plan found with LiftedTCORE + sym_bd: SequentialPlan:
    pickupObject(agent1, location3, mug_5, sinkBasin_8)
    goToLocation(agent1, location3, location9)
    coolObject(agent1, location9, fridge_7, mug_5)
    goToLocation(agent1, location9, location2)
    goToLocation(agent1, location2, location8)
    putObject(agent1, location8, mug_5, desk_9, mugType, deskType)
2025-06-17 10:22:44,439 - INFO - Seed: 821 is solvable

2025-06-17 10:22:44,439 - INFO - Unconstrained cost: 5
2025-06-17 10:22:44,439 - INFO - Constrained cost: 6
2025-06-17 10:22:44,439 - INFO - Seed: 821 Plan simulation is feasible
2025-06-17 10:22:44,439 - INFO - 
Seed: 821 
 Plan: [pickupObject(agent1, location3, mug_5, sinkBasin_8), goToLocation(agent1, location3, location9), coolObject(agent1, location9, fridge_7, mug_5), goToLocation(agent1, location9, location2), goToLocation(agent1, location2, location8), putObject(agent1, location8, mug_5, desk_9, mugType, deskType)]  
 Cost: 6

