2025-06-17 09:53:04,504 - INFO - 
================= Seed: 244 =================

2025-06-17 09:53:04,516 - INFO - problem name = alfred

types = [ReceptacleType, ObjectType, Checkable, Agent - Checkable, Location - Checkable, Receptacle - Checkable, Obj - Checkable]

fluents = [
  bool atLocation[a=Agent - Checkable, l=Location - Checkable]
  bool receptacleAtLocation[r=Receptacle - Checkable, l=Location - Checkable]
  bool objectAtLocation[o=Obj - Checkable, l=Location - Checkable]
  bool openable[r=Receptacle - Checkable]
  bool opened[r=Receptacle - Checkable]
  bool inReceptacle[o=Obj - Checkable, r=Receptacle - Checkable]
  bool isReceptacleObject[o=Obj - Checkable]
  bool inReceptacleObject[innerObject=Obj - Checkable, outObject=Obj - Checkable]
  bool isReceptacleObjectFull[o=Obj - Checkable]
  bool wasInReceptacle[o=Obj - Checkable, r=Receptacle - Checkable]
  bool checked[c=Checkable]
  bool examined[l=Location - Checkable]
  bool receptacleType[r=Receptacle - Checkable, rt=ReceptacleType]
  bool canContain[rt=ReceptacleType, ot=ObjectType]
  bool objectType[o=Obj - Checkable, t=ObjectType]
  bool holds[a=Agent - Checkable, o=Obj - Checkable]
  bool holdsAny[a=Agent - Checkable]
  bool holdsAnyReceptacleObject[a=Agent - Checkable]
  bool full[r=Receptacle - Checkable]
  bool isClean[o=Obj - Checkable]
  bool cleanable[o=Obj - Checkable]
  bool isHot[o=Obj - Checkable]
  bool heatable[o=Obj - Checkable]
  bool isCool[o=Obj - Checkable]
  bool coolable[o=Obj - Checkable]
  bool pickupable[o=Obj - Checkable]
  bool moveable[o=Obj - Checkable]
  bool toggleable[o=Obj - Checkable]
  bool isOn[o=Obj - Checkable]
  bool isToggled[o=Obj - Checkable]
  bool sliceable[o=Obj - Checkable]
  bool isSliced[o=Obj - Checkable]
]

actions = [
  action look(Agent - Checkable a, Location - Checkable l) {
    preconditions = [
      atLocation(a, l)
    ]
    effects = [
      checked(l) := true
    ]
  }
  action inventory(Agent - Checkable a) {
    preconditions = [
    ]
    effects = [
      checked(a) := true
    ]
  }
  action examineReceptacle(Agent - Checkable a, Receptacle - Checkable r) {
    preconditions = [
      Exists (Location - Checkable l) (atLocation(a, l) and receptacleAtLocation(r, l))
    ]
    effects = [
      checked(r) := true
    ]
  }
  action examineObject(Agent - Checkable a, Obj - Checkable o) {
    preconditions = [
      (Exists (Location - Checkable l) Exists (Receptacle - Checkable r) (atLocation(a, l) and receptacleAtLocation(r, l) and inReceptacle(o, r) and ((not openable(r)) or opened(r))) or holds(a, o))
    ]
    effects = [
      checked(o) := true
    ]
  }
  action goToLocation(Agent - Checkable a, Location - Checkable lstart, Location - Checkable lend) {
    preconditions = [
      atLocation(a, lstart)
    ]
    effects = [
      atLocation(a, lstart) := false
      atLocation(a, lend) := true
    ]
  }
  action openObject(Agent - Checkable a, Location - Checkable l, Receptacle - Checkable r) {
    preconditions = [
      (openable(r) and atLocation(a, l) and receptacleAtLocation(r, l) and (not opened(r)))
    ]
    effects = [
      opened(r) := true
      checked(r) := true
    ]
  }
  action closeObject(Agent - Checkable a, Location - Checkable l, Receptacle - Checkable r) {
    preconditions = [
      (openable(r) and atLocation(a, l) and receptacleAtLocation(r, l) and opened(r))
    ]
    effects = [
      opened(r) := false
    ]
  }
  action pickupObject(Agent - Checkable a, Location - Checkable l, Obj - Checkable o, Receptacle - Checkable r) {
    preconditions = [
      (pickupable(o) and atLocation(a, l) and receptacleAtLocation(r, l) and inReceptacle(o, r) and (not holdsAny(a)) and ((not openable(r)) or opened(r)))
    ]
    effects = [
      inReceptacle(o, r) := false
      holds(a, o) := true
      holdsAny(a) := true
      objectAtLocation(o, l) := false
    ]
  }
  action putObject(Agent - Checkable a, Location - Checkable l, Obj - Checkable o, Receptacle - Checkable r, ObjectType ot, ReceptacleType rt) {
    preconditions = [
      (holds(a, o) and atLocation(a, l) and receptacleAtLocation(r, l) and ((not openable(r)) or opened(r)) and objectType(o, ot) and receptacleType(r, rt) and canContain(rt, ot))
    ]
    effects = [
      inReceptacle(o, r) := true
      objectAtLocation(o, l) := true
      holds(a, o) := false
      holdsAny(a) := false
    ]
  }
  action cleanObject(Agent - Checkable a, Location - Checkable l, Receptacle - Checkable r, Obj - Checkable o) {
    preconditions = [
      (cleanable(o) and receptacleType(r, sinkBasinType) and atLocation(a, l) and receptacleAtLocation(r, l) and holds(a, o))
    ]
    effects = [
      isClean(o) := true
    ]
  }
  action heatObject(Agent - Checkable a, Location - Checkable l, Receptacle - Checkable r, Obj - Checkable o) {
    preconditions = [
      (heatable(o) and receptacleType(r, microwaveType) and atLocation(a, l) and receptacleAtLocation(r, l) and holds(a, o))
    ]
    effects = [
      isHot(o) := true
      isCool(o) := false
    ]
  }
  action coolObject(Agent - Checkable a, Location - Checkable l, Receptacle - Checkable r, Obj - Checkable o) {
    preconditions = [
      (coolable(o) and receptacleType(r, fridgeType) and atLocation(a, l) and receptacleAtLocation(r, l) and holds(a, o))
    ]
    effects = [
      isCool(o) := true
      isHot(o) := false
    ]
  }
  action toggleObject(Agent - Checkable a, Location - Checkable l, Obj - Checkable o, Receptacle - Checkable r) {
    preconditions = [
      (toggleable(o) and atLocation(a, l) and receptacleAtLocation(r, l) and inReceptacle(o, r))
    ]
    effects = [
      if isOn(o) then isOn(o) := false
      if (not isOn(o)) then isOn(o) := true
      isToggled(o) := true
    ]
  }
  action sliceObject(Agent - Checkable a, Location - Checkable l, Obj - Checkable co, Obj - Checkable ko) {
    preconditions = [
      (sliceable(co) and (objectType(ko, knifeType) or objectType(ko, butterKnifeType)) and atLocation(a, l) and objectAtLocation(co, l) and holds(a, ko))
    ]
    effects = [
      isSliced(co) := true
    ]
  }
  action help(Agent - Checkable a) {
    preconditions = [
    ]
    effects = [
      checked(a) := true
    ]
  }
]

objects = [
  ReceptacleType: [sinkBasinType, microwaveType, fridgeType, laundryHamperType, deskType, sofaType, coffeeTableType, diningTableType, bathtubBasinType, sideTableType, shelfType]
  ObjectType: [knifeType, butterKnifeType, clothType, sprayBottleType, paperTowelType, glassbottleType, lettuceType, pencilType, tissueBoxType, baseballBatType, boxType]
  Checkable: [agent1, location1, location2, location3, location4, location5, location6, location7, location8, location9, location10, laundryHamper_1, desk_2, desk_3, sofa_4, coffeeTable_5, diningTable_6, desk_7, bathtubBasin_8, sideTable_9, shelf_10, cloth_1, sprayBottle_2, paperTowel_3, glassbottle_4, glassbottle_5, lettuce_6, pencil_7, tissueBox_8, baseballBat_9, box_10]
  Agent - Checkable: [agent1]
  Location - Checkable: [location1, location2, location3, location4, location5, location6, location7, location8, location9, location10]
  Receptacle - Checkable: [laundryHamper_1, desk_2, desk_3, sofa_4, coffeeTable_5, diningTable_6, desk_7, bathtubBasin_8, sideTable_9, shelf_10]
  Obj - Checkable: [cloth_1, sprayBottle_2, paperTowel_3, glassbottle_4, glassbottle_5, lettuce_6, pencil_7, tissueBox_8, baseballBat_9, box_10]
]

initial fluents default = [
  bool atLocation[a=Agent - Checkable, l=Location - Checkable] := false
  bool receptacleAtLocation[r=Receptacle - Checkable, l=Location - Checkable] := false
  bool objectAtLocation[o=Obj - Checkable, l=Location - Checkable] := false
  bool openable[r=Receptacle - Checkable] := false
  bool opened[r=Receptacle - Checkable] := false
  bool inReceptacle[o=Obj - Checkable, r=Receptacle - Checkable] := false
  bool isReceptacleObject[o=Obj - Checkable] := false
  bool inReceptacleObject[innerObject=Obj - Checkable, outObject=Obj - Checkable] := false
  bool isReceptacleObjectFull[o=Obj - Checkable] := false
  bool wasInReceptacle[o=Obj - Checkable, r=Receptacle - Checkable] := false
  bool checked[c=Checkable] := false
  bool examined[l=Location - Checkable] := false
  bool receptacleType[r=Receptacle - Checkable, rt=ReceptacleType] := false
  bool canContain[rt=ReceptacleType, ot=ObjectType] := false
  bool objectType[o=Obj - Checkable, t=ObjectType] := false
  bool holds[a=Agent - Checkable, o=Obj - Checkable] := false
  bool holdsAny[a=Agent - Checkable] := false
  bool holdsAnyReceptacleObject[a=Agent - Checkable] := false
  bool full[r=Receptacle - Checkable] := false
  bool isClean[o=Obj - Checkable] := false
  bool cleanable[o=Obj - Checkable] := false
  bool isHot[o=Obj - Checkable] := false
  bool heatable[o=Obj - Checkable] := false
  bool isCool[o=Obj - Checkable] := false
  bool coolable[o=Obj - Checkable] := false
  bool pickupable[o=Obj - Checkable] := false
  bool moveable[o=Obj - Checkable] := false
  bool toggleable[o=Obj - Checkable] := false
  bool isOn[o=Obj - Checkable] := false
  bool isToggled[o=Obj - Checkable] := false
  bool sliceable[o=Obj - Checkable] := false
  bool isSliced[o=Obj - Checkable] := false
]

initial values = [
  receptacleType(laundryHamper_1, laundryHamperType) := true
  receptacleType(desk_2, deskType) := true
  receptacleType(desk_3, deskType) := true
  receptacleType(sofa_4, sofaType) := true
  receptacleType(coffeeTable_5, coffeeTableType) := true
  receptacleType(diningTable_6, diningTableType) := true
  receptacleType(desk_7, deskType) := true
  receptacleType(bathtubBasin_8, bathtubBasinType) := true
  receptacleType(sideTable_9, sideTableType) := true
  receptacleType(shelf_10, shelfType) := true
  objectType(cloth_1, clothType) := true
  objectType(sprayBottle_2, sprayBottleType) := true
  objectType(paperTowel_3, paperTowelType) := true
  objectType(glassbottle_4, glassbottleType) := true
  objectType(glassbottle_5, glassbottleType) := true
  objectType(lettuce_6, lettuceType) := true
  objectType(pencil_7, pencilType) := true
  objectType(tissueBox_8, tissueBoxType) := true
  objectType(baseballBat_9, baseballBatType) := true
  objectType(box_10, boxType) := true
  canContain(laundryHamperType, clothType) := true
  canContain(deskType, clothType) := true
  canContain(deskType, sprayBottleType) := true
  canContain(deskType, glassbottleType) := true
  canContain(deskType, pencilType) := true
  canContain(deskType, tissueBoxType) := true
  canContain(deskType, boxType) := true
  canContain(sofaType, clothType) := true
  canContain(sofaType, boxType) := true
  canContain(coffeeTableType, clothType) := true
  canContain(coffeeTableType, sprayBottleType) := true
  canContain(coffeeTableType, paperTowelType) := true
  canContain(coffeeTableType, glassbottleType) := true
  canContain(coffeeTableType, lettuceType) := true
  canContain(coffeeTableType, pencilType) := true
  canContain(coffeeTableType, tissueBoxType) := true
  canContain(coffeeTableType, baseballBatType) := true
  canContain(coffeeTableType, boxType) := true
  canContain(diningTableType, clothType) := true
  canContain(diningTableType, sprayBottleType) := true
  canContain(diningTableType, paperTowelType) := true
  canContain(diningTableType, glassbottleType) := true
  canContain(diningTableType, lettuceType) := true
  canContain(diningTableType, pencilType) := true
  canContain(diningTableType, tissueBoxType) := true
  canContain(diningTableType, baseballBatType) := true
  canContain(diningTableType, boxType) := true
  canContain(bathtubBasinType, clothType) := true
  canContain(sideTableType, clothType) := true
  canContain(sideTableType, sprayBottleType) := true
  canContain(sideTableType, paperTowelType) := true
  canContain(sideTableType, glassbottleType) := true
  canContain(sideTableType, lettuceType) := true
  canContain(sideTableType, pencilType) := true
  canContain(sideTableType, tissueBoxType) := true
  canContain(sideTableType, baseballBatType) := true
  canContain(sideTableType, boxType) := true
  canContain(shelfType, clothType) := true
  canContain(shelfType, sprayBottleType) := true
  canContain(shelfType, paperTowelType) := true
  canContain(shelfType, glassbottleType) := true
  canContain(shelfType, pencilType) := true
  canContain(shelfType, tissueBoxType) := true
  canContain(shelfType, boxType) := true
  pickupable(cloth_1) := true
  cleanable(cloth_1) := true
  pickupable(sprayBottle_2) := true
  pickupable(paperTowel_3) := true
  pickupable(glassbottle_4) := true
  pickupable(glassbottle_5) := true
  pickupable(lettuce_6) := true
  cleanable(lettuce_6) := true
  coolable(lettuce_6) := true
  sliceable(lettuce_6) := true
  pickupable(pencil_7) := true
  pickupable(tissueBox_8) := true
  pickupable(baseballBat_9) := true
  pickupable(box_10) := true
  isReceptacleObject(box_10) := true
  receptacleAtLocation(laundryHamper_1, location2) := true
  receptacleAtLocation(desk_2, location6) := true
  receptacleAtLocation(desk_3, location1) := true
  receptacleAtLocation(sofa_4, location7) := true
  receptacleAtLocation(coffeeTable_5, location6) := true
  receptacleAtLocation(diningTable_6, location8) := true
  receptacleAtLocation(desk_7, location2) := true
  receptacleAtLocation(bathtubBasin_8, location4) := true
  receptacleAtLocation(sideTable_9, location2) := true
  receptacleAtLocation(shelf_10, location8) := true
  inReceptacle(cloth_1, desk_3) := true
  inReceptacle(sprayBottle_2, desk_2) := true
  inReceptacle(glassbottle_4, sideTable_9) := true
  inReceptacle(glassbottle_5, shelf_10) := true
  inReceptacle(lettuce_6, sideTable_9) := true
  inReceptacle(baseballBat_9, sideTable_9) := true
  inReceptacle(box_10, diningTable_6) := true
  objectAtLocation(cloth_1, location1) := true
  objectAtLocation(sprayBottle_2, location6) := true
  objectAtLocation(paperTowel_3, location4) := true
  objectAtLocation(glassbottle_4, location2) := true
  objectAtLocation(glassbottle_5, location8) := true
  objectAtLocation(lettuce_6, location2) := true
  objectAtLocation(pencil_7, location2) := true
  objectAtLocation(tissueBox_8, location8) := true
  objectAtLocation(baseballBat_9, location2) := true
  objectAtLocation(box_10, location8) := true
  atLocation(agent1, location4) := true
]

goals = [
  Exists (Receptacle - Checkable r) Exists (Obj - Checkable o) (inReceptacle(o, r) and objectType(o, paperTowelType) and receptacleType(r, diningTableType))
]

quality metrics = [
  minimize sequential-plan-length
]


2025-06-17 09:53:04,520 - INFO - Generating plan for unconstrained problem

2025-06-17 09:53:04,881 - INFO - Unconstrained plan generation time: 0.3609001636505127

