2025-06-17 09:53:22,267 - INFO - 
================= Seed: 268 =================

2025-06-17 09:53:22,272 - INFO - problem name = alfred

types = [ReceptacleType, ObjectType, Checkable, Agent - Checkable, Location - Checkable, Receptacle - Checkable, Obj - Checkable]

fluents = [
  bool atLocation[a=Agent - Checkable, l=Location - Checkable]
  bool receptacleAtLocation[r=Receptacle - Checkable, l=Location - Checkable]
  bool objectAtLocation[o=Obj - Checkable, l=Location - Checkable]
  bool openable[r=Receptacle - Checkable]
  bool opened[r=Receptacle - Checkable]
  bool inReceptacle[o=Obj - Checkable, r=Receptacle - Checkable]
  bool isReceptacleObject[o=Obj - Checkable]
  bool inReceptacleObject[innerObject=Obj - Checkable, outObject=Obj - Checkable]
  bool isReceptacleObjectFull[o=Obj - Checkable]
  bool wasInReceptacle[o=Obj - Checkable, r=Receptacle - Checkable]
  bool checked[c=Checkable]
  bool examined[l=Location - Checkable]
  bool receptacleType[r=Receptacle - Checkable, rt=ReceptacleType]
  bool canContain[rt=ReceptacleType, ot=ObjectType]
  bool objectType[o=Obj - Checkable, t=ObjectType]
  bool holds[a=Agent - Checkable, o=Obj - Checkable]
  bool holdsAny[a=Agent - Checkable]
  bool holdsAnyReceptacleObject[a=Agent - Checkable]
  bool full[r=Receptacle - Checkable]
  bool isClean[o=Obj - Checkable]
  bool cleanable[o=Obj - Checkable]
  bool isHot[o=Obj - Checkable]
  bool heatable[o=Obj - Checkable]
  bool isCool[o=Obj - Checkable]
  bool coolable[o=Obj - Checkable]
  bool pickupable[o=Obj - Checkable]
  bool moveable[o=Obj - Checkable]
  bool toggleable[o=Obj - Checkable]
  bool isOn[o=Obj - Checkable]
  bool isToggled[o=Obj - Checkable]
  bool sliceable[o=Obj - Checkable]
  bool isSliced[o=Obj - Checkable]
]

actions = [
  action look(Agent - Checkable a, Location - Checkable l) {
    preconditions = [
      atLocation(a, l)
    ]
    effects = [
      checked(l) := true
    ]
  }
  action inventory(Agent - Checkable a) {
    preconditions = [
    ]
    effects = [
      checked(a) := true
    ]
  }
  action examineReceptacle(Agent - Checkable a, Receptacle - Checkable r) {
    preconditions = [
      Exists (Location - Checkable l) (atLocation(a, l) and receptacleAtLocation(r, l))
    ]
    effects = [
      checked(r) := true
    ]
  }
  action examineObject(Agent - Checkable a, Obj - Checkable o) {
    preconditions = [
      (Exists (Location - Checkable l) Exists (Receptacle - Checkable r) (atLocation(a, l) and receptacleAtLocation(r, l) and inReceptacle(o, r) and ((not openable(r)) or opened(r))) or holds(a, o))
    ]
    effects = [
      checked(o) := true
    ]
  }
  action goToLocation(Agent - Checkable a, Location - Checkable lstart, Location - Checkable lend) {
    preconditions = [
      atLocation(a, lstart)
    ]
    effects = [
      atLocation(a, lstart) := false
      atLocation(a, lend) := true
    ]
  }
  action openObject(Agent - Checkable a, Location - Checkable l, Receptacle - Checkable r) {
    preconditions = [
      (openable(r) and atLocation(a, l) and receptacleAtLocation(r, l) and (not opened(r)))
    ]
    effects = [
      opened(r) := true
      checked(r) := true
    ]
  }
  action closeObject(Agent - Checkable a, Location - Checkable l, Receptacle - Checkable r) {
    preconditions = [
      (openable(r) and atLocation(a, l) and receptacleAtLocation(r, l) and opened(r))
    ]
    effects = [
      opened(r) := false
    ]
  }
  action pickupObject(Agent - Checkable a, Location - Checkable l, Obj - Checkable o, Receptacle - Checkable r) {
    preconditions = [
      (pickupable(o) and atLocation(a, l) and receptacleAtLocation(r, l) and inReceptacle(o, r) and (not holdsAny(a)) and ((not openable(r)) or opened(r)))
    ]
    effects = [
      inReceptacle(o, r) := false
      holds(a, o) := true
      holdsAny(a) := true
      objectAtLocation(o, l) := false
    ]
  }
  action putObject(Agent - Checkable a, Location - Checkable l, Obj - Checkable o, Receptacle - Checkable r, ObjectType ot, ReceptacleType rt) {
    preconditions = [
      (holds(a, o) and atLocation(a, l) and receptacleAtLocation(r, l) and ((not openable(r)) or opened(r)) and objectType(o, ot) and receptacleType(r, rt) and canContain(rt, ot))
    ]
    effects = [
      inReceptacle(o, r) := true
      objectAtLocation(o, l) := true
      holds(a, o) := false
      holdsAny(a) := false
    ]
  }
  action cleanObject(Agent - Checkable a, Location - Checkable l, Receptacle - Checkable r, Obj - Checkable o) {
    preconditions = [
      (cleanable(o) and receptacleType(r, sinkBasinType) and atLocation(a, l) and receptacleAtLocation(r, l) and holds(a, o))
    ]
    effects = [
      isClean(o) := true
    ]
  }
  action heatObject(Agent - Checkable a, Location - Checkable l, Receptacle - Checkable r, Obj - Checkable o) {
    preconditions = [
      (heatable(o) and receptacleType(r, microwaveType) and atLocation(a, l) and receptacleAtLocation(r, l) and holds(a, o))
    ]
    effects = [
      isHot(o) := true
      isCool(o) := false
    ]
  }
  action coolObject(Agent - Checkable a, Location - Checkable l, Receptacle - Checkable r, Obj - Checkable o) {
    preconditions = [
      (coolable(o) and receptacleType(r, fridgeType) and atLocation(a, l) and receptacleAtLocation(r, l) and holds(a, o))
    ]
    effects = [
      isCool(o) := true
      isHot(o) := false
    ]
  }
  action toggleObject(Agent - Checkable a, Location - Checkable l, Obj - Checkable o, Receptacle - Checkable r) {
    preconditions = [
      (toggleable(o) and atLocation(a, l) and receptacleAtLocation(r, l) and inReceptacle(o, r))
    ]
    effects = [
      if isOn(o) then isOn(o) := false
      if (not isOn(o)) then isOn(o) := true
      isToggled(o) := true
    ]
  }
  action sliceObject(Agent - Checkable a, Location - Checkable l, Obj - Checkable co, Obj - Checkable ko) {
    preconditions = [
      (sliceable(co) and (objectType(ko, knifeType) or objectType(ko, butterKnifeType)) and atLocation(a, l) and objectAtLocation(co, l) and holds(a, ko))
    ]
    effects = [
      isSliced(co) := true
    ]
  }
  action help(Agent - Checkable a) {
    preconditions = [
    ]
    effects = [
      checked(a) := true
    ]
  }
]

objects = [
  ReceptacleType: [sinkBasinType, microwaveType, fridgeType, laundryHamperType, tvStandType, safeType, drawerType, deskType, coffeeTableType, bedType]
  ObjectType: [knifeType, butterKnifeType, creditCardType, dishSpongeType, glassbottleType, toiletPaperType, panType, sprayBottleType, pencilType, pillowType, boxType]
  Checkable: [agent1, location1, location2, location3, location4, location5, location6, location7, location8, location9, location10, laundryHamper_1, tvStand_2, safe_3, safe_4, microwave_5, drawer_6, desk_7, coffeeTable_8, bed_9, sinkBasin_10, creditCard_1, dishSponge_2, glassbottle_3, toiletPaper_4, pan_5, sprayBottle_6, pencil_7, creditCard_8, pillow_9, box_10]
  Agent - Checkable: [agent1]
  Location - Checkable: [location1, location2, location3, location4, location5, location6, location7, location8, location9, location10]
  Receptacle - Checkable: [laundryHamper_1, tvStand_2, safe_3, safe_4, microwave_5, drawer_6, desk_7, coffeeTable_8, bed_9, sinkBasin_10]
  Obj - Checkable: [creditCard_1, dishSponge_2, glassbottle_3, toiletPaper_4, pan_5, sprayBottle_6, pencil_7, creditCard_8, pillow_9, box_10]
]

initial fluents default = [
  bool atLocation[a=Agent - Checkable, l=Location - Checkable] := false
  bool receptacleAtLocation[r=Receptacle - Checkable, l=Location - Checkable] := false
  bool objectAtLocation[o=Obj - Checkable, l=Location - Checkable] := false
  bool openable[r=Receptacle - Checkable] := false
  bool opened[r=Receptacle - Checkable] := false
  bool inReceptacle[o=Obj - Checkable, r=Receptacle - Checkable] := false
  bool isReceptacleObject[o=Obj - Checkable] := false
  bool inReceptacleObject[innerObject=Obj - Checkable, outObject=Obj - Checkable] := false
  bool isReceptacleObjectFull[o=Obj - Checkable] := false
  bool wasInReceptacle[o=Obj - Checkable, r=Receptacle - Checkable] := false
  bool checked[c=Checkable] := false
  bool examined[l=Location - Checkable] := false
  bool receptacleType[r=Receptacle - Checkable, rt=ReceptacleType] := false
  bool canContain[rt=ReceptacleType, ot=ObjectType] := false
  bool objectType[o=Obj - Checkable, t=ObjectType] := false
  bool holds[a=Agent - Checkable, o=Obj - Checkable] := false
  bool holdsAny[a=Agent - Checkable] := false
  bool holdsAnyReceptacleObject[a=Agent - Checkable] := false
  bool full[r=Receptacle - Checkable] := false
  bool isClean[o=Obj - Checkable] := false
  bool cleanable[o=Obj - Checkable] := false
  bool isHot[o=Obj - Checkable] := false
  bool heatable[o=Obj - Checkable] := false
  bool isCool[o=Obj - Checkable] := false
  bool coolable[o=Obj - Checkable] := false
  bool pickupable[o=Obj - Checkable] := false
  bool moveable[o=Obj - Checkable] := false
  bool toggleable[o=Obj - Checkable] := false
  bool isOn[o=Obj - Checkable] := false
  bool isToggled[o=Obj - Checkable] := false
  bool sliceable[o=Obj - Checkable] := false
  bool isSliced[o=Obj - Checkable] := false
]

initial values = [
  receptacleType(laundryHamper_1, laundryHamperType) := true
  receptacleType(tvStand_2, tvStandType) := true
  receptacleType(safe_3, safeType) := true
  receptacleType(safe_4, safeType) := true
  receptacleType(microwave_5, microwaveType) := true
  receptacleType(drawer_6, drawerType) := true
  receptacleType(desk_7, deskType) := true
  receptacleType(coffeeTable_8, coffeeTableType) := true
  receptacleType(bed_9, bedType) := true
  receptacleType(sinkBasin_10, sinkBasinType) := true
  objectType(creditCard_1, creditCardType) := true
  objectType(dishSponge_2, dishSpongeType) := true
  objectType(glassbottle_3, glassbottleType) := true
  objectType(toiletPaper_4, toiletPaperType) := true
  objectType(pan_5, panType) := true
  objectType(sprayBottle_6, sprayBottleType) := true
  objectType(pencil_7, pencilType) := true
  objectType(creditCard_8, creditCardType) := true
  objectType(pillow_9, pillowType) := true
  objectType(box_10, boxType) := true
  canContain(safeType, creditCardType) := true
  canContain(microwaveType, glassbottleType) := true
  canContain(drawerType, creditCardType) := true
  canContain(drawerType, dishSpongeType) := true
  canContain(drawerType, toiletPaperType) := true
  canContain(drawerType, sprayBottleType) := true
  canContain(drawerType, pencilType) := true
  canContain(deskType, creditCardType) := true
  canContain(deskType, glassbottleType) := true
  canContain(deskType, toiletPaperType) := true
  canContain(deskType, sprayBottleType) := true
  canContain(deskType, pencilType) := true
  canContain(deskType, boxType) := true
  canContain(coffeeTableType, creditCardType) := true
  canContain(coffeeTableType, dishSpongeType) := true
  canContain(coffeeTableType, glassbottleType) := true
  canContain(coffeeTableType, toiletPaperType) := true
  canContain(coffeeTableType, panType) := true
  canContain(coffeeTableType, sprayBottleType) := true
  canContain(coffeeTableType, pencilType) := true
  canContain(coffeeTableType, boxType) := true
  canContain(bedType, pillowType) := true
  canContain(sinkBasinType, dishSpongeType) := true
  canContain(sinkBasinType, glassbottleType) := true
  canContain(sinkBasinType, panType) := true
  pickupable(creditCard_1) := true
  pickupable(dishSponge_2) := true
  cleanable(dishSponge_2) := true
  pickupable(glassbottle_3) := true
  pickupable(toiletPaper_4) := true
  pickupable(pan_5) := true
  isReceptacleObject(pan_5) := true
  cleanable(pan_5) := true
  coolable(pan_5) := true
  pickupable(sprayBottle_6) := true
  pickupable(pencil_7) := true
  pickupable(creditCard_8) := true
  pickupable(pillow_9) := true
  pickupable(box_10) := true
  isReceptacleObject(box_10) := true
  receptacleAtLocation(laundryHamper_1, location5) := true
  receptacleAtLocation(tvStand_2, location9) := true
  receptacleAtLocation(safe_3, location2) := true
  receptacleAtLocation(safe_4, location6) := true
  receptacleAtLocation(microwave_5, location3) := true
  receptacleAtLocation(drawer_6, location4) := true
  receptacleAtLocation(desk_7, location1) := true
  receptacleAtLocation(coffeeTable_8, location9) := true
  receptacleAtLocation(bed_9, location6) := true
  receptacleAtLocation(sinkBasin_10, location5) := true
  inReceptacle(creditCard_1, drawer_6) := true
  inReceptacle(pencil_7, desk_7) := true
  objectAtLocation(creditCard_1, location4) := true
  objectAtLocation(dishSponge_2, location4) := true
  objectAtLocation(glassbottle_3, location2) := true
  objectAtLocation(toiletPaper_4, location3) := true
  objectAtLocation(pan_5, location8) := true
  objectAtLocation(sprayBottle_6, location7) := true
  objectAtLocation(pencil_7, location1) := true
  objectAtLocation(creditCard_8, location3) := true
  objectAtLocation(pillow_9, location9) := true
  objectAtLocation(box_10, location3) := true
  atLocation(agent1, location10) := true
]

goals = [
  Exists (Receptacle - Checkable r) Exists (Obj - Checkable o1) (inReceptacle(o1, r) and objectType(o1, panType) and receptacleType(r, coffeeTableType) and Exists (Obj - Checkable o2) ((not (o1 == o2)) and objectType(o2, toiletPaperType) and receptacleType(r, coffeeTableType) and inReceptacle(o2, r)))
]

quality metrics = [
  minimize sequential-plan-length
]


2025-06-17 09:53:22,274 - INFO - Generating plan for unconstrained problem

2025-06-17 09:53:22,635 - INFO - Unconstrained plan generation time: 0.36060142517089844

