2025-08-13 11:09:52,407 - INFO - 
================= Seed: 1203 =================

2025-08-13 11:09:52,407 - INFO - problem name = alfred

types = [ReceptacleType, ObjectType, Checkable, Agent - Checkable, Location - Checkable, Receptacle - Checkable, Obj - Checkable]

fluents = [
  bool atLocation[a=Agent - Checkable, l=Location - Checkable]
  bool receptacleAtLocation[r=Receptacle - Checkable, l=Location - Checkable]
  bool objectAtLocation[o=Obj - Checkable, l=Location - Checkable]
  bool openable[r=Receptacle - Checkable]
  bool opened[r=Receptacle - Checkable]
  bool inReceptacle[o=Obj - Checkable, r=Receptacle - Checkable]
  bool isReceptacleObject[o=Obj - Checkable]
  bool inReceptacleObject[innerObject=Obj - Checkable, outObject=Obj - Checkable]
  bool isReceptacleObjectFull[o=Obj - Checkable]
  bool wasInReceptacle[o=Obj - Checkable, r=Receptacle - Checkable]
  bool checked[c=Checkable]
  bool examined[l=Location - Checkable]
  bool receptacleType[r=Receptacle - Checkable, rt=ReceptacleType]
  bool canContain[rt=ReceptacleType, ot=ObjectType]
  bool objectType[o=Obj - Checkable, t=ObjectType]
  bool holds[a=Agent - Checkable, o=Obj - Checkable]
  bool holdsAny[a=Agent - Checkable]
  bool holdsAnyReceptacleObject[a=Agent - Checkable]
  bool full[r=Receptacle - Checkable]
  bool isClean[o=Obj - Checkable]
  bool cleanable[o=Obj - Checkable]
  bool isHot[o=Obj - Checkable]
  bool heatable[o=Obj - Checkable]
  bool isCool[o=Obj - Checkable]
  bool coolable[o=Obj - Checkable]
  bool pickupable[o=Obj - Checkable]
  bool moveable[o=Obj - Checkable]
  bool toggleable[o=Obj - Checkable]
  bool isOn[o=Obj - Checkable]
  bool isToggled[o=Obj - Checkable]
  bool sliceable[o=Obj - Checkable]
  bool isSliced[o=Obj - Checkable]
]

actions = [
  action look(Agent - Checkable a, Location - Checkable l) {
    preconditions = [
      atLocation(a, l)
    ]
    effects = [
      checked(l) := true
    ]
  }
  action inventory(Agent - Checkable a) {
    preconditions = [
    ]
    effects = [
      checked(a) := true
    ]
  }
  action examineReceptacle(Agent - Checkable a, Receptacle - Checkable r) {
    preconditions = [
      Exists (Location - Checkable l) (atLocation(a, l) and receptacleAtLocation(r, l))
    ]
    effects = [
      checked(r) := true
    ]
  }
  action examineObject(Agent - Checkable a, Obj - Checkable o) {
    preconditions = [
      (Exists (Location - Checkable l) Exists (Receptacle - Checkable r) (atLocation(a, l) and receptacleAtLocation(r, l) and inReceptacle(o, r) and ((not openable(r)) or opened(r))) or holds(a, o))
    ]
    effects = [
      checked(o) := true
    ]
  }
  action goToLocation(Agent - Checkable a, Location - Checkable lstart, Location - Checkable lend) {
    preconditions = [
      atLocation(a, lstart)
    ]
    effects = [
      atLocation(a, lstart) := false
      atLocation(a, lend) := true
    ]
  }
  action openObject(Agent - Checkable a, Location - Checkable l, Receptacle - Checkable r) {
    preconditions = [
      (openable(r) and atLocation(a, l) and receptacleAtLocation(r, l) and (not opened(r)))
    ]
    effects = [
      opened(r) := true
      checked(r) := true
    ]
  }
  action closeObject(Agent - Checkable a, Location - Checkable l, Receptacle - Checkable r) {
    preconditions = [
      (openable(r) and atLocation(a, l) and receptacleAtLocation(r, l) and opened(r))
    ]
    effects = [
      opened(r) := false
    ]
  }
  action pickupObject(Agent - Checkable a, Location - Checkable l, Obj - Checkable o, Receptacle - Checkable r) {
    preconditions = [
      (pickupable(o) and atLocation(a, l) and receptacleAtLocation(r, l) and inReceptacle(o, r) and (not holdsAny(a)) and ((not openable(r)) or opened(r)))
    ]
    effects = [
      inReceptacle(o, r) := false
      holds(a, o) := true
      holdsAny(a) := true
      objectAtLocation(o, l) := false
    ]
  }
  action putObject(Agent - Checkable a, Location - Checkable l, Obj - Checkable o, Receptacle - Checkable r, ObjectType ot, ReceptacleType rt) {
    preconditions = [
      (holds(a, o) and atLocation(a, l) and receptacleAtLocation(r, l) and ((not openable(r)) or opened(r)) and objectType(o, ot) and receptacleType(r, rt) and canContain(rt, ot))
    ]
    effects = [
      inReceptacle(o, r) := true
      objectAtLocation(o, l) := true
      holds(a, o) := false
      holdsAny(a) := false
    ]
  }
  action cleanObject(Agent - Checkable a, Location - Checkable l, Receptacle - Checkable r, Obj - Checkable o) {
    preconditions = [
      (cleanable(o) and receptacleType(r, sinkBasinType) and atLocation(a, l) and receptacleAtLocation(r, l) and holds(a, o))
    ]
    effects = [
      isClean(o) := true
    ]
  }
  action heatObject(Agent - Checkable a, Location - Checkable l, Receptacle - Checkable r, Obj - Checkable o) {
    preconditions = [
      (heatable(o) and receptacleType(r, microwaveType) and atLocation(a, l) and receptacleAtLocation(r, l) and holds(a, o))
    ]
    effects = [
      isHot(o) := true
      isCool(o) := false
    ]
  }
  action coolObject(Agent - Checkable a, Location - Checkable l, Receptacle - Checkable r, Obj - Checkable o) {
    preconditions = [
      (coolable(o) and receptacleType(r, fridgeType) and atLocation(a, l) and receptacleAtLocation(r, l) and holds(a, o))
    ]
    effects = [
      isCool(o) := true
      isHot(o) := false
    ]
  }
  action toggleObject(Agent - Checkable a, Location - Checkable l, Obj - Checkable o, Receptacle - Checkable r) {
    preconditions = [
      (toggleable(o) and atLocation(a, l) and receptacleAtLocation(r, l) and inReceptacle(o, r))
    ]
    effects = [
      if isOn(o) then isOn(o) := false
      if (not isOn(o)) then isOn(o) := true
      isToggled(o) := true
    ]
  }
  action sliceObject(Agent - Checkable a, Location - Checkable l, Obj - Checkable co, Obj - Checkable ko) {
    preconditions = [
      (sliceable(co) and (objectType(ko, knifeType) or objectType(ko, butterKnifeType)) and atLocation(a, l) and objectAtLocation(co, l) and holds(a, ko))
    ]
    effects = [
      isSliced(co) := true
    ]
  }
  action help(Agent - Checkable a) {
    preconditions = [
    ]
    effects = [
      checked(a) := true
    ]
  }
]

objects = [
  ReceptacleType: [sinkBasinType, microwaveType, fridgeType, bedType, counterTopType, stoveBurnerType, coffeeMachineType, ottomanType]
  ObjectType: [knifeType, butterKnifeType, remoteControlType, saltShakerType, tomatoType, glassbottleType, plateType]
  Checkable: [agent1, location1, location2, location3, location4, location5, bed_1, counterTop_2, stoveBurner_3, coffeeMachine_4, ottoman_5, microwave_6, fridge_7, remoteControl_1, saltShaker_2, tomato_3, glassbottle_4, plate_5]
  Agent - Checkable: [agent1]
  Location - Checkable: [location1, location2, location3, location4, location5]
  Receptacle - Checkable: [bed_1, counterTop_2, stoveBurner_3, coffeeMachine_4, ottoman_5, microwave_6, fridge_7]
  Obj - Checkable: [remoteControl_1, saltShaker_2, tomato_3, glassbottle_4, plate_5]
]

initial fluents default = [
  bool atLocation[a=Agent - Checkable, l=Location - Checkable] := false
  bool receptacleAtLocation[r=Receptacle - Checkable, l=Location - Checkable] := false
  bool objectAtLocation[o=Obj - Checkable, l=Location - Checkable] := false
  bool openable[r=Receptacle - Checkable] := false
  bool opened[r=Receptacle - Checkable] := false
  bool inReceptacle[o=Obj - Checkable, r=Receptacle - Checkable] := false
  bool isReceptacleObject[o=Obj - Checkable] := false
  bool inReceptacleObject[innerObject=Obj - Checkable, outObject=Obj - Checkable] := false
  bool isReceptacleObjectFull[o=Obj - Checkable] := false
  bool wasInReceptacle[o=Obj - Checkable, r=Receptacle - Checkable] := false
  bool checked[c=Checkable] := false
  bool examined[l=Location - Checkable] := false
  bool receptacleType[r=Receptacle - Checkable, rt=ReceptacleType] := false
  bool canContain[rt=ReceptacleType, ot=ObjectType] := false
  bool objectType[o=Obj - Checkable, t=ObjectType] := false
  bool holds[a=Agent - Checkable, o=Obj - Checkable] := false
  bool holdsAny[a=Agent - Checkable] := false
  bool holdsAnyReceptacleObject[a=Agent - Checkable] := false
  bool full[r=Receptacle - Checkable] := false
  bool isClean[o=Obj - Checkable] := false
  bool cleanable[o=Obj - Checkable] := false
  bool isHot[o=Obj - Checkable] := false
  bool heatable[o=Obj - Checkable] := false
  bool isCool[o=Obj - Checkable] := false
  bool coolable[o=Obj - Checkable] := false
  bool pickupable[o=Obj - Checkable] := false
  bool moveable[o=Obj - Checkable] := false
  bool toggleable[o=Obj - Checkable] := false
  bool isOn[o=Obj - Checkable] := false
  bool isToggled[o=Obj - Checkable] := false
  bool sliceable[o=Obj - Checkable] := false
  bool isSliced[o=Obj - Checkable] := false
]

initial values = [
  receptacleType(bed_1, bedType) := true
  receptacleType(counterTop_2, counterTopType) := true
  receptacleType(stoveBurner_3, stoveBurnerType) := true
  receptacleType(coffeeMachine_4, coffeeMachineType) := true
  receptacleType(ottoman_5, ottomanType) := true
  receptacleType(microwave_6, microwaveType) := true
  receptacleType(fridge_7, fridgeType) := true
  objectType(remoteControl_1, remoteControlType) := true
  objectType(saltShaker_2, saltShakerType) := true
  objectType(tomato_3, tomatoType) := true
  objectType(glassbottle_4, glassbottleType) := true
  objectType(plate_5, plateType) := true
  canContain(counterTopType, remoteControlType) := true
  canContain(counterTopType, saltShakerType) := true
  canContain(counterTopType, tomatoType) := true
  canContain(counterTopType, glassbottleType) := true
  canContain(counterTopType, plateType) := true
  canContain(ottomanType, remoteControlType) := true
  canContain(microwaveType, tomatoType) := true
  canContain(microwaveType, glassbottleType) := true
  canContain(microwaveType, plateType) := true
  canContain(fridgeType, tomatoType) := true
  canContain(fridgeType, glassbottleType) := true
  canContain(fridgeType, plateType) := true
  pickupable(remoteControl_1) := true
  pickupable(saltShaker_2) := true
  pickupable(tomato_3) := true
  cleanable(tomato_3) := true
  heatable(tomato_3) := true
  coolable(tomato_3) := true
  sliceable(tomato_3) := true
  pickupable(glassbottle_4) := true
  pickupable(plate_5) := true
  isReceptacleObject(plate_5) := true
  cleanable(plate_5) := true
  heatable(plate_5) := true
  coolable(plate_5) := true
  receptacleAtLocation(bed_1, location3) := true
  receptacleAtLocation(counterTop_2, location2) := true
  receptacleAtLocation(stoveBurner_3, location4) := true
  receptacleAtLocation(coffeeMachine_4, location5) := true
  receptacleAtLocation(ottoman_5, location3) := true
  receptacleAtLocation(microwave_6, location2) := true
  receptacleAtLocation(fridge_7, location5) := true
  inReceptacle(remoteControl_1, counterTop_2) := true
  inReceptacle(saltShaker_2, counterTop_2) := true
  inReceptacle(tomato_3, counterTop_2) := true
  inReceptacle(glassbottle_4, microwave_6) := true
  inReceptacle(plate_5, counterTop_2) := true
  objectAtLocation(remoteControl_1, location2) := true
  objectAtLocation(saltShaker_2, location2) := true
  objectAtLocation(tomato_3, location2) := true
  objectAtLocation(glassbottle_4, location2) := true
  objectAtLocation(plate_5, location2) := true
  atLocation(agent1, location1) := true
]

goals = [
  Exists (Receptacle - Checkable r) Exists (Obj - Checkable o) (coolable(o) and objectType(o, tomatoType) and receptacleType(r, counterTopType) and isCool(o) and inReceptacle(o, r))
]

quality metrics = [
  minimize sequential-plan-length
]


2025-08-13 11:09:52,408 - INFO - Generating plan for unconstrained problem

2025-08-13 11:09:52,849 - INFO - Unconstrained plan generation time: 0.44020867347717285

2025-08-13 11:09:52,849 - INFO - Unconstrained plan and cost: 
2025-08-13 11:09:52,849 - INFO - SequentialPlan:
    goToLocation(agent1, location1, location2)
    pickupObject(agent1, location2, tomato_3, counterTop_2)
    goToLocation(agent1, location2, location5)
    coolObject(agent1, location5, fridge_7, tomato_3)
    goToLocation(agent1, location5, location2)
    putObject(agent1, location2, tomato_3, counterTop_2, tomatoType, counterTopType)
2025-08-13 11:09:52,850 - INFO - 6
2025-08-13 11:09:54,280 - INFO - Sampled constraints:

2025-08-13 11:09:54,281 - INFO - Sometime(checked(plate_5))
2025-08-13 11:09:54,281 - INFO - Sometime(holds(agent1, tomato_3))
2025-08-13 11:09:54,281 - INFO - Sometime-After(holds(agent1, tomato_3), (checked(remoteControl_1) or holds(agent1, saltShaker_2)))
2025-08-13 11:09:54,282 - INFO - Sometime(atLocation(agent1, location2))
2025-08-13 11:09:54,282 - INFO - Sometime-Before(atLocation(agent1, location2), (checked(location5) or checked(remoteControl_1)))
2025-08-13 11:09:54,283 - INFO - Sometime((checked(tomato_3) or holds(agent1, plate_5)))
2025-08-13 11:09:54,283 - INFO - Sometime(holds(agent1, plate_5))
2025-08-13 11:09:54,283 - INFO - 
2025-08-13 11:09:54,283 - INFO - Generation time: 1.430070161819458

2025-08-13 11:09:54,290 - INFO - Generating plan for constrained problem (with LiftedTCORE).

2025-08-13 11:09:54,759 - INFO - LiftedTCORE compilation time: 0.46779513359069824

2025-08-13 11:09:59,213 - INFO - Planning Time with LiftedTCORE's file: 4.454015016555786

2025-08-13 11:09:59,215 - INFO - Plan found with LiftedTCORE + sym_bd: SequentialPlan:
    goToLocation(agent1, location1, location5)
    look(agent1, location5)
    goToLocation(agent1, location5, location2)
    pickupObject(agent1, location2, tomato_3, counterTop_2)
    goToLocation(agent1, location2, location5)
    coolObject(agent1, location5, fridge_7, tomato_3)
    goToLocation(agent1, location5, location2)
    examineObject(agent1, remoteControl_1)
    examineObject(agent1, plate_5)
    putObject(agent1, location2, tomato_3, counterTop_2, tomatoType, counterTopType)
    pickupObject(agent1, location2, plate_5, counterTop_2)

2025-08-13 11:09:59,216 - INFO - Seed: 1203 is solvable

2025-08-13 11:09:59,217 - INFO - Unconstrained cost: 6
2025-08-13 11:09:59,217 - INFO - Constrained cost: 11
2025-08-13 11:09:59,217 - INFO - Seed: 1203 Plan simulation is feasible
2025-08-13 11:09:59,218 - INFO - 
Seed: 1203 
 Plan: [goToLocation(agent1, location1, location5), look(agent1, location5), goToLocation(agent1, location5, location2), pickupObject(agent1, location2, tomato_3, counterTop_2), goToLocation(agent1, location2, location5), coolObject(agent1, location5, fridge_7, tomato_3), goToLocation(agent1, location5, location2), examineObject(agent1, remoteControl_1), examineObject(agent1, plate_5), putObject(agent1, location2, tomato_3, counterTop_2, tomatoType, counterTopType), pickupObject(agent1, location2, plate_5, counterTop_2)]  
 Cost: 11

2025-08-13 11:10:00,462 - INFO - Time for Translating the Constrained Problem into NL: 2.6226043701171875e-06

