2025-08-13 11:10:54,976 - INFO - 
================= Seed: 1225 =================

2025-08-13 11:10:54,976 - INFO - problem name = alfred

types = [ReceptacleType, ObjectType, Checkable, Agent - Checkable, Location - Checkable, Receptacle - Checkable, Obj - Checkable]

fluents = [
  bool atLocation[a=Agent - Checkable, l=Location - Checkable]
  bool receptacleAtLocation[r=Receptacle - Checkable, l=Location - Checkable]
  bool objectAtLocation[o=Obj - Checkable, l=Location - Checkable]
  bool openable[r=Receptacle - Checkable]
  bool opened[r=Receptacle - Checkable]
  bool inReceptacle[o=Obj - Checkable, r=Receptacle - Checkable]
  bool isReceptacleObject[o=Obj - Checkable]
  bool inReceptacleObject[innerObject=Obj - Checkable, outObject=Obj - Checkable]
  bool isReceptacleObjectFull[o=Obj - Checkable]
  bool wasInReceptacle[o=Obj - Checkable, r=Receptacle - Checkable]
  bool checked[c=Checkable]
  bool examined[l=Location - Checkable]
  bool receptacleType[r=Receptacle - Checkable, rt=ReceptacleType]
  bool canContain[rt=ReceptacleType, ot=ObjectType]
  bool objectType[o=Obj - Checkable, t=ObjectType]
  bool holds[a=Agent - Checkable, o=Obj - Checkable]
  bool holdsAny[a=Agent - Checkable]
  bool holdsAnyReceptacleObject[a=Agent - Checkable]
  bool full[r=Receptacle - Checkable]
  bool isClean[o=Obj - Checkable]
  bool cleanable[o=Obj - Checkable]
  bool isHot[o=Obj - Checkable]
  bool heatable[o=Obj - Checkable]
  bool isCool[o=Obj - Checkable]
  bool coolable[o=Obj - Checkable]
  bool pickupable[o=Obj - Checkable]
  bool moveable[o=Obj - Checkable]
  bool toggleable[o=Obj - Checkable]
  bool isOn[o=Obj - Checkable]
  bool isToggled[o=Obj - Checkable]
  bool sliceable[o=Obj - Checkable]
  bool isSliced[o=Obj - Checkable]
]

actions = [
  action look(Agent - Checkable a, Location - Checkable l) {
    preconditions = [
      atLocation(a, l)
    ]
    effects = [
      checked(l) := true
    ]
  }
  action inventory(Agent - Checkable a) {
    preconditions = [
    ]
    effects = [
      checked(a) := true
    ]
  }
  action examineReceptacle(Agent - Checkable a, Receptacle - Checkable r) {
    preconditions = [
      Exists (Location - Checkable l) (atLocation(a, l) and receptacleAtLocation(r, l))
    ]
    effects = [
      checked(r) := true
    ]
  }
  action examineObject(Agent - Checkable a, Obj - Checkable o) {
    preconditions = [
      (Exists (Location - Checkable l) Exists (Receptacle - Checkable r) (atLocation(a, l) and receptacleAtLocation(r, l) and inReceptacle(o, r) and ((not openable(r)) or opened(r))) or holds(a, o))
    ]
    effects = [
      checked(o) := true
    ]
  }
  action goToLocation(Agent - Checkable a, Location - Checkable lstart, Location - Checkable lend) {
    preconditions = [
      atLocation(a, lstart)
    ]
    effects = [
      atLocation(a, lstart) := false
      atLocation(a, lend) := true
    ]
  }
  action openObject(Agent - Checkable a, Location - Checkable l, Receptacle - Checkable r) {
    preconditions = [
      (openable(r) and atLocation(a, l) and receptacleAtLocation(r, l) and (not opened(r)))
    ]
    effects = [
      opened(r) := true
      checked(r) := true
    ]
  }
  action closeObject(Agent - Checkable a, Location - Checkable l, Receptacle - Checkable r) {
    preconditions = [
      (openable(r) and atLocation(a, l) and receptacleAtLocation(r, l) and opened(r))
    ]
    effects = [
      opened(r) := false
    ]
  }
  action pickupObject(Agent - Checkable a, Location - Checkable l, Obj - Checkable o, Receptacle - Checkable r) {
    preconditions = [
      (pickupable(o) and atLocation(a, l) and receptacleAtLocation(r, l) and inReceptacle(o, r) and (not holdsAny(a)) and ((not openable(r)) or opened(r)))
    ]
    effects = [
      inReceptacle(o, r) := false
      holds(a, o) := true
      holdsAny(a) := true
      objectAtLocation(o, l) := false
    ]
  }
  action putObject(Agent - Checkable a, Location - Checkable l, Obj - Checkable o, Receptacle - Checkable r, ObjectType ot, ReceptacleType rt) {
    preconditions = [
      (holds(a, o) and atLocation(a, l) and receptacleAtLocation(r, l) and ((not openable(r)) or opened(r)) and objectType(o, ot) and receptacleType(r, rt) and canContain(rt, ot))
    ]
    effects = [
      inReceptacle(o, r) := true
      objectAtLocation(o, l) := true
      holds(a, o) := false
      holdsAny(a) := false
    ]
  }
  action cleanObject(Agent - Checkable a, Location - Checkable l, Receptacle - Checkable r, Obj - Checkable o) {
    preconditions = [
      (cleanable(o) and receptacleType(r, sinkBasinType) and atLocation(a, l) and receptacleAtLocation(r, l) and holds(a, o))
    ]
    effects = [
      isClean(o) := true
    ]
  }
  action heatObject(Agent - Checkable a, Location - Checkable l, Receptacle - Checkable r, Obj - Checkable o) {
    preconditions = [
      (heatable(o) and receptacleType(r, microwaveType) and atLocation(a, l) and receptacleAtLocation(r, l) and holds(a, o))
    ]
    effects = [
      isHot(o) := true
      isCool(o) := false
    ]
  }
  action coolObject(Agent - Checkable a, Location - Checkable l, Receptacle - Checkable r, Obj - Checkable o) {
    preconditions = [
      (coolable(o) and receptacleType(r, fridgeType) and atLocation(a, l) and receptacleAtLocation(r, l) and holds(a, o))
    ]
    effects = [
      isCool(o) := true
      isHot(o) := false
    ]
  }
  action toggleObject(Agent - Checkable a, Location - Checkable l, Obj - Checkable o, Receptacle - Checkable r) {
    preconditions = [
      (toggleable(o) and atLocation(a, l) and receptacleAtLocation(r, l) and inReceptacle(o, r))
    ]
    effects = [
      if isOn(o) then isOn(o) := false
      if (not isOn(o)) then isOn(o) := true
      isToggled(o) := true
    ]
  }
  action sliceObject(Agent - Checkable a, Location - Checkable l, Obj - Checkable co, Obj - Checkable ko) {
    preconditions = [
      (sliceable(co) and (objectType(ko, knifeType) or objectType(ko, butterKnifeType)) and atLocation(a, l) and objectAtLocation(co, l) and holds(a, ko))
    ]
    effects = [
      isSliced(co) := true
    ]
  }
  action help(Agent - Checkable a) {
    preconditions = [
    ]
    effects = [
      checked(a) := true
    ]
  }
]

objects = [
  ReceptacleType: [sinkBasinType, microwaveType, fridgeType, diningTableType, toiletType, dresserType, toasterType]
  ObjectType: [knifeType, butterKnifeType, mugType, baseballBatType, forkType, paperTowelType, boxType]
  Checkable: [agent1, location1, location2, location3, location4, location5, diningTable_1, toilet_2, microwave_3, dresser_4, toaster_5, microwave_6, fridge_7, mug_1, baseballBat_2, fork_3, paperTowel_4, box_5]
  Agent - Checkable: [agent1]
  Location - Checkable: [location1, location2, location3, location4, location5]
  Receptacle - Checkable: [diningTable_1, toilet_2, microwave_3, dresser_4, toaster_5, microwave_6, fridge_7]
  Obj - Checkable: [mug_1, baseballBat_2, fork_3, paperTowel_4, box_5]
]

initial fluents default = [
  bool atLocation[a=Agent - Checkable, l=Location - Checkable] := false
  bool receptacleAtLocation[r=Receptacle - Checkable, l=Location - Checkable] := false
  bool objectAtLocation[o=Obj - Checkable, l=Location - Checkable] := false
  bool openable[r=Receptacle - Checkable] := false
  bool opened[r=Receptacle - Checkable] := false
  bool inReceptacle[o=Obj - Checkable, r=Receptacle - Checkable] := false
  bool isReceptacleObject[o=Obj - Checkable] := false
  bool inReceptacleObject[innerObject=Obj - Checkable, outObject=Obj - Checkable] := false
  bool isReceptacleObjectFull[o=Obj - Checkable] := false
  bool wasInReceptacle[o=Obj - Checkable, r=Receptacle - Checkable] := false
  bool checked[c=Checkable] := false
  bool examined[l=Location - Checkable] := false
  bool receptacleType[r=Receptacle - Checkable, rt=ReceptacleType] := false
  bool canContain[rt=ReceptacleType, ot=ObjectType] := false
  bool objectType[o=Obj - Checkable, t=ObjectType] := false
  bool holds[a=Agent - Checkable, o=Obj - Checkable] := false
  bool holdsAny[a=Agent - Checkable] := false
  bool holdsAnyReceptacleObject[a=Agent - Checkable] := false
  bool full[r=Receptacle - Checkable] := false
  bool isClean[o=Obj - Checkable] := false
  bool cleanable[o=Obj - Checkable] := false
  bool isHot[o=Obj - Checkable] := false
  bool heatable[o=Obj - Checkable] := false
  bool isCool[o=Obj - Checkable] := false
  bool coolable[o=Obj - Checkable] := false
  bool pickupable[o=Obj - Checkable] := false
  bool moveable[o=Obj - Checkable] := false
  bool toggleable[o=Obj - Checkable] := false
  bool isOn[o=Obj - Checkable] := false
  bool isToggled[o=Obj - Checkable] := false
  bool sliceable[o=Obj - Checkable] := false
  bool isSliced[o=Obj - Checkable] := false
]

initial values = [
  receptacleType(diningTable_1, diningTableType) := true
  receptacleType(toilet_2, toiletType) := true
  receptacleType(microwave_3, microwaveType) := true
  receptacleType(dresser_4, dresserType) := true
  receptacleType(toaster_5, toasterType) := true
  receptacleType(microwave_6, microwaveType) := true
  receptacleType(fridge_7, fridgeType) := true
  objectType(mug_1, mugType) := true
  objectType(baseballBat_2, baseballBatType) := true
  objectType(fork_3, forkType) := true
  objectType(paperTowel_4, paperTowelType) := true
  objectType(box_5, boxType) := true
  canContain(diningTableType, mugType) := true
  canContain(diningTableType, baseballBatType) := true
  canContain(diningTableType, forkType) := true
  canContain(diningTableType, paperTowelType) := true
  canContain(diningTableType, boxType) := true
  canContain(toiletType, paperTowelType) := true
  canContain(microwaveType, mugType) := true
  canContain(dresserType, mugType) := true
  canContain(dresserType, boxType) := true
  canContain(fridgeType, mugType) := true
  pickupable(mug_1) := true
  isReceptacleObject(mug_1) := true
  cleanable(mug_1) := true
  heatable(mug_1) := true
  coolable(mug_1) := true
  pickupable(baseballBat_2) := true
  pickupable(fork_3) := true
  cleanable(fork_3) := true
  pickupable(paperTowel_4) := true
  pickupable(box_5) := true
  isReceptacleObject(box_5) := true
  receptacleAtLocation(diningTable_1, location2) := true
  receptacleAtLocation(toilet_2, location3) := true
  receptacleAtLocation(microwave_3, location1) := true
  receptacleAtLocation(dresser_4, location4) := true
  receptacleAtLocation(toaster_5, location4) := true
  receptacleAtLocation(microwave_6, location3) := true
  receptacleAtLocation(fridge_7, location5) := true
  inReceptacle(mug_1, microwave_6) := true
  inReceptacle(baseballBat_2, diningTable_1) := true
  inReceptacle(fork_3, diningTable_1) := true
  inReceptacle(paperTowel_4, diningTable_1) := true
  inReceptacle(box_5, diningTable_1) := true
  objectAtLocation(mug_1, location3) := true
  objectAtLocation(baseballBat_2, location2) := true
  objectAtLocation(fork_3, location2) := true
  objectAtLocation(paperTowel_4, location2) := true
  objectAtLocation(box_5, location2) := true
  atLocation(agent1, location3) := true
]

goals = [
  Exists (Receptacle - Checkable r) Exists (Obj - Checkable o) (inReceptacle(o, r) and objectType(o, boxType) and receptacleType(r, dresserType))
]

quality metrics = [
  minimize sequential-plan-length
]


2025-08-13 11:10:54,978 - INFO - Generating plan for unconstrained problem

2025-08-13 11:10:55,402 - INFO - Unconstrained plan generation time: 0.4240410327911377

2025-08-13 11:10:55,402 - INFO - Unconstrained plan and cost: 
2025-08-13 11:10:55,402 - INFO - SequentialPlan:
    goToLocation(agent1, location3, location2)
    pickupObject(agent1, location2, box_5, diningTable_1)
    goToLocation(agent1, location2, location4)
    putObject(agent1, location4, box_5, dresser_4, boxType, dresserType)
2025-08-13 11:10:55,402 - INFO - 4
2025-08-13 11:10:57,224 - INFO - Sampled constraints:

2025-08-13 11:10:57,225 - INFO - Sometime(atLocation(agent1, location2))
2025-08-13 11:10:57,225 - INFO - Sometime-Before(atLocation(agent1, location2), (atLocation(agent1, location4) or checked(dresser_4)))
2025-08-13 11:10:57,226 - INFO - Sometime(atLocation(agent1, location4))
2025-08-13 11:10:57,226 - INFO - Sometime-Before(atLocation(agent1, location4), checked(fork_3))
2025-08-13 11:10:57,226 - INFO - Sometime((atLocation(agent1, location1) or holds(agent1, mug_1)))
2025-08-13 11:10:57,227 - INFO - Sometime((objectAtLocation(fork_3, location3) or checked(location3)))
2025-08-13 11:10:57,227 - INFO - Sometime(holds(agent1, mug_1))
2025-08-13 11:10:57,228 - INFO - 
2025-08-13 11:10:57,228 - INFO - Generation time: 1.8214764595031738

2025-08-13 11:10:57,234 - INFO - Generating plan for constrained problem (with LiftedTCORE).

2025-08-13 11:10:57,689 - INFO - LiftedTCORE compilation time: 0.4549269676208496

2025-08-13 11:11:02,115 - INFO - Planning Time with LiftedTCORE's file: 4.425386190414429

