2025-08-13 11:10:53,282 - INFO - 
================= Seed: 1224 =================

2025-08-13 11:10:53,282 - INFO - problem name = alfred

types = [ReceptacleType, ObjectType, Checkable, Agent - Checkable, Location - Checkable, Receptacle - Checkable, Obj - Checkable]

fluents = [
  bool atLocation[a=Agent - Checkable, l=Location - Checkable]
  bool receptacleAtLocation[r=Receptacle - Checkable, l=Location - Checkable]
  bool objectAtLocation[o=Obj - Checkable, l=Location - Checkable]
  bool openable[r=Receptacle - Checkable]
  bool opened[r=Receptacle - Checkable]
  bool inReceptacle[o=Obj - Checkable, r=Receptacle - Checkable]
  bool isReceptacleObject[o=Obj - Checkable]
  bool inReceptacleObject[innerObject=Obj - Checkable, outObject=Obj - Checkable]
  bool isReceptacleObjectFull[o=Obj - Checkable]
  bool wasInReceptacle[o=Obj - Checkable, r=Receptacle - Checkable]
  bool checked[c=Checkable]
  bool examined[l=Location - Checkable]
  bool receptacleType[r=Receptacle - Checkable, rt=ReceptacleType]
  bool canContain[rt=ReceptacleType, ot=ObjectType]
  bool objectType[o=Obj - Checkable, t=ObjectType]
  bool holds[a=Agent - Checkable, o=Obj - Checkable]
  bool holdsAny[a=Agent - Checkable]
  bool holdsAnyReceptacleObject[a=Agent - Checkable]
  bool full[r=Receptacle - Checkable]
  bool isClean[o=Obj - Checkable]
  bool cleanable[o=Obj - Checkable]
  bool isHot[o=Obj - Checkable]
  bool heatable[o=Obj - Checkable]
  bool isCool[o=Obj - Checkable]
  bool coolable[o=Obj - Checkable]
  bool pickupable[o=Obj - Checkable]
  bool moveable[o=Obj - Checkable]
  bool toggleable[o=Obj - Checkable]
  bool isOn[o=Obj - Checkable]
  bool isToggled[o=Obj - Checkable]
  bool sliceable[o=Obj - Checkable]
  bool isSliced[o=Obj - Checkable]
]

actions = [
  action look(Agent - Checkable a, Location - Checkable l) {
    preconditions = [
      atLocation(a, l)
    ]
    effects = [
      checked(l) := true
    ]
  }
  action inventory(Agent - Checkable a) {
    preconditions = [
    ]
    effects = [
      checked(a) := true
    ]
  }
  action examineReceptacle(Agent - Checkable a, Receptacle - Checkable r) {
    preconditions = [
      Exists (Location - Checkable l) (atLocation(a, l) and receptacleAtLocation(r, l))
    ]
    effects = [
      checked(r) := true
    ]
  }
  action examineObject(Agent - Checkable a, Obj - Checkable o) {
    preconditions = [
      (Exists (Location - Checkable l) Exists (Receptacle - Checkable r) (atLocation(a, l) and receptacleAtLocation(r, l) and inReceptacle(o, r) and ((not openable(r)) or opened(r))) or holds(a, o))
    ]
    effects = [
      checked(o) := true
    ]
  }
  action goToLocation(Agent - Checkable a, Location - Checkable lstart, Location - Checkable lend) {
    preconditions = [
      atLocation(a, lstart)
    ]
    effects = [
      atLocation(a, lstart) := false
      atLocation(a, lend) := true
    ]
  }
  action openObject(Agent - Checkable a, Location - Checkable l, Receptacle - Checkable r) {
    preconditions = [
      (openable(r) and atLocation(a, l) and receptacleAtLocation(r, l) and (not opened(r)))
    ]
    effects = [
      opened(r) := true
      checked(r) := true
    ]
  }
  action closeObject(Agent - Checkable a, Location - Checkable l, Receptacle - Checkable r) {
    preconditions = [
      (openable(r) and atLocation(a, l) and receptacleAtLocation(r, l) and opened(r))
    ]
    effects = [
      opened(r) := false
    ]
  }
  action pickupObject(Agent - Checkable a, Location - Checkable l, Obj - Checkable o, Receptacle - Checkable r) {
    preconditions = [
      (pickupable(o) and atLocation(a, l) and receptacleAtLocation(r, l) and inReceptacle(o, r) and (not holdsAny(a)) and ((not openable(r)) or opened(r)))
    ]
    effects = [
      inReceptacle(o, r) := false
      holds(a, o) := true
      holdsAny(a) := true
      objectAtLocation(o, l) := false
    ]
  }
  action putObject(Agent - Checkable a, Location - Checkable l, Obj - Checkable o, Receptacle - Checkable r, ObjectType ot, ReceptacleType rt) {
    preconditions = [
      (holds(a, o) and atLocation(a, l) and receptacleAtLocation(r, l) and ((not openable(r)) or opened(r)) and objectType(o, ot) and receptacleType(r, rt) and canContain(rt, ot))
    ]
    effects = [
      inReceptacle(o, r) := true
      objectAtLocation(o, l) := true
      holds(a, o) := false
      holdsAny(a) := false
    ]
  }
  action cleanObject(Agent - Checkable a, Location - Checkable l, Receptacle - Checkable r, Obj - Checkable o) {
    preconditions = [
      (cleanable(o) and receptacleType(r, sinkBasinType) and atLocation(a, l) and receptacleAtLocation(r, l) and holds(a, o))
    ]
    effects = [
      isClean(o) := true
    ]
  }
  action heatObject(Agent - Checkable a, Location - Checkable l, Receptacle - Checkable r, Obj - Checkable o) {
    preconditions = [
      (heatable(o) and receptacleType(r, microwaveType) and atLocation(a, l) and receptacleAtLocation(r, l) and holds(a, o))
    ]
    effects = [
      isHot(o) := true
      isCool(o) := false
    ]
  }
  action coolObject(Agent - Checkable a, Location - Checkable l, Receptacle - Checkable r, Obj - Checkable o) {
    preconditions = [
      (coolable(o) and receptacleType(r, fridgeType) and atLocation(a, l) and receptacleAtLocation(r, l) and holds(a, o))
    ]
    effects = [
      isCool(o) := true
      isHot(o) := false
    ]
  }
  action toggleObject(Agent - Checkable a, Location - Checkable l, Obj - Checkable o, Receptacle - Checkable r) {
    preconditions = [
      (toggleable(o) and atLocation(a, l) and receptacleAtLocation(r, l) and inReceptacle(o, r))
    ]
    effects = [
      if isOn(o) then isOn(o) := false
      if (not isOn(o)) then isOn(o) := true
      isToggled(o) := true
    ]
  }
  action sliceObject(Agent - Checkable a, Location - Checkable l, Obj - Checkable co, Obj - Checkable ko) {
    preconditions = [
      (sliceable(co) and (objectType(ko, knifeType) or objectType(ko, butterKnifeType)) and atLocation(a, l) and objectAtLocation(co, l) and holds(a, ko))
    ]
    effects = [
      isSliced(co) := true
    ]
  }
  action help(Agent - Checkable a) {
    preconditions = [
    ]
    effects = [
      checked(a) := true
    ]
  }
]

objects = [
  ReceptacleType: [sinkBasinType, microwaveType, fridgeType, cabinetType, ottomanType, dresserType, diningTableType]
  ObjectType: [knifeType, butterKnifeType, forkType, ladleType, tennisRacketType, panType]
  Checkable: [agent1, location1, location2, location3, location4, location5, sinkBasin_1, cabinet_2, ottoman_3, dresser_4, diningTable_5, microwave_6, fridge_7, fork_1, ladle_2, fork_3, tennisRacket_4, pan_5]
  Agent - Checkable: [agent1]
  Location - Checkable: [location1, location2, location3, location4, location5]
  Receptacle - Checkable: [sinkBasin_1, cabinet_2, ottoman_3, dresser_4, diningTable_5, microwave_6, fridge_7]
  Obj - Checkable: [fork_1, ladle_2, fork_3, tennisRacket_4, pan_5]
]

initial fluents default = [
  bool atLocation[a=Agent - Checkable, l=Location - Checkable] := false
  bool receptacleAtLocation[r=Receptacle - Checkable, l=Location - Checkable] := false
  bool objectAtLocation[o=Obj - Checkable, l=Location - Checkable] := false
  bool openable[r=Receptacle - Checkable] := false
  bool opened[r=Receptacle - Checkable] := false
  bool inReceptacle[o=Obj - Checkable, r=Receptacle - Checkable] := false
  bool isReceptacleObject[o=Obj - Checkable] := false
  bool inReceptacleObject[innerObject=Obj - Checkable, outObject=Obj - Checkable] := false
  bool isReceptacleObjectFull[o=Obj - Checkable] := false
  bool wasInReceptacle[o=Obj - Checkable, r=Receptacle - Checkable] := false
  bool checked[c=Checkable] := false
  bool examined[l=Location - Checkable] := false
  bool receptacleType[r=Receptacle - Checkable, rt=ReceptacleType] := false
  bool canContain[rt=ReceptacleType, ot=ObjectType] := false
  bool objectType[o=Obj - Checkable, t=ObjectType] := false
  bool holds[a=Agent - Checkable, o=Obj - Checkable] := false
  bool holdsAny[a=Agent - Checkable] := false
  bool holdsAnyReceptacleObject[a=Agent - Checkable] := false
  bool full[r=Receptacle - Checkable] := false
  bool isClean[o=Obj - Checkable] := false
  bool cleanable[o=Obj - Checkable] := false
  bool isHot[o=Obj - Checkable] := false
  bool heatable[o=Obj - Checkable] := false
  bool isCool[o=Obj - Checkable] := false
  bool coolable[o=Obj - Checkable] := false
  bool pickupable[o=Obj - Checkable] := false
  bool moveable[o=Obj - Checkable] := false
  bool toggleable[o=Obj - Checkable] := false
  bool isOn[o=Obj - Checkable] := false
  bool isToggled[o=Obj - Checkable] := false
  bool sliceable[o=Obj - Checkable] := false
  bool isSliced[o=Obj - Checkable] := false
]

initial values = [
  receptacleType(sinkBasin_1, sinkBasinType) := true
  receptacleType(cabinet_2, cabinetType) := true
  receptacleType(ottoman_3, ottomanType) := true
  receptacleType(dresser_4, dresserType) := true
  receptacleType(diningTable_5, diningTableType) := true
  receptacleType(microwave_6, microwaveType) := true
  receptacleType(fridge_7, fridgeType) := true
  objectType(fork_1, forkType) := true
  objectType(ladle_2, ladleType) := true
  objectType(fork_3, forkType) := true
  objectType(tennisRacket_4, tennisRacketType) := true
  objectType(pan_5, panType) := true
  canContain(sinkBasinType, forkType) := true
  canContain(sinkBasinType, ladleType) := true
  canContain(sinkBasinType, panType) := true
  canContain(cabinetType, ladleType) := true
  canContain(cabinetType, panType) := true
  canContain(dresserType, tennisRacketType) := true
  canContain(diningTableType, forkType) := true
  canContain(diningTableType, ladleType) := true
  canContain(diningTableType, tennisRacketType) := true
  canContain(diningTableType, panType) := true
  canContain(fridgeType, panType) := true
  pickupable(fork_1) := true
  cleanable(fork_1) := true
  pickupable(ladle_2) := true
  cleanable(ladle_2) := true
  pickupable(fork_3) := true
  cleanable(fork_3) := true
  pickupable(tennisRacket_4) := true
  pickupable(pan_5) := true
  isReceptacleObject(pan_5) := true
  cleanable(pan_5) := true
  coolable(pan_5) := true
  receptacleAtLocation(sinkBasin_1, location3) := true
  receptacleAtLocation(cabinet_2, location1) := true
  receptacleAtLocation(ottoman_3, location3) := true
  receptacleAtLocation(dresser_4, location4) := true
  receptacleAtLocation(diningTable_5, location1) := true
  receptacleAtLocation(microwave_6, location2) := true
  receptacleAtLocation(fridge_7, location1) := true
  inReceptacle(fork_1, diningTable_5) := true
  inReceptacle(ladle_2, sinkBasin_1) := true
  inReceptacle(fork_3, sinkBasin_1) := true
  inReceptacle(tennisRacket_4, dresser_4) := true
  inReceptacle(pan_5, diningTable_5) := true
  objectAtLocation(fork_1, location1) := true
  objectAtLocation(ladle_2, location3) := true
  objectAtLocation(fork_3, location3) := true
  objectAtLocation(tennisRacket_4, location4) := true
  objectAtLocation(pan_5, location1) := true
  atLocation(agent1, location1) := true
]

goals = [
  Exists (Receptacle - Checkable r) Exists (Obj - Checkable o1) (inReceptacle(o1, r) and objectType(o1, forkType) and receptacleType(r, sinkBasinType) and Exists (Obj - Checkable o2) ((not (o1 == o2)) and objectType(o2, panType) and receptacleType(r, sinkBasinType) and inReceptacle(o2, r)))
]

quality metrics = [
  minimize sequential-plan-length
]


2025-08-13 11:10:53,284 - INFO - Generating plan for unconstrained problem

2025-08-13 11:10:53,672 - INFO - Unconstrained plan generation time: 0.38797521591186523

2025-08-13 11:10:53,672 - INFO - Unconstrained plan and cost: 
2025-08-13 11:10:53,672 - INFO - SequentialPlan:
    pickupObject(agent1, location1, pan_5, diningTable_5)
    goToLocation(agent1, location1, location3)
    putObject(agent1, location3, pan_5, sinkBasin_1, panType, sinkBasinType)
2025-08-13 11:10:53,672 - INFO - 3
2025-08-13 11:10:54,231 - INFO - Sampled constraints:

2025-08-13 11:10:54,231 - INFO - Sometime((atLocation(agent1, location4) or checked(microwave_6)))
2025-08-13 11:10:54,231 - INFO - Sometime((checked(location2) or objectAtLocation(fork_1, location5)))
2025-08-13 11:10:54,231 - INFO - Sometime((holds(agent1, tennisRacket_4) or atLocation(agent1, location4)))
2025-08-13 11:10:54,231 - INFO - Sometime(holds(agent1, pan_5))
2025-08-13 11:10:54,231 - INFO - Sometime-After(holds(agent1, pan_5), objectAtLocation(fork_1, location3))
2025-08-13 11:10:54,231 - INFO - Sometime((checked(pan_5) or objectAtLocation(ladle_2, location4)))
2025-08-13 11:10:54,231 - INFO - 
2025-08-13 11:10:54,231 - INFO - Generation time: 0.5585801601409912

2025-08-13 11:10:54,232 - INFO - Generating plan for constrained problem (with LiftedTCORE).

2025-08-13 11:10:54,278 - INFO - LiftedTCORE compilation time: 0.04606175422668457

2025-08-13 11:10:54,818 - INFO - Planning Time with LiftedTCORE's file: 0.5401153564453125

2025-08-13 11:10:54,819 - INFO - Plan found with LiftedTCORE + sym_bd: SequentialPlan:
    pickupObject(agent1, location1, pan_5, diningTable_5)
    goToLocation(agent1, location1, location3)
    putObject(agent1, location3, pan_5, sinkBasin_1, panType, sinkBasinType)
    goToLocation(agent1, location3, location2)
    look(agent1, location2)
    goToLocation(agent1, location2, location1)
    pickupObject(agent1, location1, fork_1, diningTable_5)
    goToLocation(agent1, location1, location3)
    examineObject(agent1, pan_5)
    putObject(agent1, location3, fork_1, sinkBasin_1, forkType, sinkBasinType)
    goToLocation(agent1, location3, location4)

2025-08-13 11:10:54,819 - INFO - Seed: 1224 is solvable

2025-08-13 11:10:54,819 - INFO - Unconstrained cost: 3
2025-08-13 11:10:54,819 - INFO - Constrained cost: 11
2025-08-13 11:10:54,819 - INFO - Seed: 1224 Plan simulation is feasible
2025-08-13 11:10:54,820 - INFO - 
Seed: 1224 
 Plan: [pickupObject(agent1, location1, pan_5, diningTable_5), goToLocation(agent1, location1, location3), putObject(agent1, location3, pan_5, sinkBasin_1, panType, sinkBasinType), goToLocation(agent1, location3, location2), look(agent1, location2), goToLocation(agent1, location2, location1), pickupObject(agent1, location1, fork_1, diningTable_5), goToLocation(agent1, location1, location3), examineObject(agent1, pan_5), putObject(agent1, location3, fork_1, sinkBasin_1, forkType, sinkBasinType), goToLocation(agent1, location3, location4)]  
 Cost: 11

2025-08-13 11:10:54,971 - INFO - Time for Translating the Constrained Problem into NL: 7.152557373046875e-07

