2025-08-13 11:09:44,143 - INFO - 
================= Seed: 1200 =================

2025-08-13 11:09:44,143 - INFO - problem name = alfred

types = [ReceptacleType, ObjectType, Checkable, Agent - Checkable, Location - Checkable, Receptacle - Checkable, Obj - Checkable]

fluents = [
  bool atLocation[a=Agent - Checkable, l=Location - Checkable]
  bool receptacleAtLocation[r=Receptacle - Checkable, l=Location - Checkable]
  bool objectAtLocation[o=Obj - Checkable, l=Location - Checkable]
  bool openable[r=Receptacle - Checkable]
  bool opened[r=Receptacle - Checkable]
  bool inReceptacle[o=Obj - Checkable, r=Receptacle - Checkable]
  bool isReceptacleObject[o=Obj - Checkable]
  bool inReceptacleObject[innerObject=Obj - Checkable, outObject=Obj - Checkable]
  bool isReceptacleObjectFull[o=Obj - Checkable]
  bool wasInReceptacle[o=Obj - Checkable, r=Receptacle - Checkable]
  bool checked[c=Checkable]
  bool examined[l=Location - Checkable]
  bool receptacleType[r=Receptacle - Checkable, rt=ReceptacleType]
  bool canContain[rt=ReceptacleType, ot=ObjectType]
  bool objectType[o=Obj - Checkable, t=ObjectType]
  bool holds[a=Agent - Checkable, o=Obj - Checkable]
  bool holdsAny[a=Agent - Checkable]
  bool holdsAnyReceptacleObject[a=Agent - Checkable]
  bool full[r=Receptacle - Checkable]
  bool isClean[o=Obj - Checkable]
  bool cleanable[o=Obj - Checkable]
  bool isHot[o=Obj - Checkable]
  bool heatable[o=Obj - Checkable]
  bool isCool[o=Obj - Checkable]
  bool coolable[o=Obj - Checkable]
  bool pickupable[o=Obj - Checkable]
  bool moveable[o=Obj - Checkable]
  bool toggleable[o=Obj - Checkable]
  bool isOn[o=Obj - Checkable]
  bool isToggled[o=Obj - Checkable]
  bool sliceable[o=Obj - Checkable]
  bool isSliced[o=Obj - Checkable]
]

actions = [
  action look(Agent - Checkable a, Location - Checkable l) {
    preconditions = [
      atLocation(a, l)
    ]
    effects = [
      checked(l) := true
    ]
  }
  action inventory(Agent - Checkable a) {
    preconditions = [
    ]
    effects = [
      checked(a) := true
    ]
  }
  action examineReceptacle(Agent - Checkable a, Receptacle - Checkable r) {
    preconditions = [
      Exists (Location - Checkable l) (atLocation(a, l) and receptacleAtLocation(r, l))
    ]
    effects = [
      checked(r) := true
    ]
  }
  action examineObject(Agent - Checkable a, Obj - Checkable o) {
    preconditions = [
      (Exists (Location - Checkable l) Exists (Receptacle - Checkable r) (atLocation(a, l) and receptacleAtLocation(r, l) and inReceptacle(o, r) and ((not openable(r)) or opened(r))) or holds(a, o))
    ]
    effects = [
      checked(o) := true
    ]
  }
  action goToLocation(Agent - Checkable a, Location - Checkable lstart, Location - Checkable lend) {
    preconditions = [
      atLocation(a, lstart)
    ]
    effects = [
      atLocation(a, lstart) := false
      atLocation(a, lend) := true
    ]
  }
  action openObject(Agent - Checkable a, Location - Checkable l, Receptacle - Checkable r) {
    preconditions = [
      (openable(r) and atLocation(a, l) and receptacleAtLocation(r, l) and (not opened(r)))
    ]
    effects = [
      opened(r) := true
      checked(r) := true
    ]
  }
  action closeObject(Agent - Checkable a, Location - Checkable l, Receptacle - Checkable r) {
    preconditions = [
      (openable(r) and atLocation(a, l) and receptacleAtLocation(r, l) and opened(r))
    ]
    effects = [
      opened(r) := false
    ]
  }
  action pickupObject(Agent - Checkable a, Location - Checkable l, Obj - Checkable o, Receptacle - Checkable r) {
    preconditions = [
      (pickupable(o) and atLocation(a, l) and receptacleAtLocation(r, l) and inReceptacle(o, r) and (not holdsAny(a)) and ((not openable(r)) or opened(r)))
    ]
    effects = [
      inReceptacle(o, r) := false
      holds(a, o) := true
      holdsAny(a) := true
      objectAtLocation(o, l) := false
    ]
  }
  action putObject(Agent - Checkable a, Location - Checkable l, Obj - Checkable o, Receptacle - Checkable r, ObjectType ot, ReceptacleType rt) {
    preconditions = [
      (holds(a, o) and atLocation(a, l) and receptacleAtLocation(r, l) and ((not openable(r)) or opened(r)) and objectType(o, ot) and receptacleType(r, rt) and canContain(rt, ot))
    ]
    effects = [
      inReceptacle(o, r) := true
      objectAtLocation(o, l) := true
      holds(a, o) := false
      holdsAny(a) := false
    ]
  }
  action cleanObject(Agent - Checkable a, Location - Checkable l, Receptacle - Checkable r, Obj - Checkable o) {
    preconditions = [
      (cleanable(o) and receptacleType(r, sinkBasinType) and atLocation(a, l) and receptacleAtLocation(r, l) and holds(a, o))
    ]
    effects = [
      isClean(o) := true
    ]
  }
  action heatObject(Agent - Checkable a, Location - Checkable l, Receptacle - Checkable r, Obj - Checkable o) {
    preconditions = [
      (heatable(o) and receptacleType(r, microwaveType) and atLocation(a, l) and receptacleAtLocation(r, l) and holds(a, o))
    ]
    effects = [
      isHot(o) := true
      isCool(o) := false
    ]
  }
  action coolObject(Agent - Checkable a, Location - Checkable l, Receptacle - Checkable r, Obj - Checkable o) {
    preconditions = [
      (coolable(o) and receptacleType(r, fridgeType) and atLocation(a, l) and receptacleAtLocation(r, l) and holds(a, o))
    ]
    effects = [
      isCool(o) := true
      isHot(o) := false
    ]
  }
  action toggleObject(Agent - Checkable a, Location - Checkable l, Obj - Checkable o, Receptacle - Checkable r) {
    preconditions = [
      (toggleable(o) and atLocation(a, l) and receptacleAtLocation(r, l) and inReceptacle(o, r))
    ]
    effects = [
      if isOn(o) then isOn(o) := false
      if (not isOn(o)) then isOn(o) := true
      isToggled(o) := true
    ]
  }
  action sliceObject(Agent - Checkable a, Location - Checkable l, Obj - Checkable co, Obj - Checkable ko) {
    preconditions = [
      (sliceable(co) and (objectType(ko, knifeType) or objectType(ko, butterKnifeType)) and atLocation(a, l) and objectAtLocation(co, l) and holds(a, ko))
    ]
    effects = [
      isSliced(co) := true
    ]
  }
  action help(Agent - Checkable a) {
    preconditions = [
    ]
    effects = [
      checked(a) := true
    ]
  }
]

objects = [
  ReceptacleType: [sinkBasinType, microwaveType, fridgeType, handTowelHolderType, armChairType, laundryHamperType]
  ObjectType: [knifeType, butterKnifeType, handTowelType, creditCardType, mugType]
  Checkable: [agent1, location1, location2, location3, location4, location5, handTowelHolder_1, armChair_2, microwave_3, sinkBasin_4, laundryHamper_5, microwave_6, fridge_7, knife_1, handTowel_2, creditCard_3, mug_4, mug_5]
  Agent - Checkable: [agent1]
  Location - Checkable: [location1, location2, location3, location4, location5]
  Receptacle - Checkable: [handTowelHolder_1, armChair_2, microwave_3, sinkBasin_4, laundryHamper_5, microwave_6, fridge_7]
  Obj - Checkable: [knife_1, handTowel_2, creditCard_3, mug_4, mug_5]
]

initial fluents default = [
  bool atLocation[a=Agent - Checkable, l=Location - Checkable] := false
  bool receptacleAtLocation[r=Receptacle - Checkable, l=Location - Checkable] := false
  bool objectAtLocation[o=Obj - Checkable, l=Location - Checkable] := false
  bool openable[r=Receptacle - Checkable] := false
  bool opened[r=Receptacle - Checkable] := false
  bool inReceptacle[o=Obj - Checkable, r=Receptacle - Checkable] := false
  bool isReceptacleObject[o=Obj - Checkable] := false
  bool inReceptacleObject[innerObject=Obj - Checkable, outObject=Obj - Checkable] := false
  bool isReceptacleObjectFull[o=Obj - Checkable] := false
  bool wasInReceptacle[o=Obj - Checkable, r=Receptacle - Checkable] := false
  bool checked[c=Checkable] := false
  bool examined[l=Location - Checkable] := false
  bool receptacleType[r=Receptacle - Checkable, rt=ReceptacleType] := false
  bool canContain[rt=ReceptacleType, ot=ObjectType] := false
  bool objectType[o=Obj - Checkable, t=ObjectType] := false
  bool holds[a=Agent - Checkable, o=Obj - Checkable] := false
  bool holdsAny[a=Agent - Checkable] := false
  bool holdsAnyReceptacleObject[a=Agent - Checkable] := false
  bool full[r=Receptacle - Checkable] := false
  bool isClean[o=Obj - Checkable] := false
  bool cleanable[o=Obj - Checkable] := false
  bool isHot[o=Obj - Checkable] := false
  bool heatable[o=Obj - Checkable] := false
  bool isCool[o=Obj - Checkable] := false
  bool coolable[o=Obj - Checkable] := false
  bool pickupable[o=Obj - Checkable] := false
  bool moveable[o=Obj - Checkable] := false
  bool toggleable[o=Obj - Checkable] := false
  bool isOn[o=Obj - Checkable] := false
  bool isToggled[o=Obj - Checkable] := false
  bool sliceable[o=Obj - Checkable] := false
  bool isSliced[o=Obj - Checkable] := false
]

initial values = [
  receptacleType(handTowelHolder_1, handTowelHolderType) := true
  receptacleType(armChair_2, armChairType) := true
  receptacleType(microwave_3, microwaveType) := true
  receptacleType(sinkBasin_4, sinkBasinType) := true
  receptacleType(laundryHamper_5, laundryHamperType) := true
  receptacleType(microwave_6, microwaveType) := true
  receptacleType(fridge_7, fridgeType) := true
  objectType(knife_1, knifeType) := true
  objectType(handTowel_2, handTowelType) := true
  objectType(creditCard_3, creditCardType) := true
  objectType(mug_4, mugType) := true
  objectType(mug_5, mugType) := true
  canContain(handTowelHolderType, handTowelType) := true
  canContain(armChairType, creditCardType) := true
  canContain(microwaveType, mugType) := true
  canContain(sinkBasinType, knifeType) := true
  canContain(sinkBasinType, handTowelType) := true
  canContain(sinkBasinType, mugType) := true
  canContain(fridgeType, mugType) := true
  pickupable(knife_1) := true
  cleanable(knife_1) := true
  pickupable(handTowel_2) := true
  pickupable(creditCard_3) := true
  pickupable(mug_4) := true
  isReceptacleObject(mug_4) := true
  cleanable(mug_4) := true
  heatable(mug_4) := true
  coolable(mug_4) := true
  pickupable(mug_5) := true
  isReceptacleObject(mug_5) := true
  cleanable(mug_5) := true
  heatable(mug_5) := true
  coolable(mug_5) := true
  receptacleAtLocation(handTowelHolder_1, location2) := true
  receptacleAtLocation(armChair_2, location2) := true
  receptacleAtLocation(microwave_3, location5) := true
  receptacleAtLocation(sinkBasin_4, location5) := true
  receptacleAtLocation(laundryHamper_5, location2) := true
  receptacleAtLocation(microwave_6, location4) := true
  receptacleAtLocation(fridge_7, location1) := true
  inReceptacle(knife_1, sinkBasin_4) := true
  inReceptacle(handTowel_2, handTowelHolder_1) := true
  inReceptacle(creditCard_3, armChair_2) := true
  inReceptacle(mug_4, fridge_7) := true
  inReceptacle(mug_5, sinkBasin_4) := true
  objectAtLocation(knife_1, location5) := true
  objectAtLocation(handTowel_2, location2) := true
  objectAtLocation(creditCard_3, location2) := true
  objectAtLocation(mug_4, location1) := true
  objectAtLocation(mug_5, location5) := true
  atLocation(agent1, location2) := true
]

goals = [
  Exists (Receptacle - Checkable r) Exists (Obj - Checkable o1) (inReceptacle(o1, r) and objectType(o1, mugType) and receptacleType(r, sinkBasinType) and Exists (Obj - Checkable o2) ((not (o1 == o2)) and objectType(o2, knifeType) and receptacleType(r, sinkBasinType) and inReceptacle(o2, r)))
]

quality metrics = [
  minimize sequential-plan-length
]


2025-08-13 11:09:44,145 - INFO - Generating plan for unconstrained problem

2025-08-13 11:09:44,593 - INFO - Unconstrained plan generation time: 0.4477241039276123

2025-08-13 11:09:44,593 - INFO - Unconstrained plan and cost: 
2025-08-13 11:09:44,593 - INFO - SequentialPlan:
2025-08-13 11:09:44,593 - INFO - 0
2025-08-13 11:09:47,503 - INFO - Sampled constraints:

2025-08-13 11:09:47,503 - INFO - Sometime((holds(agent1, mug_5) or atLocation(agent1, location3)))
2025-08-13 11:09:47,503 - INFO - Sometime((atLocation(agent1, location4) or holds(agent1, knife_1)))
2025-08-13 11:09:47,503 - INFO - Sometime((objectAtLocation(mug_4, location5) or checked(mug_4)))
2025-08-13 11:09:47,503 - INFO - Sometime((objectAtLocation(mug_4, location5) or checked(microwave_3)))
2025-08-13 11:09:47,503 - INFO - Sometime(checked(microwave_3))
2025-08-13 11:09:47,503 - INFO - 
2025-08-13 11:09:47,503 - INFO - Generation time: 2.909292459487915

2025-08-13 11:09:47,504 - INFO - Generating plan for constrained problem (with LiftedTCORE).

2025-08-13 11:09:47,542 - INFO - LiftedTCORE compilation time: 0.037752628326416016

2025-08-13 11:09:48,035 - INFO - Planning Time with LiftedTCORE's file: 0.4928467273712158

2025-08-13 11:09:48,035 - INFO - Plan found with LiftedTCORE + sym_bd: SequentialPlan:
    goToLocation(agent1, location2, location5)
    examineReceptacle(agent1, microwave_3)
    goToLocation(agent1, location5, location3)
    goToLocation(agent1, location3, location1)
    examineObject(agent1, mug_4)
    goToLocation(agent1, location1, location4)

2025-08-13 11:09:48,035 - INFO - Seed: 1200 is solvable

2025-08-13 11:09:48,035 - INFO - Unconstrained cost: 0
2025-08-13 11:09:48,035 - INFO - Constrained cost: 6
2025-08-13 11:09:48,035 - INFO - Seed: 1200 Plan simulation is feasible
2025-08-13 11:09:48,035 - INFO - 
Seed: 1200 
 Plan: [goToLocation(agent1, location2, location5), examineReceptacle(agent1, microwave_3), goToLocation(agent1, location5, location3), goToLocation(agent1, location3, location1), examineObject(agent1, mug_4), goToLocation(agent1, location1, location4)]  
 Cost: 6

2025-08-13 11:09:48,152 - INFO - Time for Translating the Constrained Problem into NL: 4.76837158203125e-07

