2026-04-01 16:51:39,952 - INFO - 
================= Seed: 1019 =================

2026-04-01 16:51:40,391 - INFO - problem name = Minigrid

types = [Room, ObjectOrDoor, Object - ObjectOrDoor, Color, Door - ObjectOrDoor, Empty - Object, Ball - Object, Box - Object]

fluents = [
  bool agentInRoom[room=Room]
  bool objectInRoom[obj=Object - ObjectOrDoor, room=Room]
  bool objectColor[objectOrDoor=ObjectOrDoor, color=Color]
  bool at[objectOrDoor=ObjectOrDoor]
  bool carrying[obj=Object - ObjectOrDoor]
  bool locked[door=Door - ObjectOrDoor]
  bool adjacentRooms[room1=Room, room2=Room, door=Door - ObjectOrDoor]
  bool blocked[door=Door - ObjectOrDoor, obj=Object - ObjectOrDoor, room=Room]
  bool visited[room=Room]
  bool emptyHands
]

actions = [
  action gotoObject(Object - ObjectOrDoor obj, Room room) {
    preconditions = [
      objectInRoom(obj, room)
      agentInRoom(room)
    ]
    effects = [
      forall Object - ObjectOrDoor o if at(o) then at(o) := false
      forall Door - ObjectOrDoor d if at(d) then at(d) := false
      at(obj) := true
    ]
  }
  action gotoEmpty {
    preconditions = [
    ]
    effects = [
      forall Object - ObjectOrDoor o if at(o) then at(o) := false
      forall Door - ObjectOrDoor d if at(d) then at(d) := false
      at(empty) := true
    ]
  }
  action gotoDoor(Door - ObjectOrDoor door, Room room1, Room room2) {
    preconditions = [
      adjacentRooms(room1, room2, door)
      agentInRoom(room1)
      Forall (Object - ObjectOrDoor o) (not blocked(door, o, room1))
    ]
    effects = [
      forall Object - ObjectOrDoor o if at(o) then at(o) := false
      forall Door - ObjectOrDoor d if at(d) then at(d) := false
      at(door) := true
    ]
  }
  action gotoRoom(Room room1, Room room2, Door - ObjectOrDoor door) {
    preconditions = [
      agentInRoom(room1)
      adjacentRooms(room1, room2, door)
      (not locked(door))
    ]
    effects = [
      agentInRoom(room1) := false
      agentInRoom(room2) := true
      visited(room2) := true
      forall Object - ObjectOrDoor o if at(o) then at(o) := false
      forall Door - ObjectOrDoor d if at(d) then at(d) := false
    ]
  }
  action pick(Object - ObjectOrDoor obj, Room room) {
    preconditions = [
      agentInRoom(room)
      objectInRoom(obj, room)
      at(obj)
      emptyHands
    ]
    effects = [
      at(obj) := false
      emptyHands := false
      carrying(obj) := true
      objectInRoom(obj, room) := false
      forall Door - ObjectOrDoor d if blocked(d, obj, room) then blocked(d, obj, room) := false
    ]
  }
  action drop(Object - ObjectOrDoor obj, Room room) {
    preconditions = [
      agentInRoom(room)
      carrying(obj)
      (not emptyHands)
      at(empty)
    ]
    effects = [
      carrying(obj) := false
      at(obj) := true
      at(empty) := false
      emptyHands := true
      objectInRoom(obj, room) := true
    ]
  }
  action toggle(Door - ObjectOrDoor door) {
    preconditions = [
      at(door)
    ]
    effects = [
      if (not locked(door)) then locked(door) := true
      if locked(door) then locked(door) := false
    ]
  }
]

objects = [
  Room: [room_1, room_2, room_3, room_4]
  ObjectOrDoor: [empty, blue_ball_1, blue_box_2, green_ball_1, blue_box_1, grey_box_1, green_box_1, green_box_2, green_box_3, red_door_1, purple_door_1, grey_door_1, green_door_1]
  Object - ObjectOrDoor: [empty, blue_ball_1, blue_box_2, green_ball_1, blue_box_1, grey_box_1, green_box_1, green_box_2, green_box_3]
  Color: [RedType, GreenType, BlueType, YellowType, PurpleType, GreyType]
  Door - ObjectOrDoor: [red_door_1, purple_door_1, grey_door_1, green_door_1]
  Empty - Object: [empty]
  Ball - Object: [blue_ball_1, green_ball_1]
  Box - Object: [blue_box_2, blue_box_1, grey_box_1, green_box_1, green_box_2, green_box_3]
]

initial fluents default = [
  bool agentInRoom[room=Room] := false
  bool objectInRoom[obj=Object - ObjectOrDoor, room=Room] := false
  bool objectColor[objectOrDoor=ObjectOrDoor, color=Color] := false
  bool at[objectOrDoor=ObjectOrDoor] := false
  bool carrying[obj=Object - ObjectOrDoor] := false
  bool locked[door=Door - ObjectOrDoor] := false
  bool adjacentRooms[room1=Room, room2=Room, door=Door - ObjectOrDoor] := false
  bool blocked[door=Door - ObjectOrDoor, obj=Object - ObjectOrDoor, room=Room] := false
  bool visited[room=Room] := false
  bool emptyHands := false
]

initial values = [
  agentInRoom(room_2) := true
  objectInRoom(blue_ball_1, room_1) := true
  objectInRoom(blue_box_1, room_1) := true
  objectInRoom(green_box_1, room_2) := true
  objectInRoom(blue_box_2, room_3) := true
  objectInRoom(green_ball_1, room_3) := true
  objectInRoom(grey_box_1, room_3) := true
  objectInRoom(green_box_2, room_4) := true
  objectInRoom(green_box_3, room_4) := true
  objectColor(blue_ball_1, BlueType) := true
  objectColor(blue_box_1, BlueType) := true
  objectColor(green_box_1, GreenType) := true
  objectColor(blue_box_2, BlueType) := true
  objectColor(green_ball_1, GreenType) := true
  objectColor(grey_box_1, GreyType) := true
  objectColor(green_box_2, GreenType) := true
  objectColor(green_box_3, GreenType) := true
  objectColor(red_door_1, RedType) := true
  objectColor(purple_door_1, PurpleType) := true
  objectColor(grey_door_1, GreyType) := true
  objectColor(green_door_1, GreenType) := true
  emptyHands := true
  locked(red_door_1) := true
  locked(purple_door_1) := true
  locked(grey_door_1) := true
  locked(green_door_1) := true
  adjacentRooms(room_2, room_1, red_door_1) := true
  adjacentRooms(room_1, room_2, red_door_1) := true
  adjacentRooms(room_3, room_1, purple_door_1) := true
  adjacentRooms(room_1, room_3, purple_door_1) := true
  adjacentRooms(room_4, room_2, grey_door_1) := true
  adjacentRooms(room_2, room_4, grey_door_1) := true
  adjacentRooms(room_4, room_3, green_door_1) := true
  adjacentRooms(room_3, room_4, green_door_1) := true
  visited(room_2) := true
  agentInRoom(room_1) := false
  agentInRoom(room_3) := false
  agentInRoom(room_4) := false
  objectInRoom(empty, room_1) := false
  objectInRoom(blue_box_2, room_1) := false
  objectInRoom(green_ball_1, room_1) := false
  objectInRoom(grey_box_1, room_1) := false
  objectInRoom(green_box_1, room_1) := false
  objectInRoom(green_box_2, room_1) := false
  objectInRoom(green_box_3, room_1) := false
  objectInRoom(empty, room_2) := false
  objectInRoom(blue_ball_1, room_2) := false
  objectInRoom(blue_box_2, room_2) := false
  objectInRoom(green_ball_1, room_2) := false
  objectInRoom(blue_box_1, room_2) := false
  objectInRoom(grey_box_1, room_2) := false
  objectInRoom(green_box_2, room_2) := false
  objectInRoom(green_box_3, room_2) := false
  objectInRoom(empty, room_3) := false
  objectInRoom(blue_ball_1, room_3) := false
  objectInRoom(blue_box_1, room_3) := false
  objectInRoom(green_box_1, room_3) := false
  objectInRoom(green_box_2, room_3) := false
  objectInRoom(green_box_3, room_3) := false
  objectInRoom(empty, room_4) := false
  objectInRoom(blue_ball_1, room_4) := false
  objectInRoom(blue_box_2, room_4) := false
  objectInRoom(green_ball_1, room_4) := false
  objectInRoom(blue_box_1, room_4) := false
  objectInRoom(grey_box_1, room_4) := false
  objectInRoom(green_box_1, room_4) := false
  objectColor(empty, RedType) := false
  objectColor(blue_ball_1, RedType) := false
  objectColor(blue_box_2, RedType) := false
  objectColor(green_ball_1, RedType) := false
  objectColor(blue_box_1, RedType) := false
  objectColor(grey_box_1, RedType) := false
  objectColor(green_box_1, RedType) := false
  objectColor(green_box_2, RedType) := false
  objectColor(green_box_3, RedType) := false
  objectColor(purple_door_1, RedType) := false
  objectColor(grey_door_1, RedType) := false
  objectColor(green_door_1, RedType) := false
  objectColor(empty, GreenType) := false
  objectColor(blue_ball_1, GreenType) := false
  objectColor(blue_box_2, GreenType) := false
  objectColor(blue_box_1, GreenType) := false
  objectColor(grey_box_1, GreenType) := false
  objectColor(red_door_1, GreenType) := false
  objectColor(purple_door_1, GreenType) := false
  objectColor(grey_door_1, GreenType) := false
  objectColor(empty, BlueType) := false
  objectColor(green_ball_1, BlueType) := false
  objectColor(grey_box_1, BlueType) := false
  objectColor(green_box_1, BlueType) := false
  objectColor(green_box_2, BlueType) := false
  objectColor(green_box_3, BlueType) := false
  objectColor(red_door_1, BlueType) := false
  objectColor(purple_door_1, BlueType) := false
  objectColor(grey_door_1, BlueType) := false
  objectColor(green_door_1, BlueType) := false
  objectColor(empty, YellowType) := false
  objectColor(blue_ball_1, YellowType) := false
  objectColor(blue_box_2, YellowType) := false
  objectColor(green_ball_1, YellowType) := false
  objectColor(blue_box_1, YellowType) := false
  objectColor(grey_box_1, YellowType) := false
  objectColor(green_box_1, YellowType) := false
  objectColor(green_box_2, YellowType) := false
  objectColor(green_box_3, YellowType) := false
  objectColor(red_door_1, YellowType) := false
  objectColor(purple_door_1, YellowType) := false
  objectColor(grey_door_1, YellowType) := false
  objectColor(green_door_1, YellowType) := false
  objectColor(empty, PurpleType) := false
  objectColor(blue_ball_1, PurpleType) := false
  objectColor(blue_box_2, PurpleType) := false
  objectColor(green_ball_1, PurpleType) := false
  objectColor(blue_box_1, PurpleType) := false
  objectColor(grey_box_1, PurpleType) := false
  objectColor(green_box_1, PurpleType) := false
  objectColor(green_box_2, PurpleType) := false
  objectColor(green_box_3, PurpleType) := false
  objectColor(red_door_1, PurpleType) := false
  objectColor(grey_door_1, PurpleType) := false
  objectColor(green_door_1, PurpleType) := false
  objectColor(empty, GreyType) := false
  objectColor(blue_ball_1, GreyType) := false
  objectColor(blue_box_2, GreyType) := false
  objectColor(green_ball_1, GreyType) := false
  objectColor(blue_box_1, GreyType) := false
  objectColor(green_box_1, GreyType) := false
  objectColor(green_box_2, GreyType) := false
  objectColor(green_box_3, GreyType) := false
  objectColor(red_door_1, GreyType) := false
  objectColor(purple_door_1, GreyType) := false
  objectColor(green_door_1, GreyType) := false
  at(empty) := false
  at(blue_ball_1) := false
  at(blue_box_2) := false
  at(green_ball_1) := false
  at(blue_box_1) := false
  at(grey_box_1) := false
  at(green_box_1) := false
  at(green_box_2) := false
  at(green_box_3) := false
  at(red_door_1) := false
  at(purple_door_1) := false
  at(grey_door_1) := false
  at(green_door_1) := false
  carrying(empty) := false
  carrying(blue_ball_1) := false
  carrying(blue_box_2) := false
  carrying(green_ball_1) := false
  carrying(blue_box_1) := false
  carrying(grey_box_1) := false
  carrying(green_box_1) := false
  carrying(green_box_2) := false
  carrying(green_box_3) := false
  adjacentRooms(room_1, room_1, red_door_1) := false
  adjacentRooms(room_3, room_1, red_door_1) := false
  adjacentRooms(room_4, room_1, red_door_1) := false
  adjacentRooms(room_2, room_2, red_door_1) := false
  adjacentRooms(room_3, room_2, red_door_1) := false
  adjacentRooms(room_4, room_2, red_door_1) := false
  adjacentRooms(room_1, room_3, red_door_1) := false
  adjacentRooms(room_2, room_3, red_door_1) := false
  adjacentRooms(room_3, room_3, red_door_1) := false
  adjacentRooms(room_4, room_3, red_door_1) := false
  adjacentRooms(room_1, room_4, red_door_1) := false
  adjacentRooms(room_2, room_4, red_door_1) := false
  adjacentRooms(room_3, room_4, red_door_1) := false
  adjacentRooms(room_4, room_4, red_door_1) := false
  adjacentRooms(room_1, room_1, purple_door_1) := false
  adjacentRooms(room_2, room_1, purple_door_1) := false
  adjacentRooms(room_4, room_1, purple_door_1) := false
  adjacentRooms(room_1, room_2, purple_door_1) := false
  adjacentRooms(room_2, room_2, purple_door_1) := false
  adjacentRooms(room_3, room_2, purple_door_1) := false
  adjacentRooms(room_4, room_2, purple_door_1) := false
  adjacentRooms(room_2, room_3, purple_door_1) := false
  adjacentRooms(room_3, room_3, purple_door_1) := false
  adjacentRooms(room_4, room_3, purple_door_1) := false
  adjacentRooms(room_1, room_4, purple_door_1) := false
  adjacentRooms(room_2, room_4, purple_door_1) := false
  adjacentRooms(room_3, room_4, purple_door_1) := false
  adjacentRooms(room_4, room_4, purple_door_1) := false
  adjacentRooms(room_1, room_1, grey_door_1) := false
  adjacentRooms(room_2, room_1, grey_door_1) := false
  adjacentRooms(room_3, room_1, grey_door_1) := false
  adjacentRooms(room_4, room_1, grey_door_1) := false
  adjacentRooms(room_1, room_2, grey_door_1) := false
  adjacentRooms(room_2, room_2, grey_door_1) := false
  adjacentRooms(room_3, room_2, grey_door_1) := false
  adjacentRooms(room_1, room_3, grey_door_1) := false
  adjacentRooms(room_2, room_3, grey_door_1) := false
  adjacentRooms(room_3, room_3, grey_door_1) := false
  adjacentRooms(room_4, room_3, grey_door_1) := false
  adjacentRooms(room_1, room_4, grey_door_1) := false
  adjacentRooms(room_3, room_4, grey_door_1) := false
  adjacentRooms(room_4, room_4, grey_door_1) := false
  adjacentRooms(room_1, room_1, green_door_1) := false
  adjacentRooms(room_2, room_1, green_door_1) := false
  adjacentRooms(room_3, room_1, green_door_1) := false
  adjacentRooms(room_4, room_1, green_door_1) := false
  adjacentRooms(room_1, room_2, green_door_1) := false
  adjacentRooms(room_2, room_2, green_door_1) := false
  adjacentRooms(room_3, room_2, green_door_1) := false
  adjacentRooms(room_4, room_2, green_door_1) := false
  adjacentRooms(room_1, room_3, green_door_1) := false
  adjacentRooms(room_2, room_3, green_door_1) := false
  adjacentRooms(room_3, room_3, green_door_1) := false
  adjacentRooms(room_1, room_4, green_door_1) := false
  adjacentRooms(room_2, room_4, green_door_1) := false
  adjacentRooms(room_4, room_4, green_door_1) := false
  blocked(red_door_1, empty, room_1) := false
  blocked(purple_door_1, empty, room_1) := false
  blocked(grey_door_1, empty, room_1) := false
  blocked(green_door_1, empty, room_1) := false
  blocked(red_door_1, blue_ball_1, room_1) := false
  blocked(purple_door_1, blue_ball_1, room_1) := false
  blocked(grey_door_1, blue_ball_1, room_1) := false
  blocked(green_door_1, blue_ball_1, room_1) := false
  blocked(red_door_1, blue_box_2, room_1) := false
  blocked(purple_door_1, blue_box_2, room_1) := false
  blocked(grey_door_1, blue_box_2, room_1) := false
  blocked(green_door_1, blue_box_2, room_1) := false
  blocked(red_door_1, green_ball_1, room_1) := false
  blocked(purple_door_1, green_ball_1, room_1) := false
  blocked(grey_door_1, green_ball_1, room_1) := false
  blocked(green_door_1, green_ball_1, room_1) := false
  blocked(red_door_1, blue_box_1, room_1) := false
  blocked(purple_door_1, blue_box_1, room_1) := false
  blocked(grey_door_1, blue_box_1, room_1) := false
  blocked(green_door_1, blue_box_1, room_1) := false
  blocked(red_door_1, grey_box_1, room_1) := false
  blocked(purple_door_1, grey_box_1, room_1) := false
  blocked(grey_door_1, grey_box_1, room_1) := false
  blocked(green_door_1, grey_box_1, room_1) := false
  blocked(red_door_1, green_box_1, room_1) := false
  blocked(purple_door_1, green_box_1, room_1) := false
  blocked(grey_door_1, green_box_1, room_1) := false
  blocked(green_door_1, green_box_1, room_1) := false
  blocked(red_door_1, green_box_2, room_1) := false
  blocked(purple_door_1, green_box_2, room_1) := false
  blocked(grey_door_1, green_box_2, room_1) := false
  blocked(green_door_1, green_box_2, room_1) := false
  blocked(red_door_1, green_box_3, room_1) := false
  blocked(purple_door_1, green_box_3, room_1) := false
  blocked(grey_door_1, green_box_3, room_1) := false
  blocked(green_door_1, green_box_3, room_1) := false
  blocked(red_door_1, empty, room_2) := false
  blocked(purple_door_1, empty, room_2) := false
  blocked(grey_door_1, empty, room_2) := false
  blocked(green_door_1, empty, room_2) := false
  blocked(red_door_1, blue_ball_1, room_2) := false
  blocked(purple_door_1, blue_ball_1, room_2) := false
  blocked(grey_door_1, blue_ball_1, room_2) := false
  blocked(green_door_1, blue_ball_1, room_2) := false
  blocked(red_door_1, blue_box_2, room_2) := false
  blocked(purple_door_1, blue_box_2, room_2) := false
  blocked(grey_door_1, blue_box_2, room_2) := false
  blocked(green_door_1, blue_box_2, room_2) := false
  blocked(red_door_1, green_ball_1, room_2) := false
  blocked(purple_door_1, green_ball_1, room_2) := false
  blocked(grey_door_1, green_ball_1, room_2) := false
  blocked(green_door_1, green_ball_1, room_2) := false
  blocked(red_door_1, blue_box_1, room_2) := false
  blocked(purple_door_1, blue_box_1, room_2) := false
  blocked(grey_door_1, blue_box_1, room_2) := false
  blocked(green_door_1, blue_box_1, room_2) := false
  blocked(red_door_1, grey_box_1, room_2) := false
  blocked(purple_door_1, grey_box_1, room_2) := false
  blocked(grey_door_1, grey_box_1, room_2) := false
  blocked(green_door_1, grey_box_1, room_2) := false
  blocked(red_door_1, green_box_1, room_2) := false
  blocked(purple_door_1, green_box_1, room_2) := false
  blocked(grey_door_1, green_box_1, room_2) := false
  blocked(green_door_1, green_box_1, room_2) := false
  blocked(red_door_1, green_box_2, room_2) := false
  blocked(purple_door_1, green_box_2, room_2) := false
  blocked(grey_door_1, green_box_2, room_2) := false
  blocked(green_door_1, green_box_2, room_2) := false
  blocked(red_door_1, green_box_3, room_2) := false
  blocked(purple_door_1, green_box_3, room_2) := false
  blocked(grey_door_1, green_box_3, room_2) := false
  blocked(green_door_1, green_box_3, room_2) := false
  blocked(red_door_1, empty, room_3) := false
  blocked(purple_door_1, empty, room_3) := false
  blocked(grey_door_1, empty, room_3) := false
  blocked(green_door_1, empty, room_3) := false
  blocked(red_door_1, blue_ball_1, room_3) := false
  blocked(purple_door_1, blue_ball_1, room_3) := false
  blocked(grey_door_1, blue_ball_1, room_3) := false
  blocked(green_door_1, blue_ball_1, room_3) := false
  blocked(red_door_1, blue_box_2, room_3) := false
  blocked(purple_door_1, blue_box_2, room_3) := false
  blocked(grey_door_1, blue_box_2, room_3) := false
  blocked(green_door_1, blue_box_2, room_3) := false
  blocked(red_door_1, green_ball_1, room_3) := false
  blocked(purple_door_1, green_ball_1, room_3) := false
  blocked(grey_door_1, green_ball_1, room_3) := false
  blocked(green_door_1, green_ball_1, room_3) := false
  blocked(red_door_1, blue_box_1, room_3) := false
  blocked(purple_door_1, blue_box_1, room_3) := false
  blocked(grey_door_1, blue_box_1, room_3) := false
  blocked(green_door_1, blue_box_1, room_3) := false
  blocked(red_door_1, grey_box_1, room_3) := false
  blocked(purple_door_1, grey_box_1, room_3) := false
  blocked(grey_door_1, grey_box_1, room_3) := false
  blocked(green_door_1, grey_box_1, room_3) := false
  blocked(red_door_1, green_box_1, room_3) := false
  blocked(purple_door_1, green_box_1, room_3) := false
  blocked(grey_door_1, green_box_1, room_3) := false
  blocked(green_door_1, green_box_1, room_3) := false
  blocked(red_door_1, green_box_2, room_3) := false
  blocked(purple_door_1, green_box_2, room_3) := false
  blocked(grey_door_1, green_box_2, room_3) := false
  blocked(green_door_1, green_box_2, room_3) := false
  blocked(red_door_1, green_box_3, room_3) := false
  blocked(purple_door_1, green_box_3, room_3) := false
  blocked(grey_door_1, green_box_3, room_3) := false
  blocked(green_door_1, green_box_3, room_3) := false
  blocked(red_door_1, empty, room_4) := false
  blocked(purple_door_1, empty, room_4) := false
  blocked(grey_door_1, empty, room_4) := false
  blocked(green_door_1, empty, room_4) := false
  blocked(red_door_1, blue_ball_1, room_4) := false
  blocked(purple_door_1, blue_ball_1, room_4) := false
  blocked(grey_door_1, blue_ball_1, room_4) := false
  blocked(green_door_1, blue_ball_1, room_4) := false
  blocked(red_door_1, blue_box_2, room_4) := false
  blocked(purple_door_1, blue_box_2, room_4) := false
  blocked(grey_door_1, blue_box_2, room_4) := false
  blocked(green_door_1, blue_box_2, room_4) := false
  blocked(red_door_1, green_ball_1, room_4) := false
  blocked(purple_door_1, green_ball_1, room_4) := false
  blocked(grey_door_1, green_ball_1, room_4) := false
  blocked(green_door_1, green_ball_1, room_4) := false
  blocked(red_door_1, blue_box_1, room_4) := false
  blocked(purple_door_1, blue_box_1, room_4) := false
  blocked(grey_door_1, blue_box_1, room_4) := false
  blocked(green_door_1, blue_box_1, room_4) := false
  blocked(red_door_1, grey_box_1, room_4) := false
  blocked(purple_door_1, grey_box_1, room_4) := false
  blocked(grey_door_1, grey_box_1, room_4) := false
  blocked(green_door_1, grey_box_1, room_4) := false
  blocked(red_door_1, green_box_1, room_4) := false
  blocked(purple_door_1, green_box_1, room_4) := false
  blocked(grey_door_1, green_box_1, room_4) := false
  blocked(green_door_1, green_box_1, room_4) := false
  blocked(red_door_1, green_box_2, room_4) := false
  blocked(purple_door_1, green_box_2, room_4) := false
  blocked(grey_door_1, green_box_2, room_4) := false
  blocked(green_door_1, green_box_2, room_4) := false
  blocked(red_door_1, green_box_3, room_4) := false
  blocked(purple_door_1, green_box_3, room_4) := false
  blocked(grey_door_1, green_box_3, room_4) := false
  blocked(green_door_1, green_box_3, room_4) := false
  visited(room_1) := false
  visited(room_3) := false
  visited(room_4) := false
]

goals = [
  Exists (Box - Object v) (objectColor(v, GreyType) and at(v))
]

quality metrics = [
  minimize sequential-plan-length
]


2026-04-01 16:51:40,395 - INFO - Generating plan for unconstrained problem

2026-04-01 16:51:40,395 - INFO - Unconstrained plan generation time: 0.0

2026-04-01 16:51:40,395 - INFO - Unconstrained plan and cost: 
2026-04-01 16:51:40,395 - INFO - SequentialPlan:
    gotoDoor(red_door_1, room_2, room_1)
    toggle(red_door_1)
    gotoRoom(room_2, room_1, red_door_1)
    gotoDoor(purple_door_1, room_1, room_3)
    toggle(purple_door_1)
    gotoRoom(room_1, room_3, purple_door_1)
    gotoObject(grey_box_1, room_3)
2026-04-01 16:51:40,395 - INFO - 7
2026-04-01 16:51:40,403 - INFO - Seed: 1019 Unconstrained plan simulation is not feasible

