2026-04-01 16:56:59,483 - INFO - 
================= Seed: 2021 =================

2026-04-01 16:56:59,930 - INFO - problem name = Minigrid

types = [Room, ObjectOrDoor, Object - ObjectOrDoor, Color, Door - ObjectOrDoor, Empty - Object, Box - Object, Ball - Object]

fluents = [
  bool agentInRoom[room=Room]
  bool objectInRoom[obj=Object - ObjectOrDoor, room=Room]
  bool objectColor[objectOrDoor=ObjectOrDoor, color=Color]
  bool at[objectOrDoor=ObjectOrDoor]
  bool carrying[obj=Object - ObjectOrDoor]
  bool locked[door=Door - ObjectOrDoor]
  bool adjacentRooms[room1=Room, room2=Room, door=Door - ObjectOrDoor]
  bool blocked[door=Door - ObjectOrDoor, obj=Object - ObjectOrDoor, room=Room]
  bool visited[room=Room]
  bool emptyHands
]

actions = [
  action gotoObject(Object - ObjectOrDoor obj, Room room) {
    preconditions = [
      objectInRoom(obj, room)
      agentInRoom(room)
    ]
    effects = [
      forall Object - ObjectOrDoor o if at(o) then at(o) := false
      forall Door - ObjectOrDoor d if at(d) then at(d) := false
      at(obj) := true
    ]
  }
  action gotoEmpty {
    preconditions = [
    ]
    effects = [
      forall Object - ObjectOrDoor o if at(o) then at(o) := false
      forall Door - ObjectOrDoor d if at(d) then at(d) := false
      at(empty) := true
    ]
  }
  action gotoDoor(Door - ObjectOrDoor door, Room room1, Room room2) {
    preconditions = [
      adjacentRooms(room1, room2, door)
      agentInRoom(room1)
      Forall (Object - ObjectOrDoor o) (not blocked(door, o, room1))
    ]
    effects = [
      forall Object - ObjectOrDoor o if at(o) then at(o) := false
      forall Door - ObjectOrDoor d if at(d) then at(d) := false
      at(door) := true
    ]
  }
  action gotoRoom(Room room1, Room room2, Door - ObjectOrDoor door) {
    preconditions = [
      agentInRoom(room1)
      adjacentRooms(room1, room2, door)
      (not locked(door))
    ]
    effects = [
      agentInRoom(room1) := false
      agentInRoom(room2) := true
      visited(room2) := true
      forall Object - ObjectOrDoor o if at(o) then at(o) := false
      forall Door - ObjectOrDoor d if at(d) then at(d) := false
    ]
  }
  action pick(Object - ObjectOrDoor obj, Room room) {
    preconditions = [
      agentInRoom(room)
      objectInRoom(obj, room)
      at(obj)
      emptyHands
    ]
    effects = [
      at(obj) := false
      emptyHands := false
      carrying(obj) := true
      objectInRoom(obj, room) := false
      forall Door - ObjectOrDoor d if blocked(d, obj, room) then blocked(d, obj, room) := false
    ]
  }
  action drop(Object - ObjectOrDoor obj, Room room) {
    preconditions = [
      agentInRoom(room)
      carrying(obj)
      (not emptyHands)
      at(empty)
    ]
    effects = [
      carrying(obj) := false
      at(obj) := true
      at(empty) := false
      emptyHands := true
      objectInRoom(obj, room) := true
    ]
  }
  action toggle(Door - ObjectOrDoor door) {
    preconditions = [
      at(door)
    ]
    effects = [
      if (not locked(door)) then locked(door) := true
      if locked(door) then locked(door) := false
    ]
  }
]

objects = [
  Room: [room_1, room_2, room_3, room_4]
  ObjectOrDoor: [empty, grey_box_1, grey_box_2, red_ball_3, purple_ball_1, blue_box_1, blue_ball_1, red_ball_1, red_ball_2, green_door_1, purple_door_1, purple_door_2, purple_door_3]
  Object - ObjectOrDoor: [empty, grey_box_1, grey_box_2, red_ball_3, purple_ball_1, blue_box_1, blue_ball_1, red_ball_1, red_ball_2]
  Color: [RedType, GreenType, BlueType, YellowType, PurpleType, GreyType]
  Door - ObjectOrDoor: [green_door_1, purple_door_1, purple_door_2, purple_door_3]
  Empty - Object: [empty]
  Box - Object: [grey_box_1, grey_box_2, blue_box_1]
  Ball - Object: [red_ball_3, purple_ball_1, blue_ball_1, red_ball_1, red_ball_2]
]

initial fluents default = [
  bool agentInRoom[room=Room] := false
  bool objectInRoom[obj=Object - ObjectOrDoor, room=Room] := false
  bool objectColor[objectOrDoor=ObjectOrDoor, color=Color] := false
  bool at[objectOrDoor=ObjectOrDoor] := false
  bool carrying[obj=Object - ObjectOrDoor] := false
  bool locked[door=Door - ObjectOrDoor] := false
  bool adjacentRooms[room1=Room, room2=Room, door=Door - ObjectOrDoor] := false
  bool blocked[door=Door - ObjectOrDoor, obj=Object - ObjectOrDoor, room=Room] := false
  bool visited[room=Room] := false
  bool emptyHands := false
]

initial values = [
  agentInRoom(room_2) := true
  objectInRoom(red_ball_1, room_1) := true
  objectInRoom(red_ball_2, room_1) := true
  objectInRoom(purple_ball_1, room_1) := true
  objectInRoom(grey_box_1, room_2) := true
  objectInRoom(grey_box_2, room_2) := true
  objectInRoom(blue_box_1, room_3) := true
  objectInRoom(blue_ball_1, room_4) := true
  objectInRoom(red_ball_3, room_4) := true
  objectColor(red_ball_1, RedType) := true
  objectColor(red_ball_2, RedType) := true
  objectColor(purple_ball_1, PurpleType) := true
  objectColor(grey_box_1, GreyType) := true
  objectColor(grey_box_2, GreyType) := true
  objectColor(blue_box_1, BlueType) := true
  objectColor(blue_ball_1, BlueType) := true
  objectColor(red_ball_3, RedType) := true
  objectColor(green_door_1, GreenType) := true
  objectColor(purple_door_1, PurpleType) := true
  objectColor(purple_door_2, PurpleType) := true
  objectColor(purple_door_3, PurpleType) := true
  emptyHands := true
  locked(green_door_1) := true
  locked(purple_door_1) := true
  locked(purple_door_2) := true
  locked(purple_door_3) := true
  adjacentRooms(room_2, room_1, green_door_1) := true
  adjacentRooms(room_1, room_2, green_door_1) := true
  adjacentRooms(room_3, room_1, purple_door_1) := true
  adjacentRooms(room_1, room_3, purple_door_1) := true
  adjacentRooms(room_4, room_2, purple_door_2) := true
  adjacentRooms(room_2, room_4, purple_door_2) := true
  adjacentRooms(room_4, room_3, purple_door_3) := true
  adjacentRooms(room_3, room_4, purple_door_3) := true
  visited(room_2) := true
  agentInRoom(room_1) := false
  agentInRoom(room_3) := false
  agentInRoom(room_4) := false
  objectInRoom(empty, room_1) := false
  objectInRoom(grey_box_1, room_1) := false
  objectInRoom(grey_box_2, room_1) := false
  objectInRoom(red_ball_3, room_1) := false
  objectInRoom(blue_box_1, room_1) := false
  objectInRoom(blue_ball_1, room_1) := false
  objectInRoom(empty, room_2) := false
  objectInRoom(red_ball_3, room_2) := false
  objectInRoom(purple_ball_1, room_2) := false
  objectInRoom(blue_box_1, room_2) := false
  objectInRoom(blue_ball_1, room_2) := false
  objectInRoom(red_ball_1, room_2) := false
  objectInRoom(red_ball_2, room_2) := false
  objectInRoom(empty, room_3) := false
  objectInRoom(grey_box_1, room_3) := false
  objectInRoom(grey_box_2, room_3) := false
  objectInRoom(red_ball_3, room_3) := false
  objectInRoom(purple_ball_1, room_3) := false
  objectInRoom(blue_ball_1, room_3) := false
  objectInRoom(red_ball_1, room_3) := false
  objectInRoom(red_ball_2, room_3) := false
  objectInRoom(empty, room_4) := false
  objectInRoom(grey_box_1, room_4) := false
  objectInRoom(grey_box_2, room_4) := false
  objectInRoom(purple_ball_1, room_4) := false
  objectInRoom(blue_box_1, room_4) := false
  objectInRoom(red_ball_1, room_4) := false
  objectInRoom(red_ball_2, room_4) := false
  objectColor(empty, RedType) := false
  objectColor(grey_box_1, RedType) := false
  objectColor(grey_box_2, RedType) := false
  objectColor(purple_ball_1, RedType) := false
  objectColor(blue_box_1, RedType) := false
  objectColor(blue_ball_1, RedType) := false
  objectColor(green_door_1, RedType) := false
  objectColor(purple_door_1, RedType) := false
  objectColor(purple_door_2, RedType) := false
  objectColor(purple_door_3, RedType) := false
  objectColor(empty, GreenType) := false
  objectColor(grey_box_1, GreenType) := false
  objectColor(grey_box_2, GreenType) := false
  objectColor(red_ball_3, GreenType) := false
  objectColor(purple_ball_1, GreenType) := false
  objectColor(blue_box_1, GreenType) := false
  objectColor(blue_ball_1, GreenType) := false
  objectColor(red_ball_1, GreenType) := false
  objectColor(red_ball_2, GreenType) := false
  objectColor(purple_door_1, GreenType) := false
  objectColor(purple_door_2, GreenType) := false
  objectColor(purple_door_3, GreenType) := false
  objectColor(empty, BlueType) := false
  objectColor(grey_box_1, BlueType) := false
  objectColor(grey_box_2, BlueType) := false
  objectColor(red_ball_3, BlueType) := false
  objectColor(purple_ball_1, BlueType) := false
  objectColor(red_ball_1, BlueType) := false
  objectColor(red_ball_2, BlueType) := false
  objectColor(green_door_1, BlueType) := false
  objectColor(purple_door_1, BlueType) := false
  objectColor(purple_door_2, BlueType) := false
  objectColor(purple_door_3, BlueType) := false
  objectColor(empty, YellowType) := false
  objectColor(grey_box_1, YellowType) := false
  objectColor(grey_box_2, YellowType) := false
  objectColor(red_ball_3, YellowType) := false
  objectColor(purple_ball_1, YellowType) := false
  objectColor(blue_box_1, YellowType) := false
  objectColor(blue_ball_1, YellowType) := false
  objectColor(red_ball_1, YellowType) := false
  objectColor(red_ball_2, YellowType) := false
  objectColor(green_door_1, YellowType) := false
  objectColor(purple_door_1, YellowType) := false
  objectColor(purple_door_2, YellowType) := false
  objectColor(purple_door_3, YellowType) := false
  objectColor(empty, PurpleType) := false
  objectColor(grey_box_1, PurpleType) := false
  objectColor(grey_box_2, PurpleType) := false
  objectColor(red_ball_3, PurpleType) := false
  objectColor(blue_box_1, PurpleType) := false
  objectColor(blue_ball_1, PurpleType) := false
  objectColor(red_ball_1, PurpleType) := false
  objectColor(red_ball_2, PurpleType) := false
  objectColor(green_door_1, PurpleType) := false
  objectColor(empty, GreyType) := false
  objectColor(red_ball_3, GreyType) := false
  objectColor(purple_ball_1, GreyType) := false
  objectColor(blue_box_1, GreyType) := false
  objectColor(blue_ball_1, GreyType) := false
  objectColor(red_ball_1, GreyType) := false
  objectColor(red_ball_2, GreyType) := false
  objectColor(green_door_1, GreyType) := false
  objectColor(purple_door_1, GreyType) := false
  objectColor(purple_door_2, GreyType) := false
  objectColor(purple_door_3, GreyType) := false
  at(empty) := false
  at(grey_box_1) := false
  at(grey_box_2) := false
  at(red_ball_3) := false
  at(purple_ball_1) := false
  at(blue_box_1) := false
  at(blue_ball_1) := false
  at(red_ball_1) := false
  at(red_ball_2) := false
  at(green_door_1) := false
  at(purple_door_1) := false
  at(purple_door_2) := false
  at(purple_door_3) := false
  carrying(empty) := false
  carrying(grey_box_1) := false
  carrying(grey_box_2) := false
  carrying(red_ball_3) := false
  carrying(purple_ball_1) := false
  carrying(blue_box_1) := false
  carrying(blue_ball_1) := false
  carrying(red_ball_1) := false
  carrying(red_ball_2) := false
  adjacentRooms(room_1, room_1, green_door_1) := false
  adjacentRooms(room_3, room_1, green_door_1) := false
  adjacentRooms(room_4, room_1, green_door_1) := false
  adjacentRooms(room_2, room_2, green_door_1) := false
  adjacentRooms(room_3, room_2, green_door_1) := false
  adjacentRooms(room_4, room_2, green_door_1) := false
  adjacentRooms(room_1, room_3, green_door_1) := false
  adjacentRooms(room_2, room_3, green_door_1) := false
  adjacentRooms(room_3, room_3, green_door_1) := false
  adjacentRooms(room_4, room_3, green_door_1) := false
  adjacentRooms(room_1, room_4, green_door_1) := false
  adjacentRooms(room_2, room_4, green_door_1) := false
  adjacentRooms(room_3, room_4, green_door_1) := false
  adjacentRooms(room_4, room_4, green_door_1) := false
  adjacentRooms(room_1, room_1, purple_door_1) := false
  adjacentRooms(room_2, room_1, purple_door_1) := false
  adjacentRooms(room_4, room_1, purple_door_1) := false
  adjacentRooms(room_1, room_2, purple_door_1) := false
  adjacentRooms(room_2, room_2, purple_door_1) := false
  adjacentRooms(room_3, room_2, purple_door_1) := false
  adjacentRooms(room_4, room_2, purple_door_1) := false
  adjacentRooms(room_2, room_3, purple_door_1) := false
  adjacentRooms(room_3, room_3, purple_door_1) := false
  adjacentRooms(room_4, room_3, purple_door_1) := false
  adjacentRooms(room_1, room_4, purple_door_1) := false
  adjacentRooms(room_2, room_4, purple_door_1) := false
  adjacentRooms(room_3, room_4, purple_door_1) := false
  adjacentRooms(room_4, room_4, purple_door_1) := false
  adjacentRooms(room_1, room_1, purple_door_2) := false
  adjacentRooms(room_2, room_1, purple_door_2) := false
  adjacentRooms(room_3, room_1, purple_door_2) := false
  adjacentRooms(room_4, room_1, purple_door_2) := false
  adjacentRooms(room_1, room_2, purple_door_2) := false
  adjacentRooms(room_2, room_2, purple_door_2) := false
  adjacentRooms(room_3, room_2, purple_door_2) := false
  adjacentRooms(room_1, room_3, purple_door_2) := false
  adjacentRooms(room_2, room_3, purple_door_2) := false
  adjacentRooms(room_3, room_3, purple_door_2) := false
  adjacentRooms(room_4, room_3, purple_door_2) := false
  adjacentRooms(room_1, room_4, purple_door_2) := false
  adjacentRooms(room_3, room_4, purple_door_2) := false
  adjacentRooms(room_4, room_4, purple_door_2) := false
  adjacentRooms(room_1, room_1, purple_door_3) := false
  adjacentRooms(room_2, room_1, purple_door_3) := false
  adjacentRooms(room_3, room_1, purple_door_3) := false
  adjacentRooms(room_4, room_1, purple_door_3) := false
  adjacentRooms(room_1, room_2, purple_door_3) := false
  adjacentRooms(room_2, room_2, purple_door_3) := false
  adjacentRooms(room_3, room_2, purple_door_3) := false
  adjacentRooms(room_4, room_2, purple_door_3) := false
  adjacentRooms(room_1, room_3, purple_door_3) := false
  adjacentRooms(room_2, room_3, purple_door_3) := false
  adjacentRooms(room_3, room_3, purple_door_3) := false
  adjacentRooms(room_1, room_4, purple_door_3) := false
  adjacentRooms(room_2, room_4, purple_door_3) := false
  adjacentRooms(room_4, room_4, purple_door_3) := false
  blocked(green_door_1, empty, room_1) := false
  blocked(purple_door_1, empty, room_1) := false
  blocked(purple_door_2, empty, room_1) := false
  blocked(purple_door_3, empty, room_1) := false
  blocked(green_door_1, grey_box_1, room_1) := false
  blocked(purple_door_1, grey_box_1, room_1) := false
  blocked(purple_door_2, grey_box_1, room_1) := false
  blocked(purple_door_3, grey_box_1, room_1) := false
  blocked(green_door_1, grey_box_2, room_1) := false
  blocked(purple_door_1, grey_box_2, room_1) := false
  blocked(purple_door_2, grey_box_2, room_1) := false
  blocked(purple_door_3, grey_box_2, room_1) := false
  blocked(green_door_1, red_ball_3, room_1) := false
  blocked(purple_door_1, red_ball_3, room_1) := false
  blocked(purple_door_2, red_ball_3, room_1) := false
  blocked(purple_door_3, red_ball_3, room_1) := false
  blocked(green_door_1, purple_ball_1, room_1) := false
  blocked(purple_door_1, purple_ball_1, room_1) := false
  blocked(purple_door_2, purple_ball_1, room_1) := false
  blocked(purple_door_3, purple_ball_1, room_1) := false
  blocked(green_door_1, blue_box_1, room_1) := false
  blocked(purple_door_1, blue_box_1, room_1) := false
  blocked(purple_door_2, blue_box_1, room_1) := false
  blocked(purple_door_3, blue_box_1, room_1) := false
  blocked(green_door_1, blue_ball_1, room_1) := false
  blocked(purple_door_1, blue_ball_1, room_1) := false
  blocked(purple_door_2, blue_ball_1, room_1) := false
  blocked(purple_door_3, blue_ball_1, room_1) := false
  blocked(green_door_1, red_ball_1, room_1) := false
  blocked(purple_door_1, red_ball_1, room_1) := false
  blocked(purple_door_2, red_ball_1, room_1) := false
  blocked(purple_door_3, red_ball_1, room_1) := false
  blocked(green_door_1, red_ball_2, room_1) := false
  blocked(purple_door_1, red_ball_2, room_1) := false
  blocked(purple_door_2, red_ball_2, room_1) := false
  blocked(purple_door_3, red_ball_2, room_1) := false
  blocked(green_door_1, empty, room_2) := false
  blocked(purple_door_1, empty, room_2) := false
  blocked(purple_door_2, empty, room_2) := false
  blocked(purple_door_3, empty, room_2) := false
  blocked(green_door_1, grey_box_1, room_2) := false
  blocked(purple_door_1, grey_box_1, room_2) := false
  blocked(purple_door_2, grey_box_1, room_2) := false
  blocked(purple_door_3, grey_box_1, room_2) := false
  blocked(green_door_1, grey_box_2, room_2) := false
  blocked(purple_door_1, grey_box_2, room_2) := false
  blocked(purple_door_2, grey_box_2, room_2) := false
  blocked(purple_door_3, grey_box_2, room_2) := false
  blocked(green_door_1, red_ball_3, room_2) := false
  blocked(purple_door_1, red_ball_3, room_2) := false
  blocked(purple_door_2, red_ball_3, room_2) := false
  blocked(purple_door_3, red_ball_3, room_2) := false
  blocked(green_door_1, purple_ball_1, room_2) := false
  blocked(purple_door_1, purple_ball_1, room_2) := false
  blocked(purple_door_2, purple_ball_1, room_2) := false
  blocked(purple_door_3, purple_ball_1, room_2) := false
  blocked(green_door_1, blue_box_1, room_2) := false
  blocked(purple_door_1, blue_box_1, room_2) := false
  blocked(purple_door_2, blue_box_1, room_2) := false
  blocked(purple_door_3, blue_box_1, room_2) := false
  blocked(green_door_1, blue_ball_1, room_2) := false
  blocked(purple_door_1, blue_ball_1, room_2) := false
  blocked(purple_door_2, blue_ball_1, room_2) := false
  blocked(purple_door_3, blue_ball_1, room_2) := false
  blocked(green_door_1, red_ball_1, room_2) := false
  blocked(purple_door_1, red_ball_1, room_2) := false
  blocked(purple_door_2, red_ball_1, room_2) := false
  blocked(purple_door_3, red_ball_1, room_2) := false
  blocked(green_door_1, red_ball_2, room_2) := false
  blocked(purple_door_1, red_ball_2, room_2) := false
  blocked(purple_door_2, red_ball_2, room_2) := false
  blocked(purple_door_3, red_ball_2, room_2) := false
  blocked(green_door_1, empty, room_3) := false
  blocked(purple_door_1, empty, room_3) := false
  blocked(purple_door_2, empty, room_3) := false
  blocked(purple_door_3, empty, room_3) := false
  blocked(green_door_1, grey_box_1, room_3) := false
  blocked(purple_door_1, grey_box_1, room_3) := false
  blocked(purple_door_2, grey_box_1, room_3) := false
  blocked(purple_door_3, grey_box_1, room_3) := false
  blocked(green_door_1, grey_box_2, room_3) := false
  blocked(purple_door_1, grey_box_2, room_3) := false
  blocked(purple_door_2, grey_box_2, room_3) := false
  blocked(purple_door_3, grey_box_2, room_3) := false
  blocked(green_door_1, red_ball_3, room_3) := false
  blocked(purple_door_1, red_ball_3, room_3) := false
  blocked(purple_door_2, red_ball_3, room_3) := false
  blocked(purple_door_3, red_ball_3, room_3) := false
  blocked(green_door_1, purple_ball_1, room_3) := false
  blocked(purple_door_1, purple_ball_1, room_3) := false
  blocked(purple_door_2, purple_ball_1, room_3) := false
  blocked(purple_door_3, purple_ball_1, room_3) := false
  blocked(green_door_1, blue_box_1, room_3) := false
  blocked(purple_door_1, blue_box_1, room_3) := false
  blocked(purple_door_2, blue_box_1, room_3) := false
  blocked(purple_door_3, blue_box_1, room_3) := false
  blocked(green_door_1, blue_ball_1, room_3) := false
  blocked(purple_door_1, blue_ball_1, room_3) := false
  blocked(purple_door_2, blue_ball_1, room_3) := false
  blocked(purple_door_3, blue_ball_1, room_3) := false
  blocked(green_door_1, red_ball_1, room_3) := false
  blocked(purple_door_1, red_ball_1, room_3) := false
  blocked(purple_door_2, red_ball_1, room_3) := false
  blocked(purple_door_3, red_ball_1, room_3) := false
  blocked(green_door_1, red_ball_2, room_3) := false
  blocked(purple_door_1, red_ball_2, room_3) := false
  blocked(purple_door_2, red_ball_2, room_3) := false
  blocked(purple_door_3, red_ball_2, room_3) := false
  blocked(green_door_1, empty, room_4) := false
  blocked(purple_door_1, empty, room_4) := false
  blocked(purple_door_2, empty, room_4) := false
  blocked(purple_door_3, empty, room_4) := false
  blocked(green_door_1, grey_box_1, room_4) := false
  blocked(purple_door_1, grey_box_1, room_4) := false
  blocked(purple_door_2, grey_box_1, room_4) := false
  blocked(purple_door_3, grey_box_1, room_4) := false
  blocked(green_door_1, grey_box_2, room_4) := false
  blocked(purple_door_1, grey_box_2, room_4) := false
  blocked(purple_door_2, grey_box_2, room_4) := false
  blocked(purple_door_3, grey_box_2, room_4) := false
  blocked(green_door_1, red_ball_3, room_4) := false
  blocked(purple_door_1, red_ball_3, room_4) := false
  blocked(purple_door_2, red_ball_3, room_4) := false
  blocked(purple_door_3, red_ball_3, room_4) := false
  blocked(green_door_1, purple_ball_1, room_4) := false
  blocked(purple_door_1, purple_ball_1, room_4) := false
  blocked(purple_door_2, purple_ball_1, room_4) := false
  blocked(purple_door_3, purple_ball_1, room_4) := false
  blocked(green_door_1, blue_box_1, room_4) := false
  blocked(purple_door_1, blue_box_1, room_4) := false
  blocked(purple_door_2, blue_box_1, room_4) := false
  blocked(purple_door_3, blue_box_1, room_4) := false
  blocked(green_door_1, blue_ball_1, room_4) := false
  blocked(purple_door_1, blue_ball_1, room_4) := false
  blocked(purple_door_2, blue_ball_1, room_4) := false
  blocked(purple_door_3, blue_ball_1, room_4) := false
  blocked(green_door_1, red_ball_1, room_4) := false
  blocked(purple_door_1, red_ball_1, room_4) := false
  blocked(purple_door_2, red_ball_1, room_4) := false
  blocked(purple_door_3, red_ball_1, room_4) := false
  blocked(green_door_1, red_ball_2, room_4) := false
  blocked(purple_door_1, red_ball_2, room_4) := false
  blocked(purple_door_2, red_ball_2, room_4) := false
  blocked(purple_door_3, red_ball_2, room_4) := false
  visited(room_1) := false
  visited(room_3) := false
  visited(room_4) := false
]

goals = [
  Exists (Ball - Object v) (objectColor(v, RedType) and agentInRoom(room_3) and objectInRoom(v, room_3) and emptyHands and at(v))
]

quality metrics = [
  minimize sequential-plan-length
]


2026-04-01 16:56:59,935 - INFO - Generating plan for unconstrained problem

2026-04-01 16:56:59,935 - INFO - Unconstrained plan generation time: 2.384185791015625e-07

2026-04-01 16:56:59,935 - INFO - Unconstrained plan and cost: 
2026-04-01 16:56:59,935 - INFO - SequentialPlan:
    gotoDoor(green_door_1, room_2, room_1)
    toggle(green_door_1)
    gotoRoom(room_2, room_1, green_door_1)
    gotoDoor(purple_door_1, room_1, room_3)
    toggle(purple_door_1)
    gotoObject(red_ball_1, room_1)
    pick(red_ball_1, room_1)
    gotoRoom(room_1, room_3, purple_door_1)
    gotoEmpty
    drop(red_ball_1, room_3)
2026-04-01 16:56:59,935 - INFO - 10
2026-04-01 16:57:00,096 - INFO - Sampled constraints:

2026-04-01 16:57:00,096 - INFO - 
2026-04-01 16:57:00,096 - INFO - Generation time: 0.13068461418151855

2026-04-01 16:57:00,096 - INFO - Generating plan for constrained problem (with LiftedTCORE).

2026-04-01 16:57:00,105 - INFO - LiftedTCORE compilation time: 0.008968353271484375

2026-04-01 16:57:00,597 - INFO - Planning Time with LiftedTCORE's file: 0.4916574954986572

2026-04-01 16:57:00,597 - INFO - Plan found with LiftedTCORE + sym_bd: SequentialPlan:
    gotoDoor(green_door_1, room_2, room_1)
    toggle(green_door_1)
    gotoRoom(room_2, room_1, green_door_1)
    gotoDoor(purple_door_1, room_1, room_3)
    toggle(purple_door_1)
    gotoObject(red_ball_1, room_1)
    pick(red_ball_1, room_1)
    gotoRoom(room_1, room_3, purple_door_1)
    gotoEmpty
    drop(red_ball_1, room_3)
2026-04-01 16:57:00,597 - INFO - Seed: 2021 is solvable

2026-04-01 16:57:00,597 - INFO - Unconstrained cost: 10
2026-04-01 16:57:00,597 - INFO - Constrained cost: 10
2026-04-01 16:57:00,650 - INFO - Seed: 2021 Constrained plan simulation is not feasible
