2026-01-03 11:25:51,315 - INFO - 
================= Seed: 35 =================

2026-01-03 11:25:51,408 - INFO - problem name = BlocksWorld

types = [Block]

fluents = [
  bool clear[obj=Block]
  bool ontable[obj=Block]
  bool handEmpty
  bool holding[obj=Block]
  bool on[obj1=Block, obj2=Block]
]

actions = [
  action pickup(Block obj) {
    preconditions = [
      clear(obj)
      ontable(obj)
      handEmpty
    ]
    effects = [
      holding(obj) := true
      clear(obj) := false
      ontable(obj) := false
      handEmpty := false
    ]
  }
  action putdown(Block obj) {
    preconditions = [
      holding(obj)
    ]
    effects = [
      clear(obj) := true
      handEmpty := true
      ontable(obj) := true
      holding(obj) := false
    ]
  }
  action stack(Block obj, Block underObj) {
    preconditions = [
      clear(underObj)
      holding(obj)
    ]
    effects = [
      handEmpty := true
      clear(obj) := true
      on(obj, underObj) := true
      clear(underObj) := false
      holding(obj) := false
    ]
  }
  action unstack(Block obj, Block underObj) {
    preconditions = [
      on(obj, underObj)
      clear(obj)
      handEmpty
    ]
    effects = [
      holding(obj) := true
      clear(underObj) := true
      on(obj, underObj) := false
      clear(obj) := false
      handEmpty := false
    ]
  }
]

objects = [
  Block: [white_block_1, grey_block_1, green_block_1, grey_block_2, green_block_2]
]

initial fluents default = [
  bool clear[obj=Block] := true
  bool ontable[obj=Block] := false
  bool handEmpty := true
  bool holding[obj=Block] := false
  bool on[obj1=Block, obj2=Block] := false
]

initial values = [
  ontable(white_block_1) := true
  on(grey_block_1, white_block_1) := true
  clear(white_block_1) := false
  on(green_block_1, grey_block_1) := true
  clear(grey_block_1) := false
  ontable(grey_block_2) := true
  on(green_block_2, grey_block_2) := true
  clear(grey_block_2) := false
  clear(green_block_1) := true
  clear(green_block_2) := true
  ontable(grey_block_1) := false
  ontable(green_block_1) := false
  ontable(green_block_2) := false
  handEmpty := true
  holding(white_block_1) := false
  holding(grey_block_1) := false
  holding(green_block_1) := false
  holding(grey_block_2) := false
  holding(green_block_2) := false
  on(white_block_1, white_block_1) := false
  on(green_block_1, white_block_1) := false
  on(grey_block_2, white_block_1) := false
  on(green_block_2, white_block_1) := false
  on(white_block_1, grey_block_1) := false
  on(grey_block_1, grey_block_1) := false
  on(grey_block_2, grey_block_1) := false
  on(green_block_2, grey_block_1) := false
  on(white_block_1, green_block_1) := false
  on(grey_block_1, green_block_1) := false
  on(green_block_1, green_block_1) := false
  on(grey_block_2, green_block_1) := false
  on(green_block_2, green_block_1) := false
  on(white_block_1, grey_block_2) := false
  on(grey_block_1, grey_block_2) := false
  on(green_block_1, grey_block_2) := false
  on(grey_block_2, grey_block_2) := false
  on(white_block_1, green_block_2) := false
  on(grey_block_1, green_block_2) := false
  on(green_block_1, green_block_2) := false
  on(grey_block_2, green_block_2) := false
  on(green_block_2, green_block_2) := false
]

goals = [
  on(green_block_1, green_block_2)
]

quality metrics = [
  minimize sequential-plan-length
]


2026-01-03 11:25:51,409 - INFO - Generating plan for unconstrained problem

2026-01-03 11:25:51,409 - INFO - Unconstrained plan generation time: 0.0

