2026-01-03 11:27:53,505 - INFO - Statistics: 
2026-01-03 11:27:53,505 - INFO - 	Number of Generated Problems: 1
2026-01-03 11:27:53,505 - INFO - Costs: 
2026-01-03 11:27:53,505 - INFO - 	unconstrained: 
2026-01-03 11:27:53,505 - INFO - 		Sum: 1
2026-01-03 11:27:53,505 - INFO - 		Average: 1.0
2026-01-03 11:27:53,505 - INFO - 		Min: 1
2026-01-03 11:27:53,505 - INFO - 		Max: 1
2026-01-03 11:27:53,505 - INFO - 	constrained: 
2026-01-03 11:27:53,505 - INFO - 		Sum: 3
2026-01-03 11:27:53,505 - INFO - 		Average: 3.0
2026-01-03 11:27:53,505 - INFO - 		Min: 3
2026-01-03 11:27:53,505 - INFO - 		Max: 3
2026-01-03 11:27:53,505 - INFO - Times: 
2026-01-03 11:27:53,505 - INFO - 	unconstrained_planning: 
2026-01-03 11:27:53,505 - INFO - 		Sum: 2.384185791015625e-07
2026-01-03 11:27:53,505 - INFO - 		Average: 2.384185791015625e-07
2026-01-03 11:27:53,505 - INFO - 		Min: 2.384185791015625e-07
2026-01-03 11:27:53,505 - INFO - 		Max: 2.384185791015625e-07
2026-01-03 11:27:53,505 - INFO - 	constraints_generation: 
2026-01-03 11:27:53,505 - INFO - 		Sum: 0.13547468185424805
2026-01-03 11:27:53,506 - INFO - 		Average: 0.13547468185424805
2026-01-03 11:27:53,506 - INFO - 		Min: 0.13547468185424805
2026-01-03 11:27:53,506 - INFO - 		Max: 0.13547468185424805
2026-01-03 11:27:53,506 - INFO - 	compilation: 
2026-01-03 11:27:53,506 - INFO - 		Sum: 0.0038242340087890625
2026-01-03 11:27:53,506 - INFO - 		Average: 0.0038242340087890625
2026-01-03 11:27:53,506 - INFO - 		Min: 0.0038242340087890625
2026-01-03 11:27:53,506 - INFO - 		Max: 0.0038242340087890625
2026-01-03 11:27:53,506 - INFO - 	constrained_planning: 
2026-01-03 11:27:53,506 - INFO - 		Sum: 0.30832958221435547
2026-01-03 11:27:53,506 - INFO - 		Average: 0.30832958221435547
2026-01-03 11:27:53,506 - INFO - 		Min: 0.30832958221435547
2026-01-03 11:27:53,506 - INFO - 		Max: 0.30832958221435547
2026-01-03 11:27:53,506 - INFO - 	pddl2nl: 
2026-01-03 11:27:53,506 - INFO - 		Sum: 0.0007555484771728516
2026-01-03 11:27:53,506 - INFO - 		Average: 0.0007555484771728516
2026-01-03 11:27:53,506 - INFO - 		Min: 0.0007555484771728516
2026-01-03 11:27:53,506 - INFO - 		Max: 0.0007555484771728516
2026-01-03 11:27:53,506 - INFO - 	total: 
2026-01-03 11:27:53,506 - INFO - 		Sum: 0.7882258892059326
2026-01-03 11:27:53,506 - INFO - 		Average: 0.7882258892059326
2026-01-03 11:27:53,506 - INFO - 		Min: 0.7882258892059326
2026-01-03 11:27:53,506 - INFO - 		Max: 0.7882258892059326
2026-01-03 11:27:53,506 - INFO - Total execution time: 0.7934167385101318
