2025-06-17 15:52:11,253 - INFO - Statistics: 
2025-06-17 15:52:11,253 - INFO - 	Number of Generated Problems: 10
2025-06-17 15:52:11,253 - INFO - Costs: 
2025-06-17 15:52:11,253 - INFO - 	unconstrained: 
2025-06-17 15:52:11,253 - INFO - 		Sum: 13
2025-06-17 15:52:11,253 - INFO - 		Average: 1.3
2025-06-17 15:52:11,253 - INFO - 		Min: 4
2025-06-17 15:52:11,253 - INFO - 		Max: 5
2025-06-17 15:52:11,253 - INFO - 	constrained: 
2025-06-17 15:52:11,253 - INFO - 		Sum: 44
2025-06-17 15:52:11,253 - INFO - 		Average: 4.4
2025-06-17 15:52:11,253 - INFO - 		Min: 2
2025-06-17 15:52:11,253 - INFO - 		Max: 9
2025-06-17 15:52:11,253 - INFO - Times: 
2025-06-17 15:52:11,253 - INFO - 	unconstrained_planning: 
2025-06-17 15:52:11,253 - INFO - 		Sum: 4.2580296993255615
2025-06-17 15:52:11,253 - INFO - 		Average: 0.4258029699325562
2025-06-17 15:52:11,253 - INFO - 		Min: 0.38628101348876953
2025-06-17 15:52:11,253 - INFO - 		Max: 0.48403453826904297
2025-06-17 15:52:11,253 - INFO - 	constraints_generation: 
2025-06-17 15:52:11,253 - INFO - 		Sum: 10.314273357391357
2025-06-17 15:52:11,253 - INFO - 		Average: 1.0314273357391357
2025-06-17 15:52:11,253 - INFO - 		Min: 0.11561989784240723
2025-06-17 15:52:11,253 - INFO - 		Max: 5.340118408203125
2025-06-17 15:52:11,253 - INFO - 	compilation: 
2025-06-17 15:52:11,253 - INFO - 		Sum: 0.16880321502685547
2025-06-17 15:52:11,253 - INFO - 		Average: 0.016880321502685546
2025-06-17 15:52:11,253 - INFO - 		Min: 0.014705896377563477
2025-06-17 15:52:11,253 - INFO - 		Max: 0.020295143127441406
2025-06-17 15:52:11,253 - INFO - 	constrained_planning: 
2025-06-17 15:52:11,253 - INFO - 		Sum: 4.515208721160889
2025-06-17 15:52:11,254 - INFO - 		Average: 0.4515208721160889
2025-06-17 15:52:11,254 - INFO - 		Min: 0.3859286308288574
2025-06-17 15:52:11,254 - INFO - 		Max: 0.5062046051025391
2025-06-17 15:52:11,254 - INFO - 	pddl2nl: 
2025-06-17 15:52:11,254 - INFO - 		Sum: 3.814697265625e-06
2025-06-17 15:52:11,254 - INFO - 		Average: 3.814697265625e-07
2025-06-17 15:52:11,254 - INFO - 		Min: 2.384185791015625e-07
2025-06-17 15:52:11,254 - INFO - 		Max: 7.152557373046875e-07
2025-06-17 15:52:11,254 - INFO - 	total: 
2025-06-17 15:52:11,254 - INFO - 		Sum: 20.523228406906128
2025-06-17 15:52:11,254 - INFO - 		Average: 2.052322840690613
2025-06-17 15:52:11,254 - INFO - 		Min: 1.0173492431640625
2025-06-17 15:52:11,254 - INFO - 		Max: 6.429344654083252
2025-06-17 15:52:11,254 - INFO - Total execution time: 78.37265300750732
