2025-08-13 11:20:05,201 - INFO - 
================= Seed: 2000 =================

2025-08-13 11:20:05,201 - INFO - problem name = alfred

types = [ReceptacleType, ObjectType, Checkable, Agent - Checkable, Location - Checkable, Receptacle - Checkable, Obj - Checkable]

fluents = [
  bool atLocation[a=Agent - Checkable, l=Location - Checkable]
  bool receptacleAtLocation[r=Receptacle - Checkable, l=Location - Checkable]
  bool objectAtLocation[o=Obj - Checkable, l=Location - Checkable]
  bool openable[r=Receptacle - Checkable]
  bool opened[r=Receptacle - Checkable]
  bool inReceptacle[o=Obj - Checkable, r=Receptacle - Checkable]
  bool isReceptacleObject[o=Obj - Checkable]
  bool inReceptacleObject[innerObject=Obj - Checkable, outObject=Obj - Checkable]
  bool isReceptacleObjectFull[o=Obj - Checkable]
  bool wasInReceptacle[o=Obj - Checkable, r=Receptacle - Checkable]
  bool checked[c=Checkable]
  bool examined[l=Location - Checkable]
  bool receptacleType[r=Receptacle - Checkable, rt=ReceptacleType]
  bool canContain[rt=ReceptacleType, ot=ObjectType]
  bool objectType[o=Obj - Checkable, t=ObjectType]
  bool holds[a=Agent - Checkable, o=Obj - Checkable]
  bool holdsAny[a=Agent - Checkable]
  bool holdsAnyReceptacleObject[a=Agent - Checkable]
  bool full[r=Receptacle - Checkable]
  bool isClean[o=Obj - Checkable]
  bool cleanable[o=Obj - Checkable]
  bool isHot[o=Obj - Checkable]
  bool heatable[o=Obj - Checkable]
  bool isCool[o=Obj - Checkable]
  bool coolable[o=Obj - Checkable]
  bool pickupable[o=Obj - Checkable]
  bool moveable[o=Obj - Checkable]
  bool toggleable[o=Obj - Checkable]
  bool isOn[o=Obj - Checkable]
  bool isToggled[o=Obj - Checkable]
  bool sliceable[o=Obj - Checkable]
  bool isSliced[o=Obj - Checkable]
]

actions = [
  action look(Agent - Checkable a, Location - Checkable l) {
    preconditions = [
      atLocation(a, l)
    ]
    effects = [
      checked(l) := true
    ]
  }
  action inventory(Agent - Checkable a) {
    preconditions = [
    ]
    effects = [
      checked(a) := true
    ]
  }
  action examineReceptacle(Agent - Checkable a, Receptacle - Checkable r) {
    preconditions = [
      Exists (Location - Checkable l) (atLocation(a, l) and receptacleAtLocation(r, l))
    ]
    effects = [
      checked(r) := true
    ]
  }
  action examineObject(Agent - Checkable a, Obj - Checkable o) {
    preconditions = [
      (Exists (Location - Checkable l) Exists (Receptacle - Checkable r) (atLocation(a, l) and receptacleAtLocation(r, l) and inReceptacle(o, r) and ((not openable(r)) or opened(r))) or holds(a, o))
    ]
    effects = [
      checked(o) := true
    ]
  }
  action goToLocation(Agent - Checkable a, Location - Checkable lstart, Location - Checkable lend) {
    preconditions = [
      atLocation(a, lstart)
    ]
    effects = [
      atLocation(a, lstart) := false
      atLocation(a, lend) := true
    ]
  }
  action openObject(Agent - Checkable a, Location - Checkable l, Receptacle - Checkable r) {
    preconditions = [
      (openable(r) and atLocation(a, l) and receptacleAtLocation(r, l) and (not opened(r)))
    ]
    effects = [
      opened(r) := true
      checked(r) := true
    ]
  }
  action closeObject(Agent - Checkable a, Location - Checkable l, Receptacle - Checkable r) {
    preconditions = [
      (openable(r) and atLocation(a, l) and receptacleAtLocation(r, l) and opened(r))
    ]
    effects = [
      opened(r) := false
    ]
  }
  action pickupObject(Agent - Checkable a, Location - Checkable l, Obj - Checkable o, Receptacle - Checkable r) {
    preconditions = [
      (pickupable(o) and atLocation(a, l) and receptacleAtLocation(r, l) and inReceptacle(o, r) and (not holdsAny(a)) and ((not openable(r)) or opened(r)))
    ]
    effects = [
      inReceptacle(o, r) := false
      holds(a, o) := true
      holdsAny(a) := true
      objectAtLocation(o, l) := false
    ]
  }
  action putObject(Agent - Checkable a, Location - Checkable l, Obj - Checkable o, Receptacle - Checkable r, ObjectType ot, ReceptacleType rt) {
    preconditions = [
      (holds(a, o) and atLocation(a, l) and receptacleAtLocation(r, l) and ((not openable(r)) or opened(r)) and objectType(o, ot) and receptacleType(r, rt) and canContain(rt, ot))
    ]
    effects = [
      inReceptacle(o, r) := true
      objectAtLocation(o, l) := true
      holds(a, o) := false
      holdsAny(a) := false
    ]
  }
  action cleanObject(Agent - Checkable a, Location - Checkable l, Receptacle - Checkable r, Obj - Checkable o) {
    preconditions = [
      (cleanable(o) and receptacleType(r, sinkBasinType) and atLocation(a, l) and receptacleAtLocation(r, l) and holds(a, o))
    ]
    effects = [
      isClean(o) := true
    ]
  }
  action heatObject(Agent - Checkable a, Location - Checkable l, Receptacle - Checkable r, Obj - Checkable o) {
    preconditions = [
      (heatable(o) and receptacleType(r, microwaveType) and atLocation(a, l) and receptacleAtLocation(r, l) and holds(a, o))
    ]
    effects = [
      isHot(o) := true
      isCool(o) := false
    ]
  }
  action coolObject(Agent - Checkable a, Location - Checkable l, Receptacle - Checkable r, Obj - Checkable o) {
    preconditions = [
      (coolable(o) and receptacleType(r, fridgeType) and atLocation(a, l) and receptacleAtLocation(r, l) and holds(a, o))
    ]
    effects = [
      isCool(o) := true
      isHot(o) := false
    ]
  }
  action toggleObject(Agent - Checkable a, Location - Checkable l, Obj - Checkable o, Receptacle - Checkable r) {
    preconditions = [
      (toggleable(o) and atLocation(a, l) and receptacleAtLocation(r, l) and inReceptacle(o, r))
    ]
    effects = [
      if isOn(o) then isOn(o) := false
      if (not isOn(o)) then isOn(o) := true
      isToggled(o) := true
    ]
  }
  action sliceObject(Agent - Checkable a, Location - Checkable l, Obj - Checkable co, Obj - Checkable ko) {
    preconditions = [
      (sliceable(co) and (objectType(ko, knifeType) or objectType(ko, butterKnifeType)) and atLocation(a, l) and objectAtLocation(co, l) and holds(a, ko))
    ]
    effects = [
      isSliced(co) := true
    ]
  }
  action help(Agent - Checkable a) {
    preconditions = [
    ]
    effects = [
      checked(a) := true
    ]
  }
]

objects = [
  ReceptacleType: [sinkBasinType, microwaveType, fridgeType, sideTableType, drawerType, laundryHamperType, toiletPaperHangerType]
  ObjectType: [knifeType, butterKnifeType, cellPhoneType, lettuceType, glassbottleType, saltShakerType, boxType]
  Checkable: [agent1, location1, location2, location3, location4, location5, sideTable_1, drawer_2, laundryHamper_3, toiletPaperHanger_4, laundryHamper_5, microwave_6, fridge_7, cellPhone_1, lettuce_2, glassbottle_3, saltShaker_4, box_5]
  Agent - Checkable: [agent1]
  Location - Checkable: [location1, location2, location3, location4, location5]
  Receptacle - Checkable: [sideTable_1, drawer_2, laundryHamper_3, toiletPaperHanger_4, laundryHamper_5, microwave_6, fridge_7]
  Obj - Checkable: [cellPhone_1, lettuce_2, glassbottle_3, saltShaker_4, box_5]
]

initial fluents default = [
  bool atLocation[a=Agent - Checkable, l=Location - Checkable] := false
  bool receptacleAtLocation[r=Receptacle - Checkable, l=Location - Checkable] := false
  bool objectAtLocation[o=Obj - Checkable, l=Location - Checkable] := false
  bool openable[r=Receptacle - Checkable] := false
  bool opened[r=Receptacle - Checkable] := false
  bool inReceptacle[o=Obj - Checkable, r=Receptacle - Checkable] := false
  bool isReceptacleObject[o=Obj - Checkable] := false
  bool inReceptacleObject[innerObject=Obj - Checkable, outObject=Obj - Checkable] := false
  bool isReceptacleObjectFull[o=Obj - Checkable] := false
  bool wasInReceptacle[o=Obj - Checkable, r=Receptacle - Checkable] := false
  bool checked[c=Checkable] := false
  bool examined[l=Location - Checkable] := false
  bool receptacleType[r=Receptacle - Checkable, rt=ReceptacleType] := false
  bool canContain[rt=ReceptacleType, ot=ObjectType] := false
  bool objectType[o=Obj - Checkable, t=ObjectType] := false
  bool holds[a=Agent - Checkable, o=Obj - Checkable] := false
  bool holdsAny[a=Agent - Checkable] := false
  bool holdsAnyReceptacleObject[a=Agent - Checkable] := false
  bool full[r=Receptacle - Checkable] := false
  bool isClean[o=Obj - Checkable] := false
  bool cleanable[o=Obj - Checkable] := false
  bool isHot[o=Obj - Checkable] := false
  bool heatable[o=Obj - Checkable] := false
  bool isCool[o=Obj - Checkable] := false
  bool coolable[o=Obj - Checkable] := false
  bool pickupable[o=Obj - Checkable] := false
  bool moveable[o=Obj - Checkable] := false
  bool toggleable[o=Obj - Checkable] := false
  bool isOn[o=Obj - Checkable] := false
  bool isToggled[o=Obj - Checkable] := false
  bool sliceable[o=Obj - Checkable] := false
  bool isSliced[o=Obj - Checkable] := false
]

initial values = [
  receptacleType(sideTable_1, sideTableType) := true
  receptacleType(drawer_2, drawerType) := true
  receptacleType(laundryHamper_3, laundryHamperType) := true
  receptacleType(toiletPaperHanger_4, toiletPaperHangerType) := true
  receptacleType(laundryHamper_5, laundryHamperType) := true
  receptacleType(microwave_6, microwaveType) := true
  receptacleType(fridge_7, fridgeType) := true
  objectType(cellPhone_1, cellPhoneType) := true
  objectType(lettuce_2, lettuceType) := true
  objectType(glassbottle_3, glassbottleType) := true
  objectType(saltShaker_4, saltShakerType) := true
  objectType(box_5, boxType) := true
  canContain(sideTableType, cellPhoneType) := true
  canContain(sideTableType, lettuceType) := true
  canContain(sideTableType, glassbottleType) := true
  canContain(sideTableType, saltShakerType) := true
  canContain(sideTableType, boxType) := true
  canContain(drawerType, cellPhoneType) := true
  canContain(drawerType, saltShakerType) := true
  canContain(microwaveType, glassbottleType) := true
  canContain(fridgeType, lettuceType) := true
  canContain(fridgeType, glassbottleType) := true
  pickupable(cellPhone_1) := true
  pickupable(lettuce_2) := true
  cleanable(lettuce_2) := true
  coolable(lettuce_2) := true
  sliceable(lettuce_2) := true
  pickupable(glassbottle_3) := true
  pickupable(saltShaker_4) := true
  pickupable(box_5) := true
  isReceptacleObject(box_5) := true
  receptacleAtLocation(sideTable_1, location2) := true
  receptacleAtLocation(drawer_2, location5) := true
  receptacleAtLocation(laundryHamper_3, location5) := true
  receptacleAtLocation(toiletPaperHanger_4, location3) := true
  receptacleAtLocation(laundryHamper_5, location3) := true
  receptacleAtLocation(microwave_6, location5) := true
  receptacleAtLocation(fridge_7, location4) := true
  inReceptacle(cellPhone_1, sideTable_1) := true
  inReceptacle(lettuce_2, fridge_7) := true
  inReceptacle(glassbottle_3, fridge_7) := true
  inReceptacle(saltShaker_4, sideTable_1) := true
  inReceptacle(box_5, sideTable_1) := true
  objectAtLocation(cellPhone_1, location2) := true
  objectAtLocation(lettuce_2, location4) := true
  objectAtLocation(glassbottle_3, location4) := true
  objectAtLocation(saltShaker_4, location2) := true
  objectAtLocation(box_5, location2) := true
  atLocation(agent1, location1) := true
]

goals = [
  Exists (Receptacle - Checkable r) Exists (Obj - Checkable o) (inReceptacle(o, r) and objectType(o, glassbottleType) and receptacleType(r, microwaveType))
]

quality metrics = [
  minimize sequential-plan-length
]


2025-08-13 11:20:05,203 - INFO - Generating plan for unconstrained problem

2025-08-13 11:20:05,624 - INFO - Unconstrained plan generation time: 0.42075014114379883

2025-08-13 11:20:05,624 - INFO - Unconstrained plan and cost: 
2025-08-13 11:20:05,625 - INFO - SequentialPlan:
    goToLocation(agent1, location1, location4)
    pickupObject(agent1, location4, glassbottle_3, fridge_7)
    goToLocation(agent1, location4, location5)
    putObject(agent1, location5, glassbottle_3, microwave_6, glassbottleType, microwaveType)
2025-08-13 11:20:05,625 - INFO - 4
2025-08-13 11:20:06,007 - INFO - Sampled constraints:

2025-08-13 11:20:06,007 - INFO - Sometime(holds(agent1, glassbottle_3))
2025-08-13 11:20:06,008 - INFO - Sometime-Before(holds(agent1, glassbottle_3), (checked(agent1) or objectAtLocation(saltShaker_4, location5)))
2025-08-13 11:20:06,008 - INFO - Sometime(objectAtLocation(saltShaker_4, location5))
2025-08-13 11:20:06,008 - INFO - Sometime(atLocation(agent1, location5))
2025-08-13 11:20:06,008 - INFO - Sometime-Before(atLocation(agent1, location5), checked(drawer_2))
2025-08-13 11:20:06,008 - INFO - 
2025-08-13 11:20:06,008 - INFO - Generation time: 0.3824942111968994

2025-08-13 11:20:06,008 - INFO - Generating plan for constrained problem (with LiftedTCORE).

2025-08-13 11:20:06,049 - INFO - LiftedTCORE compilation time: 0.04038667678833008

2025-08-13 11:20:06,510 - INFO - Planning Time with LiftedTCORE's file: 0.4608123302459717

