2025-08-13 11:20:17,455 - INFO - 
================= Seed: 2010 =================

2025-08-13 11:20:17,455 - INFO - problem name = alfred

types = [ReceptacleType, ObjectType, Checkable, Agent - Checkable, Location - Checkable, Receptacle - Checkable, Obj - Checkable]

fluents = [
  bool atLocation[a=Agent - Checkable, l=Location - Checkable]
  bool receptacleAtLocation[r=Receptacle - Checkable, l=Location - Checkable]
  bool objectAtLocation[o=Obj - Checkable, l=Location - Checkable]
  bool openable[r=Receptacle - Checkable]
  bool opened[r=Receptacle - Checkable]
  bool inReceptacle[o=Obj - Checkable, r=Receptacle - Checkable]
  bool isReceptacleObject[o=Obj - Checkable]
  bool inReceptacleObject[innerObject=Obj - Checkable, outObject=Obj - Checkable]
  bool isReceptacleObjectFull[o=Obj - Checkable]
  bool wasInReceptacle[o=Obj - Checkable, r=Receptacle - Checkable]
  bool checked[c=Checkable]
  bool examined[l=Location - Checkable]
  bool receptacleType[r=Receptacle - Checkable, rt=ReceptacleType]
  bool canContain[rt=ReceptacleType, ot=ObjectType]
  bool objectType[o=Obj - Checkable, t=ObjectType]
  bool holds[a=Agent - Checkable, o=Obj - Checkable]
  bool holdsAny[a=Agent - Checkable]
  bool holdsAnyReceptacleObject[a=Agent - Checkable]
  bool full[r=Receptacle - Checkable]
  bool isClean[o=Obj - Checkable]
  bool cleanable[o=Obj - Checkable]
  bool isHot[o=Obj - Checkable]
  bool heatable[o=Obj - Checkable]
  bool isCool[o=Obj - Checkable]
  bool coolable[o=Obj - Checkable]
  bool pickupable[o=Obj - Checkable]
  bool moveable[o=Obj - Checkable]
  bool toggleable[o=Obj - Checkable]
  bool isOn[o=Obj - Checkable]
  bool isToggled[o=Obj - Checkable]
  bool sliceable[o=Obj - Checkable]
  bool isSliced[o=Obj - Checkable]
]

actions = [
  action look(Agent - Checkable a, Location - Checkable l) {
    preconditions = [
      atLocation(a, l)
    ]
    effects = [
      checked(l) := true
    ]
  }
  action inventory(Agent - Checkable a) {
    preconditions = [
    ]
    effects = [
      checked(a) := true
    ]
  }
  action examineReceptacle(Agent - Checkable a, Receptacle - Checkable r) {
    preconditions = [
      Exists (Location - Checkable l) (atLocation(a, l) and receptacleAtLocation(r, l))
    ]
    effects = [
      checked(r) := true
    ]
  }
  action examineObject(Agent - Checkable a, Obj - Checkable o) {
    preconditions = [
      (Exists (Location - Checkable l) Exists (Receptacle - Checkable r) (atLocation(a, l) and receptacleAtLocation(r, l) and inReceptacle(o, r) and ((not openable(r)) or opened(r))) or holds(a, o))
    ]
    effects = [
      checked(o) := true
    ]
  }
  action goToLocation(Agent - Checkable a, Location - Checkable lstart, Location - Checkable lend) {
    preconditions = [
      atLocation(a, lstart)
    ]
    effects = [
      atLocation(a, lstart) := false
      atLocation(a, lend) := true
    ]
  }
  action openObject(Agent - Checkable a, Location - Checkable l, Receptacle - Checkable r) {
    preconditions = [
      (openable(r) and atLocation(a, l) and receptacleAtLocation(r, l) and (not opened(r)))
    ]
    effects = [
      opened(r) := true
      checked(r) := true
    ]
  }
  action closeObject(Agent - Checkable a, Location - Checkable l, Receptacle - Checkable r) {
    preconditions = [
      (openable(r) and atLocation(a, l) and receptacleAtLocation(r, l) and opened(r))
    ]
    effects = [
      opened(r) := false
    ]
  }
  action pickupObject(Agent - Checkable a, Location - Checkable l, Obj - Checkable o, Receptacle - Checkable r) {
    preconditions = [
      (pickupable(o) and atLocation(a, l) and receptacleAtLocation(r, l) and inReceptacle(o, r) and (not holdsAny(a)) and ((not openable(r)) or opened(r)))
    ]
    effects = [
      inReceptacle(o, r) := false
      holds(a, o) := true
      holdsAny(a) := true
      objectAtLocation(o, l) := false
    ]
  }
  action putObject(Agent - Checkable a, Location - Checkable l, Obj - Checkable o, Receptacle - Checkable r, ObjectType ot, ReceptacleType rt) {
    preconditions = [
      (holds(a, o) and atLocation(a, l) and receptacleAtLocation(r, l) and ((not openable(r)) or opened(r)) and objectType(o, ot) and receptacleType(r, rt) and canContain(rt, ot))
    ]
    effects = [
      inReceptacle(o, r) := true
      objectAtLocation(o, l) := true
      holds(a, o) := false
      holdsAny(a) := false
    ]
  }
  action cleanObject(Agent - Checkable a, Location - Checkable l, Receptacle - Checkable r, Obj - Checkable o) {
    preconditions = [
      (cleanable(o) and receptacleType(r, sinkBasinType) and atLocation(a, l) and receptacleAtLocation(r, l) and holds(a, o))
    ]
    effects = [
      isClean(o) := true
    ]
  }
  action heatObject(Agent - Checkable a, Location - Checkable l, Receptacle - Checkable r, Obj - Checkable o) {
    preconditions = [
      (heatable(o) and receptacleType(r, microwaveType) and atLocation(a, l) and receptacleAtLocation(r, l) and holds(a, o))
    ]
    effects = [
      isHot(o) := true
      isCool(o) := false
    ]
  }
  action coolObject(Agent - Checkable a, Location - Checkable l, Receptacle - Checkable r, Obj - Checkable o) {
    preconditions = [
      (coolable(o) and receptacleType(r, fridgeType) and atLocation(a, l) and receptacleAtLocation(r, l) and holds(a, o))
    ]
    effects = [
      isCool(o) := true
      isHot(o) := false
    ]
  }
  action toggleObject(Agent - Checkable a, Location - Checkable l, Obj - Checkable o, Receptacle - Checkable r) {
    preconditions = [
      (toggleable(o) and atLocation(a, l) and receptacleAtLocation(r, l) and inReceptacle(o, r))
    ]
    effects = [
      if isOn(o) then isOn(o) := false
      if (not isOn(o)) then isOn(o) := true
      isToggled(o) := true
    ]
  }
  action sliceObject(Agent - Checkable a, Location - Checkable l, Obj - Checkable co, Obj - Checkable ko) {
    preconditions = [
      (sliceable(co) and (objectType(ko, knifeType) or objectType(ko, butterKnifeType)) and atLocation(a, l) and objectAtLocation(co, l) and holds(a, ko))
    ]
    effects = [
      isSliced(co) := true
    ]
  }
  action help(Agent - Checkable a) {
    preconditions = [
    ]
    effects = [
      checked(a) := true
    ]
  }
]

objects = [
  ReceptacleType: [sinkBasinType, microwaveType, fridgeType, cabinetType, tvStandType, toiletPaperHangerType, sideTableType]
  ObjectType: [knifeType, butterKnifeType, pepperShakerType, tomatoType, forkType, cellPhoneType, boxType]
  Checkable: [agent1, location1, location2, location3, location4, location5, cabinet_1, tvStand_2, toiletPaperHanger_3, sideTable_4, fridge_5, microwave_6, fridge_7, pepperShaker_1, tomato_2, fork_3, cellPhone_4, box_5]
  Agent - Checkable: [agent1]
  Location - Checkable: [location1, location2, location3, location4, location5]
  Receptacle - Checkable: [cabinet_1, tvStand_2, toiletPaperHanger_3, sideTable_4, fridge_5, microwave_6, fridge_7]
  Obj - Checkable: [pepperShaker_1, tomato_2, fork_3, cellPhone_4, box_5]
]

initial fluents default = [
  bool atLocation[a=Agent - Checkable, l=Location - Checkable] := false
  bool receptacleAtLocation[r=Receptacle - Checkable, l=Location - Checkable] := false
  bool objectAtLocation[o=Obj - Checkable, l=Location - Checkable] := false
  bool openable[r=Receptacle - Checkable] := false
  bool opened[r=Receptacle - Checkable] := false
  bool inReceptacle[o=Obj - Checkable, r=Receptacle - Checkable] := false
  bool isReceptacleObject[o=Obj - Checkable] := false
  bool inReceptacleObject[innerObject=Obj - Checkable, outObject=Obj - Checkable] := false
  bool isReceptacleObjectFull[o=Obj - Checkable] := false
  bool wasInReceptacle[o=Obj - Checkable, r=Receptacle - Checkable] := false
  bool checked[c=Checkable] := false
  bool examined[l=Location - Checkable] := false
  bool receptacleType[r=Receptacle - Checkable, rt=ReceptacleType] := false
  bool canContain[rt=ReceptacleType, ot=ObjectType] := false
  bool objectType[o=Obj - Checkable, t=ObjectType] := false
  bool holds[a=Agent - Checkable, o=Obj - Checkable] := false
  bool holdsAny[a=Agent - Checkable] := false
  bool holdsAnyReceptacleObject[a=Agent - Checkable] := false
  bool full[r=Receptacle - Checkable] := false
  bool isClean[o=Obj - Checkable] := false
  bool cleanable[o=Obj - Checkable] := false
  bool isHot[o=Obj - Checkable] := false
  bool heatable[o=Obj - Checkable] := false
  bool isCool[o=Obj - Checkable] := false
  bool coolable[o=Obj - Checkable] := false
  bool pickupable[o=Obj - Checkable] := false
  bool moveable[o=Obj - Checkable] := false
  bool toggleable[o=Obj - Checkable] := false
  bool isOn[o=Obj - Checkable] := false
  bool isToggled[o=Obj - Checkable] := false
  bool sliceable[o=Obj - Checkable] := false
  bool isSliced[o=Obj - Checkable] := false
]

initial values = [
  receptacleType(cabinet_1, cabinetType) := true
  receptacleType(tvStand_2, tvStandType) := true
  receptacleType(toiletPaperHanger_3, toiletPaperHangerType) := true
  receptacleType(sideTable_4, sideTableType) := true
  receptacleType(fridge_5, fridgeType) := true
  receptacleType(microwave_6, microwaveType) := true
  receptacleType(fridge_7, fridgeType) := true
  objectType(pepperShaker_1, pepperShakerType) := true
  objectType(tomato_2, tomatoType) := true
  objectType(fork_3, forkType) := true
  objectType(cellPhone_4, cellPhoneType) := true
  objectType(box_5, boxType) := true
  canContain(cabinetType, pepperShakerType) := true
  canContain(cabinetType, boxType) := true
  canContain(sideTableType, pepperShakerType) := true
  canContain(sideTableType, tomatoType) := true
  canContain(sideTableType, forkType) := true
  canContain(sideTableType, cellPhoneType) := true
  canContain(sideTableType, boxType) := true
  canContain(fridgeType, tomatoType) := true
  canContain(microwaveType, tomatoType) := true
  pickupable(pepperShaker_1) := true
  pickupable(tomato_2) := true
  cleanable(tomato_2) := true
  heatable(tomato_2) := true
  coolable(tomato_2) := true
  sliceable(tomato_2) := true
  pickupable(fork_3) := true
  cleanable(fork_3) := true
  pickupable(cellPhone_4) := true
  pickupable(box_5) := true
  isReceptacleObject(box_5) := true
  receptacleAtLocation(cabinet_1, location2) := true
  receptacleAtLocation(tvStand_2, location5) := true
  receptacleAtLocation(toiletPaperHanger_3, location2) := true
  receptacleAtLocation(sideTable_4, location3) := true
  receptacleAtLocation(fridge_5, location5) := true
  receptacleAtLocation(microwave_6, location5) := true
  receptacleAtLocation(fridge_7, location4) := true
  inReceptacle(pepperShaker_1, sideTable_4) := true
  inReceptacle(tomato_2, fridge_5) := true
  inReceptacle(fork_3, sideTable_4) := true
  inReceptacle(cellPhone_4, sideTable_4) := true
  inReceptacle(box_5, sideTable_4) := true
  objectAtLocation(pepperShaker_1, location3) := true
  objectAtLocation(tomato_2, location5) := true
  objectAtLocation(fork_3, location3) := true
  objectAtLocation(cellPhone_4, location3) := true
  objectAtLocation(box_5, location3) := true
  atLocation(agent1, location3) := true
]

goals = [
  Exists (Receptacle - Checkable r) Exists (Obj - Checkable o) (inReceptacle(o, r) and objectType(o, boxType) and receptacleType(r, cabinetType))
]

quality metrics = [
  minimize sequential-plan-length
]


2025-08-13 11:20:17,460 - INFO - Generating plan for unconstrained problem

2025-08-13 11:20:17,933 - INFO - Unconstrained plan generation time: 0.4727466106414795

2025-08-13 11:20:17,933 - INFO - Unconstrained plan and cost: 
2025-08-13 11:20:17,933 - INFO - SequentialPlan:
    pickupObject(agent1, location3, box_5, sideTable_4)
    goToLocation(agent1, location3, location2)
    putObject(agent1, location2, box_5, cabinet_1, boxType, cabinetType)
2025-08-13 11:20:17,933 - INFO - 3
2025-08-13 11:20:18,604 - INFO - Sampled constraints:

2025-08-13 11:20:18,604 - INFO - Sometime((objectAtLocation(pepperShaker_1, location5) or checked(tomato_2)))
2025-08-13 11:20:18,604 - INFO - Sometime((objectAtLocation(tomato_2, location1) or checked(location2)))
2025-08-13 11:20:18,604 - INFO - Sometime(holds(agent1, box_5))
2025-08-13 11:20:18,604 - INFO - Sometime-Before(holds(agent1, box_5), holds(agent1, pepperShaker_1))
2025-08-13 11:20:18,604 - INFO - 
2025-08-13 11:20:18,604 - INFO - Generation time: 0.6697516441345215

2025-08-13 11:20:18,605 - INFO - Generating plan for constrained problem (with LiftedTCORE).

2025-08-13 11:20:18,647 - INFO - LiftedTCORE compilation time: 0.04227185249328613

2025-08-13 11:20:19,211 - INFO - Planning Time with LiftedTCORE's file: 0.563551664352417

2025-08-13 11:20:19,211 - INFO - Plan found with LiftedTCORE + sym_bd: SequentialPlan:
    pickupObject(agent1, location3, pepperShaker_1, sideTable_4)
    putObject(agent1, location3, pepperShaker_1, sideTable_4, pepperShakerType, sideTableType)
    pickupObject(agent1, location3, box_5, sideTable_4)
    goToLocation(agent1, location3, location5)
    examineObject(agent1, tomato_2)
    goToLocation(agent1, location5, location2)
    look(agent1, location2)
    putObject(agent1, location2, box_5, cabinet_1, boxType, cabinetType)

2025-08-13 11:20:19,212 - INFO - Seed: 2010 is solvable

2025-08-13 11:20:19,212 - INFO - Unconstrained cost: 3
2025-08-13 11:20:19,212 - INFO - Constrained cost: 8
2025-08-13 11:20:19,212 - INFO - Seed: 2010 Plan simulation is feasible
2025-08-13 11:20:19,212 - INFO - 
Seed: 2010 
 Plan: [pickupObject(agent1, location3, pepperShaker_1, sideTable_4), putObject(agent1, location3, pepperShaker_1, sideTable_4, pepperShakerType, sideTableType), pickupObject(agent1, location3, box_5, sideTable_4), goToLocation(agent1, location3, location5), examineObject(agent1, tomato_2), goToLocation(agent1, location5, location2), look(agent1, location2), putObject(agent1, location2, box_5, cabinet_1, boxType, cabinetType)]  
 Cost: 8

2025-08-13 11:20:19,382 - INFO - Time for Translating the Constrained Problem into NL: 4.76837158203125e-07

