2025-06-17 14:46:58,091 - INFO - 
================= Seed: 16 =================

2025-06-17 14:46:58,091 - INFO - problem name = alfred

types = [ReceptacleType, ObjectType, Checkable, Agent - Checkable, Location - Checkable, Receptacle - Checkable, Obj - Checkable]

fluents = [
  bool atLocation[a=Agent - Checkable, l=Location - Checkable]
  bool receptacleAtLocation[r=Receptacle - Checkable, l=Location - Checkable]
  bool objectAtLocation[o=Obj - Checkable, l=Location - Checkable]
  bool openable[r=Receptacle - Checkable]
  bool opened[r=Receptacle - Checkable]
  bool inReceptacle[o=Obj - Checkable, r=Receptacle - Checkable]
  bool isReceptacleObject[o=Obj - Checkable]
  bool inReceptacleObject[innerObject=Obj - Checkable, outObject=Obj - Checkable]
  bool isReceptacleObjectFull[o=Obj - Checkable]
  bool wasInReceptacle[o=Obj - Checkable, r=Receptacle - Checkable]
  bool checked[c=Checkable]
  bool examined[l=Location - Checkable]
  bool receptacleType[r=Receptacle - Checkable, rt=ReceptacleType]
  bool canContain[rt=ReceptacleType, ot=ObjectType]
  bool objectType[o=Obj - Checkable, t=ObjectType]
  bool holds[a=Agent - Checkable, o=Obj - Checkable]
  bool holdsAny[a=Agent - Checkable]
  bool holdsAnyReceptacleObject[a=Agent - Checkable]
  bool full[r=Receptacle - Checkable]
  bool isClean[o=Obj - Checkable]
  bool cleanable[o=Obj - Checkable]
  bool isHot[o=Obj - Checkable]
  bool heatable[o=Obj - Checkable]
  bool isCool[o=Obj - Checkable]
  bool coolable[o=Obj - Checkable]
  bool pickupable[o=Obj - Checkable]
  bool moveable[o=Obj - Checkable]
  bool toggleable[o=Obj - Checkable]
  bool isOn[o=Obj - Checkable]
  bool isToggled[o=Obj - Checkable]
  bool sliceable[o=Obj - Checkable]
  bool isSliced[o=Obj - Checkable]
]

actions = [
  action look(Agent - Checkable a, Location - Checkable l) {
    preconditions = [
      atLocation(a, l)
    ]
    effects = [
      checked(l) := true
    ]
  }
  action inventory(Agent - Checkable a) {
    preconditions = [
    ]
    effects = [
      checked(a) := true
    ]
  }
  action examineReceptacle(Agent - Checkable a, Receptacle - Checkable r) {
    preconditions = [
      Exists (Location - Checkable l) (atLocation(a, l) and receptacleAtLocation(r, l))
    ]
    effects = [
      checked(r) := true
    ]
  }
  action examineObject(Agent - Checkable a, Obj - Checkable o) {
    preconditions = [
      (Exists (Location - Checkable l) Exists (Receptacle - Checkable r) (atLocation(a, l) and receptacleAtLocation(r, l) and inReceptacle(o, r) and ((not openable(r)) or opened(r))) or holds(a, o))
    ]
    effects = [
      checked(o) := true
    ]
  }
  action goToLocation(Agent - Checkable a, Location - Checkable lstart, Location - Checkable lend) {
    preconditions = [
      atLocation(a, lstart)
    ]
    effects = [
      atLocation(a, lstart) := false
      atLocation(a, lend) := true
    ]
  }
  action openObject(Agent - Checkable a, Location - Checkable l, Receptacle - Checkable r) {
    preconditions = [
      (openable(r) and atLocation(a, l) and receptacleAtLocation(r, l) and (not opened(r)))
    ]
    effects = [
      opened(r) := true
      checked(r) := true
    ]
  }
  action closeObject(Agent - Checkable a, Location - Checkable l, Receptacle - Checkable r) {
    preconditions = [
      (openable(r) and atLocation(a, l) and receptacleAtLocation(r, l) and opened(r))
    ]
    effects = [
      opened(r) := false
    ]
  }
  action pickupObject(Agent - Checkable a, Location - Checkable l, Obj - Checkable o, Receptacle - Checkable r) {
    preconditions = [
      (pickupable(o) and atLocation(a, l) and receptacleAtLocation(r, l) and inReceptacle(o, r) and (not holdsAny(a)) and ((not openable(r)) or opened(r)))
    ]
    effects = [
      inReceptacle(o, r) := false
      holds(a, o) := true
      holdsAny(a) := true
      objectAtLocation(o, l) := false
    ]
  }
  action putObject(Agent - Checkable a, Location - Checkable l, Obj - Checkable o, Receptacle - Checkable r, ObjectType ot, ReceptacleType rt) {
    preconditions = [
      (holds(a, o) and atLocation(a, l) and receptacleAtLocation(r, l) and ((not openable(r)) or opened(r)) and objectType(o, ot) and receptacleType(r, rt) and canContain(rt, ot))
    ]
    effects = [
      inReceptacle(o, r) := true
      objectAtLocation(o, l) := true
      holds(a, o) := false
      holdsAny(a) := false
    ]
  }
  action cleanObject(Agent - Checkable a, Location - Checkable l, Receptacle - Checkable r, Obj - Checkable o) {
    preconditions = [
      (cleanable(o) and receptacleType(r, sinkBasinType) and atLocation(a, l) and receptacleAtLocation(r, l) and holds(a, o))
    ]
    effects = [
      isClean(o) := true
    ]
  }
  action heatObject(Agent - Checkable a, Location - Checkable l, Receptacle - Checkable r, Obj - Checkable o) {
    preconditions = [
      (heatable(o) and receptacleType(r, microwaveType) and atLocation(a, l) and receptacleAtLocation(r, l) and holds(a, o))
    ]
    effects = [
      isHot(o) := true
      isCool(o) := false
    ]
  }
  action coolObject(Agent - Checkable a, Location - Checkable l, Receptacle - Checkable r, Obj - Checkable o) {
    preconditions = [
      (coolable(o) and receptacleType(r, fridgeType) and atLocation(a, l) and receptacleAtLocation(r, l) and holds(a, o))
    ]
    effects = [
      isCool(o) := true
      isHot(o) := false
    ]
  }
  action toggleObject(Agent - Checkable a, Location - Checkable l, Obj - Checkable o, Receptacle - Checkable r) {
    preconditions = [
      (toggleable(o) and atLocation(a, l) and receptacleAtLocation(r, l) and inReceptacle(o, r))
    ]
    effects = [
      if isOn(o) then isOn(o) := false
      if (not isOn(o)) then isOn(o) := true
      isToggled(o) := true
    ]
  }
  action sliceObject(Agent - Checkable a, Location - Checkable l, Obj - Checkable co, Obj - Checkable ko) {
    preconditions = [
      (sliceable(co) and (objectType(ko, knifeType) or objectType(ko, butterKnifeType)) and atLocation(a, l) and objectAtLocation(co, l) and holds(a, ko))
    ]
    effects = [
      isSliced(co) := true
    ]
  }
  action help(Agent - Checkable a) {
    preconditions = [
    ]
    effects = [
      checked(a) := true
    ]
  }
]

objects = [
  ReceptacleType: [sinkBasinType, microwaveType, fridgeType, stoveBurnerType, toiletPaperHangerType]
  ObjectType: [knifeType, butterKnifeType, panType, toiletPaperRollType]
  Checkable: [agent1, location1, location2, location3, stoveBurner_1, toiletPaperHanger_2, toiletPaperHanger_3, microwave_4, fridge_5, pan_1, toiletPaperRoll_2, pan_3]
  Agent - Checkable: [agent1]
  Location - Checkable: [location1, location2, location3]
  Receptacle - Checkable: [stoveBurner_1, toiletPaperHanger_2, toiletPaperHanger_3, microwave_4, fridge_5]
  Obj - Checkable: [pan_1, toiletPaperRoll_2, pan_3]
]

initial fluents default = [
  bool atLocation[a=Agent - Checkable, l=Location - Checkable] := false
  bool receptacleAtLocation[r=Receptacle - Checkable, l=Location - Checkable] := false
  bool objectAtLocation[o=Obj - Checkable, l=Location - Checkable] := false
  bool openable[r=Receptacle - Checkable] := false
  bool opened[r=Receptacle - Checkable] := false
  bool inReceptacle[o=Obj - Checkable, r=Receptacle - Checkable] := false
  bool isReceptacleObject[o=Obj - Checkable] := false
  bool inReceptacleObject[innerObject=Obj - Checkable, outObject=Obj - Checkable] := false
  bool isReceptacleObjectFull[o=Obj - Checkable] := false
  bool wasInReceptacle[o=Obj - Checkable, r=Receptacle - Checkable] := false
  bool checked[c=Checkable] := false
  bool examined[l=Location - Checkable] := false
  bool receptacleType[r=Receptacle - Checkable, rt=ReceptacleType] := false
  bool canContain[rt=ReceptacleType, ot=ObjectType] := false
  bool objectType[o=Obj - Checkable, t=ObjectType] := false
  bool holds[a=Agent - Checkable, o=Obj - Checkable] := false
  bool holdsAny[a=Agent - Checkable] := false
  bool holdsAnyReceptacleObject[a=Agent - Checkable] := false
  bool full[r=Receptacle - Checkable] := false
  bool isClean[o=Obj - Checkable] := false
  bool cleanable[o=Obj - Checkable] := false
  bool isHot[o=Obj - Checkable] := false
  bool heatable[o=Obj - Checkable] := false
  bool isCool[o=Obj - Checkable] := false
  bool coolable[o=Obj - Checkable] := false
  bool pickupable[o=Obj - Checkable] := false
  bool moveable[o=Obj - Checkable] := false
  bool toggleable[o=Obj - Checkable] := false
  bool isOn[o=Obj - Checkable] := false
  bool isToggled[o=Obj - Checkable] := false
  bool sliceable[o=Obj - Checkable] := false
  bool isSliced[o=Obj - Checkable] := false
]

initial values = [
  receptacleType(stoveBurner_1, stoveBurnerType) := true
  receptacleType(toiletPaperHanger_2, toiletPaperHangerType) := true
  receptacleType(toiletPaperHanger_3, toiletPaperHangerType) := true
  receptacleType(microwave_4, microwaveType) := true
  receptacleType(fridge_5, fridgeType) := true
  objectType(pan_1, panType) := true
  objectType(toiletPaperRoll_2, toiletPaperRollType) := true
  objectType(pan_3, panType) := true
  canContain(stoveBurnerType, panType) := true
  canContain(toiletPaperHangerType, toiletPaperRollType) := true
  canContain(fridgeType, panType) := true
  pickupable(pan_1) := true
  isReceptacleObject(pan_1) := true
  cleanable(pan_1) := true
  coolable(pan_1) := true
  pickupable(toiletPaperRoll_2) := true
  pickupable(pan_3) := true
  isReceptacleObject(pan_3) := true
  cleanable(pan_3) := true
  coolable(pan_3) := true
  receptacleAtLocation(stoveBurner_1, location1) := true
  receptacleAtLocation(toiletPaperHanger_2, location3) := true
  receptacleAtLocation(toiletPaperHanger_3, location3) := true
  receptacleAtLocation(microwave_4, location2) := true
  receptacleAtLocation(fridge_5, location1) := true
  inReceptacle(pan_1, fridge_5) := true
  inReceptacle(toiletPaperRoll_2, toiletPaperHanger_3) := true
  inReceptacle(pan_3, stoveBurner_1) := true
  objectAtLocation(pan_1, location1) := true
  objectAtLocation(toiletPaperRoll_2, location3) := true
  objectAtLocation(pan_3, location1) := true
  atLocation(agent1, location1) := true
]

goals = [
  Exists (Receptacle - Checkable r) Exists (Obj - Checkable o) (inReceptacle(o, r) and objectType(o, panType) and receptacleType(r, fridgeType))
]

quality metrics = [
  minimize sequential-plan-length
]


2025-06-17 14:46:58,092 - INFO - Generating plan for unconstrained problem

2025-06-17 14:46:58,447 - INFO - Unconstrained plan generation time: 0.3546602725982666

2025-06-17 14:46:58,447 - INFO - Unconstrained plan and cost: 
2025-06-17 14:46:58,447 - INFO - SequentialPlan:
2025-06-17 14:46:58,447 - INFO - 0
2025-06-17 14:47:02,378 - INFO - Sampled constraints:

2025-06-17 14:47:02,378 - INFO - Sometime(checked(location2))
2025-06-17 14:47:02,378 - INFO - Sometime((holds(agent1, pan_3) or atLocation(agent1, location3)))
2025-06-17 14:47:02,378 - INFO - Sometime((checked(fridge_5) or holds(agent1, toiletPaperRoll_2)))
2025-06-17 14:47:02,378 - INFO - 
2025-06-17 14:47:02,378 - INFO - Generation time: 3.930539846420288

2025-06-17 14:47:02,379 - INFO - Generating plan for constrained problem (with LiftedTCORE).

2025-06-17 14:47:02,397 - INFO - LiftedTCORE compilation time: 0.018172502517700195

2025-06-17 14:47:02,823 - INFO - Planning Time with LiftedTCORE's file: 0.42645978927612305

2025-06-17 14:47:02,824 - INFO - Plan found with LiftedTCORE + sym_bd: SequentialPlan:
    pickupObject(agent1, location1, pan_3, stoveBurner_1)
    examineReceptacle(agent1, fridge_5)
    goToLocation(agent1, location1, location2)
    look(agent1, location2)

2025-06-17 14:47:02,824 - INFO - Generating plan for constrained problem (with TCORE).

2025-06-17 14:47:04,013 - INFO - TCORE compilation time: 1.1890480518341064

2025-06-17 14:47:04,476 - INFO - Planning Time with TCORE's file: 0.4626297950744629

2025-06-17 14:47:04,476 - INFO - Plan found with TCORE + sym_bd: SequentialPlan:
    pickupObject(agent1, location1, pan_3, stoveBurner_1)
    examineReceptacle(agent1, fridge_5)
    goToLocation(agent1, location1, location2)
    look(agent1, location2)

2025-06-17 14:47:04,476 - INFO - Seed: 16 is solvable

2025-06-17 14:47:04,476 - INFO - Unconstrained cost: 0
2025-06-17 14:47:04,477 - INFO - Constrained cost: 4
2025-06-17 14:47:04,477 - INFO - Seed: 16 Plan simulation is feasible
2025-06-17 14:47:04,477 - INFO - 
Seed: 16 
 Plan: [pickupObject(agent1, location1, pan_3, stoveBurner_1), examineReceptacle(agent1, fridge_5), goToLocation(agent1, location1, location2), look(agent1, location2)]  
 Cost: 4

2025-06-17 14:47:04,596 - INFO - Time for Translating the Constrained Problem into NL: 9.5367431640625e-07

