2025-08-13 11:21:02,123 - INFO - 
================= Seed: 2033 =================

2025-08-13 11:21:02,123 - INFO - problem name = alfred

types = [ReceptacleType, ObjectType, Checkable, Agent - Checkable, Location - Checkable, Receptacle - Checkable, Obj - Checkable]

fluents = [
  bool atLocation[a=Agent - Checkable, l=Location - Checkable]
  bool receptacleAtLocation[r=Receptacle - Checkable, l=Location - Checkable]
  bool objectAtLocation[o=Obj - Checkable, l=Location - Checkable]
  bool openable[r=Receptacle - Checkable]
  bool opened[r=Receptacle - Checkable]
  bool inReceptacle[o=Obj - Checkable, r=Receptacle - Checkable]
  bool isReceptacleObject[o=Obj - Checkable]
  bool inReceptacleObject[innerObject=Obj - Checkable, outObject=Obj - Checkable]
  bool isReceptacleObjectFull[o=Obj - Checkable]
  bool wasInReceptacle[o=Obj - Checkable, r=Receptacle - Checkable]
  bool checked[c=Checkable]
  bool examined[l=Location - Checkable]
  bool receptacleType[r=Receptacle - Checkable, rt=ReceptacleType]
  bool canContain[rt=ReceptacleType, ot=ObjectType]
  bool objectType[o=Obj - Checkable, t=ObjectType]
  bool holds[a=Agent - Checkable, o=Obj - Checkable]
  bool holdsAny[a=Agent - Checkable]
  bool holdsAnyReceptacleObject[a=Agent - Checkable]
  bool full[r=Receptacle - Checkable]
  bool isClean[o=Obj - Checkable]
  bool cleanable[o=Obj - Checkable]
  bool isHot[o=Obj - Checkable]
  bool heatable[o=Obj - Checkable]
  bool isCool[o=Obj - Checkable]
  bool coolable[o=Obj - Checkable]
  bool pickupable[o=Obj - Checkable]
  bool moveable[o=Obj - Checkable]
  bool toggleable[o=Obj - Checkable]
  bool isOn[o=Obj - Checkable]
  bool isToggled[o=Obj - Checkable]
  bool sliceable[o=Obj - Checkable]
  bool isSliced[o=Obj - Checkable]
]

actions = [
  action look(Agent - Checkable a, Location - Checkable l) {
    preconditions = [
      atLocation(a, l)
    ]
    effects = [
      checked(l) := true
    ]
  }
  action inventory(Agent - Checkable a) {
    preconditions = [
    ]
    effects = [
      checked(a) := true
    ]
  }
  action examineReceptacle(Agent - Checkable a, Receptacle - Checkable r) {
    preconditions = [
      Exists (Location - Checkable l) (atLocation(a, l) and receptacleAtLocation(r, l))
    ]
    effects = [
      checked(r) := true
    ]
  }
  action examineObject(Agent - Checkable a, Obj - Checkable o) {
    preconditions = [
      (Exists (Location - Checkable l) Exists (Receptacle - Checkable r) (atLocation(a, l) and receptacleAtLocation(r, l) and inReceptacle(o, r) and ((not openable(r)) or opened(r))) or holds(a, o))
    ]
    effects = [
      checked(o) := true
    ]
  }
  action goToLocation(Agent - Checkable a, Location - Checkable lstart, Location - Checkable lend) {
    preconditions = [
      atLocation(a, lstart)
    ]
    effects = [
      atLocation(a, lstart) := false
      atLocation(a, lend) := true
    ]
  }
  action openObject(Agent - Checkable a, Location - Checkable l, Receptacle - Checkable r) {
    preconditions = [
      (openable(r) and atLocation(a, l) and receptacleAtLocation(r, l) and (not opened(r)))
    ]
    effects = [
      opened(r) := true
      checked(r) := true
    ]
  }
  action closeObject(Agent - Checkable a, Location - Checkable l, Receptacle - Checkable r) {
    preconditions = [
      (openable(r) and atLocation(a, l) and receptacleAtLocation(r, l) and opened(r))
    ]
    effects = [
      opened(r) := false
    ]
  }
  action pickupObject(Agent - Checkable a, Location - Checkable l, Obj - Checkable o, Receptacle - Checkable r) {
    preconditions = [
      (pickupable(o) and atLocation(a, l) and receptacleAtLocation(r, l) and inReceptacle(o, r) and (not holdsAny(a)) and ((not openable(r)) or opened(r)))
    ]
    effects = [
      inReceptacle(o, r) := false
      holds(a, o) := true
      holdsAny(a) := true
      objectAtLocation(o, l) := false
    ]
  }
  action putObject(Agent - Checkable a, Location - Checkable l, Obj - Checkable o, Receptacle - Checkable r, ObjectType ot, ReceptacleType rt) {
    preconditions = [
      (holds(a, o) and atLocation(a, l) and receptacleAtLocation(r, l) and ((not openable(r)) or opened(r)) and objectType(o, ot) and receptacleType(r, rt) and canContain(rt, ot))
    ]
    effects = [
      inReceptacle(o, r) := true
      objectAtLocation(o, l) := true
      holds(a, o) := false
      holdsAny(a) := false
    ]
  }
  action cleanObject(Agent - Checkable a, Location - Checkable l, Receptacle - Checkable r, Obj - Checkable o) {
    preconditions = [
      (cleanable(o) and receptacleType(r, sinkBasinType) and atLocation(a, l) and receptacleAtLocation(r, l) and holds(a, o))
    ]
    effects = [
      isClean(o) := true
    ]
  }
  action heatObject(Agent - Checkable a, Location - Checkable l, Receptacle - Checkable r, Obj - Checkable o) {
    preconditions = [
      (heatable(o) and receptacleType(r, microwaveType) and atLocation(a, l) and receptacleAtLocation(r, l) and holds(a, o))
    ]
    effects = [
      isHot(o) := true
      isCool(o) := false
    ]
  }
  action coolObject(Agent - Checkable a, Location - Checkable l, Receptacle - Checkable r, Obj - Checkable o) {
    preconditions = [
      (coolable(o) and receptacleType(r, fridgeType) and atLocation(a, l) and receptacleAtLocation(r, l) and holds(a, o))
    ]
    effects = [
      isCool(o) := true
      isHot(o) := false
    ]
  }
  action toggleObject(Agent - Checkable a, Location - Checkable l, Obj - Checkable o, Receptacle - Checkable r) {
    preconditions = [
      (toggleable(o) and atLocation(a, l) and receptacleAtLocation(r, l) and inReceptacle(o, r))
    ]
    effects = [
      if isOn(o) then isOn(o) := false
      if (not isOn(o)) then isOn(o) := true
      isToggled(o) := true
    ]
  }
  action sliceObject(Agent - Checkable a, Location - Checkable l, Obj - Checkable co, Obj - Checkable ko) {
    preconditions = [
      (sliceable(co) and (objectType(ko, knifeType) or objectType(ko, butterKnifeType)) and atLocation(a, l) and objectAtLocation(co, l) and holds(a, ko))
    ]
    effects = [
      isSliced(co) := true
    ]
  }
  action help(Agent - Checkable a) {
    preconditions = [
    ]
    effects = [
      checked(a) := true
    ]
  }
]

objects = [
  ReceptacleType: [sinkBasinType, microwaveType, fridgeType, coffeeTableType, cabinetType, diningTableType, bathtubBasinType]
  ObjectType: [knifeType, butterKnifeType, appleType, toiletPaperType, toiletPaperRollType, mugType]
  Checkable: [agent1, location1, location2, location3, location4, location5, coffeeTable_1, cabinet_2, sinkBasin_3, diningTable_4, bathtubBasin_5, microwave_6, fridge_7, apple_1, toiletPaper_2, butterKnife_3, toiletPaperRoll_4, mug_5]
  Agent - Checkable: [agent1]
  Location - Checkable: [location1, location2, location3, location4, location5]
  Receptacle - Checkable: [coffeeTable_1, cabinet_2, sinkBasin_3, diningTable_4, bathtubBasin_5, microwave_6, fridge_7]
  Obj - Checkable: [apple_1, toiletPaper_2, butterKnife_3, toiletPaperRoll_4, mug_5]
]

initial fluents default = [
  bool atLocation[a=Agent - Checkable, l=Location - Checkable] := false
  bool receptacleAtLocation[r=Receptacle - Checkable, l=Location - Checkable] := false
  bool objectAtLocation[o=Obj - Checkable, l=Location - Checkable] := false
  bool openable[r=Receptacle - Checkable] := false
  bool opened[r=Receptacle - Checkable] := false
  bool inReceptacle[o=Obj - Checkable, r=Receptacle - Checkable] := false
  bool isReceptacleObject[o=Obj - Checkable] := false
  bool inReceptacleObject[innerObject=Obj - Checkable, outObject=Obj - Checkable] := false
  bool isReceptacleObjectFull[o=Obj - Checkable] := false
  bool wasInReceptacle[o=Obj - Checkable, r=Receptacle - Checkable] := false
  bool checked[c=Checkable] := false
  bool examined[l=Location - Checkable] := false
  bool receptacleType[r=Receptacle - Checkable, rt=ReceptacleType] := false
  bool canContain[rt=ReceptacleType, ot=ObjectType] := false
  bool objectType[o=Obj - Checkable, t=ObjectType] := false
  bool holds[a=Agent - Checkable, o=Obj - Checkable] := false
  bool holdsAny[a=Agent - Checkable] := false
  bool holdsAnyReceptacleObject[a=Agent - Checkable] := false
  bool full[r=Receptacle - Checkable] := false
  bool isClean[o=Obj - Checkable] := false
  bool cleanable[o=Obj - Checkable] := false
  bool isHot[o=Obj - Checkable] := false
  bool heatable[o=Obj - Checkable] := false
  bool isCool[o=Obj - Checkable] := false
  bool coolable[o=Obj - Checkable] := false
  bool pickupable[o=Obj - Checkable] := false
  bool moveable[o=Obj - Checkable] := false
  bool toggleable[o=Obj - Checkable] := false
  bool isOn[o=Obj - Checkable] := false
  bool isToggled[o=Obj - Checkable] := false
  bool sliceable[o=Obj - Checkable] := false
  bool isSliced[o=Obj - Checkable] := false
]

initial values = [
  receptacleType(coffeeTable_1, coffeeTableType) := true
  receptacleType(cabinet_2, cabinetType) := true
  receptacleType(sinkBasin_3, sinkBasinType) := true
  receptacleType(diningTable_4, diningTableType) := true
  receptacleType(bathtubBasin_5, bathtubBasinType) := true
  receptacleType(microwave_6, microwaveType) := true
  receptacleType(fridge_7, fridgeType) := true
  objectType(apple_1, appleType) := true
  objectType(toiletPaper_2, toiletPaperType) := true
  objectType(butterKnife_3, butterKnifeType) := true
  objectType(toiletPaperRoll_4, toiletPaperRollType) := true
  objectType(mug_5, mugType) := true
  canContain(coffeeTableType, appleType) := true
  canContain(coffeeTableType, toiletPaperType) := true
  canContain(coffeeTableType, butterKnifeType) := true
  canContain(coffeeTableType, toiletPaperRollType) := true
  canContain(coffeeTableType, mugType) := true
  canContain(cabinetType, toiletPaperType) := true
  canContain(cabinetType, toiletPaperRollType) := true
  canContain(cabinetType, mugType) := true
  canContain(sinkBasinType, appleType) := true
  canContain(sinkBasinType, butterKnifeType) := true
  canContain(sinkBasinType, mugType) := true
  canContain(diningTableType, appleType) := true
  canContain(diningTableType, toiletPaperType) := true
  canContain(diningTableType, butterKnifeType) := true
  canContain(diningTableType, toiletPaperRollType) := true
  canContain(diningTableType, mugType) := true
  canContain(microwaveType, appleType) := true
  canContain(microwaveType, mugType) := true
  canContain(fridgeType, appleType) := true
  canContain(fridgeType, mugType) := true
  pickupable(apple_1) := true
  cleanable(apple_1) := true
  heatable(apple_1) := true
  coolable(apple_1) := true
  sliceable(apple_1) := true
  pickupable(toiletPaper_2) := true
  pickupable(butterKnife_3) := true
  cleanable(butterKnife_3) := true
  pickupable(toiletPaperRoll_4) := true
  pickupable(mug_5) := true
  isReceptacleObject(mug_5) := true
  cleanable(mug_5) := true
  heatable(mug_5) := true
  coolable(mug_5) := true
  receptacleAtLocation(coffeeTable_1, location5) := true
  receptacleAtLocation(cabinet_2, location5) := true
  receptacleAtLocation(sinkBasin_3, location1) := true
  receptacleAtLocation(diningTable_4, location5) := true
  receptacleAtLocation(bathtubBasin_5, location2) := true
  receptacleAtLocation(microwave_6, location4) := true
  receptacleAtLocation(fridge_7, location2) := true
  inReceptacle(apple_1, diningTable_4) := true
  inReceptacle(toiletPaper_2, coffeeTable_1) := true
  inReceptacle(butterKnife_3, coffeeTable_1) := true
  inReceptacle(toiletPaperRoll_4, cabinet_2) := true
  inReceptacle(mug_5, microwave_6) := true
  objectAtLocation(apple_1, location5) := true
  objectAtLocation(toiletPaper_2, location5) := true
  objectAtLocation(butterKnife_3, location5) := true
  objectAtLocation(toiletPaperRoll_4, location5) := true
  objectAtLocation(mug_5, location4) := true
  atLocation(agent1, location4) := true
]

goals = [
  Exists (Receptacle - Checkable r) Exists (Obj - Checkable o) (inReceptacle(o, r) and objectType(o, toiletPaperType) and receptacleType(r, coffeeTableType))
]

quality metrics = [
  minimize sequential-plan-length
]


2025-08-13 11:21:02,125 - INFO - Generating plan for unconstrained problem

2025-08-13 11:21:02,515 - INFO - Unconstrained plan generation time: 0.38991713523864746

2025-08-13 11:21:02,515 - INFO - Unconstrained plan and cost: 
2025-08-13 11:21:02,515 - INFO - SequentialPlan:
2025-08-13 11:21:02,515 - INFO - 0
2025-08-13 11:21:03,895 - INFO - Sampled constraints:

2025-08-13 11:21:03,895 - INFO - Sometime((checked(mug_5) or atLocation(agent1, location2)))
2025-08-13 11:21:03,895 - INFO - Sometime((checked(toiletPaperRoll_4) or atLocation(agent1, location1)))
2025-08-13 11:21:03,895 - INFO - Sometime((holds(agent1, butterKnife_3) or checked(agent1)))
2025-08-13 11:21:03,895 - INFO - 
2025-08-13 11:21:03,895 - INFO - Generation time: 1.3794522285461426

2025-08-13 11:21:03,896 - INFO - Generating plan for constrained problem (with LiftedTCORE).

2025-08-13 11:21:03,925 - INFO - LiftedTCORE compilation time: 0.029022693634033203

2025-08-13 11:21:04,393 - INFO - Planning Time with LiftedTCORE's file: 0.4682140350341797

2025-08-13 11:21:04,393 - INFO - Plan found with LiftedTCORE + sym_bd: SequentialPlan:
    help(agent1)
    examineObject(agent1, mug_5)
    goToLocation(agent1, location4, location1)

2025-08-13 11:21:04,394 - INFO - Seed: 2033 is solvable

2025-08-13 11:21:04,394 - INFO - Unconstrained cost: 0
2025-08-13 11:21:04,394 - INFO - Constrained cost: 3
2025-08-13 11:21:04,394 - INFO - Seed: 2033 Plan simulation is feasible
2025-08-13 11:21:04,394 - INFO - 
Seed: 2033 
 Plan: [help(agent1), examineObject(agent1, mug_5), goToLocation(agent1, location4, location1)]  
 Cost: 3

2025-08-13 11:21:04,537 - INFO - Time for Translating the Constrained Problem into NL: 4.76837158203125e-07

