2025-08-13 11:20:45,152 - INFO - 
================= Seed: 2025 =================

2025-08-13 11:20:45,152 - INFO - problem name = alfred

types = [ReceptacleType, ObjectType, Checkable, Agent - Checkable, Location - Checkable, Receptacle - Checkable, Obj - Checkable]

fluents = [
  bool atLocation[a=Agent - Checkable, l=Location - Checkable]
  bool receptacleAtLocation[r=Receptacle - Checkable, l=Location - Checkable]
  bool objectAtLocation[o=Obj - Checkable, l=Location - Checkable]
  bool openable[r=Receptacle - Checkable]
  bool opened[r=Receptacle - Checkable]
  bool inReceptacle[o=Obj - Checkable, r=Receptacle - Checkable]
  bool isReceptacleObject[o=Obj - Checkable]
  bool inReceptacleObject[innerObject=Obj - Checkable, outObject=Obj - Checkable]
  bool isReceptacleObjectFull[o=Obj - Checkable]
  bool wasInReceptacle[o=Obj - Checkable, r=Receptacle - Checkable]
  bool checked[c=Checkable]
  bool examined[l=Location - Checkable]
  bool receptacleType[r=Receptacle - Checkable, rt=ReceptacleType]
  bool canContain[rt=ReceptacleType, ot=ObjectType]
  bool objectType[o=Obj - Checkable, t=ObjectType]
  bool holds[a=Agent - Checkable, o=Obj - Checkable]
  bool holdsAny[a=Agent - Checkable]
  bool holdsAnyReceptacleObject[a=Agent - Checkable]
  bool full[r=Receptacle - Checkable]
  bool isClean[o=Obj - Checkable]
  bool cleanable[o=Obj - Checkable]
  bool isHot[o=Obj - Checkable]
  bool heatable[o=Obj - Checkable]
  bool isCool[o=Obj - Checkable]
  bool coolable[o=Obj - Checkable]
  bool pickupable[o=Obj - Checkable]
  bool moveable[o=Obj - Checkable]
  bool toggleable[o=Obj - Checkable]
  bool isOn[o=Obj - Checkable]
  bool isToggled[o=Obj - Checkable]
  bool sliceable[o=Obj - Checkable]
  bool isSliced[o=Obj - Checkable]
]

actions = [
  action look(Agent - Checkable a, Location - Checkable l) {
    preconditions = [
      atLocation(a, l)
    ]
    effects = [
      checked(l) := true
    ]
  }
  action inventory(Agent - Checkable a) {
    preconditions = [
    ]
    effects = [
      checked(a) := true
    ]
  }
  action examineReceptacle(Agent - Checkable a, Receptacle - Checkable r) {
    preconditions = [
      Exists (Location - Checkable l) (atLocation(a, l) and receptacleAtLocation(r, l))
    ]
    effects = [
      checked(r) := true
    ]
  }
  action examineObject(Agent - Checkable a, Obj - Checkable o) {
    preconditions = [
      (Exists (Location - Checkable l) Exists (Receptacle - Checkable r) (atLocation(a, l) and receptacleAtLocation(r, l) and inReceptacle(o, r) and ((not openable(r)) or opened(r))) or holds(a, o))
    ]
    effects = [
      checked(o) := true
    ]
  }
  action goToLocation(Agent - Checkable a, Location - Checkable lstart, Location - Checkable lend) {
    preconditions = [
      atLocation(a, lstart)
    ]
    effects = [
      atLocation(a, lstart) := false
      atLocation(a, lend) := true
    ]
  }
  action openObject(Agent - Checkable a, Location - Checkable l, Receptacle - Checkable r) {
    preconditions = [
      (openable(r) and atLocation(a, l) and receptacleAtLocation(r, l) and (not opened(r)))
    ]
    effects = [
      opened(r) := true
      checked(r) := true
    ]
  }
  action closeObject(Agent - Checkable a, Location - Checkable l, Receptacle - Checkable r) {
    preconditions = [
      (openable(r) and atLocation(a, l) and receptacleAtLocation(r, l) and opened(r))
    ]
    effects = [
      opened(r) := false
    ]
  }
  action pickupObject(Agent - Checkable a, Location - Checkable l, Obj - Checkable o, Receptacle - Checkable r) {
    preconditions = [
      (pickupable(o) and atLocation(a, l) and receptacleAtLocation(r, l) and inReceptacle(o, r) and (not holdsAny(a)) and ((not openable(r)) or opened(r)))
    ]
    effects = [
      inReceptacle(o, r) := false
      holds(a, o) := true
      holdsAny(a) := true
      objectAtLocation(o, l) := false
    ]
  }
  action putObject(Agent - Checkable a, Location - Checkable l, Obj - Checkable o, Receptacle - Checkable r, ObjectType ot, ReceptacleType rt) {
    preconditions = [
      (holds(a, o) and atLocation(a, l) and receptacleAtLocation(r, l) and ((not openable(r)) or opened(r)) and objectType(o, ot) and receptacleType(r, rt) and canContain(rt, ot))
    ]
    effects = [
      inReceptacle(o, r) := true
      objectAtLocation(o, l) := true
      holds(a, o) := false
      holdsAny(a) := false
    ]
  }
  action cleanObject(Agent - Checkable a, Location - Checkable l, Receptacle - Checkable r, Obj - Checkable o) {
    preconditions = [
      (cleanable(o) and receptacleType(r, sinkBasinType) and atLocation(a, l) and receptacleAtLocation(r, l) and holds(a, o))
    ]
    effects = [
      isClean(o) := true
    ]
  }
  action heatObject(Agent - Checkable a, Location - Checkable l, Receptacle - Checkable r, Obj - Checkable o) {
    preconditions = [
      (heatable(o) and receptacleType(r, microwaveType) and atLocation(a, l) and receptacleAtLocation(r, l) and holds(a, o))
    ]
    effects = [
      isHot(o) := true
      isCool(o) := false
    ]
  }
  action coolObject(Agent - Checkable a, Location - Checkable l, Receptacle - Checkable r, Obj - Checkable o) {
    preconditions = [
      (coolable(o) and receptacleType(r, fridgeType) and atLocation(a, l) and receptacleAtLocation(r, l) and holds(a, o))
    ]
    effects = [
      isCool(o) := true
      isHot(o) := false
    ]
  }
  action toggleObject(Agent - Checkable a, Location - Checkable l, Obj - Checkable o, Receptacle - Checkable r) {
    preconditions = [
      (toggleable(o) and atLocation(a, l) and receptacleAtLocation(r, l) and inReceptacle(o, r))
    ]
    effects = [
      if isOn(o) then isOn(o) := false
      if (not isOn(o)) then isOn(o) := true
      isToggled(o) := true
    ]
  }
  action sliceObject(Agent - Checkable a, Location - Checkable l, Obj - Checkable co, Obj - Checkable ko) {
    preconditions = [
      (sliceable(co) and (objectType(ko, knifeType) or objectType(ko, butterKnifeType)) and atLocation(a, l) and objectAtLocation(co, l) and holds(a, ko))
    ]
    effects = [
      isSliced(co) := true
    ]
  }
  action help(Agent - Checkable a) {
    preconditions = [
    ]
    effects = [
      checked(a) := true
    ]
  }
]

objects = [
  ReceptacleType: [sinkBasinType, microwaveType, fridgeType, safeType, shelfType, toiletType, bedType, toiletPaperHangerType]
  ObjectType: [knifeType, butterKnifeType, newspaperType, remoteControlType, eggType, saltShakerType, bowlType]
  Checkable: [agent1, location1, location2, location3, location4, location5, safe_1, shelf_2, toilet_3, bed_4, toiletPaperHanger_5, microwave_6, fridge_7, newspaper_1, remoteControl_2, egg_3, saltShaker_4, bowl_5]
  Agent - Checkable: [agent1]
  Location - Checkable: [location1, location2, location3, location4, location5]
  Receptacle - Checkable: [safe_1, shelf_2, toilet_3, bed_4, toiletPaperHanger_5, microwave_6, fridge_7]
  Obj - Checkable: [newspaper_1, remoteControl_2, egg_3, saltShaker_4, bowl_5]
]

initial fluents default = [
  bool atLocation[a=Agent - Checkable, l=Location - Checkable] := false
  bool receptacleAtLocation[r=Receptacle - Checkable, l=Location - Checkable] := false
  bool objectAtLocation[o=Obj - Checkable, l=Location - Checkable] := false
  bool openable[r=Receptacle - Checkable] := false
  bool opened[r=Receptacle - Checkable] := false
  bool inReceptacle[o=Obj - Checkable, r=Receptacle - Checkable] := false
  bool isReceptacleObject[o=Obj - Checkable] := false
  bool inReceptacleObject[innerObject=Obj - Checkable, outObject=Obj - Checkable] := false
  bool isReceptacleObjectFull[o=Obj - Checkable] := false
  bool wasInReceptacle[o=Obj - Checkable, r=Receptacle - Checkable] := false
  bool checked[c=Checkable] := false
  bool examined[l=Location - Checkable] := false
  bool receptacleType[r=Receptacle - Checkable, rt=ReceptacleType] := false
  bool canContain[rt=ReceptacleType, ot=ObjectType] := false
  bool objectType[o=Obj - Checkable, t=ObjectType] := false
  bool holds[a=Agent - Checkable, o=Obj - Checkable] := false
  bool holdsAny[a=Agent - Checkable] := false
  bool holdsAnyReceptacleObject[a=Agent - Checkable] := false
  bool full[r=Receptacle - Checkable] := false
  bool isClean[o=Obj - Checkable] := false
  bool cleanable[o=Obj - Checkable] := false
  bool isHot[o=Obj - Checkable] := false
  bool heatable[o=Obj - Checkable] := false
  bool isCool[o=Obj - Checkable] := false
  bool coolable[o=Obj - Checkable] := false
  bool pickupable[o=Obj - Checkable] := false
  bool moveable[o=Obj - Checkable] := false
  bool toggleable[o=Obj - Checkable] := false
  bool isOn[o=Obj - Checkable] := false
  bool isToggled[o=Obj - Checkable] := false
  bool sliceable[o=Obj - Checkable] := false
  bool isSliced[o=Obj - Checkable] := false
]

initial values = [
  receptacleType(safe_1, safeType) := true
  receptacleType(shelf_2, shelfType) := true
  receptacleType(toilet_3, toiletType) := true
  receptacleType(bed_4, bedType) := true
  receptacleType(toiletPaperHanger_5, toiletPaperHangerType) := true
  receptacleType(microwave_6, microwaveType) := true
  receptacleType(fridge_7, fridgeType) := true
  objectType(newspaper_1, newspaperType) := true
  objectType(remoteControl_2, remoteControlType) := true
  objectType(egg_3, eggType) := true
  objectType(saltShaker_4, saltShakerType) := true
  objectType(bowl_5, bowlType) := true
  canContain(shelfType, newspaperType) := true
  canContain(shelfType, remoteControlType) := true
  canContain(shelfType, saltShakerType) := true
  canContain(shelfType, bowlType) := true
  canContain(toiletType, newspaperType) := true
  canContain(bedType, newspaperType) := true
  canContain(microwaveType, eggType) := true
  canContain(microwaveType, bowlType) := true
  canContain(fridgeType, eggType) := true
  canContain(fridgeType, bowlType) := true
  pickupable(newspaper_1) := true
  pickupable(remoteControl_2) := true
  pickupable(egg_3) := true
  cleanable(egg_3) := true
  heatable(egg_3) := true
  coolable(egg_3) := true
  sliceable(egg_3) := true
  pickupable(saltShaker_4) := true
  pickupable(bowl_5) := true
  isReceptacleObject(bowl_5) := true
  cleanable(bowl_5) := true
  coolable(bowl_5) := true
  receptacleAtLocation(safe_1, location1) := true
  receptacleAtLocation(shelf_2, location1) := true
  receptacleAtLocation(toilet_3, location2) := true
  receptacleAtLocation(bed_4, location4) := true
  receptacleAtLocation(toiletPaperHanger_5, location1) := true
  receptacleAtLocation(microwave_6, location4) := true
  receptacleAtLocation(fridge_7, location1) := true
  inReceptacle(newspaper_1, shelf_2) := true
  inReceptacle(remoteControl_2, shelf_2) := true
  inReceptacle(egg_3, microwave_6) := true
  inReceptacle(saltShaker_4, shelf_2) := true
  inReceptacle(bowl_5, fridge_7) := true
  objectAtLocation(newspaper_1, location1) := true
  objectAtLocation(remoteControl_2, location1) := true
  objectAtLocation(egg_3, location4) := true
  objectAtLocation(saltShaker_4, location1) := true
  objectAtLocation(bowl_5, location1) := true
  atLocation(agent1, location4) := true
]

goals = [
  Exists (Receptacle - Checkable r) Exists (Obj - Checkable o) (inReceptacle(o, r) and objectType(o, bowlType) and receptacleType(r, shelfType))
]

quality metrics = [
  minimize sequential-plan-length
]


2025-08-13 11:20:45,156 - INFO - Generating plan for unconstrained problem

2025-08-13 11:20:45,554 - INFO - Unconstrained plan generation time: 0.3984847068786621

2025-08-13 11:20:45,554 - INFO - Unconstrained plan and cost: 
2025-08-13 11:20:45,554 - INFO - SequentialPlan:
    goToLocation(agent1, location4, location1)
    pickupObject(agent1, location1, bowl_5, fridge_7)
    putObject(agent1, location1, bowl_5, shelf_2, bowlType, shelfType)
2025-08-13 11:20:45,555 - INFO - 3
2025-08-13 11:20:45,918 - INFO - Sampled constraints:

2025-08-13 11:20:45,918 - INFO - Sometime(holds(agent1, bowl_5))
2025-08-13 11:20:45,918 - INFO - Sometime-Before(holds(agent1, bowl_5), atLocation(agent1, location5))
2025-08-13 11:20:45,918 - INFO - Sometime(atLocation(agent1, location2))
2025-08-13 11:20:45,918 - INFO - Sometime(holds(agent1, egg_3))
2025-08-13 11:20:45,918 - INFO - 
2025-08-13 11:20:45,918 - INFO - Generation time: 0.36330723762512207

2025-08-13 11:20:45,919 - INFO - Generating plan for constrained problem (with LiftedTCORE).

2025-08-13 11:20:45,953 - INFO - LiftedTCORE compilation time: 0.03447890281677246

2025-08-13 11:20:46,408 - INFO - Planning Time with LiftedTCORE's file: 0.45411205291748047

2025-08-13 11:20:46,408 - INFO - Plan found with LiftedTCORE + sym_bd: SequentialPlan:
    goToLocation(agent1, location4, location5)
    goToLocation(agent1, location5, location1)
    pickupObject(agent1, location1, bowl_5, fridge_7)
    putObject(agent1, location1, bowl_5, shelf_2, bowlType, shelfType)
    goToLocation(agent1, location1, location2)
    goToLocation(agent1, location2, location4)
    pickupObject(agent1, location4, egg_3, microwave_6)

2025-08-13 11:20:46,408 - INFO - Seed: 2025 is solvable

2025-08-13 11:20:46,408 - INFO - Unconstrained cost: 3
2025-08-13 11:20:46,408 - INFO - Constrained cost: 7
2025-08-13 11:20:46,408 - INFO - Seed: 2025 Plan simulation is feasible
2025-08-13 11:20:46,409 - INFO - 
Seed: 2025 
 Plan: [goToLocation(agent1, location4, location5), goToLocation(agent1, location5, location1), pickupObject(agent1, location1, bowl_5, fridge_7), putObject(agent1, location1, bowl_5, shelf_2, bowlType, shelfType), goToLocation(agent1, location1, location2), goToLocation(agent1, location2, location4), pickupObject(agent1, location4, egg_3, microwave_6)]  
 Cost: 7

2025-08-13 11:20:46,548 - INFO - Time for Translating the Constrained Problem into NL: 2.384185791015625e-07

