2025-08-13 10:59:03,979 - INFO - 
================= Seed: 1217 =================

2025-08-13 10:59:03,979 - INFO - problem name = alfred

types = [ReceptacleType, ObjectType, Checkable, Agent - Checkable, Location - Checkable, Receptacle - Checkable, Obj - Checkable]

fluents = [
  bool atLocation[a=Agent - Checkable, l=Location - Checkable]
  bool receptacleAtLocation[r=Receptacle - Checkable, l=Location - Checkable]
  bool objectAtLocation[o=Obj - Checkable, l=Location - Checkable]
  bool openable[r=Receptacle - Checkable]
  bool opened[r=Receptacle - Checkable]
  bool inReceptacle[o=Obj - Checkable, r=Receptacle - Checkable]
  bool isReceptacleObject[o=Obj - Checkable]
  bool inReceptacleObject[innerObject=Obj - Checkable, outObject=Obj - Checkable]
  bool isReceptacleObjectFull[o=Obj - Checkable]
  bool wasInReceptacle[o=Obj - Checkable, r=Receptacle - Checkable]
  bool checked[c=Checkable]
  bool examined[l=Location - Checkable]
  bool receptacleType[r=Receptacle - Checkable, rt=ReceptacleType]
  bool canContain[rt=ReceptacleType, ot=ObjectType]
  bool objectType[o=Obj - Checkable, t=ObjectType]
  bool holds[a=Agent - Checkable, o=Obj - Checkable]
  bool holdsAny[a=Agent - Checkable]
  bool holdsAnyReceptacleObject[a=Agent - Checkable]
  bool full[r=Receptacle - Checkable]
  bool isClean[o=Obj - Checkable]
  bool cleanable[o=Obj - Checkable]
  bool isHot[o=Obj - Checkable]
  bool heatable[o=Obj - Checkable]
  bool isCool[o=Obj - Checkable]
  bool coolable[o=Obj - Checkable]
  bool pickupable[o=Obj - Checkable]
  bool moveable[o=Obj - Checkable]
  bool toggleable[o=Obj - Checkable]
  bool isOn[o=Obj - Checkable]
  bool isToggled[o=Obj - Checkable]
  bool sliceable[o=Obj - Checkable]
  bool isSliced[o=Obj - Checkable]
]

actions = [
  action look(Agent - Checkable a, Location - Checkable l) {
    preconditions = [
      atLocation(a, l)
    ]
    effects = [
      checked(l) := true
    ]
  }
  action inventory(Agent - Checkable a) {
    preconditions = [
    ]
    effects = [
      checked(a) := true
    ]
  }
  action examineReceptacle(Agent - Checkable a, Receptacle - Checkable r) {
    preconditions = [
      Exists (Location - Checkable l) (atLocation(a, l) and receptacleAtLocation(r, l))
    ]
    effects = [
      checked(r) := true
    ]
  }
  action examineObject(Agent - Checkable a, Obj - Checkable o) {
    preconditions = [
      (Exists (Location - Checkable l) Exists (Receptacle - Checkable r) (atLocation(a, l) and receptacleAtLocation(r, l) and inReceptacle(o, r) and ((not openable(r)) or opened(r))) or holds(a, o))
    ]
    effects = [
      checked(o) := true
    ]
  }
  action goToLocation(Agent - Checkable a, Location - Checkable lstart, Location - Checkable lend) {
    preconditions = [
      atLocation(a, lstart)
    ]
    effects = [
      atLocation(a, lstart) := false
      atLocation(a, lend) := true
    ]
  }
  action openObject(Agent - Checkable a, Location - Checkable l, Receptacle - Checkable r) {
    preconditions = [
      (openable(r) and atLocation(a, l) and receptacleAtLocation(r, l) and (not opened(r)))
    ]
    effects = [
      opened(r) := true
      checked(r) := true
    ]
  }
  action closeObject(Agent - Checkable a, Location - Checkable l, Receptacle - Checkable r) {
    preconditions = [
      (openable(r) and atLocation(a, l) and receptacleAtLocation(r, l) and opened(r))
    ]
    effects = [
      opened(r) := false
    ]
  }
  action pickupObject(Agent - Checkable a, Location - Checkable l, Obj - Checkable o, Receptacle - Checkable r) {
    preconditions = [
      (pickupable(o) and atLocation(a, l) and receptacleAtLocation(r, l) and inReceptacle(o, r) and (not holdsAny(a)) and ((not openable(r)) or opened(r)))
    ]
    effects = [
      inReceptacle(o, r) := false
      holds(a, o) := true
      holdsAny(a) := true
      objectAtLocation(o, l) := false
    ]
  }
  action putObject(Agent - Checkable a, Location - Checkable l, Obj - Checkable o, Receptacle - Checkable r, ObjectType ot, ReceptacleType rt) {
    preconditions = [
      (holds(a, o) and atLocation(a, l) and receptacleAtLocation(r, l) and ((not openable(r)) or opened(r)) and objectType(o, ot) and receptacleType(r, rt) and canContain(rt, ot))
    ]
    effects = [
      inReceptacle(o, r) := true
      objectAtLocation(o, l) := true
      holds(a, o) := false
      holdsAny(a) := false
    ]
  }
  action cleanObject(Agent - Checkable a, Location - Checkable l, Receptacle - Checkable r, Obj - Checkable o) {
    preconditions = [
      (cleanable(o) and receptacleType(r, sinkBasinType) and atLocation(a, l) and receptacleAtLocation(r, l) and holds(a, o))
    ]
    effects = [
      isClean(o) := true
    ]
  }
  action heatObject(Agent - Checkable a, Location - Checkable l, Receptacle - Checkable r, Obj - Checkable o) {
    preconditions = [
      (heatable(o) and receptacleType(r, microwaveType) and atLocation(a, l) and receptacleAtLocation(r, l) and holds(a, o))
    ]
    effects = [
      isHot(o) := true
      isCool(o) := false
    ]
  }
  action coolObject(Agent - Checkable a, Location - Checkable l, Receptacle - Checkable r, Obj - Checkable o) {
    preconditions = [
      (coolable(o) and receptacleType(r, fridgeType) and atLocation(a, l) and receptacleAtLocation(r, l) and holds(a, o))
    ]
    effects = [
      isCool(o) := true
      isHot(o) := false
    ]
  }
  action toggleObject(Agent - Checkable a, Location - Checkable l, Obj - Checkable o, Receptacle - Checkable r) {
    preconditions = [
      (toggleable(o) and atLocation(a, l) and receptacleAtLocation(r, l) and inReceptacle(o, r))
    ]
    effects = [
      if isOn(o) then isOn(o) := false
      if (not isOn(o)) then isOn(o) := true
      isToggled(o) := true
    ]
  }
  action sliceObject(Agent - Checkable a, Location - Checkable l, Obj - Checkable co, Obj - Checkable ko) {
    preconditions = [
      (sliceable(co) and (objectType(ko, knifeType) or objectType(ko, butterKnifeType)) and atLocation(a, l) and objectAtLocation(co, l) and holds(a, ko))
    ]
    effects = [
      isSliced(co) := true
    ]
  }
  action help(Agent - Checkable a) {
    preconditions = [
    ]
    effects = [
      checked(a) := true
    ]
  }
]

objects = [
  ReceptacleType: [sinkBasinType, microwaveType, fridgeType, tvStandType, drawerType, cartType, towelHolderType, bedType]
  ObjectType: [knifeType, butterKnifeType, mugType, spatulaType, tomatoType, basketBallType, potType]
  Checkable: [agent1, location1, location2, location3, location4, location5, tvStand_1, drawer_2, cart_3, towelHolder_4, bed_5, microwave_6, fridge_7, mug_1, spatula_2, tomato_3, basketBall_4, pot_5]
  Agent - Checkable: [agent1]
  Location - Checkable: [location1, location2, location3, location4, location5]
  Receptacle - Checkable: [tvStand_1, drawer_2, cart_3, towelHolder_4, bed_5, microwave_6, fridge_7]
  Obj - Checkable: [mug_1, spatula_2, tomato_3, basketBall_4, pot_5]
]

initial fluents default = [
  bool atLocation[a=Agent - Checkable, l=Location - Checkable] := false
  bool receptacleAtLocation[r=Receptacle - Checkable, l=Location - Checkable] := false
  bool objectAtLocation[o=Obj - Checkable, l=Location - Checkable] := false
  bool openable[r=Receptacle - Checkable] := false
  bool opened[r=Receptacle - Checkable] := false
  bool inReceptacle[o=Obj - Checkable, r=Receptacle - Checkable] := false
  bool isReceptacleObject[o=Obj - Checkable] := false
  bool inReceptacleObject[innerObject=Obj - Checkable, outObject=Obj - Checkable] := false
  bool isReceptacleObjectFull[o=Obj - Checkable] := false
  bool wasInReceptacle[o=Obj - Checkable, r=Receptacle - Checkable] := false
  bool checked[c=Checkable] := false
  bool examined[l=Location - Checkable] := false
  bool receptacleType[r=Receptacle - Checkable, rt=ReceptacleType] := false
  bool canContain[rt=ReceptacleType, ot=ObjectType] := false
  bool objectType[o=Obj - Checkable, t=ObjectType] := false
  bool holds[a=Agent - Checkable, o=Obj - Checkable] := false
  bool holdsAny[a=Agent - Checkable] := false
  bool holdsAnyReceptacleObject[a=Agent - Checkable] := false
  bool full[r=Receptacle - Checkable] := false
  bool isClean[o=Obj - Checkable] := false
  bool cleanable[o=Obj - Checkable] := false
  bool isHot[o=Obj - Checkable] := false
  bool heatable[o=Obj - Checkable] := false
  bool isCool[o=Obj - Checkable] := false
  bool coolable[o=Obj - Checkable] := false
  bool pickupable[o=Obj - Checkable] := false
  bool moveable[o=Obj - Checkable] := false
  bool toggleable[o=Obj - Checkable] := false
  bool isOn[o=Obj - Checkable] := false
  bool isToggled[o=Obj - Checkable] := false
  bool sliceable[o=Obj - Checkable] := false
  bool isSliced[o=Obj - Checkable] := false
]

initial values = [
  receptacleType(tvStand_1, tvStandType) := true
  receptacleType(drawer_2, drawerType) := true
  receptacleType(cart_3, cartType) := true
  receptacleType(towelHolder_4, towelHolderType) := true
  receptacleType(bed_5, bedType) := true
  receptacleType(microwave_6, microwaveType) := true
  receptacleType(fridge_7, fridgeType) := true
  objectType(mug_1, mugType) := true
  objectType(spatula_2, spatulaType) := true
  objectType(tomato_3, tomatoType) := true
  objectType(basketBall_4, basketBallType) := true
  objectType(pot_5, potType) := true
  canContain(drawerType, spatulaType) := true
  canContain(cartType, mugType) := true
  canContain(bedType, basketBallType) := true
  canContain(microwaveType, mugType) := true
  canContain(microwaveType, tomatoType) := true
  canContain(fridgeType, mugType) := true
  canContain(fridgeType, tomatoType) := true
  canContain(fridgeType, potType) := true
  pickupable(mug_1) := true
  isReceptacleObject(mug_1) := true
  cleanable(mug_1) := true
  heatable(mug_1) := true
  coolable(mug_1) := true
  pickupable(spatula_2) := true
  cleanable(spatula_2) := true
  pickupable(tomato_3) := true
  cleanable(tomato_3) := true
  heatable(tomato_3) := true
  coolable(tomato_3) := true
  sliceable(tomato_3) := true
  pickupable(basketBall_4) := true
  pickupable(pot_5) := true
  isReceptacleObject(pot_5) := true
  cleanable(pot_5) := true
  coolable(pot_5) := true
  receptacleAtLocation(tvStand_1, location4) := true
  receptacleAtLocation(drawer_2, location5) := true
  receptacleAtLocation(cart_3, location5) := true
  receptacleAtLocation(towelHolder_4, location1) := true
  receptacleAtLocation(bed_5, location1) := true
  receptacleAtLocation(microwave_6, location3) := true
  receptacleAtLocation(fridge_7, location3) := true
  inReceptacle(mug_1, fridge_7) := true
  inReceptacle(spatula_2, drawer_2) := true
  inReceptacle(tomato_3, fridge_7) := true
  inReceptacle(basketBall_4, bed_5) := true
  inReceptacle(pot_5, fridge_7) := true
  objectAtLocation(mug_1, location3) := true
  objectAtLocation(spatula_2, location5) := true
  objectAtLocation(tomato_3, location3) := true
  objectAtLocation(basketBall_4, location1) := true
  objectAtLocation(pot_5, location3) := true
  atLocation(agent1, location4) := true
]

goals = [
  Exists (Receptacle - Checkable r) Exists (Obj - Checkable o1) (inReceptacle(o1, r) and objectType(o1, mugType) and receptacleType(r, cartType) and Exists (Obj - Checkable o2) ((not (o1 == o2)) and objectType(o2, mugType) and receptacleType(r, cartType) and inReceptacle(o2, r)))
]

quality metrics = [
  minimize sequential-plan-length
]


2025-08-13 10:59:03,983 - INFO - Generating plan for unconstrained problem

2025-08-13 10:59:04,361 - INFO - Unconstrained plan generation time: 0.37783336639404297

