2025-08-12 19:30:29,591 - INFO - 
================= Seed: 476 =================

2025-08-12 19:30:29,591 - INFO - problem name = alfred

types = [ReceptacleType, ObjectType, Checkable, Agent - Checkable, Location - Checkable, Receptacle - Checkable, Obj - Checkable]

fluents = [
  bool atLocation[a=Agent - Checkable, l=Location - Checkable]
  bool receptacleAtLocation[r=Receptacle - Checkable, l=Location - Checkable]
  bool objectAtLocation[o=Obj - Checkable, l=Location - Checkable]
  bool openable[r=Receptacle - Checkable]
  bool opened[r=Receptacle - Checkable]
  bool inReceptacle[o=Obj - Checkable, r=Receptacle - Checkable]
  bool isReceptacleObject[o=Obj - Checkable]
  bool inReceptacleObject[innerObject=Obj - Checkable, outObject=Obj - Checkable]
  bool isReceptacleObjectFull[o=Obj - Checkable]
  bool wasInReceptacle[o=Obj - Checkable, r=Receptacle - Checkable]
  bool checked[c=Checkable]
  bool examined[l=Location - Checkable]
  bool receptacleType[r=Receptacle - Checkable, rt=ReceptacleType]
  bool canContain[rt=ReceptacleType, ot=ObjectType]
  bool objectType[o=Obj - Checkable, t=ObjectType]
  bool holds[a=Agent - Checkable, o=Obj - Checkable]
  bool holdsAny[a=Agent - Checkable]
  bool holdsAnyReceptacleObject[a=Agent - Checkable]
  bool full[r=Receptacle - Checkable]
  bool isClean[o=Obj - Checkable]
  bool cleanable[o=Obj - Checkable]
  bool isHot[o=Obj - Checkable]
  bool heatable[o=Obj - Checkable]
  bool isCool[o=Obj - Checkable]
  bool coolable[o=Obj - Checkable]
  bool pickupable[o=Obj - Checkable]
  bool moveable[o=Obj - Checkable]
  bool toggleable[o=Obj - Checkable]
  bool isOn[o=Obj - Checkable]
  bool isToggled[o=Obj - Checkable]
  bool sliceable[o=Obj - Checkable]
  bool isSliced[o=Obj - Checkable]
]

actions = [
  action look(Agent - Checkable a, Location - Checkable l) {
    preconditions = [
      atLocation(a, l)
    ]
    effects = [
      checked(l) := true
    ]
  }
  action inventory(Agent - Checkable a) {
    preconditions = [
    ]
    effects = [
      checked(a) := true
    ]
  }
  action examineReceptacle(Agent - Checkable a, Receptacle - Checkable r) {
    preconditions = [
      Exists (Location - Checkable l) (atLocation(a, l) and receptacleAtLocation(r, l))
    ]
    effects = [
      checked(r) := true
    ]
  }
  action examineObject(Agent - Checkable a, Obj - Checkable o) {
    preconditions = [
      (Exists (Location - Checkable l) Exists (Receptacle - Checkable r) (atLocation(a, l) and receptacleAtLocation(r, l) and inReceptacle(o, r) and ((not openable(r)) or opened(r))) or holds(a, o))
    ]
    effects = [
      checked(o) := true
    ]
  }
  action goToLocation(Agent - Checkable a, Location - Checkable lstart, Location - Checkable lend) {
    preconditions = [
      atLocation(a, lstart)
    ]
    effects = [
      atLocation(a, lstart) := false
      atLocation(a, lend) := true
    ]
  }
  action openObject(Agent - Checkable a, Location - Checkable l, Receptacle - Checkable r) {
    preconditions = [
      (openable(r) and atLocation(a, l) and receptacleAtLocation(r, l) and (not opened(r)))
    ]
    effects = [
      opened(r) := true
      checked(r) := true
    ]
  }
  action closeObject(Agent - Checkable a, Location - Checkable l, Receptacle - Checkable r) {
    preconditions = [
      (openable(r) and atLocation(a, l) and receptacleAtLocation(r, l) and opened(r))
    ]
    effects = [
      opened(r) := false
    ]
  }
  action pickupObject(Agent - Checkable a, Location - Checkable l, Obj - Checkable o, Receptacle - Checkable r) {
    preconditions = [
      (pickupable(o) and atLocation(a, l) and receptacleAtLocation(r, l) and inReceptacle(o, r) and (not holdsAny(a)) and ((not openable(r)) or opened(r)))
    ]
    effects = [
      inReceptacle(o, r) := false
      holds(a, o) := true
      holdsAny(a) := true
      objectAtLocation(o, l) := false
    ]
  }
  action putObject(Agent - Checkable a, Location - Checkable l, Obj - Checkable o, Receptacle - Checkable r, ObjectType ot, ReceptacleType rt) {
    preconditions = [
      (holds(a, o) and atLocation(a, l) and receptacleAtLocation(r, l) and ((not openable(r)) or opened(r)) and objectType(o, ot) and receptacleType(r, rt) and canContain(rt, ot))
    ]
    effects = [
      inReceptacle(o, r) := true
      objectAtLocation(o, l) := true
      holds(a, o) := false
      holdsAny(a) := false
    ]
  }
  action cleanObject(Agent - Checkable a, Location - Checkable l, Receptacle - Checkable r, Obj - Checkable o) {
    preconditions = [
      (cleanable(o) and receptacleType(r, sinkBasinType) and atLocation(a, l) and receptacleAtLocation(r, l) and holds(a, o))
    ]
    effects = [
      isClean(o) := true
    ]
  }
  action heatObject(Agent - Checkable a, Location - Checkable l, Receptacle - Checkable r, Obj - Checkable o) {
    preconditions = [
      (heatable(o) and receptacleType(r, microwaveType) and atLocation(a, l) and receptacleAtLocation(r, l) and holds(a, o))
    ]
    effects = [
      isHot(o) := true
      isCool(o) := false
    ]
  }
  action coolObject(Agent - Checkable a, Location - Checkable l, Receptacle - Checkable r, Obj - Checkable o) {
    preconditions = [
      (coolable(o) and receptacleType(r, fridgeType) and atLocation(a, l) and receptacleAtLocation(r, l) and holds(a, o))
    ]
    effects = [
      isCool(o) := true
      isHot(o) := false
    ]
  }
  action toggleObject(Agent - Checkable a, Location - Checkable l, Obj - Checkable o, Receptacle - Checkable r) {
    preconditions = [
      (toggleable(o) and atLocation(a, l) and receptacleAtLocation(r, l) and inReceptacle(o, r))
    ]
    effects = [
      if isOn(o) then isOn(o) := false
      if (not isOn(o)) then isOn(o) := true
      isToggled(o) := true
    ]
  }
  action sliceObject(Agent - Checkable a, Location - Checkable l, Obj - Checkable co, Obj - Checkable ko) {
    preconditions = [
      (sliceable(co) and (objectType(ko, knifeType) or objectType(ko, butterKnifeType)) and atLocation(a, l) and objectAtLocation(co, l) and holds(a, ko))
    ]
    effects = [
      isSliced(co) := true
    ]
  }
  action help(Agent - Checkable a) {
    preconditions = [
    ]
    effects = [
      checked(a) := true
    ]
  }
]

objects = [
  ReceptacleType: [sinkBasinType, microwaveType, fridgeType, toiletPaperHangerType, sofaType]
  ObjectType: [knifeType, butterKnifeType, clothType, cupType]
  Checkable: [agent1, location1, location2, toiletPaperHanger_1, sofa_2, microwave_3, fridge_4, cloth_1, cup_2]
  Agent - Checkable: [agent1]
  Location - Checkable: [location1, location2]
  Receptacle - Checkable: [toiletPaperHanger_1, sofa_2, microwave_3, fridge_4]
  Obj - Checkable: [cloth_1, cup_2]
]

initial fluents default = [
  bool atLocation[a=Agent - Checkable, l=Location - Checkable] := false
  bool receptacleAtLocation[r=Receptacle - Checkable, l=Location - Checkable] := false
  bool objectAtLocation[o=Obj - Checkable, l=Location - Checkable] := false
  bool openable[r=Receptacle - Checkable] := false
  bool opened[r=Receptacle - Checkable] := false
  bool inReceptacle[o=Obj - Checkable, r=Receptacle - Checkable] := false
  bool isReceptacleObject[o=Obj - Checkable] := false
  bool inReceptacleObject[innerObject=Obj - Checkable, outObject=Obj - Checkable] := false
  bool isReceptacleObjectFull[o=Obj - Checkable] := false
  bool wasInReceptacle[o=Obj - Checkable, r=Receptacle - Checkable] := false
  bool checked[c=Checkable] := false
  bool examined[l=Location - Checkable] := false
  bool receptacleType[r=Receptacle - Checkable, rt=ReceptacleType] := false
  bool canContain[rt=ReceptacleType, ot=ObjectType] := false
  bool objectType[o=Obj - Checkable, t=ObjectType] := false
  bool holds[a=Agent - Checkable, o=Obj - Checkable] := false
  bool holdsAny[a=Agent - Checkable] := false
  bool holdsAnyReceptacleObject[a=Agent - Checkable] := false
  bool full[r=Receptacle - Checkable] := false
  bool isClean[o=Obj - Checkable] := false
  bool cleanable[o=Obj - Checkable] := false
  bool isHot[o=Obj - Checkable] := false
  bool heatable[o=Obj - Checkable] := false
  bool isCool[o=Obj - Checkable] := false
  bool coolable[o=Obj - Checkable] := false
  bool pickupable[o=Obj - Checkable] := false
  bool moveable[o=Obj - Checkable] := false
  bool toggleable[o=Obj - Checkable] := false
  bool isOn[o=Obj - Checkable] := false
  bool isToggled[o=Obj - Checkable] := false
  bool sliceable[o=Obj - Checkable] := false
  bool isSliced[o=Obj - Checkable] := false
]

initial values = [
  receptacleType(toiletPaperHanger_1, toiletPaperHangerType) := true
  receptacleType(sofa_2, sofaType) := true
  receptacleType(microwave_3, microwaveType) := true
  receptacleType(fridge_4, fridgeType) := true
  objectType(cloth_1, clothType) := true
  objectType(cup_2, cupType) := true
  canContain(sofaType, clothType) := true
  canContain(microwaveType, cupType) := true
  canContain(fridgeType, cupType) := true
  pickupable(cloth_1) := true
  cleanable(cloth_1) := true
  pickupable(cup_2) := true
  isReceptacleObject(cup_2) := true
  cleanable(cup_2) := true
  heatable(cup_2) := true
  coolable(cup_2) := true
  receptacleAtLocation(toiletPaperHanger_1, location2) := true
  receptacleAtLocation(sofa_2, location2) := true
  receptacleAtLocation(microwave_3, location1) := true
  receptacleAtLocation(fridge_4, location2) := true
  inReceptacle(cloth_1, sofa_2) := true
  inReceptacle(cup_2, fridge_4) := true
  objectAtLocation(cloth_1, location2) := true
  objectAtLocation(cup_2, location2) := true
  atLocation(agent1, location1) := true
]

goals = [
  Exists (Receptacle - Checkable r) Exists (Obj - Checkable o) (inReceptacle(o, r) and objectType(o, cupType) and receptacleType(r, microwaveType))
]

quality metrics = [
  minimize sequential-plan-length
]


2025-08-12 19:30:29,595 - INFO - Generating plan for unconstrained problem

2025-08-12 19:30:30,054 - INFO - Unconstrained plan generation time: 0.4583699703216553

2025-08-12 19:30:30,055 - INFO - Unconstrained plan and cost: 
2025-08-12 19:30:30,055 - INFO - SequentialPlan:
    goToLocation(agent1, location1, location2)
    pickupObject(agent1, location2, cup_2, fridge_4)
    goToLocation(agent1, location2, location1)
    putObject(agent1, location1, cup_2, microwave_3, cupType, microwaveType)
2025-08-12 19:30:30,056 - INFO - 4
2025-08-12 19:30:38,584 - INFO - Sampled constraints:

2025-08-12 19:30:38,584 - INFO - Sometime(holdsAny(agent1))
2025-08-12 19:30:38,584 - INFO - Sometime-Before(holdsAny(agent1), (checked(cloth_1) or holds(agent1, cloth_1)))
2025-08-12 19:30:38,584 - INFO - Sometime(objectAtLocation(cup_2, location1))
2025-08-12 19:30:38,584 - INFO - Sometime-Before(objectAtLocation(cup_2, location1), holds(agent1, cloth_1))
2025-08-12 19:30:38,584 - INFO - Sometime(atLocation(agent1, location2))
2025-08-12 19:30:38,584 - INFO - Sometime-After(atLocation(agent1, location2), (inReceptacleObject(cup_2, cup_2) or checked(fridge_4)))
2025-08-12 19:30:38,584 - INFO - At-Most-Once(atLocation(agent1, location1))
2025-08-12 19:30:38,584 - INFO - Sometime((inReceptacleObject(cup_2, cloth_1) and holds(agent1, cloth_1)))
2025-08-12 19:30:38,584 - INFO - Sometime(checked(sofa_2))
2025-08-12 19:30:38,584 - INFO - Sometime(holds(agent1, cup_2))
2025-08-12 19:30:38,584 - INFO - Sometime-Before(holds(agent1, cup_2), (holdsAny(agent1) or inReceptacleObject(cloth_1, cloth_1)))
2025-08-12 19:30:38,584 - INFO - Sometime((holds(agent1, cloth_1) and objectAtLocation(cloth_1, location1)))
2025-08-12 19:30:38,585 - INFO - Sometime((inReceptacleObject(cup_2, cloth_1) and checked(cup_2)))
2025-08-12 19:30:38,585 - INFO - Sometime((checked(toiletPaperHanger_1) and holds(agent1, cloth_1)))
2025-08-12 19:30:38,585 - INFO - 
2025-08-12 19:30:38,585 - INFO - Generation time: 8.527663469314575

2025-08-12 19:30:38,585 - INFO - Generating plan for constrained problem (with LiftedTCORE).

2025-08-12 19:30:38,629 - INFO - LiftedTCORE compilation time: 0.04298853874206543

2025-08-12 19:30:39,227 - INFO - Planning Time with LiftedTCORE's file: 0.5979428291320801

