2025-08-13 10:12:46,341 - INFO - 
================= Seed: 1104 =================

2025-08-13 10:12:46,341 - INFO - problem name = alfred

types = [ReceptacleType, ObjectType, Checkable, Agent - Checkable, Location - Checkable, Receptacle - Checkable, Obj - Checkable]

fluents = [
  bool atLocation[a=Agent - Checkable, l=Location - Checkable]
  bool receptacleAtLocation[r=Receptacle - Checkable, l=Location - Checkable]
  bool objectAtLocation[o=Obj - Checkable, l=Location - Checkable]
  bool openable[r=Receptacle - Checkable]
  bool opened[r=Receptacle - Checkable]
  bool inReceptacle[o=Obj - Checkable, r=Receptacle - Checkable]
  bool isReceptacleObject[o=Obj - Checkable]
  bool inReceptacleObject[innerObject=Obj - Checkable, outObject=Obj - Checkable]
  bool isReceptacleObjectFull[o=Obj - Checkable]
  bool wasInReceptacle[o=Obj - Checkable, r=Receptacle - Checkable]
  bool checked[c=Checkable]
  bool examined[l=Location - Checkable]
  bool receptacleType[r=Receptacle - Checkable, rt=ReceptacleType]
  bool canContain[rt=ReceptacleType, ot=ObjectType]
  bool objectType[o=Obj - Checkable, t=ObjectType]
  bool holds[a=Agent - Checkable, o=Obj - Checkable]
  bool holdsAny[a=Agent - Checkable]
  bool holdsAnyReceptacleObject[a=Agent - Checkable]
  bool full[r=Receptacle - Checkable]
  bool isClean[o=Obj - Checkable]
  bool cleanable[o=Obj - Checkable]
  bool isHot[o=Obj - Checkable]
  bool heatable[o=Obj - Checkable]
  bool isCool[o=Obj - Checkable]
  bool coolable[o=Obj - Checkable]
  bool pickupable[o=Obj - Checkable]
  bool moveable[o=Obj - Checkable]
  bool toggleable[o=Obj - Checkable]
  bool isOn[o=Obj - Checkable]
  bool isToggled[o=Obj - Checkable]
  bool sliceable[o=Obj - Checkable]
  bool isSliced[o=Obj - Checkable]
]

actions = [
  action look(Agent - Checkable a, Location - Checkable l) {
    preconditions = [
      atLocation(a, l)
    ]
    effects = [
      checked(l) := true
    ]
  }
  action inventory(Agent - Checkable a) {
    preconditions = [
    ]
    effects = [
      checked(a) := true
    ]
  }
  action examineReceptacle(Agent - Checkable a, Receptacle - Checkable r) {
    preconditions = [
      Exists (Location - Checkable l) (atLocation(a, l) and receptacleAtLocation(r, l))
    ]
    effects = [
      checked(r) := true
    ]
  }
  action examineObject(Agent - Checkable a, Obj - Checkable o) {
    preconditions = [
      (Exists (Location - Checkable l) Exists (Receptacle - Checkable r) (atLocation(a, l) and receptacleAtLocation(r, l) and inReceptacle(o, r) and ((not openable(r)) or opened(r))) or holds(a, o))
    ]
    effects = [
      checked(o) := true
    ]
  }
  action goToLocation(Agent - Checkable a, Location - Checkable lstart, Location - Checkable lend) {
    preconditions = [
      atLocation(a, lstart)
    ]
    effects = [
      atLocation(a, lstart) := false
      atLocation(a, lend) := true
    ]
  }
  action openObject(Agent - Checkable a, Location - Checkable l, Receptacle - Checkable r) {
    preconditions = [
      (openable(r) and atLocation(a, l) and receptacleAtLocation(r, l) and (not opened(r)))
    ]
    effects = [
      opened(r) := true
      checked(r) := true
    ]
  }
  action closeObject(Agent - Checkable a, Location - Checkable l, Receptacle - Checkable r) {
    preconditions = [
      (openable(r) and atLocation(a, l) and receptacleAtLocation(r, l) and opened(r))
    ]
    effects = [
      opened(r) := false
    ]
  }
  action pickupObject(Agent - Checkable a, Location - Checkable l, Obj - Checkable o, Receptacle - Checkable r) {
    preconditions = [
      (pickupable(o) and atLocation(a, l) and receptacleAtLocation(r, l) and inReceptacle(o, r) and (not holdsAny(a)) and ((not openable(r)) or opened(r)))
    ]
    effects = [
      inReceptacle(o, r) := false
      holds(a, o) := true
      holdsAny(a) := true
      objectAtLocation(o, l) := false
    ]
  }
  action putObject(Agent - Checkable a, Location - Checkable l, Obj - Checkable o, Receptacle - Checkable r, ObjectType ot, ReceptacleType rt) {
    preconditions = [
      (holds(a, o) and atLocation(a, l) and receptacleAtLocation(r, l) and ((not openable(r)) or opened(r)) and objectType(o, ot) and receptacleType(r, rt) and canContain(rt, ot))
    ]
    effects = [
      inReceptacle(o, r) := true
      objectAtLocation(o, l) := true
      holds(a, o) := false
      holdsAny(a) := false
    ]
  }
  action cleanObject(Agent - Checkable a, Location - Checkable l, Receptacle - Checkable r, Obj - Checkable o) {
    preconditions = [
      (cleanable(o) and receptacleType(r, sinkBasinType) and atLocation(a, l) and receptacleAtLocation(r, l) and holds(a, o))
    ]
    effects = [
      isClean(o) := true
    ]
  }
  action heatObject(Agent - Checkable a, Location - Checkable l, Receptacle - Checkable r, Obj - Checkable o) {
    preconditions = [
      (heatable(o) and receptacleType(r, microwaveType) and atLocation(a, l) and receptacleAtLocation(r, l) and holds(a, o))
    ]
    effects = [
      isHot(o) := true
      isCool(o) := false
    ]
  }
  action coolObject(Agent - Checkable a, Location - Checkable l, Receptacle - Checkable r, Obj - Checkable o) {
    preconditions = [
      (coolable(o) and receptacleType(r, fridgeType) and atLocation(a, l) and receptacleAtLocation(r, l) and holds(a, o))
    ]
    effects = [
      isCool(o) := true
      isHot(o) := false
    ]
  }
  action toggleObject(Agent - Checkable a, Location - Checkable l, Obj - Checkable o, Receptacle - Checkable r) {
    preconditions = [
      (toggleable(o) and atLocation(a, l) and receptacleAtLocation(r, l) and inReceptacle(o, r))
    ]
    effects = [
      if isOn(o) then isOn(o) := false
      if (not isOn(o)) then isOn(o) := true
      isToggled(o) := true
    ]
  }
  action sliceObject(Agent - Checkable a, Location - Checkable l, Obj - Checkable co, Obj - Checkable ko) {
    preconditions = [
      (sliceable(co) and (objectType(ko, knifeType) or objectType(ko, butterKnifeType)) and atLocation(a, l) and objectAtLocation(co, l) and holds(a, ko))
    ]
    effects = [
      isSliced(co) := true
    ]
  }
  action help(Agent - Checkable a) {
    preconditions = [
    ]
    effects = [
      checked(a) := true
    ]
  }
]

objects = [
  ReceptacleType: [sinkBasinType, microwaveType, fridgeType, garbageCanType, handTowelHolderType, bedType, toasterType, shelfType, diningTableType, bathtubBasinType, sideTableType, coffeeMachineType, counterTopType]
  ObjectType: [knifeType, butterKnifeType, watchType, toiletPaperType, saltShakerType, pencilType, statueType, cupType, handTowelType, cdType, cellPhoneType, tissueBoxType, boxType, basketBallType, keyChainType, ladleType, paperTowelType, panType, bowlType]
  Checkable: [agent1, location1, location2, location3, location4, location5, location6, location7, location8, location9, location10, location11, location12, location13, location14, location15, location16, location17, location18, location19, location20, garbageCan_1, handTowelHolder_2, microwave_3, sinkBasin_4, garbageCan_5, bed_6, toaster_7, microwave_8, shelf_9, diningTable_10, garbageCan_11, bathtubBasin_12, microwave_13, sideTable_14, coffeeMachine_15, bathtubBasin_16, counterTop_17, bathtubBasin_18, microwave_19, handTowelHolder_20, microwave_21, fridge_22, watch_1, toiletPaper_2, saltShaker_3, pencil_4, statue_5, cup_6, handTowel_7, cd_8, saltShaker_9, cellPhone_10, tissueBox_11, box_12, basketBall_13, knife_14, keyChain_15, ladle_16, paperTowel_17, pan_18, box_19, bowl_20]
  Agent - Checkable: [agent1]
  Location - Checkable: [location1, location2, location3, location4, location5, location6, location7, location8, location9, location10, location11, location12, location13, location14, location15, location16, location17, location18, location19, location20]
  Receptacle - Checkable: [garbageCan_1, handTowelHolder_2, microwave_3, sinkBasin_4, garbageCan_5, bed_6, toaster_7, microwave_8, shelf_9, diningTable_10, garbageCan_11, bathtubBasin_12, microwave_13, sideTable_14, coffeeMachine_15, bathtubBasin_16, counterTop_17, bathtubBasin_18, microwave_19, handTowelHolder_20, microwave_21, fridge_22]
  Obj - Checkable: [watch_1, toiletPaper_2, saltShaker_3, pencil_4, statue_5, cup_6, handTowel_7, cd_8, saltShaker_9, cellPhone_10, tissueBox_11, box_12, basketBall_13, knife_14, keyChain_15, ladle_16, paperTowel_17, pan_18, box_19, bowl_20]
]

initial fluents default = [
  bool atLocation[a=Agent - Checkable, l=Location - Checkable] := false
  bool receptacleAtLocation[r=Receptacle - Checkable, l=Location - Checkable] := false
  bool objectAtLocation[o=Obj - Checkable, l=Location - Checkable] := false
  bool openable[r=Receptacle - Checkable] := false
  bool opened[r=Receptacle - Checkable] := false
  bool inReceptacle[o=Obj - Checkable, r=Receptacle - Checkable] := false
  bool isReceptacleObject[o=Obj - Checkable] := false
  bool inReceptacleObject[innerObject=Obj - Checkable, outObject=Obj - Checkable] := false
  bool isReceptacleObjectFull[o=Obj - Checkable] := false
  bool wasInReceptacle[o=Obj - Checkable, r=Receptacle - Checkable] := false
  bool checked[c=Checkable] := false
  bool examined[l=Location - Checkable] := false
  bool receptacleType[r=Receptacle - Checkable, rt=ReceptacleType] := false
  bool canContain[rt=ReceptacleType, ot=ObjectType] := false
  bool objectType[o=Obj - Checkable, t=ObjectType] := false
  bool holds[a=Agent - Checkable, o=Obj - Checkable] := false
  bool holdsAny[a=Agent - Checkable] := false
  bool holdsAnyReceptacleObject[a=Agent - Checkable] := false
  bool full[r=Receptacle - Checkable] := false
  bool isClean[o=Obj - Checkable] := false
  bool cleanable[o=Obj - Checkable] := false
  bool isHot[o=Obj - Checkable] := false
  bool heatable[o=Obj - Checkable] := false
  bool isCool[o=Obj - Checkable] := false
  bool coolable[o=Obj - Checkable] := false
  bool pickupable[o=Obj - Checkable] := false
  bool moveable[o=Obj - Checkable] := false
  bool toggleable[o=Obj - Checkable] := false
  bool isOn[o=Obj - Checkable] := false
  bool isToggled[o=Obj - Checkable] := false
  bool sliceable[o=Obj - Checkable] := false
  bool isSliced[o=Obj - Checkable] := false
]

initial values = [
  receptacleType(garbageCan_1, garbageCanType) := true
  receptacleType(handTowelHolder_2, handTowelHolderType) := true
  receptacleType(microwave_3, microwaveType) := true
  receptacleType(sinkBasin_4, sinkBasinType) := true
  receptacleType(garbageCan_5, garbageCanType) := true
  receptacleType(bed_6, bedType) := true
  receptacleType(toaster_7, toasterType) := true
  receptacleType(microwave_8, microwaveType) := true
  receptacleType(shelf_9, shelfType) := true
  receptacleType(diningTable_10, diningTableType) := true
  receptacleType(garbageCan_11, garbageCanType) := true
  receptacleType(bathtubBasin_12, bathtubBasinType) := true
  receptacleType(microwave_13, microwaveType) := true
  receptacleType(sideTable_14, sideTableType) := true
  receptacleType(coffeeMachine_15, coffeeMachineType) := true
  receptacleType(bathtubBasin_16, bathtubBasinType) := true
  receptacleType(counterTop_17, counterTopType) := true
  receptacleType(bathtubBasin_18, bathtubBasinType) := true
  receptacleType(microwave_19, microwaveType) := true
  receptacleType(handTowelHolder_20, handTowelHolderType) := true
  receptacleType(microwave_21, microwaveType) := true
  receptacleType(fridge_22, fridgeType) := true
  objectType(watch_1, watchType) := true
  objectType(toiletPaper_2, toiletPaperType) := true
  objectType(saltShaker_3, saltShakerType) := true
  objectType(pencil_4, pencilType) := true
  objectType(statue_5, statueType) := true
  objectType(cup_6, cupType) := true
  objectType(handTowel_7, handTowelType) := true
  objectType(cd_8, cdType) := true
  objectType(saltShaker_9, saltShakerType) := true
  objectType(cellPhone_10, cellPhoneType) := true
  objectType(tissueBox_11, tissueBoxType) := true
  objectType(box_12, boxType) := true
  objectType(basketBall_13, basketBallType) := true
  objectType(knife_14, knifeType) := true
  objectType(keyChain_15, keyChainType) := true
  objectType(ladle_16, ladleType) := true
  objectType(paperTowel_17, paperTowelType) := true
  objectType(pan_18, panType) := true
  objectType(box_19, boxType) := true
  objectType(bowl_20, bowlType) := true
  canContain(garbageCanType, toiletPaperType) := true
  canContain(garbageCanType, pencilType) := true
  canContain(garbageCanType, handTowelType) := true
  canContain(garbageCanType, tissueBoxType) := true
  canContain(garbageCanType, paperTowelType) := true
  canContain(handTowelHolderType, handTowelType) := true
  canContain(microwaveType, cupType) := true
  canContain(microwaveType, bowlType) := true
  canContain(sinkBasinType, cupType) := true
  canContain(sinkBasinType, handTowelType) := true
  canContain(sinkBasinType, knifeType) := true
  canContain(sinkBasinType, ladleType) := true
  canContain(sinkBasinType, panType) := true
  canContain(sinkBasinType, bowlType) := true
  canContain(bedType, cellPhoneType) := true
  canContain(bedType, basketBallType) := true
  canContain(shelfType, watchType) := true
  canContain(shelfType, toiletPaperType) := true
  canContain(shelfType, saltShakerType) := true
  canContain(shelfType, pencilType) := true
  canContain(shelfType, statueType) := true
  canContain(shelfType, cupType) := true
  canContain(shelfType, handTowelType) := true
  canContain(shelfType, cdType) := true
  canContain(shelfType, cellPhoneType) := true
  canContain(shelfType, tissueBoxType) := true
  canContain(shelfType, boxType) := true
  canContain(shelfType, keyChainType) := true
  canContain(shelfType, paperTowelType) := true
  canContain(shelfType, bowlType) := true
  canContain(diningTableType, watchType) := true
  canContain(diningTableType, toiletPaperType) := true
  canContain(diningTableType, saltShakerType) := true
  canContain(diningTableType, pencilType) := true
  canContain(diningTableType, statueType) := true
  canContain(diningTableType, cupType) := true
  canContain(diningTableType, handTowelType) := true
  canContain(diningTableType, cellPhoneType) := true
  canContain(diningTableType, tissueBoxType) := true
  canContain(diningTableType, boxType) := true
  canContain(diningTableType, basketBallType) := true
  canContain(diningTableType, knifeType) := true
  canContain(diningTableType, keyChainType) := true
  canContain(diningTableType, ladleType) := true
  canContain(diningTableType, paperTowelType) := true
  canContain(diningTableType, panType) := true
  canContain(diningTableType, bowlType) := true
  canContain(bathtubBasinType, handTowelType) := true
  canContain(sideTableType, watchType) := true
  canContain(sideTableType, toiletPaperType) := true
  canContain(sideTableType, saltShakerType) := true
  canContain(sideTableType, pencilType) := true
  canContain(sideTableType, statueType) := true
  canContain(sideTableType, cupType) := true
  canContain(sideTableType, handTowelType) := true
  canContain(sideTableType, cellPhoneType) := true
  canContain(sideTableType, tissueBoxType) := true
  canContain(sideTableType, boxType) := true
  canContain(sideTableType, basketBallType) := true
  canContain(sideTableType, knifeType) := true
  canContain(sideTableType, keyChainType) := true
  canContain(sideTableType, ladleType) := true
  canContain(sideTableType, paperTowelType) := true
  canContain(sideTableType, panType) := true
  canContain(sideTableType, bowlType) := true
  canContain(counterTopType, watchType) := true
  canContain(counterTopType, toiletPaperType) := true
  canContain(counterTopType, saltShakerType) := true
  canContain(counterTopType, pencilType) := true
  canContain(counterTopType, statueType) := true
  canContain(counterTopType, cupType) := true
  canContain(counterTopType, handTowelType) := true
  canContain(counterTopType, cdType) := true
  canContain(counterTopType, cellPhoneType) := true
  canContain(counterTopType, tissueBoxType) := true
  canContain(counterTopType, boxType) := true
  canContain(counterTopType, basketBallType) := true
  canContain(counterTopType, knifeType) := true
  canContain(counterTopType, keyChainType) := true
  canContain(counterTopType, ladleType) := true
  canContain(counterTopType, paperTowelType) := true
  canContain(counterTopType, panType) := true
  canContain(counterTopType, bowlType) := true
  canContain(fridgeType, cupType) := true
  canContain(fridgeType, panType) := true
  canContain(fridgeType, bowlType) := true
  pickupable(watch_1) := true
  pickupable(toiletPaper_2) := true
  pickupable(saltShaker_3) := true
  pickupable(pencil_4) := true
  pickupable(statue_5) := true
  pickupable(cup_6) := true
  isReceptacleObject(cup_6) := true
  cleanable(cup_6) := true
  heatable(cup_6) := true
  coolable(cup_6) := true
  pickupable(handTowel_7) := true
  pickupable(cd_8) := true
  pickupable(saltShaker_9) := true
  pickupable(cellPhone_10) := true
  pickupable(tissueBox_11) := true
  pickupable(box_12) := true
  isReceptacleObject(box_12) := true
  pickupable(basketBall_13) := true
  pickupable(knife_14) := true
  cleanable(knife_14) := true
  pickupable(keyChain_15) := true
  pickupable(ladle_16) := true
  cleanable(ladle_16) := true
  pickupable(paperTowel_17) := true
  pickupable(pan_18) := true
  isReceptacleObject(pan_18) := true
  cleanable(pan_18) := true
  coolable(pan_18) := true
  pickupable(box_19) := true
  isReceptacleObject(box_19) := true
  pickupable(bowl_20) := true
  isReceptacleObject(bowl_20) := true
  cleanable(bowl_20) := true
  coolable(bowl_20) := true
  receptacleAtLocation(garbageCan_1, location10) := true
  receptacleAtLocation(handTowelHolder_2, location8) := true
  receptacleAtLocation(microwave_3, location18) := true
  receptacleAtLocation(sinkBasin_4, location3) := true
  receptacleAtLocation(garbageCan_5, location7) := true
  receptacleAtLocation(bed_6, location6) := true
  receptacleAtLocation(toaster_7, location4) := true
  receptacleAtLocation(microwave_8, location1) := true
  receptacleAtLocation(shelf_9, location14) := true
  receptacleAtLocation(diningTable_10, location5) := true
  receptacleAtLocation(garbageCan_11, location11) := true
  receptacleAtLocation(bathtubBasin_12, location5) := true
  receptacleAtLocation(microwave_13, location17) := true
  receptacleAtLocation(sideTable_14, location17) := true
  receptacleAtLocation(coffeeMachine_15, location9) := true
  receptacleAtLocation(bathtubBasin_16, location20) := true
  receptacleAtLocation(counterTop_17, location2) := true
  receptacleAtLocation(bathtubBasin_18, location18) := true
  receptacleAtLocation(microwave_19, location18) := true
  receptacleAtLocation(handTowelHolder_20, location14) := true
  receptacleAtLocation(microwave_21, location15) := true
  receptacleAtLocation(fridge_22, location17) := true
  inReceptacle(watch_1, shelf_9) := true
  inReceptacle(toiletPaper_2, counterTop_17) := true
  inReceptacle(saltShaker_3, sideTable_14) := true
  inReceptacle(pencil_4, garbageCan_5) := true
  inReceptacle(statue_5, sideTable_14) := true
  inReceptacle(cup_6, counterTop_17) := true
  inReceptacle(handTowel_7, handTowelHolder_20) := true
  inReceptacle(cd_8, shelf_9) := true
  inReceptacle(saltShaker_9, shelf_9) := true
  inReceptacle(cellPhone_10, sideTable_14) := true
  inReceptacle(tissueBox_11, garbageCan_5) := true
  inReceptacle(box_12, diningTable_10) := true
  inReceptacle(basketBall_13, counterTop_17) := true
  inReceptacle(knife_14, sideTable_14) := true
  inReceptacle(keyChain_15, diningTable_10) := true
  inReceptacle(ladle_16, diningTable_10) := true
  inReceptacle(paperTowel_17, diningTable_10) := true
  inReceptacle(pan_18, counterTop_17) := true
  inReceptacle(box_19, shelf_9) := true
  inReceptacle(bowl_20, counterTop_17) := true
  objectAtLocation(watch_1, location14) := true
  objectAtLocation(toiletPaper_2, location2) := true
  objectAtLocation(saltShaker_3, location17) := true
  objectAtLocation(pencil_4, location7) := true
  objectAtLocation(statue_5, location17) := true
  objectAtLocation(cup_6, location2) := true
  objectAtLocation(handTowel_7, location14) := true
  objectAtLocation(cd_8, location14) := true
  objectAtLocation(saltShaker_9, location14) := true
  objectAtLocation(cellPhone_10, location17) := true
  objectAtLocation(tissueBox_11, location7) := true
  objectAtLocation(box_12, location5) := true
  objectAtLocation(basketBall_13, location2) := true
  objectAtLocation(knife_14, location17) := true
  objectAtLocation(keyChain_15, location5) := true
  objectAtLocation(ladle_16, location5) := true
  objectAtLocation(paperTowel_17, location5) := true
  objectAtLocation(pan_18, location2) := true
  objectAtLocation(box_19, location14) := true
  objectAtLocation(bowl_20, location2) := true
  atLocation(agent1, location10) := true
]

goals = [
  Exists (Receptacle - Checkable r) Exists (Obj - Checkable o) (inReceptacle(o, r) and objectType(o, pencilType) and receptacleType(r, garbageCanType))
]

quality metrics = [
  minimize sequential-plan-length
]


2025-08-13 10:12:46,344 - INFO - Generating plan for unconstrained problem

2025-08-13 10:12:46,982 - INFO - Unconstrained plan generation time: 0.6381502151489258

2025-08-13 10:12:46,982 - INFO - Unconstrained plan and cost: 
2025-08-13 10:12:46,982 - INFO - SequentialPlan:
2025-08-13 10:12:46,982 - INFO - 0
2025-08-13 10:13:38,285 - INFO - Sampled constraints:

2025-08-13 10:13:38,286 - INFO - Sometime(inReceptacleObject(paperTowel_17, pencil_4))
2025-08-13 10:13:38,286 - INFO - Sometime((objectAtLocation(tissueBox_11, location2) or holds(agent1, saltShaker_3)))
2025-08-13 10:13:38,286 - INFO - Sometime((objectAtLocation(keyChain_15, location6) or inReceptacleObject(cd_8, saltShaker_9)))
2025-08-13 10:13:38,287 - INFO - Sometime(checked(garbageCan_5))
2025-08-13 10:13:38,287 - INFO - Sometime((holds(agent1, pan_18) or atLocation(agent1, location5)))
2025-08-13 10:13:38,287 - INFO - Sometime((objectAtLocation(bowl_20, location5) or checked(garbageCan_1)))
2025-08-13 10:13:38,288 - INFO - Sometime(inReceptacleObject(keyChain_15, ladle_16))
2025-08-13 10:13:38,288 - INFO - Sometime((inReceptacleObject(box_12, tissueBox_11) or inReceptacleObject(watch_1, basketBall_13)))
2025-08-13 10:13:38,289 - INFO - Sometime(inReceptacleObject(saltShaker_9, watch_1))
2025-08-13 10:13:38,289 - INFO - Sometime((inReceptacleObject(box_12, statue_5) or holds(agent1, box_19)))
2025-08-13 10:13:38,289 - INFO - 
2025-08-13 10:13:38,289 - INFO - Generation time: 51.3027868270874

2025-08-13 10:13:38,299 - INFO - Generating plan for constrained problem (with LiftedTCORE).

2025-08-13 10:13:41,105 - INFO - LiftedTCORE compilation time: 2.8052117824554443

2025-08-13 10:13:45,237 - INFO - Planning Time with LiftedTCORE's file: 4.131422996520996

