2025-08-13 09:19:18,397 - INFO - 
================= Seed: 1011 =================

2025-08-13 09:19:18,397 - INFO - problem name = alfred

types = [ReceptacleType, ObjectType, Checkable, Agent - Checkable, Location - Checkable, Receptacle - Checkable, Obj - Checkable]

fluents = [
  bool atLocation[a=Agent - Checkable, l=Location - Checkable]
  bool receptacleAtLocation[r=Receptacle - Checkable, l=Location - Checkable]
  bool objectAtLocation[o=Obj - Checkable, l=Location - Checkable]
  bool openable[r=Receptacle - Checkable]
  bool opened[r=Receptacle - Checkable]
  bool inReceptacle[o=Obj - Checkable, r=Receptacle - Checkable]
  bool isReceptacleObject[o=Obj - Checkable]
  bool inReceptacleObject[innerObject=Obj - Checkable, outObject=Obj - Checkable]
  bool isReceptacleObjectFull[o=Obj - Checkable]
  bool wasInReceptacle[o=Obj - Checkable, r=Receptacle - Checkable]
  bool checked[c=Checkable]
  bool examined[l=Location - Checkable]
  bool receptacleType[r=Receptacle - Checkable, rt=ReceptacleType]
  bool canContain[rt=ReceptacleType, ot=ObjectType]
  bool objectType[o=Obj - Checkable, t=ObjectType]
  bool holds[a=Agent - Checkable, o=Obj - Checkable]
  bool holdsAny[a=Agent - Checkable]
  bool holdsAnyReceptacleObject[a=Agent - Checkable]
  bool full[r=Receptacle - Checkable]
  bool isClean[o=Obj - Checkable]
  bool cleanable[o=Obj - Checkable]
  bool isHot[o=Obj - Checkable]
  bool heatable[o=Obj - Checkable]
  bool isCool[o=Obj - Checkable]
  bool coolable[o=Obj - Checkable]
  bool pickupable[o=Obj - Checkable]
  bool moveable[o=Obj - Checkable]
  bool toggleable[o=Obj - Checkable]
  bool isOn[o=Obj - Checkable]
  bool isToggled[o=Obj - Checkable]
  bool sliceable[o=Obj - Checkable]
  bool isSliced[o=Obj - Checkable]
]

actions = [
  action look(Agent - Checkable a, Location - Checkable l) {
    preconditions = [
      atLocation(a, l)
    ]
    effects = [
      checked(l) := true
    ]
  }
  action inventory(Agent - Checkable a) {
    preconditions = [
    ]
    effects = [
      checked(a) := true
    ]
  }
  action examineReceptacle(Agent - Checkable a, Receptacle - Checkable r) {
    preconditions = [
      Exists (Location - Checkable l) (atLocation(a, l) and receptacleAtLocation(r, l))
    ]
    effects = [
      checked(r) := true
    ]
  }
  action examineObject(Agent - Checkable a, Obj - Checkable o) {
    preconditions = [
      (Exists (Location - Checkable l) Exists (Receptacle - Checkable r) (atLocation(a, l) and receptacleAtLocation(r, l) and inReceptacle(o, r) and ((not openable(r)) or opened(r))) or holds(a, o))
    ]
    effects = [
      checked(o) := true
    ]
  }
  action goToLocation(Agent - Checkable a, Location - Checkable lstart, Location - Checkable lend) {
    preconditions = [
      atLocation(a, lstart)
    ]
    effects = [
      atLocation(a, lstart) := false
      atLocation(a, lend) := true
    ]
  }
  action openObject(Agent - Checkable a, Location - Checkable l, Receptacle - Checkable r) {
    preconditions = [
      (openable(r) and atLocation(a, l) and receptacleAtLocation(r, l) and (not opened(r)))
    ]
    effects = [
      opened(r) := true
      checked(r) := true
    ]
  }
  action closeObject(Agent - Checkable a, Location - Checkable l, Receptacle - Checkable r) {
    preconditions = [
      (openable(r) and atLocation(a, l) and receptacleAtLocation(r, l) and opened(r))
    ]
    effects = [
      opened(r) := false
    ]
  }
  action pickupObject(Agent - Checkable a, Location - Checkable l, Obj - Checkable o, Receptacle - Checkable r) {
    preconditions = [
      (pickupable(o) and atLocation(a, l) and receptacleAtLocation(r, l) and inReceptacle(o, r) and (not holdsAny(a)) and ((not openable(r)) or opened(r)))
    ]
    effects = [
      inReceptacle(o, r) := false
      holds(a, o) := true
      holdsAny(a) := true
      objectAtLocation(o, l) := false
    ]
  }
  action putObject(Agent - Checkable a, Location - Checkable l, Obj - Checkable o, Receptacle - Checkable r, ObjectType ot, ReceptacleType rt) {
    preconditions = [
      (holds(a, o) and atLocation(a, l) and receptacleAtLocation(r, l) and ((not openable(r)) or opened(r)) and objectType(o, ot) and receptacleType(r, rt) and canContain(rt, ot))
    ]
    effects = [
      inReceptacle(o, r) := true
      objectAtLocation(o, l) := true
      holds(a, o) := false
      holdsAny(a) := false
    ]
  }
  action cleanObject(Agent - Checkable a, Location - Checkable l, Receptacle - Checkable r, Obj - Checkable o) {
    preconditions = [
      (cleanable(o) and receptacleType(r, sinkBasinType) and atLocation(a, l) and receptacleAtLocation(r, l) and holds(a, o))
    ]
    effects = [
      isClean(o) := true
    ]
  }
  action heatObject(Agent - Checkable a, Location - Checkable l, Receptacle - Checkable r, Obj - Checkable o) {
    preconditions = [
      (heatable(o) and receptacleType(r, microwaveType) and atLocation(a, l) and receptacleAtLocation(r, l) and holds(a, o))
    ]
    effects = [
      isHot(o) := true
      isCool(o) := false
    ]
  }
  action coolObject(Agent - Checkable a, Location - Checkable l, Receptacle - Checkable r, Obj - Checkable o) {
    preconditions = [
      (coolable(o) and receptacleType(r, fridgeType) and atLocation(a, l) and receptacleAtLocation(r, l) and holds(a, o))
    ]
    effects = [
      isCool(o) := true
      isHot(o) := false
    ]
  }
  action toggleObject(Agent - Checkable a, Location - Checkable l, Obj - Checkable o, Receptacle - Checkable r) {
    preconditions = [
      (toggleable(o) and atLocation(a, l) and receptacleAtLocation(r, l) and inReceptacle(o, r))
    ]
    effects = [
      if isOn(o) then isOn(o) := false
      if (not isOn(o)) then isOn(o) := true
      isToggled(o) := true
    ]
  }
  action sliceObject(Agent - Checkable a, Location - Checkable l, Obj - Checkable co, Obj - Checkable ko) {
    preconditions = [
      (sliceable(co) and (objectType(ko, knifeType) or objectType(ko, butterKnifeType)) and atLocation(a, l) and objectAtLocation(co, l) and holds(a, ko))
    ]
    effects = [
      isSliced(co) := true
    ]
  }
  action help(Agent - Checkable a) {
    preconditions = [
    ]
    effects = [
      checked(a) := true
    ]
  }
]

objects = [
  ReceptacleType: [sinkBasinType, microwaveType, fridgeType, stoveBurnerType, garbageCanType, bathtubBasinType, coffeeTableType, coffeeMachineType, sofaType, sideTableType, diningTableType, deskType, towelHolderType, handTowelHolderType, bedType]
  ObjectType: [knifeType, butterKnifeType, creditCardType, lettuceType, pepperShakerType, glassbottleType, tissueBoxType, breadType, mugType, laptopType, ladleType, wineBottleType, dishSpongeType, candleType, vaseType, towelType, toiletPaperRollType, potType, keyChainType]
  Checkable: [agent1, location1, location2, location3, location4, location5, location6, location7, location8, location9, location10, location11, location12, location13, location14, location15, location16, location17, location18, location19, location20, stoveBurner_1, garbageCan_2, bathtubBasin_3, coffeeTable_4, coffeeMachine_5, sofa_6, sideTable_7, diningTable_8, desk_9, sofa_10, sideTable_11, towelHolder_12, garbageCan_13, coffeeMachine_14, sinkBasin_15, sideTable_16, sofa_17, handTowelHolder_18, bed_19, desk_20, microwave_21, fridge_22, creditCard_1, lettuce_2, pepperShaker_3, glassbottle_4, tissueBox_5, lettuce_6, bread_7, mug_8, laptop_9, ladle_10, wineBottle_11, dishSponge_12, candle_13, vase_14, towel_15, toiletPaperRoll_16, pot_17, keyChain_18, laptop_19, pot_20]
  Agent - Checkable: [agent1]
  Location - Checkable: [location1, location2, location3, location4, location5, location6, location7, location8, location9, location10, location11, location12, location13, location14, location15, location16, location17, location18, location19, location20]
  Receptacle - Checkable: [stoveBurner_1, garbageCan_2, bathtubBasin_3, coffeeTable_4, coffeeMachine_5, sofa_6, sideTable_7, diningTable_8, desk_9, sofa_10, sideTable_11, towelHolder_12, garbageCan_13, coffeeMachine_14, sinkBasin_15, sideTable_16, sofa_17, handTowelHolder_18, bed_19, desk_20, microwave_21, fridge_22]
  Obj - Checkable: [creditCard_1, lettuce_2, pepperShaker_3, glassbottle_4, tissueBox_5, lettuce_6, bread_7, mug_8, laptop_9, ladle_10, wineBottle_11, dishSponge_12, candle_13, vase_14, towel_15, toiletPaperRoll_16, pot_17, keyChain_18, laptop_19, pot_20]
]

initial fluents default = [
  bool atLocation[a=Agent - Checkable, l=Location - Checkable] := false
  bool receptacleAtLocation[r=Receptacle - Checkable, l=Location - Checkable] := false
  bool objectAtLocation[o=Obj - Checkable, l=Location - Checkable] := false
  bool openable[r=Receptacle - Checkable] := false
  bool opened[r=Receptacle - Checkable] := false
  bool inReceptacle[o=Obj - Checkable, r=Receptacle - Checkable] := false
  bool isReceptacleObject[o=Obj - Checkable] := false
  bool inReceptacleObject[innerObject=Obj - Checkable, outObject=Obj - Checkable] := false
  bool isReceptacleObjectFull[o=Obj - Checkable] := false
  bool wasInReceptacle[o=Obj - Checkable, r=Receptacle - Checkable] := false
  bool checked[c=Checkable] := false
  bool examined[l=Location - Checkable] := false
  bool receptacleType[r=Receptacle - Checkable, rt=ReceptacleType] := false
  bool canContain[rt=ReceptacleType, ot=ObjectType] := false
  bool objectType[o=Obj - Checkable, t=ObjectType] := false
  bool holds[a=Agent - Checkable, o=Obj - Checkable] := false
  bool holdsAny[a=Agent - Checkable] := false
  bool holdsAnyReceptacleObject[a=Agent - Checkable] := false
  bool full[r=Receptacle - Checkable] := false
  bool isClean[o=Obj - Checkable] := false
  bool cleanable[o=Obj - Checkable] := false
  bool isHot[o=Obj - Checkable] := false
  bool heatable[o=Obj - Checkable] := false
  bool isCool[o=Obj - Checkable] := false
  bool coolable[o=Obj - Checkable] := false
  bool pickupable[o=Obj - Checkable] := false
  bool moveable[o=Obj - Checkable] := false
  bool toggleable[o=Obj - Checkable] := false
  bool isOn[o=Obj - Checkable] := false
  bool isToggled[o=Obj - Checkable] := false
  bool sliceable[o=Obj - Checkable] := false
  bool isSliced[o=Obj - Checkable] := false
]

initial values = [
  receptacleType(stoveBurner_1, stoveBurnerType) := true
  receptacleType(garbageCan_2, garbageCanType) := true
  receptacleType(bathtubBasin_3, bathtubBasinType) := true
  receptacleType(coffeeTable_4, coffeeTableType) := true
  receptacleType(coffeeMachine_5, coffeeMachineType) := true
  receptacleType(sofa_6, sofaType) := true
  receptacleType(sideTable_7, sideTableType) := true
  receptacleType(diningTable_8, diningTableType) := true
  receptacleType(desk_9, deskType) := true
  receptacleType(sofa_10, sofaType) := true
  receptacleType(sideTable_11, sideTableType) := true
  receptacleType(towelHolder_12, towelHolderType) := true
  receptacleType(garbageCan_13, garbageCanType) := true
  receptacleType(coffeeMachine_14, coffeeMachineType) := true
  receptacleType(sinkBasin_15, sinkBasinType) := true
  receptacleType(sideTable_16, sideTableType) := true
  receptacleType(sofa_17, sofaType) := true
  receptacleType(handTowelHolder_18, handTowelHolderType) := true
  receptacleType(bed_19, bedType) := true
  receptacleType(desk_20, deskType) := true
  receptacleType(microwave_21, microwaveType) := true
  receptacleType(fridge_22, fridgeType) := true
  objectType(creditCard_1, creditCardType) := true
  objectType(lettuce_2, lettuceType) := true
  objectType(pepperShaker_3, pepperShakerType) := true
  objectType(glassbottle_4, glassbottleType) := true
  objectType(tissueBox_5, tissueBoxType) := true
  objectType(lettuce_6, lettuceType) := true
  objectType(bread_7, breadType) := true
  objectType(mug_8, mugType) := true
  objectType(laptop_9, laptopType) := true
  objectType(ladle_10, ladleType) := true
  objectType(wineBottle_11, wineBottleType) := true
  objectType(dishSponge_12, dishSpongeType) := true
  objectType(candle_13, candleType) := true
  objectType(vase_14, vaseType) := true
  objectType(towel_15, towelType) := true
  objectType(toiletPaperRoll_16, toiletPaperRollType) := true
  objectType(pot_17, potType) := true
  objectType(keyChain_18, keyChainType) := true
  objectType(laptop_19, laptopType) := true
  objectType(pot_20, potType) := true
  canContain(stoveBurnerType, potType) := true
  canContain(garbageCanType, lettuceType) := true
  canContain(garbageCanType, tissueBoxType) := true
  canContain(garbageCanType, breadType) := true
  canContain(garbageCanType, wineBottleType) := true
  canContain(garbageCanType, dishSpongeType) := true
  canContain(garbageCanType, toiletPaperRollType) := true
  canContain(bathtubBasinType, dishSpongeType) := true
  canContain(coffeeTableType, creditCardType) := true
  canContain(coffeeTableType, lettuceType) := true
  canContain(coffeeTableType, pepperShakerType) := true
  canContain(coffeeTableType, glassbottleType) := true
  canContain(coffeeTableType, tissueBoxType) := true
  canContain(coffeeTableType, breadType) := true
  canContain(coffeeTableType, mugType) := true
  canContain(coffeeTableType, laptopType) := true
  canContain(coffeeTableType, ladleType) := true
  canContain(coffeeTableType, wineBottleType) := true
  canContain(coffeeTableType, dishSpongeType) := true
  canContain(coffeeTableType, candleType) := true
  canContain(coffeeTableType, vaseType) := true
  canContain(coffeeTableType, toiletPaperRollType) := true
  canContain(coffeeTableType, potType) := true
  canContain(coffeeTableType, keyChainType) := true
  canContain(coffeeMachineType, mugType) := true
  canContain(sofaType, creditCardType) := true
  canContain(sofaType, laptopType) := true
  canContain(sofaType, keyChainType) := true
  canContain(sideTableType, creditCardType) := true
  canContain(sideTableType, lettuceType) := true
  canContain(sideTableType, pepperShakerType) := true
  canContain(sideTableType, glassbottleType) := true
  canContain(sideTableType, tissueBoxType) := true
  canContain(sideTableType, breadType) := true
  canContain(sideTableType, mugType) := true
  canContain(sideTableType, laptopType) := true
  canContain(sideTableType, ladleType) := true
  canContain(sideTableType, wineBottleType) := true
  canContain(sideTableType, dishSpongeType) := true
  canContain(sideTableType, candleType) := true
  canContain(sideTableType, vaseType) := true
  canContain(sideTableType, toiletPaperRollType) := true
  canContain(sideTableType, potType) := true
  canContain(sideTableType, keyChainType) := true
  canContain(diningTableType, creditCardType) := true
  canContain(diningTableType, lettuceType) := true
  canContain(diningTableType, pepperShakerType) := true
  canContain(diningTableType, glassbottleType) := true
  canContain(diningTableType, tissueBoxType) := true
  canContain(diningTableType, breadType) := true
  canContain(diningTableType, mugType) := true
  canContain(diningTableType, laptopType) := true
  canContain(diningTableType, ladleType) := true
  canContain(diningTableType, wineBottleType) := true
  canContain(diningTableType, dishSpongeType) := true
  canContain(diningTableType, candleType) := true
  canContain(diningTableType, vaseType) := true
  canContain(diningTableType, toiletPaperRollType) := true
  canContain(diningTableType, potType) := true
  canContain(diningTableType, keyChainType) := true
  canContain(deskType, creditCardType) := true
  canContain(deskType, glassbottleType) := true
  canContain(deskType, tissueBoxType) := true
  canContain(deskType, mugType) := true
  canContain(deskType, laptopType) := true
  canContain(deskType, wineBottleType) := true
  canContain(deskType, candleType) := true
  canContain(deskType, vaseType) := true
  canContain(deskType, toiletPaperRollType) := true
  canContain(deskType, keyChainType) := true
  canContain(towelHolderType, towelType) := true
  canContain(sinkBasinType, lettuceType) := true
  canContain(sinkBasinType, glassbottleType) := true
  canContain(sinkBasinType, mugType) := true
  canContain(sinkBasinType, ladleType) := true
  canContain(sinkBasinType, dishSpongeType) := true
  canContain(sinkBasinType, potType) := true
  canContain(bedType, laptopType) := true
  canContain(microwaveType, glassbottleType) := true
  canContain(microwaveType, breadType) := true
  canContain(microwaveType, mugType) := true
  canContain(fridgeType, lettuceType) := true
  canContain(fridgeType, glassbottleType) := true
  canContain(fridgeType, breadType) := true
  canContain(fridgeType, mugType) := true
  canContain(fridgeType, wineBottleType) := true
  canContain(fridgeType, potType) := true
  pickupable(creditCard_1) := true
  pickupable(lettuce_2) := true
  cleanable(lettuce_2) := true
  coolable(lettuce_2) := true
  sliceable(lettuce_2) := true
  pickupable(pepperShaker_3) := true
  pickupable(glassbottle_4) := true
  pickupable(tissueBox_5) := true
  pickupable(lettuce_6) := true
  cleanable(lettuce_6) := true
  coolable(lettuce_6) := true
  sliceable(lettuce_6) := true
  pickupable(bread_7) := true
  heatable(bread_7) := true
  coolable(bread_7) := true
  sliceable(bread_7) := true
  pickupable(mug_8) := true
  isReceptacleObject(mug_8) := true
  cleanable(mug_8) := true
  heatable(mug_8) := true
  coolable(mug_8) := true
  pickupable(laptop_9) := true
  pickupable(ladle_10) := true
  cleanable(ladle_10) := true
  pickupable(wineBottle_11) := true
  pickupable(dishSponge_12) := true
  cleanable(dishSponge_12) := true
  pickupable(candle_13) := true
  pickupable(vase_14) := true
  pickupable(towel_15) := true
  pickupable(toiletPaperRoll_16) := true
  pickupable(pot_17) := true
  isReceptacleObject(pot_17) := true
  cleanable(pot_17) := true
  coolable(pot_17) := true
  pickupable(keyChain_18) := true
  pickupable(laptop_19) := true
  pickupable(pot_20) := true
  isReceptacleObject(pot_20) := true
  cleanable(pot_20) := true
  coolable(pot_20) := true
  receptacleAtLocation(stoveBurner_1, location5) := true
  receptacleAtLocation(garbageCan_2, location16) := true
  receptacleAtLocation(bathtubBasin_3, location3) := true
  receptacleAtLocation(coffeeTable_4, location5) := true
  receptacleAtLocation(coffeeMachine_5, location14) := true
  receptacleAtLocation(sofa_6, location7) := true
  receptacleAtLocation(sideTable_7, location9) := true
  receptacleAtLocation(diningTable_8, location10) := true
  receptacleAtLocation(desk_9, location6) := true
  receptacleAtLocation(sofa_10, location4) := true
  receptacleAtLocation(sideTable_11, location17) := true
  receptacleAtLocation(towelHolder_12, location16) := true
  receptacleAtLocation(garbageCan_13, location14) := true
  receptacleAtLocation(coffeeMachine_14, location2) := true
  receptacleAtLocation(sinkBasin_15, location6) := true
  receptacleAtLocation(sideTable_16, location6) := true
  receptacleAtLocation(sofa_17, location12) := true
  receptacleAtLocation(handTowelHolder_18, location5) := true
  receptacleAtLocation(bed_19, location5) := true
  receptacleAtLocation(desk_20, location5) := true
  receptacleAtLocation(microwave_21, location12) := true
  receptacleAtLocation(fridge_22, location5) := true
  inReceptacle(creditCard_1, sideTable_7) := true
  inReceptacle(lettuce_2, sideTable_7) := true
  inReceptacle(pepperShaker_3, diningTable_8) := true
  inReceptacle(glassbottle_4, sideTable_7) := true
  inReceptacle(tissueBox_5, sideTable_16) := true
  inReceptacle(lettuce_6, sinkBasin_15) := true
  inReceptacle(bread_7, sideTable_11) := true
  inReceptacle(mug_8, coffeeMachine_5) := true
  inReceptacle(laptop_9, sideTable_11) := true
  inReceptacle(ladle_10, sinkBasin_15) := true
  inReceptacle(wineBottle_11, sideTable_16) := true
  inReceptacle(dishSponge_12, coffeeTable_4) := true
  inReceptacle(candle_13, desk_20) := true
  inReceptacle(vase_14, desk_9) := true
  inReceptacle(towel_15, towelHolder_12) := true
  inReceptacle(toiletPaperRoll_16, sideTable_11) := true
  inReceptacle(pot_17, coffeeTable_4) := true
  inReceptacle(keyChain_18, coffeeTable_4) := true
  inReceptacle(laptop_19, desk_20) := true
  inReceptacle(pot_20, sideTable_11) := true
  objectAtLocation(creditCard_1, location9) := true
  objectAtLocation(lettuce_2, location9) := true
  objectAtLocation(pepperShaker_3, location10) := true
  objectAtLocation(glassbottle_4, location9) := true
  objectAtLocation(tissueBox_5, location6) := true
  objectAtLocation(lettuce_6, location6) := true
  objectAtLocation(bread_7, location17) := true
  objectAtLocation(mug_8, location14) := true
  objectAtLocation(laptop_9, location17) := true
  objectAtLocation(ladle_10, location6) := true
  objectAtLocation(wineBottle_11, location6) := true
  objectAtLocation(dishSponge_12, location5) := true
  objectAtLocation(candle_13, location5) := true
  objectAtLocation(vase_14, location6) := true
  objectAtLocation(towel_15, location16) := true
  objectAtLocation(toiletPaperRoll_16, location17) := true
  objectAtLocation(pot_17, location5) := true
  objectAtLocation(keyChain_18, location5) := true
  objectAtLocation(laptop_19, location5) := true
  objectAtLocation(pot_20, location17) := true
  atLocation(agent1, location2) := true
]

goals = [
  Exists (Receptacle - Checkable r) Exists (Obj - Checkable o1) (inReceptacle(o1, r) and objectType(o1, potType) and receptacleType(r, sideTableType) and Exists (Obj - Checkable o2) ((not (o1 == o2)) and objectType(o2, creditCardType) and receptacleType(r, sideTableType) and inReceptacle(o2, r)))
]

quality metrics = [
  minimize sequential-plan-length
]


2025-08-13 09:19:18,402 - INFO - Generating plan for unconstrained problem

2025-08-13 09:19:19,084 - INFO - Unconstrained plan generation time: 0.6816332340240479

2025-08-13 09:19:19,084 - INFO - Unconstrained plan and cost: 
2025-08-13 09:19:19,084 - INFO - SequentialPlan:
    goToLocation(agent1, location2, location17)
    pickupObject(agent1, location17, pot_20, sideTable_11)
    goToLocation(agent1, location17, location9)
    putObject(agent1, location9, pot_20, sideTable_7, potType, sideTableType)
2025-08-13 09:19:19,084 - INFO - 4
2025-08-13 09:19:25,466 - INFO - Sampled constraints:

2025-08-13 09:19:25,466 - INFO - Sometime(holdsAny(agent1))
2025-08-13 09:19:25,466 - INFO - Sometime-Before(holdsAny(agent1), objectAtLocation(creditCard_1, location4))
2025-08-13 09:19:25,466 - INFO - Sometime(objectAtLocation(pot_20, location17))
2025-08-13 09:19:25,466 - INFO - Sometime-After(objectAtLocation(pot_20, location17), inReceptacleObject(mug_8, tissueBox_5))
2025-08-13 09:19:25,466 - INFO - Sometime(objectAtLocation(laptop_19, location1))
2025-08-13 09:19:25,466 - INFO - Sometime(atLocation(agent1, location9))
2025-08-13 09:19:25,466 - INFO - Sometime-Before(atLocation(agent1, location9), (checked(location20) or inReceptacleObject(mug_8, dishSponge_12)))
2025-08-13 09:19:25,466 - INFO - Sometime((inReceptacleObject(laptop_19, vase_14) and holds(agent1, pepperShaker_3)))
2025-08-13 09:19:25,466 - INFO - Sometime(objectAtLocation(bread_7, location15))
2025-08-13 09:19:25,467 - INFO - Sometime((objectAtLocation(pot_17, location20) or objectAtLocation(ladle_10, location20)))
2025-08-13 09:19:25,467 - INFO - Sometime((atLocation(agent1, location8) or objectAtLocation(lettuce_2, location10)))
2025-08-13 09:19:25,467 - INFO - Sometime(atLocation(agent1, location17))
2025-08-13 09:19:25,467 - INFO - Sometime-After(atLocation(agent1, location17), holds(agent1, towel_15))
2025-08-13 09:19:25,467 - INFO - Sometime(holds(agent1, lettuce_6))
2025-08-13 09:19:25,467 - INFO - 
2025-08-13 09:19:25,467 - INFO - Generation time: 6.381813287734985

2025-08-13 09:19:25,468 - INFO - Generating plan for constrained problem (with LiftedTCORE).

2025-08-13 09:19:25,935 - INFO - LiftedTCORE compilation time: 0.4673483371734619

2025-08-13 09:19:27,569 - INFO - Planning Time with LiftedTCORE's file: 1.6330711841583252

