2025-08-13 11:01:12,003 - INFO - 
================= Seed: 1248 =================

2025-08-13 11:01:12,003 - INFO - problem name = alfred

types = [ReceptacleType, ObjectType, Checkable, Agent - Checkable, Location - Checkable, Receptacle - Checkable, Obj - Checkable]

fluents = [
  bool atLocation[a=Agent - Checkable, l=Location - Checkable]
  bool receptacleAtLocation[r=Receptacle - Checkable, l=Location - Checkable]
  bool objectAtLocation[o=Obj - Checkable, l=Location - Checkable]
  bool openable[r=Receptacle - Checkable]
  bool opened[r=Receptacle - Checkable]
  bool inReceptacle[o=Obj - Checkable, r=Receptacle - Checkable]
  bool isReceptacleObject[o=Obj - Checkable]
  bool inReceptacleObject[innerObject=Obj - Checkable, outObject=Obj - Checkable]
  bool isReceptacleObjectFull[o=Obj - Checkable]
  bool wasInReceptacle[o=Obj - Checkable, r=Receptacle - Checkable]
  bool checked[c=Checkable]
  bool examined[l=Location - Checkable]
  bool receptacleType[r=Receptacle - Checkable, rt=ReceptacleType]
  bool canContain[rt=ReceptacleType, ot=ObjectType]
  bool objectType[o=Obj - Checkable, t=ObjectType]
  bool holds[a=Agent - Checkable, o=Obj - Checkable]
  bool holdsAny[a=Agent - Checkable]
  bool holdsAnyReceptacleObject[a=Agent - Checkable]
  bool full[r=Receptacle - Checkable]
  bool isClean[o=Obj - Checkable]
  bool cleanable[o=Obj - Checkable]
  bool isHot[o=Obj - Checkable]
  bool heatable[o=Obj - Checkable]
  bool isCool[o=Obj - Checkable]
  bool coolable[o=Obj - Checkable]
  bool pickupable[o=Obj - Checkable]
  bool moveable[o=Obj - Checkable]
  bool toggleable[o=Obj - Checkable]
  bool isOn[o=Obj - Checkable]
  bool isToggled[o=Obj - Checkable]
  bool sliceable[o=Obj - Checkable]
  bool isSliced[o=Obj - Checkable]
]

actions = [
  action look(Agent - Checkable a, Location - Checkable l) {
    preconditions = [
      atLocation(a, l)
    ]
    effects = [
      checked(l) := true
    ]
  }
  action inventory(Agent - Checkable a) {
    preconditions = [
    ]
    effects = [
      checked(a) := true
    ]
  }
  action examineReceptacle(Agent - Checkable a, Receptacle - Checkable r) {
    preconditions = [
      Exists (Location - Checkable l) (atLocation(a, l) and receptacleAtLocation(r, l))
    ]
    effects = [
      checked(r) := true
    ]
  }
  action examineObject(Agent - Checkable a, Obj - Checkable o) {
    preconditions = [
      (Exists (Location - Checkable l) Exists (Receptacle - Checkable r) (atLocation(a, l) and receptacleAtLocation(r, l) and inReceptacle(o, r) and ((not openable(r)) or opened(r))) or holds(a, o))
    ]
    effects = [
      checked(o) := true
    ]
  }
  action goToLocation(Agent - Checkable a, Location - Checkable lstart, Location - Checkable lend) {
    preconditions = [
      atLocation(a, lstart)
    ]
    effects = [
      atLocation(a, lstart) := false
      atLocation(a, lend) := true
    ]
  }
  action openObject(Agent - Checkable a, Location - Checkable l, Receptacle - Checkable r) {
    preconditions = [
      (openable(r) and atLocation(a, l) and receptacleAtLocation(r, l) and (not opened(r)))
    ]
    effects = [
      opened(r) := true
      checked(r) := true
    ]
  }
  action closeObject(Agent - Checkable a, Location - Checkable l, Receptacle - Checkable r) {
    preconditions = [
      (openable(r) and atLocation(a, l) and receptacleAtLocation(r, l) and opened(r))
    ]
    effects = [
      opened(r) := false
    ]
  }
  action pickupObject(Agent - Checkable a, Location - Checkable l, Obj - Checkable o, Receptacle - Checkable r) {
    preconditions = [
      (pickupable(o) and atLocation(a, l) and receptacleAtLocation(r, l) and inReceptacle(o, r) and (not holdsAny(a)) and ((not openable(r)) or opened(r)))
    ]
    effects = [
      inReceptacle(o, r) := false
      holds(a, o) := true
      holdsAny(a) := true
      objectAtLocation(o, l) := false
    ]
  }
  action putObject(Agent - Checkable a, Location - Checkable l, Obj - Checkable o, Receptacle - Checkable r, ObjectType ot, ReceptacleType rt) {
    preconditions = [
      (holds(a, o) and atLocation(a, l) and receptacleAtLocation(r, l) and ((not openable(r)) or opened(r)) and objectType(o, ot) and receptacleType(r, rt) and canContain(rt, ot))
    ]
    effects = [
      inReceptacle(o, r) := true
      objectAtLocation(o, l) := true
      holds(a, o) := false
      holdsAny(a) := false
    ]
  }
  action cleanObject(Agent - Checkable a, Location - Checkable l, Receptacle - Checkable r, Obj - Checkable o) {
    preconditions = [
      (cleanable(o) and receptacleType(r, sinkBasinType) and atLocation(a, l) and receptacleAtLocation(r, l) and holds(a, o))
    ]
    effects = [
      isClean(o) := true
    ]
  }
  action heatObject(Agent - Checkable a, Location - Checkable l, Receptacle - Checkable r, Obj - Checkable o) {
    preconditions = [
      (heatable(o) and receptacleType(r, microwaveType) and atLocation(a, l) and receptacleAtLocation(r, l) and holds(a, o))
    ]
    effects = [
      isHot(o) := true
      isCool(o) := false
    ]
  }
  action coolObject(Agent - Checkable a, Location - Checkable l, Receptacle - Checkable r, Obj - Checkable o) {
    preconditions = [
      (coolable(o) and receptacleType(r, fridgeType) and atLocation(a, l) and receptacleAtLocation(r, l) and holds(a, o))
    ]
    effects = [
      isCool(o) := true
      isHot(o) := false
    ]
  }
  action toggleObject(Agent - Checkable a, Location - Checkable l, Obj - Checkable o, Receptacle - Checkable r) {
    preconditions = [
      (toggleable(o) and atLocation(a, l) and receptacleAtLocation(r, l) and inReceptacle(o, r))
    ]
    effects = [
      if isOn(o) then isOn(o) := false
      if (not isOn(o)) then isOn(o) := true
      isToggled(o) := true
    ]
  }
  action sliceObject(Agent - Checkable a, Location - Checkable l, Obj - Checkable co, Obj - Checkable ko) {
    preconditions = [
      (sliceable(co) and (objectType(ko, knifeType) or objectType(ko, butterKnifeType)) and atLocation(a, l) and objectAtLocation(co, l) and holds(a, ko))
    ]
    effects = [
      isSliced(co) := true
    ]
  }
  action help(Agent - Checkable a) {
    preconditions = [
    ]
    effects = [
      checked(a) := true
    ]
  }
]

objects = [
  ReceptacleType: [sinkBasinType, microwaveType, fridgeType, bathtubBasinType, sofaType, toasterType, towelHolderType]
  ObjectType: [knifeType, butterKnifeType, basketBallType, bookType, breadType, bowlType, potType]
  Checkable: [agent1, location1, location2, location3, location4, location5, bathtubBasin_1, sofa_2, toaster_3, towelHolder_4, towelHolder_5, microwave_6, fridge_7, basketBall_1, book_2, bread_3, bowl_4, pot_5]
  Agent - Checkable: [agent1]
  Location - Checkable: [location1, location2, location3, location4, location5]
  Receptacle - Checkable: [bathtubBasin_1, sofa_2, toaster_3, towelHolder_4, towelHolder_5, microwave_6, fridge_7]
  Obj - Checkable: [basketBall_1, book_2, bread_3, bowl_4, pot_5]
]

initial fluents default = [
  bool atLocation[a=Agent - Checkable, l=Location - Checkable] := false
  bool receptacleAtLocation[r=Receptacle - Checkable, l=Location - Checkable] := false
  bool objectAtLocation[o=Obj - Checkable, l=Location - Checkable] := false
  bool openable[r=Receptacle - Checkable] := false
  bool opened[r=Receptacle - Checkable] := false
  bool inReceptacle[o=Obj - Checkable, r=Receptacle - Checkable] := false
  bool isReceptacleObject[o=Obj - Checkable] := false
  bool inReceptacleObject[innerObject=Obj - Checkable, outObject=Obj - Checkable] := false
  bool isReceptacleObjectFull[o=Obj - Checkable] := false
  bool wasInReceptacle[o=Obj - Checkable, r=Receptacle - Checkable] := false
  bool checked[c=Checkable] := false
  bool examined[l=Location - Checkable] := false
  bool receptacleType[r=Receptacle - Checkable, rt=ReceptacleType] := false
  bool canContain[rt=ReceptacleType, ot=ObjectType] := false
  bool objectType[o=Obj - Checkable, t=ObjectType] := false
  bool holds[a=Agent - Checkable, o=Obj - Checkable] := false
  bool holdsAny[a=Agent - Checkable] := false
  bool holdsAnyReceptacleObject[a=Agent - Checkable] := false
  bool full[r=Receptacle - Checkable] := false
  bool isClean[o=Obj - Checkable] := false
  bool cleanable[o=Obj - Checkable] := false
  bool isHot[o=Obj - Checkable] := false
  bool heatable[o=Obj - Checkable] := false
  bool isCool[o=Obj - Checkable] := false
  bool coolable[o=Obj - Checkable] := false
  bool pickupable[o=Obj - Checkable] := false
  bool moveable[o=Obj - Checkable] := false
  bool toggleable[o=Obj - Checkable] := false
  bool isOn[o=Obj - Checkable] := false
  bool isToggled[o=Obj - Checkable] := false
  bool sliceable[o=Obj - Checkable] := false
  bool isSliced[o=Obj - Checkable] := false
]

initial values = [
  receptacleType(bathtubBasin_1, bathtubBasinType) := true
  receptacleType(sofa_2, sofaType) := true
  receptacleType(toaster_3, toasterType) := true
  receptacleType(towelHolder_4, towelHolderType) := true
  receptacleType(towelHolder_5, towelHolderType) := true
  receptacleType(microwave_6, microwaveType) := true
  receptacleType(fridge_7, fridgeType) := true
  objectType(basketBall_1, basketBallType) := true
  objectType(book_2, bookType) := true
  objectType(bread_3, breadType) := true
  objectType(bowl_4, bowlType) := true
  objectType(pot_5, potType) := true
  canContain(sofaType, basketBallType) := true
  canContain(sofaType, bookType) := true
  canContain(microwaveType, breadType) := true
  canContain(microwaveType, bowlType) := true
  canContain(fridgeType, breadType) := true
  canContain(fridgeType, bowlType) := true
  canContain(fridgeType, potType) := true
  pickupable(basketBall_1) := true
  pickupable(book_2) := true
  pickupable(bread_3) := true
  heatable(bread_3) := true
  coolable(bread_3) := true
  sliceable(bread_3) := true
  pickupable(bowl_4) := true
  isReceptacleObject(bowl_4) := true
  cleanable(bowl_4) := true
  coolable(bowl_4) := true
  pickupable(pot_5) := true
  isReceptacleObject(pot_5) := true
  cleanable(pot_5) := true
  coolable(pot_5) := true
  receptacleAtLocation(bathtubBasin_1, location3) := true
  receptacleAtLocation(sofa_2, location3) := true
  receptacleAtLocation(toaster_3, location5) := true
  receptacleAtLocation(towelHolder_4, location2) := true
  receptacleAtLocation(towelHolder_5, location5) := true
  receptacleAtLocation(microwave_6, location1) := true
  receptacleAtLocation(fridge_7, location4) := true
  inReceptacle(basketBall_1, sofa_2) := true
  inReceptacle(book_2, sofa_2) := true
  inReceptacle(bread_3, microwave_6) := true
  inReceptacle(bowl_4, microwave_6) := true
  inReceptacle(pot_5, fridge_7) := true
  objectAtLocation(basketBall_1, location3) := true
  objectAtLocation(book_2, location3) := true
  objectAtLocation(bread_3, location1) := true
  objectAtLocation(bowl_4, location1) := true
  objectAtLocation(pot_5, location4) := true
  atLocation(agent1, location3) := true
]

goals = [
  Exists (Receptacle - Checkable r) Exists (Obj - Checkable o) (heatable(o) and objectType(o, breadType) and receptacleType(r, microwaveType) and isHot(o) and inReceptacle(o, r))
]

quality metrics = [
  minimize sequential-plan-length
]


2025-08-13 11:01:12,008 - INFO - Generating plan for unconstrained problem

2025-08-13 11:01:12,442 - INFO - Unconstrained plan generation time: 0.4346139430999756

2025-08-13 11:01:12,442 - INFO - Unconstrained plan and cost: 
2025-08-13 11:01:12,442 - INFO - SequentialPlan:
    goToLocation(agent1, location3, location1)
    pickupObject(agent1, location1, bread_3, microwave_6)
    heatObject(agent1, location1, microwave_6, bread_3)
    putObject(agent1, location1, bread_3, microwave_6, breadType, microwaveType)
2025-08-13 11:01:12,443 - INFO - 4
2025-08-13 11:01:13,963 - INFO - Sampled constraints:

2025-08-13 11:01:13,963 - INFO - Sometime(holds(agent1, bread_3))
2025-08-13 11:01:13,963 - INFO - Sometime-Before(holds(agent1, bread_3), checked(microwave_6))
2025-08-13 11:01:13,963 - INFO - Sometime(checked(location1))
2025-08-13 11:01:13,963 - INFO - Sometime((atLocation(agent1, location2) or atLocation(agent1, location5)))
2025-08-13 11:01:13,963 - INFO - Sometime(atLocation(agent1, location1))
2025-08-13 11:01:13,963 - INFO - Sometime-Before(atLocation(agent1, location1), (objectAtLocation(bread_3, location5) or holds(agent1, bread_3)))
2025-08-13 11:01:13,963 - INFO - Sometime(objectAtLocation(book_2, location4))
2025-08-13 11:01:13,963 - INFO - Sometime((atLocation(agent1, location5) or checked(location3)))
2025-08-13 11:01:13,963 - INFO - Sometime(atLocation(agent1, location2))
2025-08-13 11:01:13,963 - INFO - Sometime((atLocation(agent1, location5) or atLocation(agent1, location2)))
2025-08-13 11:01:13,964 - INFO - Sometime((checked(location2) or holds(agent1, pot_5)))
2025-08-13 11:01:13,964 - INFO - Sometime((checked(bowl_4) or atLocation(agent1, location4)))
2025-08-13 11:01:13,964 - INFO - 
2025-08-13 11:01:13,964 - INFO - Generation time: 1.5201747417449951

2025-08-13 11:01:13,965 - INFO - Generating plan for constrained problem (with LiftedTCORE).

2025-08-13 11:01:14,034 - INFO - LiftedTCORE compilation time: 0.06945157051086426

2025-08-13 11:01:14,502 - INFO - Planning Time with LiftedTCORE's file: 0.46778059005737305

