2025-08-13 10:13:45,258 - INFO - 
================= Seed: 1105 =================

2025-08-13 10:13:45,258 - INFO - problem name = alfred

types = [ReceptacleType, ObjectType, Checkable, Agent - Checkable, Location - Checkable, Receptacle - Checkable, Obj - Checkable]

fluents = [
  bool atLocation[a=Agent - Checkable, l=Location - Checkable]
  bool receptacleAtLocation[r=Receptacle - Checkable, l=Location - Checkable]
  bool objectAtLocation[o=Obj - Checkable, l=Location - Checkable]
  bool openable[r=Receptacle - Checkable]
  bool opened[r=Receptacle - Checkable]
  bool inReceptacle[o=Obj - Checkable, r=Receptacle - Checkable]
  bool isReceptacleObject[o=Obj - Checkable]
  bool inReceptacleObject[innerObject=Obj - Checkable, outObject=Obj - Checkable]
  bool isReceptacleObjectFull[o=Obj - Checkable]
  bool wasInReceptacle[o=Obj - Checkable, r=Receptacle - Checkable]
  bool checked[c=Checkable]
  bool examined[l=Location - Checkable]
  bool receptacleType[r=Receptacle - Checkable, rt=ReceptacleType]
  bool canContain[rt=ReceptacleType, ot=ObjectType]
  bool objectType[o=Obj - Checkable, t=ObjectType]
  bool holds[a=Agent - Checkable, o=Obj - Checkable]
  bool holdsAny[a=Agent - Checkable]
  bool holdsAnyReceptacleObject[a=Agent - Checkable]
  bool full[r=Receptacle - Checkable]
  bool isClean[o=Obj - Checkable]
  bool cleanable[o=Obj - Checkable]
  bool isHot[o=Obj - Checkable]
  bool heatable[o=Obj - Checkable]
  bool isCool[o=Obj - Checkable]
  bool coolable[o=Obj - Checkable]
  bool pickupable[o=Obj - Checkable]
  bool moveable[o=Obj - Checkable]
  bool toggleable[o=Obj - Checkable]
  bool isOn[o=Obj - Checkable]
  bool isToggled[o=Obj - Checkable]
  bool sliceable[o=Obj - Checkable]
  bool isSliced[o=Obj - Checkable]
]

actions = [
  action look(Agent - Checkable a, Location - Checkable l) {
    preconditions = [
      atLocation(a, l)
    ]
    effects = [
      checked(l) := true
    ]
  }
  action inventory(Agent - Checkable a) {
    preconditions = [
    ]
    effects = [
      checked(a) := true
    ]
  }
  action examineReceptacle(Agent - Checkable a, Receptacle - Checkable r) {
    preconditions = [
      Exists (Location - Checkable l) (atLocation(a, l) and receptacleAtLocation(r, l))
    ]
    effects = [
      checked(r) := true
    ]
  }
  action examineObject(Agent - Checkable a, Obj - Checkable o) {
    preconditions = [
      (Exists (Location - Checkable l) Exists (Receptacle - Checkable r) (atLocation(a, l) and receptacleAtLocation(r, l) and inReceptacle(o, r) and ((not openable(r)) or opened(r))) or holds(a, o))
    ]
    effects = [
      checked(o) := true
    ]
  }
  action goToLocation(Agent - Checkable a, Location - Checkable lstart, Location - Checkable lend) {
    preconditions = [
      atLocation(a, lstart)
    ]
    effects = [
      atLocation(a, lstart) := false
      atLocation(a, lend) := true
    ]
  }
  action openObject(Agent - Checkable a, Location - Checkable l, Receptacle - Checkable r) {
    preconditions = [
      (openable(r) and atLocation(a, l) and receptacleAtLocation(r, l) and (not opened(r)))
    ]
    effects = [
      opened(r) := true
      checked(r) := true
    ]
  }
  action closeObject(Agent - Checkable a, Location - Checkable l, Receptacle - Checkable r) {
    preconditions = [
      (openable(r) and atLocation(a, l) and receptacleAtLocation(r, l) and opened(r))
    ]
    effects = [
      opened(r) := false
    ]
  }
  action pickupObject(Agent - Checkable a, Location - Checkable l, Obj - Checkable o, Receptacle - Checkable r) {
    preconditions = [
      (pickupable(o) and atLocation(a, l) and receptacleAtLocation(r, l) and inReceptacle(o, r) and (not holdsAny(a)) and ((not openable(r)) or opened(r)))
    ]
    effects = [
      inReceptacle(o, r) := false
      holds(a, o) := true
      holdsAny(a) := true
      objectAtLocation(o, l) := false
    ]
  }
  action putObject(Agent - Checkable a, Location - Checkable l, Obj - Checkable o, Receptacle - Checkable r, ObjectType ot, ReceptacleType rt) {
    preconditions = [
      (holds(a, o) and atLocation(a, l) and receptacleAtLocation(r, l) and ((not openable(r)) or opened(r)) and objectType(o, ot) and receptacleType(r, rt) and canContain(rt, ot))
    ]
    effects = [
      inReceptacle(o, r) := true
      objectAtLocation(o, l) := true
      holds(a, o) := false
      holdsAny(a) := false
    ]
  }
  action cleanObject(Agent - Checkable a, Location - Checkable l, Receptacle - Checkable r, Obj - Checkable o) {
    preconditions = [
      (cleanable(o) and receptacleType(r, sinkBasinType) and atLocation(a, l) and receptacleAtLocation(r, l) and holds(a, o))
    ]
    effects = [
      isClean(o) := true
    ]
  }
  action heatObject(Agent - Checkable a, Location - Checkable l, Receptacle - Checkable r, Obj - Checkable o) {
    preconditions = [
      (heatable(o) and receptacleType(r, microwaveType) and atLocation(a, l) and receptacleAtLocation(r, l) and holds(a, o))
    ]
    effects = [
      isHot(o) := true
      isCool(o) := false
    ]
  }
  action coolObject(Agent - Checkable a, Location - Checkable l, Receptacle - Checkable r, Obj - Checkable o) {
    preconditions = [
      (coolable(o) and receptacleType(r, fridgeType) and atLocation(a, l) and receptacleAtLocation(r, l) and holds(a, o))
    ]
    effects = [
      isCool(o) := true
      isHot(o) := false
    ]
  }
  action toggleObject(Agent - Checkable a, Location - Checkable l, Obj - Checkable o, Receptacle - Checkable r) {
    preconditions = [
      (toggleable(o) and atLocation(a, l) and receptacleAtLocation(r, l) and inReceptacle(o, r))
    ]
    effects = [
      if isOn(o) then isOn(o) := false
      if (not isOn(o)) then isOn(o) := true
      isToggled(o) := true
    ]
  }
  action sliceObject(Agent - Checkable a, Location - Checkable l, Obj - Checkable co, Obj - Checkable ko) {
    preconditions = [
      (sliceable(co) and (objectType(ko, knifeType) or objectType(ko, butterKnifeType)) and atLocation(a, l) and objectAtLocation(co, l) and holds(a, ko))
    ]
    effects = [
      isSliced(co) := true
    ]
  }
  action help(Agent - Checkable a) {
    preconditions = [
    ]
    effects = [
      checked(a) := true
    ]
  }
]

objects = [
  ReceptacleType: [sinkBasinType, microwaveType, fridgeType, laundryHamperType, bathtubBasinType, shelfType, garbageCanType, towelHolderType, toasterType, cabinetType, toiletType, sofaType, diningTableType, cartType, coffeeTableType, dresserType]
  ObjectType: [knifeType, butterKnifeType, potType, pepperShakerType, boxType, bookType, soapBarType, bowlType, wineBottleType, kettleType, panType, handTowelType, cupType, saltShakerType, mugType]
  Checkable: [agent1, location1, location2, location3, location4, location5, location6, location7, location8, location9, location10, location11, location12, location13, location14, location15, location16, location17, location18, location19, location20, laundryHamper_1, bathtubBasin_2, shelf_3, garbageCan_4, towelHolder_5, toaster_6, sinkBasin_7, bathtubBasin_8, cabinet_9, toilet_10, fridge_11, sofa_12, sofa_13, towelHolder_14, diningTable_15, cart_16, toilet_17, coffeeTable_18, laundryHamper_19, dresser_20, microwave_21, fridge_22, pot_1, pepperShaker_2, box_3, book_4, soapBar_5, pot_6, pepperShaker_7, bowl_8, wineBottle_9, kettle_10, pan_11, butterKnife_12, handTowel_13, cup_14, kettle_15, saltShaker_16, bowl_17, soapBar_18, cup_19, mug_20]
  Agent - Checkable: [agent1]
  Location - Checkable: [location1, location2, location3, location4, location5, location6, location7, location8, location9, location10, location11, location12, location13, location14, location15, location16, location17, location18, location19, location20]
  Receptacle - Checkable: [laundryHamper_1, bathtubBasin_2, shelf_3, garbageCan_4, towelHolder_5, toaster_6, sinkBasin_7, bathtubBasin_8, cabinet_9, toilet_10, fridge_11, sofa_12, sofa_13, towelHolder_14, diningTable_15, cart_16, toilet_17, coffeeTable_18, laundryHamper_19, dresser_20, microwave_21, fridge_22]
  Obj - Checkable: [pot_1, pepperShaker_2, box_3, book_4, soapBar_5, pot_6, pepperShaker_7, bowl_8, wineBottle_9, kettle_10, pan_11, butterKnife_12, handTowel_13, cup_14, kettle_15, saltShaker_16, bowl_17, soapBar_18, cup_19, mug_20]
]

initial fluents default = [
  bool atLocation[a=Agent - Checkable, l=Location - Checkable] := false
  bool receptacleAtLocation[r=Receptacle - Checkable, l=Location - Checkable] := false
  bool objectAtLocation[o=Obj - Checkable, l=Location - Checkable] := false
  bool openable[r=Receptacle - Checkable] := false
  bool opened[r=Receptacle - Checkable] := false
  bool inReceptacle[o=Obj - Checkable, r=Receptacle - Checkable] := false
  bool isReceptacleObject[o=Obj - Checkable] := false
  bool inReceptacleObject[innerObject=Obj - Checkable, outObject=Obj - Checkable] := false
  bool isReceptacleObjectFull[o=Obj - Checkable] := false
  bool wasInReceptacle[o=Obj - Checkable, r=Receptacle - Checkable] := false
  bool checked[c=Checkable] := false
  bool examined[l=Location - Checkable] := false
  bool receptacleType[r=Receptacle - Checkable, rt=ReceptacleType] := false
  bool canContain[rt=ReceptacleType, ot=ObjectType] := false
  bool objectType[o=Obj - Checkable, t=ObjectType] := false
  bool holds[a=Agent - Checkable, o=Obj - Checkable] := false
  bool holdsAny[a=Agent - Checkable] := false
  bool holdsAnyReceptacleObject[a=Agent - Checkable] := false
  bool full[r=Receptacle - Checkable] := false
  bool isClean[o=Obj - Checkable] := false
  bool cleanable[o=Obj - Checkable] := false
  bool isHot[o=Obj - Checkable] := false
  bool heatable[o=Obj - Checkable] := false
  bool isCool[o=Obj - Checkable] := false
  bool coolable[o=Obj - Checkable] := false
  bool pickupable[o=Obj - Checkable] := false
  bool moveable[o=Obj - Checkable] := false
  bool toggleable[o=Obj - Checkable] := false
  bool isOn[o=Obj - Checkable] := false
  bool isToggled[o=Obj - Checkable] := false
  bool sliceable[o=Obj - Checkable] := false
  bool isSliced[o=Obj - Checkable] := false
]

initial values = [
  receptacleType(laundryHamper_1, laundryHamperType) := true
  receptacleType(bathtubBasin_2, bathtubBasinType) := true
  receptacleType(shelf_3, shelfType) := true
  receptacleType(garbageCan_4, garbageCanType) := true
  receptacleType(towelHolder_5, towelHolderType) := true
  receptacleType(toaster_6, toasterType) := true
  receptacleType(sinkBasin_7, sinkBasinType) := true
  receptacleType(bathtubBasin_8, bathtubBasinType) := true
  receptacleType(cabinet_9, cabinetType) := true
  receptacleType(toilet_10, toiletType) := true
  receptacleType(fridge_11, fridgeType) := true
  receptacleType(sofa_12, sofaType) := true
  receptacleType(sofa_13, sofaType) := true
  receptacleType(towelHolder_14, towelHolderType) := true
  receptacleType(diningTable_15, diningTableType) := true
  receptacleType(cart_16, cartType) := true
  receptacleType(toilet_17, toiletType) := true
  receptacleType(coffeeTable_18, coffeeTableType) := true
  receptacleType(laundryHamper_19, laundryHamperType) := true
  receptacleType(dresser_20, dresserType) := true
  receptacleType(microwave_21, microwaveType) := true
  receptacleType(fridge_22, fridgeType) := true
  objectType(pot_1, potType) := true
  objectType(pepperShaker_2, pepperShakerType) := true
  objectType(box_3, boxType) := true
  objectType(book_4, bookType) := true
  objectType(soapBar_5, soapBarType) := true
  objectType(pot_6, potType) := true
  objectType(pepperShaker_7, pepperShakerType) := true
  objectType(bowl_8, bowlType) := true
  objectType(wineBottle_9, wineBottleType) := true
  objectType(kettle_10, kettleType) := true
  objectType(pan_11, panType) := true
  objectType(butterKnife_12, butterKnifeType) := true
  objectType(handTowel_13, handTowelType) := true
  objectType(cup_14, cupType) := true
  objectType(kettle_15, kettleType) := true
  objectType(saltShaker_16, saltShakerType) := true
  objectType(bowl_17, bowlType) := true
  objectType(soapBar_18, soapBarType) := true
  objectType(cup_19, cupType) := true
  objectType(mug_20, mugType) := true
  canContain(bathtubBasinType, soapBarType) := true
  canContain(bathtubBasinType, handTowelType) := true
  canContain(shelfType, potType) := true
  canContain(shelfType, pepperShakerType) := true
  canContain(shelfType, boxType) := true
  canContain(shelfType, bookType) := true
  canContain(shelfType, soapBarType) := true
  canContain(shelfType, bowlType) := true
  canContain(shelfType, wineBottleType) := true
  canContain(shelfType, kettleType) := true
  canContain(shelfType, handTowelType) := true
  canContain(shelfType, cupType) := true
  canContain(shelfType, saltShakerType) := true
  canContain(shelfType, mugType) := true
  canContain(garbageCanType, soapBarType) := true
  canContain(garbageCanType, wineBottleType) := true
  canContain(garbageCanType, handTowelType) := true
  canContain(sinkBasinType, potType) := true
  canContain(sinkBasinType, soapBarType) := true
  canContain(sinkBasinType, bowlType) := true
  canContain(sinkBasinType, kettleType) := true
  canContain(sinkBasinType, panType) := true
  canContain(sinkBasinType, butterKnifeType) := true
  canContain(sinkBasinType, handTowelType) := true
  canContain(sinkBasinType, cupType) := true
  canContain(sinkBasinType, mugType) := true
  canContain(cabinetType, potType) := true
  canContain(cabinetType, pepperShakerType) := true
  canContain(cabinetType, boxType) := true
  canContain(cabinetType, bookType) := true
  canContain(cabinetType, soapBarType) := true
  canContain(cabinetType, bowlType) := true
  canContain(cabinetType, wineBottleType) := true
  canContain(cabinetType, kettleType) := true
  canContain(cabinetType, panType) := true
  canContain(cabinetType, handTowelType) := true
  canContain(cabinetType, cupType) := true
  canContain(cabinetType, saltShakerType) := true
  canContain(cabinetType, mugType) := true
  canContain(toiletType, soapBarType) := true
  canContain(toiletType, handTowelType) := true
  canContain(fridgeType, potType) := true
  canContain(fridgeType, bowlType) := true
  canContain(fridgeType, wineBottleType) := true
  canContain(fridgeType, panType) := true
  canContain(fridgeType, cupType) := true
  canContain(fridgeType, mugType) := true
  canContain(sofaType, boxType) := true
  canContain(sofaType, bookType) := true
  canContain(diningTableType, potType) := true
  canContain(diningTableType, pepperShakerType) := true
  canContain(diningTableType, boxType) := true
  canContain(diningTableType, bookType) := true
  canContain(diningTableType, soapBarType) := true
  canContain(diningTableType, bowlType) := true
  canContain(diningTableType, wineBottleType) := true
  canContain(diningTableType, kettleType) := true
  canContain(diningTableType, panType) := true
  canContain(diningTableType, butterKnifeType) := true
  canContain(diningTableType, handTowelType) := true
  canContain(diningTableType, cupType) := true
  canContain(diningTableType, saltShakerType) := true
  canContain(diningTableType, mugType) := true
  canContain(cartType, soapBarType) := true
  canContain(cartType, handTowelType) := true
  canContain(cartType, mugType) := true
  canContain(coffeeTableType, potType) := true
  canContain(coffeeTableType, pepperShakerType) := true
  canContain(coffeeTableType, boxType) := true
  canContain(coffeeTableType, bookType) := true
  canContain(coffeeTableType, soapBarType) := true
  canContain(coffeeTableType, bowlType) := true
  canContain(coffeeTableType, wineBottleType) := true
  canContain(coffeeTableType, kettleType) := true
  canContain(coffeeTableType, panType) := true
  canContain(coffeeTableType, butterKnifeType) := true
  canContain(coffeeTableType, handTowelType) := true
  canContain(coffeeTableType, cupType) := true
  canContain(coffeeTableType, saltShakerType) := true
  canContain(coffeeTableType, mugType) := true
  canContain(dresserType, boxType) := true
  canContain(dresserType, bookType) := true
  canContain(dresserType, bowlType) := true
  canContain(dresserType, wineBottleType) := true
  canContain(dresserType, cupType) := true
  canContain(dresserType, mugType) := true
  canContain(microwaveType, bowlType) := true
  canContain(microwaveType, cupType) := true
  canContain(microwaveType, mugType) := true
  pickupable(pot_1) := true
  isReceptacleObject(pot_1) := true
  cleanable(pot_1) := true
  coolable(pot_1) := true
  pickupable(pepperShaker_2) := true
  pickupable(box_3) := true
  isReceptacleObject(box_3) := true
  pickupable(book_4) := true
  pickupable(soapBar_5) := true
  cleanable(soapBar_5) := true
  pickupable(pot_6) := true
  isReceptacleObject(pot_6) := true
  cleanable(pot_6) := true
  coolable(pot_6) := true
  pickupable(pepperShaker_7) := true
  pickupable(bowl_8) := true
  isReceptacleObject(bowl_8) := true
  cleanable(bowl_8) := true
  coolable(bowl_8) := true
  pickupable(wineBottle_9) := true
  pickupable(kettle_10) := true
  cleanable(kettle_10) := true
  pickupable(pan_11) := true
  isReceptacleObject(pan_11) := true
  cleanable(pan_11) := true
  coolable(pan_11) := true
  pickupable(butterKnife_12) := true
  cleanable(butterKnife_12) := true
  pickupable(handTowel_13) := true
  pickupable(cup_14) := true
  isReceptacleObject(cup_14) := true
  cleanable(cup_14) := true
  heatable(cup_14) := true
  coolable(cup_14) := true
  pickupable(kettle_15) := true
  cleanable(kettle_15) := true
  pickupable(saltShaker_16) := true
  pickupable(bowl_17) := true
  isReceptacleObject(bowl_17) := true
  cleanable(bowl_17) := true
  coolable(bowl_17) := true
  pickupable(soapBar_18) := true
  cleanable(soapBar_18) := true
  pickupable(cup_19) := true
  isReceptacleObject(cup_19) := true
  cleanable(cup_19) := true
  heatable(cup_19) := true
  coolable(cup_19) := true
  pickupable(mug_20) := true
  isReceptacleObject(mug_20) := true
  cleanable(mug_20) := true
  heatable(mug_20) := true
  coolable(mug_20) := true
  receptacleAtLocation(laundryHamper_1, location20) := true
  receptacleAtLocation(bathtubBasin_2, location12) := true
  receptacleAtLocation(shelf_3, location11) := true
  receptacleAtLocation(garbageCan_4, location1) := true
  receptacleAtLocation(towelHolder_5, location17) := true
  receptacleAtLocation(toaster_6, location3) := true
  receptacleAtLocation(sinkBasin_7, location4) := true
  receptacleAtLocation(bathtubBasin_8, location2) := true
  receptacleAtLocation(cabinet_9, location3) := true
  receptacleAtLocation(toilet_10, location20) := true
  receptacleAtLocation(fridge_11, location1) := true
  receptacleAtLocation(sofa_12, location7) := true
  receptacleAtLocation(sofa_13, location8) := true
  receptacleAtLocation(towelHolder_14, location18) := true
  receptacleAtLocation(diningTable_15, location12) := true
  receptacleAtLocation(cart_16, location9) := true
  receptacleAtLocation(toilet_17, location4) := true
  receptacleAtLocation(coffeeTable_18, location17) := true
  receptacleAtLocation(laundryHamper_19, location18) := true
  receptacleAtLocation(dresser_20, location1) := true
  receptacleAtLocation(microwave_21, location14) := true
  receptacleAtLocation(fridge_22, location19) := true
  inReceptacle(pot_1, diningTable_15) := true
  inReceptacle(pepperShaker_2, cabinet_9) := true
  inReceptacle(box_3, coffeeTable_18) := true
  inReceptacle(book_4, coffeeTable_18) := true
  inReceptacle(soapBar_5, toilet_10) := true
  inReceptacle(pot_6, diningTable_15) := true
  inReceptacle(pepperShaker_7, shelf_3) := true
  inReceptacle(bowl_8, diningTable_15) := true
  inReceptacle(wineBottle_9, diningTable_15) := true
  inReceptacle(kettle_10, cabinet_9) := true
  inReceptacle(pan_11, sinkBasin_7) := true
  inReceptacle(butterKnife_12, coffeeTable_18) := true
  inReceptacle(handTowel_13, coffeeTable_18) := true
  inReceptacle(cup_14, shelf_3) := true
  inReceptacle(kettle_15, sinkBasin_7) := true
  inReceptacle(saltShaker_16, shelf_3) := true
  inReceptacle(bowl_17, fridge_11) := true
  inReceptacle(soapBar_18, diningTable_15) := true
  inReceptacle(cup_19, shelf_3) := true
  inReceptacle(mug_20, sinkBasin_7) := true
  objectAtLocation(pot_1, location12) := true
  objectAtLocation(pepperShaker_2, location3) := true
  objectAtLocation(box_3, location17) := true
  objectAtLocation(book_4, location17) := true
  objectAtLocation(soapBar_5, location20) := true
  objectAtLocation(pot_6, location12) := true
  objectAtLocation(pepperShaker_7, location11) := true
  objectAtLocation(bowl_8, location12) := true
  objectAtLocation(wineBottle_9, location12) := true
  objectAtLocation(kettle_10, location3) := true
  objectAtLocation(pan_11, location4) := true
  objectAtLocation(butterKnife_12, location17) := true
  objectAtLocation(handTowel_13, location17) := true
  objectAtLocation(cup_14, location11) := true
  objectAtLocation(kettle_15, location4) := true
  objectAtLocation(saltShaker_16, location11) := true
  objectAtLocation(bowl_17, location1) := true
  objectAtLocation(soapBar_18, location12) := true
  objectAtLocation(cup_19, location11) := true
  objectAtLocation(mug_20, location4) := true
  atLocation(agent1, location12) := true
]

goals = [
  Exists (Receptacle - Checkable r) Exists (Obj - Checkable o) (heatable(o) and objectType(o, mugType) and receptacleType(r, dresserType) and isHot(o) and inReceptacle(o, r))
]

quality metrics = [
  minimize sequential-plan-length
]


2025-08-13 10:13:45,261 - INFO - Generating plan for unconstrained problem

2025-08-13 10:13:45,948 - INFO - Unconstrained plan generation time: 0.6871187686920166

2025-08-13 10:13:45,948 - INFO - Unconstrained plan and cost: 
2025-08-13 10:13:45,948 - INFO - SequentialPlan:
    goToLocation(agent1, location12, location4)
    pickupObject(agent1, location4, mug_20, sinkBasin_7)
    goToLocation(agent1, location4, location14)
    heatObject(agent1, location14, microwave_21, mug_20)
    goToLocation(agent1, location14, location1)
    putObject(agent1, location1, mug_20, dresser_20, mugType, dresserType)
2025-08-13 10:13:45,948 - INFO - 6
2025-08-13 10:13:50,523 - INFO - Sampled constraints:

2025-08-13 10:13:50,523 - INFO - Sometime((checked(saltShaker_16) or objectAtLocation(cup_14, location17)))
2025-08-13 10:13:50,523 - INFO - Sometime((holds(agent1, pot_6) or objectAtLocation(book_4, location3)))
2025-08-13 10:13:50,523 - INFO - Sometime(holds(agent1, mug_20))
2025-08-13 10:13:50,523 - INFO - Sometime-Before(holds(agent1, mug_20), inReceptacleObject(pot_6, wineBottle_9))
2025-08-13 10:13:50,523 - INFO - Sometime(atLocation(agent1, location3))
2025-08-13 10:13:50,523 - INFO - Sometime((inReceptacleObject(soapBar_5, bowl_8) or inReceptacleObject(bowl_17, pan_11)))
2025-08-13 10:13:50,523 - INFO - Sometime(holds(agent1, soapBar_18))
2025-08-13 10:13:50,523 - INFO - Sometime(atLocation(agent1, location1))
2025-08-13 10:13:50,523 - INFO - Sometime-Before(atLocation(agent1, location1), (inReceptacleObject(book_4, handTowel_13) or holds(agent1, pot_1)))
2025-08-13 10:13:50,524 - INFO - Sometime(checked(cabinet_9))
2025-08-13 10:13:50,524 - INFO - Sometime((holds(agent1, wineBottle_9) or inReceptacleObject(cup_19, box_3)))
2025-08-13 10:13:50,524 - INFO - Sometime(holds(agent1, pepperShaker_7))
2025-08-13 10:13:50,524 - INFO - 
2025-08-13 10:13:50,524 - INFO - Generation time: 4.574503660202026

2025-08-13 10:13:50,525 - INFO - Generating plan for constrained problem (with LiftedTCORE).

2025-08-13 10:13:50,923 - INFO - LiftedTCORE compilation time: 0.3977830410003662

2025-08-13 10:13:51,626 - INFO - Planning Time with LiftedTCORE's file: 0.7029025554656982

