2025-08-13 09:29:14,196 - INFO - 
================= Seed: 1045 =================

2025-08-13 09:29:14,196 - INFO - problem name = alfred

types = [ReceptacleType, ObjectType, Checkable, Agent - Checkable, Location - Checkable, Receptacle - Checkable, Obj - Checkable]

fluents = [
  bool atLocation[a=Agent - Checkable, l=Location - Checkable]
  bool receptacleAtLocation[r=Receptacle - Checkable, l=Location - Checkable]
  bool objectAtLocation[o=Obj - Checkable, l=Location - Checkable]
  bool openable[r=Receptacle - Checkable]
  bool opened[r=Receptacle - Checkable]
  bool inReceptacle[o=Obj - Checkable, r=Receptacle - Checkable]
  bool isReceptacleObject[o=Obj - Checkable]
  bool inReceptacleObject[innerObject=Obj - Checkable, outObject=Obj - Checkable]
  bool isReceptacleObjectFull[o=Obj - Checkable]
  bool wasInReceptacle[o=Obj - Checkable, r=Receptacle - Checkable]
  bool checked[c=Checkable]
  bool examined[l=Location - Checkable]
  bool receptacleType[r=Receptacle - Checkable, rt=ReceptacleType]
  bool canContain[rt=ReceptacleType, ot=ObjectType]
  bool objectType[o=Obj - Checkable, t=ObjectType]
  bool holds[a=Agent - Checkable, o=Obj - Checkable]
  bool holdsAny[a=Agent - Checkable]
  bool holdsAnyReceptacleObject[a=Agent - Checkable]
  bool full[r=Receptacle - Checkable]
  bool isClean[o=Obj - Checkable]
  bool cleanable[o=Obj - Checkable]
  bool isHot[o=Obj - Checkable]
  bool heatable[o=Obj - Checkable]
  bool isCool[o=Obj - Checkable]
  bool coolable[o=Obj - Checkable]
  bool pickupable[o=Obj - Checkable]
  bool moveable[o=Obj - Checkable]
  bool toggleable[o=Obj - Checkable]
  bool isOn[o=Obj - Checkable]
  bool isToggled[o=Obj - Checkable]
  bool sliceable[o=Obj - Checkable]
  bool isSliced[o=Obj - Checkable]
]

actions = [
  action look(Agent - Checkable a, Location - Checkable l) {
    preconditions = [
      atLocation(a, l)
    ]
    effects = [
      checked(l) := true
    ]
  }
  action inventory(Agent - Checkable a) {
    preconditions = [
    ]
    effects = [
      checked(a) := true
    ]
  }
  action examineReceptacle(Agent - Checkable a, Receptacle - Checkable r) {
    preconditions = [
      Exists (Location - Checkable l) (atLocation(a, l) and receptacleAtLocation(r, l))
    ]
    effects = [
      checked(r) := true
    ]
  }
  action examineObject(Agent - Checkable a, Obj - Checkable o) {
    preconditions = [
      (Exists (Location - Checkable l) Exists (Receptacle - Checkable r) (atLocation(a, l) and receptacleAtLocation(r, l) and inReceptacle(o, r) and ((not openable(r)) or opened(r))) or holds(a, o))
    ]
    effects = [
      checked(o) := true
    ]
  }
  action goToLocation(Agent - Checkable a, Location - Checkable lstart, Location - Checkable lend) {
    preconditions = [
      atLocation(a, lstart)
    ]
    effects = [
      atLocation(a, lstart) := false
      atLocation(a, lend) := true
    ]
  }
  action openObject(Agent - Checkable a, Location - Checkable l, Receptacle - Checkable r) {
    preconditions = [
      (openable(r) and atLocation(a, l) and receptacleAtLocation(r, l) and (not opened(r)))
    ]
    effects = [
      opened(r) := true
      checked(r) := true
    ]
  }
  action closeObject(Agent - Checkable a, Location - Checkable l, Receptacle - Checkable r) {
    preconditions = [
      (openable(r) and atLocation(a, l) and receptacleAtLocation(r, l) and opened(r))
    ]
    effects = [
      opened(r) := false
    ]
  }
  action pickupObject(Agent - Checkable a, Location - Checkable l, Obj - Checkable o, Receptacle - Checkable r) {
    preconditions = [
      (pickupable(o) and atLocation(a, l) and receptacleAtLocation(r, l) and inReceptacle(o, r) and (not holdsAny(a)) and ((not openable(r)) or opened(r)))
    ]
    effects = [
      inReceptacle(o, r) := false
      holds(a, o) := true
      holdsAny(a) := true
      objectAtLocation(o, l) := false
    ]
  }
  action putObject(Agent - Checkable a, Location - Checkable l, Obj - Checkable o, Receptacle - Checkable r, ObjectType ot, ReceptacleType rt) {
    preconditions = [
      (holds(a, o) and atLocation(a, l) and receptacleAtLocation(r, l) and ((not openable(r)) or opened(r)) and objectType(o, ot) and receptacleType(r, rt) and canContain(rt, ot))
    ]
    effects = [
      inReceptacle(o, r) := true
      objectAtLocation(o, l) := true
      holds(a, o) := false
      holdsAny(a) := false
    ]
  }
  action cleanObject(Agent - Checkable a, Location - Checkable l, Receptacle - Checkable r, Obj - Checkable o) {
    preconditions = [
      (cleanable(o) and receptacleType(r, sinkBasinType) and atLocation(a, l) and receptacleAtLocation(r, l) and holds(a, o))
    ]
    effects = [
      isClean(o) := true
    ]
  }
  action heatObject(Agent - Checkable a, Location - Checkable l, Receptacle - Checkable r, Obj - Checkable o) {
    preconditions = [
      (heatable(o) and receptacleType(r, microwaveType) and atLocation(a, l) and receptacleAtLocation(r, l) and holds(a, o))
    ]
    effects = [
      isHot(o) := true
      isCool(o) := false
    ]
  }
  action coolObject(Agent - Checkable a, Location - Checkable l, Receptacle - Checkable r, Obj - Checkable o) {
    preconditions = [
      (coolable(o) and receptacleType(r, fridgeType) and atLocation(a, l) and receptacleAtLocation(r, l) and holds(a, o))
    ]
    effects = [
      isCool(o) := true
      isHot(o) := false
    ]
  }
  action toggleObject(Agent - Checkable a, Location - Checkable l, Obj - Checkable o, Receptacle - Checkable r) {
    preconditions = [
      (toggleable(o) and atLocation(a, l) and receptacleAtLocation(r, l) and inReceptacle(o, r))
    ]
    effects = [
      if isOn(o) then isOn(o) := false
      if (not isOn(o)) then isOn(o) := true
      isToggled(o) := true
    ]
  }
  action sliceObject(Agent - Checkable a, Location - Checkable l, Obj - Checkable co, Obj - Checkable ko) {
    preconditions = [
      (sliceable(co) and (objectType(ko, knifeType) or objectType(ko, butterKnifeType)) and atLocation(a, l) and objectAtLocation(co, l) and holds(a, ko))
    ]
    effects = [
      isSliced(co) := true
    ]
  }
  action help(Agent - Checkable a) {
    preconditions = [
    ]
    effects = [
      checked(a) := true
    ]
  }
]

objects = [
  ReceptacleType: [sinkBasinType, microwaveType, fridgeType, toasterType, tvStandType, sofaType, bedType, cartType, drawerType, ottomanType, coffeeTableType, sideTableType, toiletPaperHangerType, laundryHamperType, cabinetType]
  ObjectType: [knifeType, butterKnifeType, watchType, laptopType, toiletPaperRollType, vaseType, penType, basketBallType, glassbottleType, dishSpongeType, cupType, lettuceType, eggType, pepperShakerType, tomatoType, baseballBatType, toiletPaperType, plateType]
  Checkable: [agent1, location1, location2, location3, location4, location5, location6, location7, location8, location9, location10, location11, location12, location13, location14, location15, location16, location17, location18, location19, location20, toaster_1, tvStand_2, sofa_3, tvStand_4, bed_5, cart_6, drawer_7, ottoman_8, sofa_9, sofa_10, bed_11, cart_12, toaster_13, coffeeTable_14, sideTable_15, toiletPaperHanger_16, laundryHamper_17, sinkBasin_18, sideTable_19, cabinet_20, microwave_21, fridge_22, watch_1, laptop_2, toiletPaperRoll_3, vase_4, knife_5, pen_6, basketBall_7, glassbottle_8, dishSponge_9, cup_10, watch_11, lettuce_12, egg_13, pepperShaker_14, laptop_15, tomato_16, baseballBat_17, tomato_18, toiletPaper_19, plate_20]
  Agent - Checkable: [agent1]
  Location - Checkable: [location1, location2, location3, location4, location5, location6, location7, location8, location9, location10, location11, location12, location13, location14, location15, location16, location17, location18, location19, location20]
  Receptacle - Checkable: [toaster_1, tvStand_2, sofa_3, tvStand_4, bed_5, cart_6, drawer_7, ottoman_8, sofa_9, sofa_10, bed_11, cart_12, toaster_13, coffeeTable_14, sideTable_15, toiletPaperHanger_16, laundryHamper_17, sinkBasin_18, sideTable_19, cabinet_20, microwave_21, fridge_22]
  Obj - Checkable: [watch_1, laptop_2, toiletPaperRoll_3, vase_4, knife_5, pen_6, basketBall_7, glassbottle_8, dishSponge_9, cup_10, watch_11, lettuce_12, egg_13, pepperShaker_14, laptop_15, tomato_16, baseballBat_17, tomato_18, toiletPaper_19, plate_20]
]

initial fluents default = [
  bool atLocation[a=Agent - Checkable, l=Location - Checkable] := false
  bool receptacleAtLocation[r=Receptacle - Checkable, l=Location - Checkable] := false
  bool objectAtLocation[o=Obj - Checkable, l=Location - Checkable] := false
  bool openable[r=Receptacle - Checkable] := false
  bool opened[r=Receptacle - Checkable] := false
  bool inReceptacle[o=Obj - Checkable, r=Receptacle - Checkable] := false
  bool isReceptacleObject[o=Obj - Checkable] := false
  bool inReceptacleObject[innerObject=Obj - Checkable, outObject=Obj - Checkable] := false
  bool isReceptacleObjectFull[o=Obj - Checkable] := false
  bool wasInReceptacle[o=Obj - Checkable, r=Receptacle - Checkable] := false
  bool checked[c=Checkable] := false
  bool examined[l=Location - Checkable] := false
  bool receptacleType[r=Receptacle - Checkable, rt=ReceptacleType] := false
  bool canContain[rt=ReceptacleType, ot=ObjectType] := false
  bool objectType[o=Obj - Checkable, t=ObjectType] := false
  bool holds[a=Agent - Checkable, o=Obj - Checkable] := false
  bool holdsAny[a=Agent - Checkable] := false
  bool holdsAnyReceptacleObject[a=Agent - Checkable] := false
  bool full[r=Receptacle - Checkable] := false
  bool isClean[o=Obj - Checkable] := false
  bool cleanable[o=Obj - Checkable] := false
  bool isHot[o=Obj - Checkable] := false
  bool heatable[o=Obj - Checkable] := false
  bool isCool[o=Obj - Checkable] := false
  bool coolable[o=Obj - Checkable] := false
  bool pickupable[o=Obj - Checkable] := false
  bool moveable[o=Obj - Checkable] := false
  bool toggleable[o=Obj - Checkable] := false
  bool isOn[o=Obj - Checkable] := false
  bool isToggled[o=Obj - Checkable] := false
  bool sliceable[o=Obj - Checkable] := false
  bool isSliced[o=Obj - Checkable] := false
]

initial values = [
  receptacleType(toaster_1, toasterType) := true
  receptacleType(tvStand_2, tvStandType) := true
  receptacleType(sofa_3, sofaType) := true
  receptacleType(tvStand_4, tvStandType) := true
  receptacleType(bed_5, bedType) := true
  receptacleType(cart_6, cartType) := true
  receptacleType(drawer_7, drawerType) := true
  receptacleType(ottoman_8, ottomanType) := true
  receptacleType(sofa_9, sofaType) := true
  receptacleType(sofa_10, sofaType) := true
  receptacleType(bed_11, bedType) := true
  receptacleType(cart_12, cartType) := true
  receptacleType(toaster_13, toasterType) := true
  receptacleType(coffeeTable_14, coffeeTableType) := true
  receptacleType(sideTable_15, sideTableType) := true
  receptacleType(toiletPaperHanger_16, toiletPaperHangerType) := true
  receptacleType(laundryHamper_17, laundryHamperType) := true
  receptacleType(sinkBasin_18, sinkBasinType) := true
  receptacleType(sideTable_19, sideTableType) := true
  receptacleType(cabinet_20, cabinetType) := true
  receptacleType(microwave_21, microwaveType) := true
  receptacleType(fridge_22, fridgeType) := true
  objectType(watch_1, watchType) := true
  objectType(laptop_2, laptopType) := true
  objectType(toiletPaperRoll_3, toiletPaperRollType) := true
  objectType(vase_4, vaseType) := true
  objectType(knife_5, knifeType) := true
  objectType(pen_6, penType) := true
  objectType(basketBall_7, basketBallType) := true
  objectType(glassbottle_8, glassbottleType) := true
  objectType(dishSponge_9, dishSpongeType) := true
  objectType(cup_10, cupType) := true
  objectType(watch_11, watchType) := true
  objectType(lettuce_12, lettuceType) := true
  objectType(egg_13, eggType) := true
  objectType(pepperShaker_14, pepperShakerType) := true
  objectType(laptop_15, laptopType) := true
  objectType(tomato_16, tomatoType) := true
  objectType(baseballBat_17, baseballBatType) := true
  objectType(tomato_18, tomatoType) := true
  objectType(toiletPaper_19, toiletPaperType) := true
  objectType(plate_20, plateType) := true
  canContain(sofaType, laptopType) := true
  canContain(sofaType, basketBallType) := true
  canContain(bedType, laptopType) := true
  canContain(bedType, basketBallType) := true
  canContain(bedType, baseballBatType) := true
  canContain(cartType, toiletPaperRollType) := true
  canContain(cartType, vaseType) := true
  canContain(cartType, dishSpongeType) := true
  canContain(cartType, toiletPaperType) := true
  canContain(drawerType, watchType) := true
  canContain(drawerType, toiletPaperRollType) := true
  canContain(drawerType, knifeType) := true
  canContain(drawerType, penType) := true
  canContain(drawerType, dishSpongeType) := true
  canContain(drawerType, pepperShakerType) := true
  canContain(drawerType, toiletPaperType) := true
  canContain(ottomanType, laptopType) := true
  canContain(ottomanType, basketBallType) := true
  canContain(coffeeTableType, watchType) := true
  canContain(coffeeTableType, laptopType) := true
  canContain(coffeeTableType, toiletPaperRollType) := true
  canContain(coffeeTableType, vaseType) := true
  canContain(coffeeTableType, knifeType) := true
  canContain(coffeeTableType, penType) := true
  canContain(coffeeTableType, basketBallType) := true
  canContain(coffeeTableType, glassbottleType) := true
  canContain(coffeeTableType, dishSpongeType) := true
  canContain(coffeeTableType, cupType) := true
  canContain(coffeeTableType, lettuceType) := true
  canContain(coffeeTableType, eggType) := true
  canContain(coffeeTableType, pepperShakerType) := true
  canContain(coffeeTableType, tomatoType) := true
  canContain(coffeeTableType, baseballBatType) := true
  canContain(coffeeTableType, toiletPaperType) := true
  canContain(coffeeTableType, plateType) := true
  canContain(sideTableType, watchType) := true
  canContain(sideTableType, laptopType) := true
  canContain(sideTableType, toiletPaperRollType) := true
  canContain(sideTableType, vaseType) := true
  canContain(sideTableType, knifeType) := true
  canContain(sideTableType, penType) := true
  canContain(sideTableType, basketBallType) := true
  canContain(sideTableType, glassbottleType) := true
  canContain(sideTableType, dishSpongeType) := true
  canContain(sideTableType, cupType) := true
  canContain(sideTableType, lettuceType) := true
  canContain(sideTableType, eggType) := true
  canContain(sideTableType, pepperShakerType) := true
  canContain(sideTableType, tomatoType) := true
  canContain(sideTableType, baseballBatType) := true
  canContain(sideTableType, toiletPaperType) := true
  canContain(sideTableType, plateType) := true
  canContain(toiletPaperHangerType, toiletPaperRollType) := true
  canContain(toiletPaperHangerType, toiletPaperType) := true
  canContain(sinkBasinType, knifeType) := true
  canContain(sinkBasinType, glassbottleType) := true
  canContain(sinkBasinType, dishSpongeType) := true
  canContain(sinkBasinType, cupType) := true
  canContain(sinkBasinType, lettuceType) := true
  canContain(sinkBasinType, eggType) := true
  canContain(sinkBasinType, tomatoType) := true
  canContain(sinkBasinType, plateType) := true
  canContain(cabinetType, toiletPaperRollType) := true
  canContain(cabinetType, vaseType) := true
  canContain(cabinetType, glassbottleType) := true
  canContain(cabinetType, dishSpongeType) := true
  canContain(cabinetType, cupType) := true
  canContain(cabinetType, pepperShakerType) := true
  canContain(cabinetType, toiletPaperType) := true
  canContain(cabinetType, plateType) := true
  canContain(microwaveType, glassbottleType) := true
  canContain(microwaveType, cupType) := true
  canContain(microwaveType, eggType) := true
  canContain(microwaveType, tomatoType) := true
  canContain(microwaveType, plateType) := true
  canContain(fridgeType, glassbottleType) := true
  canContain(fridgeType, cupType) := true
  canContain(fridgeType, lettuceType) := true
  canContain(fridgeType, eggType) := true
  canContain(fridgeType, tomatoType) := true
  canContain(fridgeType, plateType) := true
  pickupable(watch_1) := true
  pickupable(laptop_2) := true
  pickupable(toiletPaperRoll_3) := true
  pickupable(vase_4) := true
  pickupable(knife_5) := true
  cleanable(knife_5) := true
  pickupable(pen_6) := true
  pickupable(basketBall_7) := true
  pickupable(glassbottle_8) := true
  pickupable(dishSponge_9) := true
  cleanable(dishSponge_9) := true
  pickupable(cup_10) := true
  isReceptacleObject(cup_10) := true
  cleanable(cup_10) := true
  heatable(cup_10) := true
  coolable(cup_10) := true
  pickupable(watch_11) := true
  pickupable(lettuce_12) := true
  cleanable(lettuce_12) := true
  coolable(lettuce_12) := true
  sliceable(lettuce_12) := true
  pickupable(egg_13) := true
  cleanable(egg_13) := true
  heatable(egg_13) := true
  coolable(egg_13) := true
  sliceable(egg_13) := true
  pickupable(pepperShaker_14) := true
  pickupable(laptop_15) := true
  pickupable(tomato_16) := true
  cleanable(tomato_16) := true
  heatable(tomato_16) := true
  coolable(tomato_16) := true
  sliceable(tomato_16) := true
  pickupable(baseballBat_17) := true
  pickupable(tomato_18) := true
  cleanable(tomato_18) := true
  heatable(tomato_18) := true
  coolable(tomato_18) := true
  sliceable(tomato_18) := true
  pickupable(toiletPaper_19) := true
  pickupable(plate_20) := true
  isReceptacleObject(plate_20) := true
  cleanable(plate_20) := true
  heatable(plate_20) := true
  coolable(plate_20) := true
  receptacleAtLocation(toaster_1, location3) := true
  receptacleAtLocation(tvStand_2, location5) := true
  receptacleAtLocation(sofa_3, location1) := true
  receptacleAtLocation(tvStand_4, location16) := true
  receptacleAtLocation(bed_5, location11) := true
  receptacleAtLocation(cart_6, location7) := true
  receptacleAtLocation(drawer_7, location9) := true
  receptacleAtLocation(ottoman_8, location13) := true
  receptacleAtLocation(sofa_9, location1) := true
  receptacleAtLocation(sofa_10, location10) := true
  receptacleAtLocation(bed_11, location11) := true
  receptacleAtLocation(cart_12, location3) := true
  receptacleAtLocation(toaster_13, location15) := true
  receptacleAtLocation(coffeeTable_14, location1) := true
  receptacleAtLocation(sideTable_15, location11) := true
  receptacleAtLocation(toiletPaperHanger_16, location15) := true
  receptacleAtLocation(laundryHamper_17, location13) := true
  receptacleAtLocation(sinkBasin_18, location1) := true
  receptacleAtLocation(sideTable_19, location18) := true
  receptacleAtLocation(cabinet_20, location9) := true
  receptacleAtLocation(microwave_21, location11) := true
  receptacleAtLocation(fridge_22, location9) := true
  inReceptacle(watch_1, sideTable_15) := true
  inReceptacle(laptop_2, coffeeTable_14) := true
  inReceptacle(toiletPaperRoll_3, cart_12) := true
  inReceptacle(vase_4, sideTable_15) := true
  inReceptacle(knife_5, coffeeTable_14) := true
  inReceptacle(pen_6, coffeeTable_14) := true
  inReceptacle(basketBall_7, ottoman_8) := true
  inReceptacle(glassbottle_8, sinkBasin_18) := true
  inReceptacle(dishSponge_9, cart_12) := true
  inReceptacle(cup_10, cabinet_20) := true
  inReceptacle(watch_11, sideTable_15) := true
  inReceptacle(lettuce_12, sideTable_19) := true
  inReceptacle(egg_13, sideTable_15) := true
  inReceptacle(pepperShaker_14, sideTable_19) := true
  inReceptacle(laptop_15, coffeeTable_14) := true
  inReceptacle(tomato_16, coffeeTable_14) := true
  inReceptacle(baseballBat_17, coffeeTable_14) := true
  inReceptacle(tomato_18, sideTable_15) := true
  inReceptacle(toiletPaper_19, sideTable_19) := true
  inReceptacle(plate_20, sideTable_19) := true
  objectAtLocation(watch_1, location11) := true
  objectAtLocation(laptop_2, location1) := true
  objectAtLocation(toiletPaperRoll_3, location3) := true
  objectAtLocation(vase_4, location11) := true
  objectAtLocation(knife_5, location1) := true
  objectAtLocation(pen_6, location1) := true
  objectAtLocation(basketBall_7, location13) := true
  objectAtLocation(glassbottle_8, location1) := true
  objectAtLocation(dishSponge_9, location3) := true
  objectAtLocation(cup_10, location9) := true
  objectAtLocation(watch_11, location11) := true
  objectAtLocation(lettuce_12, location18) := true
  objectAtLocation(egg_13, location11) := true
  objectAtLocation(pepperShaker_14, location18) := true
  objectAtLocation(laptop_15, location1) := true
  objectAtLocation(tomato_16, location1) := true
  objectAtLocation(baseballBat_17, location1) := true
  objectAtLocation(tomato_18, location11) := true
  objectAtLocation(toiletPaper_19, location18) := true
  objectAtLocation(plate_20, location18) := true
  atLocation(agent1, location13) := true
]

goals = [
  Exists (Receptacle - Checkable r) Exists (Obj - Checkable o) (inReceptacle(o, r) and objectType(o, cupType) and receptacleType(r, cabinetType))
]

quality metrics = [
  minimize sequential-plan-length
]


2025-08-13 09:29:14,202 - INFO - Generating plan for unconstrained problem

2025-08-13 09:29:14,829 - INFO - Unconstrained plan generation time: 0.6277995109558105

2025-08-13 09:29:14,830 - INFO - Unconstrained plan and cost: 
2025-08-13 09:29:14,830 - INFO - SequentialPlan:
2025-08-13 09:29:14,830 - INFO - 0
2025-08-13 09:30:30,238 - INFO - Sampled constraints:

2025-08-13 09:30:30,238 - INFO - Sometime((holds(agent1, vase_4) and holds(agent1, knife_5)))
2025-08-13 09:30:30,238 - INFO - Sometime((inReceptacleObject(vase_4, pepperShaker_14) and checked(location18)))
2025-08-13 09:30:30,238 - INFO - Sometime(atLocation(agent1, location15))
2025-08-13 09:30:30,238 - INFO - Sometime(inReceptacleObject(cup_10, watch_11))
2025-08-13 09:30:30,238 - INFO - Sometime((holdsAny(agent1) or checked(watch_11)))
2025-08-13 09:30:30,238 - INFO - Sometime((holdsAny(agent1) and objectAtLocation(toiletPaperRoll_3, location5)))
2025-08-13 09:30:30,238 - INFO - Sometime(objectAtLocation(pepperShaker_14, location19))
2025-08-13 09:30:30,238 - INFO - Sometime((inReceptacleObject(vase_4, knife_5) or inReceptacleObject(basketBall_7, cup_10)))
2025-08-13 09:30:30,238 - INFO - Sometime(checked(glassbottle_8))
2025-08-13 09:30:30,238 - INFO - Sometime((holds(agent1, baseballBat_17) and holdsAny(agent1)))
2025-08-13 09:30:30,238 - INFO - 
2025-08-13 09:30:30,238 - INFO - Generation time: 75.40813565254211

2025-08-13 09:30:30,239 - INFO - Generating plan for constrained problem (with LiftedTCORE).

2025-08-13 09:30:30,535 - INFO - LiftedTCORE compilation time: 0.29546070098876953

2025-08-13 09:30:31,070 - INFO - Planning Time with LiftedTCORE's file: 0.5346076488494873

