2025-08-13 09:31:31,005 - INFO - 
================= Seed: 1051 =================

2025-08-13 09:31:31,005 - INFO - problem name = alfred

types = [ReceptacleType, ObjectType, Checkable, Agent - Checkable, Location - Checkable, Receptacle - Checkable, Obj - Checkable]

fluents = [
  bool atLocation[a=Agent - Checkable, l=Location - Checkable]
  bool receptacleAtLocation[r=Receptacle - Checkable, l=Location - Checkable]
  bool objectAtLocation[o=Obj - Checkable, l=Location - Checkable]
  bool openable[r=Receptacle - Checkable]
  bool opened[r=Receptacle - Checkable]
  bool inReceptacle[o=Obj - Checkable, r=Receptacle - Checkable]
  bool isReceptacleObject[o=Obj - Checkable]
  bool inReceptacleObject[innerObject=Obj - Checkable, outObject=Obj - Checkable]
  bool isReceptacleObjectFull[o=Obj - Checkable]
  bool wasInReceptacle[o=Obj - Checkable, r=Receptacle - Checkable]
  bool checked[c=Checkable]
  bool examined[l=Location - Checkable]
  bool receptacleType[r=Receptacle - Checkable, rt=ReceptacleType]
  bool canContain[rt=ReceptacleType, ot=ObjectType]
  bool objectType[o=Obj - Checkable, t=ObjectType]
  bool holds[a=Agent - Checkable, o=Obj - Checkable]
  bool holdsAny[a=Agent - Checkable]
  bool holdsAnyReceptacleObject[a=Agent - Checkable]
  bool full[r=Receptacle - Checkable]
  bool isClean[o=Obj - Checkable]
  bool cleanable[o=Obj - Checkable]
  bool isHot[o=Obj - Checkable]
  bool heatable[o=Obj - Checkable]
  bool isCool[o=Obj - Checkable]
  bool coolable[o=Obj - Checkable]
  bool pickupable[o=Obj - Checkable]
  bool moveable[o=Obj - Checkable]
  bool toggleable[o=Obj - Checkable]
  bool isOn[o=Obj - Checkable]
  bool isToggled[o=Obj - Checkable]
  bool sliceable[o=Obj - Checkable]
  bool isSliced[o=Obj - Checkable]
]

actions = [
  action look(Agent - Checkable a, Location - Checkable l) {
    preconditions = [
      atLocation(a, l)
    ]
    effects = [
      checked(l) := true
    ]
  }
  action inventory(Agent - Checkable a) {
    preconditions = [
    ]
    effects = [
      checked(a) := true
    ]
  }
  action examineReceptacle(Agent - Checkable a, Receptacle - Checkable r) {
    preconditions = [
      Exists (Location - Checkable l) (atLocation(a, l) and receptacleAtLocation(r, l))
    ]
    effects = [
      checked(r) := true
    ]
  }
  action examineObject(Agent - Checkable a, Obj - Checkable o) {
    preconditions = [
      (Exists (Location - Checkable l) Exists (Receptacle - Checkable r) (atLocation(a, l) and receptacleAtLocation(r, l) and inReceptacle(o, r) and ((not openable(r)) or opened(r))) or holds(a, o))
    ]
    effects = [
      checked(o) := true
    ]
  }
  action goToLocation(Agent - Checkable a, Location - Checkable lstart, Location - Checkable lend) {
    preconditions = [
      atLocation(a, lstart)
    ]
    effects = [
      atLocation(a, lstart) := false
      atLocation(a, lend) := true
    ]
  }
  action openObject(Agent - Checkable a, Location - Checkable l, Receptacle - Checkable r) {
    preconditions = [
      (openable(r) and atLocation(a, l) and receptacleAtLocation(r, l) and (not opened(r)))
    ]
    effects = [
      opened(r) := true
      checked(r) := true
    ]
  }
  action closeObject(Agent - Checkable a, Location - Checkable l, Receptacle - Checkable r) {
    preconditions = [
      (openable(r) and atLocation(a, l) and receptacleAtLocation(r, l) and opened(r))
    ]
    effects = [
      opened(r) := false
    ]
  }
  action pickupObject(Agent - Checkable a, Location - Checkable l, Obj - Checkable o, Receptacle - Checkable r) {
    preconditions = [
      (pickupable(o) and atLocation(a, l) and receptacleAtLocation(r, l) and inReceptacle(o, r) and (not holdsAny(a)) and ((not openable(r)) or opened(r)))
    ]
    effects = [
      inReceptacle(o, r) := false
      holds(a, o) := true
      holdsAny(a) := true
      objectAtLocation(o, l) := false
    ]
  }
  action putObject(Agent - Checkable a, Location - Checkable l, Obj - Checkable o, Receptacle - Checkable r, ObjectType ot, ReceptacleType rt) {
    preconditions = [
      (holds(a, o) and atLocation(a, l) and receptacleAtLocation(r, l) and ((not openable(r)) or opened(r)) and objectType(o, ot) and receptacleType(r, rt) and canContain(rt, ot))
    ]
    effects = [
      inReceptacle(o, r) := true
      objectAtLocation(o, l) := true
      holds(a, o) := false
      holdsAny(a) := false
    ]
  }
  action cleanObject(Agent - Checkable a, Location - Checkable l, Receptacle - Checkable r, Obj - Checkable o) {
    preconditions = [
      (cleanable(o) and receptacleType(r, sinkBasinType) and atLocation(a, l) and receptacleAtLocation(r, l) and holds(a, o))
    ]
    effects = [
      isClean(o) := true
    ]
  }
  action heatObject(Agent - Checkable a, Location - Checkable l, Receptacle - Checkable r, Obj - Checkable o) {
    preconditions = [
      (heatable(o) and receptacleType(r, microwaveType) and atLocation(a, l) and receptacleAtLocation(r, l) and holds(a, o))
    ]
    effects = [
      isHot(o) := true
      isCool(o) := false
    ]
  }
  action coolObject(Agent - Checkable a, Location - Checkable l, Receptacle - Checkable r, Obj - Checkable o) {
    preconditions = [
      (coolable(o) and receptacleType(r, fridgeType) and atLocation(a, l) and receptacleAtLocation(r, l) and holds(a, o))
    ]
    effects = [
      isCool(o) := true
      isHot(o) := false
    ]
  }
  action toggleObject(Agent - Checkable a, Location - Checkable l, Obj - Checkable o, Receptacle - Checkable r) {
    preconditions = [
      (toggleable(o) and atLocation(a, l) and receptacleAtLocation(r, l) and inReceptacle(o, r))
    ]
    effects = [
      if isOn(o) then isOn(o) := false
      if (not isOn(o)) then isOn(o) := true
      isToggled(o) := true
    ]
  }
  action sliceObject(Agent - Checkable a, Location - Checkable l, Obj - Checkable co, Obj - Checkable ko) {
    preconditions = [
      (sliceable(co) and (objectType(ko, knifeType) or objectType(ko, butterKnifeType)) and atLocation(a, l) and objectAtLocation(co, l) and holds(a, ko))
    ]
    effects = [
      isSliced(co) := true
    ]
  }
  action help(Agent - Checkable a) {
    preconditions = [
    ]
    effects = [
      checked(a) := true
    ]
  }
]

objects = [
  ReceptacleType: [sinkBasinType, microwaveType, fridgeType, drawerType, sofaType, garbageCanType, toiletPaperHangerType, laundryHamperType, toiletType, cabinetType, cartType, sideTableType, bathtubBasinType, shelfType, ottomanType, toasterType, bedType, counterTopType]
  ObjectType: [knifeType, butterKnifeType, penType, sprayBottleType, plateType, breadType, plungerType, spatulaType, bookType, potatoType, bowlType, toiletPaperRollType, wineBottleType, pencilType, newspaperType, keyChainType, forkType, appleType, panType]
  Checkable: [agent1, location1, location2, location3, location4, location5, location6, location7, location8, location9, location10, location11, location12, location13, location14, location15, location16, location17, location18, location19, location20, drawer_1, sofa_2, sinkBasin_3, garbageCan_4, toiletPaperHanger_5, laundryHamper_6, toilet_7, cabinet_8, garbageCan_9, cart_10, sideTable_11, bathtubBasin_12, shelf_13, laundryHamper_14, ottoman_15, toaster_16, bed_17, sideTable_18, counterTop_19, ottoman_20, microwave_21, fridge_22, pen_1, sprayBottle_2, plate_3, bread_4, plunger_5, spatula_6, book_7, potato_8, bowl_9, toiletPaperRoll_10, wineBottle_11, pencil_12, newspaper_13, keyChain_14, fork_15, wineBottle_16, apple_17, spatula_18, spatula_19, pan_20]
  Agent - Checkable: [agent1]
  Location - Checkable: [location1, location2, location3, location4, location5, location6, location7, location8, location9, location10, location11, location12, location13, location14, location15, location16, location17, location18, location19, location20]
  Receptacle - Checkable: [drawer_1, sofa_2, sinkBasin_3, garbageCan_4, toiletPaperHanger_5, laundryHamper_6, toilet_7, cabinet_8, garbageCan_9, cart_10, sideTable_11, bathtubBasin_12, shelf_13, laundryHamper_14, ottoman_15, toaster_16, bed_17, sideTable_18, counterTop_19, ottoman_20, microwave_21, fridge_22]
  Obj - Checkable: [pen_1, sprayBottle_2, plate_3, bread_4, plunger_5, spatula_6, book_7, potato_8, bowl_9, toiletPaperRoll_10, wineBottle_11, pencil_12, newspaper_13, keyChain_14, fork_15, wineBottle_16, apple_17, spatula_18, spatula_19, pan_20]
]

initial fluents default = [
  bool atLocation[a=Agent - Checkable, l=Location - Checkable] := false
  bool receptacleAtLocation[r=Receptacle - Checkable, l=Location - Checkable] := false
  bool objectAtLocation[o=Obj - Checkable, l=Location - Checkable] := false
  bool openable[r=Receptacle - Checkable] := false
  bool opened[r=Receptacle - Checkable] := false
  bool inReceptacle[o=Obj - Checkable, r=Receptacle - Checkable] := false
  bool isReceptacleObject[o=Obj - Checkable] := false
  bool inReceptacleObject[innerObject=Obj - Checkable, outObject=Obj - Checkable] := false
  bool isReceptacleObjectFull[o=Obj - Checkable] := false
  bool wasInReceptacle[o=Obj - Checkable, r=Receptacle - Checkable] := false
  bool checked[c=Checkable] := false
  bool examined[l=Location - Checkable] := false
  bool receptacleType[r=Receptacle - Checkable, rt=ReceptacleType] := false
  bool canContain[rt=ReceptacleType, ot=ObjectType] := false
  bool objectType[o=Obj - Checkable, t=ObjectType] := false
  bool holds[a=Agent - Checkable, o=Obj - Checkable] := false
  bool holdsAny[a=Agent - Checkable] := false
  bool holdsAnyReceptacleObject[a=Agent - Checkable] := false
  bool full[r=Receptacle - Checkable] := false
  bool isClean[o=Obj - Checkable] := false
  bool cleanable[o=Obj - Checkable] := false
  bool isHot[o=Obj - Checkable] := false
  bool heatable[o=Obj - Checkable] := false
  bool isCool[o=Obj - Checkable] := false
  bool coolable[o=Obj - Checkable] := false
  bool pickupable[o=Obj - Checkable] := false
  bool moveable[o=Obj - Checkable] := false
  bool toggleable[o=Obj - Checkable] := false
  bool isOn[o=Obj - Checkable] := false
  bool isToggled[o=Obj - Checkable] := false
  bool sliceable[o=Obj - Checkable] := false
  bool isSliced[o=Obj - Checkable] := false
]

initial values = [
  receptacleType(drawer_1, drawerType) := true
  receptacleType(sofa_2, sofaType) := true
  receptacleType(sinkBasin_3, sinkBasinType) := true
  receptacleType(garbageCan_4, garbageCanType) := true
  receptacleType(toiletPaperHanger_5, toiletPaperHangerType) := true
  receptacleType(laundryHamper_6, laundryHamperType) := true
  receptacleType(toilet_7, toiletType) := true
  receptacleType(cabinet_8, cabinetType) := true
  receptacleType(garbageCan_9, garbageCanType) := true
  receptacleType(cart_10, cartType) := true
  receptacleType(sideTable_11, sideTableType) := true
  receptacleType(bathtubBasin_12, bathtubBasinType) := true
  receptacleType(shelf_13, shelfType) := true
  receptacleType(laundryHamper_14, laundryHamperType) := true
  receptacleType(ottoman_15, ottomanType) := true
  receptacleType(toaster_16, toasterType) := true
  receptacleType(bed_17, bedType) := true
  receptacleType(sideTable_18, sideTableType) := true
  receptacleType(counterTop_19, counterTopType) := true
  receptacleType(ottoman_20, ottomanType) := true
  receptacleType(microwave_21, microwaveType) := true
  receptacleType(fridge_22, fridgeType) := true
  objectType(pen_1, penType) := true
  objectType(sprayBottle_2, sprayBottleType) := true
  objectType(plate_3, plateType) := true
  objectType(bread_4, breadType) := true
  objectType(plunger_5, plungerType) := true
  objectType(spatula_6, spatulaType) := true
  objectType(book_7, bookType) := true
  objectType(potato_8, potatoType) := true
  objectType(bowl_9, bowlType) := true
  objectType(toiletPaperRoll_10, toiletPaperRollType) := true
  objectType(wineBottle_11, wineBottleType) := true
  objectType(pencil_12, pencilType) := true
  objectType(newspaper_13, newspaperType) := true
  objectType(keyChain_14, keyChainType) := true
  objectType(fork_15, forkType) := true
  objectType(wineBottle_16, wineBottleType) := true
  objectType(apple_17, appleType) := true
  objectType(spatula_18, spatulaType) := true
  objectType(spatula_19, spatulaType) := true
  objectType(pan_20, panType) := true
  canContain(drawerType, penType) := true
  canContain(drawerType, sprayBottleType) := true
  canContain(drawerType, spatulaType) := true
  canContain(drawerType, bookType) := true
  canContain(drawerType, toiletPaperRollType) := true
  canContain(drawerType, pencilType) := true
  canContain(drawerType, newspaperType) := true
  canContain(drawerType, keyChainType) := true
  canContain(drawerType, forkType) := true
  canContain(sofaType, bookType) := true
  canContain(sofaType, newspaperType) := true
  canContain(sofaType, keyChainType) := true
  canContain(sinkBasinType, plateType) := true
  canContain(sinkBasinType, spatulaType) := true
  canContain(sinkBasinType, potatoType) := true
  canContain(sinkBasinType, bowlType) := true
  canContain(sinkBasinType, forkType) := true
  canContain(sinkBasinType, appleType) := true
  canContain(sinkBasinType, panType) := true
  canContain(garbageCanType, penType) := true
  canContain(garbageCanType, sprayBottleType) := true
  canContain(garbageCanType, breadType) := true
  canContain(garbageCanType, potatoType) := true
  canContain(garbageCanType, toiletPaperRollType) := true
  canContain(garbageCanType, wineBottleType) := true
  canContain(garbageCanType, pencilType) := true
  canContain(garbageCanType, newspaperType) := true
  canContain(garbageCanType, appleType) := true
  canContain(toiletPaperHangerType, toiletPaperRollType) := true
  canContain(toiletType, sprayBottleType) := true
  canContain(toiletType, toiletPaperRollType) := true
  canContain(toiletType, newspaperType) := true
  canContain(cabinetType, sprayBottleType) := true
  canContain(cabinetType, plateType) := true
  canContain(cabinetType, plungerType) := true
  canContain(cabinetType, bookType) := true
  canContain(cabinetType, bowlType) := true
  canContain(cabinetType, toiletPaperRollType) := true
  canContain(cabinetType, wineBottleType) := true
  canContain(cabinetType, newspaperType) := true
  canContain(cabinetType, panType) := true
  canContain(cartType, sprayBottleType) := true
  canContain(cartType, plungerType) := true
  canContain(cartType, toiletPaperRollType) := true
  canContain(sideTableType, penType) := true
  canContain(sideTableType, sprayBottleType) := true
  canContain(sideTableType, plateType) := true
  canContain(sideTableType, breadType) := true
  canContain(sideTableType, spatulaType) := true
  canContain(sideTableType, bookType) := true
  canContain(sideTableType, potatoType) := true
  canContain(sideTableType, bowlType) := true
  canContain(sideTableType, toiletPaperRollType) := true
  canContain(sideTableType, wineBottleType) := true
  canContain(sideTableType, pencilType) := true
  canContain(sideTableType, newspaperType) := true
  canContain(sideTableType, keyChainType) := true
  canContain(sideTableType, forkType) := true
  canContain(sideTableType, appleType) := true
  canContain(sideTableType, panType) := true
  canContain(shelfType, penType) := true
  canContain(shelfType, sprayBottleType) := true
  canContain(shelfType, plateType) := true
  canContain(shelfType, bookType) := true
  canContain(shelfType, bowlType) := true
  canContain(shelfType, toiletPaperRollType) := true
  canContain(shelfType, wineBottleType) := true
  canContain(shelfType, pencilType) := true
  canContain(shelfType, newspaperType) := true
  canContain(shelfType, keyChainType) := true
  canContain(ottomanType, bookType) := true
  canContain(ottomanType, newspaperType) := true
  canContain(ottomanType, keyChainType) := true
  canContain(bedType, bookType) := true
  canContain(bedType, newspaperType) := true
  canContain(counterTopType, penType) := true
  canContain(counterTopType, sprayBottleType) := true
  canContain(counterTopType, plateType) := true
  canContain(counterTopType, breadType) := true
  canContain(counterTopType, spatulaType) := true
  canContain(counterTopType, bookType) := true
  canContain(counterTopType, potatoType) := true
  canContain(counterTopType, bowlType) := true
  canContain(counterTopType, toiletPaperRollType) := true
  canContain(counterTopType, wineBottleType) := true
  canContain(counterTopType, pencilType) := true
  canContain(counterTopType, newspaperType) := true
  canContain(counterTopType, keyChainType) := true
  canContain(counterTopType, forkType) := true
  canContain(counterTopType, appleType) := true
  canContain(counterTopType, panType) := true
  canContain(microwaveType, plateType) := true
  canContain(microwaveType, breadType) := true
  canContain(microwaveType, potatoType) := true
  canContain(microwaveType, bowlType) := true
  canContain(microwaveType, appleType) := true
  canContain(fridgeType, plateType) := true
  canContain(fridgeType, breadType) := true
  canContain(fridgeType, potatoType) := true
  canContain(fridgeType, bowlType) := true
  canContain(fridgeType, wineBottleType) := true
  canContain(fridgeType, appleType) := true
  canContain(fridgeType, panType) := true
  pickupable(pen_1) := true
  pickupable(sprayBottle_2) := true
  pickupable(plate_3) := true
  isReceptacleObject(plate_3) := true
  cleanable(plate_3) := true
  heatable(plate_3) := true
  coolable(plate_3) := true
  pickupable(bread_4) := true
  heatable(bread_4) := true
  coolable(bread_4) := true
  sliceable(bread_4) := true
  pickupable(plunger_5) := true
  pickupable(spatula_6) := true
  cleanable(spatula_6) := true
  pickupable(book_7) := true
  pickupable(potato_8) := true
  cleanable(potato_8) := true
  heatable(potato_8) := true
  coolable(potato_8) := true
  sliceable(potato_8) := true
  pickupable(bowl_9) := true
  isReceptacleObject(bowl_9) := true
  cleanable(bowl_9) := true
  coolable(bowl_9) := true
  pickupable(toiletPaperRoll_10) := true
  pickupable(wineBottle_11) := true
  pickupable(pencil_12) := true
  pickupable(newspaper_13) := true
  pickupable(keyChain_14) := true
  pickupable(fork_15) := true
  cleanable(fork_15) := true
  pickupable(wineBottle_16) := true
  pickupable(apple_17) := true
  cleanable(apple_17) := true
  heatable(apple_17) := true
  coolable(apple_17) := true
  sliceable(apple_17) := true
  pickupable(spatula_18) := true
  cleanable(spatula_18) := true
  pickupable(spatula_19) := true
  cleanable(spatula_19) := true
  pickupable(pan_20) := true
  isReceptacleObject(pan_20) := true
  cleanable(pan_20) := true
  coolable(pan_20) := true
  receptacleAtLocation(drawer_1, location1) := true
  receptacleAtLocation(sofa_2, location9) := true
  receptacleAtLocation(sinkBasin_3, location15) := true
  receptacleAtLocation(garbageCan_4, location10) := true
  receptacleAtLocation(toiletPaperHanger_5, location6) := true
  receptacleAtLocation(laundryHamper_6, location1) := true
  receptacleAtLocation(toilet_7, location20) := true
  receptacleAtLocation(cabinet_8, location13) := true
  receptacleAtLocation(garbageCan_9, location19) := true
  receptacleAtLocation(cart_10, location14) := true
  receptacleAtLocation(sideTable_11, location6) := true
  receptacleAtLocation(bathtubBasin_12, location6) := true
  receptacleAtLocation(shelf_13, location8) := true
  receptacleAtLocation(laundryHamper_14, location18) := true
  receptacleAtLocation(ottoman_15, location19) := true
  receptacleAtLocation(toaster_16, location1) := true
  receptacleAtLocation(bed_17, location18) := true
  receptacleAtLocation(sideTable_18, location14) := true
  receptacleAtLocation(counterTop_19, location1) := true
  receptacleAtLocation(ottoman_20, location12) := true
  receptacleAtLocation(microwave_21, location2) := true
  receptacleAtLocation(fridge_22, location16) := true
  inReceptacle(pen_1, shelf_13) := true
  inReceptacle(sprayBottle_2, cabinet_8) := true
  inReceptacle(plate_3, cabinet_8) := true
  inReceptacle(bread_4, garbageCan_4) := true
  inReceptacle(plunger_5, cart_10) := true
  inReceptacle(spatula_6, sinkBasin_3) := true
  inReceptacle(book_7, cabinet_8) := true
  inReceptacle(potato_8, microwave_21) := true
  inReceptacle(bowl_9, counterTop_19) := true
  inReceptacle(toiletPaperRoll_10, toilet_7) := true
  inReceptacle(wineBottle_11, counterTop_19) := true
  inReceptacle(pencil_12, sideTable_18) := true
  inReceptacle(newspaper_13, garbageCan_9) := true
  inReceptacle(keyChain_14, sofa_2) := true
  inReceptacle(fork_15, sideTable_11) := true
  inReceptacle(wineBottle_16, fridge_22) := true
  inReceptacle(apple_17, sideTable_11) := true
  inReceptacle(spatula_18, sinkBasin_3) := true
  inReceptacle(spatula_19, sideTable_18) := true
  inReceptacle(pan_20, sinkBasin_3) := true
  objectAtLocation(pen_1, location8) := true
  objectAtLocation(sprayBottle_2, location13) := true
  objectAtLocation(plate_3, location13) := true
  objectAtLocation(bread_4, location10) := true
  objectAtLocation(plunger_5, location14) := true
  objectAtLocation(spatula_6, location15) := true
  objectAtLocation(book_7, location13) := true
  objectAtLocation(potato_8, location2) := true
  objectAtLocation(bowl_9, location1) := true
  objectAtLocation(toiletPaperRoll_10, location20) := true
  objectAtLocation(wineBottle_11, location1) := true
  objectAtLocation(pencil_12, location14) := true
  objectAtLocation(newspaper_13, location19) := true
  objectAtLocation(keyChain_14, location9) := true
  objectAtLocation(fork_15, location6) := true
  objectAtLocation(wineBottle_16, location16) := true
  objectAtLocation(apple_17, location6) := true
  objectAtLocation(spatula_18, location15) := true
  objectAtLocation(spatula_19, location14) := true
  objectAtLocation(pan_20, location15) := true
  atLocation(agent1, location1) := true
]

goals = [
  Exists (Receptacle - Checkable r) Exists (Obj - Checkable o) (coolable(o) and objectType(o, bowlType) and receptacleType(r, sideTableType) and isCool(o) and inReceptacle(o, r))
]

quality metrics = [
  minimize sequential-plan-length
]


2025-08-13 09:31:31,039 - INFO - Generating plan for unconstrained problem

2025-08-13 09:31:36,146 - INFO - Unconstrained plan generation time: 5.106997013092041

2025-08-13 09:31:36,146 - INFO - Unconstrained plan and cost: 
2025-08-13 09:31:36,146 - INFO - SequentialPlan:
    pickupObject(agent1, location1, bowl_9, counterTop_19)
    goToLocation(agent1, location1, location16)
    coolObject(agent1, location16, fridge_22, bowl_9)
    goToLocation(agent1, location16, location14)
    putObject(agent1, location14, bowl_9, sideTable_18, bowlType, sideTableType)
2025-08-13 09:31:36,147 - INFO - 5
2025-08-13 09:31:45,126 - INFO - Sampled constraints:

2025-08-13 09:31:45,127 - INFO - Sometime((holds(agent1, plunger_5) or inReceptacleObject(book_7, pencil_12)))
2025-08-13 09:31:45,128 - INFO - Sometime((objectAtLocation(newspaper_13, location18) or holds(agent1, newspaper_13)))
2025-08-13 09:31:45,128 - INFO - Sometime(holdsAny(agent1))
2025-08-13 09:31:45,128 - INFO - Sometime-After(holdsAny(agent1), (inReceptacleObject(spatula_19, keyChain_14) or atLocation(agent1, location15)))
2025-08-13 09:31:45,129 - INFO - Sometime(holds(agent1, bowl_9))
2025-08-13 09:31:45,129 - INFO - Sometime-After(holds(agent1, bowl_9), checked(garbageCan_9))
2025-08-13 09:31:45,130 - INFO - Sometime((atLocation(agent1, location12) or checked(location15)))
2025-08-13 09:31:45,130 - INFO - Sometime(atLocation(agent1, location16))
2025-08-13 09:31:45,131 - INFO - Sometime-After(atLocation(agent1, location16), atLocation(agent1, location4))
2025-08-13 09:31:45,131 - INFO - Sometime(holds(agent1, keyChain_14))
2025-08-13 09:31:45,131 - INFO - Sometime((atLocation(agent1, location13) or checked(pan_20)))
2025-08-13 09:31:45,132 - INFO - Sometime((checked(bathtubBasin_12) or checked(book_7)))
2025-08-13 09:31:45,132 - INFO - Sometime((holds(agent1, pen_1) and holds(agent1, newspaper_13)))
2025-08-13 09:31:45,132 - INFO - 
2025-08-13 09:31:45,133 - INFO - Generation time: 8.979623317718506

2025-08-13 09:31:45,144 - INFO - Generating plan for constrained problem (with LiftedTCORE).

2025-08-13 09:31:49,446 - INFO - LiftedTCORE compilation time: 4.301517009735107

