2025-08-13 09:18:48,254 - INFO - 
================= Seed: 1007 =================

2025-08-13 09:18:48,254 - INFO - problem name = alfred

types = [ReceptacleType, ObjectType, Checkable, Agent - Checkable, Location - Checkable, Receptacle - Checkable, Obj - Checkable]

fluents = [
  bool atLocation[a=Agent - Checkable, l=Location - Checkable]
  bool receptacleAtLocation[r=Receptacle - Checkable, l=Location - Checkable]
  bool objectAtLocation[o=Obj - Checkable, l=Location - Checkable]
  bool openable[r=Receptacle - Checkable]
  bool opened[r=Receptacle - Checkable]
  bool inReceptacle[o=Obj - Checkable, r=Receptacle - Checkable]
  bool isReceptacleObject[o=Obj - Checkable]
  bool inReceptacleObject[innerObject=Obj - Checkable, outObject=Obj - Checkable]
  bool isReceptacleObjectFull[o=Obj - Checkable]
  bool wasInReceptacle[o=Obj - Checkable, r=Receptacle - Checkable]
  bool checked[c=Checkable]
  bool examined[l=Location - Checkable]
  bool receptacleType[r=Receptacle - Checkable, rt=ReceptacleType]
  bool canContain[rt=ReceptacleType, ot=ObjectType]
  bool objectType[o=Obj - Checkable, t=ObjectType]
  bool holds[a=Agent - Checkable, o=Obj - Checkable]
  bool holdsAny[a=Agent - Checkable]
  bool holdsAnyReceptacleObject[a=Agent - Checkable]
  bool full[r=Receptacle - Checkable]
  bool isClean[o=Obj - Checkable]
  bool cleanable[o=Obj - Checkable]
  bool isHot[o=Obj - Checkable]
  bool heatable[o=Obj - Checkable]
  bool isCool[o=Obj - Checkable]
  bool coolable[o=Obj - Checkable]
  bool pickupable[o=Obj - Checkable]
  bool moveable[o=Obj - Checkable]
  bool toggleable[o=Obj - Checkable]
  bool isOn[o=Obj - Checkable]
  bool isToggled[o=Obj - Checkable]
  bool sliceable[o=Obj - Checkable]
  bool isSliced[o=Obj - Checkable]
]

actions = [
  action look(Agent - Checkable a, Location - Checkable l) {
    preconditions = [
      atLocation(a, l)
    ]
    effects = [
      checked(l) := true
    ]
  }
  action inventory(Agent - Checkable a) {
    preconditions = [
    ]
    effects = [
      checked(a) := true
    ]
  }
  action examineReceptacle(Agent - Checkable a, Receptacle - Checkable r) {
    preconditions = [
      Exists (Location - Checkable l) (atLocation(a, l) and receptacleAtLocation(r, l))
    ]
    effects = [
      checked(r) := true
    ]
  }
  action examineObject(Agent - Checkable a, Obj - Checkable o) {
    preconditions = [
      (Exists (Location - Checkable l) Exists (Receptacle - Checkable r) (atLocation(a, l) and receptacleAtLocation(r, l) and inReceptacle(o, r) and ((not openable(r)) or opened(r))) or holds(a, o))
    ]
    effects = [
      checked(o) := true
    ]
  }
  action goToLocation(Agent - Checkable a, Location - Checkable lstart, Location - Checkable lend) {
    preconditions = [
      atLocation(a, lstart)
    ]
    effects = [
      atLocation(a, lstart) := false
      atLocation(a, lend) := true
    ]
  }
  action openObject(Agent - Checkable a, Location - Checkable l, Receptacle - Checkable r) {
    preconditions = [
      (openable(r) and atLocation(a, l) and receptacleAtLocation(r, l) and (not opened(r)))
    ]
    effects = [
      opened(r) := true
      checked(r) := true
    ]
  }
  action closeObject(Agent - Checkable a, Location - Checkable l, Receptacle - Checkable r) {
    preconditions = [
      (openable(r) and atLocation(a, l) and receptacleAtLocation(r, l) and opened(r))
    ]
    effects = [
      opened(r) := false
    ]
  }
  action pickupObject(Agent - Checkable a, Location - Checkable l, Obj - Checkable o, Receptacle - Checkable r) {
    preconditions = [
      (pickupable(o) and atLocation(a, l) and receptacleAtLocation(r, l) and inReceptacle(o, r) and (not holdsAny(a)) and ((not openable(r)) or opened(r)))
    ]
    effects = [
      inReceptacle(o, r) := false
      holds(a, o) := true
      holdsAny(a) := true
      objectAtLocation(o, l) := false
    ]
  }
  action putObject(Agent - Checkable a, Location - Checkable l, Obj - Checkable o, Receptacle - Checkable r, ObjectType ot, ReceptacleType rt) {
    preconditions = [
      (holds(a, o) and atLocation(a, l) and receptacleAtLocation(r, l) and ((not openable(r)) or opened(r)) and objectType(o, ot) and receptacleType(r, rt) and canContain(rt, ot))
    ]
    effects = [
      inReceptacle(o, r) := true
      objectAtLocation(o, l) := true
      holds(a, o) := false
      holdsAny(a) := false
    ]
  }
  action cleanObject(Agent - Checkable a, Location - Checkable l, Receptacle - Checkable r, Obj - Checkable o) {
    preconditions = [
      (cleanable(o) and receptacleType(r, sinkBasinType) and atLocation(a, l) and receptacleAtLocation(r, l) and holds(a, o))
    ]
    effects = [
      isClean(o) := true
    ]
  }
  action heatObject(Agent - Checkable a, Location - Checkable l, Receptacle - Checkable r, Obj - Checkable o) {
    preconditions = [
      (heatable(o) and receptacleType(r, microwaveType) and atLocation(a, l) and receptacleAtLocation(r, l) and holds(a, o))
    ]
    effects = [
      isHot(o) := true
      isCool(o) := false
    ]
  }
  action coolObject(Agent - Checkable a, Location - Checkable l, Receptacle - Checkable r, Obj - Checkable o) {
    preconditions = [
      (coolable(o) and receptacleType(r, fridgeType) and atLocation(a, l) and receptacleAtLocation(r, l) and holds(a, o))
    ]
    effects = [
      isCool(o) := true
      isHot(o) := false
    ]
  }
  action toggleObject(Agent - Checkable a, Location - Checkable l, Obj - Checkable o, Receptacle - Checkable r) {
    preconditions = [
      (toggleable(o) and atLocation(a, l) and receptacleAtLocation(r, l) and inReceptacle(o, r))
    ]
    effects = [
      if isOn(o) then isOn(o) := false
      if (not isOn(o)) then isOn(o) := true
      isToggled(o) := true
    ]
  }
  action sliceObject(Agent - Checkable a, Location - Checkable l, Obj - Checkable co, Obj - Checkable ko) {
    preconditions = [
      (sliceable(co) and (objectType(ko, knifeType) or objectType(ko, butterKnifeType)) and atLocation(a, l) and objectAtLocation(co, l) and holds(a, ko))
    ]
    effects = [
      isSliced(co) := true
    ]
  }
  action help(Agent - Checkable a) {
    preconditions = [
    ]
    effects = [
      checked(a) := true
    ]
  }
]

objects = [
  ReceptacleType: [sinkBasinType, microwaveType, fridgeType, cartType, drawerType, deskType, bedType, armChairType, coffeeMachineType, tvStandType, handTowelHolderType, dresserType, ottomanType, towelHolderType, toiletType, counterTopType, safeType, sideTableType]
  ObjectType: [knifeType, butterKnifeType, paperTowelType, boxType, plateType, bowlType, potatoType, newspaperType, clothType, cupType, watchType, statueType, cellPhoneType, appleType, pencilType, potType]
  Checkable: [agent1, location1, location2, location3, location4, location5, location6, location7, location8, location9, location10, location11, location12, location13, location14, location15, location16, location17, location18, location19, location20, cart_1, drawer_2, desk_3, bed_4, armChair_5, coffeeMachine_6, tvStand_7, handTowelHolder_8, dresser_9, ottoman_10, desk_11, coffeeMachine_12, fridge_13, towelHolder_14, drawer_15, toilet_16, counterTop_17, safe_18, drawer_19, sideTable_20, microwave_21, fridge_22, paperTowel_1, box_2, butterKnife_3, butterKnife_4, plate_5, bowl_6, potato_7, newspaper_8, newspaper_9, cloth_10, cup_11, watch_12, statue_13, cellPhone_14, knife_15, apple_16, bowl_17, pencil_18, box_19, pot_20]
  Agent - Checkable: [agent1]
  Location - Checkable: [location1, location2, location3, location4, location5, location6, location7, location8, location9, location10, location11, location12, location13, location14, location15, location16, location17, location18, location19, location20]
  Receptacle - Checkable: [cart_1, drawer_2, desk_3, bed_4, armChair_5, coffeeMachine_6, tvStand_7, handTowelHolder_8, dresser_9, ottoman_10, desk_11, coffeeMachine_12, fridge_13, towelHolder_14, drawer_15, toilet_16, counterTop_17, safe_18, drawer_19, sideTable_20, microwave_21, fridge_22]
  Obj - Checkable: [paperTowel_1, box_2, butterKnife_3, butterKnife_4, plate_5, bowl_6, potato_7, newspaper_8, newspaper_9, cloth_10, cup_11, watch_12, statue_13, cellPhone_14, knife_15, apple_16, bowl_17, pencil_18, box_19, pot_20]
]

initial fluents default = [
  bool atLocation[a=Agent - Checkable, l=Location - Checkable] := false
  bool receptacleAtLocation[r=Receptacle - Checkable, l=Location - Checkable] := false
  bool objectAtLocation[o=Obj - Checkable, l=Location - Checkable] := false
  bool openable[r=Receptacle - Checkable] := false
  bool opened[r=Receptacle - Checkable] := false
  bool inReceptacle[o=Obj - Checkable, r=Receptacle - Checkable] := false
  bool isReceptacleObject[o=Obj - Checkable] := false
  bool inReceptacleObject[innerObject=Obj - Checkable, outObject=Obj - Checkable] := false
  bool isReceptacleObjectFull[o=Obj - Checkable] := false
  bool wasInReceptacle[o=Obj - Checkable, r=Receptacle - Checkable] := false
  bool checked[c=Checkable] := false
  bool examined[l=Location - Checkable] := false
  bool receptacleType[r=Receptacle - Checkable, rt=ReceptacleType] := false
  bool canContain[rt=ReceptacleType, ot=ObjectType] := false
  bool objectType[o=Obj - Checkable, t=ObjectType] := false
  bool holds[a=Agent - Checkable, o=Obj - Checkable] := false
  bool holdsAny[a=Agent - Checkable] := false
  bool holdsAnyReceptacleObject[a=Agent - Checkable] := false
  bool full[r=Receptacle - Checkable] := false
  bool isClean[o=Obj - Checkable] := false
  bool cleanable[o=Obj - Checkable] := false
  bool isHot[o=Obj - Checkable] := false
  bool heatable[o=Obj - Checkable] := false
  bool isCool[o=Obj - Checkable] := false
  bool coolable[o=Obj - Checkable] := false
  bool pickupable[o=Obj - Checkable] := false
  bool moveable[o=Obj - Checkable] := false
  bool toggleable[o=Obj - Checkable] := false
  bool isOn[o=Obj - Checkable] := false
  bool isToggled[o=Obj - Checkable] := false
  bool sliceable[o=Obj - Checkable] := false
  bool isSliced[o=Obj - Checkable] := false
]

initial values = [
  receptacleType(cart_1, cartType) := true
  receptacleType(drawer_2, drawerType) := true
  receptacleType(desk_3, deskType) := true
  receptacleType(bed_4, bedType) := true
  receptacleType(armChair_5, armChairType) := true
  receptacleType(coffeeMachine_6, coffeeMachineType) := true
  receptacleType(tvStand_7, tvStandType) := true
  receptacleType(handTowelHolder_8, handTowelHolderType) := true
  receptacleType(dresser_9, dresserType) := true
  receptacleType(ottoman_10, ottomanType) := true
  receptacleType(desk_11, deskType) := true
  receptacleType(coffeeMachine_12, coffeeMachineType) := true
  receptacleType(fridge_13, fridgeType) := true
  receptacleType(towelHolder_14, towelHolderType) := true
  receptacleType(drawer_15, drawerType) := true
  receptacleType(toilet_16, toiletType) := true
  receptacleType(counterTop_17, counterTopType) := true
  receptacleType(safe_18, safeType) := true
  receptacleType(drawer_19, drawerType) := true
  receptacleType(sideTable_20, sideTableType) := true
  receptacleType(microwave_21, microwaveType) := true
  receptacleType(fridge_22, fridgeType) := true
  objectType(paperTowel_1, paperTowelType) := true
  objectType(box_2, boxType) := true
  objectType(butterKnife_3, butterKnifeType) := true
  objectType(butterKnife_4, butterKnifeType) := true
  objectType(plate_5, plateType) := true
  objectType(bowl_6, bowlType) := true
  objectType(potato_7, potatoType) := true
  objectType(newspaper_8, newspaperType) := true
  objectType(newspaper_9, newspaperType) := true
  objectType(cloth_10, clothType) := true
  objectType(cup_11, cupType) := true
  objectType(watch_12, watchType) := true
  objectType(statue_13, statueType) := true
  objectType(cellPhone_14, cellPhoneType) := true
  objectType(knife_15, knifeType) := true
  objectType(apple_16, appleType) := true
  objectType(bowl_17, bowlType) := true
  objectType(pencil_18, pencilType) := true
  objectType(box_19, boxType) := true
  objectType(pot_20, potType) := true
  canContain(cartType, paperTowelType) := true
  canContain(cartType, clothType) := true
  canContain(cartType, statueType) := true
  canContain(drawerType, butterKnifeType) := true
  canContain(drawerType, newspaperType) := true
  canContain(drawerType, clothType) := true
  canContain(drawerType, watchType) := true
  canContain(drawerType, cellPhoneType) := true
  canContain(drawerType, knifeType) := true
  canContain(drawerType, pencilType) := true
  canContain(deskType, boxType) := true
  canContain(deskType, plateType) := true
  canContain(deskType, bowlType) := true
  canContain(deskType, newspaperType) := true
  canContain(deskType, clothType) := true
  canContain(deskType, cupType) := true
  canContain(deskType, watchType) := true
  canContain(deskType, statueType) := true
  canContain(deskType, cellPhoneType) := true
  canContain(deskType, pencilType) := true
  canContain(bedType, newspaperType) := true
  canContain(bedType, cellPhoneType) := true
  canContain(armChairType, boxType) := true
  canContain(armChairType, newspaperType) := true
  canContain(armChairType, clothType) := true
  canContain(armChairType, cellPhoneType) := true
  canContain(dresserType, boxType) := true
  canContain(dresserType, plateType) := true
  canContain(dresserType, bowlType) := true
  canContain(dresserType, newspaperType) := true
  canContain(dresserType, clothType) := true
  canContain(dresserType, cupType) := true
  canContain(dresserType, watchType) := true
  canContain(dresserType, statueType) := true
  canContain(dresserType, cellPhoneType) := true
  canContain(dresserType, pencilType) := true
  canContain(ottomanType, boxType) := true
  canContain(ottomanType, newspaperType) := true
  canContain(ottomanType, clothType) := true
  canContain(ottomanType, cellPhoneType) := true
  canContain(fridgeType, plateType) := true
  canContain(fridgeType, bowlType) := true
  canContain(fridgeType, potatoType) := true
  canContain(fridgeType, cupType) := true
  canContain(fridgeType, appleType) := true
  canContain(fridgeType, potType) := true
  canContain(toiletType, paperTowelType) := true
  canContain(toiletType, newspaperType) := true
  canContain(toiletType, clothType) := true
  canContain(counterTopType, paperTowelType) := true
  canContain(counterTopType, boxType) := true
  canContain(counterTopType, butterKnifeType) := true
  canContain(counterTopType, plateType) := true
  canContain(counterTopType, bowlType) := true
  canContain(counterTopType, potatoType) := true
  canContain(counterTopType, newspaperType) := true
  canContain(counterTopType, clothType) := true
  canContain(counterTopType, cupType) := true
  canContain(counterTopType, watchType) := true
  canContain(counterTopType, statueType) := true
  canContain(counterTopType, cellPhoneType) := true
  canContain(counterTopType, knifeType) := true
  canContain(counterTopType, appleType) := true
  canContain(counterTopType, pencilType) := true
  canContain(counterTopType, potType) := true
  canContain(safeType, watchType) := true
  canContain(safeType, statueType) := true
  canContain(safeType, cellPhoneType) := true
  canContain(sideTableType, paperTowelType) := true
  canContain(sideTableType, boxType) := true
  canContain(sideTableType, butterKnifeType) := true
  canContain(sideTableType, plateType) := true
  canContain(sideTableType, bowlType) := true
  canContain(sideTableType, potatoType) := true
  canContain(sideTableType, newspaperType) := true
  canContain(sideTableType, clothType) := true
  canContain(sideTableType, cupType) := true
  canContain(sideTableType, watchType) := true
  canContain(sideTableType, statueType) := true
  canContain(sideTableType, cellPhoneType) := true
  canContain(sideTableType, knifeType) := true
  canContain(sideTableType, appleType) := true
  canContain(sideTableType, pencilType) := true
  canContain(sideTableType, potType) := true
  canContain(microwaveType, plateType) := true
  canContain(microwaveType, bowlType) := true
  canContain(microwaveType, potatoType) := true
  canContain(microwaveType, cupType) := true
  canContain(microwaveType, appleType) := true
  pickupable(paperTowel_1) := true
  pickupable(box_2) := true
  isReceptacleObject(box_2) := true
  pickupable(butterKnife_3) := true
  cleanable(butterKnife_3) := true
  pickupable(butterKnife_4) := true
  cleanable(butterKnife_4) := true
  pickupable(plate_5) := true
  isReceptacleObject(plate_5) := true
  cleanable(plate_5) := true
  heatable(plate_5) := true
  coolable(plate_5) := true
  pickupable(bowl_6) := true
  isReceptacleObject(bowl_6) := true
  cleanable(bowl_6) := true
  coolable(bowl_6) := true
  pickupable(potato_7) := true
  cleanable(potato_7) := true
  heatable(potato_7) := true
  coolable(potato_7) := true
  sliceable(potato_7) := true
  pickupable(newspaper_8) := true
  pickupable(newspaper_9) := true
  pickupable(cloth_10) := true
  cleanable(cloth_10) := true
  pickupable(cup_11) := true
  isReceptacleObject(cup_11) := true
  cleanable(cup_11) := true
  heatable(cup_11) := true
  coolable(cup_11) := true
  pickupable(watch_12) := true
  pickupable(statue_13) := true
  pickupable(cellPhone_14) := true
  pickupable(knife_15) := true
  cleanable(knife_15) := true
  pickupable(apple_16) := true
  cleanable(apple_16) := true
  heatable(apple_16) := true
  coolable(apple_16) := true
  sliceable(apple_16) := true
  pickupable(bowl_17) := true
  isReceptacleObject(bowl_17) := true
  cleanable(bowl_17) := true
  coolable(bowl_17) := true
  pickupable(pencil_18) := true
  pickupable(box_19) := true
  isReceptacleObject(box_19) := true
  pickupable(pot_20) := true
  isReceptacleObject(pot_20) := true
  cleanable(pot_20) := true
  coolable(pot_20) := true
  receptacleAtLocation(cart_1, location14) := true
  receptacleAtLocation(drawer_2, location9) := true
  receptacleAtLocation(desk_3, location2) := true
  receptacleAtLocation(bed_4, location13) := true
  receptacleAtLocation(armChair_5, location9) := true
  receptacleAtLocation(coffeeMachine_6, location14) := true
  receptacleAtLocation(tvStand_7, location6) := true
  receptacleAtLocation(handTowelHolder_8, location7) := true
  receptacleAtLocation(dresser_9, location1) := true
  receptacleAtLocation(ottoman_10, location17) := true
  receptacleAtLocation(desk_11, location16) := true
  receptacleAtLocation(coffeeMachine_12, location15) := true
  receptacleAtLocation(fridge_13, location20) := true
  receptacleAtLocation(towelHolder_14, location6) := true
  receptacleAtLocation(drawer_15, location16) := true
  receptacleAtLocation(toilet_16, location7) := true
  receptacleAtLocation(counterTop_17, location4) := true
  receptacleAtLocation(safe_18, location8) := true
  receptacleAtLocation(drawer_19, location3) := true
  receptacleAtLocation(sideTable_20, location12) := true
  receptacleAtLocation(microwave_21, location11) := true
  receptacleAtLocation(fridge_22, location12) := true
  inReceptacle(paperTowel_1, cart_1) := true
  inReceptacle(box_2, counterTop_17) := true
  inReceptacle(butterKnife_3, sideTable_20) := true
  inReceptacle(butterKnife_4, drawer_2) := true
  inReceptacle(plate_5, desk_11) := true
  inReceptacle(bowl_6, sideTable_20) := true
  inReceptacle(potato_7, microwave_21) := true
  inReceptacle(newspaper_8, drawer_2) := true
  inReceptacle(newspaper_9, bed_4) := true
  inReceptacle(cloth_10, drawer_15) := true
  inReceptacle(cup_11, fridge_13) := true
  inReceptacle(watch_12, desk_11) := true
  inReceptacle(statue_13, sideTable_20) := true
  inReceptacle(cellPhone_14, desk_3) := true
  inReceptacle(knife_15, drawer_19) := true
  inReceptacle(apple_16, counterTop_17) := true
  inReceptacle(bowl_17, fridge_22) := true
  inReceptacle(pencil_18, drawer_15) := true
  inReceptacle(box_19, dresser_9) := true
  inReceptacle(pot_20, fridge_13) := true
  objectAtLocation(paperTowel_1, location14) := true
  objectAtLocation(box_2, location4) := true
  objectAtLocation(butterKnife_3, location12) := true
  objectAtLocation(butterKnife_4, location9) := true
  objectAtLocation(plate_5, location16) := true
  objectAtLocation(bowl_6, location12) := true
  objectAtLocation(potato_7, location11) := true
  objectAtLocation(newspaper_8, location9) := true
  objectAtLocation(newspaper_9, location13) := true
  objectAtLocation(cloth_10, location16) := true
  objectAtLocation(cup_11, location20) := true
  objectAtLocation(watch_12, location16) := true
  objectAtLocation(statue_13, location12) := true
  objectAtLocation(cellPhone_14, location2) := true
  objectAtLocation(knife_15, location3) := true
  objectAtLocation(apple_16, location4) := true
  objectAtLocation(bowl_17, location12) := true
  objectAtLocation(pencil_18, location16) := true
  objectAtLocation(box_19, location1) := true
  objectAtLocation(pot_20, location20) := true
  atLocation(agent1, location13) := true
]

goals = [
  Exists (Receptacle - Checkable r) Exists (Obj - Checkable o) (inReceptacle(o, r) and objectType(o, cupType) and receptacleType(r, microwaveType))
]

quality metrics = [
  minimize sequential-plan-length
]


2025-08-13 09:18:48,259 - INFO - Generating plan for unconstrained problem

2025-08-13 09:18:48,992 - INFO - Unconstrained plan generation time: 0.732541561126709

2025-08-13 09:18:48,992 - INFO - Unconstrained plan and cost: 
2025-08-13 09:18:48,992 - INFO - SequentialPlan:
    goToLocation(agent1, location13, location20)
    pickupObject(agent1, location20, cup_11, fridge_13)
    goToLocation(agent1, location20, location11)
    putObject(agent1, location11, cup_11, microwave_21, cupType, microwaveType)
2025-08-13 09:18:48,992 - INFO - 4
2025-08-13 09:18:55,602 - INFO - Sampled constraints:

2025-08-13 09:18:55,602 - INFO - Sometime((checked(butterKnife_3) or objectAtLocation(apple_16, location6)))
2025-08-13 09:18:55,602 - INFO - Sometime(holds(agent1, box_19))
2025-08-13 09:18:55,602 - INFO - Sometime(atLocation(agent1, location11))
2025-08-13 09:18:55,602 - INFO - Sometime-Before(atLocation(agent1, location11), atLocation(agent1, location8))
2025-08-13 09:18:55,602 - INFO - Sometime((atLocation(agent1, location15) or holds(agent1, cloth_10)))
2025-08-13 09:18:55,602 - INFO - Sometime(holdsAny(agent1))
2025-08-13 09:18:55,602 - INFO - Sometime-After(holdsAny(agent1), holds(agent1, pot_20))
2025-08-13 09:18:55,602 - INFO - Sometime(holds(agent1, pot_20))
2025-08-13 09:18:55,602 - INFO - Sometime((inReceptacleObject(watch_12, watch_12) or holds(agent1, knife_15)))
2025-08-13 09:18:55,602 - INFO - Sometime(inReceptacleObject(pot_20, box_19))
2025-08-13 09:18:55,602 - INFO - Sometime((checked(drawer_19) or objectAtLocation(pot_20, location11)))
2025-08-13 09:18:55,602 - INFO - Sometime(inReceptacleObject(newspaper_9, newspaper_9))
2025-08-13 09:18:55,602 - INFO - 
2025-08-13 09:18:55,602 - INFO - Generation time: 6.609882354736328

2025-08-13 09:18:55,604 - INFO - Generating plan for constrained problem (with LiftedTCORE).

2025-08-13 09:18:56,063 - INFO - LiftedTCORE compilation time: 0.4590914249420166

2025-08-13 09:18:56,742 - INFO - Planning Time with LiftedTCORE's file: 0.6785843372344971

