2025-08-13 11:01:25,108 - INFO - 
================= Seed: 1252 =================

2025-08-13 11:01:25,108 - INFO - problem name = alfred

types = [ReceptacleType, ObjectType, Checkable, Agent - Checkable, Location - Checkable, Receptacle - Checkable, Obj - Checkable]

fluents = [
  bool atLocation[a=Agent - Checkable, l=Location - Checkable]
  bool receptacleAtLocation[r=Receptacle - Checkable, l=Location - Checkable]
  bool objectAtLocation[o=Obj - Checkable, l=Location - Checkable]
  bool openable[r=Receptacle - Checkable]
  bool opened[r=Receptacle - Checkable]
  bool inReceptacle[o=Obj - Checkable, r=Receptacle - Checkable]
  bool isReceptacleObject[o=Obj - Checkable]
  bool inReceptacleObject[innerObject=Obj - Checkable, outObject=Obj - Checkable]
  bool isReceptacleObjectFull[o=Obj - Checkable]
  bool wasInReceptacle[o=Obj - Checkable, r=Receptacle - Checkable]
  bool checked[c=Checkable]
  bool examined[l=Location - Checkable]
  bool receptacleType[r=Receptacle - Checkable, rt=ReceptacleType]
  bool canContain[rt=ReceptacleType, ot=ObjectType]
  bool objectType[o=Obj - Checkable, t=ObjectType]
  bool holds[a=Agent - Checkable, o=Obj - Checkable]
  bool holdsAny[a=Agent - Checkable]
  bool holdsAnyReceptacleObject[a=Agent - Checkable]
  bool full[r=Receptacle - Checkable]
  bool isClean[o=Obj - Checkable]
  bool cleanable[o=Obj - Checkable]
  bool isHot[o=Obj - Checkable]
  bool heatable[o=Obj - Checkable]
  bool isCool[o=Obj - Checkable]
  bool coolable[o=Obj - Checkable]
  bool pickupable[o=Obj - Checkable]
  bool moveable[o=Obj - Checkable]
  bool toggleable[o=Obj - Checkable]
  bool isOn[o=Obj - Checkable]
  bool isToggled[o=Obj - Checkable]
  bool sliceable[o=Obj - Checkable]
  bool isSliced[o=Obj - Checkable]
]

actions = [
  action look(Agent - Checkable a, Location - Checkable l) {
    preconditions = [
      atLocation(a, l)
    ]
    effects = [
      checked(l) := true
    ]
  }
  action inventory(Agent - Checkable a) {
    preconditions = [
    ]
    effects = [
      checked(a) := true
    ]
  }
  action examineReceptacle(Agent - Checkable a, Receptacle - Checkable r) {
    preconditions = [
      Exists (Location - Checkable l) (atLocation(a, l) and receptacleAtLocation(r, l))
    ]
    effects = [
      checked(r) := true
    ]
  }
  action examineObject(Agent - Checkable a, Obj - Checkable o) {
    preconditions = [
      (Exists (Location - Checkable l) Exists (Receptacle - Checkable r) (atLocation(a, l) and receptacleAtLocation(r, l) and inReceptacle(o, r) and ((not openable(r)) or opened(r))) or holds(a, o))
    ]
    effects = [
      checked(o) := true
    ]
  }
  action goToLocation(Agent - Checkable a, Location - Checkable lstart, Location - Checkable lend) {
    preconditions = [
      atLocation(a, lstart)
    ]
    effects = [
      atLocation(a, lstart) := false
      atLocation(a, lend) := true
    ]
  }
  action openObject(Agent - Checkable a, Location - Checkable l, Receptacle - Checkable r) {
    preconditions = [
      (openable(r) and atLocation(a, l) and receptacleAtLocation(r, l) and (not opened(r)))
    ]
    effects = [
      opened(r) := true
      checked(r) := true
    ]
  }
  action closeObject(Agent - Checkable a, Location - Checkable l, Receptacle - Checkable r) {
    preconditions = [
      (openable(r) and atLocation(a, l) and receptacleAtLocation(r, l) and opened(r))
    ]
    effects = [
      opened(r) := false
    ]
  }
  action pickupObject(Agent - Checkable a, Location - Checkable l, Obj - Checkable o, Receptacle - Checkable r) {
    preconditions = [
      (pickupable(o) and atLocation(a, l) and receptacleAtLocation(r, l) and inReceptacle(o, r) and (not holdsAny(a)) and ((not openable(r)) or opened(r)))
    ]
    effects = [
      inReceptacle(o, r) := false
      holds(a, o) := true
      holdsAny(a) := true
      objectAtLocation(o, l) := false
    ]
  }
  action putObject(Agent - Checkable a, Location - Checkable l, Obj - Checkable o, Receptacle - Checkable r, ObjectType ot, ReceptacleType rt) {
    preconditions = [
      (holds(a, o) and atLocation(a, l) and receptacleAtLocation(r, l) and ((not openable(r)) or opened(r)) and objectType(o, ot) and receptacleType(r, rt) and canContain(rt, ot))
    ]
    effects = [
      inReceptacle(o, r) := true
      objectAtLocation(o, l) := true
      holds(a, o) := false
      holdsAny(a) := false
    ]
  }
  action cleanObject(Agent - Checkable a, Location - Checkable l, Receptacle - Checkable r, Obj - Checkable o) {
    preconditions = [
      (cleanable(o) and receptacleType(r, sinkBasinType) and atLocation(a, l) and receptacleAtLocation(r, l) and holds(a, o))
    ]
    effects = [
      isClean(o) := true
    ]
  }
  action heatObject(Agent - Checkable a, Location - Checkable l, Receptacle - Checkable r, Obj - Checkable o) {
    preconditions = [
      (heatable(o) and receptacleType(r, microwaveType) and atLocation(a, l) and receptacleAtLocation(r, l) and holds(a, o))
    ]
    effects = [
      isHot(o) := true
      isCool(o) := false
    ]
  }
  action coolObject(Agent - Checkable a, Location - Checkable l, Receptacle - Checkable r, Obj - Checkable o) {
    preconditions = [
      (coolable(o) and receptacleType(r, fridgeType) and atLocation(a, l) and receptacleAtLocation(r, l) and holds(a, o))
    ]
    effects = [
      isCool(o) := true
      isHot(o) := false
    ]
  }
  action toggleObject(Agent - Checkable a, Location - Checkable l, Obj - Checkable o, Receptacle - Checkable r) {
    preconditions = [
      (toggleable(o) and atLocation(a, l) and receptacleAtLocation(r, l) and inReceptacle(o, r))
    ]
    effects = [
      if isOn(o) then isOn(o) := false
      if (not isOn(o)) then isOn(o) := true
      isToggled(o) := true
    ]
  }
  action sliceObject(Agent - Checkable a, Location - Checkable l, Obj - Checkable co, Obj - Checkable ko) {
    preconditions = [
      (sliceable(co) and (objectType(ko, knifeType) or objectType(ko, butterKnifeType)) and atLocation(a, l) and objectAtLocation(co, l) and holds(a, ko))
    ]
    effects = [
      isSliced(co) := true
    ]
  }
  action help(Agent - Checkable a) {
    preconditions = [
    ]
    effects = [
      checked(a) := true
    ]
  }
]

objects = [
  ReceptacleType: [sinkBasinType, microwaveType, fridgeType, deskType, laundryHamperType, handTowelHolderType, armChairType, toiletPaperHangerType]
  ObjectType: [knifeType, butterKnifeType, clothType, cellPhoneType, tomatoType, newspaperType, mugType]
  Checkable: [agent1, location1, location2, location3, location4, location5, desk_1, laundryHamper_2, handTowelHolder_3, armChair_4, toiletPaperHanger_5, microwave_6, fridge_7, cloth_1, cellPhone_2, tomato_3, newspaper_4, mug_5]
  Agent - Checkable: [agent1]
  Location - Checkable: [location1, location2, location3, location4, location5]
  Receptacle - Checkable: [desk_1, laundryHamper_2, handTowelHolder_3, armChair_4, toiletPaperHanger_5, microwave_6, fridge_7]
  Obj - Checkable: [cloth_1, cellPhone_2, tomato_3, newspaper_4, mug_5]
]

initial fluents default = [
  bool atLocation[a=Agent - Checkable, l=Location - Checkable] := false
  bool receptacleAtLocation[r=Receptacle - Checkable, l=Location - Checkable] := false
  bool objectAtLocation[o=Obj - Checkable, l=Location - Checkable] := false
  bool openable[r=Receptacle - Checkable] := false
  bool opened[r=Receptacle - Checkable] := false
  bool inReceptacle[o=Obj - Checkable, r=Receptacle - Checkable] := false
  bool isReceptacleObject[o=Obj - Checkable] := false
  bool inReceptacleObject[innerObject=Obj - Checkable, outObject=Obj - Checkable] := false
  bool isReceptacleObjectFull[o=Obj - Checkable] := false
  bool wasInReceptacle[o=Obj - Checkable, r=Receptacle - Checkable] := false
  bool checked[c=Checkable] := false
  bool examined[l=Location - Checkable] := false
  bool receptacleType[r=Receptacle - Checkable, rt=ReceptacleType] := false
  bool canContain[rt=ReceptacleType, ot=ObjectType] := false
  bool objectType[o=Obj - Checkable, t=ObjectType] := false
  bool holds[a=Agent - Checkable, o=Obj - Checkable] := false
  bool holdsAny[a=Agent - Checkable] := false
  bool holdsAnyReceptacleObject[a=Agent - Checkable] := false
  bool full[r=Receptacle - Checkable] := false
  bool isClean[o=Obj - Checkable] := false
  bool cleanable[o=Obj - Checkable] := false
  bool isHot[o=Obj - Checkable] := false
  bool heatable[o=Obj - Checkable] := false
  bool isCool[o=Obj - Checkable] := false
  bool coolable[o=Obj - Checkable] := false
  bool pickupable[o=Obj - Checkable] := false
  bool moveable[o=Obj - Checkable] := false
  bool toggleable[o=Obj - Checkable] := false
  bool isOn[o=Obj - Checkable] := false
  bool isToggled[o=Obj - Checkable] := false
  bool sliceable[o=Obj - Checkable] := false
  bool isSliced[o=Obj - Checkable] := false
]

initial values = [
  receptacleType(desk_1, deskType) := true
  receptacleType(laundryHamper_2, laundryHamperType) := true
  receptacleType(handTowelHolder_3, handTowelHolderType) := true
  receptacleType(armChair_4, armChairType) := true
  receptacleType(toiletPaperHanger_5, toiletPaperHangerType) := true
  receptacleType(microwave_6, microwaveType) := true
  receptacleType(fridge_7, fridgeType) := true
  objectType(cloth_1, clothType) := true
  objectType(cellPhone_2, cellPhoneType) := true
  objectType(tomato_3, tomatoType) := true
  objectType(newspaper_4, newspaperType) := true
  objectType(mug_5, mugType) := true
  canContain(deskType, clothType) := true
  canContain(deskType, cellPhoneType) := true
  canContain(deskType, newspaperType) := true
  canContain(deskType, mugType) := true
  canContain(laundryHamperType, clothType) := true
  canContain(armChairType, clothType) := true
  canContain(armChairType, cellPhoneType) := true
  canContain(armChairType, newspaperType) := true
  canContain(microwaveType, tomatoType) := true
  canContain(microwaveType, mugType) := true
  canContain(fridgeType, tomatoType) := true
  canContain(fridgeType, mugType) := true
  pickupable(cloth_1) := true
  cleanable(cloth_1) := true
  pickupable(cellPhone_2) := true
  pickupable(tomato_3) := true
  cleanable(tomato_3) := true
  heatable(tomato_3) := true
  coolable(tomato_3) := true
  sliceable(tomato_3) := true
  pickupable(newspaper_4) := true
  pickupable(mug_5) := true
  isReceptacleObject(mug_5) := true
  cleanable(mug_5) := true
  heatable(mug_5) := true
  coolable(mug_5) := true
  receptacleAtLocation(desk_1, location4) := true
  receptacleAtLocation(laundryHamper_2, location4) := true
  receptacleAtLocation(handTowelHolder_3, location5) := true
  receptacleAtLocation(armChair_4, location5) := true
  receptacleAtLocation(toiletPaperHanger_5, location3) := true
  receptacleAtLocation(microwave_6, location3) := true
  receptacleAtLocation(fridge_7, location2) := true
  inReceptacle(cloth_1, armChair_4) := true
  inReceptacle(cellPhone_2, armChair_4) := true
  inReceptacle(tomato_3, microwave_6) := true
  inReceptacle(newspaper_4, armChair_4) := true
  inReceptacle(mug_5, fridge_7) := true
  objectAtLocation(cloth_1, location5) := true
  objectAtLocation(cellPhone_2, location5) := true
  objectAtLocation(tomato_3, location3) := true
  objectAtLocation(newspaper_4, location5) := true
  objectAtLocation(mug_5, location2) := true
  atLocation(agent1, location4) := true
]

goals = [
  Exists (Receptacle - Checkable r) Exists (Obj - Checkable o) (inReceptacle(o, r) and objectType(o, mugType) and receptacleType(r, microwaveType))
]

quality metrics = [
  minimize sequential-plan-length
]


2025-08-13 11:01:25,124 - INFO - Generating plan for unconstrained problem

2025-08-13 11:01:28,359 - INFO - Unconstrained plan generation time: 3.2340433597564697

2025-08-13 11:01:28,360 - INFO - Unconstrained plan and cost: 
2025-08-13 11:01:28,360 - INFO - SequentialPlan:
    goToLocation(agent1, location4, location2)
    pickupObject(agent1, location2, mug_5, fridge_7)
    goToLocation(agent1, location2, location3)
    putObject(agent1, location3, mug_5, microwave_6, mugType, microwaveType)
2025-08-13 11:01:28,361 - INFO - 4
2025-08-13 11:01:31,165 - INFO - Sampled constraints:

2025-08-13 11:01:31,165 - INFO - Sometime(holds(agent1, mug_5))
2025-08-13 11:01:31,165 - INFO - Sometime-Before(holds(agent1, mug_5), checked(mug_5))
2025-08-13 11:01:31,165 - INFO - Sometime(holds(agent1, newspaper_4))
2025-08-13 11:01:31,165 - INFO - Sometime(atLocation(agent1, location2))
2025-08-13 11:01:31,165 - INFO - Sometime-Before(atLocation(agent1, location2), (checked(location3) or holds(agent1, mug_5)))
2025-08-13 11:01:31,165 - INFO - Sometime((objectAtLocation(cloth_1, location2) or objectAtLocation(cellPhone_2, location1)))
2025-08-13 11:01:31,165 - INFO - Sometime((holds(agent1, cellPhone_2) or holds(agent1, cloth_1)))
2025-08-13 11:01:31,165 - INFO - Sometime(atLocation(agent1, location3))
2025-08-13 11:01:31,165 - INFO - Sometime-Before(atLocation(agent1, location3), holds(agent1, tomato_3))
2025-08-13 11:01:31,165 - INFO - Sometime(atLocation(agent1, location1))
2025-08-13 11:01:31,165 - INFO - Sometime(objectAtLocation(tomato_3, location5))
2025-08-13 11:01:31,165 - INFO - Sometime((holds(agent1, cloth_1) or objectAtLocation(cloth_1, location1)))
2025-08-13 11:01:31,165 - INFO - Sometime((atLocation(agent1, location5) or holds(agent1, newspaper_4)))
2025-08-13 11:01:31,165 - INFO - 
2025-08-13 11:01:31,165 - INFO - Generation time: 2.802971363067627

2025-08-13 11:01:31,169 - INFO - Generating plan for constrained problem (with LiftedTCORE).

2025-08-13 11:01:31,246 - INFO - LiftedTCORE compilation time: 0.0764932632446289

2025-08-13 11:01:31,776 - INFO - Planning Time with LiftedTCORE's file: 0.5300652980804443

