2025-08-13 09:27:49,511 - INFO - 
================= Seed: 1044 =================

2025-08-13 09:27:49,511 - INFO - problem name = alfred

types = [ReceptacleType, ObjectType, Checkable, Agent - Checkable, Location - Checkable, Receptacle - Checkable, Obj - Checkable]

fluents = [
  bool atLocation[a=Agent - Checkable, l=Location - Checkable]
  bool receptacleAtLocation[r=Receptacle - Checkable, l=Location - Checkable]
  bool objectAtLocation[o=Obj - Checkable, l=Location - Checkable]
  bool openable[r=Receptacle - Checkable]
  bool opened[r=Receptacle - Checkable]
  bool inReceptacle[o=Obj - Checkable, r=Receptacle - Checkable]
  bool isReceptacleObject[o=Obj - Checkable]
  bool inReceptacleObject[innerObject=Obj - Checkable, outObject=Obj - Checkable]
  bool isReceptacleObjectFull[o=Obj - Checkable]
  bool wasInReceptacle[o=Obj - Checkable, r=Receptacle - Checkable]
  bool checked[c=Checkable]
  bool examined[l=Location - Checkable]
  bool receptacleType[r=Receptacle - Checkable, rt=ReceptacleType]
  bool canContain[rt=ReceptacleType, ot=ObjectType]
  bool objectType[o=Obj - Checkable, t=ObjectType]
  bool holds[a=Agent - Checkable, o=Obj - Checkable]
  bool holdsAny[a=Agent - Checkable]
  bool holdsAnyReceptacleObject[a=Agent - Checkable]
  bool full[r=Receptacle - Checkable]
  bool isClean[o=Obj - Checkable]
  bool cleanable[o=Obj - Checkable]
  bool isHot[o=Obj - Checkable]
  bool heatable[o=Obj - Checkable]
  bool isCool[o=Obj - Checkable]
  bool coolable[o=Obj - Checkable]
  bool pickupable[o=Obj - Checkable]
  bool moveable[o=Obj - Checkable]
  bool toggleable[o=Obj - Checkable]
  bool isOn[o=Obj - Checkable]
  bool isToggled[o=Obj - Checkable]
  bool sliceable[o=Obj - Checkable]
  bool isSliced[o=Obj - Checkable]
]

actions = [
  action look(Agent - Checkable a, Location - Checkable l) {
    preconditions = [
      atLocation(a, l)
    ]
    effects = [
      checked(l) := true
    ]
  }
  action inventory(Agent - Checkable a) {
    preconditions = [
    ]
    effects = [
      checked(a) := true
    ]
  }
  action examineReceptacle(Agent - Checkable a, Receptacle - Checkable r) {
    preconditions = [
      Exists (Location - Checkable l) (atLocation(a, l) and receptacleAtLocation(r, l))
    ]
    effects = [
      checked(r) := true
    ]
  }
  action examineObject(Agent - Checkable a, Obj - Checkable o) {
    preconditions = [
      (Exists (Location - Checkable l) Exists (Receptacle - Checkable r) (atLocation(a, l) and receptacleAtLocation(r, l) and inReceptacle(o, r) and ((not openable(r)) or opened(r))) or holds(a, o))
    ]
    effects = [
      checked(o) := true
    ]
  }
  action goToLocation(Agent - Checkable a, Location - Checkable lstart, Location - Checkable lend) {
    preconditions = [
      atLocation(a, lstart)
    ]
    effects = [
      atLocation(a, lstart) := false
      atLocation(a, lend) := true
    ]
  }
  action openObject(Agent - Checkable a, Location - Checkable l, Receptacle - Checkable r) {
    preconditions = [
      (openable(r) and atLocation(a, l) and receptacleAtLocation(r, l) and (not opened(r)))
    ]
    effects = [
      opened(r) := true
      checked(r) := true
    ]
  }
  action closeObject(Agent - Checkable a, Location - Checkable l, Receptacle - Checkable r) {
    preconditions = [
      (openable(r) and atLocation(a, l) and receptacleAtLocation(r, l) and opened(r))
    ]
    effects = [
      opened(r) := false
    ]
  }
  action pickupObject(Agent - Checkable a, Location - Checkable l, Obj - Checkable o, Receptacle - Checkable r) {
    preconditions = [
      (pickupable(o) and atLocation(a, l) and receptacleAtLocation(r, l) and inReceptacle(o, r) and (not holdsAny(a)) and ((not openable(r)) or opened(r)))
    ]
    effects = [
      inReceptacle(o, r) := false
      holds(a, o) := true
      holdsAny(a) := true
      objectAtLocation(o, l) := false
    ]
  }
  action putObject(Agent - Checkable a, Location - Checkable l, Obj - Checkable o, Receptacle - Checkable r, ObjectType ot, ReceptacleType rt) {
    preconditions = [
      (holds(a, o) and atLocation(a, l) and receptacleAtLocation(r, l) and ((not openable(r)) or opened(r)) and objectType(o, ot) and receptacleType(r, rt) and canContain(rt, ot))
    ]
    effects = [
      inReceptacle(o, r) := true
      objectAtLocation(o, l) := true
      holds(a, o) := false
      holdsAny(a) := false
    ]
  }
  action cleanObject(Agent - Checkable a, Location - Checkable l, Receptacle - Checkable r, Obj - Checkable o) {
    preconditions = [
      (cleanable(o) and receptacleType(r, sinkBasinType) and atLocation(a, l) and receptacleAtLocation(r, l) and holds(a, o))
    ]
    effects = [
      isClean(o) := true
    ]
  }
  action heatObject(Agent - Checkable a, Location - Checkable l, Receptacle - Checkable r, Obj - Checkable o) {
    preconditions = [
      (heatable(o) and receptacleType(r, microwaveType) and atLocation(a, l) and receptacleAtLocation(r, l) and holds(a, o))
    ]
    effects = [
      isHot(o) := true
      isCool(o) := false
    ]
  }
  action coolObject(Agent - Checkable a, Location - Checkable l, Receptacle - Checkable r, Obj - Checkable o) {
    preconditions = [
      (coolable(o) and receptacleType(r, fridgeType) and atLocation(a, l) and receptacleAtLocation(r, l) and holds(a, o))
    ]
    effects = [
      isCool(o) := true
      isHot(o) := false
    ]
  }
  action toggleObject(Agent - Checkable a, Location - Checkable l, Obj - Checkable o, Receptacle - Checkable r) {
    preconditions = [
      (toggleable(o) and atLocation(a, l) and receptacleAtLocation(r, l) and inReceptacle(o, r))
    ]
    effects = [
      if isOn(o) then isOn(o) := false
      if (not isOn(o)) then isOn(o) := true
      isToggled(o) := true
    ]
  }
  action sliceObject(Agent - Checkable a, Location - Checkable l, Obj - Checkable co, Obj - Checkable ko) {
    preconditions = [
      (sliceable(co) and (objectType(ko, knifeType) or objectType(ko, butterKnifeType)) and atLocation(a, l) and objectAtLocation(co, l) and holds(a, ko))
    ]
    effects = [
      isSliced(co) := true
    ]
  }
  action help(Agent - Checkable a) {
    preconditions = [
    ]
    effects = [
      checked(a) := true
    ]
  }
]

objects = [
  ReceptacleType: [sinkBasinType, microwaveType, fridgeType, deskType, stoveBurnerType, sideTableType, laundryHamperType, dresserType, armChairType, drawerType, cartType, counterTopType, ottomanType, cabinetType, safeType, toiletPaperHangerType]
  ObjectType: [knifeType, butterKnifeType, plungerType, clothType, vaseType, baseballBatType, boxType, alarmClockType, forkType, appleType, plateType, toiletPaperRollType, toiletPaperType, eggType, keyChainType, potatoType, pepperShakerType]
  Checkable: [agent1, location1, location2, location3, location4, location5, location6, location7, location8, location9, location10, location11, location12, location13, location14, location15, location16, location17, location18, location19, location20, desk_1, fridge_2, stoveBurner_3, sideTable_4, laundryHamper_5, dresser_6, sideTable_7, desk_8, dresser_9, armChair_10, desk_11, drawer_12, cart_13, counterTop_14, ottoman_15, cabinet_16, cabinet_17, safe_18, counterTop_19, toiletPaperHanger_20, microwave_21, fridge_22, plunger_1, cloth_2, butterKnife_3, vase_4, baseballBat_5, box_6, alarmClock_7, box_8, fork_9, vase_10, box_11, apple_12, plate_13, toiletPaperRoll_14, toiletPaper_15, egg_16, keyChain_17, potato_18, pepperShaker_19, box_20]
  Agent - Checkable: [agent1]
  Location - Checkable: [location1, location2, location3, location4, location5, location6, location7, location8, location9, location10, location11, location12, location13, location14, location15, location16, location17, location18, location19, location20]
  Receptacle - Checkable: [desk_1, fridge_2, stoveBurner_3, sideTable_4, laundryHamper_5, dresser_6, sideTable_7, desk_8, dresser_9, armChair_10, desk_11, drawer_12, cart_13, counterTop_14, ottoman_15, cabinet_16, cabinet_17, safe_18, counterTop_19, toiletPaperHanger_20, microwave_21, fridge_22]
  Obj - Checkable: [plunger_1, cloth_2, butterKnife_3, vase_4, baseballBat_5, box_6, alarmClock_7, box_8, fork_9, vase_10, box_11, apple_12, plate_13, toiletPaperRoll_14, toiletPaper_15, egg_16, keyChain_17, potato_18, pepperShaker_19, box_20]
]

initial fluents default = [
  bool atLocation[a=Agent - Checkable, l=Location - Checkable] := false
  bool receptacleAtLocation[r=Receptacle - Checkable, l=Location - Checkable] := false
  bool objectAtLocation[o=Obj - Checkable, l=Location - Checkable] := false
  bool openable[r=Receptacle - Checkable] := false
  bool opened[r=Receptacle - Checkable] := false
  bool inReceptacle[o=Obj - Checkable, r=Receptacle - Checkable] := false
  bool isReceptacleObject[o=Obj - Checkable] := false
  bool inReceptacleObject[innerObject=Obj - Checkable, outObject=Obj - Checkable] := false
  bool isReceptacleObjectFull[o=Obj - Checkable] := false
  bool wasInReceptacle[o=Obj - Checkable, r=Receptacle - Checkable] := false
  bool checked[c=Checkable] := false
  bool examined[l=Location - Checkable] := false
  bool receptacleType[r=Receptacle - Checkable, rt=ReceptacleType] := false
  bool canContain[rt=ReceptacleType, ot=ObjectType] := false
  bool objectType[o=Obj - Checkable, t=ObjectType] := false
  bool holds[a=Agent - Checkable, o=Obj - Checkable] := false
  bool holdsAny[a=Agent - Checkable] := false
  bool holdsAnyReceptacleObject[a=Agent - Checkable] := false
  bool full[r=Receptacle - Checkable] := false
  bool isClean[o=Obj - Checkable] := false
  bool cleanable[o=Obj - Checkable] := false
  bool isHot[o=Obj - Checkable] := false
  bool heatable[o=Obj - Checkable] := false
  bool isCool[o=Obj - Checkable] := false
  bool coolable[o=Obj - Checkable] := false
  bool pickupable[o=Obj - Checkable] := false
  bool moveable[o=Obj - Checkable] := false
  bool toggleable[o=Obj - Checkable] := false
  bool isOn[o=Obj - Checkable] := false
  bool isToggled[o=Obj - Checkable] := false
  bool sliceable[o=Obj - Checkable] := false
  bool isSliced[o=Obj - Checkable] := false
]

initial values = [
  receptacleType(desk_1, deskType) := true
  receptacleType(fridge_2, fridgeType) := true
  receptacleType(stoveBurner_3, stoveBurnerType) := true
  receptacleType(sideTable_4, sideTableType) := true
  receptacleType(laundryHamper_5, laundryHamperType) := true
  receptacleType(dresser_6, dresserType) := true
  receptacleType(sideTable_7, sideTableType) := true
  receptacleType(desk_8, deskType) := true
  receptacleType(dresser_9, dresserType) := true
  receptacleType(armChair_10, armChairType) := true
  receptacleType(desk_11, deskType) := true
  receptacleType(drawer_12, drawerType) := true
  receptacleType(cart_13, cartType) := true
  receptacleType(counterTop_14, counterTopType) := true
  receptacleType(ottoman_15, ottomanType) := true
  receptacleType(cabinet_16, cabinetType) := true
  receptacleType(cabinet_17, cabinetType) := true
  receptacleType(safe_18, safeType) := true
  receptacleType(counterTop_19, counterTopType) := true
  receptacleType(toiletPaperHanger_20, toiletPaperHangerType) := true
  receptacleType(microwave_21, microwaveType) := true
  receptacleType(fridge_22, fridgeType) := true
  objectType(plunger_1, plungerType) := true
  objectType(cloth_2, clothType) := true
  objectType(butterKnife_3, butterKnifeType) := true
  objectType(vase_4, vaseType) := true
  objectType(baseballBat_5, baseballBatType) := true
  objectType(box_6, boxType) := true
  objectType(alarmClock_7, alarmClockType) := true
  objectType(box_8, boxType) := true
  objectType(fork_9, forkType) := true
  objectType(vase_10, vaseType) := true
  objectType(box_11, boxType) := true
  objectType(apple_12, appleType) := true
  objectType(plate_13, plateType) := true
  objectType(toiletPaperRoll_14, toiletPaperRollType) := true
  objectType(toiletPaper_15, toiletPaperType) := true
  objectType(egg_16, eggType) := true
  objectType(keyChain_17, keyChainType) := true
  objectType(potato_18, potatoType) := true
  objectType(pepperShaker_19, pepperShakerType) := true
  objectType(box_20, boxType) := true
  canContain(deskType, clothType) := true
  canContain(deskType, vaseType) := true
  canContain(deskType, boxType) := true
  canContain(deskType, alarmClockType) := true
  canContain(deskType, plateType) := true
  canContain(deskType, toiletPaperRollType) := true
  canContain(deskType, toiletPaperType) := true
  canContain(deskType, keyChainType) := true
  canContain(fridgeType, appleType) := true
  canContain(fridgeType, plateType) := true
  canContain(fridgeType, eggType) := true
  canContain(fridgeType, potatoType) := true
  canContain(sideTableType, clothType) := true
  canContain(sideTableType, butterKnifeType) := true
  canContain(sideTableType, vaseType) := true
  canContain(sideTableType, baseballBatType) := true
  canContain(sideTableType, boxType) := true
  canContain(sideTableType, alarmClockType) := true
  canContain(sideTableType, forkType) := true
  canContain(sideTableType, appleType) := true
  canContain(sideTableType, plateType) := true
  canContain(sideTableType, toiletPaperRollType) := true
  canContain(sideTableType, toiletPaperType) := true
  canContain(sideTableType, eggType) := true
  canContain(sideTableType, keyChainType) := true
  canContain(sideTableType, potatoType) := true
  canContain(sideTableType, pepperShakerType) := true
  canContain(laundryHamperType, clothType) := true
  canContain(dresserType, clothType) := true
  canContain(dresserType, vaseType) := true
  canContain(dresserType, boxType) := true
  canContain(dresserType, alarmClockType) := true
  canContain(dresserType, plateType) := true
  canContain(dresserType, toiletPaperRollType) := true
  canContain(dresserType, toiletPaperType) := true
  canContain(dresserType, keyChainType) := true
  canContain(armChairType, clothType) := true
  canContain(armChairType, boxType) := true
  canContain(armChairType, keyChainType) := true
  canContain(drawerType, clothType) := true
  canContain(drawerType, butterKnifeType) := true
  canContain(drawerType, forkType) := true
  canContain(drawerType, toiletPaperRollType) := true
  canContain(drawerType, toiletPaperType) := true
  canContain(drawerType, keyChainType) := true
  canContain(drawerType, pepperShakerType) := true
  canContain(cartType, plungerType) := true
  canContain(cartType, clothType) := true
  canContain(cartType, vaseType) := true
  canContain(cartType, toiletPaperRollType) := true
  canContain(cartType, toiletPaperType) := true
  canContain(counterTopType, clothType) := true
  canContain(counterTopType, butterKnifeType) := true
  canContain(counterTopType, vaseType) := true
  canContain(counterTopType, baseballBatType) := true
  canContain(counterTopType, boxType) := true
  canContain(counterTopType, alarmClockType) := true
  canContain(counterTopType, forkType) := true
  canContain(counterTopType, appleType) := true
  canContain(counterTopType, plateType) := true
  canContain(counterTopType, toiletPaperRollType) := true
  canContain(counterTopType, toiletPaperType) := true
  canContain(counterTopType, eggType) := true
  canContain(counterTopType, keyChainType) := true
  canContain(counterTopType, potatoType) := true
  canContain(counterTopType, pepperShakerType) := true
  canContain(ottomanType, clothType) := true
  canContain(ottomanType, boxType) := true
  canContain(ottomanType, keyChainType) := true
  canContain(cabinetType, plungerType) := true
  canContain(cabinetType, clothType) := true
  canContain(cabinetType, vaseType) := true
  canContain(cabinetType, boxType) := true
  canContain(cabinetType, plateType) := true
  canContain(cabinetType, toiletPaperRollType) := true
  canContain(cabinetType, toiletPaperType) := true
  canContain(cabinetType, pepperShakerType) := true
  canContain(safeType, vaseType) := true
  canContain(safeType, keyChainType) := true
  canContain(toiletPaperHangerType, toiletPaperRollType) := true
  canContain(toiletPaperHangerType, toiletPaperType) := true
  canContain(microwaveType, appleType) := true
  canContain(microwaveType, plateType) := true
  canContain(microwaveType, eggType) := true
  canContain(microwaveType, potatoType) := true
  pickupable(plunger_1) := true
  pickupable(cloth_2) := true
  cleanable(cloth_2) := true
  pickupable(butterKnife_3) := true
  cleanable(butterKnife_3) := true
  pickupable(vase_4) := true
  pickupable(baseballBat_5) := true
  pickupable(box_6) := true
  isReceptacleObject(box_6) := true
  pickupable(alarmClock_7) := true
  pickupable(box_8) := true
  isReceptacleObject(box_8) := true
  pickupable(fork_9) := true
  cleanable(fork_9) := true
  pickupable(vase_10) := true
  pickupable(box_11) := true
  isReceptacleObject(box_11) := true
  pickupable(apple_12) := true
  cleanable(apple_12) := true
  heatable(apple_12) := true
  coolable(apple_12) := true
  sliceable(apple_12) := true
  pickupable(plate_13) := true
  isReceptacleObject(plate_13) := true
  cleanable(plate_13) := true
  heatable(plate_13) := true
  coolable(plate_13) := true
  pickupable(toiletPaperRoll_14) := true
  pickupable(toiletPaper_15) := true
  pickupable(egg_16) := true
  cleanable(egg_16) := true
  heatable(egg_16) := true
  coolable(egg_16) := true
  sliceable(egg_16) := true
  pickupable(keyChain_17) := true
  pickupable(potato_18) := true
  cleanable(potato_18) := true
  heatable(potato_18) := true
  coolable(potato_18) := true
  sliceable(potato_18) := true
  pickupable(pepperShaker_19) := true
  pickupable(box_20) := true
  isReceptacleObject(box_20) := true
  receptacleAtLocation(desk_1, location12) := true
  receptacleAtLocation(fridge_2, location8) := true
  receptacleAtLocation(stoveBurner_3, location12) := true
  receptacleAtLocation(sideTable_4, location18) := true
  receptacleAtLocation(laundryHamper_5, location17) := true
  receptacleAtLocation(dresser_6, location14) := true
  receptacleAtLocation(sideTable_7, location20) := true
  receptacleAtLocation(desk_8, location16) := true
  receptacleAtLocation(dresser_9, location2) := true
  receptacleAtLocation(armChair_10, location14) := true
  receptacleAtLocation(desk_11, location14) := true
  receptacleAtLocation(drawer_12, location20) := true
  receptacleAtLocation(cart_13, location19) := true
  receptacleAtLocation(counterTop_14, location8) := true
  receptacleAtLocation(ottoman_15, location19) := true
  receptacleAtLocation(cabinet_16, location9) := true
  receptacleAtLocation(cabinet_17, location7) := true
  receptacleAtLocation(safe_18, location7) := true
  receptacleAtLocation(counterTop_19, location12) := true
  receptacleAtLocation(toiletPaperHanger_20, location6) := true
  receptacleAtLocation(microwave_21, location8) := true
  receptacleAtLocation(fridge_22, location19) := true
  inReceptacle(plunger_1, cabinet_17) := true
  inReceptacle(cloth_2, desk_8) := true
  inReceptacle(butterKnife_3, drawer_12) := true
  inReceptacle(vase_4, safe_18) := true
  inReceptacle(baseballBat_5, counterTop_14) := true
  inReceptacle(box_6, sideTable_4) := true
  inReceptacle(alarmClock_7, desk_1) := true
  inReceptacle(box_8, cabinet_17) := true
  inReceptacle(fork_9, sideTable_7) := true
  inReceptacle(vase_10, counterTop_14) := true
  inReceptacle(box_11, sideTable_4) := true
  inReceptacle(apple_12, microwave_21) := true
  inReceptacle(plate_13, desk_11) := true
  inReceptacle(toiletPaperRoll_14, dresser_9) := true
  inReceptacle(toiletPaper_15, dresser_6) := true
  inReceptacle(egg_16, sideTable_4) := true
  inReceptacle(keyChain_17, sideTable_4) := true
  inReceptacle(potato_18, fridge_2) := true
  inReceptacle(pepperShaker_19, sideTable_4) := true
  inReceptacle(box_20, cabinet_17) := true
  objectAtLocation(plunger_1, location7) := true
  objectAtLocation(cloth_2, location16) := true
  objectAtLocation(butterKnife_3, location20) := true
  objectAtLocation(vase_4, location7) := true
  objectAtLocation(baseballBat_5, location8) := true
  objectAtLocation(box_6, location18) := true
  objectAtLocation(alarmClock_7, location12) := true
  objectAtLocation(box_8, location7) := true
  objectAtLocation(fork_9, location20) := true
  objectAtLocation(vase_10, location8) := true
  objectAtLocation(box_11, location18) := true
  objectAtLocation(apple_12, location8) := true
  objectAtLocation(plate_13, location14) := true
  objectAtLocation(toiletPaperRoll_14, location2) := true
  objectAtLocation(toiletPaper_15, location14) := true
  objectAtLocation(egg_16, location18) := true
  objectAtLocation(keyChain_17, location18) := true
  objectAtLocation(potato_18, location8) := true
  objectAtLocation(pepperShaker_19, location18) := true
  objectAtLocation(box_20, location7) := true
  atLocation(agent1, location10) := true
]

goals = [
  Exists (Receptacle - Checkable r) Exists (Obj - Checkable o) (inReceptacle(o, r) and objectType(o, clothType) and receptacleType(r, deskType))
]

quality metrics = [
  minimize sequential-plan-length
]


2025-08-13 09:27:49,517 - INFO - Generating plan for unconstrained problem

2025-08-13 09:27:50,222 - INFO - Unconstrained plan generation time: 0.7052786350250244

2025-08-13 09:27:50,223 - INFO - Unconstrained plan and cost: 
2025-08-13 09:27:50,223 - INFO - SequentialPlan:
2025-08-13 09:27:50,223 - INFO - 0
2025-08-13 09:29:13,278 - INFO - Sampled constraints:

2025-08-13 09:29:13,278 - INFO - Sometime((checked(vase_4) and holds(agent1, toiletPaper_15)))
2025-08-13 09:29:13,279 - INFO - Sometime(inReceptacleObject(alarmClock_7, box_20))
2025-08-13 09:29:13,279 - INFO - Sometime(checked(alarmClock_7))
2025-08-13 09:29:13,279 - INFO - Sometime(inReceptacleObject(plunger_1, toiletPaperRoll_14))
2025-08-13 09:29:13,279 - INFO - Sometime(holdsAny(agent1))
2025-08-13 09:29:13,279 - INFO - Sometime((objectAtLocation(cloth_2, location3) or holds(agent1, baseballBat_5)))
2025-08-13 09:29:13,279 - INFO - Sometime((holdsAny(agent1) and checked(vase_10)))
2025-08-13 09:29:13,279 - INFO - Sometime(holds(agent1, plunger_1))
2025-08-13 09:29:13,279 - INFO - Sometime((inReceptacleObject(egg_16, potato_18) and inReceptacleObject(keyChain_17, alarmClock_7)))
2025-08-13 09:29:13,279 - INFO - Sometime((checked(desk_8) and holds(agent1, plunger_1)))
2025-08-13 09:29:13,279 - INFO - 
2025-08-13 09:29:13,279 - INFO - Generation time: 83.05570149421692

2025-08-13 09:29:13,280 - INFO - Generating plan for constrained problem (with LiftedTCORE).

2025-08-13 09:29:13,585 - INFO - LiftedTCORE compilation time: 0.3047211170196533

2025-08-13 09:29:14,176 - INFO - Planning Time with LiftedTCORE's file: 0.5907273292541504

