2025-08-13 09:24:16,636 - INFO - 
================= Seed: 1034 =================

2025-08-13 09:24:16,637 - INFO - problem name = alfred

types = [ReceptacleType, ObjectType, Checkable, Agent - Checkable, Location - Checkable, Receptacle - Checkable, Obj - Checkable]

fluents = [
  bool atLocation[a=Agent - Checkable, l=Location - Checkable]
  bool receptacleAtLocation[r=Receptacle - Checkable, l=Location - Checkable]
  bool objectAtLocation[o=Obj - Checkable, l=Location - Checkable]
  bool openable[r=Receptacle - Checkable]
  bool opened[r=Receptacle - Checkable]
  bool inReceptacle[o=Obj - Checkable, r=Receptacle - Checkable]
  bool isReceptacleObject[o=Obj - Checkable]
  bool inReceptacleObject[innerObject=Obj - Checkable, outObject=Obj - Checkable]
  bool isReceptacleObjectFull[o=Obj - Checkable]
  bool wasInReceptacle[o=Obj - Checkable, r=Receptacle - Checkable]
  bool checked[c=Checkable]
  bool examined[l=Location - Checkable]
  bool receptacleType[r=Receptacle - Checkable, rt=ReceptacleType]
  bool canContain[rt=ReceptacleType, ot=ObjectType]
  bool objectType[o=Obj - Checkable, t=ObjectType]
  bool holds[a=Agent - Checkable, o=Obj - Checkable]
  bool holdsAny[a=Agent - Checkable]
  bool holdsAnyReceptacleObject[a=Agent - Checkable]
  bool full[r=Receptacle - Checkable]
  bool isClean[o=Obj - Checkable]
  bool cleanable[o=Obj - Checkable]
  bool isHot[o=Obj - Checkable]
  bool heatable[o=Obj - Checkable]
  bool isCool[o=Obj - Checkable]
  bool coolable[o=Obj - Checkable]
  bool pickupable[o=Obj - Checkable]
  bool moveable[o=Obj - Checkable]
  bool toggleable[o=Obj - Checkable]
  bool isOn[o=Obj - Checkable]
  bool isToggled[o=Obj - Checkable]
  bool sliceable[o=Obj - Checkable]
  bool isSliced[o=Obj - Checkable]
]

actions = [
  action look(Agent - Checkable a, Location - Checkable l) {
    preconditions = [
      atLocation(a, l)
    ]
    effects = [
      checked(l) := true
    ]
  }
  action inventory(Agent - Checkable a) {
    preconditions = [
    ]
    effects = [
      checked(a) := true
    ]
  }
  action examineReceptacle(Agent - Checkable a, Receptacle - Checkable r) {
    preconditions = [
      Exists (Location - Checkable l) (atLocation(a, l) and receptacleAtLocation(r, l))
    ]
    effects = [
      checked(r) := true
    ]
  }
  action examineObject(Agent - Checkable a, Obj - Checkable o) {
    preconditions = [
      (Exists (Location - Checkable l) Exists (Receptacle - Checkable r) (atLocation(a, l) and receptacleAtLocation(r, l) and inReceptacle(o, r) and ((not openable(r)) or opened(r))) or holds(a, o))
    ]
    effects = [
      checked(o) := true
    ]
  }
  action goToLocation(Agent - Checkable a, Location - Checkable lstart, Location - Checkable lend) {
    preconditions = [
      atLocation(a, lstart)
    ]
    effects = [
      atLocation(a, lstart) := false
      atLocation(a, lend) := true
    ]
  }
  action openObject(Agent - Checkable a, Location - Checkable l, Receptacle - Checkable r) {
    preconditions = [
      (openable(r) and atLocation(a, l) and receptacleAtLocation(r, l) and (not opened(r)))
    ]
    effects = [
      opened(r) := true
      checked(r) := true
    ]
  }
  action closeObject(Agent - Checkable a, Location - Checkable l, Receptacle - Checkable r) {
    preconditions = [
      (openable(r) and atLocation(a, l) and receptacleAtLocation(r, l) and opened(r))
    ]
    effects = [
      opened(r) := false
    ]
  }
  action pickupObject(Agent - Checkable a, Location - Checkable l, Obj - Checkable o, Receptacle - Checkable r) {
    preconditions = [
      (pickupable(o) and atLocation(a, l) and receptacleAtLocation(r, l) and inReceptacle(o, r) and (not holdsAny(a)) and ((not openable(r)) or opened(r)))
    ]
    effects = [
      inReceptacle(o, r) := false
      holds(a, o) := true
      holdsAny(a) := true
      objectAtLocation(o, l) := false
    ]
  }
  action putObject(Agent - Checkable a, Location - Checkable l, Obj - Checkable o, Receptacle - Checkable r, ObjectType ot, ReceptacleType rt) {
    preconditions = [
      (holds(a, o) and atLocation(a, l) and receptacleAtLocation(r, l) and ((not openable(r)) or opened(r)) and objectType(o, ot) and receptacleType(r, rt) and canContain(rt, ot))
    ]
    effects = [
      inReceptacle(o, r) := true
      objectAtLocation(o, l) := true
      holds(a, o) := false
      holdsAny(a) := false
    ]
  }
  action cleanObject(Agent - Checkable a, Location - Checkable l, Receptacle - Checkable r, Obj - Checkable o) {
    preconditions = [
      (cleanable(o) and receptacleType(r, sinkBasinType) and atLocation(a, l) and receptacleAtLocation(r, l) and holds(a, o))
    ]
    effects = [
      isClean(o) := true
    ]
  }
  action heatObject(Agent - Checkable a, Location - Checkable l, Receptacle - Checkable r, Obj - Checkable o) {
    preconditions = [
      (heatable(o) and receptacleType(r, microwaveType) and atLocation(a, l) and receptacleAtLocation(r, l) and holds(a, o))
    ]
    effects = [
      isHot(o) := true
      isCool(o) := false
    ]
  }
  action coolObject(Agent - Checkable a, Location - Checkable l, Receptacle - Checkable r, Obj - Checkable o) {
    preconditions = [
      (coolable(o) and receptacleType(r, fridgeType) and atLocation(a, l) and receptacleAtLocation(r, l) and holds(a, o))
    ]
    effects = [
      isCool(o) := true
      isHot(o) := false
    ]
  }
  action toggleObject(Agent - Checkable a, Location - Checkable l, Obj - Checkable o, Receptacle - Checkable r) {
    preconditions = [
      (toggleable(o) and atLocation(a, l) and receptacleAtLocation(r, l) and inReceptacle(o, r))
    ]
    effects = [
      if isOn(o) then isOn(o) := false
      if (not isOn(o)) then isOn(o) := true
      isToggled(o) := true
    ]
  }
  action sliceObject(Agent - Checkable a, Location - Checkable l, Obj - Checkable co, Obj - Checkable ko) {
    preconditions = [
      (sliceable(co) and (objectType(ko, knifeType) or objectType(ko, butterKnifeType)) and atLocation(a, l) and objectAtLocation(co, l) and holds(a, ko))
    ]
    effects = [
      isSliced(co) := true
    ]
  }
  action help(Agent - Checkable a) {
    preconditions = [
    ]
    effects = [
      checked(a) := true
    ]
  }
]

objects = [
  ReceptacleType: [sinkBasinType, microwaveType, fridgeType, bedType, drawerType, toiletType, shelfType, diningTableType, laundryHamperType, coffeeMachineType, stoveBurnerType, bathtubBasinType, handTowelHolderType]
  ObjectType: [knifeType, butterKnifeType, tissueBoxType, pencilType, breadType, forkType, soapBarType, creditCardType, remoteControlType, dishSpongeType, cellPhoneType, alarmClockType, toiletPaperType, baseballBatType, ladleType, appleType, mugType, plateType, panType]
  Checkable: [agent1, location1, location2, location3, location4, location5, location6, location7, location8, location9, location10, location11, location12, location13, location14, location15, location16, location17, location18, location19, location20, bed_1, drawer_2, toilet_3, shelf_4, shelf_5, sinkBasin_6, diningTable_7, shelf_8, fridge_9, laundryHamper_10, diningTable_11, laundryHamper_12, fridge_13, coffeeMachine_14, stoveBurner_15, microwave_16, bathtubBasin_17, coffeeMachine_18, drawer_19, handTowelHolder_20, microwave_21, fridge_22, tissueBox_1, pencil_2, bread_3, fork_4, soapBar_5, creditCard_6, pencil_7, remoteControl_8, butterKnife_9, dishSponge_10, cellPhone_11, alarmClock_12, toiletPaper_13, baseballBat_14, ladle_15, knife_16, apple_17, mug_18, plate_19, pan_20]
  Agent - Checkable: [agent1]
  Location - Checkable: [location1, location2, location3, location4, location5, location6, location7, location8, location9, location10, location11, location12, location13, location14, location15, location16, location17, location18, location19, location20]
  Receptacle - Checkable: [bed_1, drawer_2, toilet_3, shelf_4, shelf_5, sinkBasin_6, diningTable_7, shelf_8, fridge_9, laundryHamper_10, diningTable_11, laundryHamper_12, fridge_13, coffeeMachine_14, stoveBurner_15, microwave_16, bathtubBasin_17, coffeeMachine_18, drawer_19, handTowelHolder_20, microwave_21, fridge_22]
  Obj - Checkable: [tissueBox_1, pencil_2, bread_3, fork_4, soapBar_5, creditCard_6, pencil_7, remoteControl_8, butterKnife_9, dishSponge_10, cellPhone_11, alarmClock_12, toiletPaper_13, baseballBat_14, ladle_15, knife_16, apple_17, mug_18, plate_19, pan_20]
]

initial fluents default = [
  bool atLocation[a=Agent - Checkable, l=Location - Checkable] := false
  bool receptacleAtLocation[r=Receptacle - Checkable, l=Location - Checkable] := false
  bool objectAtLocation[o=Obj - Checkable, l=Location - Checkable] := false
  bool openable[r=Receptacle - Checkable] := false
  bool opened[r=Receptacle - Checkable] := false
  bool inReceptacle[o=Obj - Checkable, r=Receptacle - Checkable] := false
  bool isReceptacleObject[o=Obj - Checkable] := false
  bool inReceptacleObject[innerObject=Obj - Checkable, outObject=Obj - Checkable] := false
  bool isReceptacleObjectFull[o=Obj - Checkable] := false
  bool wasInReceptacle[o=Obj - Checkable, r=Receptacle - Checkable] := false
  bool checked[c=Checkable] := false
  bool examined[l=Location - Checkable] := false
  bool receptacleType[r=Receptacle - Checkable, rt=ReceptacleType] := false
  bool canContain[rt=ReceptacleType, ot=ObjectType] := false
  bool objectType[o=Obj - Checkable, t=ObjectType] := false
  bool holds[a=Agent - Checkable, o=Obj - Checkable] := false
  bool holdsAny[a=Agent - Checkable] := false
  bool holdsAnyReceptacleObject[a=Agent - Checkable] := false
  bool full[r=Receptacle - Checkable] := false
  bool isClean[o=Obj - Checkable] := false
  bool cleanable[o=Obj - Checkable] := false
  bool isHot[o=Obj - Checkable] := false
  bool heatable[o=Obj - Checkable] := false
  bool isCool[o=Obj - Checkable] := false
  bool coolable[o=Obj - Checkable] := false
  bool pickupable[o=Obj - Checkable] := false
  bool moveable[o=Obj - Checkable] := false
  bool toggleable[o=Obj - Checkable] := false
  bool isOn[o=Obj - Checkable] := false
  bool isToggled[o=Obj - Checkable] := false
  bool sliceable[o=Obj - Checkable] := false
  bool isSliced[o=Obj - Checkable] := false
]

initial values = [
  receptacleType(bed_1, bedType) := true
  receptacleType(drawer_2, drawerType) := true
  receptacleType(toilet_3, toiletType) := true
  receptacleType(shelf_4, shelfType) := true
  receptacleType(shelf_5, shelfType) := true
  receptacleType(sinkBasin_6, sinkBasinType) := true
  receptacleType(diningTable_7, diningTableType) := true
  receptacleType(shelf_8, shelfType) := true
  receptacleType(fridge_9, fridgeType) := true
  receptacleType(laundryHamper_10, laundryHamperType) := true
  receptacleType(diningTable_11, diningTableType) := true
  receptacleType(laundryHamper_12, laundryHamperType) := true
  receptacleType(fridge_13, fridgeType) := true
  receptacleType(coffeeMachine_14, coffeeMachineType) := true
  receptacleType(stoveBurner_15, stoveBurnerType) := true
  receptacleType(microwave_16, microwaveType) := true
  receptacleType(bathtubBasin_17, bathtubBasinType) := true
  receptacleType(coffeeMachine_18, coffeeMachineType) := true
  receptacleType(drawer_19, drawerType) := true
  receptacleType(handTowelHolder_20, handTowelHolderType) := true
  receptacleType(microwave_21, microwaveType) := true
  receptacleType(fridge_22, fridgeType) := true
  objectType(tissueBox_1, tissueBoxType) := true
  objectType(pencil_2, pencilType) := true
  objectType(bread_3, breadType) := true
  objectType(fork_4, forkType) := true
  objectType(soapBar_5, soapBarType) := true
  objectType(creditCard_6, creditCardType) := true
  objectType(pencil_7, pencilType) := true
  objectType(remoteControl_8, remoteControlType) := true
  objectType(butterKnife_9, butterKnifeType) := true
  objectType(dishSponge_10, dishSpongeType) := true
  objectType(cellPhone_11, cellPhoneType) := true
  objectType(alarmClock_12, alarmClockType) := true
  objectType(toiletPaper_13, toiletPaperType) := true
  objectType(baseballBat_14, baseballBatType) := true
  objectType(ladle_15, ladleType) := true
  objectType(knife_16, knifeType) := true
  objectType(apple_17, appleType) := true
  objectType(mug_18, mugType) := true
  objectType(plate_19, plateType) := true
  objectType(pan_20, panType) := true
  canContain(bedType, cellPhoneType) := true
  canContain(bedType, baseballBatType) := true
  canContain(drawerType, tissueBoxType) := true
  canContain(drawerType, pencilType) := true
  canContain(drawerType, forkType) := true
  canContain(drawerType, soapBarType) := true
  canContain(drawerType, creditCardType) := true
  canContain(drawerType, remoteControlType) := true
  canContain(drawerType, butterKnifeType) := true
  canContain(drawerType, dishSpongeType) := true
  canContain(drawerType, cellPhoneType) := true
  canContain(drawerType, toiletPaperType) := true
  canContain(drawerType, ladleType) := true
  canContain(drawerType, knifeType) := true
  canContain(toiletType, tissueBoxType) := true
  canContain(toiletType, soapBarType) := true
  canContain(toiletType, dishSpongeType) := true
  canContain(toiletType, toiletPaperType) := true
  canContain(shelfType, tissueBoxType) := true
  canContain(shelfType, pencilType) := true
  canContain(shelfType, soapBarType) := true
  canContain(shelfType, creditCardType) := true
  canContain(shelfType, remoteControlType) := true
  canContain(shelfType, dishSpongeType) := true
  canContain(shelfType, cellPhoneType) := true
  canContain(shelfType, alarmClockType) := true
  canContain(shelfType, toiletPaperType) := true
  canContain(shelfType, mugType) := true
  canContain(shelfType, plateType) := true
  canContain(sinkBasinType, forkType) := true
  canContain(sinkBasinType, soapBarType) := true
  canContain(sinkBasinType, butterKnifeType) := true
  canContain(sinkBasinType, dishSpongeType) := true
  canContain(sinkBasinType, ladleType) := true
  canContain(sinkBasinType, knifeType) := true
  canContain(sinkBasinType, appleType) := true
  canContain(sinkBasinType, mugType) := true
  canContain(sinkBasinType, plateType) := true
  canContain(sinkBasinType, panType) := true
  canContain(diningTableType, tissueBoxType) := true
  canContain(diningTableType, pencilType) := true
  canContain(diningTableType, breadType) := true
  canContain(diningTableType, forkType) := true
  canContain(diningTableType, soapBarType) := true
  canContain(diningTableType, creditCardType) := true
  canContain(diningTableType, remoteControlType) := true
  canContain(diningTableType, butterKnifeType) := true
  canContain(diningTableType, dishSpongeType) := true
  canContain(diningTableType, cellPhoneType) := true
  canContain(diningTableType, alarmClockType) := true
  canContain(diningTableType, toiletPaperType) := true
  canContain(diningTableType, baseballBatType) := true
  canContain(diningTableType, ladleType) := true
  canContain(diningTableType, knifeType) := true
  canContain(diningTableType, appleType) := true
  canContain(diningTableType, mugType) := true
  canContain(diningTableType, plateType) := true
  canContain(diningTableType, panType) := true
  canContain(fridgeType, breadType) := true
  canContain(fridgeType, appleType) := true
  canContain(fridgeType, mugType) := true
  canContain(fridgeType, plateType) := true
  canContain(fridgeType, panType) := true
  canContain(coffeeMachineType, mugType) := true
  canContain(stoveBurnerType, panType) := true
  canContain(microwaveType, breadType) := true
  canContain(microwaveType, appleType) := true
  canContain(microwaveType, mugType) := true
  canContain(microwaveType, plateType) := true
  canContain(bathtubBasinType, soapBarType) := true
  canContain(bathtubBasinType, dishSpongeType) := true
  pickupable(tissueBox_1) := true
  pickupable(pencil_2) := true
  pickupable(bread_3) := true
  heatable(bread_3) := true
  coolable(bread_3) := true
  sliceable(bread_3) := true
  pickupable(fork_4) := true
  cleanable(fork_4) := true
  pickupable(soapBar_5) := true
  cleanable(soapBar_5) := true
  pickupable(creditCard_6) := true
  pickupable(pencil_7) := true
  pickupable(remoteControl_8) := true
  pickupable(butterKnife_9) := true
  cleanable(butterKnife_9) := true
  pickupable(dishSponge_10) := true
  cleanable(dishSponge_10) := true
  pickupable(cellPhone_11) := true
  pickupable(alarmClock_12) := true
  pickupable(toiletPaper_13) := true
  pickupable(baseballBat_14) := true
  pickupable(ladle_15) := true
  cleanable(ladle_15) := true
  pickupable(knife_16) := true
  cleanable(knife_16) := true
  pickupable(apple_17) := true
  cleanable(apple_17) := true
  heatable(apple_17) := true
  coolable(apple_17) := true
  sliceable(apple_17) := true
  pickupable(mug_18) := true
  isReceptacleObject(mug_18) := true
  cleanable(mug_18) := true
  heatable(mug_18) := true
  coolable(mug_18) := true
  pickupable(plate_19) := true
  isReceptacleObject(plate_19) := true
  cleanable(plate_19) := true
  heatable(plate_19) := true
  coolable(plate_19) := true
  pickupable(pan_20) := true
  isReceptacleObject(pan_20) := true
  cleanable(pan_20) := true
  coolable(pan_20) := true
  receptacleAtLocation(bed_1, location1) := true
  receptacleAtLocation(drawer_2, location20) := true
  receptacleAtLocation(toilet_3, location14) := true
  receptacleAtLocation(shelf_4, location7) := true
  receptacleAtLocation(shelf_5, location7) := true
  receptacleAtLocation(sinkBasin_6, location18) := true
  receptacleAtLocation(diningTable_7, location5) := true
  receptacleAtLocation(shelf_8, location13) := true
  receptacleAtLocation(fridge_9, location5) := true
  receptacleAtLocation(laundryHamper_10, location4) := true
  receptacleAtLocation(diningTable_11, location2) := true
  receptacleAtLocation(laundryHamper_12, location14) := true
  receptacleAtLocation(fridge_13, location13) := true
  receptacleAtLocation(coffeeMachine_14, location10) := true
  receptacleAtLocation(stoveBurner_15, location20) := true
  receptacleAtLocation(microwave_16, location2) := true
  receptacleAtLocation(bathtubBasin_17, location19) := true
  receptacleAtLocation(coffeeMachine_18, location12) := true
  receptacleAtLocation(drawer_19, location2) := true
  receptacleAtLocation(handTowelHolder_20, location3) := true
  receptacleAtLocation(microwave_21, location7) := true
  receptacleAtLocation(fridge_22, location15) := true
  inReceptacle(tissueBox_1, diningTable_11) := true
  inReceptacle(pencil_2, shelf_5) := true
  inReceptacle(bread_3, diningTable_7) := true
  inReceptacle(fork_4, drawer_19) := true
  inReceptacle(soapBar_5, shelf_5) := true
  inReceptacle(creditCard_6, shelf_8) := true
  inReceptacle(pencil_7, diningTable_11) := true
  inReceptacle(remoteControl_8, diningTable_11) := true
  inReceptacle(butterKnife_9, diningTable_11) := true
  inReceptacle(dishSponge_10, sinkBasin_6) := true
  inReceptacle(cellPhone_11, shelf_5) := true
  inReceptacle(alarmClock_12, diningTable_7) := true
  inReceptacle(toiletPaper_13, shelf_4) := true
  inReceptacle(baseballBat_14, diningTable_7) := true
  inReceptacle(ladle_15, sinkBasin_6) := true
  inReceptacle(knife_16, drawer_19) := true
  inReceptacle(apple_17, microwave_21) := true
  inReceptacle(mug_18, sinkBasin_6) := true
  inReceptacle(plate_19, shelf_5) := true
  inReceptacle(pan_20, stoveBurner_15) := true
  objectAtLocation(tissueBox_1, location2) := true
  objectAtLocation(pencil_2, location7) := true
  objectAtLocation(bread_3, location5) := true
  objectAtLocation(fork_4, location2) := true
  objectAtLocation(soapBar_5, location7) := true
  objectAtLocation(creditCard_6, location13) := true
  objectAtLocation(pencil_7, location2) := true
  objectAtLocation(remoteControl_8, location2) := true
  objectAtLocation(butterKnife_9, location2) := true
  objectAtLocation(dishSponge_10, location18) := true
  objectAtLocation(cellPhone_11, location7) := true
  objectAtLocation(alarmClock_12, location5) := true
  objectAtLocation(toiletPaper_13, location7) := true
  objectAtLocation(baseballBat_14, location5) := true
  objectAtLocation(ladle_15, location18) := true
  objectAtLocation(knife_16, location2) := true
  objectAtLocation(apple_17, location7) := true
  objectAtLocation(mug_18, location18) := true
  objectAtLocation(plate_19, location7) := true
  objectAtLocation(pan_20, location20) := true
  atLocation(agent1, location11) := true
]

goals = [
  Exists (Receptacle - Checkable r) Exists (Obj - Checkable o) (inReceptacle(o, r) and objectType(o, tissueBoxType) and receptacleType(r, diningTableType))
]

quality metrics = [
  minimize sequential-plan-length
]


2025-08-13 09:24:16,640 - INFO - Generating plan for unconstrained problem

2025-08-13 09:24:17,283 - INFO - Unconstrained plan generation time: 0.6425275802612305

2025-08-13 09:24:17,283 - INFO - Unconstrained plan and cost: 
2025-08-13 09:24:17,283 - INFO - SequentialPlan:
2025-08-13 09:24:17,283 - INFO - 0
2025-08-13 09:24:57,175 - INFO - Sampled constraints:

2025-08-13 09:24:57,175 - INFO - Sometime(atLocation(agent1, location13))
2025-08-13 09:24:57,175 - INFO - Sometime((objectAtLocation(ladle_15, location5) or inReceptacleObject(pencil_7, butterKnife_9)))
2025-08-13 09:24:57,175 - INFO - Sometime(inReceptacleObject(cellPhone_11, ladle_15))
2025-08-13 09:24:57,175 - INFO - Sometime((objectAtLocation(pan_20, location19) or holdsAny(agent1)))
2025-08-13 09:24:57,175 - INFO - Sometime(inReceptacleObject(tissueBox_1, remoteControl_8))
2025-08-13 09:24:57,175 - INFO - Sometime(holds(agent1, apple_17))
2025-08-13 09:24:57,175 - INFO - Sometime(holdsAny(agent1))
2025-08-13 09:24:57,175 - INFO - Sometime(holds(agent1, remoteControl_8))
2025-08-13 09:24:57,175 - INFO - Sometime((atLocation(agent1, location12) or objectAtLocation(soapBar_5, location10)))
2025-08-13 09:24:57,175 - INFO - Sometime(holds(agent1, knife_16))
2025-08-13 09:24:57,175 - INFO - 
2025-08-13 09:24:57,175 - INFO - Generation time: 39.891716957092285

2025-08-13 09:24:57,176 - INFO - Generating plan for constrained problem (with LiftedTCORE).

2025-08-13 09:24:57,474 - INFO - LiftedTCORE compilation time: 0.29823923110961914

2025-08-13 09:24:58,331 - INFO - Planning Time with LiftedTCORE's file: 0.8567178249359131

