2025-08-13 10:59:11,461 - INFO - 
================= Seed: 1221 =================

2025-08-13 10:59:11,461 - INFO - problem name = alfred

types = [ReceptacleType, ObjectType, Checkable, Agent - Checkable, Location - Checkable, Receptacle - Checkable, Obj - Checkable]

fluents = [
  bool atLocation[a=Agent - Checkable, l=Location - Checkable]
  bool receptacleAtLocation[r=Receptacle - Checkable, l=Location - Checkable]
  bool objectAtLocation[o=Obj - Checkable, l=Location - Checkable]
  bool openable[r=Receptacle - Checkable]
  bool opened[r=Receptacle - Checkable]
  bool inReceptacle[o=Obj - Checkable, r=Receptacle - Checkable]
  bool isReceptacleObject[o=Obj - Checkable]
  bool inReceptacleObject[innerObject=Obj - Checkable, outObject=Obj - Checkable]
  bool isReceptacleObjectFull[o=Obj - Checkable]
  bool wasInReceptacle[o=Obj - Checkable, r=Receptacle - Checkable]
  bool checked[c=Checkable]
  bool examined[l=Location - Checkable]
  bool receptacleType[r=Receptacle - Checkable, rt=ReceptacleType]
  bool canContain[rt=ReceptacleType, ot=ObjectType]
  bool objectType[o=Obj - Checkable, t=ObjectType]
  bool holds[a=Agent - Checkable, o=Obj - Checkable]
  bool holdsAny[a=Agent - Checkable]
  bool holdsAnyReceptacleObject[a=Agent - Checkable]
  bool full[r=Receptacle - Checkable]
  bool isClean[o=Obj - Checkable]
  bool cleanable[o=Obj - Checkable]
  bool isHot[o=Obj - Checkable]
  bool heatable[o=Obj - Checkable]
  bool isCool[o=Obj - Checkable]
  bool coolable[o=Obj - Checkable]
  bool pickupable[o=Obj - Checkable]
  bool moveable[o=Obj - Checkable]
  bool toggleable[o=Obj - Checkable]
  bool isOn[o=Obj - Checkable]
  bool isToggled[o=Obj - Checkable]
  bool sliceable[o=Obj - Checkable]
  bool isSliced[o=Obj - Checkable]
]

actions = [
  action look(Agent - Checkable a, Location - Checkable l) {
    preconditions = [
      atLocation(a, l)
    ]
    effects = [
      checked(l) := true
    ]
  }
  action inventory(Agent - Checkable a) {
    preconditions = [
    ]
    effects = [
      checked(a) := true
    ]
  }
  action examineReceptacle(Agent - Checkable a, Receptacle - Checkable r) {
    preconditions = [
      Exists (Location - Checkable l) (atLocation(a, l) and receptacleAtLocation(r, l))
    ]
    effects = [
      checked(r) := true
    ]
  }
  action examineObject(Agent - Checkable a, Obj - Checkable o) {
    preconditions = [
      (Exists (Location - Checkable l) Exists (Receptacle - Checkable r) (atLocation(a, l) and receptacleAtLocation(r, l) and inReceptacle(o, r) and ((not openable(r)) or opened(r))) or holds(a, o))
    ]
    effects = [
      checked(o) := true
    ]
  }
  action goToLocation(Agent - Checkable a, Location - Checkable lstart, Location - Checkable lend) {
    preconditions = [
      atLocation(a, lstart)
    ]
    effects = [
      atLocation(a, lstart) := false
      atLocation(a, lend) := true
    ]
  }
  action openObject(Agent - Checkable a, Location - Checkable l, Receptacle - Checkable r) {
    preconditions = [
      (openable(r) and atLocation(a, l) and receptacleAtLocation(r, l) and (not opened(r)))
    ]
    effects = [
      opened(r) := true
      checked(r) := true
    ]
  }
  action closeObject(Agent - Checkable a, Location - Checkable l, Receptacle - Checkable r) {
    preconditions = [
      (openable(r) and atLocation(a, l) and receptacleAtLocation(r, l) and opened(r))
    ]
    effects = [
      opened(r) := false
    ]
  }
  action pickupObject(Agent - Checkable a, Location - Checkable l, Obj - Checkable o, Receptacle - Checkable r) {
    preconditions = [
      (pickupable(o) and atLocation(a, l) and receptacleAtLocation(r, l) and inReceptacle(o, r) and (not holdsAny(a)) and ((not openable(r)) or opened(r)))
    ]
    effects = [
      inReceptacle(o, r) := false
      holds(a, o) := true
      holdsAny(a) := true
      objectAtLocation(o, l) := false
    ]
  }
  action putObject(Agent - Checkable a, Location - Checkable l, Obj - Checkable o, Receptacle - Checkable r, ObjectType ot, ReceptacleType rt) {
    preconditions = [
      (holds(a, o) and atLocation(a, l) and receptacleAtLocation(r, l) and ((not openable(r)) or opened(r)) and objectType(o, ot) and receptacleType(r, rt) and canContain(rt, ot))
    ]
    effects = [
      inReceptacle(o, r) := true
      objectAtLocation(o, l) := true
      holds(a, o) := false
      holdsAny(a) := false
    ]
  }
  action cleanObject(Agent - Checkable a, Location - Checkable l, Receptacle - Checkable r, Obj - Checkable o) {
    preconditions = [
      (cleanable(o) and receptacleType(r, sinkBasinType) and atLocation(a, l) and receptacleAtLocation(r, l) and holds(a, o))
    ]
    effects = [
      isClean(o) := true
    ]
  }
  action heatObject(Agent - Checkable a, Location - Checkable l, Receptacle - Checkable r, Obj - Checkable o) {
    preconditions = [
      (heatable(o) and receptacleType(r, microwaveType) and atLocation(a, l) and receptacleAtLocation(r, l) and holds(a, o))
    ]
    effects = [
      isHot(o) := true
      isCool(o) := false
    ]
  }
  action coolObject(Agent - Checkable a, Location - Checkable l, Receptacle - Checkable r, Obj - Checkable o) {
    preconditions = [
      (coolable(o) and receptacleType(r, fridgeType) and atLocation(a, l) and receptacleAtLocation(r, l) and holds(a, o))
    ]
    effects = [
      isCool(o) := true
      isHot(o) := false
    ]
  }
  action toggleObject(Agent - Checkable a, Location - Checkable l, Obj - Checkable o, Receptacle - Checkable r) {
    preconditions = [
      (toggleable(o) and atLocation(a, l) and receptacleAtLocation(r, l) and inReceptacle(o, r))
    ]
    effects = [
      if isOn(o) then isOn(o) := false
      if (not isOn(o)) then isOn(o) := true
      isToggled(o) := true
    ]
  }
  action sliceObject(Agent - Checkable a, Location - Checkable l, Obj - Checkable co, Obj - Checkable ko) {
    preconditions = [
      (sliceable(co) and (objectType(ko, knifeType) or objectType(ko, butterKnifeType)) and atLocation(a, l) and objectAtLocation(co, l) and holds(a, ko))
    ]
    effects = [
      isSliced(co) := true
    ]
  }
  action help(Agent - Checkable a) {
    preconditions = [
    ]
    effects = [
      checked(a) := true
    ]
  }
]

objects = [
  ReceptacleType: [sinkBasinType, microwaveType, fridgeType, drawerType, coffeeTableType, bedType, garbageCanType, armChairType]
  ObjectType: [knifeType, butterKnifeType, lettuceType, remoteControlType, bowlType, potType]
  Checkable: [agent1, location1, location2, location3, location4, location5, drawer_1, coffeeTable_2, bed_3, garbageCan_4, armChair_5, microwave_6, fridge_7, lettuce_1, remoteControl_2, bowl_3, remoteControl_4, pot_5]
  Agent - Checkable: [agent1]
  Location - Checkable: [location1, location2, location3, location4, location5]
  Receptacle - Checkable: [drawer_1, coffeeTable_2, bed_3, garbageCan_4, armChair_5, microwave_6, fridge_7]
  Obj - Checkable: [lettuce_1, remoteControl_2, bowl_3, remoteControl_4, pot_5]
]

initial fluents default = [
  bool atLocation[a=Agent - Checkable, l=Location - Checkable] := false
  bool receptacleAtLocation[r=Receptacle - Checkable, l=Location - Checkable] := false
  bool objectAtLocation[o=Obj - Checkable, l=Location - Checkable] := false
  bool openable[r=Receptacle - Checkable] := false
  bool opened[r=Receptacle - Checkable] := false
  bool inReceptacle[o=Obj - Checkable, r=Receptacle - Checkable] := false
  bool isReceptacleObject[o=Obj - Checkable] := false
  bool inReceptacleObject[innerObject=Obj - Checkable, outObject=Obj - Checkable] := false
  bool isReceptacleObjectFull[o=Obj - Checkable] := false
  bool wasInReceptacle[o=Obj - Checkable, r=Receptacle - Checkable] := false
  bool checked[c=Checkable] := false
  bool examined[l=Location - Checkable] := false
  bool receptacleType[r=Receptacle - Checkable, rt=ReceptacleType] := false
  bool canContain[rt=ReceptacleType, ot=ObjectType] := false
  bool objectType[o=Obj - Checkable, t=ObjectType] := false
  bool holds[a=Agent - Checkable, o=Obj - Checkable] := false
  bool holdsAny[a=Agent - Checkable] := false
  bool holdsAnyReceptacleObject[a=Agent - Checkable] := false
  bool full[r=Receptacle - Checkable] := false
  bool isClean[o=Obj - Checkable] := false
  bool cleanable[o=Obj - Checkable] := false
  bool isHot[o=Obj - Checkable] := false
  bool heatable[o=Obj - Checkable] := false
  bool isCool[o=Obj - Checkable] := false
  bool coolable[o=Obj - Checkable] := false
  bool pickupable[o=Obj - Checkable] := false
  bool moveable[o=Obj - Checkable] := false
  bool toggleable[o=Obj - Checkable] := false
  bool isOn[o=Obj - Checkable] := false
  bool isToggled[o=Obj - Checkable] := false
  bool sliceable[o=Obj - Checkable] := false
  bool isSliced[o=Obj - Checkable] := false
]

initial values = [
  receptacleType(drawer_1, drawerType) := true
  receptacleType(coffeeTable_2, coffeeTableType) := true
  receptacleType(bed_3, bedType) := true
  receptacleType(garbageCan_4, garbageCanType) := true
  receptacleType(armChair_5, armChairType) := true
  receptacleType(microwave_6, microwaveType) := true
  receptacleType(fridge_7, fridgeType) := true
  objectType(lettuce_1, lettuceType) := true
  objectType(remoteControl_2, remoteControlType) := true
  objectType(bowl_3, bowlType) := true
  objectType(remoteControl_4, remoteControlType) := true
  objectType(pot_5, potType) := true
  canContain(drawerType, remoteControlType) := true
  canContain(coffeeTableType, lettuceType) := true
  canContain(coffeeTableType, remoteControlType) := true
  canContain(coffeeTableType, bowlType) := true
  canContain(coffeeTableType, potType) := true
  canContain(garbageCanType, lettuceType) := true
  canContain(armChairType, remoteControlType) := true
  canContain(microwaveType, bowlType) := true
  canContain(fridgeType, lettuceType) := true
  canContain(fridgeType, bowlType) := true
  canContain(fridgeType, potType) := true
  pickupable(lettuce_1) := true
  cleanable(lettuce_1) := true
  coolable(lettuce_1) := true
  sliceable(lettuce_1) := true
  pickupable(remoteControl_2) := true
  pickupable(bowl_3) := true
  isReceptacleObject(bowl_3) := true
  cleanable(bowl_3) := true
  coolable(bowl_3) := true
  pickupable(remoteControl_4) := true
  pickupable(pot_5) := true
  isReceptacleObject(pot_5) := true
  cleanable(pot_5) := true
  coolable(pot_5) := true
  receptacleAtLocation(drawer_1, location5) := true
  receptacleAtLocation(coffeeTable_2, location4) := true
  receptacleAtLocation(bed_3, location5) := true
  receptacleAtLocation(garbageCan_4, location3) := true
  receptacleAtLocation(armChair_5, location3) := true
  receptacleAtLocation(microwave_6, location5) := true
  receptacleAtLocation(fridge_7, location2) := true
  inReceptacle(lettuce_1, coffeeTable_2) := true
  inReceptacle(remoteControl_2, armChair_5) := true
  inReceptacle(bowl_3, microwave_6) := true
  inReceptacle(remoteControl_4, drawer_1) := true
  inReceptacle(pot_5, coffeeTable_2) := true
  objectAtLocation(lettuce_1, location4) := true
  objectAtLocation(remoteControl_2, location3) := true
  objectAtLocation(bowl_3, location5) := true
  objectAtLocation(remoteControl_4, location5) := true
  objectAtLocation(pot_5, location4) := true
  atLocation(agent1, location5) := true
]

goals = [
  Exists (Receptacle - Checkable r) Exists (Obj - Checkable o) (inReceptacle(o, r) and objectType(o, potType) and receptacleType(r, coffeeTableType))
]

quality metrics = [
  minimize sequential-plan-length
]


2025-08-13 10:59:11,463 - INFO - Generating plan for unconstrained problem

2025-08-13 10:59:11,886 - INFO - Unconstrained plan generation time: 0.42301082611083984

2025-08-13 10:59:11,886 - INFO - Unconstrained plan and cost: 
2025-08-13 10:59:11,886 - INFO - SequentialPlan:
2025-08-13 10:59:11,887 - INFO - 0
2025-08-13 10:59:20,898 - INFO - Sampled constraints:

2025-08-13 10:59:20,899 - INFO - Sometime((holds(agent1, pot_5) or checked(remoteControl_4)))
2025-08-13 10:59:20,899 - INFO - Sometime(holds(agent1, lettuce_1))
2025-08-13 10:59:20,899 - INFO - Sometime(objectAtLocation(bowl_3, location4))
2025-08-13 10:59:20,899 - INFO - Sometime((holds(agent1, bowl_3) or holds(agent1, remoteControl_4)))
2025-08-13 10:59:20,899 - INFO - Sometime(objectAtLocation(lettuce_1, location3))
2025-08-13 10:59:20,899 - INFO - Sometime((checked(location3) or checked(agent1)))
2025-08-13 10:59:20,899 - INFO - Sometime((checked(bowl_3) or atLocation(agent1, location3)))
2025-08-13 10:59:20,899 - INFO - Sometime((objectAtLocation(bowl_3, location1) or holds(agent1, pot_5)))
2025-08-13 10:59:20,899 - INFO - Sometime(atLocation(agent1, location2))
2025-08-13 10:59:20,899 - INFO - Sometime(holds(agent1, remoteControl_2))
2025-08-13 10:59:20,899 - INFO - 
2025-08-13 10:59:20,899 - INFO - Generation time: 9.01184368133545

2025-08-13 10:59:20,900 - INFO - Generating plan for constrained problem (with LiftedTCORE).

2025-08-13 10:59:20,959 - INFO - LiftedTCORE compilation time: 0.0591280460357666

2025-08-13 10:59:21,549 - INFO - Planning Time with LiftedTCORE's file: 0.5896306037902832

2025-08-13 10:59:21,549 - INFO - Plan found with LiftedTCORE + sym_bd: SequentialPlan:
    pickupObject(agent1, location5, bowl_3, microwave_6)
    goToLocation(agent1, location5, location4)
    putObject(agent1, location4, bowl_3, coffeeTable_2, bowlType, coffeeTableType)
    pickupObject(agent1, location4, pot_5, coffeeTable_2)
    putObject(agent1, location4, pot_5, coffeeTable_2, potType, coffeeTableType)
    pickupObject(agent1, location4, lettuce_1, coffeeTable_2)
    help(agent1)
    goToLocation(agent1, location4, location2)
    goToLocation(agent1, location2, location3)
    putObject(agent1, location3, lettuce_1, garbageCan_4, lettuceType, garbageCanType)
    pickupObject(agent1, location3, remoteControl_2, armChair_5)

2025-08-13 10:59:21,549 - INFO - Seed: 1221 is solvable

2025-08-13 10:59:21,549 - INFO - Unconstrained cost: 0
2025-08-13 10:59:21,550 - INFO - Constrained cost: 11
2025-08-13 10:59:21,550 - INFO - Seed: 1221 Plan simulation is feasible
2025-08-13 10:59:21,550 - INFO - 
Seed: 1221 
 Plan: [pickupObject(agent1, location5, bowl_3, microwave_6), goToLocation(agent1, location5, location4), putObject(agent1, location4, bowl_3, coffeeTable_2, bowlType, coffeeTableType), pickupObject(agent1, location4, pot_5, coffeeTable_2), putObject(agent1, location4, pot_5, coffeeTable_2, potType, coffeeTableType), pickupObject(agent1, location4, lettuce_1, coffeeTable_2), help(agent1), goToLocation(agent1, location4, location2), goToLocation(agent1, location2, location3), putObject(agent1, location3, lettuce_1, garbageCan_4, lettuceType, garbageCanType), pickupObject(agent1, location3, remoteControl_2, armChair_5)]  
 Cost: 11

2025-08-13 10:59:21,702 - INFO - Time for Translating the Constrained Problem into NL: 9.5367431640625e-07

