2025-08-13 09:31:03,717 - INFO - 
================= Seed: 1049 =================

2025-08-13 09:31:03,717 - INFO - problem name = alfred

types = [ReceptacleType, ObjectType, Checkable, Agent - Checkable, Location - Checkable, Receptacle - Checkable, Obj - Checkable]

fluents = [
  bool atLocation[a=Agent - Checkable, l=Location - Checkable]
  bool receptacleAtLocation[r=Receptacle - Checkable, l=Location - Checkable]
  bool objectAtLocation[o=Obj - Checkable, l=Location - Checkable]
  bool openable[r=Receptacle - Checkable]
  bool opened[r=Receptacle - Checkable]
  bool inReceptacle[o=Obj - Checkable, r=Receptacle - Checkable]
  bool isReceptacleObject[o=Obj - Checkable]
  bool inReceptacleObject[innerObject=Obj - Checkable, outObject=Obj - Checkable]
  bool isReceptacleObjectFull[o=Obj - Checkable]
  bool wasInReceptacle[o=Obj - Checkable, r=Receptacle - Checkable]
  bool checked[c=Checkable]
  bool examined[l=Location - Checkable]
  bool receptacleType[r=Receptacle - Checkable, rt=ReceptacleType]
  bool canContain[rt=ReceptacleType, ot=ObjectType]
  bool objectType[o=Obj - Checkable, t=ObjectType]
  bool holds[a=Agent - Checkable, o=Obj - Checkable]
  bool holdsAny[a=Agent - Checkable]
  bool holdsAnyReceptacleObject[a=Agent - Checkable]
  bool full[r=Receptacle - Checkable]
  bool isClean[o=Obj - Checkable]
  bool cleanable[o=Obj - Checkable]
  bool isHot[o=Obj - Checkable]
  bool heatable[o=Obj - Checkable]
  bool isCool[o=Obj - Checkable]
  bool coolable[o=Obj - Checkable]
  bool pickupable[o=Obj - Checkable]
  bool moveable[o=Obj - Checkable]
  bool toggleable[o=Obj - Checkable]
  bool isOn[o=Obj - Checkable]
  bool isToggled[o=Obj - Checkable]
  bool sliceable[o=Obj - Checkable]
  bool isSliced[o=Obj - Checkable]
]

actions = [
  action look(Agent - Checkable a, Location - Checkable l) {
    preconditions = [
      atLocation(a, l)
    ]
    effects = [
      checked(l) := true
    ]
  }
  action inventory(Agent - Checkable a) {
    preconditions = [
    ]
    effects = [
      checked(a) := true
    ]
  }
  action examineReceptacle(Agent - Checkable a, Receptacle - Checkable r) {
    preconditions = [
      Exists (Location - Checkable l) (atLocation(a, l) and receptacleAtLocation(r, l))
    ]
    effects = [
      checked(r) := true
    ]
  }
  action examineObject(Agent - Checkable a, Obj - Checkable o) {
    preconditions = [
      (Exists (Location - Checkable l) Exists (Receptacle - Checkable r) (atLocation(a, l) and receptacleAtLocation(r, l) and inReceptacle(o, r) and ((not openable(r)) or opened(r))) or holds(a, o))
    ]
    effects = [
      checked(o) := true
    ]
  }
  action goToLocation(Agent - Checkable a, Location - Checkable lstart, Location - Checkable lend) {
    preconditions = [
      atLocation(a, lstart)
    ]
    effects = [
      atLocation(a, lstart) := false
      atLocation(a, lend) := true
    ]
  }
  action openObject(Agent - Checkable a, Location - Checkable l, Receptacle - Checkable r) {
    preconditions = [
      (openable(r) and atLocation(a, l) and receptacleAtLocation(r, l) and (not opened(r)))
    ]
    effects = [
      opened(r) := true
      checked(r) := true
    ]
  }
  action closeObject(Agent - Checkable a, Location - Checkable l, Receptacle - Checkable r) {
    preconditions = [
      (openable(r) and atLocation(a, l) and receptacleAtLocation(r, l) and opened(r))
    ]
    effects = [
      opened(r) := false
    ]
  }
  action pickupObject(Agent - Checkable a, Location - Checkable l, Obj - Checkable o, Receptacle - Checkable r) {
    preconditions = [
      (pickupable(o) and atLocation(a, l) and receptacleAtLocation(r, l) and inReceptacle(o, r) and (not holdsAny(a)) and ((not openable(r)) or opened(r)))
    ]
    effects = [
      inReceptacle(o, r) := false
      holds(a, o) := true
      holdsAny(a) := true
      objectAtLocation(o, l) := false
    ]
  }
  action putObject(Agent - Checkable a, Location - Checkable l, Obj - Checkable o, Receptacle - Checkable r, ObjectType ot, ReceptacleType rt) {
    preconditions = [
      (holds(a, o) and atLocation(a, l) and receptacleAtLocation(r, l) and ((not openable(r)) or opened(r)) and objectType(o, ot) and receptacleType(r, rt) and canContain(rt, ot))
    ]
    effects = [
      inReceptacle(o, r) := true
      objectAtLocation(o, l) := true
      holds(a, o) := false
      holdsAny(a) := false
    ]
  }
  action cleanObject(Agent - Checkable a, Location - Checkable l, Receptacle - Checkable r, Obj - Checkable o) {
    preconditions = [
      (cleanable(o) and receptacleType(r, sinkBasinType) and atLocation(a, l) and receptacleAtLocation(r, l) and holds(a, o))
    ]
    effects = [
      isClean(o) := true
    ]
  }
  action heatObject(Agent - Checkable a, Location - Checkable l, Receptacle - Checkable r, Obj - Checkable o) {
    preconditions = [
      (heatable(o) and receptacleType(r, microwaveType) and atLocation(a, l) and receptacleAtLocation(r, l) and holds(a, o))
    ]
    effects = [
      isHot(o) := true
      isCool(o) := false
    ]
  }
  action coolObject(Agent - Checkable a, Location - Checkable l, Receptacle - Checkable r, Obj - Checkable o) {
    preconditions = [
      (coolable(o) and receptacleType(r, fridgeType) and atLocation(a, l) and receptacleAtLocation(r, l) and holds(a, o))
    ]
    effects = [
      isCool(o) := true
      isHot(o) := false
    ]
  }
  action toggleObject(Agent - Checkable a, Location - Checkable l, Obj - Checkable o, Receptacle - Checkable r) {
    preconditions = [
      (toggleable(o) and atLocation(a, l) and receptacleAtLocation(r, l) and inReceptacle(o, r))
    ]
    effects = [
      if isOn(o) then isOn(o) := false
      if (not isOn(o)) then isOn(o) := true
      isToggled(o) := true
    ]
  }
  action sliceObject(Agent - Checkable a, Location - Checkable l, Obj - Checkable co, Obj - Checkable ko) {
    preconditions = [
      (sliceable(co) and (objectType(ko, knifeType) or objectType(ko, butterKnifeType)) and atLocation(a, l) and objectAtLocation(co, l) and holds(a, ko))
    ]
    effects = [
      isSliced(co) := true
    ]
  }
  action help(Agent - Checkable a) {
    preconditions = [
    ]
    effects = [
      checked(a) := true
    ]
  }
]

objects = [
  ReceptacleType: [sinkBasinType, microwaveType, fridgeType, sofaType, bathtubBasinType, toasterType, sideTableType, deskType, tvStandType, drawerType, toiletPaperHangerType, safeType, garbageCanType, coffeeMachineType, shelfType]
  ObjectType: [knifeType, butterKnifeType, handTowelType, bowlType, plateType, cdType, mugType, lettuceType, paperTowelType, tomatoType, cupType, wineBottleType, spatulaType, saltShakerType, soapBottleType, pepperShakerType, panType, tennisRacketType, alarmClockType, potType]
  Checkable: [agent1, location1, location2, location3, location4, location5, location6, location7, location8, location9, location10, location11, location12, location13, location14, location15, location16, location17, location18, location19, location20, sofa_1, sofa_2, bathtubBasin_3, toaster_4, sideTable_5, desk_6, tvStand_7, drawer_8, fridge_9, toiletPaperHanger_10, microwave_11, tvStand_12, safe_13, garbageCan_14, bathtubBasin_15, coffeeMachine_16, drawer_17, bathtubBasin_18, shelf_19, sinkBasin_20, microwave_21, fridge_22, handTowel_1, bowl_2, plate_3, cd_4, mug_5, lettuce_6, paperTowel_7, tomato_8, cup_9, wineBottle_10, spatula_11, saltShaker_12, soapBottle_13, pepperShaker_14, pan_15, tennisRacket_16, lettuce_17, alarmClock_18, tennisRacket_19, pot_20]
  Agent - Checkable: [agent1]
  Location - Checkable: [location1, location2, location3, location4, location5, location6, location7, location8, location9, location10, location11, location12, location13, location14, location15, location16, location17, location18, location19, location20]
  Receptacle - Checkable: [sofa_1, sofa_2, bathtubBasin_3, toaster_4, sideTable_5, desk_6, tvStand_7, drawer_8, fridge_9, toiletPaperHanger_10, microwave_11, tvStand_12, safe_13, garbageCan_14, bathtubBasin_15, coffeeMachine_16, drawer_17, bathtubBasin_18, shelf_19, sinkBasin_20, microwave_21, fridge_22]
  Obj - Checkable: [handTowel_1, bowl_2, plate_3, cd_4, mug_5, lettuce_6, paperTowel_7, tomato_8, cup_9, wineBottle_10, spatula_11, saltShaker_12, soapBottle_13, pepperShaker_14, pan_15, tennisRacket_16, lettuce_17, alarmClock_18, tennisRacket_19, pot_20]
]

initial fluents default = [
  bool atLocation[a=Agent - Checkable, l=Location - Checkable] := false
  bool receptacleAtLocation[r=Receptacle - Checkable, l=Location - Checkable] := false
  bool objectAtLocation[o=Obj - Checkable, l=Location - Checkable] := false
  bool openable[r=Receptacle - Checkable] := false
  bool opened[r=Receptacle - Checkable] := false
  bool inReceptacle[o=Obj - Checkable, r=Receptacle - Checkable] := false
  bool isReceptacleObject[o=Obj - Checkable] := false
  bool inReceptacleObject[innerObject=Obj - Checkable, outObject=Obj - Checkable] := false
  bool isReceptacleObjectFull[o=Obj - Checkable] := false
  bool wasInReceptacle[o=Obj - Checkable, r=Receptacle - Checkable] := false
  bool checked[c=Checkable] := false
  bool examined[l=Location - Checkable] := false
  bool receptacleType[r=Receptacle - Checkable, rt=ReceptacleType] := false
  bool canContain[rt=ReceptacleType, ot=ObjectType] := false
  bool objectType[o=Obj - Checkable, t=ObjectType] := false
  bool holds[a=Agent - Checkable, o=Obj - Checkable] := false
  bool holdsAny[a=Agent - Checkable] := false
  bool holdsAnyReceptacleObject[a=Agent - Checkable] := false
  bool full[r=Receptacle - Checkable] := false
  bool isClean[o=Obj - Checkable] := false
  bool cleanable[o=Obj - Checkable] := false
  bool isHot[o=Obj - Checkable] := false
  bool heatable[o=Obj - Checkable] := false
  bool isCool[o=Obj - Checkable] := false
  bool coolable[o=Obj - Checkable] := false
  bool pickupable[o=Obj - Checkable] := false
  bool moveable[o=Obj - Checkable] := false
  bool toggleable[o=Obj - Checkable] := false
  bool isOn[o=Obj - Checkable] := false
  bool isToggled[o=Obj - Checkable] := false
  bool sliceable[o=Obj - Checkable] := false
  bool isSliced[o=Obj - Checkable] := false
]

initial values = [
  receptacleType(sofa_1, sofaType) := true
  receptacleType(sofa_2, sofaType) := true
  receptacleType(bathtubBasin_3, bathtubBasinType) := true
  receptacleType(toaster_4, toasterType) := true
  receptacleType(sideTable_5, sideTableType) := true
  receptacleType(desk_6, deskType) := true
  receptacleType(tvStand_7, tvStandType) := true
  receptacleType(drawer_8, drawerType) := true
  receptacleType(fridge_9, fridgeType) := true
  receptacleType(toiletPaperHanger_10, toiletPaperHangerType) := true
  receptacleType(microwave_11, microwaveType) := true
  receptacleType(tvStand_12, tvStandType) := true
  receptacleType(safe_13, safeType) := true
  receptacleType(garbageCan_14, garbageCanType) := true
  receptacleType(bathtubBasin_15, bathtubBasinType) := true
  receptacleType(coffeeMachine_16, coffeeMachineType) := true
  receptacleType(drawer_17, drawerType) := true
  receptacleType(bathtubBasin_18, bathtubBasinType) := true
  receptacleType(shelf_19, shelfType) := true
  receptacleType(sinkBasin_20, sinkBasinType) := true
  receptacleType(microwave_21, microwaveType) := true
  receptacleType(fridge_22, fridgeType) := true
  objectType(handTowel_1, handTowelType) := true
  objectType(bowl_2, bowlType) := true
  objectType(plate_3, plateType) := true
  objectType(cd_4, cdType) := true
  objectType(mug_5, mugType) := true
  objectType(lettuce_6, lettuceType) := true
  objectType(paperTowel_7, paperTowelType) := true
  objectType(tomato_8, tomatoType) := true
  objectType(cup_9, cupType) := true
  objectType(wineBottle_10, wineBottleType) := true
  objectType(spatula_11, spatulaType) := true
  objectType(saltShaker_12, saltShakerType) := true
  objectType(soapBottle_13, soapBottleType) := true
  objectType(pepperShaker_14, pepperShakerType) := true
  objectType(pan_15, panType) := true
  objectType(tennisRacket_16, tennisRacketType) := true
  objectType(lettuce_17, lettuceType) := true
  objectType(alarmClock_18, alarmClockType) := true
  objectType(tennisRacket_19, tennisRacketType) := true
  objectType(pot_20, potType) := true
  canContain(bathtubBasinType, handTowelType) := true
  canContain(sideTableType, handTowelType) := true
  canContain(sideTableType, bowlType) := true
  canContain(sideTableType, plateType) := true
  canContain(sideTableType, mugType) := true
  canContain(sideTableType, lettuceType) := true
  canContain(sideTableType, paperTowelType) := true
  canContain(sideTableType, tomatoType) := true
  canContain(sideTableType, cupType) := true
  canContain(sideTableType, wineBottleType) := true
  canContain(sideTableType, spatulaType) := true
  canContain(sideTableType, saltShakerType) := true
  canContain(sideTableType, soapBottleType) := true
  canContain(sideTableType, pepperShakerType) := true
  canContain(sideTableType, panType) := true
  canContain(sideTableType, tennisRacketType) := true
  canContain(sideTableType, alarmClockType) := true
  canContain(sideTableType, potType) := true
  canContain(deskType, bowlType) := true
  canContain(deskType, plateType) := true
  canContain(deskType, mugType) := true
  canContain(deskType, cupType) := true
  canContain(deskType, wineBottleType) := true
  canContain(deskType, soapBottleType) := true
  canContain(deskType, tennisRacketType) := true
  canContain(deskType, alarmClockType) := true
  canContain(drawerType, handTowelType) := true
  canContain(drawerType, spatulaType) := true
  canContain(drawerType, saltShakerType) := true
  canContain(drawerType, soapBottleType) := true
  canContain(drawerType, pepperShakerType) := true
  canContain(fridgeType, bowlType) := true
  canContain(fridgeType, plateType) := true
  canContain(fridgeType, mugType) := true
  canContain(fridgeType, lettuceType) := true
  canContain(fridgeType, tomatoType) := true
  canContain(fridgeType, cupType) := true
  canContain(fridgeType, wineBottleType) := true
  canContain(fridgeType, panType) := true
  canContain(fridgeType, potType) := true
  canContain(microwaveType, bowlType) := true
  canContain(microwaveType, plateType) := true
  canContain(microwaveType, mugType) := true
  canContain(microwaveType, tomatoType) := true
  canContain(microwaveType, cupType) := true
  canContain(safeType, cdType) := true
  canContain(garbageCanType, handTowelType) := true
  canContain(garbageCanType, lettuceType) := true
  canContain(garbageCanType, paperTowelType) := true
  canContain(garbageCanType, tomatoType) := true
  canContain(garbageCanType, wineBottleType) := true
  canContain(garbageCanType, soapBottleType) := true
  canContain(coffeeMachineType, mugType) := true
  canContain(shelfType, handTowelType) := true
  canContain(shelfType, bowlType) := true
  canContain(shelfType, plateType) := true
  canContain(shelfType, cdType) := true
  canContain(shelfType, mugType) := true
  canContain(shelfType, paperTowelType) := true
  canContain(shelfType, cupType) := true
  canContain(shelfType, wineBottleType) := true
  canContain(shelfType, saltShakerType) := true
  canContain(shelfType, soapBottleType) := true
  canContain(shelfType, pepperShakerType) := true
  canContain(shelfType, alarmClockType) := true
  canContain(shelfType, potType) := true
  canContain(sinkBasinType, handTowelType) := true
  canContain(sinkBasinType, bowlType) := true
  canContain(sinkBasinType, plateType) := true
  canContain(sinkBasinType, mugType) := true
  canContain(sinkBasinType, lettuceType) := true
  canContain(sinkBasinType, tomatoType) := true
  canContain(sinkBasinType, cupType) := true
  canContain(sinkBasinType, spatulaType) := true
  canContain(sinkBasinType, panType) := true
  canContain(sinkBasinType, potType) := true
  pickupable(handTowel_1) := true
  pickupable(bowl_2) := true
  isReceptacleObject(bowl_2) := true
  cleanable(bowl_2) := true
  coolable(bowl_2) := true
  pickupable(plate_3) := true
  isReceptacleObject(plate_3) := true
  cleanable(plate_3) := true
  heatable(plate_3) := true
  coolable(plate_3) := true
  pickupable(cd_4) := true
  pickupable(mug_5) := true
  isReceptacleObject(mug_5) := true
  cleanable(mug_5) := true
  heatable(mug_5) := true
  coolable(mug_5) := true
  pickupable(lettuce_6) := true
  cleanable(lettuce_6) := true
  coolable(lettuce_6) := true
  sliceable(lettuce_6) := true
  pickupable(paperTowel_7) := true
  pickupable(tomato_8) := true
  cleanable(tomato_8) := true
  heatable(tomato_8) := true
  coolable(tomato_8) := true
  sliceable(tomato_8) := true
  pickupable(cup_9) := true
  isReceptacleObject(cup_9) := true
  cleanable(cup_9) := true
  heatable(cup_9) := true
  coolable(cup_9) := true
  pickupable(wineBottle_10) := true
  pickupable(spatula_11) := true
  cleanable(spatula_11) := true
  pickupable(saltShaker_12) := true
  pickupable(soapBottle_13) := true
  pickupable(pepperShaker_14) := true
  pickupable(pan_15) := true
  isReceptacleObject(pan_15) := true
  cleanable(pan_15) := true
  coolable(pan_15) := true
  pickupable(tennisRacket_16) := true
  pickupable(lettuce_17) := true
  cleanable(lettuce_17) := true
  coolable(lettuce_17) := true
  sliceable(lettuce_17) := true
  pickupable(alarmClock_18) := true
  pickupable(tennisRacket_19) := true
  pickupable(pot_20) := true
  isReceptacleObject(pot_20) := true
  cleanable(pot_20) := true
  coolable(pot_20) := true
  receptacleAtLocation(sofa_1, location1) := true
  receptacleAtLocation(sofa_2, location4) := true
  receptacleAtLocation(bathtubBasin_3, location3) := true
  receptacleAtLocation(toaster_4, location5) := true
  receptacleAtLocation(sideTable_5, location11) := true
  receptacleAtLocation(desk_6, location19) := true
  receptacleAtLocation(tvStand_7, location14) := true
  receptacleAtLocation(drawer_8, location10) := true
  receptacleAtLocation(fridge_9, location17) := true
  receptacleAtLocation(toiletPaperHanger_10, location12) := true
  receptacleAtLocation(microwave_11, location20) := true
  receptacleAtLocation(tvStand_12, location1) := true
  receptacleAtLocation(safe_13, location9) := true
  receptacleAtLocation(garbageCan_14, location6) := true
  receptacleAtLocation(bathtubBasin_15, location17) := true
  receptacleAtLocation(coffeeMachine_16, location10) := true
  receptacleAtLocation(drawer_17, location8) := true
  receptacleAtLocation(bathtubBasin_18, location8) := true
  receptacleAtLocation(shelf_19, location12) := true
  receptacleAtLocation(sinkBasin_20, location6) := true
  receptacleAtLocation(microwave_21, location9) := true
  receptacleAtLocation(fridge_22, location1) := true
  inReceptacle(handTowel_1, bathtubBasin_3) := true
  inReceptacle(bowl_2, fridge_22) := true
  inReceptacle(plate_3, fridge_22) := true
  inReceptacle(cd_4, shelf_19) := true
  inReceptacle(mug_5, coffeeMachine_16) := true
  inReceptacle(lettuce_6, sideTable_5) := true
  inReceptacle(paperTowel_7, garbageCan_14) := true
  inReceptacle(tomato_8, garbageCan_14) := true
  inReceptacle(cup_9, microwave_11) := true
  inReceptacle(wineBottle_10, fridge_22) := true
  inReceptacle(spatula_11, drawer_8) := true
  inReceptacle(saltShaker_12, shelf_19) := true
  inReceptacle(soapBottle_13, drawer_8) := true
  inReceptacle(pepperShaker_14, drawer_8) := true
  inReceptacle(pan_15, sinkBasin_20) := true
  inReceptacle(tennisRacket_16, desk_6) := true
  inReceptacle(lettuce_17, sideTable_5) := true
  inReceptacle(alarmClock_18, sideTable_5) := true
  inReceptacle(tennisRacket_19, desk_6) := true
  inReceptacle(pot_20, fridge_9) := true
  objectAtLocation(handTowel_1, location3) := true
  objectAtLocation(bowl_2, location1) := true
  objectAtLocation(plate_3, location1) := true
  objectAtLocation(cd_4, location12) := true
  objectAtLocation(mug_5, location10) := true
  objectAtLocation(lettuce_6, location11) := true
  objectAtLocation(paperTowel_7, location6) := true
  objectAtLocation(tomato_8, location6) := true
  objectAtLocation(cup_9, location20) := true
  objectAtLocation(wineBottle_10, location1) := true
  objectAtLocation(spatula_11, location10) := true
  objectAtLocation(saltShaker_12, location12) := true
  objectAtLocation(soapBottle_13, location10) := true
  objectAtLocation(pepperShaker_14, location10) := true
  objectAtLocation(pan_15, location6) := true
  objectAtLocation(tennisRacket_16, location19) := true
  objectAtLocation(lettuce_17, location11) := true
  objectAtLocation(alarmClock_18, location11) := true
  objectAtLocation(tennisRacket_19, location19) := true
  objectAtLocation(pot_20, location17) := true
  atLocation(agent1, location15) := true
]

goals = [
  Exists (Receptacle - Checkable r) Exists (Obj - Checkable o1) (inReceptacle(o1, r) and objectType(o1, handTowelType) and receptacleType(r, sideTableType) and Exists (Obj - Checkable o2) ((not (o1 == o2)) and objectType(o2, paperTowelType) and receptacleType(r, sideTableType) and inReceptacle(o2, r)))
]

quality metrics = [
  minimize sequential-plan-length
]


2025-08-13 09:31:03,720 - INFO - Generating plan for unconstrained problem

2025-08-13 09:31:04,349 - INFO - Unconstrained plan generation time: 0.6286771297454834

2025-08-13 09:31:04,349 - INFO - Unconstrained plan and cost: 
2025-08-13 09:31:04,349 - INFO - SequentialPlan:
    goToLocation(agent1, location15, location3)
    pickupObject(agent1, location3, handTowel_1, bathtubBasin_3)
    goToLocation(agent1, location3, location11)
    putObject(agent1, location11, handTowel_1, sideTable_5, handTowelType, sideTableType)
    goToLocation(agent1, location11, location6)
    pickupObject(agent1, location6, paperTowel_7, garbageCan_14)
    goToLocation(agent1, location6, location11)
    putObject(agent1, location11, paperTowel_7, sideTable_5, paperTowelType, sideTableType)
2025-08-13 09:31:04,349 - INFO - 8
2025-08-13 09:31:09,614 - INFO - Sampled constraints:

2025-08-13 09:31:09,614 - INFO - Sometime(holdsAny(agent1))
2025-08-13 09:31:09,614 - INFO - Sometime-After(holdsAny(agent1), atLocation(agent1, location1))
2025-08-13 09:31:09,614 - INFO - Sometime((atLocation(agent1, location7) or objectAtLocation(spatula_11, location1)))
2025-08-13 09:31:09,614 - INFO - Sometime(atLocation(agent1, location3))
2025-08-13 09:31:09,614 - INFO - Sometime-Before(atLocation(agent1, location3), (objectAtLocation(wineBottle_10, location9) or holdsAny(agent1)))
2025-08-13 09:31:09,614 - INFO - Sometime(atLocation(agent1, location10))
2025-08-13 09:31:09,614 - INFO - At-Most-Once(holdsAny(agent1))
2025-08-13 09:31:09,614 - INFO - Sometime((holds(agent1, lettuce_6) or objectAtLocation(saltShaker_12, location13)))
2025-08-13 09:31:09,614 - INFO - Sometime(atLocation(agent1, location11))
2025-08-13 09:31:09,614 - INFO - Sometime-Before(atLocation(agent1, location11), (objectAtLocation(cup_9, location5) or inReceptacleObject(mug_5, spatula_11)))
2025-08-13 09:31:09,614 - INFO - Sometime(holds(agent1, alarmClock_18))
2025-08-13 09:31:09,614 - INFO - At-Most-Once(atLocation(agent1, location11))
2025-08-13 09:31:09,614 - INFO - Sometime((holds(agent1, lettuce_6) or atLocation(agent1, location5)))
2025-08-13 09:31:09,614 - INFO - 
2025-08-13 09:31:09,614 - INFO - Generation time: 5.264442443847656

2025-08-13 09:31:09,615 - INFO - Generating plan for constrained problem (with LiftedTCORE).

2025-08-13 09:31:10,040 - INFO - LiftedTCORE compilation time: 0.4240436553955078

2025-08-13 09:31:19,845 - INFO - Planning Time with LiftedTCORE's file: 9.80522894859314

