2025-08-13 10:11:45,164 - INFO - 
================= Seed: 1102 =================

2025-08-13 10:11:45,165 - INFO - problem name = alfred

types = [ReceptacleType, ObjectType, Checkable, Agent - Checkable, Location - Checkable, Receptacle - Checkable, Obj - Checkable]

fluents = [
  bool atLocation[a=Agent - Checkable, l=Location - Checkable]
  bool receptacleAtLocation[r=Receptacle - Checkable, l=Location - Checkable]
  bool objectAtLocation[o=Obj - Checkable, l=Location - Checkable]
  bool openable[r=Receptacle - Checkable]
  bool opened[r=Receptacle - Checkable]
  bool inReceptacle[o=Obj - Checkable, r=Receptacle - Checkable]
  bool isReceptacleObject[o=Obj - Checkable]
  bool inReceptacleObject[innerObject=Obj - Checkable, outObject=Obj - Checkable]
  bool isReceptacleObjectFull[o=Obj - Checkable]
  bool wasInReceptacle[o=Obj - Checkable, r=Receptacle - Checkable]
  bool checked[c=Checkable]
  bool examined[l=Location - Checkable]
  bool receptacleType[r=Receptacle - Checkable, rt=ReceptacleType]
  bool canContain[rt=ReceptacleType, ot=ObjectType]
  bool objectType[o=Obj - Checkable, t=ObjectType]
  bool holds[a=Agent - Checkable, o=Obj - Checkable]
  bool holdsAny[a=Agent - Checkable]
  bool holdsAnyReceptacleObject[a=Agent - Checkable]
  bool full[r=Receptacle - Checkable]
  bool isClean[o=Obj - Checkable]
  bool cleanable[o=Obj - Checkable]
  bool isHot[o=Obj - Checkable]
  bool heatable[o=Obj - Checkable]
  bool isCool[o=Obj - Checkable]
  bool coolable[o=Obj - Checkable]
  bool pickupable[o=Obj - Checkable]
  bool moveable[o=Obj - Checkable]
  bool toggleable[o=Obj - Checkable]
  bool isOn[o=Obj - Checkable]
  bool isToggled[o=Obj - Checkable]
  bool sliceable[o=Obj - Checkable]
  bool isSliced[o=Obj - Checkable]
]

actions = [
  action look(Agent - Checkable a, Location - Checkable l) {
    preconditions = [
      atLocation(a, l)
    ]
    effects = [
      checked(l) := true
    ]
  }
  action inventory(Agent - Checkable a) {
    preconditions = [
    ]
    effects = [
      checked(a) := true
    ]
  }
  action examineReceptacle(Agent - Checkable a, Receptacle - Checkable r) {
    preconditions = [
      Exists (Location - Checkable l) (atLocation(a, l) and receptacleAtLocation(r, l))
    ]
    effects = [
      checked(r) := true
    ]
  }
  action examineObject(Agent - Checkable a, Obj - Checkable o) {
    preconditions = [
      (Exists (Location - Checkable l) Exists (Receptacle - Checkable r) (atLocation(a, l) and receptacleAtLocation(r, l) and inReceptacle(o, r) and ((not openable(r)) or opened(r))) or holds(a, o))
    ]
    effects = [
      checked(o) := true
    ]
  }
  action goToLocation(Agent - Checkable a, Location - Checkable lstart, Location - Checkable lend) {
    preconditions = [
      atLocation(a, lstart)
    ]
    effects = [
      atLocation(a, lstart) := false
      atLocation(a, lend) := true
    ]
  }
  action openObject(Agent - Checkable a, Location - Checkable l, Receptacle - Checkable r) {
    preconditions = [
      (openable(r) and atLocation(a, l) and receptacleAtLocation(r, l) and (not opened(r)))
    ]
    effects = [
      opened(r) := true
      checked(r) := true
    ]
  }
  action closeObject(Agent - Checkable a, Location - Checkable l, Receptacle - Checkable r) {
    preconditions = [
      (openable(r) and atLocation(a, l) and receptacleAtLocation(r, l) and opened(r))
    ]
    effects = [
      opened(r) := false
    ]
  }
  action pickupObject(Agent - Checkable a, Location - Checkable l, Obj - Checkable o, Receptacle - Checkable r) {
    preconditions = [
      (pickupable(o) and atLocation(a, l) and receptacleAtLocation(r, l) and inReceptacle(o, r) and (not holdsAny(a)) and ((not openable(r)) or opened(r)))
    ]
    effects = [
      inReceptacle(o, r) := false
      holds(a, o) := true
      holdsAny(a) := true
      objectAtLocation(o, l) := false
    ]
  }
  action putObject(Agent - Checkable a, Location - Checkable l, Obj - Checkable o, Receptacle - Checkable r, ObjectType ot, ReceptacleType rt) {
    preconditions = [
      (holds(a, o) and atLocation(a, l) and receptacleAtLocation(r, l) and ((not openable(r)) or opened(r)) and objectType(o, ot) and receptacleType(r, rt) and canContain(rt, ot))
    ]
    effects = [
      inReceptacle(o, r) := true
      objectAtLocation(o, l) := true
      holds(a, o) := false
      holdsAny(a) := false
    ]
  }
  action cleanObject(Agent - Checkable a, Location - Checkable l, Receptacle - Checkable r, Obj - Checkable o) {
    preconditions = [
      (cleanable(o) and receptacleType(r, sinkBasinType) and atLocation(a, l) and receptacleAtLocation(r, l) and holds(a, o))
    ]
    effects = [
      isClean(o) := true
    ]
  }
  action heatObject(Agent - Checkable a, Location - Checkable l, Receptacle - Checkable r, Obj - Checkable o) {
    preconditions = [
      (heatable(o) and receptacleType(r, microwaveType) and atLocation(a, l) and receptacleAtLocation(r, l) and holds(a, o))
    ]
    effects = [
      isHot(o) := true
      isCool(o) := false
    ]
  }
  action coolObject(Agent - Checkable a, Location - Checkable l, Receptacle - Checkable r, Obj - Checkable o) {
    preconditions = [
      (coolable(o) and receptacleType(r, fridgeType) and atLocation(a, l) and receptacleAtLocation(r, l) and holds(a, o))
    ]
    effects = [
      isCool(o) := true
      isHot(o) := false
    ]
  }
  action toggleObject(Agent - Checkable a, Location - Checkable l, Obj - Checkable o, Receptacle - Checkable r) {
    preconditions = [
      (toggleable(o) and atLocation(a, l) and receptacleAtLocation(r, l) and inReceptacle(o, r))
    ]
    effects = [
      if isOn(o) then isOn(o) := false
      if (not isOn(o)) then isOn(o) := true
      isToggled(o) := true
    ]
  }
  action sliceObject(Agent - Checkable a, Location - Checkable l, Obj - Checkable co, Obj - Checkable ko) {
    preconditions = [
      (sliceable(co) and (objectType(ko, knifeType) or objectType(ko, butterKnifeType)) and atLocation(a, l) and objectAtLocation(co, l) and holds(a, ko))
    ]
    effects = [
      isSliced(co) := true
    ]
  }
  action help(Agent - Checkable a) {
    preconditions = [
    ]
    effects = [
      checked(a) := true
    ]
  }
]

objects = [
  ReceptacleType: [sinkBasinType, microwaveType, fridgeType, dresserType, stoveBurnerType, cabinetType, toiletType, ottomanType, armChairType, tvStandType, laundryHamperType, towelHolderType, coffeeTableType, coffeeMachineType, counterTopType, deskType, handTowelHolderType, sofaType, garbageCanType]
  ObjectType: [knifeType, butterKnifeType, pillowType, wineBottleType, spoonType, tomatoType, watchType, baseballBatType, cupType, plateType, potatoType, kettleType, alarmClockType, forkType, candleType, wateringCanType, eggType, glassbottleType, potType]
  Checkable: [agent1, location1, location2, location3, location4, location5, location6, location7, location8, location9, location10, location11, location12, location13, location14, location15, location16, location17, location18, location19, location20, dresser_1, stoveBurner_2, cabinet_3, toilet_4, ottoman_5, armChair_6, tvStand_7, laundryHamper_8, towelHolder_9, coffeeTable_10, coffeeTable_11, coffeeMachine_12, counterTop_13, desk_14, tvStand_15, handTowelHolder_16, dresser_17, sofa_18, coffeeMachine_19, garbageCan_20, microwave_21, fridge_22, pillow_1, wineBottle_2, butterKnife_3, spoon_4, knife_5, tomato_6, watch_7, baseballBat_8, cup_9, plate_10, potato_11, kettle_12, knife_13, alarmClock_14, fork_15, candle_16, wateringCan_17, egg_18, glassbottle_19, pot_20]
  Agent - Checkable: [agent1]
  Location - Checkable: [location1, location2, location3, location4, location5, location6, location7, location8, location9, location10, location11, location12, location13, location14, location15, location16, location17, location18, location19, location20]
  Receptacle - Checkable: [dresser_1, stoveBurner_2, cabinet_3, toilet_4, ottoman_5, armChair_6, tvStand_7, laundryHamper_8, towelHolder_9, coffeeTable_10, coffeeTable_11, coffeeMachine_12, counterTop_13, desk_14, tvStand_15, handTowelHolder_16, dresser_17, sofa_18, coffeeMachine_19, garbageCan_20, microwave_21, fridge_22]
  Obj - Checkable: [pillow_1, wineBottle_2, butterKnife_3, spoon_4, knife_5, tomato_6, watch_7, baseballBat_8, cup_9, plate_10, potato_11, kettle_12, knife_13, alarmClock_14, fork_15, candle_16, wateringCan_17, egg_18, glassbottle_19, pot_20]
]

initial fluents default = [
  bool atLocation[a=Agent - Checkable, l=Location - Checkable] := false
  bool receptacleAtLocation[r=Receptacle - Checkable, l=Location - Checkable] := false
  bool objectAtLocation[o=Obj - Checkable, l=Location - Checkable] := false
  bool openable[r=Receptacle - Checkable] := false
  bool opened[r=Receptacle - Checkable] := false
  bool inReceptacle[o=Obj - Checkable, r=Receptacle - Checkable] := false
  bool isReceptacleObject[o=Obj - Checkable] := false
  bool inReceptacleObject[innerObject=Obj - Checkable, outObject=Obj - Checkable] := false
  bool isReceptacleObjectFull[o=Obj - Checkable] := false
  bool wasInReceptacle[o=Obj - Checkable, r=Receptacle - Checkable] := false
  bool checked[c=Checkable] := false
  bool examined[l=Location - Checkable] := false
  bool receptacleType[r=Receptacle - Checkable, rt=ReceptacleType] := false
  bool canContain[rt=ReceptacleType, ot=ObjectType] := false
  bool objectType[o=Obj - Checkable, t=ObjectType] := false
  bool holds[a=Agent - Checkable, o=Obj - Checkable] := false
  bool holdsAny[a=Agent - Checkable] := false
  bool holdsAnyReceptacleObject[a=Agent - Checkable] := false
  bool full[r=Receptacle - Checkable] := false
  bool isClean[o=Obj - Checkable] := false
  bool cleanable[o=Obj - Checkable] := false
  bool isHot[o=Obj - Checkable] := false
  bool heatable[o=Obj - Checkable] := false
  bool isCool[o=Obj - Checkable] := false
  bool coolable[o=Obj - Checkable] := false
  bool pickupable[o=Obj - Checkable] := false
  bool moveable[o=Obj - Checkable] := false
  bool toggleable[o=Obj - Checkable] := false
  bool isOn[o=Obj - Checkable] := false
  bool isToggled[o=Obj - Checkable] := false
  bool sliceable[o=Obj - Checkable] := false
  bool isSliced[o=Obj - Checkable] := false
]

initial values = [
  receptacleType(dresser_1, dresserType) := true
  receptacleType(stoveBurner_2, stoveBurnerType) := true
  receptacleType(cabinet_3, cabinetType) := true
  receptacleType(toilet_4, toiletType) := true
  receptacleType(ottoman_5, ottomanType) := true
  receptacleType(armChair_6, armChairType) := true
  receptacleType(tvStand_7, tvStandType) := true
  receptacleType(laundryHamper_8, laundryHamperType) := true
  receptacleType(towelHolder_9, towelHolderType) := true
  receptacleType(coffeeTable_10, coffeeTableType) := true
  receptacleType(coffeeTable_11, coffeeTableType) := true
  receptacleType(coffeeMachine_12, coffeeMachineType) := true
  receptacleType(counterTop_13, counterTopType) := true
  receptacleType(desk_14, deskType) := true
  receptacleType(tvStand_15, tvStandType) := true
  receptacleType(handTowelHolder_16, handTowelHolderType) := true
  receptacleType(dresser_17, dresserType) := true
  receptacleType(sofa_18, sofaType) := true
  receptacleType(coffeeMachine_19, coffeeMachineType) := true
  receptacleType(garbageCan_20, garbageCanType) := true
  receptacleType(microwave_21, microwaveType) := true
  receptacleType(fridge_22, fridgeType) := true
  objectType(pillow_1, pillowType) := true
  objectType(wineBottle_2, wineBottleType) := true
  objectType(butterKnife_3, butterKnifeType) := true
  objectType(spoon_4, spoonType) := true
  objectType(knife_5, knifeType) := true
  objectType(tomato_6, tomatoType) := true
  objectType(watch_7, watchType) := true
  objectType(baseballBat_8, baseballBatType) := true
  objectType(cup_9, cupType) := true
  objectType(plate_10, plateType) := true
  objectType(potato_11, potatoType) := true
  objectType(kettle_12, kettleType) := true
  objectType(knife_13, knifeType) := true
  objectType(alarmClock_14, alarmClockType) := true
  objectType(fork_15, forkType) := true
  objectType(candle_16, candleType) := true
  objectType(wateringCan_17, wateringCanType) := true
  objectType(egg_18, eggType) := true
  objectType(glassbottle_19, glassbottleType) := true
  objectType(pot_20, potType) := true
  canContain(dresserType, wineBottleType) := true
  canContain(dresserType, watchType) := true
  canContain(dresserType, cupType) := true
  canContain(dresserType, plateType) := true
  canContain(dresserType, alarmClockType) := true
  canContain(dresserType, candleType) := true
  canContain(dresserType, wateringCanType) := true
  canContain(dresserType, glassbottleType) := true
  canContain(stoveBurnerType, kettleType) := true
  canContain(stoveBurnerType, potType) := true
  canContain(cabinetType, wineBottleType) := true
  canContain(cabinetType, cupType) := true
  canContain(cabinetType, plateType) := true
  canContain(cabinetType, kettleType) := true
  canContain(cabinetType, candleType) := true
  canContain(cabinetType, wateringCanType) := true
  canContain(cabinetType, glassbottleType) := true
  canContain(cabinetType, potType) := true
  canContain(toiletType, candleType) := true
  canContain(ottomanType, pillowType) := true
  canContain(armChairType, pillowType) := true
  canContain(coffeeTableType, wineBottleType) := true
  canContain(coffeeTableType, butterKnifeType) := true
  canContain(coffeeTableType, spoonType) := true
  canContain(coffeeTableType, knifeType) := true
  canContain(coffeeTableType, tomatoType) := true
  canContain(coffeeTableType, watchType) := true
  canContain(coffeeTableType, baseballBatType) := true
  canContain(coffeeTableType, cupType) := true
  canContain(coffeeTableType, plateType) := true
  canContain(coffeeTableType, potatoType) := true
  canContain(coffeeTableType, kettleType) := true
  canContain(coffeeTableType, alarmClockType) := true
  canContain(coffeeTableType, forkType) := true
  canContain(coffeeTableType, candleType) := true
  canContain(coffeeTableType, wateringCanType) := true
  canContain(coffeeTableType, eggType) := true
  canContain(coffeeTableType, glassbottleType) := true
  canContain(coffeeTableType, potType) := true
  canContain(counterTopType, wineBottleType) := true
  canContain(counterTopType, butterKnifeType) := true
  canContain(counterTopType, spoonType) := true
  canContain(counterTopType, knifeType) := true
  canContain(counterTopType, tomatoType) := true
  canContain(counterTopType, watchType) := true
  canContain(counterTopType, baseballBatType) := true
  canContain(counterTopType, cupType) := true
  canContain(counterTopType, plateType) := true
  canContain(counterTopType, potatoType) := true
  canContain(counterTopType, kettleType) := true
  canContain(counterTopType, alarmClockType) := true
  canContain(counterTopType, forkType) := true
  canContain(counterTopType, candleType) := true
  canContain(counterTopType, wateringCanType) := true
  canContain(counterTopType, eggType) := true
  canContain(counterTopType, glassbottleType) := true
  canContain(counterTopType, potType) := true
  canContain(deskType, wineBottleType) := true
  canContain(deskType, watchType) := true
  canContain(deskType, cupType) := true
  canContain(deskType, plateType) := true
  canContain(deskType, alarmClockType) := true
  canContain(deskType, candleType) := true
  canContain(deskType, wateringCanType) := true
  canContain(deskType, glassbottleType) := true
  canContain(sofaType, pillowType) := true
  canContain(garbageCanType, wineBottleType) := true
  canContain(garbageCanType, tomatoType) := true
  canContain(garbageCanType, potatoType) := true
  canContain(garbageCanType, eggType) := true
  canContain(microwaveType, tomatoType) := true
  canContain(microwaveType, cupType) := true
  canContain(microwaveType, plateType) := true
  canContain(microwaveType, potatoType) := true
  canContain(microwaveType, eggType) := true
  canContain(microwaveType, glassbottleType) := true
  canContain(fridgeType, wineBottleType) := true
  canContain(fridgeType, tomatoType) := true
  canContain(fridgeType, cupType) := true
  canContain(fridgeType, plateType) := true
  canContain(fridgeType, potatoType) := true
  canContain(fridgeType, eggType) := true
  canContain(fridgeType, glassbottleType) := true
  canContain(fridgeType, potType) := true
  pickupable(pillow_1) := true
  pickupable(wineBottle_2) := true
  pickupable(butterKnife_3) := true
  cleanable(butterKnife_3) := true
  pickupable(spoon_4) := true
  cleanable(spoon_4) := true
  pickupable(knife_5) := true
  cleanable(knife_5) := true
  pickupable(tomato_6) := true
  cleanable(tomato_6) := true
  heatable(tomato_6) := true
  coolable(tomato_6) := true
  sliceable(tomato_6) := true
  pickupable(watch_7) := true
  pickupable(baseballBat_8) := true
  pickupable(cup_9) := true
  isReceptacleObject(cup_9) := true
  cleanable(cup_9) := true
  heatable(cup_9) := true
  coolable(cup_9) := true
  pickupable(plate_10) := true
  isReceptacleObject(plate_10) := true
  cleanable(plate_10) := true
  heatable(plate_10) := true
  coolable(plate_10) := true
  pickupable(potato_11) := true
  cleanable(potato_11) := true
  heatable(potato_11) := true
  coolable(potato_11) := true
  sliceable(potato_11) := true
  pickupable(kettle_12) := true
  cleanable(kettle_12) := true
  pickupable(knife_13) := true
  cleanable(knife_13) := true
  pickupable(alarmClock_14) := true
  pickupable(fork_15) := true
  cleanable(fork_15) := true
  pickupable(candle_16) := true
  pickupable(wateringCan_17) := true
  pickupable(egg_18) := true
  cleanable(egg_18) := true
  heatable(egg_18) := true
  coolable(egg_18) := true
  sliceable(egg_18) := true
  pickupable(glassbottle_19) := true
  pickupable(pot_20) := true
  isReceptacleObject(pot_20) := true
  cleanable(pot_20) := true
  coolable(pot_20) := true
  receptacleAtLocation(dresser_1, location18) := true
  receptacleAtLocation(stoveBurner_2, location5) := true
  receptacleAtLocation(cabinet_3, location4) := true
  receptacleAtLocation(toilet_4, location17) := true
  receptacleAtLocation(ottoman_5, location20) := true
  receptacleAtLocation(armChair_6, location2) := true
  receptacleAtLocation(tvStand_7, location4) := true
  receptacleAtLocation(laundryHamper_8, location10) := true
  receptacleAtLocation(towelHolder_9, location10) := true
  receptacleAtLocation(coffeeTable_10, location12) := true
  receptacleAtLocation(coffeeTable_11, location8) := true
  receptacleAtLocation(coffeeMachine_12, location5) := true
  receptacleAtLocation(counterTop_13, location11) := true
  receptacleAtLocation(desk_14, location2) := true
  receptacleAtLocation(tvStand_15, location14) := true
  receptacleAtLocation(handTowelHolder_16, location10) := true
  receptacleAtLocation(dresser_17, location18) := true
  receptacleAtLocation(sofa_18, location3) := true
  receptacleAtLocation(coffeeMachine_19, location12) := true
  receptacleAtLocation(garbageCan_20, location3) := true
  receptacleAtLocation(microwave_21, location18) := true
  receptacleAtLocation(fridge_22, location17) := true
  inReceptacle(pillow_1, armChair_6) := true
  inReceptacle(wineBottle_2, coffeeTable_10) := true
  inReceptacle(butterKnife_3, coffeeTable_11) := true
  inReceptacle(spoon_4, coffeeTable_10) := true
  inReceptacle(knife_5, counterTop_13) := true
  inReceptacle(tomato_6, coffeeTable_11) := true
  inReceptacle(watch_7, counterTop_13) := true
  inReceptacle(baseballBat_8, coffeeTable_10) := true
  inReceptacle(cup_9, cabinet_3) := true
  inReceptacle(plate_10, coffeeTable_10) := true
  inReceptacle(potato_11, coffeeTable_11) := true
  inReceptacle(kettle_12, counterTop_13) := true
  inReceptacle(knife_13, counterTop_13) := true
  inReceptacle(alarmClock_14, dresser_17) := true
  inReceptacle(fork_15, coffeeTable_11) := true
  inReceptacle(candle_16, coffeeTable_10) := true
  inReceptacle(wateringCan_17, cabinet_3) := true
  inReceptacle(egg_18, coffeeTable_11) := true
  inReceptacle(glassbottle_19, desk_14) := true
  inReceptacle(pot_20, coffeeTable_10) := true
  objectAtLocation(pillow_1, location2) := true
  objectAtLocation(wineBottle_2, location12) := true
  objectAtLocation(butterKnife_3, location8) := true
  objectAtLocation(spoon_4, location12) := true
  objectAtLocation(knife_5, location11) := true
  objectAtLocation(tomato_6, location8) := true
  objectAtLocation(watch_7, location11) := true
  objectAtLocation(baseballBat_8, location12) := true
  objectAtLocation(cup_9, location4) := true
  objectAtLocation(plate_10, location12) := true
  objectAtLocation(potato_11, location8) := true
  objectAtLocation(kettle_12, location11) := true
  objectAtLocation(knife_13, location11) := true
  objectAtLocation(alarmClock_14, location18) := true
  objectAtLocation(fork_15, location8) := true
  objectAtLocation(candle_16, location12) := true
  objectAtLocation(wateringCan_17, location4) := true
  objectAtLocation(egg_18, location8) := true
  objectAtLocation(glassbottle_19, location2) := true
  objectAtLocation(pot_20, location12) := true
  atLocation(agent1, location19) := true
]

goals = [
  Exists (Receptacle - Checkable r) Exists (Obj - Checkable o) (coolable(o) and objectType(o, plateType) and receptacleType(r, coffeeTableType) and isCool(o) and inReceptacle(o, r))
]

quality metrics = [
  minimize sequential-plan-length
]


2025-08-13 10:11:45,197 - INFO - Generating plan for unconstrained problem

2025-08-13 10:11:47,517 - INFO - Unconstrained plan generation time: 2.3192527294158936

2025-08-13 10:11:47,517 - INFO - Unconstrained plan and cost: 
2025-08-13 10:11:47,517 - INFO - SequentialPlan:
    goToLocation(agent1, location19, location12)
    pickupObject(agent1, location12, plate_10, coffeeTable_10)
    goToLocation(agent1, location12, location17)
    coolObject(agent1, location17, fridge_22, plate_10)
    goToLocation(agent1, location17, location12)
    putObject(agent1, location12, plate_10, coffeeTable_10, plateType, coffeeTableType)
2025-08-13 10:11:47,517 - INFO - 6
2025-08-13 10:12:23,946 - INFO - Sampled constraints:

2025-08-13 10:12:23,946 - INFO - Sometime(holds(agent1, plate_10))
2025-08-13 10:12:23,946 - INFO - Sometime-After(holds(agent1, plate_10), holds(agent1, butterKnife_3))
2025-08-13 10:12:23,946 - INFO - Sometime(atLocation(agent1, location17))
2025-08-13 10:12:23,946 - INFO - Sometime-Before(atLocation(agent1, location17), (checked(location2) or atLocation(agent1, location10)))
2025-08-13 10:12:23,946 - INFO - Sometime(atLocation(agent1, location12))
2025-08-13 10:12:23,946 - INFO - Sometime-Before(atLocation(agent1, location12), atLocation(agent1, location18))
2025-08-13 10:12:23,946 - INFO - Sometime((objectAtLocation(kettle_12, location18) or atLocation(agent1, location3)))
2025-08-13 10:12:23,946 - INFO - Sometime(inReceptacleObject(pot_20, alarmClock_14))
2025-08-13 10:12:23,946 - INFO - Sometime(atLocation(agent1, location3))
2025-08-13 10:12:23,946 - INFO - Sometime(objectAtLocation(knife_13, location2))
2025-08-13 10:12:23,946 - INFO - Sometime(objectAtLocation(knife_13, location4))
2025-08-13 10:12:23,946 - INFO - Sometime((holds(agent1, glassbottle_19) or inReceptacleObject(knife_13, candle_16)))
2025-08-13 10:12:23,946 - INFO - Sometime((objectAtLocation(glassbottle_19, location1) or objectAtLocation(tomato_6, location12)))
2025-08-13 10:12:23,947 - INFO - 
2025-08-13 10:12:23,947 - INFO - Generation time: 36.4286208152771

2025-08-13 10:12:23,948 - INFO - Generating plan for constrained problem (with LiftedTCORE).

2025-08-13 10:12:24,394 - INFO - LiftedTCORE compilation time: 0.44649577140808105

2025-08-13 10:12:25,405 - INFO - Planning Time with LiftedTCORE's file: 1.010547399520874

