2025-08-13 09:25:44,673 - INFO - 
================= Seed: 1039 =================

2025-08-13 09:25:44,673 - INFO - problem name = alfred

types = [ReceptacleType, ObjectType, Checkable, Agent - Checkable, Location - Checkable, Receptacle - Checkable, Obj - Checkable]

fluents = [
  bool atLocation[a=Agent - Checkable, l=Location - Checkable]
  bool receptacleAtLocation[r=Receptacle - Checkable, l=Location - Checkable]
  bool objectAtLocation[o=Obj - Checkable, l=Location - Checkable]
  bool openable[r=Receptacle - Checkable]
  bool opened[r=Receptacle - Checkable]
  bool inReceptacle[o=Obj - Checkable, r=Receptacle - Checkable]
  bool isReceptacleObject[o=Obj - Checkable]
  bool inReceptacleObject[innerObject=Obj - Checkable, outObject=Obj - Checkable]
  bool isReceptacleObjectFull[o=Obj - Checkable]
  bool wasInReceptacle[o=Obj - Checkable, r=Receptacle - Checkable]
  bool checked[c=Checkable]
  bool examined[l=Location - Checkable]
  bool receptacleType[r=Receptacle - Checkable, rt=ReceptacleType]
  bool canContain[rt=ReceptacleType, ot=ObjectType]
  bool objectType[o=Obj - Checkable, t=ObjectType]
  bool holds[a=Agent - Checkable, o=Obj - Checkable]
  bool holdsAny[a=Agent - Checkable]
  bool holdsAnyReceptacleObject[a=Agent - Checkable]
  bool full[r=Receptacle - Checkable]
  bool isClean[o=Obj - Checkable]
  bool cleanable[o=Obj - Checkable]
  bool isHot[o=Obj - Checkable]
  bool heatable[o=Obj - Checkable]
  bool isCool[o=Obj - Checkable]
  bool coolable[o=Obj - Checkable]
  bool pickupable[o=Obj - Checkable]
  bool moveable[o=Obj - Checkable]
  bool toggleable[o=Obj - Checkable]
  bool isOn[o=Obj - Checkable]
  bool isToggled[o=Obj - Checkable]
  bool sliceable[o=Obj - Checkable]
  bool isSliced[o=Obj - Checkable]
]

actions = [
  action look(Agent - Checkable a, Location - Checkable l) {
    preconditions = [
      atLocation(a, l)
    ]
    effects = [
      checked(l) := true
    ]
  }
  action inventory(Agent - Checkable a) {
    preconditions = [
    ]
    effects = [
      checked(a) := true
    ]
  }
  action examineReceptacle(Agent - Checkable a, Receptacle - Checkable r) {
    preconditions = [
      Exists (Location - Checkable l) (atLocation(a, l) and receptacleAtLocation(r, l))
    ]
    effects = [
      checked(r) := true
    ]
  }
  action examineObject(Agent - Checkable a, Obj - Checkable o) {
    preconditions = [
      (Exists (Location - Checkable l) Exists (Receptacle - Checkable r) (atLocation(a, l) and receptacleAtLocation(r, l) and inReceptacle(o, r) and ((not openable(r)) or opened(r))) or holds(a, o))
    ]
    effects = [
      checked(o) := true
    ]
  }
  action goToLocation(Agent - Checkable a, Location - Checkable lstart, Location - Checkable lend) {
    preconditions = [
      atLocation(a, lstart)
    ]
    effects = [
      atLocation(a, lstart) := false
      atLocation(a, lend) := true
    ]
  }
  action openObject(Agent - Checkable a, Location - Checkable l, Receptacle - Checkable r) {
    preconditions = [
      (openable(r) and atLocation(a, l) and receptacleAtLocation(r, l) and (not opened(r)))
    ]
    effects = [
      opened(r) := true
      checked(r) := true
    ]
  }
  action closeObject(Agent - Checkable a, Location - Checkable l, Receptacle - Checkable r) {
    preconditions = [
      (openable(r) and atLocation(a, l) and receptacleAtLocation(r, l) and opened(r))
    ]
    effects = [
      opened(r) := false
    ]
  }
  action pickupObject(Agent - Checkable a, Location - Checkable l, Obj - Checkable o, Receptacle - Checkable r) {
    preconditions = [
      (pickupable(o) and atLocation(a, l) and receptacleAtLocation(r, l) and inReceptacle(o, r) and (not holdsAny(a)) and ((not openable(r)) or opened(r)))
    ]
    effects = [
      inReceptacle(o, r) := false
      holds(a, o) := true
      holdsAny(a) := true
      objectAtLocation(o, l) := false
    ]
  }
  action putObject(Agent - Checkable a, Location - Checkable l, Obj - Checkable o, Receptacle - Checkable r, ObjectType ot, ReceptacleType rt) {
    preconditions = [
      (holds(a, o) and atLocation(a, l) and receptacleAtLocation(r, l) and ((not openable(r)) or opened(r)) and objectType(o, ot) and receptacleType(r, rt) and canContain(rt, ot))
    ]
    effects = [
      inReceptacle(o, r) := true
      objectAtLocation(o, l) := true
      holds(a, o) := false
      holdsAny(a) := false
    ]
  }
  action cleanObject(Agent - Checkable a, Location - Checkable l, Receptacle - Checkable r, Obj - Checkable o) {
    preconditions = [
      (cleanable(o) and receptacleType(r, sinkBasinType) and atLocation(a, l) and receptacleAtLocation(r, l) and holds(a, o))
    ]
    effects = [
      isClean(o) := true
    ]
  }
  action heatObject(Agent - Checkable a, Location - Checkable l, Receptacle - Checkable r, Obj - Checkable o) {
    preconditions = [
      (heatable(o) and receptacleType(r, microwaveType) and atLocation(a, l) and receptacleAtLocation(r, l) and holds(a, o))
    ]
    effects = [
      isHot(o) := true
      isCool(o) := false
    ]
  }
  action coolObject(Agent - Checkable a, Location - Checkable l, Receptacle - Checkable r, Obj - Checkable o) {
    preconditions = [
      (coolable(o) and receptacleType(r, fridgeType) and atLocation(a, l) and receptacleAtLocation(r, l) and holds(a, o))
    ]
    effects = [
      isCool(o) := true
      isHot(o) := false
    ]
  }
  action toggleObject(Agent - Checkable a, Location - Checkable l, Obj - Checkable o, Receptacle - Checkable r) {
    preconditions = [
      (toggleable(o) and atLocation(a, l) and receptacleAtLocation(r, l) and inReceptacle(o, r))
    ]
    effects = [
      if isOn(o) then isOn(o) := false
      if (not isOn(o)) then isOn(o) := true
      isToggled(o) := true
    ]
  }
  action sliceObject(Agent - Checkable a, Location - Checkable l, Obj - Checkable co, Obj - Checkable ko) {
    preconditions = [
      (sliceable(co) and (objectType(ko, knifeType) or objectType(ko, butterKnifeType)) and atLocation(a, l) and objectAtLocation(co, l) and holds(a, ko))
    ]
    effects = [
      isSliced(co) := true
    ]
  }
  action help(Agent - Checkable a) {
    preconditions = [
    ]
    effects = [
      checked(a) := true
    ]
  }
]

objects = [
  ReceptacleType: [sinkBasinType, microwaveType, fridgeType, sofaType, coffeeMachineType, counterTopType, drawerType, tvStandType, deskType, diningTableType, toasterType, laundryHamperType, bathtubBasinType, cabinetType]
  ObjectType: [knifeType, butterKnifeType, panType, clothType, spatulaType, handTowelType, potatoType, alarmClockType, bowlType, watchType, appleType, pillowType, cdType, glassbottleType, pepperShakerType, plungerType, newspaperType, laptopType, plateType]
  Checkable: [agent1, location1, location2, location3, location4, location5, location6, location7, location8, location9, location10, location11, location12, location13, location14, location15, location16, location17, location18, location19, location20, sofa_1, sofa_2, coffeeMachine_3, counterTop_4, sofa_5, sinkBasin_6, drawer_7, fridge_8, tvStand_9, tvStand_10, desk_11, diningTable_12, toaster_13, sinkBasin_14, coffeeMachine_15, laundryHamper_16, coffeeMachine_17, bathtubBasin_18, cabinet_19, drawer_20, microwave_21, fridge_22, pan_1, cloth_2, spatula_3, handTowel_4, potato_5, alarmClock_6, bowl_7, watch_8, apple_9, pillow_10, handTowel_11, cd_12, potato_13, glassbottle_14, pepperShaker_15, plunger_16, newspaper_17, handTowel_18, laptop_19, plate_20]
  Agent - Checkable: [agent1]
  Location - Checkable: [location1, location2, location3, location4, location5, location6, location7, location8, location9, location10, location11, location12, location13, location14, location15, location16, location17, location18, location19, location20]
  Receptacle - Checkable: [sofa_1, sofa_2, coffeeMachine_3, counterTop_4, sofa_5, sinkBasin_6, drawer_7, fridge_8, tvStand_9, tvStand_10, desk_11, diningTable_12, toaster_13, sinkBasin_14, coffeeMachine_15, laundryHamper_16, coffeeMachine_17, bathtubBasin_18, cabinet_19, drawer_20, microwave_21, fridge_22]
  Obj - Checkable: [pan_1, cloth_2, spatula_3, handTowel_4, potato_5, alarmClock_6, bowl_7, watch_8, apple_9, pillow_10, handTowel_11, cd_12, potato_13, glassbottle_14, pepperShaker_15, plunger_16, newspaper_17, handTowel_18, laptop_19, plate_20]
]

initial fluents default = [
  bool atLocation[a=Agent - Checkable, l=Location - Checkable] := false
  bool receptacleAtLocation[r=Receptacle - Checkable, l=Location - Checkable] := false
  bool objectAtLocation[o=Obj - Checkable, l=Location - Checkable] := false
  bool openable[r=Receptacle - Checkable] := false
  bool opened[r=Receptacle - Checkable] := false
  bool inReceptacle[o=Obj - Checkable, r=Receptacle - Checkable] := false
  bool isReceptacleObject[o=Obj - Checkable] := false
  bool inReceptacleObject[innerObject=Obj - Checkable, outObject=Obj - Checkable] := false
  bool isReceptacleObjectFull[o=Obj - Checkable] := false
  bool wasInReceptacle[o=Obj - Checkable, r=Receptacle - Checkable] := false
  bool checked[c=Checkable] := false
  bool examined[l=Location - Checkable] := false
  bool receptacleType[r=Receptacle - Checkable, rt=ReceptacleType] := false
  bool canContain[rt=ReceptacleType, ot=ObjectType] := false
  bool objectType[o=Obj - Checkable, t=ObjectType] := false
  bool holds[a=Agent - Checkable, o=Obj - Checkable] := false
  bool holdsAny[a=Agent - Checkable] := false
  bool holdsAnyReceptacleObject[a=Agent - Checkable] := false
  bool full[r=Receptacle - Checkable] := false
  bool isClean[o=Obj - Checkable] := false
  bool cleanable[o=Obj - Checkable] := false
  bool isHot[o=Obj - Checkable] := false
  bool heatable[o=Obj - Checkable] := false
  bool isCool[o=Obj - Checkable] := false
  bool coolable[o=Obj - Checkable] := false
  bool pickupable[o=Obj - Checkable] := false
  bool moveable[o=Obj - Checkable] := false
  bool toggleable[o=Obj - Checkable] := false
  bool isOn[o=Obj - Checkable] := false
  bool isToggled[o=Obj - Checkable] := false
  bool sliceable[o=Obj - Checkable] := false
  bool isSliced[o=Obj - Checkable] := false
]

initial values = [
  receptacleType(sofa_1, sofaType) := true
  receptacleType(sofa_2, sofaType) := true
  receptacleType(coffeeMachine_3, coffeeMachineType) := true
  receptacleType(counterTop_4, counterTopType) := true
  receptacleType(sofa_5, sofaType) := true
  receptacleType(sinkBasin_6, sinkBasinType) := true
  receptacleType(drawer_7, drawerType) := true
  receptacleType(fridge_8, fridgeType) := true
  receptacleType(tvStand_9, tvStandType) := true
  receptacleType(tvStand_10, tvStandType) := true
  receptacleType(desk_11, deskType) := true
  receptacleType(diningTable_12, diningTableType) := true
  receptacleType(toaster_13, toasterType) := true
  receptacleType(sinkBasin_14, sinkBasinType) := true
  receptacleType(coffeeMachine_15, coffeeMachineType) := true
  receptacleType(laundryHamper_16, laundryHamperType) := true
  receptacleType(coffeeMachine_17, coffeeMachineType) := true
  receptacleType(bathtubBasin_18, bathtubBasinType) := true
  receptacleType(cabinet_19, cabinetType) := true
  receptacleType(drawer_20, drawerType) := true
  receptacleType(microwave_21, microwaveType) := true
  receptacleType(fridge_22, fridgeType) := true
  objectType(pan_1, panType) := true
  objectType(cloth_2, clothType) := true
  objectType(spatula_3, spatulaType) := true
  objectType(handTowel_4, handTowelType) := true
  objectType(potato_5, potatoType) := true
  objectType(alarmClock_6, alarmClockType) := true
  objectType(bowl_7, bowlType) := true
  objectType(watch_8, watchType) := true
  objectType(apple_9, appleType) := true
  objectType(pillow_10, pillowType) := true
  objectType(handTowel_11, handTowelType) := true
  objectType(cd_12, cdType) := true
  objectType(potato_13, potatoType) := true
  objectType(glassbottle_14, glassbottleType) := true
  objectType(pepperShaker_15, pepperShakerType) := true
  objectType(plunger_16, plungerType) := true
  objectType(newspaper_17, newspaperType) := true
  objectType(handTowel_18, handTowelType) := true
  objectType(laptop_19, laptopType) := true
  objectType(plate_20, plateType) := true
  canContain(sofaType, clothType) := true
  canContain(sofaType, pillowType) := true
  canContain(sofaType, newspaperType) := true
  canContain(sofaType, laptopType) := true
  canContain(counterTopType, panType) := true
  canContain(counterTopType, clothType) := true
  canContain(counterTopType, spatulaType) := true
  canContain(counterTopType, handTowelType) := true
  canContain(counterTopType, potatoType) := true
  canContain(counterTopType, alarmClockType) := true
  canContain(counterTopType, bowlType) := true
  canContain(counterTopType, watchType) := true
  canContain(counterTopType, appleType) := true
  canContain(counterTopType, cdType) := true
  canContain(counterTopType, glassbottleType) := true
  canContain(counterTopType, pepperShakerType) := true
  canContain(counterTopType, newspaperType) := true
  canContain(counterTopType, laptopType) := true
  canContain(counterTopType, plateType) := true
  canContain(sinkBasinType, panType) := true
  canContain(sinkBasinType, clothType) := true
  canContain(sinkBasinType, spatulaType) := true
  canContain(sinkBasinType, handTowelType) := true
  canContain(sinkBasinType, potatoType) := true
  canContain(sinkBasinType, bowlType) := true
  canContain(sinkBasinType, appleType) := true
  canContain(sinkBasinType, glassbottleType) := true
  canContain(sinkBasinType, plateType) := true
  canContain(drawerType, clothType) := true
  canContain(drawerType, spatulaType) := true
  canContain(drawerType, handTowelType) := true
  canContain(drawerType, watchType) := true
  canContain(drawerType, pepperShakerType) := true
  canContain(drawerType, newspaperType) := true
  canContain(fridgeType, panType) := true
  canContain(fridgeType, potatoType) := true
  canContain(fridgeType, bowlType) := true
  canContain(fridgeType, appleType) := true
  canContain(fridgeType, glassbottleType) := true
  canContain(fridgeType, plateType) := true
  canContain(deskType, clothType) := true
  canContain(deskType, alarmClockType) := true
  canContain(deskType, bowlType) := true
  canContain(deskType, watchType) := true
  canContain(deskType, glassbottleType) := true
  canContain(deskType, newspaperType) := true
  canContain(deskType, laptopType) := true
  canContain(deskType, plateType) := true
  canContain(diningTableType, panType) := true
  canContain(diningTableType, clothType) := true
  canContain(diningTableType, spatulaType) := true
  canContain(diningTableType, handTowelType) := true
  canContain(diningTableType, potatoType) := true
  canContain(diningTableType, alarmClockType) := true
  canContain(diningTableType, bowlType) := true
  canContain(diningTableType, watchType) := true
  canContain(diningTableType, appleType) := true
  canContain(diningTableType, glassbottleType) := true
  canContain(diningTableType, pepperShakerType) := true
  canContain(diningTableType, newspaperType) := true
  canContain(diningTableType, laptopType) := true
  canContain(diningTableType, plateType) := true
  canContain(laundryHamperType, clothType) := true
  canContain(bathtubBasinType, clothType) := true
  canContain(bathtubBasinType, handTowelType) := true
  canContain(cabinetType, panType) := true
  canContain(cabinetType, clothType) := true
  canContain(cabinetType, handTowelType) := true
  canContain(cabinetType, bowlType) := true
  canContain(cabinetType, glassbottleType) := true
  canContain(cabinetType, pepperShakerType) := true
  canContain(cabinetType, plungerType) := true
  canContain(cabinetType, newspaperType) := true
  canContain(cabinetType, plateType) := true
  canContain(microwaveType, potatoType) := true
  canContain(microwaveType, bowlType) := true
  canContain(microwaveType, appleType) := true
  canContain(microwaveType, glassbottleType) := true
  canContain(microwaveType, plateType) := true
  pickupable(pan_1) := true
  isReceptacleObject(pan_1) := true
  cleanable(pan_1) := true
  coolable(pan_1) := true
  pickupable(cloth_2) := true
  cleanable(cloth_2) := true
  pickupable(spatula_3) := true
  cleanable(spatula_3) := true
  pickupable(handTowel_4) := true
  pickupable(potato_5) := true
  cleanable(potato_5) := true
  heatable(potato_5) := true
  coolable(potato_5) := true
  sliceable(potato_5) := true
  pickupable(alarmClock_6) := true
  pickupable(bowl_7) := true
  isReceptacleObject(bowl_7) := true
  cleanable(bowl_7) := true
  coolable(bowl_7) := true
  pickupable(watch_8) := true
  pickupable(apple_9) := true
  cleanable(apple_9) := true
  heatable(apple_9) := true
  coolable(apple_9) := true
  sliceable(apple_9) := true
  pickupable(pillow_10) := true
  pickupable(handTowel_11) := true
  pickupable(cd_12) := true
  pickupable(potato_13) := true
  cleanable(potato_13) := true
  heatable(potato_13) := true
  coolable(potato_13) := true
  sliceable(potato_13) := true
  pickupable(glassbottle_14) := true
  pickupable(pepperShaker_15) := true
  pickupable(plunger_16) := true
  pickupable(newspaper_17) := true
  pickupable(handTowel_18) := true
  pickupable(laptop_19) := true
  pickupable(plate_20) := true
  isReceptacleObject(plate_20) := true
  cleanable(plate_20) := true
  heatable(plate_20) := true
  coolable(plate_20) := true
  receptacleAtLocation(sofa_1, location11) := true
  receptacleAtLocation(sofa_2, location11) := true
  receptacleAtLocation(coffeeMachine_3, location1) := true
  receptacleAtLocation(counterTop_4, location11) := true
  receptacleAtLocation(sofa_5, location1) := true
  receptacleAtLocation(sinkBasin_6, location17) := true
  receptacleAtLocation(drawer_7, location3) := true
  receptacleAtLocation(fridge_8, location11) := true
  receptacleAtLocation(tvStand_9, location7) := true
  receptacleAtLocation(tvStand_10, location12) := true
  receptacleAtLocation(desk_11, location9) := true
  receptacleAtLocation(diningTable_12, location9) := true
  receptacleAtLocation(toaster_13, location11) := true
  receptacleAtLocation(sinkBasin_14, location4) := true
  receptacleAtLocation(coffeeMachine_15, location14) := true
  receptacleAtLocation(laundryHamper_16, location8) := true
  receptacleAtLocation(coffeeMachine_17, location7) := true
  receptacleAtLocation(bathtubBasin_18, location16) := true
  receptacleAtLocation(cabinet_19, location20) := true
  receptacleAtLocation(drawer_20, location11) := true
  receptacleAtLocation(microwave_21, location12) := true
  receptacleAtLocation(fridge_22, location13) := true
  inReceptacle(pan_1, sinkBasin_14) := true
  inReceptacle(cloth_2, sofa_2) := true
  inReceptacle(spatula_3, drawer_20) := true
  inReceptacle(handTowel_4, drawer_7) := true
  inReceptacle(potato_5, sinkBasin_6) := true
  inReceptacle(alarmClock_6, desk_11) := true
  inReceptacle(bowl_7, counterTop_4) := true
  inReceptacle(watch_8, counterTop_4) := true
  inReceptacle(apple_9, sinkBasin_14) := true
  inReceptacle(pillow_10, sofa_5) := true
  inReceptacle(handTowel_11, drawer_20) := true
  inReceptacle(cd_12, counterTop_4) := true
  inReceptacle(potato_13, counterTop_4) := true
  inReceptacle(glassbottle_14, sinkBasin_6) := true
  inReceptacle(pepperShaker_15, diningTable_12) := true
  inReceptacle(plunger_16, cabinet_19) := true
  inReceptacle(newspaper_17, cabinet_19) := true
  inReceptacle(handTowel_18, sinkBasin_6) := true
  inReceptacle(laptop_19, desk_11) := true
  inReceptacle(plate_20, diningTable_12) := true
  objectAtLocation(pan_1, location4) := true
  objectAtLocation(cloth_2, location11) := true
  objectAtLocation(spatula_3, location11) := true
  objectAtLocation(handTowel_4, location3) := true
  objectAtLocation(potato_5, location17) := true
  objectAtLocation(alarmClock_6, location9) := true
  objectAtLocation(bowl_7, location11) := true
  objectAtLocation(watch_8, location11) := true
  objectAtLocation(apple_9, location4) := true
  objectAtLocation(pillow_10, location1) := true
  objectAtLocation(handTowel_11, location11) := true
  objectAtLocation(cd_12, location11) := true
  objectAtLocation(potato_13, location11) := true
  objectAtLocation(glassbottle_14, location17) := true
  objectAtLocation(pepperShaker_15, location9) := true
  objectAtLocation(plunger_16, location20) := true
  objectAtLocation(newspaper_17, location20) := true
  objectAtLocation(handTowel_18, location17) := true
  objectAtLocation(laptop_19, location9) := true
  objectAtLocation(plate_20, location9) := true
  atLocation(agent1, location5) := true
]

goals = [
  Exists (Receptacle - Checkable r) Exists (Obj - Checkable o) (inReceptacle(o, r) and objectType(o, clothType) and receptacleType(r, deskType))
]

quality metrics = [
  minimize sequential-plan-length
]


2025-08-13 09:25:44,678 - INFO - Generating plan for unconstrained problem

2025-08-13 09:25:45,331 - INFO - Unconstrained plan generation time: 0.6536159515380859

2025-08-13 09:25:45,332 - INFO - Unconstrained plan and cost: 
2025-08-13 09:25:45,332 - INFO - SequentialPlan:
    goToLocation(agent1, location5, location11)
    pickupObject(agent1, location11, cloth_2, sofa_2)
    goToLocation(agent1, location11, location9)
    putObject(agent1, location9, cloth_2, desk_11, clothType, deskType)
2025-08-13 09:25:45,332 - INFO - 4
2025-08-13 09:26:05,853 - INFO - Sampled constraints:

2025-08-13 09:26:05,853 - INFO - Sometime(holdsAny(agent1))
2025-08-13 09:26:05,853 - INFO - Sometime-Before(holdsAny(agent1), holds(agent1, plate_20))
2025-08-13 09:26:05,853 - INFO - Sometime((inReceptacleObject(glassbottle_14, glassbottle_14) or objectAtLocation(watch_8, location17)))
2025-08-13 09:26:05,853 - INFO - Sometime(inReceptacleObject(potato_13, newspaper_17))
2025-08-13 09:26:05,853 - INFO - Sometime(holds(agent1, cloth_2))
2025-08-13 09:26:05,853 - INFO - Sometime-After(holds(agent1, cloth_2), atLocation(agent1, location6))
2025-08-13 09:26:05,853 - INFO - Sometime(atLocation(agent1, location6))
2025-08-13 09:26:05,853 - INFO - Sometime(atLocation(agent1, location11))
2025-08-13 09:26:05,853 - INFO - Sometime-After(atLocation(agent1, location11), inReceptacleObject(newspaper_17, newspaper_17))
2025-08-13 09:26:05,853 - INFO - Sometime((holds(agent1, alarmClock_6) or objectAtLocation(watch_8, location2)))
2025-08-13 09:26:05,853 - INFO - Sometime(objectAtLocation(handTowel_11, location17))
2025-08-13 09:26:05,853 - INFO - Sometime(objectAtLocation(watch_8, location6))
2025-08-13 09:26:05,853 - INFO - Sometime((holds(agent1, pepperShaker_15) or atLocation(agent1, location6)))
2025-08-13 09:26:05,853 - INFO - 
2025-08-13 09:26:05,853 - INFO - Generation time: 20.520580291748047

2025-08-13 09:26:05,854 - INFO - Generating plan for constrained problem (with LiftedTCORE).

2025-08-13 09:26:06,264 - INFO - LiftedTCORE compilation time: 0.40960168838500977

2025-08-13 09:26:06,900 - INFO - Planning Time with LiftedTCORE's file: 0.6356916427612305

