2025-08-13 09:20:21,211 - INFO - 
================= Seed: 1016 =================

2025-08-13 09:20:21,211 - INFO - problem name = alfred

types = [ReceptacleType, ObjectType, Checkable, Agent - Checkable, Location - Checkable, Receptacle - Checkable, Obj - Checkable]

fluents = [
  bool atLocation[a=Agent - Checkable, l=Location - Checkable]
  bool receptacleAtLocation[r=Receptacle - Checkable, l=Location - Checkable]
  bool objectAtLocation[o=Obj - Checkable, l=Location - Checkable]
  bool openable[r=Receptacle - Checkable]
  bool opened[r=Receptacle - Checkable]
  bool inReceptacle[o=Obj - Checkable, r=Receptacle - Checkable]
  bool isReceptacleObject[o=Obj - Checkable]
  bool inReceptacleObject[innerObject=Obj - Checkable, outObject=Obj - Checkable]
  bool isReceptacleObjectFull[o=Obj - Checkable]
  bool wasInReceptacle[o=Obj - Checkable, r=Receptacle - Checkable]
  bool checked[c=Checkable]
  bool examined[l=Location - Checkable]
  bool receptacleType[r=Receptacle - Checkable, rt=ReceptacleType]
  bool canContain[rt=ReceptacleType, ot=ObjectType]
  bool objectType[o=Obj - Checkable, t=ObjectType]
  bool holds[a=Agent - Checkable, o=Obj - Checkable]
  bool holdsAny[a=Agent - Checkable]
  bool holdsAnyReceptacleObject[a=Agent - Checkable]
  bool full[r=Receptacle - Checkable]
  bool isClean[o=Obj - Checkable]
  bool cleanable[o=Obj - Checkable]
  bool isHot[o=Obj - Checkable]
  bool heatable[o=Obj - Checkable]
  bool isCool[o=Obj - Checkable]
  bool coolable[o=Obj - Checkable]
  bool pickupable[o=Obj - Checkable]
  bool moveable[o=Obj - Checkable]
  bool toggleable[o=Obj - Checkable]
  bool isOn[o=Obj - Checkable]
  bool isToggled[o=Obj - Checkable]
  bool sliceable[o=Obj - Checkable]
  bool isSliced[o=Obj - Checkable]
]

actions = [
  action look(Agent - Checkable a, Location - Checkable l) {
    preconditions = [
      atLocation(a, l)
    ]
    effects = [
      checked(l) := true
    ]
  }
  action inventory(Agent - Checkable a) {
    preconditions = [
    ]
    effects = [
      checked(a) := true
    ]
  }
  action examineReceptacle(Agent - Checkable a, Receptacle - Checkable r) {
    preconditions = [
      Exists (Location - Checkable l) (atLocation(a, l) and receptacleAtLocation(r, l))
    ]
    effects = [
      checked(r) := true
    ]
  }
  action examineObject(Agent - Checkable a, Obj - Checkable o) {
    preconditions = [
      (Exists (Location - Checkable l) Exists (Receptacle - Checkable r) (atLocation(a, l) and receptacleAtLocation(r, l) and inReceptacle(o, r) and ((not openable(r)) or opened(r))) or holds(a, o))
    ]
    effects = [
      checked(o) := true
    ]
  }
  action goToLocation(Agent - Checkable a, Location - Checkable lstart, Location - Checkable lend) {
    preconditions = [
      atLocation(a, lstart)
    ]
    effects = [
      atLocation(a, lstart) := false
      atLocation(a, lend) := true
    ]
  }
  action openObject(Agent - Checkable a, Location - Checkable l, Receptacle - Checkable r) {
    preconditions = [
      (openable(r) and atLocation(a, l) and receptacleAtLocation(r, l) and (not opened(r)))
    ]
    effects = [
      opened(r) := true
      checked(r) := true
    ]
  }
  action closeObject(Agent - Checkable a, Location - Checkable l, Receptacle - Checkable r) {
    preconditions = [
      (openable(r) and atLocation(a, l) and receptacleAtLocation(r, l) and opened(r))
    ]
    effects = [
      opened(r) := false
    ]
  }
  action pickupObject(Agent - Checkable a, Location - Checkable l, Obj - Checkable o, Receptacle - Checkable r) {
    preconditions = [
      (pickupable(o) and atLocation(a, l) and receptacleAtLocation(r, l) and inReceptacle(o, r) and (not holdsAny(a)) and ((not openable(r)) or opened(r)))
    ]
    effects = [
      inReceptacle(o, r) := false
      holds(a, o) := true
      holdsAny(a) := true
      objectAtLocation(o, l) := false
    ]
  }
  action putObject(Agent - Checkable a, Location - Checkable l, Obj - Checkable o, Receptacle - Checkable r, ObjectType ot, ReceptacleType rt) {
    preconditions = [
      (holds(a, o) and atLocation(a, l) and receptacleAtLocation(r, l) and ((not openable(r)) or opened(r)) and objectType(o, ot) and receptacleType(r, rt) and canContain(rt, ot))
    ]
    effects = [
      inReceptacle(o, r) := true
      objectAtLocation(o, l) := true
      holds(a, o) := false
      holdsAny(a) := false
    ]
  }
  action cleanObject(Agent - Checkable a, Location - Checkable l, Receptacle - Checkable r, Obj - Checkable o) {
    preconditions = [
      (cleanable(o) and receptacleType(r, sinkBasinType) and atLocation(a, l) and receptacleAtLocation(r, l) and holds(a, o))
    ]
    effects = [
      isClean(o) := true
    ]
  }
  action heatObject(Agent - Checkable a, Location - Checkable l, Receptacle - Checkable r, Obj - Checkable o) {
    preconditions = [
      (heatable(o) and receptacleType(r, microwaveType) and atLocation(a, l) and receptacleAtLocation(r, l) and holds(a, o))
    ]
    effects = [
      isHot(o) := true
      isCool(o) := false
    ]
  }
  action coolObject(Agent - Checkable a, Location - Checkable l, Receptacle - Checkable r, Obj - Checkable o) {
    preconditions = [
      (coolable(o) and receptacleType(r, fridgeType) and atLocation(a, l) and receptacleAtLocation(r, l) and holds(a, o))
    ]
    effects = [
      isCool(o) := true
      isHot(o) := false
    ]
  }
  action toggleObject(Agent - Checkable a, Location - Checkable l, Obj - Checkable o, Receptacle - Checkable r) {
    preconditions = [
      (toggleable(o) and atLocation(a, l) and receptacleAtLocation(r, l) and inReceptacle(o, r))
    ]
    effects = [
      if isOn(o) then isOn(o) := false
      if (not isOn(o)) then isOn(o) := true
      isToggled(o) := true
    ]
  }
  action sliceObject(Agent - Checkable a, Location - Checkable l, Obj - Checkable co, Obj - Checkable ko) {
    preconditions = [
      (sliceable(co) and (objectType(ko, knifeType) or objectType(ko, butterKnifeType)) and atLocation(a, l) and objectAtLocation(co, l) and holds(a, ko))
    ]
    effects = [
      isSliced(co) := true
    ]
  }
  action help(Agent - Checkable a) {
    preconditions = [
    ]
    effects = [
      checked(a) := true
    ]
  }
]

objects = [
  ReceptacleType: [sinkBasinType, microwaveType, fridgeType, stoveBurnerType, dresserType, diningTableType, safeType, coffeeMachineType, toiletType, sofaType, shelfType, tvStandType, toiletPaperHangerType, drawerType, sideTableType, towelHolderType, toasterType, laundryHamperType]
  ObjectType: [knifeType, butterKnifeType, breadType, eggType, toiletPaperRollType, cupType, baseballBatType, candleType, watchType, tennisRacketType, wateringCanType, lettuceType, newspaperType, potatoType, clothType, pencilType, boxType]
  Checkable: [agent1, location1, location2, location3, location4, location5, location6, location7, location8, location9, location10, location11, location12, location13, location14, location15, location16, location17, location18, location19, location20, stoveBurner_1, dresser_2, diningTable_3, safe_4, stoveBurner_5, dresser_6, safe_7, coffeeMachine_8, toilet_9, sofa_10, toilet_11, shelf_12, stoveBurner_13, tvStand_14, toiletPaperHanger_15, drawer_16, sideTable_17, towelHolder_18, toaster_19, laundryHamper_20, microwave_21, fridge_22, bread_1, knife_2, egg_3, toiletPaperRoll_4, cup_5, baseballBat_6, knife_7, candle_8, watch_9, tennisRacket_10, wateringCan_11, wateringCan_12, lettuce_13, newspaper_14, egg_15, lettuce_16, potato_17, cloth_18, pencil_19, box_20]
  Agent - Checkable: [agent1]
  Location - Checkable: [location1, location2, location3, location4, location5, location6, location7, location8, location9, location10, location11, location12, location13, location14, location15, location16, location17, location18, location19, location20]
  Receptacle - Checkable: [stoveBurner_1, dresser_2, diningTable_3, safe_4, stoveBurner_5, dresser_6, safe_7, coffeeMachine_8, toilet_9, sofa_10, toilet_11, shelf_12, stoveBurner_13, tvStand_14, toiletPaperHanger_15, drawer_16, sideTable_17, towelHolder_18, toaster_19, laundryHamper_20, microwave_21, fridge_22]
  Obj - Checkable: [bread_1, knife_2, egg_3, toiletPaperRoll_4, cup_5, baseballBat_6, knife_7, candle_8, watch_9, tennisRacket_10, wateringCan_11, wateringCan_12, lettuce_13, newspaper_14, egg_15, lettuce_16, potato_17, cloth_18, pencil_19, box_20]
]

initial fluents default = [
  bool atLocation[a=Agent - Checkable, l=Location - Checkable] := false
  bool receptacleAtLocation[r=Receptacle - Checkable, l=Location - Checkable] := false
  bool objectAtLocation[o=Obj - Checkable, l=Location - Checkable] := false
  bool openable[r=Receptacle - Checkable] := false
  bool opened[r=Receptacle - Checkable] := false
  bool inReceptacle[o=Obj - Checkable, r=Receptacle - Checkable] := false
  bool isReceptacleObject[o=Obj - Checkable] := false
  bool inReceptacleObject[innerObject=Obj - Checkable, outObject=Obj - Checkable] := false
  bool isReceptacleObjectFull[o=Obj - Checkable] := false
  bool wasInReceptacle[o=Obj - Checkable, r=Receptacle - Checkable] := false
  bool checked[c=Checkable] := false
  bool examined[l=Location - Checkable] := false
  bool receptacleType[r=Receptacle - Checkable, rt=ReceptacleType] := false
  bool canContain[rt=ReceptacleType, ot=ObjectType] := false
  bool objectType[o=Obj - Checkable, t=ObjectType] := false
  bool holds[a=Agent - Checkable, o=Obj - Checkable] := false
  bool holdsAny[a=Agent - Checkable] := false
  bool holdsAnyReceptacleObject[a=Agent - Checkable] := false
  bool full[r=Receptacle - Checkable] := false
  bool isClean[o=Obj - Checkable] := false
  bool cleanable[o=Obj - Checkable] := false
  bool isHot[o=Obj - Checkable] := false
  bool heatable[o=Obj - Checkable] := false
  bool isCool[o=Obj - Checkable] := false
  bool coolable[o=Obj - Checkable] := false
  bool pickupable[o=Obj - Checkable] := false
  bool moveable[o=Obj - Checkable] := false
  bool toggleable[o=Obj - Checkable] := false
  bool isOn[o=Obj - Checkable] := false
  bool isToggled[o=Obj - Checkable] := false
  bool sliceable[o=Obj - Checkable] := false
  bool isSliced[o=Obj - Checkable] := false
]

initial values = [
  receptacleType(stoveBurner_1, stoveBurnerType) := true
  receptacleType(dresser_2, dresserType) := true
  receptacleType(diningTable_3, diningTableType) := true
  receptacleType(safe_4, safeType) := true
  receptacleType(stoveBurner_5, stoveBurnerType) := true
  receptacleType(dresser_6, dresserType) := true
  receptacleType(safe_7, safeType) := true
  receptacleType(coffeeMachine_8, coffeeMachineType) := true
  receptacleType(toilet_9, toiletType) := true
  receptacleType(sofa_10, sofaType) := true
  receptacleType(toilet_11, toiletType) := true
  receptacleType(shelf_12, shelfType) := true
  receptacleType(stoveBurner_13, stoveBurnerType) := true
  receptacleType(tvStand_14, tvStandType) := true
  receptacleType(toiletPaperHanger_15, toiletPaperHangerType) := true
  receptacleType(drawer_16, drawerType) := true
  receptacleType(sideTable_17, sideTableType) := true
  receptacleType(towelHolder_18, towelHolderType) := true
  receptacleType(toaster_19, toasterType) := true
  receptacleType(laundryHamper_20, laundryHamperType) := true
  receptacleType(microwave_21, microwaveType) := true
  receptacleType(fridge_22, fridgeType) := true
  objectType(bread_1, breadType) := true
  objectType(knife_2, knifeType) := true
  objectType(egg_3, eggType) := true
  objectType(toiletPaperRoll_4, toiletPaperRollType) := true
  objectType(cup_5, cupType) := true
  objectType(baseballBat_6, baseballBatType) := true
  objectType(knife_7, knifeType) := true
  objectType(candle_8, candleType) := true
  objectType(watch_9, watchType) := true
  objectType(tennisRacket_10, tennisRacketType) := true
  objectType(wateringCan_11, wateringCanType) := true
  objectType(wateringCan_12, wateringCanType) := true
  objectType(lettuce_13, lettuceType) := true
  objectType(newspaper_14, newspaperType) := true
  objectType(egg_15, eggType) := true
  objectType(lettuce_16, lettuceType) := true
  objectType(potato_17, potatoType) := true
  objectType(cloth_18, clothType) := true
  objectType(pencil_19, pencilType) := true
  objectType(box_20, boxType) := true
  canContain(dresserType, toiletPaperRollType) := true
  canContain(dresserType, cupType) := true
  canContain(dresserType, candleType) := true
  canContain(dresserType, watchType) := true
  canContain(dresserType, tennisRacketType) := true
  canContain(dresserType, wateringCanType) := true
  canContain(dresserType, newspaperType) := true
  canContain(dresserType, clothType) := true
  canContain(dresserType, pencilType) := true
  canContain(dresserType, boxType) := true
  canContain(diningTableType, breadType) := true
  canContain(diningTableType, knifeType) := true
  canContain(diningTableType, eggType) := true
  canContain(diningTableType, toiletPaperRollType) := true
  canContain(diningTableType, cupType) := true
  canContain(diningTableType, baseballBatType) := true
  canContain(diningTableType, candleType) := true
  canContain(diningTableType, watchType) := true
  canContain(diningTableType, tennisRacketType) := true
  canContain(diningTableType, wateringCanType) := true
  canContain(diningTableType, lettuceType) := true
  canContain(diningTableType, newspaperType) := true
  canContain(diningTableType, potatoType) := true
  canContain(diningTableType, clothType) := true
  canContain(diningTableType, pencilType) := true
  canContain(diningTableType, boxType) := true
  canContain(safeType, watchType) := true
  canContain(toiletType, toiletPaperRollType) := true
  canContain(toiletType, candleType) := true
  canContain(toiletType, newspaperType) := true
  canContain(toiletType, clothType) := true
  canContain(sofaType, newspaperType) := true
  canContain(sofaType, clothType) := true
  canContain(sofaType, boxType) := true
  canContain(shelfType, toiletPaperRollType) := true
  canContain(shelfType, cupType) := true
  canContain(shelfType, candleType) := true
  canContain(shelfType, watchType) := true
  canContain(shelfType, wateringCanType) := true
  canContain(shelfType, newspaperType) := true
  canContain(shelfType, clothType) := true
  canContain(shelfType, pencilType) := true
  canContain(shelfType, boxType) := true
  canContain(toiletPaperHangerType, toiletPaperRollType) := true
  canContain(drawerType, knifeType) := true
  canContain(drawerType, toiletPaperRollType) := true
  canContain(drawerType, candleType) := true
  canContain(drawerType, watchType) := true
  canContain(drawerType, wateringCanType) := true
  canContain(drawerType, newspaperType) := true
  canContain(drawerType, clothType) := true
  canContain(drawerType, pencilType) := true
  canContain(sideTableType, breadType) := true
  canContain(sideTableType, knifeType) := true
  canContain(sideTableType, eggType) := true
  canContain(sideTableType, toiletPaperRollType) := true
  canContain(sideTableType, cupType) := true
  canContain(sideTableType, baseballBatType) := true
  canContain(sideTableType, candleType) := true
  canContain(sideTableType, watchType) := true
  canContain(sideTableType, tennisRacketType) := true
  canContain(sideTableType, wateringCanType) := true
  canContain(sideTableType, lettuceType) := true
  canContain(sideTableType, newspaperType) := true
  canContain(sideTableType, potatoType) := true
  canContain(sideTableType, clothType) := true
  canContain(sideTableType, pencilType) := true
  canContain(sideTableType, boxType) := true
  canContain(laundryHamperType, clothType) := true
  canContain(microwaveType, breadType) := true
  canContain(microwaveType, eggType) := true
  canContain(microwaveType, cupType) := true
  canContain(microwaveType, potatoType) := true
  canContain(fridgeType, breadType) := true
  canContain(fridgeType, eggType) := true
  canContain(fridgeType, cupType) := true
  canContain(fridgeType, lettuceType) := true
  canContain(fridgeType, potatoType) := true
  pickupable(bread_1) := true
  heatable(bread_1) := true
  coolable(bread_1) := true
  sliceable(bread_1) := true
  pickupable(knife_2) := true
  cleanable(knife_2) := true
  pickupable(egg_3) := true
  cleanable(egg_3) := true
  heatable(egg_3) := true
  coolable(egg_3) := true
  sliceable(egg_3) := true
  pickupable(toiletPaperRoll_4) := true
  pickupable(cup_5) := true
  isReceptacleObject(cup_5) := true
  cleanable(cup_5) := true
  heatable(cup_5) := true
  coolable(cup_5) := true
  pickupable(baseballBat_6) := true
  pickupable(knife_7) := true
  cleanable(knife_7) := true
  pickupable(candle_8) := true
  pickupable(watch_9) := true
  pickupable(tennisRacket_10) := true
  pickupable(wateringCan_11) := true
  pickupable(wateringCan_12) := true
  pickupable(lettuce_13) := true
  cleanable(lettuce_13) := true
  coolable(lettuce_13) := true
  sliceable(lettuce_13) := true
  pickupable(newspaper_14) := true
  pickupable(egg_15) := true
  cleanable(egg_15) := true
  heatable(egg_15) := true
  coolable(egg_15) := true
  sliceable(egg_15) := true
  pickupable(lettuce_16) := true
  cleanable(lettuce_16) := true
  coolable(lettuce_16) := true
  sliceable(lettuce_16) := true
  pickupable(potato_17) := true
  cleanable(potato_17) := true
  heatable(potato_17) := true
  coolable(potato_17) := true
  sliceable(potato_17) := true
  pickupable(cloth_18) := true
  cleanable(cloth_18) := true
  pickupable(pencil_19) := true
  pickupable(box_20) := true
  isReceptacleObject(box_20) := true
  receptacleAtLocation(stoveBurner_1, location7) := true
  receptacleAtLocation(dresser_2, location8) := true
  receptacleAtLocation(diningTable_3, location9) := true
  receptacleAtLocation(safe_4, location19) := true
  receptacleAtLocation(stoveBurner_5, location11) := true
  receptacleAtLocation(dresser_6, location12) := true
  receptacleAtLocation(safe_7, location12) := true
  receptacleAtLocation(coffeeMachine_8, location17) := true
  receptacleAtLocation(toilet_9, location5) := true
  receptacleAtLocation(sofa_10, location10) := true
  receptacleAtLocation(toilet_11, location11) := true
  receptacleAtLocation(shelf_12, location12) := true
  receptacleAtLocation(stoveBurner_13, location13) := true
  receptacleAtLocation(tvStand_14, location3) := true
  receptacleAtLocation(toiletPaperHanger_15, location7) := true
  receptacleAtLocation(drawer_16, location18) := true
  receptacleAtLocation(sideTable_17, location15) := true
  receptacleAtLocation(towelHolder_18, location19) := true
  receptacleAtLocation(toaster_19, location8) := true
  receptacleAtLocation(laundryHamper_20, location6) := true
  receptacleAtLocation(microwave_21, location7) := true
  receptacleAtLocation(fridge_22, location10) := true
  inReceptacle(bread_1, diningTable_3) := true
  inReceptacle(knife_2, diningTable_3) := true
  inReceptacle(egg_3, sideTable_17) := true
  inReceptacle(toiletPaperRoll_4, toiletPaperHanger_15) := true
  inReceptacle(cup_5, dresser_6) := true
  inReceptacle(baseballBat_6, diningTable_3) := true
  inReceptacle(knife_7, drawer_16) := true
  inReceptacle(candle_8, toilet_11) := true
  inReceptacle(watch_9, dresser_2) := true
  inReceptacle(tennisRacket_10, dresser_6) := true
  inReceptacle(wateringCan_11, dresser_2) := true
  inReceptacle(wateringCan_12, drawer_16) := true
  inReceptacle(lettuce_13, sideTable_17) := true
  inReceptacle(newspaper_14, toilet_11) := true
  inReceptacle(egg_15, sideTable_17) := true
  inReceptacle(lettuce_16, sideTable_17) := true
  inReceptacle(potato_17, microwave_21) := true
  inReceptacle(cloth_18, drawer_16) := true
  inReceptacle(pencil_19, dresser_2) := true
  inReceptacle(box_20, diningTable_3) := true
  objectAtLocation(bread_1, location9) := true
  objectAtLocation(knife_2, location9) := true
  objectAtLocation(egg_3, location15) := true
  objectAtLocation(toiletPaperRoll_4, location7) := true
  objectAtLocation(cup_5, location12) := true
  objectAtLocation(baseballBat_6, location9) := true
  objectAtLocation(knife_7, location18) := true
  objectAtLocation(candle_8, location11) := true
  objectAtLocation(watch_9, location8) := true
  objectAtLocation(tennisRacket_10, location12) := true
  objectAtLocation(wateringCan_11, location8) := true
  objectAtLocation(wateringCan_12, location18) := true
  objectAtLocation(lettuce_13, location15) := true
  objectAtLocation(newspaper_14, location11) := true
  objectAtLocation(egg_15, location15) := true
  objectAtLocation(lettuce_16, location15) := true
  objectAtLocation(potato_17, location7) := true
  objectAtLocation(cloth_18, location18) := true
  objectAtLocation(pencil_19, location8) := true
  objectAtLocation(box_20, location9) := true
  atLocation(agent1, location4) := true
]

goals = [
  Exists (Receptacle - Checkable r) Exists (Obj - Checkable o) (inReceptacle(o, r) and objectType(o, cupType) and receptacleType(r, diningTableType))
]

quality metrics = [
  minimize sequential-plan-length
]


2025-08-13 09:20:21,216 - INFO - Generating plan for unconstrained problem

2025-08-13 09:20:21,869 - INFO - Unconstrained plan generation time: 0.6527462005615234

2025-08-13 09:20:21,869 - INFO - Unconstrained plan and cost: 
2025-08-13 09:20:21,869 - INFO - SequentialPlan:
    goToLocation(agent1, location4, location12)
    pickupObject(agent1, location12, cup_5, dresser_6)
    goToLocation(agent1, location12, location9)
    putObject(agent1, location9, cup_5, diningTable_3, cupType, diningTableType)
2025-08-13 09:20:21,870 - INFO - 4
2025-08-13 09:20:36,490 - INFO - Sampled constraints:

2025-08-13 09:20:36,490 - INFO - Sometime(atLocation(agent1, location12))
2025-08-13 09:20:36,491 - INFO - Sometime-Before(atLocation(agent1, location12), (holds(agent1, knife_2) or holds(agent1, potato_17)))
2025-08-13 09:20:36,491 - INFO - Sometime(holdsAny(agent1))
2025-08-13 09:20:36,491 - INFO - Sometime-After(holdsAny(agent1), objectAtLocation(lettuce_13, location3))
2025-08-13 09:20:36,491 - INFO - Sometime(holds(agent1, newspaper_14))
2025-08-13 09:20:36,491 - INFO - Sometime(atLocation(agent1, location9))
2025-08-13 09:20:36,491 - INFO - Sometime-Before(atLocation(agent1, location9), (atLocation(agent1, location18) or atLocation(agent1, location7)))
2025-08-13 09:20:36,491 - INFO - Sometime(inReceptacleObject(egg_15, potato_17))
2025-08-13 09:20:36,491 - INFO - Sometime(holds(agent1, toiletPaperRoll_4))
2025-08-13 09:20:36,491 - INFO - Sometime((inReceptacleObject(cloth_18, wateringCan_12) and objectAtLocation(box_20, location17)))
2025-08-13 09:20:36,491 - INFO - Sometime((inReceptacleObject(newspaper_14, newspaper_14) or objectAtLocation(pencil_19, location13)))
2025-08-13 09:20:36,491 - INFO - Sometime(holds(agent1, baseballBat_6))
2025-08-13 09:20:36,491 - INFO - Sometime((objectAtLocation(newspaper_14, location5) or objectAtLocation(wateringCan_12, location2)))
2025-08-13 09:20:36,491 - INFO - 
2025-08-13 09:20:36,491 - INFO - Generation time: 14.620636463165283

2025-08-13 09:20:36,492 - INFO - Generating plan for constrained problem (with LiftedTCORE).

2025-08-13 09:20:36,913 - INFO - LiftedTCORE compilation time: 0.4212334156036377

2025-08-13 09:20:37,670 - INFO - Planning Time with LiftedTCORE's file: 0.7560763359069824

