2025-08-13 11:01:58,005 - INFO - 
================= Seed: 1260 =================

2025-08-13 11:01:58,005 - INFO - problem name = alfred

types = [ReceptacleType, ObjectType, Checkable, Agent - Checkable, Location - Checkable, Receptacle - Checkable, Obj - Checkable]

fluents = [
  bool atLocation[a=Agent - Checkable, l=Location - Checkable]
  bool receptacleAtLocation[r=Receptacle - Checkable, l=Location - Checkable]
  bool objectAtLocation[o=Obj - Checkable, l=Location - Checkable]
  bool openable[r=Receptacle - Checkable]
  bool opened[r=Receptacle - Checkable]
  bool inReceptacle[o=Obj - Checkable, r=Receptacle - Checkable]
  bool isReceptacleObject[o=Obj - Checkable]
  bool inReceptacleObject[innerObject=Obj - Checkable, outObject=Obj - Checkable]
  bool isReceptacleObjectFull[o=Obj - Checkable]
  bool wasInReceptacle[o=Obj - Checkable, r=Receptacle - Checkable]
  bool checked[c=Checkable]
  bool examined[l=Location - Checkable]
  bool receptacleType[r=Receptacle - Checkable, rt=ReceptacleType]
  bool canContain[rt=ReceptacleType, ot=ObjectType]
  bool objectType[o=Obj - Checkable, t=ObjectType]
  bool holds[a=Agent - Checkable, o=Obj - Checkable]
  bool holdsAny[a=Agent - Checkable]
  bool holdsAnyReceptacleObject[a=Agent - Checkable]
  bool full[r=Receptacle - Checkable]
  bool isClean[o=Obj - Checkable]
  bool cleanable[o=Obj - Checkable]
  bool isHot[o=Obj - Checkable]
  bool heatable[o=Obj - Checkable]
  bool isCool[o=Obj - Checkable]
  bool coolable[o=Obj - Checkable]
  bool pickupable[o=Obj - Checkable]
  bool moveable[o=Obj - Checkable]
  bool toggleable[o=Obj - Checkable]
  bool isOn[o=Obj - Checkable]
  bool isToggled[o=Obj - Checkable]
  bool sliceable[o=Obj - Checkable]
  bool isSliced[o=Obj - Checkable]
]

actions = [
  action look(Agent - Checkable a, Location - Checkable l) {
    preconditions = [
      atLocation(a, l)
    ]
    effects = [
      checked(l) := true
    ]
  }
  action inventory(Agent - Checkable a) {
    preconditions = [
    ]
    effects = [
      checked(a) := true
    ]
  }
  action examineReceptacle(Agent - Checkable a, Receptacle - Checkable r) {
    preconditions = [
      Exists (Location - Checkable l) (atLocation(a, l) and receptacleAtLocation(r, l))
    ]
    effects = [
      checked(r) := true
    ]
  }
  action examineObject(Agent - Checkable a, Obj - Checkable o) {
    preconditions = [
      (Exists (Location - Checkable l) Exists (Receptacle - Checkable r) (atLocation(a, l) and receptacleAtLocation(r, l) and inReceptacle(o, r) and ((not openable(r)) or opened(r))) or holds(a, o))
    ]
    effects = [
      checked(o) := true
    ]
  }
  action goToLocation(Agent - Checkable a, Location - Checkable lstart, Location - Checkable lend) {
    preconditions = [
      atLocation(a, lstart)
    ]
    effects = [
      atLocation(a, lstart) := false
      atLocation(a, lend) := true
    ]
  }
  action openObject(Agent - Checkable a, Location - Checkable l, Receptacle - Checkable r) {
    preconditions = [
      (openable(r) and atLocation(a, l) and receptacleAtLocation(r, l) and (not opened(r)))
    ]
    effects = [
      opened(r) := true
      checked(r) := true
    ]
  }
  action closeObject(Agent - Checkable a, Location - Checkable l, Receptacle - Checkable r) {
    preconditions = [
      (openable(r) and atLocation(a, l) and receptacleAtLocation(r, l) and opened(r))
    ]
    effects = [
      opened(r) := false
    ]
  }
  action pickupObject(Agent - Checkable a, Location - Checkable l, Obj - Checkable o, Receptacle - Checkable r) {
    preconditions = [
      (pickupable(o) and atLocation(a, l) and receptacleAtLocation(r, l) and inReceptacle(o, r) and (not holdsAny(a)) and ((not openable(r)) or opened(r)))
    ]
    effects = [
      inReceptacle(o, r) := false
      holds(a, o) := true
      holdsAny(a) := true
      objectAtLocation(o, l) := false
    ]
  }
  action putObject(Agent - Checkable a, Location - Checkable l, Obj - Checkable o, Receptacle - Checkable r, ObjectType ot, ReceptacleType rt) {
    preconditions = [
      (holds(a, o) and atLocation(a, l) and receptacleAtLocation(r, l) and ((not openable(r)) or opened(r)) and objectType(o, ot) and receptacleType(r, rt) and canContain(rt, ot))
    ]
    effects = [
      inReceptacle(o, r) := true
      objectAtLocation(o, l) := true
      holds(a, o) := false
      holdsAny(a) := false
    ]
  }
  action cleanObject(Agent - Checkable a, Location - Checkable l, Receptacle - Checkable r, Obj - Checkable o) {
    preconditions = [
      (cleanable(o) and receptacleType(r, sinkBasinType) and atLocation(a, l) and receptacleAtLocation(r, l) and holds(a, o))
    ]
    effects = [
      isClean(o) := true
    ]
  }
  action heatObject(Agent - Checkable a, Location - Checkable l, Receptacle - Checkable r, Obj - Checkable o) {
    preconditions = [
      (heatable(o) and receptacleType(r, microwaveType) and atLocation(a, l) and receptacleAtLocation(r, l) and holds(a, o))
    ]
    effects = [
      isHot(o) := true
      isCool(o) := false
    ]
  }
  action coolObject(Agent - Checkable a, Location - Checkable l, Receptacle - Checkable r, Obj - Checkable o) {
    preconditions = [
      (coolable(o) and receptacleType(r, fridgeType) and atLocation(a, l) and receptacleAtLocation(r, l) and holds(a, o))
    ]
    effects = [
      isCool(o) := true
      isHot(o) := false
    ]
  }
  action toggleObject(Agent - Checkable a, Location - Checkable l, Obj - Checkable o, Receptacle - Checkable r) {
    preconditions = [
      (toggleable(o) and atLocation(a, l) and receptacleAtLocation(r, l) and inReceptacle(o, r))
    ]
    effects = [
      if isOn(o) then isOn(o) := false
      if (not isOn(o)) then isOn(o) := true
      isToggled(o) := true
    ]
  }
  action sliceObject(Agent - Checkable a, Location - Checkable l, Obj - Checkable co, Obj - Checkable ko) {
    preconditions = [
      (sliceable(co) and (objectType(ko, knifeType) or objectType(ko, butterKnifeType)) and atLocation(a, l) and objectAtLocation(co, l) and holds(a, ko))
    ]
    effects = [
      isSliced(co) := true
    ]
  }
  action help(Agent - Checkable a) {
    preconditions = [
    ]
    effects = [
      checked(a) := true
    ]
  }
]

objects = [
  ReceptacleType: [sinkBasinType, microwaveType, fridgeType, shelfType, cabinetType, coffeeTableType, toiletPaperHangerType]
  ObjectType: [knifeType, butterKnifeType, wineBottleType, eggType, mugType, candleType, bowlType]
  Checkable: [agent1, location1, location2, location3, location4, location5, shelf_1, cabinet_2, microwave_3, coffeeTable_4, toiletPaperHanger_5, microwave_6, fridge_7, wineBottle_1, egg_2, mug_3, candle_4, bowl_5]
  Agent - Checkable: [agent1]
  Location - Checkable: [location1, location2, location3, location4, location5]
  Receptacle - Checkable: [shelf_1, cabinet_2, microwave_3, coffeeTable_4, toiletPaperHanger_5, microwave_6, fridge_7]
  Obj - Checkable: [wineBottle_1, egg_2, mug_3, candle_4, bowl_5]
]

initial fluents default = [
  bool atLocation[a=Agent - Checkable, l=Location - Checkable] := false
  bool receptacleAtLocation[r=Receptacle - Checkable, l=Location - Checkable] := false
  bool objectAtLocation[o=Obj - Checkable, l=Location - Checkable] := false
  bool openable[r=Receptacle - Checkable] := false
  bool opened[r=Receptacle - Checkable] := false
  bool inReceptacle[o=Obj - Checkable, r=Receptacle - Checkable] := false
  bool isReceptacleObject[o=Obj - Checkable] := false
  bool inReceptacleObject[innerObject=Obj - Checkable, outObject=Obj - Checkable] := false
  bool isReceptacleObjectFull[o=Obj - Checkable] := false
  bool wasInReceptacle[o=Obj - Checkable, r=Receptacle - Checkable] := false
  bool checked[c=Checkable] := false
  bool examined[l=Location - Checkable] := false
  bool receptacleType[r=Receptacle - Checkable, rt=ReceptacleType] := false
  bool canContain[rt=ReceptacleType, ot=ObjectType] := false
  bool objectType[o=Obj - Checkable, t=ObjectType] := false
  bool holds[a=Agent - Checkable, o=Obj - Checkable] := false
  bool holdsAny[a=Agent - Checkable] := false
  bool holdsAnyReceptacleObject[a=Agent - Checkable] := false
  bool full[r=Receptacle - Checkable] := false
  bool isClean[o=Obj - Checkable] := false
  bool cleanable[o=Obj - Checkable] := false
  bool isHot[o=Obj - Checkable] := false
  bool heatable[o=Obj - Checkable] := false
  bool isCool[o=Obj - Checkable] := false
  bool coolable[o=Obj - Checkable] := false
  bool pickupable[o=Obj - Checkable] := false
  bool moveable[o=Obj - Checkable] := false
  bool toggleable[o=Obj - Checkable] := false
  bool isOn[o=Obj - Checkable] := false
  bool isToggled[o=Obj - Checkable] := false
  bool sliceable[o=Obj - Checkable] := false
  bool isSliced[o=Obj - Checkable] := false
]

initial values = [
  receptacleType(shelf_1, shelfType) := true
  receptacleType(cabinet_2, cabinetType) := true
  receptacleType(microwave_3, microwaveType) := true
  receptacleType(coffeeTable_4, coffeeTableType) := true
  receptacleType(toiletPaperHanger_5, toiletPaperHangerType) := true
  receptacleType(microwave_6, microwaveType) := true
  receptacleType(fridge_7, fridgeType) := true
  objectType(wineBottle_1, wineBottleType) := true
  objectType(egg_2, eggType) := true
  objectType(mug_3, mugType) := true
  objectType(candle_4, candleType) := true
  objectType(bowl_5, bowlType) := true
  canContain(shelfType, wineBottleType) := true
  canContain(shelfType, mugType) := true
  canContain(shelfType, candleType) := true
  canContain(shelfType, bowlType) := true
  canContain(cabinetType, wineBottleType) := true
  canContain(cabinetType, mugType) := true
  canContain(cabinetType, candleType) := true
  canContain(cabinetType, bowlType) := true
  canContain(microwaveType, eggType) := true
  canContain(microwaveType, mugType) := true
  canContain(microwaveType, bowlType) := true
  canContain(coffeeTableType, wineBottleType) := true
  canContain(coffeeTableType, eggType) := true
  canContain(coffeeTableType, mugType) := true
  canContain(coffeeTableType, candleType) := true
  canContain(coffeeTableType, bowlType) := true
  canContain(fridgeType, wineBottleType) := true
  canContain(fridgeType, eggType) := true
  canContain(fridgeType, mugType) := true
  canContain(fridgeType, bowlType) := true
  pickupable(wineBottle_1) := true
  pickupable(egg_2) := true
  cleanable(egg_2) := true
  heatable(egg_2) := true
  coolable(egg_2) := true
  sliceable(egg_2) := true
  pickupable(mug_3) := true
  isReceptacleObject(mug_3) := true
  cleanable(mug_3) := true
  heatable(mug_3) := true
  coolable(mug_3) := true
  pickupable(candle_4) := true
  pickupable(bowl_5) := true
  isReceptacleObject(bowl_5) := true
  cleanable(bowl_5) := true
  coolable(bowl_5) := true
  receptacleAtLocation(shelf_1, location2) := true
  receptacleAtLocation(cabinet_2, location3) := true
  receptacleAtLocation(microwave_3, location3) := true
  receptacleAtLocation(coffeeTable_4, location5) := true
  receptacleAtLocation(toiletPaperHanger_5, location2) := true
  receptacleAtLocation(microwave_6, location4) := true
  receptacleAtLocation(fridge_7, location1) := true
  inReceptacle(wineBottle_1, cabinet_2) := true
  inReceptacle(egg_2, microwave_3) := true
  inReceptacle(mug_3, microwave_6) := true
  inReceptacle(candle_4, coffeeTable_4) := true
  inReceptacle(bowl_5, coffeeTable_4) := true
  objectAtLocation(wineBottle_1, location3) := true
  objectAtLocation(egg_2, location3) := true
  objectAtLocation(mug_3, location4) := true
  objectAtLocation(candle_4, location5) := true
  objectAtLocation(bowl_5, location5) := true
  atLocation(agent1, location5) := true
]

goals = [
  Exists (Receptacle - Checkable r) Exists (Obj - Checkable o) (inReceptacle(o, r) and objectType(o, bowlType) and receptacleType(r, cabinetType))
]

quality metrics = [
  minimize sequential-plan-length
]


2025-08-13 11:01:58,009 - INFO - Generating plan for unconstrained problem

2025-08-13 11:01:58,448 - INFO - Unconstrained plan generation time: 0.43851590156555176

2025-08-13 11:01:58,448 - INFO - Unconstrained plan and cost: 
2025-08-13 11:01:58,448 - INFO - SequentialPlan:
    pickupObject(agent1, location5, bowl_5, coffeeTable_4)
    goToLocation(agent1, location5, location3)
    putObject(agent1, location3, bowl_5, cabinet_2, bowlType, cabinetType)
2025-08-13 11:01:58,448 - INFO - 3
2025-08-13 11:02:06,936 - INFO - Sampled constraints:

2025-08-13 11:02:06,936 - INFO - Sometime((checked(mug_3) or checked(location3)))
2025-08-13 11:02:06,936 - INFO - Sometime(atLocation(agent1, location5))
2025-08-13 11:02:06,936 - INFO - Sometime-After(atLocation(agent1, location5), objectAtLocation(egg_2, location5))
2025-08-13 11:02:06,936 - INFO - Sometime(atLocation(agent1, location3))
2025-08-13 11:02:06,936 - INFO - Sometime-Before(atLocation(agent1, location3), holds(agent1, mug_3))
2025-08-13 11:02:06,936 - INFO - Sometime(holds(agent1, mug_3))
2025-08-13 11:02:06,936 - INFO - Sometime(holds(agent1, bowl_5))
2025-08-13 11:02:06,936 - INFO - Sometime-Before(holds(agent1, bowl_5), atLocation(agent1, location4))
2025-08-13 11:02:06,936 - INFO - Sometime(objectAtLocation(egg_2, location4))
2025-08-13 11:02:06,936 - INFO - Sometime(checked(location4))
2025-08-13 11:02:06,936 - INFO - Sometime((objectAtLocation(egg_2, location1) or holds(agent1, wineBottle_1)))
2025-08-13 11:02:06,936 - INFO - Sometime(atLocation(agent1, location4))
2025-08-13 11:02:06,936 - INFO - Sometime(checked(location5))
2025-08-13 11:02:06,936 - INFO - 
2025-08-13 11:02:06,936 - INFO - Generation time: 8.487247705459595

2025-08-13 11:02:06,937 - INFO - Generating plan for constrained problem (with LiftedTCORE).

2025-08-13 11:02:07,006 - INFO - LiftedTCORE compilation time: 0.06866168975830078

2025-08-13 11:02:07,737 - INFO - Planning Time with LiftedTCORE's file: 0.7308797836303711

2025-08-13 11:02:07,737 - INFO - Plan found with LiftedTCORE + sym_bd: SequentialPlan:
    goToLocation(agent1, location5, location4)
    pickupObject(agent1, location4, mug_3, microwave_6)
    goToLocation(agent1, location4, location3)
    putObject(agent1, location3, mug_3, cabinet_2, mugType, cabinetType)
    pickupObject(agent1, location3, egg_2, microwave_3)
    goToLocation(agent1, location3, location4)
    putObject(agent1, location4, egg_2, microwave_6, eggType, microwaveType)
    pickupObject(agent1, location4, egg_2, microwave_6)
    look(agent1, location4)
    goToLocation(agent1, location4, location5)
    putObject(agent1, location5, egg_2, coffeeTable_4, eggType, coffeeTableType)
    pickupObject(agent1, location5, bowl_5, coffeeTable_4)
    look(agent1, location5)
    goToLocation(agent1, location5, location3)
    examineObject(agent1, mug_3)
    putObject(agent1, location3, bowl_5, cabinet_2, bowlType, cabinetType)
    pickupObject(agent1, location3, wineBottle_1, cabinet_2)

2025-08-13 11:02:07,737 - INFO - Seed: 1260 is solvable

2025-08-13 11:02:07,737 - INFO - Unconstrained cost: 3
2025-08-13 11:02:07,737 - INFO - Constrained cost: 17
2025-08-13 11:02:07,738 - INFO - Seed: 1260 Plan simulation is feasible
2025-08-13 11:02:07,738 - INFO - 
Seed: 1260 
 Plan: [goToLocation(agent1, location5, location4), pickupObject(agent1, location4, mug_3, microwave_6), goToLocation(agent1, location4, location3), putObject(agent1, location3, mug_3, cabinet_2, mugType, cabinetType), pickupObject(agent1, location3, egg_2, microwave_3), goToLocation(agent1, location3, location4), putObject(agent1, location4, egg_2, microwave_6, eggType, microwaveType), pickupObject(agent1, location4, egg_2, microwave_6), look(agent1, location4), goToLocation(agent1, location4, location5), putObject(agent1, location5, egg_2, coffeeTable_4, eggType, coffeeTableType), pickupObject(agent1, location5, bowl_5, coffeeTable_4), look(agent1, location5), goToLocation(agent1, location5, location3), examineObject(agent1, mug_3), putObject(agent1, location3, bowl_5, cabinet_2, bowlType, cabinetType), pickupObject(agent1, location3, wineBottle_1, cabinet_2)]  
 Cost: 17

2025-08-13 11:02:07,886 - INFO - Time for Translating the Constrained Problem into NL: 4.76837158203125e-07

