2025-08-13 09:30:49,071 - INFO - 
================= Seed: 1047 =================

2025-08-13 09:30:49,071 - INFO - problem name = alfred

types = [ReceptacleType, ObjectType, Checkable, Agent - Checkable, Location - Checkable, Receptacle - Checkable, Obj - Checkable]

fluents = [
  bool atLocation[a=Agent - Checkable, l=Location - Checkable]
  bool receptacleAtLocation[r=Receptacle - Checkable, l=Location - Checkable]
  bool objectAtLocation[o=Obj - Checkable, l=Location - Checkable]
  bool openable[r=Receptacle - Checkable]
  bool opened[r=Receptacle - Checkable]
  bool inReceptacle[o=Obj - Checkable, r=Receptacle - Checkable]
  bool isReceptacleObject[o=Obj - Checkable]
  bool inReceptacleObject[innerObject=Obj - Checkable, outObject=Obj - Checkable]
  bool isReceptacleObjectFull[o=Obj - Checkable]
  bool wasInReceptacle[o=Obj - Checkable, r=Receptacle - Checkable]
  bool checked[c=Checkable]
  bool examined[l=Location - Checkable]
  bool receptacleType[r=Receptacle - Checkable, rt=ReceptacleType]
  bool canContain[rt=ReceptacleType, ot=ObjectType]
  bool objectType[o=Obj - Checkable, t=ObjectType]
  bool holds[a=Agent - Checkable, o=Obj - Checkable]
  bool holdsAny[a=Agent - Checkable]
  bool holdsAnyReceptacleObject[a=Agent - Checkable]
  bool full[r=Receptacle - Checkable]
  bool isClean[o=Obj - Checkable]
  bool cleanable[o=Obj - Checkable]
  bool isHot[o=Obj - Checkable]
  bool heatable[o=Obj - Checkable]
  bool isCool[o=Obj - Checkable]
  bool coolable[o=Obj - Checkable]
  bool pickupable[o=Obj - Checkable]
  bool moveable[o=Obj - Checkable]
  bool toggleable[o=Obj - Checkable]
  bool isOn[o=Obj - Checkable]
  bool isToggled[o=Obj - Checkable]
  bool sliceable[o=Obj - Checkable]
  bool isSliced[o=Obj - Checkable]
]

actions = [
  action look(Agent - Checkable a, Location - Checkable l) {
    preconditions = [
      atLocation(a, l)
    ]
    effects = [
      checked(l) := true
    ]
  }
  action inventory(Agent - Checkable a) {
    preconditions = [
    ]
    effects = [
      checked(a) := true
    ]
  }
  action examineReceptacle(Agent - Checkable a, Receptacle - Checkable r) {
    preconditions = [
      Exists (Location - Checkable l) (atLocation(a, l) and receptacleAtLocation(r, l))
    ]
    effects = [
      checked(r) := true
    ]
  }
  action examineObject(Agent - Checkable a, Obj - Checkable o) {
    preconditions = [
      (Exists (Location - Checkable l) Exists (Receptacle - Checkable r) (atLocation(a, l) and receptacleAtLocation(r, l) and inReceptacle(o, r) and ((not openable(r)) or opened(r))) or holds(a, o))
    ]
    effects = [
      checked(o) := true
    ]
  }
  action goToLocation(Agent - Checkable a, Location - Checkable lstart, Location - Checkable lend) {
    preconditions = [
      atLocation(a, lstart)
    ]
    effects = [
      atLocation(a, lstart) := false
      atLocation(a, lend) := true
    ]
  }
  action openObject(Agent - Checkable a, Location - Checkable l, Receptacle - Checkable r) {
    preconditions = [
      (openable(r) and atLocation(a, l) and receptacleAtLocation(r, l) and (not opened(r)))
    ]
    effects = [
      opened(r) := true
      checked(r) := true
    ]
  }
  action closeObject(Agent - Checkable a, Location - Checkable l, Receptacle - Checkable r) {
    preconditions = [
      (openable(r) and atLocation(a, l) and receptacleAtLocation(r, l) and opened(r))
    ]
    effects = [
      opened(r) := false
    ]
  }
  action pickupObject(Agent - Checkable a, Location - Checkable l, Obj - Checkable o, Receptacle - Checkable r) {
    preconditions = [
      (pickupable(o) and atLocation(a, l) and receptacleAtLocation(r, l) and inReceptacle(o, r) and (not holdsAny(a)) and ((not openable(r)) or opened(r)))
    ]
    effects = [
      inReceptacle(o, r) := false
      holds(a, o) := true
      holdsAny(a) := true
      objectAtLocation(o, l) := false
    ]
  }
  action putObject(Agent - Checkable a, Location - Checkable l, Obj - Checkable o, Receptacle - Checkable r, ObjectType ot, ReceptacleType rt) {
    preconditions = [
      (holds(a, o) and atLocation(a, l) and receptacleAtLocation(r, l) and ((not openable(r)) or opened(r)) and objectType(o, ot) and receptacleType(r, rt) and canContain(rt, ot))
    ]
    effects = [
      inReceptacle(o, r) := true
      objectAtLocation(o, l) := true
      holds(a, o) := false
      holdsAny(a) := false
    ]
  }
  action cleanObject(Agent - Checkable a, Location - Checkable l, Receptacle - Checkable r, Obj - Checkable o) {
    preconditions = [
      (cleanable(o) and receptacleType(r, sinkBasinType) and atLocation(a, l) and receptacleAtLocation(r, l) and holds(a, o))
    ]
    effects = [
      isClean(o) := true
    ]
  }
  action heatObject(Agent - Checkable a, Location - Checkable l, Receptacle - Checkable r, Obj - Checkable o) {
    preconditions = [
      (heatable(o) and receptacleType(r, microwaveType) and atLocation(a, l) and receptacleAtLocation(r, l) and holds(a, o))
    ]
    effects = [
      isHot(o) := true
      isCool(o) := false
    ]
  }
  action coolObject(Agent - Checkable a, Location - Checkable l, Receptacle - Checkable r, Obj - Checkable o) {
    preconditions = [
      (coolable(o) and receptacleType(r, fridgeType) and atLocation(a, l) and receptacleAtLocation(r, l) and holds(a, o))
    ]
    effects = [
      isCool(o) := true
      isHot(o) := false
    ]
  }
  action toggleObject(Agent - Checkable a, Location - Checkable l, Obj - Checkable o, Receptacle - Checkable r) {
    preconditions = [
      (toggleable(o) and atLocation(a, l) and receptacleAtLocation(r, l) and inReceptacle(o, r))
    ]
    effects = [
      if isOn(o) then isOn(o) := false
      if (not isOn(o)) then isOn(o) := true
      isToggled(o) := true
    ]
  }
  action sliceObject(Agent - Checkable a, Location - Checkable l, Obj - Checkable co, Obj - Checkable ko) {
    preconditions = [
      (sliceable(co) and (objectType(ko, knifeType) or objectType(ko, butterKnifeType)) and atLocation(a, l) and objectAtLocation(co, l) and holds(a, ko))
    ]
    effects = [
      isSliced(co) := true
    ]
  }
  action help(Agent - Checkable a) {
    preconditions = [
    ]
    effects = [
      checked(a) := true
    ]
  }
]

objects = [
  ReceptacleType: [sinkBasinType, microwaveType, fridgeType, shelfType, garbageCanType, diningTableType, sideTableType, toiletPaperHangerType, coffeeMachineType, stoveBurnerType, safeType, cabinetType, bedType, tvStandType, sofaType]
  ObjectType: [knifeType, butterKnifeType, eggType, panType, potType, baseballBatType, pencilType, potatoType, keyChainType, sprayBottleType, boxType, plateType, tissueBoxType, handTowelType, breadType, toiletPaperRollType, tennisRacketType, cellPhoneType, saltShakerType, vaseType, bowlType]
  Checkable: [agent1, location1, location2, location3, location4, location5, location6, location7, location8, location9, location10, location11, location12, location13, location14, location15, location16, location17, location18, location19, location20, shelf_1, garbageCan_2, diningTable_3, garbageCan_4, sideTable_5, diningTable_6, toiletPaperHanger_7, coffeeMachine_8, stoveBurner_9, safe_10, fridge_11, cabinet_12, bed_13, sinkBasin_14, shelf_15, sinkBasin_16, safe_17, tvStand_18, shelf_19, sofa_20, microwave_21, fridge_22, egg_1, pan_2, pot_3, baseballBat_4, pencil_5, potato_6, keyChain_7, sprayBottle_8, box_9, plate_10, tissueBox_11, handTowel_12, bread_13, toiletPaperRoll_14, egg_15, tennisRacket_16, cellPhone_17, saltShaker_18, vase_19, bowl_20]
  Agent - Checkable: [agent1]
  Location - Checkable: [location1, location2, location3, location4, location5, location6, location7, location8, location9, location10, location11, location12, location13, location14, location15, location16, location17, location18, location19, location20]
  Receptacle - Checkable: [shelf_1, garbageCan_2, diningTable_3, garbageCan_4, sideTable_5, diningTable_6, toiletPaperHanger_7, coffeeMachine_8, stoveBurner_9, safe_10, fridge_11, cabinet_12, bed_13, sinkBasin_14, shelf_15, sinkBasin_16, safe_17, tvStand_18, shelf_19, sofa_20, microwave_21, fridge_22]
  Obj - Checkable: [egg_1, pan_2, pot_3, baseballBat_4, pencil_5, potato_6, keyChain_7, sprayBottle_8, box_9, plate_10, tissueBox_11, handTowel_12, bread_13, toiletPaperRoll_14, egg_15, tennisRacket_16, cellPhone_17, saltShaker_18, vase_19, bowl_20]
]

initial fluents default = [
  bool atLocation[a=Agent - Checkable, l=Location - Checkable] := false
  bool receptacleAtLocation[r=Receptacle - Checkable, l=Location - Checkable] := false
  bool objectAtLocation[o=Obj - Checkable, l=Location - Checkable] := false
  bool openable[r=Receptacle - Checkable] := false
  bool opened[r=Receptacle - Checkable] := false
  bool inReceptacle[o=Obj - Checkable, r=Receptacle - Checkable] := false
  bool isReceptacleObject[o=Obj - Checkable] := false
  bool inReceptacleObject[innerObject=Obj - Checkable, outObject=Obj - Checkable] := false
  bool isReceptacleObjectFull[o=Obj - Checkable] := false
  bool wasInReceptacle[o=Obj - Checkable, r=Receptacle - Checkable] := false
  bool checked[c=Checkable] := false
  bool examined[l=Location - Checkable] := false
  bool receptacleType[r=Receptacle - Checkable, rt=ReceptacleType] := false
  bool canContain[rt=ReceptacleType, ot=ObjectType] := false
  bool objectType[o=Obj - Checkable, t=ObjectType] := false
  bool holds[a=Agent - Checkable, o=Obj - Checkable] := false
  bool holdsAny[a=Agent - Checkable] := false
  bool holdsAnyReceptacleObject[a=Agent - Checkable] := false
  bool full[r=Receptacle - Checkable] := false
  bool isClean[o=Obj - Checkable] := false
  bool cleanable[o=Obj - Checkable] := false
  bool isHot[o=Obj - Checkable] := false
  bool heatable[o=Obj - Checkable] := false
  bool isCool[o=Obj - Checkable] := false
  bool coolable[o=Obj - Checkable] := false
  bool pickupable[o=Obj - Checkable] := false
  bool moveable[o=Obj - Checkable] := false
  bool toggleable[o=Obj - Checkable] := false
  bool isOn[o=Obj - Checkable] := false
  bool isToggled[o=Obj - Checkable] := false
  bool sliceable[o=Obj - Checkable] := false
  bool isSliced[o=Obj - Checkable] := false
]

initial values = [
  receptacleType(shelf_1, shelfType) := true
  receptacleType(garbageCan_2, garbageCanType) := true
  receptacleType(diningTable_3, diningTableType) := true
  receptacleType(garbageCan_4, garbageCanType) := true
  receptacleType(sideTable_5, sideTableType) := true
  receptacleType(diningTable_6, diningTableType) := true
  receptacleType(toiletPaperHanger_7, toiletPaperHangerType) := true
  receptacleType(coffeeMachine_8, coffeeMachineType) := true
  receptacleType(stoveBurner_9, stoveBurnerType) := true
  receptacleType(safe_10, safeType) := true
  receptacleType(fridge_11, fridgeType) := true
  receptacleType(cabinet_12, cabinetType) := true
  receptacleType(bed_13, bedType) := true
  receptacleType(sinkBasin_14, sinkBasinType) := true
  receptacleType(shelf_15, shelfType) := true
  receptacleType(sinkBasin_16, sinkBasinType) := true
  receptacleType(safe_17, safeType) := true
  receptacleType(tvStand_18, tvStandType) := true
  receptacleType(shelf_19, shelfType) := true
  receptacleType(sofa_20, sofaType) := true
  receptacleType(microwave_21, microwaveType) := true
  receptacleType(fridge_22, fridgeType) := true
  objectType(egg_1, eggType) := true
  objectType(pan_2, panType) := true
  objectType(pot_3, potType) := true
  objectType(baseballBat_4, baseballBatType) := true
  objectType(pencil_5, pencilType) := true
  objectType(potato_6, potatoType) := true
  objectType(keyChain_7, keyChainType) := true
  objectType(sprayBottle_8, sprayBottleType) := true
  objectType(box_9, boxType) := true
  objectType(plate_10, plateType) := true
  objectType(tissueBox_11, tissueBoxType) := true
  objectType(handTowel_12, handTowelType) := true
  objectType(bread_13, breadType) := true
  objectType(toiletPaperRoll_14, toiletPaperRollType) := true
  objectType(egg_15, eggType) := true
  objectType(tennisRacket_16, tennisRacketType) := true
  objectType(cellPhone_17, cellPhoneType) := true
  objectType(saltShaker_18, saltShakerType) := true
  objectType(vase_19, vaseType) := true
  objectType(bowl_20, bowlType) := true
  canContain(shelfType, potType) := true
  canContain(shelfType, pencilType) := true
  canContain(shelfType, keyChainType) := true
  canContain(shelfType, sprayBottleType) := true
  canContain(shelfType, boxType) := true
  canContain(shelfType, plateType) := true
  canContain(shelfType, tissueBoxType) := true
  canContain(shelfType, handTowelType) := true
  canContain(shelfType, toiletPaperRollType) := true
  canContain(shelfType, cellPhoneType) := true
  canContain(shelfType, saltShakerType) := true
  canContain(shelfType, vaseType) := true
  canContain(shelfType, bowlType) := true
  canContain(garbageCanType, eggType) := true
  canContain(garbageCanType, pencilType) := true
  canContain(garbageCanType, potatoType) := true
  canContain(garbageCanType, sprayBottleType) := true
  canContain(garbageCanType, tissueBoxType) := true
  canContain(garbageCanType, handTowelType) := true
  canContain(garbageCanType, breadType) := true
  canContain(garbageCanType, toiletPaperRollType) := true
  canContain(diningTableType, eggType) := true
  canContain(diningTableType, panType) := true
  canContain(diningTableType, potType) := true
  canContain(diningTableType, baseballBatType) := true
  canContain(diningTableType, pencilType) := true
  canContain(diningTableType, potatoType) := true
  canContain(diningTableType, keyChainType) := true
  canContain(diningTableType, sprayBottleType) := true
  canContain(diningTableType, boxType) := true
  canContain(diningTableType, plateType) := true
  canContain(diningTableType, tissueBoxType) := true
  canContain(diningTableType, handTowelType) := true
  canContain(diningTableType, breadType) := true
  canContain(diningTableType, toiletPaperRollType) := true
  canContain(diningTableType, tennisRacketType) := true
  canContain(diningTableType, cellPhoneType) := true
  canContain(diningTableType, saltShakerType) := true
  canContain(diningTableType, vaseType) := true
  canContain(diningTableType, bowlType) := true
  canContain(sideTableType, eggType) := true
  canContain(sideTableType, panType) := true
  canContain(sideTableType, potType) := true
  canContain(sideTableType, baseballBatType) := true
  canContain(sideTableType, pencilType) := true
  canContain(sideTableType, potatoType) := true
  canContain(sideTableType, keyChainType) := true
  canContain(sideTableType, sprayBottleType) := true
  canContain(sideTableType, boxType) := true
  canContain(sideTableType, plateType) := true
  canContain(sideTableType, tissueBoxType) := true
  canContain(sideTableType, handTowelType) := true
  canContain(sideTableType, breadType) := true
  canContain(sideTableType, toiletPaperRollType) := true
  canContain(sideTableType, tennisRacketType) := true
  canContain(sideTableType, cellPhoneType) := true
  canContain(sideTableType, saltShakerType) := true
  canContain(sideTableType, vaseType) := true
  canContain(sideTableType, bowlType) := true
  canContain(toiletPaperHangerType, toiletPaperRollType) := true
  canContain(stoveBurnerType, panType) := true
  canContain(stoveBurnerType, potType) := true
  canContain(safeType, keyChainType) := true
  canContain(safeType, cellPhoneType) := true
  canContain(safeType, vaseType) := true
  canContain(fridgeType, eggType) := true
  canContain(fridgeType, panType) := true
  canContain(fridgeType, potType) := true
  canContain(fridgeType, potatoType) := true
  canContain(fridgeType, plateType) := true
  canContain(fridgeType, breadType) := true
  canContain(fridgeType, bowlType) := true
  canContain(cabinetType, panType) := true
  canContain(cabinetType, potType) := true
  canContain(cabinetType, sprayBottleType) := true
  canContain(cabinetType, boxType) := true
  canContain(cabinetType, plateType) := true
  canContain(cabinetType, tissueBoxType) := true
  canContain(cabinetType, handTowelType) := true
  canContain(cabinetType, toiletPaperRollType) := true
  canContain(cabinetType, saltShakerType) := true
  canContain(cabinetType, vaseType) := true
  canContain(cabinetType, bowlType) := true
  canContain(bedType, baseballBatType) := true
  canContain(bedType, tennisRacketType) := true
  canContain(bedType, cellPhoneType) := true
  canContain(sinkBasinType, eggType) := true
  canContain(sinkBasinType, panType) := true
  canContain(sinkBasinType, potType) := true
  canContain(sinkBasinType, potatoType) := true
  canContain(sinkBasinType, plateType) := true
  canContain(sinkBasinType, handTowelType) := true
  canContain(sinkBasinType, bowlType) := true
  canContain(tvStandType, tissueBoxType) := true
  canContain(sofaType, keyChainType) := true
  canContain(sofaType, boxType) := true
  canContain(sofaType, cellPhoneType) := true
  canContain(microwaveType, eggType) := true
  canContain(microwaveType, potatoType) := true
  canContain(microwaveType, plateType) := true
  canContain(microwaveType, breadType) := true
  canContain(microwaveType, bowlType) := true
  pickupable(egg_1) := true
  cleanable(egg_1) := true
  heatable(egg_1) := true
  coolable(egg_1) := true
  sliceable(egg_1) := true
  pickupable(pan_2) := true
  isReceptacleObject(pan_2) := true
  cleanable(pan_2) := true
  coolable(pan_2) := true
  pickupable(pot_3) := true
  isReceptacleObject(pot_3) := true
  cleanable(pot_3) := true
  coolable(pot_3) := true
  pickupable(baseballBat_4) := true
  pickupable(pencil_5) := true
  pickupable(potato_6) := true
  cleanable(potato_6) := true
  heatable(potato_6) := true
  coolable(potato_6) := true
  sliceable(potato_6) := true
  pickupable(keyChain_7) := true
  pickupable(sprayBottle_8) := true
  pickupable(box_9) := true
  isReceptacleObject(box_9) := true
  pickupable(plate_10) := true
  isReceptacleObject(plate_10) := true
  cleanable(plate_10) := true
  heatable(plate_10) := true
  coolable(plate_10) := true
  pickupable(tissueBox_11) := true
  pickupable(handTowel_12) := true
  pickupable(bread_13) := true
  heatable(bread_13) := true
  coolable(bread_13) := true
  sliceable(bread_13) := true
  pickupable(toiletPaperRoll_14) := true
  pickupable(egg_15) := true
  cleanable(egg_15) := true
  heatable(egg_15) := true
  coolable(egg_15) := true
  sliceable(egg_15) := true
  pickupable(tennisRacket_16) := true
  pickupable(cellPhone_17) := true
  pickupable(saltShaker_18) := true
  pickupable(vase_19) := true
  pickupable(bowl_20) := true
  isReceptacleObject(bowl_20) := true
  cleanable(bowl_20) := true
  coolable(bowl_20) := true
  receptacleAtLocation(shelf_1, location13) := true
  receptacleAtLocation(garbageCan_2, location2) := true
  receptacleAtLocation(diningTable_3, location5) := true
  receptacleAtLocation(garbageCan_4, location11) := true
  receptacleAtLocation(sideTable_5, location6) := true
  receptacleAtLocation(diningTable_6, location14) := true
  receptacleAtLocation(toiletPaperHanger_7, location9) := true
  receptacleAtLocation(coffeeMachine_8, location9) := true
  receptacleAtLocation(stoveBurner_9, location9) := true
  receptacleAtLocation(safe_10, location20) := true
  receptacleAtLocation(fridge_11, location6) := true
  receptacleAtLocation(cabinet_12, location3) := true
  receptacleAtLocation(bed_13, location20) := true
  receptacleAtLocation(sinkBasin_14, location8) := true
  receptacleAtLocation(shelf_15, location8) := true
  receptacleAtLocation(sinkBasin_16, location5) := true
  receptacleAtLocation(safe_17, location4) := true
  receptacleAtLocation(tvStand_18, location2) := true
  receptacleAtLocation(shelf_19, location15) := true
  receptacleAtLocation(sofa_20, location9) := true
  receptacleAtLocation(microwave_21, location17) := true
  receptacleAtLocation(fridge_22, location4) := true
  inReceptacle(egg_1, garbageCan_2) := true
  inReceptacle(pan_2, fridge_22) := true
  inReceptacle(pot_3, fridge_22) := true
  inReceptacle(baseballBat_4, diningTable_3) := true
  inReceptacle(pencil_5, shelf_15) := true
  inReceptacle(potato_6, garbageCan_4) := true
  inReceptacle(keyChain_7, diningTable_6) := true
  inReceptacle(sprayBottle_8, garbageCan_2) := true
  inReceptacle(box_9, diningTable_3) := true
  inReceptacle(plate_10, shelf_15) := true
  inReceptacle(tissueBox_11, tvStand_18) := true
  inReceptacle(handTowel_12, garbageCan_4) := true
  inReceptacle(bread_13, microwave_21) := true
  inReceptacle(toiletPaperRoll_14, sideTable_5) := true
  inReceptacle(egg_15, fridge_11) := true
  inReceptacle(tennisRacket_16, diningTable_3) := true
  inReceptacle(cellPhone_17, shelf_15) := true
  inReceptacle(saltShaker_18, diningTable_3) := true
  inReceptacle(vase_19, diningTable_3) := true
  inReceptacle(bowl_20, sideTable_5) := true
  objectAtLocation(egg_1, location2) := true
  objectAtLocation(pan_2, location4) := true
  objectAtLocation(pot_3, location4) := true
  objectAtLocation(baseballBat_4, location5) := true
  objectAtLocation(pencil_5, location8) := true
  objectAtLocation(potato_6, location11) := true
  objectAtLocation(keyChain_7, location14) := true
  objectAtLocation(sprayBottle_8, location2) := true
  objectAtLocation(box_9, location5) := true
  objectAtLocation(plate_10, location8) := true
  objectAtLocation(tissueBox_11, location2) := true
  objectAtLocation(handTowel_12, location11) := true
  objectAtLocation(bread_13, location17) := true
  objectAtLocation(toiletPaperRoll_14, location6) := true
  objectAtLocation(egg_15, location6) := true
  objectAtLocation(tennisRacket_16, location5) := true
  objectAtLocation(cellPhone_17, location8) := true
  objectAtLocation(saltShaker_18, location5) := true
  objectAtLocation(vase_19, location5) := true
  objectAtLocation(bowl_20, location6) := true
  atLocation(agent1, location14) := true
]

goals = [
  Exists (Receptacle - Checkable r) Exists (Obj - Checkable o1) (inReceptacle(o1, r) and objectType(o1, keyChainType) and receptacleType(r, safeType) and Exists (Obj - Checkable o2) ((not (o1 == o2)) and objectType(o2, keyChainType) and receptacleType(r, safeType) and inReceptacle(o2, r)))
]

quality metrics = [
  minimize sequential-plan-length
]


2025-08-13 09:30:49,074 - INFO - Generating plan for unconstrained problem

2025-08-13 09:30:49,623 - INFO - Unconstrained plan generation time: 0.5486328601837158

