2025-08-13 09:17:53,471 - INFO - 
================= Seed: 1001 =================

2025-08-13 09:17:53,472 - INFO - problem name = alfred

types = [ReceptacleType, ObjectType, Checkable, Agent - Checkable, Location - Checkable, Receptacle - Checkable, Obj - Checkable]

fluents = [
  bool atLocation[a=Agent - Checkable, l=Location - Checkable]
  bool receptacleAtLocation[r=Receptacle - Checkable, l=Location - Checkable]
  bool objectAtLocation[o=Obj - Checkable, l=Location - Checkable]
  bool openable[r=Receptacle - Checkable]
  bool opened[r=Receptacle - Checkable]
  bool inReceptacle[o=Obj - Checkable, r=Receptacle - Checkable]
  bool isReceptacleObject[o=Obj - Checkable]
  bool inReceptacleObject[innerObject=Obj - Checkable, outObject=Obj - Checkable]
  bool isReceptacleObjectFull[o=Obj - Checkable]
  bool wasInReceptacle[o=Obj - Checkable, r=Receptacle - Checkable]
  bool checked[c=Checkable]
  bool examined[l=Location - Checkable]
  bool receptacleType[r=Receptacle - Checkable, rt=ReceptacleType]
  bool canContain[rt=ReceptacleType, ot=ObjectType]
  bool objectType[o=Obj - Checkable, t=ObjectType]
  bool holds[a=Agent - Checkable, o=Obj - Checkable]
  bool holdsAny[a=Agent - Checkable]
  bool holdsAnyReceptacleObject[a=Agent - Checkable]
  bool full[r=Receptacle - Checkable]
  bool isClean[o=Obj - Checkable]
  bool cleanable[o=Obj - Checkable]
  bool isHot[o=Obj - Checkable]
  bool heatable[o=Obj - Checkable]
  bool isCool[o=Obj - Checkable]
  bool coolable[o=Obj - Checkable]
  bool pickupable[o=Obj - Checkable]
  bool moveable[o=Obj - Checkable]
  bool toggleable[o=Obj - Checkable]
  bool isOn[o=Obj - Checkable]
  bool isToggled[o=Obj - Checkable]
  bool sliceable[o=Obj - Checkable]
  bool isSliced[o=Obj - Checkable]
]

actions = [
  action look(Agent - Checkable a, Location - Checkable l) {
    preconditions = [
      atLocation(a, l)
    ]
    effects = [
      checked(l) := true
    ]
  }
  action inventory(Agent - Checkable a) {
    preconditions = [
    ]
    effects = [
      checked(a) := true
    ]
  }
  action examineReceptacle(Agent - Checkable a, Receptacle - Checkable r) {
    preconditions = [
      Exists (Location - Checkable l) (atLocation(a, l) and receptacleAtLocation(r, l))
    ]
    effects = [
      checked(r) := true
    ]
  }
  action examineObject(Agent - Checkable a, Obj - Checkable o) {
    preconditions = [
      (Exists (Location - Checkable l) Exists (Receptacle - Checkable r) (atLocation(a, l) and receptacleAtLocation(r, l) and inReceptacle(o, r) and ((not openable(r)) or opened(r))) or holds(a, o))
    ]
    effects = [
      checked(o) := true
    ]
  }
  action goToLocation(Agent - Checkable a, Location - Checkable lstart, Location - Checkable lend) {
    preconditions = [
      atLocation(a, lstart)
    ]
    effects = [
      atLocation(a, lstart) := false
      atLocation(a, lend) := true
    ]
  }
  action openObject(Agent - Checkable a, Location - Checkable l, Receptacle - Checkable r) {
    preconditions = [
      (openable(r) and atLocation(a, l) and receptacleAtLocation(r, l) and (not opened(r)))
    ]
    effects = [
      opened(r) := true
      checked(r) := true
    ]
  }
  action closeObject(Agent - Checkable a, Location - Checkable l, Receptacle - Checkable r) {
    preconditions = [
      (openable(r) and atLocation(a, l) and receptacleAtLocation(r, l) and opened(r))
    ]
    effects = [
      opened(r) := false
    ]
  }
  action pickupObject(Agent - Checkable a, Location - Checkable l, Obj - Checkable o, Receptacle - Checkable r) {
    preconditions = [
      (pickupable(o) and atLocation(a, l) and receptacleAtLocation(r, l) and inReceptacle(o, r) and (not holdsAny(a)) and ((not openable(r)) or opened(r)))
    ]
    effects = [
      inReceptacle(o, r) := false
      holds(a, o) := true
      holdsAny(a) := true
      objectAtLocation(o, l) := false
    ]
  }
  action putObject(Agent - Checkable a, Location - Checkable l, Obj - Checkable o, Receptacle - Checkable r, ObjectType ot, ReceptacleType rt) {
    preconditions = [
      (holds(a, o) and atLocation(a, l) and receptacleAtLocation(r, l) and ((not openable(r)) or opened(r)) and objectType(o, ot) and receptacleType(r, rt) and canContain(rt, ot))
    ]
    effects = [
      inReceptacle(o, r) := true
      objectAtLocation(o, l) := true
      holds(a, o) := false
      holdsAny(a) := false
    ]
  }
  action cleanObject(Agent - Checkable a, Location - Checkable l, Receptacle - Checkable r, Obj - Checkable o) {
    preconditions = [
      (cleanable(o) and receptacleType(r, sinkBasinType) and atLocation(a, l) and receptacleAtLocation(r, l) and holds(a, o))
    ]
    effects = [
      isClean(o) := true
    ]
  }
  action heatObject(Agent - Checkable a, Location - Checkable l, Receptacle - Checkable r, Obj - Checkable o) {
    preconditions = [
      (heatable(o) and receptacleType(r, microwaveType) and atLocation(a, l) and receptacleAtLocation(r, l) and holds(a, o))
    ]
    effects = [
      isHot(o) := true
      isCool(o) := false
    ]
  }
  action coolObject(Agent - Checkable a, Location - Checkable l, Receptacle - Checkable r, Obj - Checkable o) {
    preconditions = [
      (coolable(o) and receptacleType(r, fridgeType) and atLocation(a, l) and receptacleAtLocation(r, l) and holds(a, o))
    ]
    effects = [
      isCool(o) := true
      isHot(o) := false
    ]
  }
  action toggleObject(Agent - Checkable a, Location - Checkable l, Obj - Checkable o, Receptacle - Checkable r) {
    preconditions = [
      (toggleable(o) and atLocation(a, l) and receptacleAtLocation(r, l) and inReceptacle(o, r))
    ]
    effects = [
      if isOn(o) then isOn(o) := false
      if (not isOn(o)) then isOn(o) := true
      isToggled(o) := true
    ]
  }
  action sliceObject(Agent - Checkable a, Location - Checkable l, Obj - Checkable co, Obj - Checkable ko) {
    preconditions = [
      (sliceable(co) and (objectType(ko, knifeType) or objectType(ko, butterKnifeType)) and atLocation(a, l) and objectAtLocation(co, l) and holds(a, ko))
    ]
    effects = [
      isSliced(co) := true
    ]
  }
  action help(Agent - Checkable a) {
    preconditions = [
    ]
    effects = [
      checked(a) := true
    ]
  }
]

objects = [
  ReceptacleType: [sinkBasinType, microwaveType, fridgeType, deskType, toasterType, drawerType, laundryHamperType, counterTopType, cartType, shelfType, safeType, tvStandType, diningTableType, coffeeMachineType, coffeeTableType, dresserType, stoveBurnerType, bathtubBasinType, toiletType]
  ObjectType: [knifeType, butterKnifeType, cupType, toiletPaperType, clothType, eggType, plateType, basketBallType, bookType, mugType, tissueBoxType, alarmClockType, forkType, keyChainType, soapBarType, statueType, handTowelType, lettuceType, toiletPaperRollType]
  Checkable: [agent1, location1, location2, location3, location4, location5, location6, location7, location8, location9, location10, location11, location12, location13, location14, location15, location16, location17, location18, location19, location20, desk_1, toaster_2, drawer_3, laundryHamper_4, laundryHamper_5, counterTop_6, cart_7, shelf_8, safe_9, tvStand_10, diningTable_11, desk_12, coffeeMachine_13, coffeeTable_14, dresser_15, stoveBurner_16, bathtubBasin_17, toilet_18, laundryHamper_19, diningTable_20, microwave_21, fridge_22, cup_1, toiletPaper_2, cloth_3, egg_4, plate_5, basketBall_6, egg_7, book_8, mug_9, tissueBox_10, alarmClock_11, fork_12, keyChain_13, knife_14, soapBar_15, statue_16, handTowel_17, lettuce_18, toiletPaperRoll_19, mug_20]
  Agent - Checkable: [agent1]
  Location - Checkable: [location1, location2, location3, location4, location5, location6, location7, location8, location9, location10, location11, location12, location13, location14, location15, location16, location17, location18, location19, location20]
  Receptacle - Checkable: [desk_1, toaster_2, drawer_3, laundryHamper_4, laundryHamper_5, counterTop_6, cart_7, shelf_8, safe_9, tvStand_10, diningTable_11, desk_12, coffeeMachine_13, coffeeTable_14, dresser_15, stoveBurner_16, bathtubBasin_17, toilet_18, laundryHamper_19, diningTable_20, microwave_21, fridge_22]
  Obj - Checkable: [cup_1, toiletPaper_2, cloth_3, egg_4, plate_5, basketBall_6, egg_7, book_8, mug_9, tissueBox_10, alarmClock_11, fork_12, keyChain_13, knife_14, soapBar_15, statue_16, handTowel_17, lettuce_18, toiletPaperRoll_19, mug_20]
]

initial fluents default = [
  bool atLocation[a=Agent - Checkable, l=Location - Checkable] := false
  bool receptacleAtLocation[r=Receptacle - Checkable, l=Location - Checkable] := false
  bool objectAtLocation[o=Obj - Checkable, l=Location - Checkable] := false
  bool openable[r=Receptacle - Checkable] := false
  bool opened[r=Receptacle - Checkable] := false
  bool inReceptacle[o=Obj - Checkable, r=Receptacle - Checkable] := false
  bool isReceptacleObject[o=Obj - Checkable] := false
  bool inReceptacleObject[innerObject=Obj - Checkable, outObject=Obj - Checkable] := false
  bool isReceptacleObjectFull[o=Obj - Checkable] := false
  bool wasInReceptacle[o=Obj - Checkable, r=Receptacle - Checkable] := false
  bool checked[c=Checkable] := false
  bool examined[l=Location - Checkable] := false
  bool receptacleType[r=Receptacle - Checkable, rt=ReceptacleType] := false
  bool canContain[rt=ReceptacleType, ot=ObjectType] := false
  bool objectType[o=Obj - Checkable, t=ObjectType] := false
  bool holds[a=Agent - Checkable, o=Obj - Checkable] := false
  bool holdsAny[a=Agent - Checkable] := false
  bool holdsAnyReceptacleObject[a=Agent - Checkable] := false
  bool full[r=Receptacle - Checkable] := false
  bool isClean[o=Obj - Checkable] := false
  bool cleanable[o=Obj - Checkable] := false
  bool isHot[o=Obj - Checkable] := false
  bool heatable[o=Obj - Checkable] := false
  bool isCool[o=Obj - Checkable] := false
  bool coolable[o=Obj - Checkable] := false
  bool pickupable[o=Obj - Checkable] := false
  bool moveable[o=Obj - Checkable] := false
  bool toggleable[o=Obj - Checkable] := false
  bool isOn[o=Obj - Checkable] := false
  bool isToggled[o=Obj - Checkable] := false
  bool sliceable[o=Obj - Checkable] := false
  bool isSliced[o=Obj - Checkable] := false
]

initial values = [
  receptacleType(desk_1, deskType) := true
  receptacleType(toaster_2, toasterType) := true
  receptacleType(drawer_3, drawerType) := true
  receptacleType(laundryHamper_4, laundryHamperType) := true
  receptacleType(laundryHamper_5, laundryHamperType) := true
  receptacleType(counterTop_6, counterTopType) := true
  receptacleType(cart_7, cartType) := true
  receptacleType(shelf_8, shelfType) := true
  receptacleType(safe_9, safeType) := true
  receptacleType(tvStand_10, tvStandType) := true
  receptacleType(diningTable_11, diningTableType) := true
  receptacleType(desk_12, deskType) := true
  receptacleType(coffeeMachine_13, coffeeMachineType) := true
  receptacleType(coffeeTable_14, coffeeTableType) := true
  receptacleType(dresser_15, dresserType) := true
  receptacleType(stoveBurner_16, stoveBurnerType) := true
  receptacleType(bathtubBasin_17, bathtubBasinType) := true
  receptacleType(toilet_18, toiletType) := true
  receptacleType(laundryHamper_19, laundryHamperType) := true
  receptacleType(diningTable_20, diningTableType) := true
  receptacleType(microwave_21, microwaveType) := true
  receptacleType(fridge_22, fridgeType) := true
  objectType(cup_1, cupType) := true
  objectType(toiletPaper_2, toiletPaperType) := true
  objectType(cloth_3, clothType) := true
  objectType(egg_4, eggType) := true
  objectType(plate_5, plateType) := true
  objectType(basketBall_6, basketBallType) := true
  objectType(egg_7, eggType) := true
  objectType(book_8, bookType) := true
  objectType(mug_9, mugType) := true
  objectType(tissueBox_10, tissueBoxType) := true
  objectType(alarmClock_11, alarmClockType) := true
  objectType(fork_12, forkType) := true
  objectType(keyChain_13, keyChainType) := true
  objectType(knife_14, knifeType) := true
  objectType(soapBar_15, soapBarType) := true
  objectType(statue_16, statueType) := true
  objectType(handTowel_17, handTowelType) := true
  objectType(lettuce_18, lettuceType) := true
  objectType(toiletPaperRoll_19, toiletPaperRollType) := true
  objectType(mug_20, mugType) := true
  canContain(deskType, cupType) := true
  canContain(deskType, toiletPaperType) := true
  canContain(deskType, clothType) := true
  canContain(deskType, plateType) := true
  canContain(deskType, basketBallType) := true
  canContain(deskType, bookType) := true
  canContain(deskType, mugType) := true
  canContain(deskType, tissueBoxType) := true
  canContain(deskType, alarmClockType) := true
  canContain(deskType, keyChainType) := true
  canContain(deskType, statueType) := true
  canContain(deskType, toiletPaperRollType) := true
  canContain(drawerType, toiletPaperType) := true
  canContain(drawerType, clothType) := true
  canContain(drawerType, bookType) := true
  canContain(drawerType, tissueBoxType) := true
  canContain(drawerType, forkType) := true
  canContain(drawerType, keyChainType) := true
  canContain(drawerType, knifeType) := true
  canContain(drawerType, soapBarType) := true
  canContain(drawerType, handTowelType) := true
  canContain(drawerType, toiletPaperRollType) := true
  canContain(laundryHamperType, clothType) := true
  canContain(counterTopType, cupType) := true
  canContain(counterTopType, toiletPaperType) := true
  canContain(counterTopType, clothType) := true
  canContain(counterTopType, eggType) := true
  canContain(counterTopType, plateType) := true
  canContain(counterTopType, basketBallType) := true
  canContain(counterTopType, bookType) := true
  canContain(counterTopType, mugType) := true
  canContain(counterTopType, tissueBoxType) := true
  canContain(counterTopType, alarmClockType) := true
  canContain(counterTopType, forkType) := true
  canContain(counterTopType, keyChainType) := true
  canContain(counterTopType, knifeType) := true
  canContain(counterTopType, soapBarType) := true
  canContain(counterTopType, statueType) := true
  canContain(counterTopType, handTowelType) := true
  canContain(counterTopType, lettuceType) := true
  canContain(counterTopType, toiletPaperRollType) := true
  canContain(cartType, toiletPaperType) := true
  canContain(cartType, clothType) := true
  canContain(cartType, mugType) := true
  canContain(cartType, tissueBoxType) := true
  canContain(cartType, soapBarType) := true
  canContain(cartType, statueType) := true
  canContain(cartType, handTowelType) := true
  canContain(cartType, toiletPaperRollType) := true
  canContain(shelfType, cupType) := true
  canContain(shelfType, toiletPaperType) := true
  canContain(shelfType, clothType) := true
  canContain(shelfType, plateType) := true
  canContain(shelfType, bookType) := true
  canContain(shelfType, mugType) := true
  canContain(shelfType, tissueBoxType) := true
  canContain(shelfType, alarmClockType) := true
  canContain(shelfType, keyChainType) := true
  canContain(shelfType, soapBarType) := true
  canContain(shelfType, statueType) := true
  canContain(shelfType, handTowelType) := true
  canContain(shelfType, toiletPaperRollType) := true
  canContain(safeType, keyChainType) := true
  canContain(safeType, statueType) := true
  canContain(tvStandType, tissueBoxType) := true
  canContain(diningTableType, cupType) := true
  canContain(diningTableType, toiletPaperType) := true
  canContain(diningTableType, clothType) := true
  canContain(diningTableType, eggType) := true
  canContain(diningTableType, plateType) := true
  canContain(diningTableType, basketBallType) := true
  canContain(diningTableType, bookType) := true
  canContain(diningTableType, mugType) := true
  canContain(diningTableType, tissueBoxType) := true
  canContain(diningTableType, alarmClockType) := true
  canContain(diningTableType, forkType) := true
  canContain(diningTableType, keyChainType) := true
  canContain(diningTableType, knifeType) := true
  canContain(diningTableType, soapBarType) := true
  canContain(diningTableType, statueType) := true
  canContain(diningTableType, handTowelType) := true
  canContain(diningTableType, lettuceType) := true
  canContain(diningTableType, toiletPaperRollType) := true
  canContain(coffeeMachineType, mugType) := true
  canContain(coffeeTableType, cupType) := true
  canContain(coffeeTableType, toiletPaperType) := true
  canContain(coffeeTableType, clothType) := true
  canContain(coffeeTableType, eggType) := true
  canContain(coffeeTableType, plateType) := true
  canContain(coffeeTableType, basketBallType) := true
  canContain(coffeeTableType, bookType) := true
  canContain(coffeeTableType, mugType) := true
  canContain(coffeeTableType, tissueBoxType) := true
  canContain(coffeeTableType, alarmClockType) := true
  canContain(coffeeTableType, forkType) := true
  canContain(coffeeTableType, keyChainType) := true
  canContain(coffeeTableType, knifeType) := true
  canContain(coffeeTableType, soapBarType) := true
  canContain(coffeeTableType, statueType) := true
  canContain(coffeeTableType, handTowelType) := true
  canContain(coffeeTableType, lettuceType) := true
  canContain(coffeeTableType, toiletPaperRollType) := true
  canContain(dresserType, cupType) := true
  canContain(dresserType, toiletPaperType) := true
  canContain(dresserType, clothType) := true
  canContain(dresserType, plateType) := true
  canContain(dresserType, basketBallType) := true
  canContain(dresserType, bookType) := true
  canContain(dresserType, mugType) := true
  canContain(dresserType, tissueBoxType) := true
  canContain(dresserType, alarmClockType) := true
  canContain(dresserType, keyChainType) := true
  canContain(dresserType, statueType) := true
  canContain(dresserType, toiletPaperRollType) := true
  canContain(bathtubBasinType, clothType) := true
  canContain(bathtubBasinType, soapBarType) := true
  canContain(bathtubBasinType, handTowelType) := true
  canContain(toiletType, toiletPaperType) := true
  canContain(toiletType, clothType) := true
  canContain(toiletType, tissueBoxType) := true
  canContain(toiletType, soapBarType) := true
  canContain(toiletType, handTowelType) := true
  canContain(toiletType, toiletPaperRollType) := true
  canContain(microwaveType, cupType) := true
  canContain(microwaveType, eggType) := true
  canContain(microwaveType, plateType) := true
  canContain(microwaveType, mugType) := true
  canContain(fridgeType, cupType) := true
  canContain(fridgeType, eggType) := true
  canContain(fridgeType, plateType) := true
  canContain(fridgeType, mugType) := true
  canContain(fridgeType, lettuceType) := true
  pickupable(cup_1) := true
  isReceptacleObject(cup_1) := true
  cleanable(cup_1) := true
  heatable(cup_1) := true
  coolable(cup_1) := true
  pickupable(toiletPaper_2) := true
  pickupable(cloth_3) := true
  cleanable(cloth_3) := true
  pickupable(egg_4) := true
  cleanable(egg_4) := true
  heatable(egg_4) := true
  coolable(egg_4) := true
  sliceable(egg_4) := true
  pickupable(plate_5) := true
  isReceptacleObject(plate_5) := true
  cleanable(plate_5) := true
  heatable(plate_5) := true
  coolable(plate_5) := true
  pickupable(basketBall_6) := true
  pickupable(egg_7) := true
  cleanable(egg_7) := true
  heatable(egg_7) := true
  coolable(egg_7) := true
  sliceable(egg_7) := true
  pickupable(book_8) := true
  pickupable(mug_9) := true
  isReceptacleObject(mug_9) := true
  cleanable(mug_9) := true
  heatable(mug_9) := true
  coolable(mug_9) := true
  pickupable(tissueBox_10) := true
  pickupable(alarmClock_11) := true
  pickupable(fork_12) := true
  cleanable(fork_12) := true
  pickupable(keyChain_13) := true
  pickupable(knife_14) := true
  cleanable(knife_14) := true
  pickupable(soapBar_15) := true
  cleanable(soapBar_15) := true
  pickupable(statue_16) := true
  pickupable(handTowel_17) := true
  pickupable(lettuce_18) := true
  cleanable(lettuce_18) := true
  coolable(lettuce_18) := true
  sliceable(lettuce_18) := true
  pickupable(toiletPaperRoll_19) := true
  pickupable(mug_20) := true
  isReceptacleObject(mug_20) := true
  cleanable(mug_20) := true
  heatable(mug_20) := true
  coolable(mug_20) := true
  receptacleAtLocation(desk_1, location2) := true
  receptacleAtLocation(toaster_2, location5) := true
  receptacleAtLocation(drawer_3, location4) := true
  receptacleAtLocation(laundryHamper_4, location20) := true
  receptacleAtLocation(laundryHamper_5, location7) := true
  receptacleAtLocation(counterTop_6, location1) := true
  receptacleAtLocation(cart_7, location14) := true
  receptacleAtLocation(shelf_8, location19) := true
  receptacleAtLocation(safe_9, location11) := true
  receptacleAtLocation(tvStand_10, location7) := true
  receptacleAtLocation(diningTable_11, location5) := true
  receptacleAtLocation(desk_12, location18) := true
  receptacleAtLocation(coffeeMachine_13, location15) := true
  receptacleAtLocation(coffeeTable_14, location7) := true
  receptacleAtLocation(dresser_15, location19) := true
  receptacleAtLocation(stoveBurner_16, location2) := true
  receptacleAtLocation(bathtubBasin_17, location2) := true
  receptacleAtLocation(toilet_18, location12) := true
  receptacleAtLocation(laundryHamper_19, location14) := true
  receptacleAtLocation(diningTable_20, location6) := true
  receptacleAtLocation(microwave_21, location4) := true
  receptacleAtLocation(fridge_22, location12) := true
  inReceptacle(cup_1, diningTable_20) := true
  inReceptacle(toiletPaper_2, drawer_3) := true
  inReceptacle(cloth_3, shelf_8) := true
  inReceptacle(egg_4, fridge_22) := true
  inReceptacle(plate_5, dresser_15) := true
  inReceptacle(basketBall_6, desk_1) := true
  inReceptacle(egg_7, diningTable_20) := true
  inReceptacle(book_8, diningTable_11) := true
  inReceptacle(mug_9, diningTable_11) := true
  inReceptacle(tissueBox_10, desk_1) := true
  inReceptacle(alarmClock_11, dresser_15) := true
  inReceptacle(fork_12, diningTable_11) := true
  inReceptacle(keyChain_13, diningTable_11) := true
  inReceptacle(knife_14, counterTop_6) := true
  inReceptacle(soapBar_15, drawer_3) := true
  inReceptacle(statue_16, cart_7) := true
  inReceptacle(handTowel_17, toilet_18) := true
  inReceptacle(lettuce_18, fridge_22) := true
  inReceptacle(toiletPaperRoll_19, drawer_3) := true
  inReceptacle(mug_20, cart_7) := true
  objectAtLocation(cup_1, location6) := true
  objectAtLocation(toiletPaper_2, location4) := true
  objectAtLocation(cloth_3, location19) := true
  objectAtLocation(egg_4, location12) := true
  objectAtLocation(plate_5, location19) := true
  objectAtLocation(basketBall_6, location2) := true
  objectAtLocation(egg_7, location6) := true
  objectAtLocation(book_8, location5) := true
  objectAtLocation(mug_9, location5) := true
  objectAtLocation(tissueBox_10, location2) := true
  objectAtLocation(alarmClock_11, location19) := true
  objectAtLocation(fork_12, location5) := true
  objectAtLocation(keyChain_13, location5) := true
  objectAtLocation(knife_14, location1) := true
  objectAtLocation(soapBar_15, location4) := true
  objectAtLocation(statue_16, location14) := true
  objectAtLocation(handTowel_17, location12) := true
  objectAtLocation(lettuce_18, location12) := true
  objectAtLocation(toiletPaperRoll_19, location4) := true
  objectAtLocation(mug_20, location14) := true
  atLocation(agent1, location17) := true
]

goals = [
  Exists (Receptacle - Checkable r) Exists (Obj - Checkable o1) (inReceptacle(o1, r) and objectType(o1, bookType) and receptacleType(r, counterTopType) and Exists (Obj - Checkable o2) ((not (o1 == o2)) and objectType(o2, statueType) and receptacleType(r, counterTopType) and inReceptacle(o2, r)))
]

quality metrics = [
  minimize sequential-plan-length
]


2025-08-13 09:17:53,476 - INFO - Generating plan for unconstrained problem

2025-08-13 09:17:54,284 - INFO - Unconstrained plan generation time: 0.8074064254760742

2025-08-13 09:17:54,284 - INFO - Unconstrained plan and cost: 
2025-08-13 09:17:54,284 - INFO - SequentialPlan:
    goToLocation(agent1, location17, location5)
    pickupObject(agent1, location5, book_8, diningTable_11)
    goToLocation(agent1, location5, location1)
    putObject(agent1, location1, book_8, counterTop_6, bookType, counterTopType)
    goToLocation(agent1, location1, location14)
    pickupObject(agent1, location14, statue_16, cart_7)
    goToLocation(agent1, location14, location1)
    putObject(agent1, location1, statue_16, counterTop_6, statueType, counterTopType)
2025-08-13 09:17:54,284 - INFO - 8
2025-08-13 09:17:58,942 - INFO - Sampled constraints:

2025-08-13 09:17:58,942 - INFO - Sometime(objectAtLocation(mug_9, location11))
2025-08-13 09:17:58,942 - INFO - Sometime(holdsAny(agent1))
2025-08-13 09:17:58,942 - INFO - Sometime-Before(holdsAny(agent1), atLocation(agent1, location16))
2025-08-13 09:17:58,942 - INFO - At-Most-Once(holdsAny(agent1))
2025-08-13 09:17:58,942 - INFO - Sometime((holds(agent1, basketBall_6) or atLocation(agent1, location12)))
2025-08-13 09:17:58,942 - INFO - Sometime((objectAtLocation(egg_4, location6) or checked(plate_5)))
2025-08-13 09:17:58,942 - INFO - Sometime((objectAtLocation(mug_20, location2) or checked(microwave_21)))
2025-08-13 09:17:58,942 - INFO - Sometime(objectAtLocation(handTowel_17, location15))
2025-08-13 09:17:58,942 - INFO - Sometime(checked(microwave_21))
2025-08-13 09:17:58,942 - INFO - Sometime((atLocation(agent1, location20) and holds(agent1, toiletPaper_2)))
2025-08-13 09:17:58,942 - INFO - Sometime(checked(counterTop_6))
2025-08-13 09:17:58,942 - INFO - 
2025-08-13 09:17:58,942 - INFO - Generation time: 4.657409191131592

2025-08-13 09:17:58,943 - INFO - Generating plan for constrained problem (with LiftedTCORE).

2025-08-13 09:17:59,286 - INFO - LiftedTCORE compilation time: 0.34272050857543945

2025-08-13 09:18:00,970 - INFO - Planning Time with LiftedTCORE's file: 1.683910608291626

