2025-08-13 09:26:46,823 - INFO - 
================= Seed: 1042 =================

2025-08-13 09:26:46,823 - INFO - problem name = alfred

types = [ReceptacleType, ObjectType, Checkable, Agent - Checkable, Location - Checkable, Receptacle - Checkable, Obj - Checkable]

fluents = [
  bool atLocation[a=Agent - Checkable, l=Location - Checkable]
  bool receptacleAtLocation[r=Receptacle - Checkable, l=Location - Checkable]
  bool objectAtLocation[o=Obj - Checkable, l=Location - Checkable]
  bool openable[r=Receptacle - Checkable]
  bool opened[r=Receptacle - Checkable]
  bool inReceptacle[o=Obj - Checkable, r=Receptacle - Checkable]
  bool isReceptacleObject[o=Obj - Checkable]
  bool inReceptacleObject[innerObject=Obj - Checkable, outObject=Obj - Checkable]
  bool isReceptacleObjectFull[o=Obj - Checkable]
  bool wasInReceptacle[o=Obj - Checkable, r=Receptacle - Checkable]
  bool checked[c=Checkable]
  bool examined[l=Location - Checkable]
  bool receptacleType[r=Receptacle - Checkable, rt=ReceptacleType]
  bool canContain[rt=ReceptacleType, ot=ObjectType]
  bool objectType[o=Obj - Checkable, t=ObjectType]
  bool holds[a=Agent - Checkable, o=Obj - Checkable]
  bool holdsAny[a=Agent - Checkable]
  bool holdsAnyReceptacleObject[a=Agent - Checkable]
  bool full[r=Receptacle - Checkable]
  bool isClean[o=Obj - Checkable]
  bool cleanable[o=Obj - Checkable]
  bool isHot[o=Obj - Checkable]
  bool heatable[o=Obj - Checkable]
  bool isCool[o=Obj - Checkable]
  bool coolable[o=Obj - Checkable]
  bool pickupable[o=Obj - Checkable]
  bool moveable[o=Obj - Checkable]
  bool toggleable[o=Obj - Checkable]
  bool isOn[o=Obj - Checkable]
  bool isToggled[o=Obj - Checkable]
  bool sliceable[o=Obj - Checkable]
  bool isSliced[o=Obj - Checkable]
]

actions = [
  action look(Agent - Checkable a, Location - Checkable l) {
    preconditions = [
      atLocation(a, l)
    ]
    effects = [
      checked(l) := true
    ]
  }
  action inventory(Agent - Checkable a) {
    preconditions = [
    ]
    effects = [
      checked(a) := true
    ]
  }
  action examineReceptacle(Agent - Checkable a, Receptacle - Checkable r) {
    preconditions = [
      Exists (Location - Checkable l) (atLocation(a, l) and receptacleAtLocation(r, l))
    ]
    effects = [
      checked(r) := true
    ]
  }
  action examineObject(Agent - Checkable a, Obj - Checkable o) {
    preconditions = [
      (Exists (Location - Checkable l) Exists (Receptacle - Checkable r) (atLocation(a, l) and receptacleAtLocation(r, l) and inReceptacle(o, r) and ((not openable(r)) or opened(r))) or holds(a, o))
    ]
    effects = [
      checked(o) := true
    ]
  }
  action goToLocation(Agent - Checkable a, Location - Checkable lstart, Location - Checkable lend) {
    preconditions = [
      atLocation(a, lstart)
    ]
    effects = [
      atLocation(a, lstart) := false
      atLocation(a, lend) := true
    ]
  }
  action openObject(Agent - Checkable a, Location - Checkable l, Receptacle - Checkable r) {
    preconditions = [
      (openable(r) and atLocation(a, l) and receptacleAtLocation(r, l) and (not opened(r)))
    ]
    effects = [
      opened(r) := true
      checked(r) := true
    ]
  }
  action closeObject(Agent - Checkable a, Location - Checkable l, Receptacle - Checkable r) {
    preconditions = [
      (openable(r) and atLocation(a, l) and receptacleAtLocation(r, l) and opened(r))
    ]
    effects = [
      opened(r) := false
    ]
  }
  action pickupObject(Agent - Checkable a, Location - Checkable l, Obj - Checkable o, Receptacle - Checkable r) {
    preconditions = [
      (pickupable(o) and atLocation(a, l) and receptacleAtLocation(r, l) and inReceptacle(o, r) and (not holdsAny(a)) and ((not openable(r)) or opened(r)))
    ]
    effects = [
      inReceptacle(o, r) := false
      holds(a, o) := true
      holdsAny(a) := true
      objectAtLocation(o, l) := false
    ]
  }
  action putObject(Agent - Checkable a, Location - Checkable l, Obj - Checkable o, Receptacle - Checkable r, ObjectType ot, ReceptacleType rt) {
    preconditions = [
      (holds(a, o) and atLocation(a, l) and receptacleAtLocation(r, l) and ((not openable(r)) or opened(r)) and objectType(o, ot) and receptacleType(r, rt) and canContain(rt, ot))
    ]
    effects = [
      inReceptacle(o, r) := true
      objectAtLocation(o, l) := true
      holds(a, o) := false
      holdsAny(a) := false
    ]
  }
  action cleanObject(Agent - Checkable a, Location - Checkable l, Receptacle - Checkable r, Obj - Checkable o) {
    preconditions = [
      (cleanable(o) and receptacleType(r, sinkBasinType) and atLocation(a, l) and receptacleAtLocation(r, l) and holds(a, o))
    ]
    effects = [
      isClean(o) := true
    ]
  }
  action heatObject(Agent - Checkable a, Location - Checkable l, Receptacle - Checkable r, Obj - Checkable o) {
    preconditions = [
      (heatable(o) and receptacleType(r, microwaveType) and atLocation(a, l) and receptacleAtLocation(r, l) and holds(a, o))
    ]
    effects = [
      isHot(o) := true
      isCool(o) := false
    ]
  }
  action coolObject(Agent - Checkable a, Location - Checkable l, Receptacle - Checkable r, Obj - Checkable o) {
    preconditions = [
      (coolable(o) and receptacleType(r, fridgeType) and atLocation(a, l) and receptacleAtLocation(r, l) and holds(a, o))
    ]
    effects = [
      isCool(o) := true
      isHot(o) := false
    ]
  }
  action toggleObject(Agent - Checkable a, Location - Checkable l, Obj - Checkable o, Receptacle - Checkable r) {
    preconditions = [
      (toggleable(o) and atLocation(a, l) and receptacleAtLocation(r, l) and inReceptacle(o, r))
    ]
    effects = [
      if isOn(o) then isOn(o) := false
      if (not isOn(o)) then isOn(o) := true
      isToggled(o) := true
    ]
  }
  action sliceObject(Agent - Checkable a, Location - Checkable l, Obj - Checkable co, Obj - Checkable ko) {
    preconditions = [
      (sliceable(co) and (objectType(ko, knifeType) or objectType(ko, butterKnifeType)) and atLocation(a, l) and objectAtLocation(co, l) and holds(a, ko))
    ]
    effects = [
      isSliced(co) := true
    ]
  }
  action help(Agent - Checkable a) {
    preconditions = [
    ]
    effects = [
      checked(a) := true
    ]
  }
]

objects = [
  ReceptacleType: [sinkBasinType, microwaveType, fridgeType, cabinetType, stoveBurnerType, drawerType, toasterType, tvStandType, handTowelHolderType, toiletPaperHangerType, diningTableType, laundryHamperType, coffeeMachineType, toiletType, dresserType]
  ObjectType: [knifeType, butterKnifeType, basketBallType, soapBottleType, potatoType, mugType, spoonType, remoteControlType, keyChainType, paperTowelType, laptopType, spatulaType, pepperShakerType, potType, kettleType, clothType, wineBottleType, penType, tennisRacketType, tissueBoxType]
  Checkable: [agent1, location1, location2, location3, location4, location5, location6, location7, location8, location9, location10, location11, location12, location13, location14, location15, location16, location17, location18, location19, location20, fridge_1, cabinet_2, stoveBurner_3, drawer_4, toaster_5, microwave_6, tvStand_7, handTowelHolder_8, toiletPaperHanger_9, diningTable_10, handTowelHolder_11, laundryHamper_12, coffeeMachine_13, toiletPaperHanger_14, toiletPaperHanger_15, coffeeMachine_16, microwave_17, toilet_18, coffeeMachine_19, dresser_20, microwave_21, fridge_22, basketBall_1, soapBottle_2, potato_3, mug_4, spoon_5, remoteControl_6, keyChain_7, paperTowel_8, laptop_9, spatula_10, pepperShaker_11, pot_12, kettle_13, cloth_14, wineBottle_15, pen_16, tennisRacket_17, tissueBox_18, cloth_19, pot_20]
  Agent - Checkable: [agent1]
  Location - Checkable: [location1, location2, location3, location4, location5, location6, location7, location8, location9, location10, location11, location12, location13, location14, location15, location16, location17, location18, location19, location20]
  Receptacle - Checkable: [fridge_1, cabinet_2, stoveBurner_3, drawer_4, toaster_5, microwave_6, tvStand_7, handTowelHolder_8, toiletPaperHanger_9, diningTable_10, handTowelHolder_11, laundryHamper_12, coffeeMachine_13, toiletPaperHanger_14, toiletPaperHanger_15, coffeeMachine_16, microwave_17, toilet_18, coffeeMachine_19, dresser_20, microwave_21, fridge_22]
  Obj - Checkable: [basketBall_1, soapBottle_2, potato_3, mug_4, spoon_5, remoteControl_6, keyChain_7, paperTowel_8, laptop_9, spatula_10, pepperShaker_11, pot_12, kettle_13, cloth_14, wineBottle_15, pen_16, tennisRacket_17, tissueBox_18, cloth_19, pot_20]
]

initial fluents default = [
  bool atLocation[a=Agent - Checkable, l=Location - Checkable] := false
  bool receptacleAtLocation[r=Receptacle - Checkable, l=Location - Checkable] := false
  bool objectAtLocation[o=Obj - Checkable, l=Location - Checkable] := false
  bool openable[r=Receptacle - Checkable] := false
  bool opened[r=Receptacle - Checkable] := false
  bool inReceptacle[o=Obj - Checkable, r=Receptacle - Checkable] := false
  bool isReceptacleObject[o=Obj - Checkable] := false
  bool inReceptacleObject[innerObject=Obj - Checkable, outObject=Obj - Checkable] := false
  bool isReceptacleObjectFull[o=Obj - Checkable] := false
  bool wasInReceptacle[o=Obj - Checkable, r=Receptacle - Checkable] := false
  bool checked[c=Checkable] := false
  bool examined[l=Location - Checkable] := false
  bool receptacleType[r=Receptacle - Checkable, rt=ReceptacleType] := false
  bool canContain[rt=ReceptacleType, ot=ObjectType] := false
  bool objectType[o=Obj - Checkable, t=ObjectType] := false
  bool holds[a=Agent - Checkable, o=Obj - Checkable] := false
  bool holdsAny[a=Agent - Checkable] := false
  bool holdsAnyReceptacleObject[a=Agent - Checkable] := false
  bool full[r=Receptacle - Checkable] := false
  bool isClean[o=Obj - Checkable] := false
  bool cleanable[o=Obj - Checkable] := false
  bool isHot[o=Obj - Checkable] := false
  bool heatable[o=Obj - Checkable] := false
  bool isCool[o=Obj - Checkable] := false
  bool coolable[o=Obj - Checkable] := false
  bool pickupable[o=Obj - Checkable] := false
  bool moveable[o=Obj - Checkable] := false
  bool toggleable[o=Obj - Checkable] := false
  bool isOn[o=Obj - Checkable] := false
  bool isToggled[o=Obj - Checkable] := false
  bool sliceable[o=Obj - Checkable] := false
  bool isSliced[o=Obj - Checkable] := false
]

initial values = [
  receptacleType(fridge_1, fridgeType) := true
  receptacleType(cabinet_2, cabinetType) := true
  receptacleType(stoveBurner_3, stoveBurnerType) := true
  receptacleType(drawer_4, drawerType) := true
  receptacleType(toaster_5, toasterType) := true
  receptacleType(microwave_6, microwaveType) := true
  receptacleType(tvStand_7, tvStandType) := true
  receptacleType(handTowelHolder_8, handTowelHolderType) := true
  receptacleType(toiletPaperHanger_9, toiletPaperHangerType) := true
  receptacleType(diningTable_10, diningTableType) := true
  receptacleType(handTowelHolder_11, handTowelHolderType) := true
  receptacleType(laundryHamper_12, laundryHamperType) := true
  receptacleType(coffeeMachine_13, coffeeMachineType) := true
  receptacleType(toiletPaperHanger_14, toiletPaperHangerType) := true
  receptacleType(toiletPaperHanger_15, toiletPaperHangerType) := true
  receptacleType(coffeeMachine_16, coffeeMachineType) := true
  receptacleType(microwave_17, microwaveType) := true
  receptacleType(toilet_18, toiletType) := true
  receptacleType(coffeeMachine_19, coffeeMachineType) := true
  receptacleType(dresser_20, dresserType) := true
  receptacleType(microwave_21, microwaveType) := true
  receptacleType(fridge_22, fridgeType) := true
  objectType(basketBall_1, basketBallType) := true
  objectType(soapBottle_2, soapBottleType) := true
  objectType(potato_3, potatoType) := true
  objectType(mug_4, mugType) := true
  objectType(spoon_5, spoonType) := true
  objectType(remoteControl_6, remoteControlType) := true
  objectType(keyChain_7, keyChainType) := true
  objectType(paperTowel_8, paperTowelType) := true
  objectType(laptop_9, laptopType) := true
  objectType(spatula_10, spatulaType) := true
  objectType(pepperShaker_11, pepperShakerType) := true
  objectType(pot_12, potType) := true
  objectType(kettle_13, kettleType) := true
  objectType(cloth_14, clothType) := true
  objectType(wineBottle_15, wineBottleType) := true
  objectType(pen_16, penType) := true
  objectType(tennisRacket_17, tennisRacketType) := true
  objectType(tissueBox_18, tissueBoxType) := true
  objectType(cloth_19, clothType) := true
  objectType(pot_20, potType) := true
  canContain(fridgeType, potatoType) := true
  canContain(fridgeType, mugType) := true
  canContain(fridgeType, potType) := true
  canContain(fridgeType, wineBottleType) := true
  canContain(cabinetType, soapBottleType) := true
  canContain(cabinetType, mugType) := true
  canContain(cabinetType, pepperShakerType) := true
  canContain(cabinetType, potType) := true
  canContain(cabinetType, kettleType) := true
  canContain(cabinetType, clothType) := true
  canContain(cabinetType, wineBottleType) := true
  canContain(cabinetType, tissueBoxType) := true
  canContain(stoveBurnerType, potType) := true
  canContain(stoveBurnerType, kettleType) := true
  canContain(drawerType, soapBottleType) := true
  canContain(drawerType, spoonType) := true
  canContain(drawerType, remoteControlType) := true
  canContain(drawerType, keyChainType) := true
  canContain(drawerType, spatulaType) := true
  canContain(drawerType, pepperShakerType) := true
  canContain(drawerType, clothType) := true
  canContain(drawerType, penType) := true
  canContain(drawerType, tissueBoxType) := true
  canContain(microwaveType, potatoType) := true
  canContain(microwaveType, mugType) := true
  canContain(tvStandType, tissueBoxType) := true
  canContain(diningTableType, basketBallType) := true
  canContain(diningTableType, soapBottleType) := true
  canContain(diningTableType, potatoType) := true
  canContain(diningTableType, mugType) := true
  canContain(diningTableType, spoonType) := true
  canContain(diningTableType, remoteControlType) := true
  canContain(diningTableType, keyChainType) := true
  canContain(diningTableType, paperTowelType) := true
  canContain(diningTableType, laptopType) := true
  canContain(diningTableType, spatulaType) := true
  canContain(diningTableType, pepperShakerType) := true
  canContain(diningTableType, potType) := true
  canContain(diningTableType, kettleType) := true
  canContain(diningTableType, clothType) := true
  canContain(diningTableType, wineBottleType) := true
  canContain(diningTableType, penType) := true
  canContain(diningTableType, tennisRacketType) := true
  canContain(diningTableType, tissueBoxType) := true
  canContain(laundryHamperType, clothType) := true
  canContain(coffeeMachineType, mugType) := true
  canContain(toiletType, soapBottleType) := true
  canContain(toiletType, paperTowelType) := true
  canContain(toiletType, clothType) := true
  canContain(toiletType, tissueBoxType) := true
  canContain(dresserType, basketBallType) := true
  canContain(dresserType, mugType) := true
  canContain(dresserType, remoteControlType) := true
  canContain(dresserType, keyChainType) := true
  canContain(dresserType, laptopType) := true
  canContain(dresserType, clothType) := true
  canContain(dresserType, wineBottleType) := true
  canContain(dresserType, penType) := true
  canContain(dresserType, tennisRacketType) := true
  canContain(dresserType, tissueBoxType) := true
  pickupable(basketBall_1) := true
  pickupable(soapBottle_2) := true
  pickupable(potato_3) := true
  cleanable(potato_3) := true
  heatable(potato_3) := true
  coolable(potato_3) := true
  sliceable(potato_3) := true
  pickupable(mug_4) := true
  isReceptacleObject(mug_4) := true
  cleanable(mug_4) := true
  heatable(mug_4) := true
  coolable(mug_4) := true
  pickupable(spoon_5) := true
  cleanable(spoon_5) := true
  pickupable(remoteControl_6) := true
  pickupable(keyChain_7) := true
  pickupable(paperTowel_8) := true
  pickupable(laptop_9) := true
  pickupable(spatula_10) := true
  cleanable(spatula_10) := true
  pickupable(pepperShaker_11) := true
  pickupable(pot_12) := true
  isReceptacleObject(pot_12) := true
  cleanable(pot_12) := true
  coolable(pot_12) := true
  pickupable(kettle_13) := true
  cleanable(kettle_13) := true
  pickupable(cloth_14) := true
  cleanable(cloth_14) := true
  pickupable(wineBottle_15) := true
  pickupable(pen_16) := true
  pickupable(tennisRacket_17) := true
  pickupable(tissueBox_18) := true
  pickupable(cloth_19) := true
  cleanable(cloth_19) := true
  pickupable(pot_20) := true
  isReceptacleObject(pot_20) := true
  cleanable(pot_20) := true
  coolable(pot_20) := true
  receptacleAtLocation(fridge_1, location2) := true
  receptacleAtLocation(cabinet_2, location18) := true
  receptacleAtLocation(stoveBurner_3, location12) := true
  receptacleAtLocation(drawer_4, location17) := true
  receptacleAtLocation(toaster_5, location20) := true
  receptacleAtLocation(microwave_6, location7) := true
  receptacleAtLocation(tvStand_7, location4) := true
  receptacleAtLocation(handTowelHolder_8, location7) := true
  receptacleAtLocation(toiletPaperHanger_9, location1) := true
  receptacleAtLocation(diningTable_10, location15) := true
  receptacleAtLocation(handTowelHolder_11, location7) := true
  receptacleAtLocation(laundryHamper_12, location2) := true
  receptacleAtLocation(coffeeMachine_13, location17) := true
  receptacleAtLocation(toiletPaperHanger_14, location7) := true
  receptacleAtLocation(toiletPaperHanger_15, location20) := true
  receptacleAtLocation(coffeeMachine_16, location11) := true
  receptacleAtLocation(microwave_17, location18) := true
  receptacleAtLocation(toilet_18, location10) := true
  receptacleAtLocation(coffeeMachine_19, location6) := true
  receptacleAtLocation(dresser_20, location7) := true
  receptacleAtLocation(microwave_21, location7) := true
  receptacleAtLocation(fridge_22, location15) := true
  inReceptacle(basketBall_1, diningTable_10) := true
  inReceptacle(soapBottle_2, drawer_4) := true
  inReceptacle(potato_3, microwave_21) := true
  inReceptacle(mug_4, diningTable_10) := true
  inReceptacle(spoon_5, diningTable_10) := true
  inReceptacle(remoteControl_6, drawer_4) := true
  inReceptacle(keyChain_7, dresser_20) := true
  inReceptacle(paperTowel_8, diningTable_10) := true
  inReceptacle(laptop_9, diningTable_10) := true
  inReceptacle(spatula_10, diningTable_10) := true
  inReceptacle(pepperShaker_11, diningTable_10) := true
  inReceptacle(pot_12, fridge_22) := true
  inReceptacle(kettle_13, stoveBurner_3) := true
  inReceptacle(cloth_14, toilet_18) := true
  inReceptacle(wineBottle_15, diningTable_10) := true
  inReceptacle(pen_16, drawer_4) := true
  inReceptacle(tennisRacket_17, dresser_20) := true
  inReceptacle(tissueBox_18, cabinet_2) := true
  inReceptacle(cloth_19, dresser_20) := true
  inReceptacle(pot_20, fridge_22) := true
  objectAtLocation(basketBall_1, location15) := true
  objectAtLocation(soapBottle_2, location17) := true
  objectAtLocation(potato_3, location7) := true
  objectAtLocation(mug_4, location15) := true
  objectAtLocation(spoon_5, location15) := true
  objectAtLocation(remoteControl_6, location17) := true
  objectAtLocation(keyChain_7, location7) := true
  objectAtLocation(paperTowel_8, location15) := true
  objectAtLocation(laptop_9, location15) := true
  objectAtLocation(spatula_10, location15) := true
  objectAtLocation(pepperShaker_11, location15) := true
  objectAtLocation(pot_12, location15) := true
  objectAtLocation(kettle_13, location12) := true
  objectAtLocation(cloth_14, location10) := true
  objectAtLocation(wineBottle_15, location15) := true
  objectAtLocation(pen_16, location17) := true
  objectAtLocation(tennisRacket_17, location7) := true
  objectAtLocation(tissueBox_18, location18) := true
  objectAtLocation(cloth_19, location7) := true
  objectAtLocation(pot_20, location15) := true
  atLocation(agent1, location8) := true
]

goals = [
  Exists (Receptacle - Checkable r) Exists (Obj - Checkable o1) (inReceptacle(o1, r) and objectType(o1, basketBallType) and receptacleType(r, diningTableType) and Exists (Obj - Checkable o2) ((not (o1 == o2)) and objectType(o2, remoteControlType) and receptacleType(r, diningTableType) and inReceptacle(o2, r)))
]

quality metrics = [
  minimize sequential-plan-length
]


2025-08-13 09:26:46,826 - INFO - Generating plan for unconstrained problem

2025-08-13 09:26:47,483 - INFO - Unconstrained plan generation time: 0.6568572521209717

2025-08-13 09:26:47,483 - INFO - Unconstrained plan and cost: 
2025-08-13 09:26:47,483 - INFO - SequentialPlan:
    goToLocation(agent1, location8, location17)
    pickupObject(agent1, location17, remoteControl_6, drawer_4)
    goToLocation(agent1, location17, location15)
    putObject(agent1, location15, remoteControl_6, diningTable_10, remoteControlType, diningTableType)
2025-08-13 09:26:47,484 - INFO - 4
2025-08-13 09:27:01,906 - INFO - Sampled constraints:

2025-08-13 09:27:01,906 - INFO - Sometime(holds(agent1, keyChain_7))
2025-08-13 09:27:01,906 - INFO - Sometime((objectAtLocation(pot_20, location5) or objectAtLocation(keyChain_7, location19)))
2025-08-13 09:27:01,906 - INFO - Sometime(holdsAny(agent1))
2025-08-13 09:27:01,906 - INFO - Sometime-After(holdsAny(agent1), (objectAtLocation(kettle_13, location2) or checked(basketBall_1)))
2025-08-13 09:27:01,906 - INFO - Sometime((inReceptacleObject(paperTowel_8, pot_20) or inReceptacleObject(mug_4, spoon_5)))
2025-08-13 09:27:01,906 - INFO - Sometime((holds(agent1, basketBall_1) or holds(agent1, keyChain_7)))
2025-08-13 09:27:01,906 - INFO - Sometime(atLocation(agent1, location15))
2025-08-13 09:27:01,906 - INFO - Sometime-Before(atLocation(agent1, location15), objectAtLocation(pepperShaker_11, location2))
2025-08-13 09:27:01,906 - INFO - Sometime(objectAtLocation(spoon_5, location17))
2025-08-13 09:27:01,906 - INFO - Sometime((inReceptacleObject(spoon_5, cloth_14) and checked(location6)))
2025-08-13 09:27:01,906 - INFO - Sometime(atLocation(agent1, location3))
2025-08-13 09:27:01,906 - INFO - Sometime(inReceptacleObject(basketBall_1, cloth_19))
2025-08-13 09:27:01,906 - INFO - 
2025-08-13 09:27:01,906 - INFO - Generation time: 14.422199010848999

2025-08-13 09:27:01,908 - INFO - Generating plan for constrained problem (with LiftedTCORE).

2025-08-13 09:27:02,310 - INFO - LiftedTCORE compilation time: 0.4028322696685791

2025-08-13 09:27:02,924 - INFO - Planning Time with LiftedTCORE's file: 0.6136202812194824

