2025-08-13 09:30:31,091 - INFO - 
================= Seed: 1046 =================

2025-08-13 09:30:31,091 - INFO - problem name = alfred

types = [ReceptacleType, ObjectType, Checkable, Agent - Checkable, Location - Checkable, Receptacle - Checkable, Obj - Checkable]

fluents = [
  bool atLocation[a=Agent - Checkable, l=Location - Checkable]
  bool receptacleAtLocation[r=Receptacle - Checkable, l=Location - Checkable]
  bool objectAtLocation[o=Obj - Checkable, l=Location - Checkable]
  bool openable[r=Receptacle - Checkable]
  bool opened[r=Receptacle - Checkable]
  bool inReceptacle[o=Obj - Checkable, r=Receptacle - Checkable]
  bool isReceptacleObject[o=Obj - Checkable]
  bool inReceptacleObject[innerObject=Obj - Checkable, outObject=Obj - Checkable]
  bool isReceptacleObjectFull[o=Obj - Checkable]
  bool wasInReceptacle[o=Obj - Checkable, r=Receptacle - Checkable]
  bool checked[c=Checkable]
  bool examined[l=Location - Checkable]
  bool receptacleType[r=Receptacle - Checkable, rt=ReceptacleType]
  bool canContain[rt=ReceptacleType, ot=ObjectType]
  bool objectType[o=Obj - Checkable, t=ObjectType]
  bool holds[a=Agent - Checkable, o=Obj - Checkable]
  bool holdsAny[a=Agent - Checkable]
  bool holdsAnyReceptacleObject[a=Agent - Checkable]
  bool full[r=Receptacle - Checkable]
  bool isClean[o=Obj - Checkable]
  bool cleanable[o=Obj - Checkable]
  bool isHot[o=Obj - Checkable]
  bool heatable[o=Obj - Checkable]
  bool isCool[o=Obj - Checkable]
  bool coolable[o=Obj - Checkable]
  bool pickupable[o=Obj - Checkable]
  bool moveable[o=Obj - Checkable]
  bool toggleable[o=Obj - Checkable]
  bool isOn[o=Obj - Checkable]
  bool isToggled[o=Obj - Checkable]
  bool sliceable[o=Obj - Checkable]
  bool isSliced[o=Obj - Checkable]
]

actions = [
  action look(Agent - Checkable a, Location - Checkable l) {
    preconditions = [
      atLocation(a, l)
    ]
    effects = [
      checked(l) := true
    ]
  }
  action inventory(Agent - Checkable a) {
    preconditions = [
    ]
    effects = [
      checked(a) := true
    ]
  }
  action examineReceptacle(Agent - Checkable a, Receptacle - Checkable r) {
    preconditions = [
      Exists (Location - Checkable l) (atLocation(a, l) and receptacleAtLocation(r, l))
    ]
    effects = [
      checked(r) := true
    ]
  }
  action examineObject(Agent - Checkable a, Obj - Checkable o) {
    preconditions = [
      (Exists (Location - Checkable l) Exists (Receptacle - Checkable r) (atLocation(a, l) and receptacleAtLocation(r, l) and inReceptacle(o, r) and ((not openable(r)) or opened(r))) or holds(a, o))
    ]
    effects = [
      checked(o) := true
    ]
  }
  action goToLocation(Agent - Checkable a, Location - Checkable lstart, Location - Checkable lend) {
    preconditions = [
      atLocation(a, lstart)
    ]
    effects = [
      atLocation(a, lstart) := false
      atLocation(a, lend) := true
    ]
  }
  action openObject(Agent - Checkable a, Location - Checkable l, Receptacle - Checkable r) {
    preconditions = [
      (openable(r) and atLocation(a, l) and receptacleAtLocation(r, l) and (not opened(r)))
    ]
    effects = [
      opened(r) := true
      checked(r) := true
    ]
  }
  action closeObject(Agent - Checkable a, Location - Checkable l, Receptacle - Checkable r) {
    preconditions = [
      (openable(r) and atLocation(a, l) and receptacleAtLocation(r, l) and opened(r))
    ]
    effects = [
      opened(r) := false
    ]
  }
  action pickupObject(Agent - Checkable a, Location - Checkable l, Obj - Checkable o, Receptacle - Checkable r) {
    preconditions = [
      (pickupable(o) and atLocation(a, l) and receptacleAtLocation(r, l) and inReceptacle(o, r) and (not holdsAny(a)) and ((not openable(r)) or opened(r)))
    ]
    effects = [
      inReceptacle(o, r) := false
      holds(a, o) := true
      holdsAny(a) := true
      objectAtLocation(o, l) := false
    ]
  }
  action putObject(Agent - Checkable a, Location - Checkable l, Obj - Checkable o, Receptacle - Checkable r, ObjectType ot, ReceptacleType rt) {
    preconditions = [
      (holds(a, o) and atLocation(a, l) and receptacleAtLocation(r, l) and ((not openable(r)) or opened(r)) and objectType(o, ot) and receptacleType(r, rt) and canContain(rt, ot))
    ]
    effects = [
      inReceptacle(o, r) := true
      objectAtLocation(o, l) := true
      holds(a, o) := false
      holdsAny(a) := false
    ]
  }
  action cleanObject(Agent - Checkable a, Location - Checkable l, Receptacle - Checkable r, Obj - Checkable o) {
    preconditions = [
      (cleanable(o) and receptacleType(r, sinkBasinType) and atLocation(a, l) and receptacleAtLocation(r, l) and holds(a, o))
    ]
    effects = [
      isClean(o) := true
    ]
  }
  action heatObject(Agent - Checkable a, Location - Checkable l, Receptacle - Checkable r, Obj - Checkable o) {
    preconditions = [
      (heatable(o) and receptacleType(r, microwaveType) and atLocation(a, l) and receptacleAtLocation(r, l) and holds(a, o))
    ]
    effects = [
      isHot(o) := true
      isCool(o) := false
    ]
  }
  action coolObject(Agent - Checkable a, Location - Checkable l, Receptacle - Checkable r, Obj - Checkable o) {
    preconditions = [
      (coolable(o) and receptacleType(r, fridgeType) and atLocation(a, l) and receptacleAtLocation(r, l) and holds(a, o))
    ]
    effects = [
      isCool(o) := true
      isHot(o) := false
    ]
  }
  action toggleObject(Agent - Checkable a, Location - Checkable l, Obj - Checkable o, Receptacle - Checkable r) {
    preconditions = [
      (toggleable(o) and atLocation(a, l) and receptacleAtLocation(r, l) and inReceptacle(o, r))
    ]
    effects = [
      if isOn(o) then isOn(o) := false
      if (not isOn(o)) then isOn(o) := true
      isToggled(o) := true
    ]
  }
  action sliceObject(Agent - Checkable a, Location - Checkable l, Obj - Checkable co, Obj - Checkable ko) {
    preconditions = [
      (sliceable(co) and (objectType(ko, knifeType) or objectType(ko, butterKnifeType)) and atLocation(a, l) and objectAtLocation(co, l) and holds(a, ko))
    ]
    effects = [
      isSliced(co) := true
    ]
  }
  action help(Agent - Checkable a) {
    preconditions = [
    ]
    effects = [
      checked(a) := true
    ]
  }
]

objects = [
  ReceptacleType: [sinkBasinType, microwaveType, fridgeType, sideTableType, armChairType, deskType, toiletPaperHangerType, shelfType, stoveBurnerType, cartType, counterTopType, cabinetType, bedType, drawerType, toiletType, laundryHamperType, coffeeMachineType]
  ObjectType: [knifeType, butterKnifeType, keyChainType, plateType, wineBottleType, watchType, paperTowelType, cdType, alarmClockType, sprayBottleType, basketBallType, saltShakerType, cellPhoneType, pencilType, kettleType, toiletPaperRollType, pillowType, vaseType, bowlType]
  Checkable: [agent1, location1, location2, location3, location4, location5, location6, location7, location8, location9, location10, location11, location12, location13, location14, location15, location16, location17, location18, location19, location20, sideTable_1, armChair_2, desk_3, toiletPaperHanger_4, shelf_5, stoveBurner_6, stoveBurner_7, cart_8, counterTop_9, cabinet_10, cart_11, bed_12, bed_13, drawer_14, cart_15, desk_16, toilet_17, laundryHamper_18, coffeeMachine_19, laundryHamper_20, microwave_21, fridge_22, keyChain_1, keyChain_2, plate_3, wineBottle_4, watch_5, paperTowel_6, cd_7, alarmClock_8, sprayBottle_9, plate_10, basketBall_11, saltShaker_12, cellPhone_13, pencil_14, kettle_15, toiletPaperRoll_16, pillow_17, vase_18, wineBottle_19, bowl_20]
  Agent - Checkable: [agent1]
  Location - Checkable: [location1, location2, location3, location4, location5, location6, location7, location8, location9, location10, location11, location12, location13, location14, location15, location16, location17, location18, location19, location20]
  Receptacle - Checkable: [sideTable_1, armChair_2, desk_3, toiletPaperHanger_4, shelf_5, stoveBurner_6, stoveBurner_7, cart_8, counterTop_9, cabinet_10, cart_11, bed_12, bed_13, drawer_14, cart_15, desk_16, toilet_17, laundryHamper_18, coffeeMachine_19, laundryHamper_20, microwave_21, fridge_22]
  Obj - Checkable: [keyChain_1, keyChain_2, plate_3, wineBottle_4, watch_5, paperTowel_6, cd_7, alarmClock_8, sprayBottle_9, plate_10, basketBall_11, saltShaker_12, cellPhone_13, pencil_14, kettle_15, toiletPaperRoll_16, pillow_17, vase_18, wineBottle_19, bowl_20]
]

initial fluents default = [
  bool atLocation[a=Agent - Checkable, l=Location - Checkable] := false
  bool receptacleAtLocation[r=Receptacle - Checkable, l=Location - Checkable] := false
  bool objectAtLocation[o=Obj - Checkable, l=Location - Checkable] := false
  bool openable[r=Receptacle - Checkable] := false
  bool opened[r=Receptacle - Checkable] := false
  bool inReceptacle[o=Obj - Checkable, r=Receptacle - Checkable] := false
  bool isReceptacleObject[o=Obj - Checkable] := false
  bool inReceptacleObject[innerObject=Obj - Checkable, outObject=Obj - Checkable] := false
  bool isReceptacleObjectFull[o=Obj - Checkable] := false
  bool wasInReceptacle[o=Obj - Checkable, r=Receptacle - Checkable] := false
  bool checked[c=Checkable] := false
  bool examined[l=Location - Checkable] := false
  bool receptacleType[r=Receptacle - Checkable, rt=ReceptacleType] := false
  bool canContain[rt=ReceptacleType, ot=ObjectType] := false
  bool objectType[o=Obj - Checkable, t=ObjectType] := false
  bool holds[a=Agent - Checkable, o=Obj - Checkable] := false
  bool holdsAny[a=Agent - Checkable] := false
  bool holdsAnyReceptacleObject[a=Agent - Checkable] := false
  bool full[r=Receptacle - Checkable] := false
  bool isClean[o=Obj - Checkable] := false
  bool cleanable[o=Obj - Checkable] := false
  bool isHot[o=Obj - Checkable] := false
  bool heatable[o=Obj - Checkable] := false
  bool isCool[o=Obj - Checkable] := false
  bool coolable[o=Obj - Checkable] := false
  bool pickupable[o=Obj - Checkable] := false
  bool moveable[o=Obj - Checkable] := false
  bool toggleable[o=Obj - Checkable] := false
  bool isOn[o=Obj - Checkable] := false
  bool isToggled[o=Obj - Checkable] := false
  bool sliceable[o=Obj - Checkable] := false
  bool isSliced[o=Obj - Checkable] := false
]

initial values = [
  receptacleType(sideTable_1, sideTableType) := true
  receptacleType(armChair_2, armChairType) := true
  receptacleType(desk_3, deskType) := true
  receptacleType(toiletPaperHanger_4, toiletPaperHangerType) := true
  receptacleType(shelf_5, shelfType) := true
  receptacleType(stoveBurner_6, stoveBurnerType) := true
  receptacleType(stoveBurner_7, stoveBurnerType) := true
  receptacleType(cart_8, cartType) := true
  receptacleType(counterTop_9, counterTopType) := true
  receptacleType(cabinet_10, cabinetType) := true
  receptacleType(cart_11, cartType) := true
  receptacleType(bed_12, bedType) := true
  receptacleType(bed_13, bedType) := true
  receptacleType(drawer_14, drawerType) := true
  receptacleType(cart_15, cartType) := true
  receptacleType(desk_16, deskType) := true
  receptacleType(toilet_17, toiletType) := true
  receptacleType(laundryHamper_18, laundryHamperType) := true
  receptacleType(coffeeMachine_19, coffeeMachineType) := true
  receptacleType(laundryHamper_20, laundryHamperType) := true
  receptacleType(microwave_21, microwaveType) := true
  receptacleType(fridge_22, fridgeType) := true
  objectType(keyChain_1, keyChainType) := true
  objectType(keyChain_2, keyChainType) := true
  objectType(plate_3, plateType) := true
  objectType(wineBottle_4, wineBottleType) := true
  objectType(watch_5, watchType) := true
  objectType(paperTowel_6, paperTowelType) := true
  objectType(cd_7, cdType) := true
  objectType(alarmClock_8, alarmClockType) := true
  objectType(sprayBottle_9, sprayBottleType) := true
  objectType(plate_10, plateType) := true
  objectType(basketBall_11, basketBallType) := true
  objectType(saltShaker_12, saltShakerType) := true
  objectType(cellPhone_13, cellPhoneType) := true
  objectType(pencil_14, pencilType) := true
  objectType(kettle_15, kettleType) := true
  objectType(toiletPaperRoll_16, toiletPaperRollType) := true
  objectType(pillow_17, pillowType) := true
  objectType(vase_18, vaseType) := true
  objectType(wineBottle_19, wineBottleType) := true
  objectType(bowl_20, bowlType) := true
  canContain(sideTableType, keyChainType) := true
  canContain(sideTableType, plateType) := true
  canContain(sideTableType, wineBottleType) := true
  canContain(sideTableType, watchType) := true
  canContain(sideTableType, paperTowelType) := true
  canContain(sideTableType, alarmClockType) := true
  canContain(sideTableType, sprayBottleType) := true
  canContain(sideTableType, basketBallType) := true
  canContain(sideTableType, saltShakerType) := true
  canContain(sideTableType, cellPhoneType) := true
  canContain(sideTableType, pencilType) := true
  canContain(sideTableType, kettleType) := true
  canContain(sideTableType, toiletPaperRollType) := true
  canContain(sideTableType, vaseType) := true
  canContain(sideTableType, bowlType) := true
  canContain(armChairType, keyChainType) := true
  canContain(armChairType, basketBallType) := true
  canContain(armChairType, cellPhoneType) := true
  canContain(armChairType, pillowType) := true
  canContain(deskType, keyChainType) := true
  canContain(deskType, plateType) := true
  canContain(deskType, wineBottleType) := true
  canContain(deskType, watchType) := true
  canContain(deskType, alarmClockType) := true
  canContain(deskType, sprayBottleType) := true
  canContain(deskType, basketBallType) := true
  canContain(deskType, cellPhoneType) := true
  canContain(deskType, pencilType) := true
  canContain(deskType, toiletPaperRollType) := true
  canContain(deskType, vaseType) := true
  canContain(deskType, bowlType) := true
  canContain(toiletPaperHangerType, toiletPaperRollType) := true
  canContain(shelfType, keyChainType) := true
  canContain(shelfType, plateType) := true
  canContain(shelfType, wineBottleType) := true
  canContain(shelfType, watchType) := true
  canContain(shelfType, paperTowelType) := true
  canContain(shelfType, cdType) := true
  canContain(shelfType, alarmClockType) := true
  canContain(shelfType, sprayBottleType) := true
  canContain(shelfType, saltShakerType) := true
  canContain(shelfType, cellPhoneType) := true
  canContain(shelfType, pencilType) := true
  canContain(shelfType, kettleType) := true
  canContain(shelfType, toiletPaperRollType) := true
  canContain(shelfType, vaseType) := true
  canContain(shelfType, bowlType) := true
  canContain(stoveBurnerType, kettleType) := true
  canContain(cartType, paperTowelType) := true
  canContain(cartType, sprayBottleType) := true
  canContain(cartType, toiletPaperRollType) := true
  canContain(cartType, vaseType) := true
  canContain(counterTopType, keyChainType) := true
  canContain(counterTopType, plateType) := true
  canContain(counterTopType, wineBottleType) := true
  canContain(counterTopType, watchType) := true
  canContain(counterTopType, paperTowelType) := true
  canContain(counterTopType, cdType) := true
  canContain(counterTopType, alarmClockType) := true
  canContain(counterTopType, sprayBottleType) := true
  canContain(counterTopType, basketBallType) := true
  canContain(counterTopType, saltShakerType) := true
  canContain(counterTopType, cellPhoneType) := true
  canContain(counterTopType, pencilType) := true
  canContain(counterTopType, kettleType) := true
  canContain(counterTopType, toiletPaperRollType) := true
  canContain(counterTopType, vaseType) := true
  canContain(counterTopType, bowlType) := true
  canContain(cabinetType, plateType) := true
  canContain(cabinetType, wineBottleType) := true
  canContain(cabinetType, sprayBottleType) := true
  canContain(cabinetType, saltShakerType) := true
  canContain(cabinetType, kettleType) := true
  canContain(cabinetType, toiletPaperRollType) := true
  canContain(cabinetType, vaseType) := true
  canContain(cabinetType, bowlType) := true
  canContain(bedType, basketBallType) := true
  canContain(bedType, cellPhoneType) := true
  canContain(bedType, pillowType) := true
  canContain(drawerType, keyChainType) := true
  canContain(drawerType, watchType) := true
  canContain(drawerType, sprayBottleType) := true
  canContain(drawerType, saltShakerType) := true
  canContain(drawerType, cellPhoneType) := true
  canContain(drawerType, pencilType) := true
  canContain(drawerType, toiletPaperRollType) := true
  canContain(toiletType, paperTowelType) := true
  canContain(toiletType, sprayBottleType) := true
  canContain(toiletType, toiletPaperRollType) := true
  canContain(microwaveType, plateType) := true
  canContain(microwaveType, bowlType) := true
  canContain(fridgeType, plateType) := true
  canContain(fridgeType, wineBottleType) := true
  canContain(fridgeType, bowlType) := true
  pickupable(keyChain_1) := true
  pickupable(keyChain_2) := true
  pickupable(plate_3) := true
  isReceptacleObject(plate_3) := true
  cleanable(plate_3) := true
  heatable(plate_3) := true
  coolable(plate_3) := true
  pickupable(wineBottle_4) := true
  pickupable(watch_5) := true
  pickupable(paperTowel_6) := true
  pickupable(cd_7) := true
  pickupable(alarmClock_8) := true
  pickupable(sprayBottle_9) := true
  pickupable(plate_10) := true
  isReceptacleObject(plate_10) := true
  cleanable(plate_10) := true
  heatable(plate_10) := true
  coolable(plate_10) := true
  pickupable(basketBall_11) := true
  pickupable(saltShaker_12) := true
  pickupable(cellPhone_13) := true
  pickupable(pencil_14) := true
  pickupable(kettle_15) := true
  cleanable(kettle_15) := true
  pickupable(toiletPaperRoll_16) := true
  pickupable(pillow_17) := true
  pickupable(vase_18) := true
  pickupable(wineBottle_19) := true
  pickupable(bowl_20) := true
  isReceptacleObject(bowl_20) := true
  cleanable(bowl_20) := true
  coolable(bowl_20) := true
  receptacleAtLocation(sideTable_1, location5) := true
  receptacleAtLocation(armChair_2, location13) := true
  receptacleAtLocation(desk_3, location10) := true
  receptacleAtLocation(toiletPaperHanger_4, location13) := true
  receptacleAtLocation(shelf_5, location15) := true
  receptacleAtLocation(stoveBurner_6, location18) := true
  receptacleAtLocation(stoveBurner_7, location20) := true
  receptacleAtLocation(cart_8, location1) := true
  receptacleAtLocation(counterTop_9, location2) := true
  receptacleAtLocation(cabinet_10, location12) := true
  receptacleAtLocation(cart_11, location15) := true
  receptacleAtLocation(bed_12, location7) := true
  receptacleAtLocation(bed_13, location12) := true
  receptacleAtLocation(drawer_14, location5) := true
  receptacleAtLocation(cart_15, location18) := true
  receptacleAtLocation(desk_16, location11) := true
  receptacleAtLocation(toilet_17, location9) := true
  receptacleAtLocation(laundryHamper_18, location17) := true
  receptacleAtLocation(coffeeMachine_19, location15) := true
  receptacleAtLocation(laundryHamper_20, location19) := true
  receptacleAtLocation(microwave_21, location8) := true
  receptacleAtLocation(fridge_22, location14) := true
  inReceptacle(keyChain_1, shelf_5) := true
  inReceptacle(keyChain_2, armChair_2) := true
  inReceptacle(plate_3, fridge_22) := true
  inReceptacle(wineBottle_4, sideTable_1) := true
  inReceptacle(watch_5, desk_16) := true
  inReceptacle(paperTowel_6, cart_11) := true
  inReceptacle(cd_7, shelf_5) := true
  inReceptacle(alarmClock_8, shelf_5) := true
  inReceptacle(sprayBottle_9, cart_11) := true
  inReceptacle(plate_10, desk_3) := true
  inReceptacle(basketBall_11, bed_13) := true
  inReceptacle(saltShaker_12, drawer_14) := true
  inReceptacle(cellPhone_13, armChair_2) := true
  inReceptacle(pencil_14, sideTable_1) := true
  inReceptacle(kettle_15, cabinet_10) := true
  inReceptacle(toiletPaperRoll_16, sideTable_1) := true
  inReceptacle(pillow_17, armChair_2) := true
  inReceptacle(vase_18, shelf_5) := true
  inReceptacle(wineBottle_19, desk_3) := true
  inReceptacle(bowl_20, shelf_5) := true
  objectAtLocation(keyChain_1, location15) := true
  objectAtLocation(keyChain_2, location13) := true
  objectAtLocation(plate_3, location14) := true
  objectAtLocation(wineBottle_4, location5) := true
  objectAtLocation(watch_5, location11) := true
  objectAtLocation(paperTowel_6, location15) := true
  objectAtLocation(cd_7, location15) := true
  objectAtLocation(alarmClock_8, location15) := true
  objectAtLocation(sprayBottle_9, location15) := true
  objectAtLocation(plate_10, location10) := true
  objectAtLocation(basketBall_11, location12) := true
  objectAtLocation(saltShaker_12, location5) := true
  objectAtLocation(cellPhone_13, location13) := true
  objectAtLocation(pencil_14, location5) := true
  objectAtLocation(kettle_15, location12) := true
  objectAtLocation(toiletPaperRoll_16, location5) := true
  objectAtLocation(pillow_17, location13) := true
  objectAtLocation(vase_18, location15) := true
  objectAtLocation(wineBottle_19, location10) := true
  objectAtLocation(bowl_20, location15) := true
  atLocation(agent1, location5) := true
]

goals = [
  Exists (Receptacle - Checkable r) Exists (Obj - Checkable o) (inReceptacle(o, r) and objectType(o, basketBallType) and receptacleType(r, deskType))
]

quality metrics = [
  minimize sequential-plan-length
]


2025-08-13 09:30:31,096 - INFO - Generating plan for unconstrained problem

2025-08-13 09:30:32,031 - INFO - Unconstrained plan generation time: 0.9352965354919434

2025-08-13 09:30:32,032 - INFO - Unconstrained plan and cost: 
2025-08-13 09:30:32,032 - INFO - SequentialPlan:
    goToLocation(agent1, location5, location12)
    pickupObject(agent1, location12, basketBall_11, bed_13)
    goToLocation(agent1, location12, location10)
    putObject(agent1, location10, basketBall_11, desk_3, basketBallType, deskType)
2025-08-13 09:30:32,032 - INFO - 4
2025-08-13 09:30:47,853 - INFO - Sampled constraints:

2025-08-13 09:30:47,853 - INFO - Sometime(holdsAny(agent1))
2025-08-13 09:30:47,853 - INFO - Sometime-After(holdsAny(agent1), holds(agent1, cellPhone_13))
2025-08-13 09:30:47,853 - INFO - Sometime((objectAtLocation(saltShaker_12, location20) or objectAtLocation(kettle_15, location3)))
2025-08-13 09:30:47,853 - INFO - Sometime(holds(agent1, basketBall_11))
2025-08-13 09:30:47,853 - INFO - Sometime-Before(holds(agent1, basketBall_11), atLocation(agent1, location10))
2025-08-13 09:30:47,853 - INFO - Sometime((objectAtLocation(basketBall_11, location13) or atLocation(agent1, location16)))
2025-08-13 09:30:47,853 - INFO - Sometime((objectAtLocation(plate_3, location1) and inReceptacleObject(cellPhone_13, paperTowel_6)))
2025-08-13 09:30:47,853 - INFO - Sometime(atLocation(agent1, location12))
2025-08-13 09:30:47,853 - INFO - Sometime-Before(atLocation(agent1, location12), (inReceptacleObject(pencil_14, watch_5) or holdsAny(agent1)))
2025-08-13 09:30:47,853 - INFO - Sometime(objectAtLocation(basketBall_11, location6))
2025-08-13 09:30:47,854 - INFO - Sometime(holds(agent1, cellPhone_13))
2025-08-13 09:30:47,854 - INFO - Sometime(inReceptacleObject(kettle_15, cellPhone_13))
2025-08-13 09:30:47,854 - INFO - Sometime(holds(agent1, toiletPaperRoll_16))
2025-08-13 09:30:47,854 - INFO - 
2025-08-13 09:30:47,854 - INFO - Generation time: 15.82099461555481

2025-08-13 09:30:47,855 - INFO - Generating plan for constrained problem (with LiftedTCORE).

2025-08-13 09:30:48,306 - INFO - LiftedTCORE compilation time: 0.45151209831237793

2025-08-13 09:30:49,050 - INFO - Planning Time with LiftedTCORE's file: 0.7434136867523193

