2026-01-03 11:27:41,086 - INFO - Statistics: 
2026-01-03 11:27:41,086 - INFO - 	Number of Generated Problems: 1
2026-01-03 11:27:41,086 - INFO - Costs: 
2026-01-03 11:27:41,086 - INFO - 	unconstrained: 
2026-01-03 11:27:41,086 - INFO - 		Sum: 2
2026-01-03 11:27:41,086 - INFO - 		Average: 2.0
2026-01-03 11:27:41,086 - INFO - 		Min: 2
2026-01-03 11:27:41,086 - INFO - 		Max: 2
2026-01-03 11:27:41,086 - INFO - 	constrained: 
2026-01-03 11:27:41,086 - INFO - 		Sum: 7
2026-01-03 11:27:41,086 - INFO - 		Average: 7.0
2026-01-03 11:27:41,086 - INFO - 		Min: 7
2026-01-03 11:27:41,086 - INFO - 		Max: 7
2026-01-03 11:27:41,086 - INFO - Times: 
2026-01-03 11:27:41,086 - INFO - 	unconstrained_planning: 
2026-01-03 11:27:41,086 - INFO - 		Sum: 2.384185791015625e-07
2026-01-03 11:27:41,086 - INFO - 		Average: 2.384185791015625e-07
2026-01-03 11:27:41,086 - INFO - 		Min: 2.384185791015625e-07
2026-01-03 11:27:41,086 - INFO - 		Max: 2.384185791015625e-07
2026-01-03 11:27:41,086 - INFO - 	constraints_generation: 
2026-01-03 11:27:41,086 - INFO - 		Sum: 0.40492749214172363
2026-01-03 11:27:41,086 - INFO - 		Average: 0.40492749214172363
2026-01-03 11:27:41,086 - INFO - 		Min: 0.40492749214172363
2026-01-03 11:27:41,086 - INFO - 		Max: 0.40492749214172363
2026-01-03 11:27:41,086 - INFO - 	compilation: 
2026-01-03 11:27:41,086 - INFO - 		Sum: 0.006987094879150391
2026-01-03 11:27:41,086 - INFO - 		Average: 0.006987094879150391
2026-01-03 11:27:41,086 - INFO - 		Min: 0.006987094879150391
2026-01-03 11:27:41,086 - INFO - 		Max: 0.006987094879150391
2026-01-03 11:27:41,086 - INFO - 	constrained_planning: 
2026-01-03 11:27:41,086 - INFO - 		Sum: 0.40408778190612793
2026-01-03 11:27:41,086 - INFO - 		Average: 0.40408778190612793
2026-01-03 11:27:41,086 - INFO - 		Min: 0.40408778190612793
2026-01-03 11:27:41,086 - INFO - 		Max: 0.40408778190612793
2026-01-03 11:27:41,086 - INFO - 	pddl2nl: 
2026-01-03 11:27:41,086 - INFO - 		Sum: 0.0007135868072509766
2026-01-03 11:27:41,086 - INFO - 		Average: 0.0007135868072509766
2026-01-03 11:27:41,086 - INFO - 		Min: 0.0007135868072509766
2026-01-03 11:27:41,086 - INFO - 		Max: 0.0007135868072509766
2026-01-03 11:27:41,086 - INFO - 	total: 
2026-01-03 11:27:41,086 - INFO - 		Sum: 1.249903678894043
2026-01-03 11:27:41,086 - INFO - 		Average: 1.249903678894043
2026-01-03 11:27:41,086 - INFO - 		Min: 1.249903678894043
2026-01-03 11:27:41,086 - INFO - 		Max: 1.249903678894043
2026-01-03 11:27:41,086 - INFO - Total execution time: 1.2567343711853027
