2025-03-27 16:09:40,692 - INFO - Statistics: 
2025-03-27 16:09:40,692 - INFO - 	Number of total seeds: 50
2025-03-27 16:09:40,692 - INFO - 	Infeasible unconstrained problems generated: 0/50
2025-03-27 16:09:40,692 - INFO - 	Unsolvable constrained problems generated: 22/50
2025-03-27 16:09:40,692 - INFO - 	Constrained problems without cost increase generated: 0/28
2025-03-27 16:09:40,692 - INFO - 	Infeasible constrained problems generated: 0/28
2025-03-27 16:09:40,692 - INFO - 	Number of feasible problems generated: 28
2025-03-27 16:09:40,692 - INFO - Costs: 
2025-03-27 16:09:40,692 - INFO - 	Unconstrained plan costs: 
2025-03-27 16:09:40,692 - INFO - 		Sum: 112
2025-03-27 16:09:40,692 - INFO - 		Average: 4.0
2025-03-27 16:09:40,692 - INFO - 		Min: 4
2025-03-27 16:09:40,692 - INFO - 		Max: 4
2025-03-27 16:09:40,692 - INFO - 	Constrained plan costs: 
2025-03-27 16:09:40,692 - INFO - 		Sum: 142
2025-03-27 16:09:40,692 - INFO - 		Average: 5.071428571428571
2025-03-27 16:09:40,692 - INFO - 		Min: 5
2025-03-27 16:09:40,692 - INFO - 		Max: 6
2025-03-27 16:09:40,692 - INFO - Times: 
2025-03-27 16:09:40,692 - INFO - 	Unconstrained plan generation: 
2025-03-27 16:09:40,692 - INFO - 		Sum: 9.456966400146484
2025-03-27 16:09:40,692 - INFO - 		Average: 0.3377488000052316
2025-03-27 16:09:40,692 - INFO - 		Min: 0.3123354911804199
2025-03-27 16:09:40,692 - INFO - 		Max: 0.4636952877044678
2025-03-27 16:09:40,692 - INFO - 	Constraint generation: 
2025-03-27 16:09:40,692 - INFO - 		Sum: 1.6379258632659912
2025-03-27 16:09:40,692 - INFO - 		Average: 0.05849735225949969
2025-03-27 16:09:40,692 - INFO - 		Min: 0.04197359085083008
2025-03-27 16:09:40,692 - INFO - 		Max: 0.14547967910766602
2025-03-27 16:09:40,692 - INFO - 	Constrained plan generation: 
2025-03-27 16:09:40,692 - INFO - 		Sum: 25.52853536605835
2025-03-27 16:09:40,692 - INFO - 		Average: 0.9117334059306553
2025-03-27 16:09:40,692 - INFO - 		Min: 0.8383207321166992
2025-03-27 16:09:40,692 - INFO - 		Max: 1.1960029602050781
2025-03-27 16:09:40,692 - INFO - Total execution time: 76.34856057167053
