2026-04-01 16:35:41,247 - INFO - 
================= Seed: 980 =================

2026-04-01 16:35:41,701 - INFO - problem name = Minigrid

types = [Room, ObjectOrDoor, Object - ObjectOrDoor, Color, Door - ObjectOrDoor, Empty - Object, Box - Object, Ball - Object]

fluents = [
  bool agentInRoom[room=Room]
  bool objectInRoom[obj=Object - ObjectOrDoor, room=Room]
  bool objectColor[objectOrDoor=ObjectOrDoor, color=Color]
  bool at[objectOrDoor=ObjectOrDoor]
  bool carrying[obj=Object - ObjectOrDoor]
  bool locked[door=Door - ObjectOrDoor]
  bool adjacentRooms[room1=Room, room2=Room, door=Door - ObjectOrDoor]
  bool blocked[door=Door - ObjectOrDoor, obj=Object - ObjectOrDoor, room=Room]
  bool visited[room=Room]
  bool emptyHands
]

actions = [
  action gotoObject(Object - ObjectOrDoor obj, Room room) {
    preconditions = [
      objectInRoom(obj, room)
      agentInRoom(room)
    ]
    effects = [
      forall Object - ObjectOrDoor o if at(o) then at(o) := false
      forall Door - ObjectOrDoor d if at(d) then at(d) := false
      at(obj) := true
    ]
  }
  action gotoEmpty {
    preconditions = [
    ]
    effects = [
      forall Object - ObjectOrDoor o if at(o) then at(o) := false
      forall Door - ObjectOrDoor d if at(d) then at(d) := false
      at(empty) := true
    ]
  }
  action gotoDoor(Door - ObjectOrDoor door, Room room1, Room room2) {
    preconditions = [
      adjacentRooms(room1, room2, door)
      agentInRoom(room1)
      Forall (Object - ObjectOrDoor o) (not blocked(door, o, room1))
    ]
    effects = [
      forall Object - ObjectOrDoor o if at(o) then at(o) := false
      forall Door - ObjectOrDoor d if at(d) then at(d) := false
      at(door) := true
    ]
  }
  action gotoRoom(Room room1, Room room2, Door - ObjectOrDoor door) {
    preconditions = [
      agentInRoom(room1)
      adjacentRooms(room1, room2, door)
      (not locked(door))
    ]
    effects = [
      agentInRoom(room1) := false
      agentInRoom(room2) := true
      visited(room2) := true
      forall Object - ObjectOrDoor o if at(o) then at(o) := false
      forall Door - ObjectOrDoor d if at(d) then at(d) := false
    ]
  }
  action pick(Object - ObjectOrDoor obj, Room room) {
    preconditions = [
      agentInRoom(room)
      objectInRoom(obj, room)
      at(obj)
      emptyHands
    ]
    effects = [
      at(obj) := false
      emptyHands := false
      carrying(obj) := true
      objectInRoom(obj, room) := false
      forall Door - ObjectOrDoor d if blocked(d, obj, room) then blocked(d, obj, room) := false
    ]
  }
  action drop(Object - ObjectOrDoor obj, Room room) {
    preconditions = [
      agentInRoom(room)
      carrying(obj)
      (not emptyHands)
      at(empty)
    ]
    effects = [
      carrying(obj) := false
      at(obj) := true
      at(empty) := false
      emptyHands := true
      objectInRoom(obj, room) := true
    ]
  }
  action toggle(Door - ObjectOrDoor door) {
    preconditions = [
      at(door)
    ]
    effects = [
      if (not locked(door)) then locked(door) := true
      if locked(door) then locked(door) := false
    ]
  }
]

objects = [
  Room: [room_1, room_2, room_3, room_4]
  ObjectOrDoor: [empty, grey_box_1, red_box_1, red_box_2, yellow_ball_1, purple_box_1, yellow_ball_2, red_ball_1, yellow_box_1, purple_door_1, yellow_door_1, grey_door_1, blue_door_1]
  Object - ObjectOrDoor: [empty, grey_box_1, red_box_1, red_box_2, yellow_ball_1, purple_box_1, yellow_ball_2, red_ball_1, yellow_box_1]
  Color: [RedType, GreenType, BlueType, YellowType, PurpleType, GreyType]
  Door - ObjectOrDoor: [purple_door_1, yellow_door_1, grey_door_1, blue_door_1]
  Empty - Object: [empty]
  Box - Object: [grey_box_1, red_box_1, red_box_2, purple_box_1, yellow_box_1]
  Ball - Object: [yellow_ball_1, yellow_ball_2, red_ball_1]
]

initial fluents default = [
  bool agentInRoom[room=Room] := false
  bool objectInRoom[obj=Object - ObjectOrDoor, room=Room] := false
  bool objectColor[objectOrDoor=ObjectOrDoor, color=Color] := false
  bool at[objectOrDoor=ObjectOrDoor] := false
  bool carrying[obj=Object - ObjectOrDoor] := false
  bool locked[door=Door - ObjectOrDoor] := false
  bool adjacentRooms[room1=Room, room2=Room, door=Door - ObjectOrDoor] := false
  bool blocked[door=Door - ObjectOrDoor, obj=Object - ObjectOrDoor, room=Room] := false
  bool visited[room=Room] := false
  bool emptyHands := false
]

initial values = [
  agentInRoom(room_2) := true
  objectInRoom(red_ball_1, room_1) := true
  objectInRoom(yellow_box_1, room_1) := true
  objectInRoom(red_box_1, room_1) := true
  objectInRoom(grey_box_1, room_2) := true
  objectInRoom(red_box_2, room_2) := true
  objectInRoom(purple_box_1, room_3) := true
  objectInRoom(yellow_ball_1, room_4) := true
  objectInRoom(yellow_ball_2, room_4) := true
  objectColor(red_ball_1, RedType) := true
  objectColor(yellow_box_1, YellowType) := true
  objectColor(red_box_1, RedType) := true
  objectColor(grey_box_1, GreyType) := true
  objectColor(red_box_2, RedType) := true
  objectColor(purple_box_1, PurpleType) := true
  objectColor(yellow_ball_1, YellowType) := true
  objectColor(yellow_ball_2, YellowType) := true
  objectColor(purple_door_1, PurpleType) := true
  objectColor(yellow_door_1, YellowType) := true
  objectColor(grey_door_1, GreyType) := true
  objectColor(blue_door_1, BlueType) := true
  emptyHands := true
  locked(purple_door_1) := true
  locked(yellow_door_1) := true
  locked(grey_door_1) := true
  locked(blue_door_1) := true
  adjacentRooms(room_2, room_1, purple_door_1) := true
  adjacentRooms(room_1, room_2, purple_door_1) := true
  adjacentRooms(room_3, room_1, yellow_door_1) := true
  adjacentRooms(room_1, room_3, yellow_door_1) := true
  adjacentRooms(room_4, room_2, grey_door_1) := true
  adjacentRooms(room_2, room_4, grey_door_1) := true
  adjacentRooms(room_4, room_3, blue_door_1) := true
  adjacentRooms(room_3, room_4, blue_door_1) := true
  visited(room_2) := true
  agentInRoom(room_1) := false
  agentInRoom(room_3) := false
  agentInRoom(room_4) := false
  objectInRoom(empty, room_1) := false
  objectInRoom(grey_box_1, room_1) := false
  objectInRoom(red_box_2, room_1) := false
  objectInRoom(yellow_ball_1, room_1) := false
  objectInRoom(purple_box_1, room_1) := false
  objectInRoom(yellow_ball_2, room_1) := false
  objectInRoom(empty, room_2) := false
  objectInRoom(red_box_1, room_2) := false
  objectInRoom(yellow_ball_1, room_2) := false
  objectInRoom(purple_box_1, room_2) := false
  objectInRoom(yellow_ball_2, room_2) := false
  objectInRoom(red_ball_1, room_2) := false
  objectInRoom(yellow_box_1, room_2) := false
  objectInRoom(empty, room_3) := false
  objectInRoom(grey_box_1, room_3) := false
  objectInRoom(red_box_1, room_3) := false
  objectInRoom(red_box_2, room_3) := false
  objectInRoom(yellow_ball_1, room_3) := false
  objectInRoom(yellow_ball_2, room_3) := false
  objectInRoom(red_ball_1, room_3) := false
  objectInRoom(yellow_box_1, room_3) := false
  objectInRoom(empty, room_4) := false
  objectInRoom(grey_box_1, room_4) := false
  objectInRoom(red_box_1, room_4) := false
  objectInRoom(red_box_2, room_4) := false
  objectInRoom(purple_box_1, room_4) := false
  objectInRoom(red_ball_1, room_4) := false
  objectInRoom(yellow_box_1, room_4) := false
  objectColor(empty, RedType) := false
  objectColor(grey_box_1, RedType) := false
  objectColor(yellow_ball_1, RedType) := false
  objectColor(purple_box_1, RedType) := false
  objectColor(yellow_ball_2, RedType) := false
  objectColor(yellow_box_1, RedType) := false
  objectColor(purple_door_1, RedType) := false
  objectColor(yellow_door_1, RedType) := false
  objectColor(grey_door_1, RedType) := false
  objectColor(blue_door_1, RedType) := false
  objectColor(empty, GreenType) := false
  objectColor(grey_box_1, GreenType) := false
  objectColor(red_box_1, GreenType) := false
  objectColor(red_box_2, GreenType) := false
  objectColor(yellow_ball_1, GreenType) := false
  objectColor(purple_box_1, GreenType) := false
  objectColor(yellow_ball_2, GreenType) := false
  objectColor(red_ball_1, GreenType) := false
  objectColor(yellow_box_1, GreenType) := false
  objectColor(purple_door_1, GreenType) := false
  objectColor(yellow_door_1, GreenType) := false
  objectColor(grey_door_1, GreenType) := false
  objectColor(blue_door_1, GreenType) := false
  objectColor(empty, BlueType) := false
  objectColor(grey_box_1, BlueType) := false
  objectColor(red_box_1, BlueType) := false
  objectColor(red_box_2, BlueType) := false
  objectColor(yellow_ball_1, BlueType) := false
  objectColor(purple_box_1, BlueType) := false
  objectColor(yellow_ball_2, BlueType) := false
  objectColor(red_ball_1, BlueType) := false
  objectColor(yellow_box_1, BlueType) := false
  objectColor(purple_door_1, BlueType) := false
  objectColor(yellow_door_1, BlueType) := false
  objectColor(grey_door_1, BlueType) := false
  objectColor(empty, YellowType) := false
  objectColor(grey_box_1, YellowType) := false
  objectColor(red_box_1, YellowType) := false
  objectColor(red_box_2, YellowType) := false
  objectColor(purple_box_1, YellowType) := false
  objectColor(red_ball_1, YellowType) := false
  objectColor(purple_door_1, YellowType) := false
  objectColor(grey_door_1, YellowType) := false
  objectColor(blue_door_1, YellowType) := false
  objectColor(empty, PurpleType) := false
  objectColor(grey_box_1, PurpleType) := false
  objectColor(red_box_1, PurpleType) := false
  objectColor(red_box_2, PurpleType) := false
  objectColor(yellow_ball_1, PurpleType) := false
  objectColor(yellow_ball_2, PurpleType) := false
  objectColor(red_ball_1, PurpleType) := false
  objectColor(yellow_box_1, PurpleType) := false
  objectColor(yellow_door_1, PurpleType) := false
  objectColor(grey_door_1, PurpleType) := false
  objectColor(blue_door_1, PurpleType) := false
  objectColor(empty, GreyType) := false
  objectColor(red_box_1, GreyType) := false
  objectColor(red_box_2, GreyType) := false
  objectColor(yellow_ball_1, GreyType) := false
  objectColor(purple_box_1, GreyType) := false
  objectColor(yellow_ball_2, GreyType) := false
  objectColor(red_ball_1, GreyType) := false
  objectColor(yellow_box_1, GreyType) := false
  objectColor(purple_door_1, GreyType) := false
  objectColor(yellow_door_1, GreyType) := false
  objectColor(blue_door_1, GreyType) := false
  at(empty) := false
  at(grey_box_1) := false
  at(red_box_1) := false
  at(red_box_2) := false
  at(yellow_ball_1) := false
  at(purple_box_1) := false
  at(yellow_ball_2) := false
  at(red_ball_1) := false
  at(yellow_box_1) := false
  at(purple_door_1) := false
  at(yellow_door_1) := false
  at(grey_door_1) := false
  at(blue_door_1) := false
  carrying(empty) := false
  carrying(grey_box_1) := false
  carrying(red_box_1) := false
  carrying(red_box_2) := false
  carrying(yellow_ball_1) := false
  carrying(purple_box_1) := false
  carrying(yellow_ball_2) := false
  carrying(red_ball_1) := false
  carrying(yellow_box_1) := false
  adjacentRooms(room_1, room_1, purple_door_1) := false
  adjacentRooms(room_3, room_1, purple_door_1) := false
  adjacentRooms(room_4, room_1, purple_door_1) := false
  adjacentRooms(room_2, room_2, purple_door_1) := false
  adjacentRooms(room_3, room_2, purple_door_1) := false
  adjacentRooms(room_4, room_2, purple_door_1) := false
  adjacentRooms(room_1, room_3, purple_door_1) := false
  adjacentRooms(room_2, room_3, purple_door_1) := false
  adjacentRooms(room_3, room_3, purple_door_1) := false
  adjacentRooms(room_4, room_3, purple_door_1) := false
  adjacentRooms(room_1, room_4, purple_door_1) := false
  adjacentRooms(room_2, room_4, purple_door_1) := false
  adjacentRooms(room_3, room_4, purple_door_1) := false
  adjacentRooms(room_4, room_4, purple_door_1) := false
  adjacentRooms(room_1, room_1, yellow_door_1) := false
  adjacentRooms(room_2, room_1, yellow_door_1) := false
  adjacentRooms(room_4, room_1, yellow_door_1) := false
  adjacentRooms(room_1, room_2, yellow_door_1) := false
  adjacentRooms(room_2, room_2, yellow_door_1) := false
  adjacentRooms(room_3, room_2, yellow_door_1) := false
  adjacentRooms(room_4, room_2, yellow_door_1) := false
  adjacentRooms(room_2, room_3, yellow_door_1) := false
  adjacentRooms(room_3, room_3, yellow_door_1) := false
  adjacentRooms(room_4, room_3, yellow_door_1) := false
  adjacentRooms(room_1, room_4, yellow_door_1) := false
  adjacentRooms(room_2, room_4, yellow_door_1) := false
  adjacentRooms(room_3, room_4, yellow_door_1) := false
  adjacentRooms(room_4, room_4, yellow_door_1) := false
  adjacentRooms(room_1, room_1, grey_door_1) := false
  adjacentRooms(room_2, room_1, grey_door_1) := false
  adjacentRooms(room_3, room_1, grey_door_1) := false
  adjacentRooms(room_4, room_1, grey_door_1) := false
  adjacentRooms(room_1, room_2, grey_door_1) := false
  adjacentRooms(room_2, room_2, grey_door_1) := false
  adjacentRooms(room_3, room_2, grey_door_1) := false
  adjacentRooms(room_1, room_3, grey_door_1) := false
  adjacentRooms(room_2, room_3, grey_door_1) := false
  adjacentRooms(room_3, room_3, grey_door_1) := false
  adjacentRooms(room_4, room_3, grey_door_1) := false
  adjacentRooms(room_1, room_4, grey_door_1) := false
  adjacentRooms(room_3, room_4, grey_door_1) := false
  adjacentRooms(room_4, room_4, grey_door_1) := false
  adjacentRooms(room_1, room_1, blue_door_1) := false
  adjacentRooms(room_2, room_1, blue_door_1) := false
  adjacentRooms(room_3, room_1, blue_door_1) := false
  adjacentRooms(room_4, room_1, blue_door_1) := false
  adjacentRooms(room_1, room_2, blue_door_1) := false
  adjacentRooms(room_2, room_2, blue_door_1) := false
  adjacentRooms(room_3, room_2, blue_door_1) := false
  adjacentRooms(room_4, room_2, blue_door_1) := false
  adjacentRooms(room_1, room_3, blue_door_1) := false
  adjacentRooms(room_2, room_3, blue_door_1) := false
  adjacentRooms(room_3, room_3, blue_door_1) := false
  adjacentRooms(room_1, room_4, blue_door_1) := false
  adjacentRooms(room_2, room_4, blue_door_1) := false
  adjacentRooms(room_4, room_4, blue_door_1) := false
  blocked(purple_door_1, empty, room_1) := false
  blocked(yellow_door_1, empty, room_1) := false
  blocked(grey_door_1, empty, room_1) := false
  blocked(blue_door_1, empty, room_1) := false
  blocked(purple_door_1, grey_box_1, room_1) := false
  blocked(yellow_door_1, grey_box_1, room_1) := false
  blocked(grey_door_1, grey_box_1, room_1) := false
  blocked(blue_door_1, grey_box_1, room_1) := false
  blocked(purple_door_1, red_box_1, room_1) := false
  blocked(yellow_door_1, red_box_1, room_1) := false
  blocked(grey_door_1, red_box_1, room_1) := false
  blocked(blue_door_1, red_box_1, room_1) := false
  blocked(purple_door_1, red_box_2, room_1) := false
  blocked(yellow_door_1, red_box_2, room_1) := false
  blocked(grey_door_1, red_box_2, room_1) := false
  blocked(blue_door_1, red_box_2, room_1) := false
  blocked(purple_door_1, yellow_ball_1, room_1) := false
  blocked(yellow_door_1, yellow_ball_1, room_1) := false
  blocked(grey_door_1, yellow_ball_1, room_1) := false
  blocked(blue_door_1, yellow_ball_1, room_1) := false
  blocked(purple_door_1, purple_box_1, room_1) := false
  blocked(yellow_door_1, purple_box_1, room_1) := false
  blocked(grey_door_1, purple_box_1, room_1) := false
  blocked(blue_door_1, purple_box_1, room_1) := false
  blocked(purple_door_1, yellow_ball_2, room_1) := false
  blocked(yellow_door_1, yellow_ball_2, room_1) := false
  blocked(grey_door_1, yellow_ball_2, room_1) := false
  blocked(blue_door_1, yellow_ball_2, room_1) := false
  blocked(purple_door_1, red_ball_1, room_1) := false
  blocked(yellow_door_1, red_ball_1, room_1) := false
  blocked(grey_door_1, red_ball_1, room_1) := false
  blocked(blue_door_1, red_ball_1, room_1) := false
  blocked(purple_door_1, yellow_box_1, room_1) := false
  blocked(yellow_door_1, yellow_box_1, room_1) := false
  blocked(grey_door_1, yellow_box_1, room_1) := false
  blocked(blue_door_1, yellow_box_1, room_1) := false
  blocked(purple_door_1, empty, room_2) := false
  blocked(yellow_door_1, empty, room_2) := false
  blocked(grey_door_1, empty, room_2) := false
  blocked(blue_door_1, empty, room_2) := false
  blocked(purple_door_1, grey_box_1, room_2) := false
  blocked(yellow_door_1, grey_box_1, room_2) := false
  blocked(grey_door_1, grey_box_1, room_2) := false
  blocked(blue_door_1, grey_box_1, room_2) := false
  blocked(purple_door_1, red_box_1, room_2) := false
  blocked(yellow_door_1, red_box_1, room_2) := false
  blocked(grey_door_1, red_box_1, room_2) := false
  blocked(blue_door_1, red_box_1, room_2) := false
  blocked(purple_door_1, red_box_2, room_2) := false
  blocked(yellow_door_1, red_box_2, room_2) := false
  blocked(grey_door_1, red_box_2, room_2) := false
  blocked(blue_door_1, red_box_2, room_2) := false
  blocked(purple_door_1, yellow_ball_1, room_2) := false
  blocked(yellow_door_1, yellow_ball_1, room_2) := false
  blocked(grey_door_1, yellow_ball_1, room_2) := false
  blocked(blue_door_1, yellow_ball_1, room_2) := false
  blocked(purple_door_1, purple_box_1, room_2) := false
  blocked(yellow_door_1, purple_box_1, room_2) := false
  blocked(grey_door_1, purple_box_1, room_2) := false
  blocked(blue_door_1, purple_box_1, room_2) := false
  blocked(purple_door_1, yellow_ball_2, room_2) := false
  blocked(yellow_door_1, yellow_ball_2, room_2) := false
  blocked(grey_door_1, yellow_ball_2, room_2) := false
  blocked(blue_door_1, yellow_ball_2, room_2) := false
  blocked(purple_door_1, red_ball_1, room_2) := false
  blocked(yellow_door_1, red_ball_1, room_2) := false
  blocked(grey_door_1, red_ball_1, room_2) := false
  blocked(blue_door_1, red_ball_1, room_2) := false
  blocked(purple_door_1, yellow_box_1, room_2) := false
  blocked(yellow_door_1, yellow_box_1, room_2) := false
  blocked(grey_door_1, yellow_box_1, room_2) := false
  blocked(blue_door_1, yellow_box_1, room_2) := false
  blocked(purple_door_1, empty, room_3) := false
  blocked(yellow_door_1, empty, room_3) := false
  blocked(grey_door_1, empty, room_3) := false
  blocked(blue_door_1, empty, room_3) := false
  blocked(purple_door_1, grey_box_1, room_3) := false
  blocked(yellow_door_1, grey_box_1, room_3) := false
  blocked(grey_door_1, grey_box_1, room_3) := false
  blocked(blue_door_1, grey_box_1, room_3) := false
  blocked(purple_door_1, red_box_1, room_3) := false
  blocked(yellow_door_1, red_box_1, room_3) := false
  blocked(grey_door_1, red_box_1, room_3) := false
  blocked(blue_door_1, red_box_1, room_3) := false
  blocked(purple_door_1, red_box_2, room_3) := false
  blocked(yellow_door_1, red_box_2, room_3) := false
  blocked(grey_door_1, red_box_2, room_3) := false
  blocked(blue_door_1, red_box_2, room_3) := false
  blocked(purple_door_1, yellow_ball_1, room_3) := false
  blocked(yellow_door_1, yellow_ball_1, room_3) := false
  blocked(grey_door_1, yellow_ball_1, room_3) := false
  blocked(blue_door_1, yellow_ball_1, room_3) := false
  blocked(purple_door_1, purple_box_1, room_3) := false
  blocked(yellow_door_1, purple_box_1, room_3) := false
  blocked(grey_door_1, purple_box_1, room_3) := false
  blocked(blue_door_1, purple_box_1, room_3) := false
  blocked(purple_door_1, yellow_ball_2, room_3) := false
  blocked(yellow_door_1, yellow_ball_2, room_3) := false
  blocked(grey_door_1, yellow_ball_2, room_3) := false
  blocked(blue_door_1, yellow_ball_2, room_3) := false
  blocked(purple_door_1, red_ball_1, room_3) := false
  blocked(yellow_door_1, red_ball_1, room_3) := false
  blocked(grey_door_1, red_ball_1, room_3) := false
  blocked(blue_door_1, red_ball_1, room_3) := false
  blocked(purple_door_1, yellow_box_1, room_3) := false
  blocked(yellow_door_1, yellow_box_1, room_3) := false
  blocked(grey_door_1, yellow_box_1, room_3) := false
  blocked(blue_door_1, yellow_box_1, room_3) := false
  blocked(purple_door_1, empty, room_4) := false
  blocked(yellow_door_1, empty, room_4) := false
  blocked(grey_door_1, empty, room_4) := false
  blocked(blue_door_1, empty, room_4) := false
  blocked(purple_door_1, grey_box_1, room_4) := false
  blocked(yellow_door_1, grey_box_1, room_4) := false
  blocked(grey_door_1, grey_box_1, room_4) := false
  blocked(blue_door_1, grey_box_1, room_4) := false
  blocked(purple_door_1, red_box_1, room_4) := false
  blocked(yellow_door_1, red_box_1, room_4) := false
  blocked(grey_door_1, red_box_1, room_4) := false
  blocked(blue_door_1, red_box_1, room_4) := false
  blocked(purple_door_1, red_box_2, room_4) := false
  blocked(yellow_door_1, red_box_2, room_4) := false
  blocked(grey_door_1, red_box_2, room_4) := false
  blocked(blue_door_1, red_box_2, room_4) := false
  blocked(purple_door_1, yellow_ball_1, room_4) := false
  blocked(yellow_door_1, yellow_ball_1, room_4) := false
  blocked(grey_door_1, yellow_ball_1, room_4) := false
  blocked(blue_door_1, yellow_ball_1, room_4) := false
  blocked(purple_door_1, purple_box_1, room_4) := false
  blocked(yellow_door_1, purple_box_1, room_4) := false
  blocked(grey_door_1, purple_box_1, room_4) := false
  blocked(blue_door_1, purple_box_1, room_4) := false
  blocked(purple_door_1, yellow_ball_2, room_4) := false
  blocked(yellow_door_1, yellow_ball_2, room_4) := false
  blocked(grey_door_1, yellow_ball_2, room_4) := false
  blocked(blue_door_1, yellow_ball_2, room_4) := false
  blocked(purple_door_1, red_ball_1, room_4) := false
  blocked(yellow_door_1, red_ball_1, room_4) := false
  blocked(grey_door_1, red_ball_1, room_4) := false
  blocked(blue_door_1, red_ball_1, room_4) := false
  blocked(purple_door_1, yellow_box_1, room_4) := false
  blocked(yellow_door_1, yellow_box_1, room_4) := false
  blocked(grey_door_1, yellow_box_1, room_4) := false
  blocked(blue_door_1, yellow_box_1, room_4) := false
  visited(room_1) := false
  visited(room_3) := false
  visited(room_4) := false
]

goals = [
  Exists (Box - Object v) (objectColor(v, PurpleType) and carrying(v) and agentInRoom(room_3))
]

quality metrics = [
  minimize sequential-plan-length
]


2026-04-01 16:35:41,707 - INFO - Generating plan for unconstrained problem

2026-04-01 16:35:41,707 - INFO - Unconstrained plan generation time: 0.0

2026-04-01 16:35:41,707 - INFO - Unconstrained plan and cost: 
2026-04-01 16:35:41,707 - INFO - SequentialPlan:
    gotoDoor(purple_door_1, room_2, room_1)
    toggle(purple_door_1)
    gotoRoom(room_2, room_1, purple_door_1)
    gotoDoor(yellow_door_1, room_1, room_3)
    toggle(yellow_door_1)
    gotoRoom(room_1, room_3, yellow_door_1)
    gotoObject(purple_box_1, room_3)
    pick(purple_box_1, room_3)
2026-04-01 16:35:41,707 - INFO - 8
2026-04-01 16:35:41,923 - INFO - Sampled constraints:

2026-04-01 16:35:41,923 - INFO - Sometime(at(purple_box_1))
2026-04-01 16:35:41,923 - INFO - Sometime-Before(at(purple_box_1), carrying(red_box_1))
2026-04-01 16:35:41,923 - INFO - 
2026-04-01 16:35:41,923 - INFO - Generation time: 0.18059992790222168

2026-04-01 16:35:41,923 - INFO - Generating plan for constrained problem (with LiftedTCORE).

2026-04-01 16:35:41,940 - INFO - LiftedTCORE compilation time: 0.017017126083374023

2026-04-01 16:35:42,465 - INFO - Planning Time with LiftedTCORE's file: 0.5246086120605469

2026-04-01 16:35:42,465 - INFO - Plan found with LiftedTCORE + sym_bd: SequentialPlan:
    gotoDoor(purple_door_1, room_2, room_1)
    toggle(purple_door_1)
    gotoRoom(room_2, room_1, purple_door_1)
    gotoDoor(yellow_door_1, room_1, room_3)
    toggle(yellow_door_1)
    gotoObject(red_box_1, room_1)
    pick(red_box_1, room_1)
    gotoRoom(room_1, room_3, yellow_door_1)
    gotoEmpty
    drop(red_box_1, room_3)
    gotoObject(purple_box_1, room_3)
    pick(purple_box_1, room_3)
2026-04-01 16:35:42,465 - INFO - Seed: 980 is solvable

2026-04-01 16:35:42,465 - INFO - Unconstrained cost: 8
2026-04-01 16:35:42,465 - INFO - Constrained cost: 12
2026-04-01 16:35:42,514 - INFO - Seed: 980 Constrained plan simulation is not feasible
